"c:\projects\tools\home\projects\aaageneralprojects\jvmnotebook\clojure\perf_memory\src\build\classes;c:\projects\tools\home\projects\aaageneralprojects\jvmnotebook\clojure\perf_memory\src\clj;c:\projects\tools\home\projects\aaageneralprojects\jvmnotebook\clojure\perf_memory\lib\clojure-1.0.0.jar"
Running Test 07/29/2009
[1] START APP -- (used:0M/1M [1M,31M ])
{List} 4
{List} 5
{List} 23
{List} 1
{List} 35
{List} 3
sorted:
{List} 1
{List} 3
{List} 4
{List} 5
{List} 23
{List} 35
i-size: 3
Elapsed time: 0.560487 msecs
i-size: 9
Elapsed time: 1.7501749999999998 msecs
i-size: 27
Elapsed time: 6.92402 msecs
i-size: 81
0.358: [GC 0.358: [DefNew: 512K->63K(576K), 0.0037895 secs] 512K->206K(1984K), 0.0038452 secs]
Elapsed time: 29.35558 msecs
i-size: 243
Elapsed time: 78.61574 msecs
i-size: 729
0.704: [GC 0.704: [DefNew: 575K->63K(576K), 0.0016667 secs] 718K->296K(1984K), 0.0017177 secs]
1.040: [GC 1.040: [DefNew: 575K->50K(576K), 0.0014346 secs] 808K->313K(1984K), 0.0014853 secs]
Elapsed time: 267.63043999999996 msecs
i-size: 2187
1.380: [GC 1.380: [DefNew: 562K->63K(576K), 0.0024939 secs] 825K->541K(1984K), 0.0025457 secs]
1.724: [GC 1.724: [DefNew: 575K->37K(576K), 0.0018985 secs] 1053K->577K(1984K), 0.0019523 secs]
2.060: [GC 2.060: [DefNew: 549K->63K(576K), 0.0015821 secs] 1089K->687K(1984K), 0.0016323 secs]
2.404: [GC 2.404: [DefNew: 575K->64K(576K), 0.0025753 secs] 1199K->863K(1984K), 0.0026309 secs]
2.746: [GC 2.746: [DefNew: 576K->63K(576K), 0.0021820 secs] 1375K->936K(1984K), 0.0022354 secs]
Elapsed time: 946.6702769999999 msecs
i-size: 6561
3.092: [GC 3.092: [DefNew: 575K->61K(576K), 0.0018794 secs] 1448K->965K(1984K), 0.0019372 secs]
3.459: [GC 3.459: [DefNew: 573K->64K(576K), 0.0040389 secs] 1477K->1409K(1984K), 0.0040956 secs]
3.801: [GC 3.802: [DefNew: 576K->63K(576K), 0.0030719 secs]3.805: [Tenured: 1451K->789K(1536K), 0.0144109 secs] 1921K->789K(2112K), 0.0175891 secs]
4.156: [GC 4.156: [DefNew: 512K->63K(576K), 0.0020173 secs] 1301K->965K(1984K), 0.0020671 secs]
4.507: [GC 4.507: [DefNew: 575K->63K(576K), 0.0025617 secs] 1477K->1155K(1984K), 0.0026150 secs]
4.863: [GC 4.863: [DefNew: 575K->63K(576K), 0.0027268 secs] 1667K->1374K(1984K), 0.0027798 secs]
5.230: [GC 5.230: [DefNew: 575K->30K(576K), 0.0021669 secs] 1886K->1399K(1984K), 0.0022287 secs]
5.596: [GC 5.597: [DefNew: 542K->64K(576K), 0.0031038 secs]5.600: [Tenured: 1466K->720K(1536K), 0.0153337 secs] 1911K->720K(2112K), 0.0185403 secs]
6.077: [GC 6.077: [DefNew: 512K->64K(576K), 0.0027382 secs] 1232K->904K(1984K), 0.0028026 secs]
6.442: [GC 6.443: [DefNew: 576K->25K(576K), 0.0018288 secs] 1416K->915K(1984K), 0.0018815 secs]
6.732: [GC 6.732: [DefNew: 537K->63K(576K), 0.0038999 secs] 1427K->1322K(1984K), 0.0039568 secs]
7.081: [GC 7.081: [DefNew: 575K->64K(576K), 0.0035785 secs]7.084: [Tenured: 1440K->568K(1536K), 0.0136746 secs] 1834K->568K(2112K), 0.0174165 secs]
7.443: [GC 7.443: [DefNew: 512K->63K(576K), 0.0013477 secs] 1080K->631K(1984K), 0.0013992 secs]
7.819: [GC 7.820: [DefNew: 575K->64K(576K), 0.0031155 secs] 1143K->886K(1984K), 0.0031753 secs]
8.169: [GC 8.169: [DefNew: 576K->34K(576K), 0.0023156 secs] 1398K->907K(1984K), 0.0023744 secs]
8.544: [GC 8.544: [DefNew: 546K->63K(576K), 0.0026366 secs] 1419K->957K(1984K), 0.0026970 secs]
8.894: [GC 8.894: [DefNew: 575K->63K(576K), 0.0022832 secs] 1469K->1089K(1984K), 0.0023358 secs]
9.250: [GC 9.250: [DefNew: 575K->63K(576K), 0.0024556 secs] 1601K->1180K(1984K), 0.0025126 secs]
9.618: [GC 9.618: [DefNew: 575K->62K(576K), 0.0023426 secs] 1692K->1215K(1984K), 0.0023957 secs]
Elapsed time: 3306.4433209999997 msecs
i-size: 19683
9.949: [GC 9.949: [DefNew: 574K->64K(576K), 0.0032186 secs]9.952: [Tenured: 1412K->200K(1536K), 0.0148486 secs] 1727K->200K(2112K), 0.0181757 secs]
10.309: [GC 10.309: [DefNew: 423K->64K(576K), 0.0030590 secs] 624K->504K(1984K), 0.0031178 secs]
10.595: [GC 10.596: [DefNew: 576K->64K(576K), 0.0043292 secs] 1016K->1016K(1984K), 0.0043836 secs]
10.951: [GC 10.951: [DefNew: 576K->64K(576K), 0.0032977 secs] 1528K->1278K(1984K), 0.0033586 secs]
11.306: [GC 11.306: [DefNew: 576K->63K(576K), 0.0037234 secs]11.309: [Tenured: 1430K->1426K(1536K), 0.0202522 secs] 1790K->1426K(2112K), 0.0241031 secs]
11.711: [GC 11.711: [DefNew: 512K->64K(576K), 0.0030006 secs] 1938K->1630K(2956K), 0.0030555 secs]
12.046: [GC 12.046: [DefNew: 576K->43K(576K), 0.0023674 secs] 2142K->1665K(2956K), 0.0024266 secs]
12.399: [GC 12.399: [DefNew: 555K->64K(576K), 0.0034717 secs] 2177K->1855K(2956K), 0.0035312 secs]
12.791: [GC 12.791: [DefNew: 576K->63K(576K), 0.0033483 secs] 2367K->1978K(2956K), 0.0034032 secs]
13.147: [GC 13.147: [DefNew: 575K->63K(576K), 0.0035552 secs] 2490K->2047K(2956K), 0.0036170 secs]
13.506: [GC 13.506: [DefNew: 575K->64K(576K), 0.0030594 secs] 2559K->2080K(2956K), 0.0031179 secs]
13.843: [GC 13.843: [DefNew: 576K->63K(576K), 0.0051997 secs]13.848: [Tenured: 2494K->1464K(2508K), 0.0205112 secs] 2592K->1464K(3084K), 0.0257974 secs]
14.233: [GC 14.233: [DefNew: 512K->63K(576K), 0.0047303 secs] 1976K->1841K(3084K), 0.0047907 secs]
14.631: [GC 14.631: [DefNew: 575K->63K(576K), 0.0037480 secs] 2353K->1907K(3084K), 0.0038053 secs]
14.983: [GC 14.983: [DefNew: 575K->43K(576K), 0.0025714 secs] 2419K->1918K(3084K), 0.0026300 secs]
15.336: [GC 15.336: [DefNew: 555K->64K(576K), 0.0036961 secs] 2430K->2030K(3084K), 0.0037560 secs]
15.682: [GC 15.682: [DefNew: 576K->63K(576K), 0.0038390 secs] 2542K->2164K(3084K), 0.0038969 secs]
16.022: [GC 16.022: [DefNew: 575K->48K(576K), 0.0035821 secs] 2676K->2202K(3084K), 0.0036379 secs]
16.380: [GC 16.380: [DefNew: 560K->63K(576K), 0.0036114 secs] 2714K->2379K(3084K), 0.0036678 secs]
16.722: [GC 16.722: [DefNew: 575K->31K(576K), 0.0030395 secs] 2891K->2396K(3084K), 0.0030938 secs]
17.063: [GC 17.063: [DefNew: 543K->63K(576K), 0.0041633 secs] 2908K->2522K(3084K), 0.0042266 secs]
17.439: [GC 17.439: [DefNew: 575K->63K(576K), 0.0058213 secs]17.445: [Tenured: 2843K->1864K(2892K), 0.0251241 secs] 3034K->1864K(3468K), 0.0310477 secs]
17.862: [GC 17.862: [DefNew: 512K->62K(576K), 0.0036785 secs] 2376K->1926K(3684K), 0.0037327 secs]
18.204: [GC 18.204: [DefNew: 574K->64K(576K), 0.0036736 secs] 2438K->2133K(3684K), 0.0037298 secs]
18.550: [GC 18.550: [DefNew: 576K->59K(576K), 0.0031102 secs] 2645K->2180K(3684K), 0.0031659 secs]
18.888: [GC 18.888: [DefNew: 571K->63K(576K), 0.0033054 secs] 2692K->2215K(3684K), 0.0033610 secs]
19.230: [GC 19.230: [DefNew: 575K->64K(576K), 0.0040373 secs] 2727K->2312K(3684K), 0.0040932 secs]
19.576: [GC 19.576: [DefNew: 576K->29K(576K), 0.0038297 secs] 2824K->2329K(3684K), 0.0038867 secs]
19.905: [GC 19.905: [DefNew: 541K->63K(576K), 0.0045524 secs] 2841K->2503K(3684K), 0.0046095 secs]
20.252: [GC 20.252: [DefNew: 575K->50K(576K), 0.0031903 secs] 3015K->2554K(3684K), 0.0032468 secs]
20.544: [GC 20.544: [DefNew: 562K->64K(576K), 0.0044046 secs] 3066K->2839K(3684K), 0.0044626 secs]
20.843: [GC 20.843: [DefNew: 576K->63K(576K), 0.0051008 secs]20.848: [Tenured: 3141K->332K(3236K), 0.0148765 secs] 3351K->332K(3812K), 0.0200824 secs]
21.182: [GC 21.182: [DefNew: 512K->64K(576K), 0.0054556 secs] 844K->775K(3684K), 0.0055177 secs]
21.592: [GC 21.593: [DefNew: 576K->64K(576K), 0.0065421 secs] 1287K->1286K(3684K), 0.0066005 secs]
21.938: [GC 21.938: [DefNew: 576K->63K(576K), 0.0031956 secs] 1798K->1461K(3684K), 0.0032523 secs]
22.289: [GC 22.289: [DefNew: 575K->63K(576K), 0.0033676 secs] 1973K->1594K(3684K), 0.0034272 secs]
22.639: [GC 22.639: [DefNew: 575K->64K(576K), 0.0037834 secs] 2106K->1793K(3684K), 0.0038400 secs]
22.980: [GC 22.980: [DefNew: 576K->64K(576K), 0.0048358 secs] 2305K->2124K(3684K), 0.0048915 secs]
23.321: [GC 23.321: [DefNew: 576K->63K(576K), 0.0039856 secs] 2636K->2227K(3684K), 0.0040433 secs]
23.663: [GC 23.663: [DefNew: 575K->56K(576K), 0.0038203 secs] 2739K->2244K(3684K), 0.0038812 secs]
24.005: [GC 24.005: [DefNew: 568K->63K(576K), 0.0044614 secs] 2756K->2366K(3684K), 0.0045179 secs]
24.393: [GC 24.393: [DefNew: 575K->51K(576K), 0.0032671 secs] 2878K->2402K(3684K), 0.0033235 secs]
24.734: [GC 24.734: [DefNew: 563K->64K(576K), 0.0036687 secs] 2914K->2500K(3684K), 0.0037276 secs]
25.087: [GC 25.087: [DefNew: 576K->63K(576K), 0.0059875 secs] 3012K->2983K(3684K), 0.0060471 secs]
25.441: [GC 25.441: [DefNew: 575K->63K(576K), 0.0045757 secs] 3495K->3144K(3684K), 0.0046322 secs]
25.773: [GC 25.773: [DefNew: 575K->63K(576K), 0.0042253 secs]25.777: [Tenured: 3133K->1649K(3236K), 0.0218804 secs] 3656K->1649K(3812K), 0.0262081 secs]
26.168: [GC 26.168: [DefNew: 512K->63K(576K), 0.0031284 secs] 2161K->1828K(3684K), 0.0031851 secs]
26.558: [GC 26.558: [DefNew: 575K->63K(576K), 0.0032400 secs] 2340K->1917K(3684K), 0.0032969 secs]
26.911: [GC 26.911: [DefNew: 575K->63K(576K), 0.0045790 secs] 2429K->2145K(3684K), 0.0046437 secs]
27.332: [GC 27.332: [DefNew: 575K->63K(576K), 0.0052783 secs] 2657K->2480K(3684K), 0.0053357 secs]
27.695: [GC 27.695: [DefNew: 575K->50K(576K), 0.0041020 secs] 2992K->2519K(3684K), 0.0041616 secs]
28.058: [GC 28.058: [DefNew: 562K->38K(576K), 0.0038889 secs] 3031K->2541K(3684K), 0.0039467 secs]
28.396: [GC 28.396: [DefNew: 550K->64K(576K), 0.0033027 secs] 3053K->2639K(3684K), 0.0033600 secs]
28.738: [GC 28.738: [DefNew: 576K->64K(576K), 0.0040067 secs] 3151K->2798K(3684K), 0.0040626 secs]
29.082: [GC 29.082: [DefNew: 576K->63K(576K), 0.0041248 secs] 3310K->2902K(3684K), 0.0041835 secs]
29.437: [GC 29.437: [DefNew: 575K->63K(576K), 0.0054894 secs]29.442: [Tenured: 3150K->2297K(3236K), 0.0256462 secs] 3414K->2297K(3812K), 0.0312463 secs]
29.823: [GC 29.823: [DefNew: 512K->51K(576K), 0.0039931 secs] 2809K->2349K(4408K), 0.0040556 secs]
30.216: [GC 30.216: [DefNew: 563K->63K(576K), 0.0047137 secs] 2861K->2438K(4408K), 0.0047695 secs]
30.556: [GC 30.556: [DefNew: 575K->63K(576K), 0.0037874 secs] 2950K->2557K(4408K), 0.0038446 secs]
30.897: [GC 30.897: [DefNew: 575K->48K(576K), 0.0037780 secs] 3069K->2594K(4408K), 0.0038347 secs]
31.224: [GC 31.224: [DefNew: 560K->63K(576K), 0.0046212 secs] 3106K->2770K(4408K), 0.0046782 secs]
31.567: [GC 31.567: [DefNew: 575K->33K(576K), 0.0040212 secs] 3282K->2788K(4408K), 0.0040786 secs]
31.848: [GC 31.848: [DefNew: 507K->63K(576K), 0.0057713 secs] 3262K->3165K(4408K), 0.0058313 secs]
Elapsed time: 11346.200502 msecs
i-size: 59049
32.137: [GC 32.137: [DefNew: 573K->64K(576K), 0.0063561 secs] 3675K->3575K(4408K), 0.0064154 secs]
32.395: [GC 32.395: [DefNew: 576K->64K(576K), 0.0060828 secs]32.401: [Tenured: 3859K->603K(3960K), 0.0170493 secs] 4087K->603K(4536K), 0.0232345 secs]
32.718: [GC 32.718: [DefNew: 422K->64K(576K), 0.0034639 secs] 1026K->1023K(4408K), 0.0035236 secs]
33.067: [GC 33.067: [DefNew: 576K->64K(576K), 0.0041422 secs] 1535K->1535K(4408K), 0.0041996 secs]
33.189: [GC 33.189: [DefNew: 576K->63K(576K), 0.0036595 secs] 2047K->2046K(4408K), 0.0037158 secs]
33.527: [GC 33.527: [DefNew: 575K->63K(576K), 0.0050687 secs] 2558K->2557K(4408K), 0.0051271 secs]
33.868: [GC 33.868: [DefNew: 575K->63K(576K), 0.0053434 secs] 3069K->3067K(4408K), 0.0054016 secs]
34.206: [GC 34.206: [DefNew: 575K->63K(576K), 0.0058276 secs] 3579K->3578K(4408K), 0.0058908 secs]
34.545: [GC 34.545: [DefNew: 575K->63K(576K), 0.0048923 secs] 4090K->3869K(4408K), 0.0049500 secs]
34.882: [GC 34.882: [DefNew: 575K->64K(576K), 0.0044495 secs]34.887: [Tenured: 3951K->3530K(3960K), 0.0346369 secs] 4381K->3530K(4536K), 0.0392122 secs]
35.277: [GC 35.277: [DefNew: 512K->63K(576K), 0.0044154 secs] 4042K->3639K(6464K), 0.0044748 secs]
35.621: [GC 35.621: [DefNew: 575K->63K(576K), 0.0045240 secs] 4151K->3719K(6464K), 0.0045811 secs]
35.968: [GC 35.968: [DefNew: 575K->64K(576K), 0.0042903 secs] 4231K->3819K(6464K), 0.0043469 secs]
36.325: [GC 36.325: [DefNew: 576K->64K(576K), 0.0045442 secs] 4331K->3906K(6464K), 0.0046015 secs]
36.689: [GC 36.689: [DefNew: 576K->23K(576K), 0.0043622 secs] 4418K->3929K(6464K), 0.0044199 secs]
37.027: [GC 37.027: [DefNew: 535K->63K(576K), 0.0067821 secs] 4441K->4374K(6464K), 0.0068400 secs]
37.388: [GC 37.388: [DefNew: 575K->63K(576K), 0.0056884 secs] 4886K->4505K(6464K), 0.0057451 secs]
37.724: [GC 37.724: [DefNew: 575K->43K(576K), 0.0055642 secs] 5017K->4530K(6464K), 0.0056214 secs]
38.065: [GC 38.065: [DefNew: 555K->63K(576K), 0.0079438 secs] 5042K->4944K(6464K), 0.0080012 secs]
38.422: [GC 38.422: [DefNew: 575K->63K(576K), 0.0071389 secs] 5456K->5109K(6464K), 0.0072013 secs]
38.769: [GC 38.769: [DefNew: 575K->63K(576K), 0.0072413 secs] 5621K->5200K(6464K), 0.0072985 secs]
39.106: [GC 39.106: [DefNew: 575K->63K(576K), 0.0058873 secs] 5712K->5312K(6464K), 0.0059534 secs]
39.471: [GC 39.471: [DefNew: 575K->64K(576K), 0.0068459 secs] 5824K->5527K(6464K), 0.0069065 secs]
39.836: [GC 39.836: [DefNew: 576K->63K(576K), 0.0061388 secs] 6039K->5581K(6464K), 0.0061959 secs]
40.180: [GC 40.180: [DefNew: 575K->63K(576K), 0.0064287 secs] 6093K->5630K(6464K), 0.0064867 secs]
40.525: [GC 40.525: [DefNew: 575K->64K(576K), 0.0067548 secs] 6142K->5698K(6464K), 0.0068119 secs]
40.854: [GC 40.854: [DefNew: 576K->63K(576K), 0.0068873 secs] 6210K->5769K(6464K), 0.0069443 secs]
41.207: [GC 41.207: [DefNew: 575K->64K(576K), 0.0081995 secs]41.215: [Tenured: 5890K->4052K(6016K), 0.0364349 secs] 6281K->4052K(6592K), 0.0447584 secs]
41.625: [GC 41.625: [DefNew: 512K->63K(576K), 0.0074100 secs] 4564K->4147K(7332K), 0.0074685 secs]
41.976: [GC 41.976: [DefNew: 575K->63K(576K), 0.0095684 secs] 4659K->4596K(7332K), 0.0096261 secs]
42.326: [GC 42.326: [DefNew: 575K->63K(576K), 0.0105690 secs] 5108K->5067K(7332K), 0.0106281 secs]
42.674: [GC 42.674: [DefNew: 575K->63K(576K), 0.0080957 secs] 5579K->5578K(7332K), 0.0081545 secs]
43.007: [GC 43.007: [DefNew: 575K->64K(576K), 0.0062889 secs] 6090K->5695K(7332K), 0.0063470 secs]
43.347: [GC 43.347: [DefNew: 576K->63K(576K), 0.0076127 secs] 6207K->6030K(7332K), 0.0076702 secs]
43.695: [GC 43.695: [DefNew: 575K->63K(576K), 0.0090008 secs] 6542K->6540K(7332K), 0.0090582 secs]
44.055: [GC 44.055: [DefNew: 575K->63K(576K), 0.0093691 secs]44.065: [Tenured: 6987K->5532K(7012K), 0.0449257 secs] 7052K->5532K(7588K), 0.0544237 secs]
44.620: [GC 44.620: [DefNew: 704K->63K(768K), 0.0098892 secs] 6236K->6235K(9992K), 0.0099467 secs]
45.129: [GC 45.129: [DefNew: 767K->63K(768K), 0.0111637 secs] 6939K->6937K(9992K), 0.0112224 secs]
45.617: [GC 45.617: [DefNew: 767K->63K(768K), 0.0098406 secs] 7641K->7355K(9992K), 0.0098984 secs]
46.086: [GC 46.086: [DefNew: 767K->40K(768K), 0.0080164 secs] 8059K->7387K(9992K), 0.0080744 secs]
46.555: [GC 46.555: [DefNew: 744K->63K(768K), 0.0072320 secs] 8091K->7441K(9992K), 0.0072897 secs]
47.029: [GC 47.029: [DefNew: 767K->63K(768K), 0.0089954 secs] 8145K->7719K(9992K), 0.0090549 secs]
47.508: [GC 47.508: [DefNew: 767K->64K(768K), 0.0082419 secs] 8423K->7766K(9992K), 0.0082996 secs]
47.991: [GC 47.991: [DefNew: 768K->63K(768K), 0.0101966 secs] 8470K->8149K(9992K), 0.0102558 secs]
48.464: [GC 48.464: [DefNew: 767K->63K(768K), 0.0085465 secs] 8853K->8235K(9992K), 0.0086032 secs]
48.943: [GC 48.943: [DefNew: 767K->63K(768K), 0.0090057 secs] 8939K->8285K(9992K), 0.0090639 secs]
49.400: [GC 49.400: [DefNew: 767K->64K(768K), 0.0108840 secs] 8989K->8610K(9992K), 0.0109419 secs]
49.892: [GC 49.892: [DefNew: 768K->64K(768K), 0.0103925 secs] 9314K->8724K(9992K), 0.0104503 secs]
50.354: [GC 50.354: [DefNew: 768K->64K(768K), 0.0123792 secs] 9428K->9129K(9992K), 0.0124400 secs]
50.847: [GC 50.847: [DefNew: 768K->62K(768K), 0.0114181 secs] 9833K->9177K(9992K), 0.0114755 secs]
51.319: [GC 51.319: [DefNew: 766K->58K(768K), 0.0113266 secs] 9881K->9201K(9992K), 0.0113836 secs]
51.792: [GC 51.792: [DefNew: 760K->63K(768K), 0.0090665 secs] 9903K->9271K(9992K), 0.0091254 secs]
52.296: [GC 52.296: [DefNew: 767K->64K(768K), 0.0140748 secs]52.310: [Tenured: 9887K->6859K(9992K), 0.0628608 secs] 9975K->6859K(10760K), 0.0770495 secs]
53.037: [GC 53.037: [DefNew: 832K->63K(896K), 0.0128297 secs] 7691K->7450K(12332K), 0.0128884 secs]
53.650: [GC 53.650: [DefNew: 895K->55K(896K), 0.0102361 secs] 8282K->7493K(12332K), 0.0102943 secs]
54.200: [GC 54.200: [DefNew: 887K->64K(896K), 0.0123318 secs] 8325K->7869K(12332K), 0.0123916 secs]
54.807: [GC 54.807: [DefNew: 896K->63K(896K), 0.0121040 secs] 8701K->7932K(12332K), 0.0121655 secs]
55.488: [GC 55.488: [DefNew: 895K->63K(896K), 0.0120227 secs] 8764K->7994K(12332K), 0.0120810 secs]
56.114: [GC 56.114: [DefNew: 895K->64K(896K), 0.0131255 secs] 8826K->8137K(12332K), 0.0132723 secs]
56.689: [GC 56.689: [DefNew: 896K->63K(896K), 0.0133923 secs] 8969K->8363K(12332K), 0.0134510 secs]
57.269: [GC 57.270: [DefNew: 895K->63K(896K), 0.0132970 secs] 9195K->8451K(12332K), 0.0133591 secs]
57.843: [GC 57.843: [DefNew: 895K->63K(896K), 0.0150783 secs] 9283K->8839K(12332K), 0.0151354 secs]
58.417: [GC 58.417: [DefNew: 895K->63K(896K), 0.0100052 secs] 9671K->8966K(12332K), 0.0100639 secs]
58.960: [GC 58.960: [DefNew: 895K->63K(896K), 0.0113521 secs] 9798K->9295K(12332K), 0.0114106 secs]
59.531: [GC 59.531: [DefNew: 895K->63K(896K), 0.0112205 secs] 10127K->9486K(12332K), 0.0112812 secs]
60.102: [GC 60.102: [DefNew: 895K->63K(896K), 0.0123480 secs] 10318K->9828K(12332K), 0.0124047 secs]
60.696: [GC 60.696: [DefNew: 895K->64K(896K), 0.0121176 secs] 10660K->10030K(12332K), 0.0121755 secs]
61.282: [GC 61.283: [DefNew: 896K->64K(896K), 0.0123126 secs] 10862K->10119K(12332K), 0.0123703 secs]
61.894: [GC 61.894: [DefNew: 896K->64K(896K), 0.0144457 secs] 10951K->10405K(12332K), 0.0145116 secs]
62.520: [GC 62.520: [DefNew: 896K->63K(896K), 0.0139138 secs] 11237K->10550K(12332K), 0.0139713 secs]
63.097: [GC 63.097: [DefNew: 895K->64K(896K), 0.0142266 secs] 11382K->10799K(12332K), 0.0142848 secs]
63.662: [GC 63.662: [DefNew: 896K->63K(896K), 0.0146067 secs] 11631K->10950K(12332K), 0.0146662 secs]
64.225: [GC 64.225: [DefNew: 895K->63K(896K), 0.0202282 secs]64.245: [Tenured: 11634K->5950K(11692K), 0.0756614 secs] 11782K->5950K(12588K), 0.0960087 secs]
65.017: [GC 65.017: [DefNew: 832K->63K(896K), 0.0181872 secs] 6782K->6585K(12332K), 0.0182783 secs]
65.887: [GC 65.888: [DefNew: 895K->64K(896K), 0.0089522 secs] 7417K->6698K(12332K), 0.0090122 secs]
66.542: [GC 66.542: [DefNew: 896K->64K(896K), 0.0093154 secs] 7530K->6856K(12332K), 0.0093736 secs]
67.142: [GC 67.142: [DefNew: 896K->63K(896K), 0.0101110 secs] 7688K->6996K(12332K), 0.0101726 secs]
67.745: [GC 67.745: [DefNew: 895K->63K(896K), 0.0099746 secs] 7828K->7074K(12332K), 0.0100328 secs]
68.377: [GC 68.377: [DefNew: 895K->63K(896K), 0.0108926 secs] 7906K->7180K(12332K), 0.0109552 secs]
68.849: [GC 68.849: [DefNew: 895K->63K(896K), 0.0138993 secs] 8012K->7985K(12332K), 0.0139571 secs]
69.307: [GC 69.307: [DefNew: 895K->63K(896K), 0.0140248 secs] 8817K->8816K(12332K), 0.0140825 secs]
69.868: [GC 69.868: [DefNew: 895K->63K(896K), 0.0156247 secs] 9648K->9647K(12332K), 0.0156842 secs]
70.602: [GC 70.602: [DefNew: 835K->63K(896K), 0.0146383 secs] 10418K->10212K(12332K), 0.0147178 secs]
71.077: [GC 71.077: [DefNew: 895K->64K(896K), 0.0154492 secs] 11044K->10891K(12332K), 0.0155095 secs]
71.445: [GC 71.445: [DefNew: 896K->64K(896K), 0.0161234 secs]71.461: [Tenured: 11658K->1880K(11692K), 0.0381898 secs] 11723K->1880K(12588K), 0.0544363 secs]
72.251: [GC 72.251: [DefNew: 832K->63K(896K), 0.0169410 secs] 2712K->2710K(12332K), 0.0170013 secs]
73.127: [GC 73.127: [DefNew: 895K->63K(896K), 0.0158630 secs] 3542K->3275K(12332K), 0.0159210 secs]
73.677: [GC 73.677: [DefNew: 895K->63K(896K), 0.0145072 secs] 4107K->3513K(12332K), 0.0145658 secs]
74.238: [GC 74.238: [DefNew: 895K->63K(896K), 0.0150583 secs] 4345K->3754K(12332K), 0.0151230 secs]
74.805: [GC 74.805: [DefNew: 895K->63K(896K), 0.0071395 secs] 4586K->3887K(12332K), 0.0071989 secs]
75.363: [GC 75.363: [DefNew: 895K->63K(896K), 0.0095956 secs] 4719K->4385K(12332K), 0.0096541 secs]
75.946: [GC 75.946: [DefNew: 895K->63K(896K), 0.0084794 secs] 5217K->4616K(12332K), 0.0085363 secs]
76.495: [GC 76.495: [DefNew: 895K->61K(896K), 0.0080355 secs] 5448K->4673K(12332K), 0.0080929 secs]
77.052: [GC 77.052: [DefNew: 893K->64K(896K), 0.0084441 secs] 5505K->4721K(12332K), 0.0085026 secs]
77.641: [GC 77.641: [DefNew: 896K->63K(896K), 0.0100111 secs] 5553K->4865K(12332K), 0.0101028 secs]
78.215: [GC 78.215: [DefNew: 895K->63K(896K), 0.0097898 secs] 5697K->5015K(12332K), 0.0098492 secs]
78.754: [GC 78.754: [DefNew: 895K->63K(896K), 0.0131440 secs] 5847K->5782K(12332K), 0.0132016 secs]
79.324: [GC 79.324: [DefNew: 895K->63K(896K), 0.0140841 secs] 6614K->6613K(12332K), 0.0141420 secs]
79.882: [GC 79.882: [DefNew: 895K->63K(896K), 0.0146557 secs] 7445K->7444K(12332K), 0.0147132 secs]
80.445: [GC 80.445: [DefNew: 895K->64K(896K), 0.0147360 secs] 8276K->8153K(12332K), 0.0147938 secs]
80.993: [GC 80.993: [DefNew: 896K->63K(896K), 0.0116842 secs] 8985K->8228K(12332K), 0.0117411 secs]
81.552: [GC 81.552: [DefNew: 895K->64K(896K), 0.0121036 secs] 9060K->8283K(12332K), 0.0121618 secs]
82.132: [GC 82.132: [DefNew: 896K->63K(896K), 0.0157533 secs] 9115K->8913K(12332K), 0.0158120 secs]
82.738: [GC 82.738: [DefNew: 895K->63K(896K), 0.0130725 secs] 9745K->8988K(12332K), 0.0131308 secs]
83.292: [GC 83.292: [DefNew: 895K->63K(896K), 0.0138978 secs] 9820K->9135K(12332K), 0.0139566 secs]
83.848: [GC 83.848: [DefNew: 895K->63K(896K), 0.0138401 secs] 9967K->9261K(12332K), 0.0138981 secs]
84.452: [GC 84.452: [DefNew: 895K->64K(896K), 0.0127575 secs] 10093K->9705K(12332K), 0.0128192 secs]
85.069: [GC 85.069: [DefNew: 896K->63K(896K), 0.0102763 secs] 10537K->9757K(12332K), 0.0103850 secs]
85.700: [GC 85.700: [DefNew: 895K->64K(896K), 0.0126325 secs] 10589K->10036K(12332K), 0.0126915 secs]
86.328: [GC 86.329: [DefNew: 896K->63K(896K), 0.0126804 secs] 10868K->10289K(12332K), 0.0127412 secs]
86.934: [GC 86.934: [DefNew: 895K->63K(896K), 0.0134669 secs] 11121K->10484K(12332K), 0.0135309 secs]
87.538: [GC 87.538: [DefNew: 895K->49K(896K), 0.0123661 secs] 11316K->10520K(12332K), 0.0124274 secs]
88.154: [GC 88.154: [DefNew: 881K->63K(896K), 0.0165471 secs] 11352K->11225K(12332K), 0.0166082 secs]
88.852: [GC 88.852: [DefNew: 895K->63K(896K), 0.0162198 secs]88.868: [Tenured: 11655K->6178K(11692K), 0.0725775 secs] 12057K->6178K(12588K), 0.0889199 secs]
89.634: [GC 89.634: [DefNew: 832K->63K(896K), 0.0134197 secs] 7010K->6307K(12332K), 0.0134767 secs]
90.354: [GC 90.354: [DefNew: 895K->64K(896K), 0.0146871 secs] 7139K->6470K(12332K), 0.0147443 secs]
90.978: [GC 90.978: [DefNew: 896K->63K(896K), 0.0143185 secs] 7302K->6567K(12332K), 0.0143778 secs]
91.597: [GC 91.597: [DefNew: 895K->64K(896K), 0.0153415 secs] 7399K->6637K(12332K), 0.0153997 secs]
92.183: [GC 92.183: [DefNew: 896K->63K(896K), 0.0175514 secs] 7469K->7199K(12332K), 0.0176095 secs]
92.772: [GC 92.772: [DefNew: 895K->64K(896K), 0.0101125 secs] 8031K->7425K(12332K), 0.0101720 secs]
93.344: [GC 93.345: [DefNew: 896K->63K(896K), 0.0098517 secs] 8257K->7573K(12332K), 0.0099097 secs]
93.955: [GC 93.955: [DefNew: 895K->64K(896K), 0.0113565 secs] 8405K->7741K(12332K), 0.0114181 secs]
94.549: [GC 94.549: [DefNew: 896K->63K(896K), 0.0112946 secs] 8573K->7938K(12332K), 0.0113549 secs]
95.143: [GC 95.143: [DefNew: 895K->63K(896K), 0.0114934 secs] 8770K->8124K(12332K), 0.0115512 secs]
95.670: [GC 95.670: [DefNew: 895K->63K(896K), 0.0132008 secs] 8956K->8592K(12332K), 0.0132584 secs]
96.291: [GC 96.291: [DefNew: 895K->64K(896K), 0.0153846 secs] 9424K->9423K(12332K), 0.0154425 secs]
96.889: [GC 96.889: [DefNew: 896K->63K(896K), 0.0140861 secs] 10255K->9663K(12332K), 0.0141586 secs]
97.462: [GC 97.463: [DefNew: 895K->63K(896K), 0.0126262 secs] 10495K->9722K(12332K), 0.0126854 secs]
98.030: [GC 98.030: [DefNew: 895K->63K(896K), 0.0138132 secs] 10554K->10016K(12332K), 0.0138762 secs]
98.601: [GC 98.601: [DefNew: 895K->64K(896K), 0.0129448 secs] 10848K->10093K(12332K), 0.0130017 secs]
99.163: [GC 99.163: [DefNew: 896K->63K(896K), 0.0140833 secs] 10925K->10157K(12332K), 0.0141433 secs]
99.747: [GC 99.747: [DefNew: 895K->63K(896K), 0.0158975 secs] 10989K->10598K(12332K), 0.0159553 secs]
100.346: [GC 100.346: [DefNew: 895K->63K(896K), 0.0144486 secs] 11430K->10688K(12332K), 0.0145066 secs]
100.918: [GC 100.918: [DefNew: 895K->64K(896K), 0.0176150 secs] 11520K->11307K(12332K), 0.0176740 secs]
101.496: [GC 101.496: [DefNew: 896K->63K(896K), 0.0151168 secs] 12139K->11357K(12332K), 0.0151753 secs]
102.064: [GC 102.064: [DefNew: 895K->63K(896K), 0.0112892 secs] 12189K->11446K(12332K), 0.0113469 secs]
102.630: [GC 102.630: [DefNew: 895K->64K(896K), 0.0134427 secs]102.643: [Tenured: 11775K->6490K(11820K), 0.0634515 secs] 12278K->6490K(12716K), 0.0770232 secs]
103.369: [GC 103.369: [DefNew: 832K->63K(896K), 0.0122704 secs] 7322K->6676K(12332K), 0.0123386 secs]
104.035: [GC 104.035: [DefNew: 895K->63K(896K), 0.0130116 secs] 7508K->6834K(12332K), 0.0130696 secs]
104.605: [GC 104.605: [DefNew: 895K->63K(896K), 0.0141482 secs] 7666K->7101K(12332K), 0.0142065 secs]
105.178: [GC 105.178: [DefNew: 895K->63K(896K), 0.0136633 secs] 7933K->7190K(12332K), 0.0137217 secs]
105.717: [GC 105.717: [DefNew: 895K->63K(896K), 0.0150314 secs] 8022K->7512K(12332K), 0.0150893 secs]
106.240: [GC 106.240: [DefNew: 895K->64K(896K), 0.0161181 secs] 8344K->8041K(12332K), 0.0161757 secs]
106.769: [GC 106.769: [DefNew: 896K->63K(896K), 0.0159744 secs] 8873K->8468K(12332K), 0.0160315 secs]
107.220: [GC 107.220: [DefNew: 895K->63K(896K), 0.0176365 secs] 9300K->9300K(12332K), 0.0176963 secs]
Elapsed time: 37683.772034 msecs
i-size: 177147
107.734: [GC 107.734: [DefNew: 868K->63K(896K), 0.0180710 secs] 10104K->10028K(12332K), 0.0181304 secs]
108.184: [GC 108.184: [DefNew: 895K->64K(896K), 0.0184535 secs] 10860K->10614K(12332K), 0.0185151 secs]
108.535: [GC 108.535: [DefNew: 633K->64K(896K), 0.0186800 secs] 11183K->11179K(12332K), 0.0187415 secs]
108.994: [GC 108.994: [DefNew: 876K->64K(896K), 0.0192241 secs]109.014: [Tenured: 11920K->1879K(12040K), 0.0417553 secs] 11991K->1879K(12936K), 0.0611198 secs]
109.509: [GC 109.509: [DefNew: 832K->64K(896K), 0.0185878 secs] 2711K->2710K(12332K), 0.0186453 secs]
110.108: [GC 110.108: [DefNew: 444K->64K(896K), 0.0194216 secs] 3091K->3085K(12332K), 0.0194801 secs]
110.186: [GC 110.186: [DefNew: 896K->56K(896K), 0.0185443 secs] 3917K->3917K(12332K), 0.0186015 secs]
110.934: [GC 110.934: [DefNew: 888K->63K(896K), 0.0113110 secs] 4749K->4747K(12332K), 0.0113673 secs]
111.497: [GC 111.497: [DefNew: 895K->63K(896K), 0.0111733 secs] 5579K->5577K(12332K), 0.0112305 secs]
112.067: [GC 112.067: [DefNew: 895K->63K(896K), 0.0126267 secs] 6409K->6408K(12332K), 0.0127097 secs]
112.812: [GC 112.812: [DefNew: 895K->63K(896K), 0.0128899 secs] 7240K->7238K(12332K), 0.0129484 secs]
113.435: [GC 113.435: [DefNew: 895K->63K(896K), 0.0139197 secs] 8070K->8069K(12332K), 0.0139791 secs]
114.002: [GC 114.002: [DefNew: 895K->63K(896K), 0.0131729 secs] 8901K->8899K(12332K), 0.0132306 secs]
114.566: [GC 114.566: [DefNew: 895K->63K(896K), 0.0141126 secs] 9731K->9729K(12332K), 0.0141710 secs]
115.135: [GC 115.135: [DefNew: 895K->63K(896K), 0.0150510 secs] 10561K->10560K(12332K), 0.0151095 secs]
115.712: [GC 115.712: [DefNew: 895K->63K(896K), 0.0147454 secs] 11392K->11390K(12332K), 0.0148046 secs]
116.284: [GC 116.284: [DefNew: 895K->64K(896K), 0.0153088 secs]116.299: [Tenured: 12101K->11648K(12204K), 0.0902087 secs] 12222K->11648K(13100K), 0.1056972 secs]
117.422: [GC 117.422: [DefNew: 1408K->127K(1536K), 0.0143065 secs] 13056K->12205K(20952K), 0.0143645 secs]
118.373: [GC 118.373: [DefNew: 1535K->128K(1536K), 0.0139563 secs] 13613K->12444K(20952K), 0.0140142 secs]
119.313: [GC 119.313: [DefNew: 1536K->97K(1536K), 0.0139626 secs] 13852K->12516K(20952K), 0.0140207 secs]
120.328: [GC 120.328: [DefNew: 1505K->74K(1536K), 0.0148133 secs] 13924K->12561K(20952K), 0.0148722 secs]
121.390: [GC 121.390: [DefNew: 1482K->128K(1536K), 0.0173212 secs] 13969K->13085K(20952K), 0.0173797 secs]
122.366: [GC 122.366: [DefNew: 1536K->127K(1536K), 0.0213148 secs] 14493K->14075K(20952K), 0.0213714 secs]
123.352: [GC 123.352: [DefNew: 1535K->82K(1536K), 0.0168477 secs] 15483K->14118K(20952K), 0.0169050 secs]
124.312: [GC 124.312: [DefNew: 1490K->127K(1536K), 0.0184699 secs] 15526K->15037K(20952K), 0.0185283 secs]
125.300: [GC 125.300: [DefNew: 1535K->128K(1536K), 0.0170371 secs] 16445K->15409K(20952K), 0.0170964 secs]
126.319: [GC 126.319: [DefNew: 1536K->127K(1536K), 0.0161721 secs] 16817K->15614K(20952K), 0.0162299 secs]
127.236: [GC 127.236: [DefNew: 1535K->127K(1536K), 0.0171796 secs] 17022K->15898K(20952K), 0.0172383 secs]
128.198: [GC 128.198: [DefNew: 1535K->127K(1536K), 0.0178837 secs] 17306K->16192K(20952K), 0.0179423 secs]
129.158: [GC 129.158: [DefNew: 1535K->128K(1536K), 0.0187468 secs] 17600K->16461K(20952K), 0.0188114 secs]
130.007: [GC 130.007: [DefNew: 1536K->127K(1536K), 0.0185670 secs] 17869K->16571K(20952K), 0.0186334 secs]
130.042: [GC 130.042: [DefNew: 1535K->128K(1536K), 0.0198541 secs] 17979K->16963K(20952K), 0.0199121 secs]
130.069: [GC 130.069: [DefNew: 1536K->127K(1536K), 0.0222935 secs] 18371K->17814K(20952K), 0.0223523 secs]
130.096: [GC 130.096: [DefNew: 1535K->127K(1536K), 0.0194082 secs] 19222K->18078K(20952K), 0.0194663 secs]
130.120: [GC 130.120: [DefNew: 1535K->127K(1536K), 0.0186397 secs] 19486K->18168K(20952K), 0.0186979 secs]
130.145: [GC 130.145: [DefNew: 1535K->127K(1536K), 0.0209348 secs] 19576K->18682K(20952K), 0.0209977 secs]
130.170: [GC 130.170: [DefNew: 1535K->85K(1536K), 0.0183498 secs] 20090K->18733K(20952K), 0.0184091 secs]
130.193: [GC 130.193: [DefNew: 1493K->127K(1536K), 0.0202562 secs] 20141K->19200K(20952K), 0.0203127 secs]
130.219: [GC 130.219: [DefNew: 1535K->127K(1536K), 0.0251780 secs]130.244: [Tenured: 20257K->11270K(20312K), 0.0880471 secs] 20608K->11270K(21848K), 0.1133766 secs]
130.440: [GC 130.440: [DefNew: 1408K->128K(1536K), 0.0186768 secs] 12678K->11529K(20952K), 0.0187359 secs]
130.463: [GC 130.463: [DefNew: 1536K->123K(1536K), 0.0185014 secs] 12937K->11616K(20952K), 0.0185625 secs]
130.486: [GC 130.486: [DefNew: 1531K->127K(1536K), 0.0219173 secs] 13024K->12399K(20952K), 0.0219762 secs]
130.512: [GC 130.512: [DefNew: 1535K->127K(1536K), 0.0188304 secs] 13807K->12529K(20952K), 0.0188900 secs]
130.535: [GC 130.535: [DefNew: 1535K->127K(1536K), 0.0185156 secs] 13937K->12605K(20952K), 0.0185739 secs]
130.559: [GC 130.559: [DefNew: 1535K->128K(1536K), 0.0231555 secs] 14013K->13755K(20952K), 0.0232118 secs]
132.388: [GC 132.388: [DefNew: 1536K->128K(1536K), 0.0270304 secs] 15163K->15141K(20952K), 0.0270926 secs]
132.431: [GC 132.431: [DefNew: 1536K->128K(1536K), 0.0266060 secs] 16549K->16548K(20952K), 0.0266644 secs]
132.466: [GC 132.466: [DefNew: 1536K->127K(1536K), 0.0266753 secs] 17956K->17955K(20952K), 0.0267334 secs]
132.499: [GC 132.499: [DefNew: 1535K->127K(1536K), 0.0258580 secs] 19363K->19157K(20952K), 0.0259156 secs]
132.530: [GC 132.530: [DefNew: 1535K->93K(1536K), 0.0213090 secs] 20565K->19247K(20952K), 0.0213680 secs]
132.557: [GC 132.557: [DefNew: 1501K->117K(1536K), 0.0212975 secs] 20655K->19321K(20952K), 0.0213574 secs]
132.583: [GC 132.583: [DefNew: 1525K->127K(1536K), 0.0227953 secs]132.606: [Tenured: 19433K->15168K(19544K), 0.1369737 secs] 20729K->15168K(21080K), 0.1599369 secs]
132.847: [GC 132.847: [DefNew: 1728K->192K(1920K), 0.0219555 secs] 16896K->15463K(27204K), 0.0220144 secs]
132.879: [GC 132.879: [DefNew: 1920K->191K(1920K), 0.0245660 secs] 17191K->16214K(27204K), 0.0246246 secs]
132.910: [GC 132.910: [DefNew: 1919K->192K(1920K), 0.0220347 secs] 17942K->16391K(27204K), 0.0220923 secs]
132.939: [GC 132.939: [DefNew: 1920K->191K(1920K), 0.0220311 secs] 18119K->16566K(27204K), 0.0220897 secs]
132.969: [GC 132.969: [DefNew: 1919K->191K(1920K), 0.0236358 secs] 18294K->17199K(27204K), 0.0236936 secs]
132.998: [GC 132.998: [DefNew: 1919K->179K(1920K), 0.0216095 secs] 18927K->17365K(27204K), 0.0216679 secs]
133.026: [GC 133.026: [DefNew: 1907K->129K(1920K), 0.0215440 secs] 19093K->17367K(27204K), 0.0216057 secs]
133.056: [GC 133.056: [DefNew: 1857K->191K(1920K), 0.0258466 secs] 19095K->18402K(27204K), 0.0261973 secs]
133.089: [GC 133.089: [DefNew: 1919K->152K(1920K), 0.0215904 secs] 20130K->18509K(27204K), 0.0216487 secs]
133.116: [GC 133.116: [DefNew: 1880K->191K(1920K), 0.0228779 secs] 20237K->18826K(27204K), 0.0229357 secs]
133.146: [GC 133.146: [DefNew: 1919K->122K(1920K), 0.0216597 secs] 20554K->18925K(27204K), 0.0217182 secs]
133.175: [GC 133.175: [DefNew: 1850K->191K(1920K), 0.0258147 secs] 20653K->19902K(27204K), 0.0259044 secs]
133.208: [GC 133.208: [DefNew: 1919K->192K(1920K), 0.0271542 secs] 21630K->21033K(27204K), 0.0272115 secs]
133.242: [GC 133.242: [DefNew: 1920K->191K(1920K), 0.0221990 secs] 22761K->21169K(27204K), 0.0222576 secs]
133.272: [GC 133.272: [DefNew: 1919K->191K(1920K), 0.0246050 secs] 22897K->21777K(27204K), 0.0246632 secs]
133.304: [GC 133.304: [DefNew: 1919K->191K(1920K), 0.0240209 secs] 23505K->22259K(27204K), 0.0242379 secs]
133.333: [GC 133.333: [DefNew: 1919K->192K(1920K), 0.0232522 secs] 23987K->22523K(27204K), 0.0233107 secs]
133.364: [GC 133.364: [DefNew: 1920K->191K(1920K), 0.0225630 secs] 24251K->22833K(27204K), 0.0226229 secs]
133.392: [GC 133.392: [DefNew: 1919K->191K(1920K), 0.0233413 secs] 24561K->23225K(27204K), 0.0233988 secs]
133.421: [GC 133.422: [DefNew: 1919K->191K(1920K), 0.0252784 secs] 24953K->24011K(27204K), 0.0253653 secs]
133.456: [GC 133.456: [DefNew: 1919K->191K(1920K), 0.0247154 secs] 25739K->24593K(27204K), 0.0247783 secs]
133.489: [GC 133.489: [DefNew: 1919K->192K(1920K), 0.0224756 secs] 26321K->24780K(27204K), 0.0225389 secs]
133.520: [GC 133.520: [DefNew: 1920K->191K(1920K), 0.0238704 secs] 26508K->25239K(27204K), 0.0239285 secs]
133.551: [GC 133.551: [DefNew: 1919K->192K(1920K), 0.0212167 secs] 26967K->25389K(27204K), 0.0212761 secs]
133.581: [GC 133.581: [DefNew: 1920K->191K(1920K), 0.0248654 secs]133.606: [Tenured: 25916K->12763K(25924K), 0.1420490 secs] 27117K->12763K(27844K), 0.1670535 secs]
133.817: [GC 133.817: [DefNew: 1728K->191K(1920K), 0.0284029 secs] 14491K->14489K(27204K), 0.0284613 secs]
133.903: [GC 133.903: [DefNew: 1919K->191K(1920K), 0.0262668 secs] 16217K->15489K(27204K), 0.0263246 secs]
133.935: [GC 133.935: [DefNew: 1919K->191K(1920K), 0.0227557 secs] 17217K->15881K(27204K), 0.0228140 secs]
134.014: [GC 134.014: [DefNew: 1919K->192K(1920K), 0.0287301 secs] 17609K->16962K(27204K), 0.0287887 secs]
134.050: [GC 134.050: [DefNew: 1920K->191K(1920K), 0.0221866 secs] 18690K->17183K(27204K), 0.0222445 secs]
134.134: [GC 134.134: [DefNew: 1919K->191K(1920K), 0.0215031 secs] 18911K->17207K(27204K), 0.0215621 secs]
134.182: [GC 134.183: [DefNew: 1919K->191K(1920K), 0.0231002 secs] 18935K->17534K(27204K), 0.0231592 secs]
134.212: [GC 134.212: [DefNew: 1919K->192K(1920K), 0.0221893 secs] 19262K->17730K(27204K), 0.0222507 secs]
134.240: [GC 134.240: [DefNew: 1920K->191K(1920K), 0.0222254 secs] 19458K->17921K(27204K), 0.0222825 secs]
134.310: [GC 134.310: [DefNew: 1919K->67K(1920K), 0.0210325 secs] 19649K->17869K(27204K), 0.0210913 secs]
134.337: [GC 134.337: [DefNew: 1795K->191K(1920K), 0.0233819 secs] 19597K->18472K(27204K), 0.0234625 secs]
134.407: [GC 134.407: [DefNew: 1919K->191K(1920K), 0.0274358 secs] 20200K->19784K(27204K), 0.0274947 secs]
134.442: [GC 134.442: [DefNew: 1919K->191K(1920K), 0.0267691 secs] 21512K->20773K(27204K), 0.0268276 secs]
134.548: [GC 134.548: [DefNew: 1919K->192K(1920K), 0.0246340 secs] 22501K->21461K(27204K), 0.0246923 secs]
134.579: [GC 134.579: [DefNew: 1920K->162K(1920K), 0.0219110 secs] 23189K->21575K(27204K), 0.0219725 secs]
134.609: [GC 134.609: [DefNew: 1890K->191K(1920K), 0.0225497 secs] 23303K->21911K(27204K), 0.0226078 secs]
134.670: [GC 134.670: [DefNew: 1919K->191K(1920K), 0.0221759 secs] 23639K->22101K(27204K), 0.0222343 secs]
134.713: [GC 134.713: [DefNew: 1919K->191K(1920K), 0.0255888 secs] 23829K->23003K(27204K), 0.0256464 secs]
134.747: [GC 134.747: [DefNew: 1919K->191K(1920K), 0.0289105 secs] 24731K->24608K(27204K), 0.0289720 secs]
134.842: [GC 134.842: [DefNew: 1919K->102K(1920K), 0.0219298 secs] 26336K->24710K(27204K), 0.0219882 secs]
134.877: [GC 134.878: [DefNew: 1830K->192K(1920K), 0.0225793 secs] 26438K->25151K(27204K), 0.0226415 secs]
134.906: [GC 134.906: [DefNew: 1920K->191K(1920K), 0.0228994 secs] 26879K->25462K(27204K), 0.0229580 secs]
134.935: [GC 134.935: [DefNew: 1919K->191K(1920K), 0.0223169 secs]134.957: [Tenured: 25410K->17711K(25412K), 0.1594819 secs] 27190K->17711K(27332K), 0.1819419 secs]
135.248: [GC 135.248: [DefNew: 2112K->192K(2304K), 0.0220209 secs] 19823K->18033K(31824K), 0.0220785 secs]
135.310: [GC 135.310: [DefNew: 2304K->192K(2304K), 0.0232953 secs] 20145K->18514K(31824K), 0.0233547 secs]
135.340: [GC 135.340: [DefNew: 2304K->191K(2304K), 0.0231418 secs] 20626K->18955K(31824K), 0.0232059 secs]
135.412: [GC 135.412: [DefNew: 2303K->191K(2304K), 0.0252677 secs] 21067K->19698K(31824K), 0.0253270 secs]
135.477: [GC 135.477: [DefNew: 2303K->192K(2304K), 0.0224183 secs] 21810K->19939K(31824K), 0.0224911 secs]
135.507: [GC 135.507: [DefNew: 2304K->192K(2304K), 0.0214599 secs] 22051K->20009K(31824K), 0.0215177 secs]
135.544: [GC 135.544: [DefNew: 2304K->191K(2304K), 0.0248733 secs] 22121K->20683K(31824K), 0.0249318 secs]
135.577: [GC 135.577: [DefNew: 2303K->191K(2304K), 0.0224032 secs] 22795K->20930K(31824K), 0.0224647 secs]
135.655: [GC 135.655: [DefNew: 2176K->192K(2304K), 0.0252631 secs] 22914K->21767K(31824K), 0.0253235 secs]
135.692: [GC 135.692: [DefNew: 2304K->192K(2304K), 0.0295371 secs] 23879K->23702K(31824K), 0.0296082 secs]
135.783: [GC 135.783: [DefNew: 2304K->192K(2304K), 0.0296285 secs] 25814K->25813K(31824K), 0.0296860 secs]
135.866: [GC 135.866: [DefNew: 2304K->192K(2304K), 0.0307598 secs] 27925K->27924K(31824K), 0.0308230 secs]
135.948: [GC 135.948: [DefNew: 2095K->192K(2304K), 0.0280612 secs] 29828K->29347K(31824K), 0.0281234 secs]
135.988: [GC 135.988: [DefNew: 2234K->2234K(2304K), 0.0000162 secs]135.988: [Tenured: 29155K->2828K(29520K), 0.0605986 secs] 31390K->2828K(31824K), 0.0607032 secs]
136.203: [GC 136.203: [DefNew: 2112K->192K(2304K), 0.0282690 secs] 4940K->4939K(31824K), 0.0283275 secs]
136.243: [GC 136.243: [DefNew: 2304K->192K(2304K), 0.0311920 secs] 7051K->7050K(31824K), 0.0312502 secs]
136.288: [GC 136.288: [DefNew: 2304K->191K(2304K), 0.0312437 secs] 9162K->9161K(31824K), 0.0313027 secs]
136.329: [GC 136.329: [DefNew: 2303K->191K(2304K), 0.0319138 secs] 11273K->11271K(31824K), 0.0319722 secs]
136.372: [GC 136.372: [DefNew: 2303K->191K(2304K), 0.0316438 secs] 13383K->13382K(31824K), 0.0317045 secs]
136.413: [GC 136.413: [DefNew: 2303K->191K(2304K), 0.0277652 secs] 15494K->14714K(31824K), 0.0278236 secs]
136.450: [GC 136.450: [DefNew: 2303K->192K(2304K), 0.0236522 secs] 16826K->15217K(31824K), 0.0237119 secs]
136.486: [GC 136.486: [DefNew: 2304K->192K(2304K), 0.0222878 secs] 17329K->15464K(31824K), 0.0223495 secs]
136.521: [GC 136.521: [DefNew: 2304K->191K(2304K), 0.0252235 secs] 17576K->16213K(31824K), 0.0252834 secs]
136.559: [GC 136.559: [DefNew: 2303K->191K(2304K), 0.0234837 secs] 18325K->16687K(31824K), 0.0235429 secs]
136.591: [GC 136.591: [DefNew: 2303K->191K(2304K), 0.0223122 secs] 18799K->16940K(31824K), 0.0223708 secs]
136.621: [GC 136.621: [DefNew: 2303K->122K(2304K), 0.0215808 secs] 19052K->17016K(31824K), 0.0216388 secs]
136.651: [GC 136.651: [DefNew: 2234K->191K(2304K), 0.0272855 secs] 19128K->18259K(31824K), 0.0273439 secs]
136.693: [GC 136.693: [DefNew: 2303K->159K(2304K), 0.0222246 secs] 20371K->18403K(31824K), 0.0222839 secs]
136.723: [GC 136.723: [DefNew: 2271K->191K(2304K), 0.0223277 secs] 20515K->18600K(31824K), 0.0223862 secs]
136.768: [GC 136.768: [DefNew: 2303K->191K(2304K), 0.0242522 secs] 20712K->19174K(31824K), 0.0243107 secs]
136.803: [GC 136.803: [DefNew: 2303K->191K(2304K), 0.0224796 secs] 21286K->19348K(31824K), 0.0225380 secs]
136.842: [GC 136.842: [DefNew: 2303K->191K(2304K), 0.0302349 secs] 21460K->20774K(31824K), 0.0302935 secs]
136.880: [GC 136.880: [DefNew: 2303K->191K(2304K), 0.0234446 secs] 22886K->21215K(31824K), 0.0235032 secs]
136.911: [GC 136.911: [DefNew: 2303K->192K(2304K), 0.0237796 secs] 23327K->21786K(31824K), 0.0238385 secs]
136.943: [GC 136.943: [DefNew: 2304K->191K(2304K), 0.0250792 secs] 23898K->22541K(31824K), 0.0251371 secs]
136.975: [GC 136.975: [DefNew: 2303K->191K(2304K), 0.0225598 secs] 24653K->22743K(31824K), 0.0226248 secs]
137.005: [GC 137.005: [DefNew: 2303K->192K(2304K), 0.0229529 secs] 24855K->23043K(31824K), 0.0230150 secs]
137.036: [GC 137.036: [DefNew: 2304K->191K(2304K), 0.0255921 secs] 25155K->23759K(31824K), 0.0256501 secs]
137.068: [GC 137.068: [DefNew: 2303K->179K(2304K), 0.0220363 secs] 25871K->23875K(31824K), 0.0220947 secs]
137.098: [GC 137.098: [DefNew: 2291K->191K(2304K), 0.0225886 secs] 25987K->24163K(31824K), 0.0226471 secs]
137.130: [GC 137.130: [DefNew: 2303K->191K(2304K), 0.0367944 secs] 26275K->26104K(31824K), 0.0368534 secs]
137.187: [GC 137.187: [DefNew: 2303K->153K(2304K), 0.0217871 secs] 28216K->26222K(31824K), 0.0218452 secs]
137.218: [GC 137.218: [DefNew: 2265K->191K(2304K), 0.0230510 secs] 28334K->26628K(31824K), 0.0231201 secs]
137.249: [GC 137.249: [DefNew: 2303K->191K(2304K), 0.0220199 secs] 28740K->26801K(31824K), 0.0220776 secs]
137.280: [GC 137.280: [DefNew: 2303K->191K(2304K), 0.0234078 secs] 28913K->27236K(31824K), 0.0234683 secs]
137.310: [GC 137.310: [DefNew: 2303K->191K(2304K), 0.0230798 secs] 29348K->27584K(31824K), 0.0231387 secs]
137.341: [GC 137.341: [DefNew: 2303K->191K(2304K), 0.0224701 secs] 29696K->27981K(31824K), 0.0225288 secs]
137.371: [GC 137.371: [DefNew: 2303K->192K(2304K), 0.0312606 secs]137.403: [Tenured: 29899K->11489K(29904K), 0.1105634 secs] 30093K->11489K(32208K), 0.1419594 secs]
137.525: [GC 137.525: [DefNew: 2112K->191K(2304K), 0.0302123 secs] 13601K->13600K(31824K), 0.0302760 secs]
137.563: [GC 137.563: [DefNew: 2303K->191K(2304K), 0.0303222 secs] 15712K->15710K(31824K), 0.0303806 secs]
137.601: [GC 137.601: [DefNew: 2303K->191K(2304K), 0.0259707 secs] 17822K->16735K(31824K), 0.0260288 secs]
137.638: [GC 137.638: [DefNew: 2303K->192K(2304K), 0.0309735 secs] 18847K->18743K(31824K), 0.0310369 secs]
137.676: [GC 137.676: [DefNew: 2304K->191K(2304K), 0.0226715 secs] 20855K->19112K(31824K), 0.0227292 secs]
137.707: [GC 137.707: [DefNew: 2303K->191K(2304K), 0.0218509 secs] 21224K->19271K(31824K), 0.0219099 secs]
137.736: [GC 137.736: [DefNew: 2303K->191K(2304K), 0.0226467 secs] 21383K->19531K(31824K), 0.0227033 secs]
137.766: [GC 137.766: [DefNew: 2303K->156K(2304K), 0.0214333 secs] 21643K->19589K(31824K), 0.0214912 secs]
137.797: [GC 137.797: [DefNew: 2268K->191K(2304K), 0.0237237 secs] 21701K->20188K(31824K), 0.0237825 secs]
137.830: [GC 137.830: [DefNew: 2303K->192K(2304K), 0.0297047 secs] 22300K->21804K(31824K), 0.0297633 secs]
137.867: [GC 137.867: [DefNew: 2304K->191K(2304K), 0.0218759 secs] 23916K->21974K(31824K), 0.0219343 secs]
137.901: [GC 137.901: [DefNew: 2303K->191K(2304K), 0.0237133 secs] 24086K->22441K(31824K), 0.0237718 secs]
137.931: [GC 137.931: [DefNew: 2303K->191K(2304K), 0.0218555 secs] 24553K->22608K(31824K), 0.0219132 secs]
137.960: [GC 137.960: [DefNew: 2303K->191K(2304K), 0.0235357 secs] 24720K->23128K(31824K), 0.0235950 secs]
137.990: [GC 137.990: [DefNew: 2303K->192K(2304K), 0.0218097 secs] 25240K->23379K(31824K), 0.0218668 secs]
138.021: [GC 138.021: [DefNew: 2304K->192K(2304K), 0.0247858 secs] 25491K->24039K(31824K), 0.0248585 secs]
138.054: [GC 138.054: [DefNew: 2304K->192K(2304K), 0.0249412 secs] 26151K->24931K(31824K), 0.0249999 secs]
138.085: [GC 138.085: [DefNew: 2304K->192K(2304K), 0.0246362 secs] 27043K->25634K(31824K), 0.0246954 secs]
138.116: [GC 138.116: [DefNew: 2304K->191K(2304K), 0.0226098 secs] 27746K->25888K(31824K), 0.0226676 secs]
138.145: [GC 138.145: [DefNew: 2303K->191K(2304K), 0.0232768 secs] 28000K->26320K(31824K), 0.0233340 secs]
138.175: [GC 138.175: [DefNew: 2303K->180K(2304K), 0.0218810 secs] 28432K->26421K(31824K), 0.0219392 secs]
138.203: [GC 138.203: [DefNew: 2292K->191K(2304K), 0.0237349 secs] 28533K->26934K(31824K), 0.0237924 secs]
138.235: [GC 138.235: [DefNew: 2303K->192K(2304K), 0.0219851 secs] 29046K->27104K(31824K), 0.0220442 secs]
138.265: [GC 138.265: [DefNew: 2304K->191K(2304K), 0.0252773 secs] 29216K->28068K(31824K), 0.0253431 secs]
138.300: [GC 138.300: [DefNew: 2303K->191K(2304K), 0.0290135 secs]138.330: [Tenured: 29524K->12839K(29648K), 0.1430397 secs] 30180K->12839K(31952K), 0.1721558 secs]
138.484: [GC 138.484: [DefNew: 2112K->192K(2304K), 0.0232792 secs] 14951K->13505K(31824K), 0.0233407 secs]
138.515: [GC 138.515: [DefNew: 2304K->191K(2304K), 0.0244258 secs] 15617K->14263K(31824K), 0.0244856 secs]
138.547: [GC 138.547: [DefNew: 2303K->191K(2304K), 0.0233313 secs] 16375K->14798K(31824K), 0.0233929 secs]
138.577: [GC 138.577: [DefNew: 2303K->192K(2304K), 0.0243576 secs] 16910K->15306K(31824K), 0.0244166 secs]
138.608: [GC 138.608: [DefNew: 2304K->191K(2304K), 0.0233973 secs] 17418K->15794K(31824K), 0.0234550 secs]
138.648: [GC 138.648: [DefNew: 2303K->191K(2304K), 0.0222900 secs] 17906K->15992K(31824K), 0.0223496 secs]
138.678: [GC 138.678: [DefNew: 2303K->191K(2304K), 0.0286252 secs] 18104K->17502K(31824K), 0.0286834 secs]
138.718: [GC 138.718: [DefNew: 2303K->192K(2304K), 0.0242168 secs] 19614K->18071K(31824K), 0.0242767 secs]
138.752: [GC 138.752: [DefNew: 2304K->181K(2304K), 0.0218436 secs] 20183K->18207K(31824K), 0.0219038 secs]
138.781: [GC 138.781: [DefNew: 2293K->191K(2304K), 0.0220987 secs] 20319K->18388K(31824K), 0.0221572 secs]
138.810: [GC 138.810: [DefNew: 2303K->191K(2304K), 0.0226339 secs] 20500K->18695K(31824K), 0.0227005 secs]
138.846: [GC 138.846: [DefNew: 2303K->192K(2304K), 0.0235616 secs] 20807K->19099K(31824K), 0.0237373 secs]
138.878: [GC 138.878: [DefNew: 2304K->191K(2304K), 0.0260618 secs] 21211K->19511K(31824K), 0.0261592 secs]
138.911: [GC 138.911: [DefNew: 2243K->192K(2304K), 0.0237996 secs] 21562K->20059K(31824K), 0.0238619 secs]
138.942: [GC 138.942: [DefNew: 2304K->192K(2304K), 0.0253251 secs] 22171K->20942K(31824K), 0.0253850 secs]
138.974: [GC 138.974: [DefNew: 2304K->192K(2304K), 0.0225277 secs] 23054K->21268K(31824K), 0.0225879 secs]
139.003: [GC 139.003: [DefNew: 2304K->108K(2304K), 0.0206844 secs] 23380K->21255K(31824K), 0.0207454 secs]
139.035: [GC 139.035: [DefNew: 2220K->192K(2304K), 0.0277839 secs] 23367K->23151K(31824K), 0.0278485 secs]
139.066: [GC 139.066: [DefNew: 2304K->192K(2304K), 0.0309674 secs] 25263K->25262K(31824K), 0.0310330 secs]
Elapsed time: 3198.217013 msecs
(used:24M/6M [31M,31M ])
(used:24M/6M [31M,31M ])
Terminate batch job (Y/N)? 
"c:\projects\tools\home\projects\aaageneralprojects\jvmnotebook\clojure\perf_memory\src\build\classes;c:\projects\tools\home\projects\aaageneralprojects\jvmnotebook\clojure\perf_memory\src\clj;c:\projects\tools\home\projects\aaageneralprojects\jvmnotebook\clojure\perf_memory\lib\clojure-1.0.0.jar"
Running Test 07/29/2009
[1] START APP -- (used:0M/1M [1M,31M ])
{List} 4
{List} 5
{List} 23
{List} 1
{List} 35
{List} 3
sorted:
{List} 1
{List} 3
{List} 4
{List} 5
{List} 23
{List} 35
i-size: 3
Elapsed time: 0.04204 msecs
i-size: 9
Elapsed time: 0.084852 msecs
i-size: 27
Elapsed time: 0.313013 msecs
i-size: 81
0.117: [GC 0.117: [DefNew: 512K->63K(576K), 0.0035019 secs] 512K->204K(1984K), 0.0035539 secs]
Elapsed time: 5.698961 msecs
i-size: 243
Elapsed time: 0.880174 msecs
i-size: 729
0.129: [GC 0.129: [DefNew: 575K->63K(576K), 0.0011175 secs] 716K->286K(1984K), 0.0011654 secs]
0.134: [GC 0.135: [DefNew: 575K->63K(576K), 0.0009987 secs] 798K->339K(1984K), 0.0010437 secs]
Elapsed time: 4.514438999999999 msecs
i-size: 2187
0.139: [GC 0.139: [DefNew: 575K->64K(576K), 0.0012451 secs] 851K->493K(1984K), 0.0012905 secs]
0.142: [GC 0.142: [DefNew: 576K->47K(576K), 0.0008654 secs] 1005K->536K(1984K), 0.0009059 secs]
0.144: [GC 0.144: [DefNew: 559K->64K(576K), 0.0008454 secs] 1048K->651K(1984K), 0.0008853 secs]
0.146: [GC 0.146: [DefNew: 576K->63K(576K), 0.0014546 secs] 1163K->840K(1984K), 0.0014964 secs]
0.149: [GC 0.149: [DefNew: 575K->39K(576K), 0.0004904 secs] 1352K->866K(1984K), 0.0005334 secs]
Elapsed time: 6.436061 msecs
i-size: 6561
0.151: [GC 0.151: [DefNew: 551K->64K(576K), 0.0009999 secs] 1378K->1043K(1984K), 0.0010403 secs]
0.153: [GC 0.153: [DefNew: 576K->64K(576K), 0.0012866 secs] 1555K->1251K(1984K), 0.0013320 secs]
0.156: [GC 0.156: [DefNew: 576K->64K(576K), 0.0015792 secs]0.157: [Tenured: 1438K->745K(1536K), 0.0113441 secs] 1763K->745K(2112K), 0.0130173 secs]
0.170: [GC 0.170: [DefNew: 512K->64K(576K), 0.0010303 secs] 1257K->955K(1984K), 0.0010756 secs]
0.173: [GC 0.173: [DefNew: 576K->45K(576K), 0.0004531 secs] 1467K->984K(1984K), 0.0004927 secs]
0.174: [GC 0.174: [DefNew: 557K->63K(576K), 0.0004918 secs] 1496K->1038K(1984K), 0.0005307 secs]
0.176: [GC 0.176: [DefNew: 575K->63K(576K), 0.0016341 secs] 1550K->1314K(1984K), 0.0016811 secs]
0.179: [GC 0.179: [DefNew: 575K->23K(576K), 0.0004014 secs] 1826K->1324K(1984K), 0.0004404 secs]
0.181: [GC 0.181: [DefNew: 535K->63K(576K), 0.0005651 secs] 1836K->1421K(1984K), 0.0006039 secs]
0.182: [GC 0.182: [DefNew: 575K->63K(576K), 0.0006309 secs]0.183: [Tenured: 1431K->926K(1536K), 0.0113509 secs] 1933K->926K(2112K), 0.0120540 secs]
0.195: [GC 0.195: [DefNew: 512K->63K(576K), 0.0019596 secs] 1438K->1355K(2112K), 0.0020074 secs]
0.199: [GC 0.199: [DefNew: 575K->63K(576K), 0.0014900 secs]0.200: [Tenured: 1538K->573K(1664K), 0.0104261 secs] 1867K->573K(2240K), 0.0120081 secs]
0.212: [GC 0.212: [DefNew: 512K->63K(576K), 0.0017692 secs] 1085K->962K(2112K), 0.0018157 secs]
0.215: [GC 0.215: [DefNew: 575K->64K(576K), 0.0006097 secs] 1474K->1026K(2112K), 0.0006527 secs]
0.217: [GC 0.217: [DefNew: 576K->49K(576K), 0.0003396 secs] 1538K->1026K(2112K), 0.0003808 secs]
0.219: [GC 0.219: [DefNew: 561K->63K(576K), 0.0007174 secs] 1538K->1128K(2112K), 0.0007580 secs]
0.221: [GC 0.221: [DefNew: 575K->63K(576K), 0.0009005 secs] 1640K->1253K(2112K), 0.0009411 secs]
0.223: [GC 0.223: [DefNew: 575K->64K(576K), 0.0006813 secs] 1765K->1328K(2112K), 0.0007223 secs]
0.225: [GC 0.225: [DefNew: 576K->64K(576K), 0.0005886 secs] 1840K->1386K(2112K), 0.0006298 secs]
0.227: [GC 0.227: [DefNew: 576K->63K(576K), 0.0007656 secs] 1898K->1484K(2112K), 0.0008064 secs]
Elapsed time: 32.91665 msecs
i-size: 19683
0.229: [GC 0.229: [DefNew: 575K->63K(576K), 0.0021933 secs]0.231: [Tenured: 1821K->347K(1920K), 0.0108905 secs] 1996K->347K(2496K), 0.0132118 secs]
0.244: [GC 0.244: [DefNew: 512K->64K(576K), 0.0016094 secs] 859K->745K(2112K), 0.0016522 secs]
0.247: [GC 0.247: [DefNew: 576K->63K(576K), 0.0026439 secs] 1257K->1256K(2112K), 0.0026918 secs]
0.252: [GC 0.252: [DefNew: 575K->63K(576K), 0.0011901 secs] 1768K->1457K(2112K), 0.0012394 secs]
0.254: [GC 0.255: [DefNew: 575K->63K(576K), 0.0028238 secs]0.257: [Tenured: 1904K->1919K(1920K), 0.0149235 secs] 1969K->1968K(2496K), 0.0178512 secs]
0.274: [GC 0.274: [DefNew: 512K->64K(576K), 0.0069755 secs] 2431K->2321K(3776K), 0.0070270 secs]
0.282: [GC 0.282: [DefNew: 576K->63K(576K), 0.0010740 secs] 2833K->2468K(3776K), 0.0011167 secs]
0.285: [GC 0.285: [DefNew: 575K->63K(576K), 0.0006436 secs] 2980K->2528K(3776K), 0.0006843 secs]
0.286: [GC 0.286: [DefNew: 575K->63K(576K), 0.0006346 secs] 3040K->2586K(3776K), 0.0006795 secs]
0.288: [GC 0.288: [DefNew: 575K->63K(576K), 0.0008909 secs] 3098K->2692K(3776K), 0.0009357 secs]
0.290: [GC 0.291: [DefNew: 575K->63K(576K), 0.0010090 secs] 3204K->2835K(3776K), 0.0010515 secs]
0.293: [GC 0.293: [DefNew: 575K->56K(576K), 0.0005617 secs] 3347K->2878K(3776K), 0.0006023 secs]
0.295: [GC 0.295: [DefNew: 568K->63K(576K), 0.0006101 secs] 3390K->2938K(3776K), 0.0006504 secs]
0.297: [GC 0.297: [DefNew: 575K->63K(576K), 0.0017938 secs] 3450K->3200K(3776K), 0.0018425 secs]
0.300: [GC 0.300: [DefNew: 575K->48K(576K), 0.0005280 secs] 3712K->3232K(3776K), 0.0005697 secs]
0.302: [GC 0.302: [DefNew: 560K->64K(576K), 0.0014551 secs]0.304: [Tenured: 3409K->2440K(3456K), 0.0185153 secs] 3744K->2440K(4032K), 0.0200677 secs]
0.324: [GC 0.324: [DefNew: 512K->63K(576K), 0.0004026 secs] 2952K->2504K(4644K), 0.0005056 secs]
0.325: [GC 0.325: [DefNew: 575K->38K(576K), 0.0004728 secs] 3016K->2518K(4644K), 0.0005254 secs]
0.327: [GC 0.327: [DefNew: 550K->64K(576K), 0.0006187 secs] 3030K->2601K(4644K), 0.0006657 secs]
0.329: [GC 0.329: [DefNew: 576K->63K(576K), 0.0016193 secs] 3113K->2882K(4644K), 0.0016637 secs]
0.332: [GC 0.332: [DefNew: 575K->64K(576K), 0.0007048 secs] 3394K->2953K(4644K), 0.0007462 secs]
0.334: [GC 0.334: [DefNew: 576K->52K(576K), 0.0003565 secs] 3465K->2962K(4644K), 0.0003965 secs]
0.335: [GC 0.335: [DefNew: 564K->63K(576K), 0.0022378 secs] 3474K->3410K(4644K), 0.0022876 secs]
0.339: [GC 0.339: [DefNew: 575K->63K(576K), 0.0014631 secs] 3922K->3633K(4644K), 0.0015078 secs]
0.342: [GC 0.342: [DefNew: 575K->63K(576K), 0.0007055 secs] 4145K->3704K(4644K), 0.0007459 secs]
0.344: [GC 0.344: [DefNew: 575K->63K(576K), 0.0016199 secs] 4216K->3967K(4644K), 0.0016624 secs]
0.347: [GC 0.347: [DefNew: 575K->49K(576K), 0.0005853 secs] 4479K->4009K(4644K), 0.0006288 secs]
0.349: [GC 0.349: [DefNew: 561K->51K(576K), 0.0003997 secs] 4521K->4031K(4644K), 0.0004427 secs]
0.350: [GC 0.350: [DefNew: 563K->49K(576K), 0.0003313 secs] 4543K->4039K(4644K), 0.0003761 secs]
0.352: [GC 0.352: [DefNew: 561K->63K(576K), 0.0008463 secs]0.353: [Tenured: 4094K->1436K(4196K), 0.0148723 secs] 4551K->1436K(4772K), 0.0158904 secs]
0.369: [GC 0.369: [DefNew: 504K->54K(576K), 0.0003163 secs] 1941K->1490K(4644K), 0.0003617 secs]
0.371: [GC 0.371: [DefNew: 543K->64K(576K), 0.0018888 secs] 1980K->1862K(4644K), 0.0019332 secs]
0.374: [GC 0.374: [DefNew: 576K->64K(576K), 0.0017589 secs] 2374K->2260K(4644K), 0.0018686 secs]
0.378: [GC 0.378: [DefNew: 576K->64K(576K), 0.0025824 secs] 2772K->2770K(4644K), 0.0026289 secs]
0.382: [GC 0.382: [DefNew: 576K->63K(576K), 0.0023431 secs] 3282K->3215K(4644K), 0.0023876 secs]
0.386: [GC 0.386: [DefNew: 575K->45K(576K), 0.0005957 secs] 3727K->3258K(4644K), 0.0006435 secs]
0.388: [GC 0.388: [DefNew: 557K->63K(576K), 0.0004646 secs] 3770K->3302K(4644K), 0.0005063 secs]
0.389: [GC 0.389: [DefNew: 575K->60K(576K), 0.0003587 secs] 3814K->3307K(4644K), 0.0004017 secs]
0.391: [GC 0.391: [DefNew: 572K->64K(576K), 0.0007472 secs] 3819K->3397K(4644K), 0.0007880 secs]
0.393: [GC 0.393: [DefNew: 576K->63K(576K), 0.0012700 secs] 3909K->3599K(4644K), 0.0013142 secs]
0.395: [GC 0.395: [DefNew: 575K->52K(576K), 0.0005134 secs] 4111K->3636K(4644K), 0.0005544 secs]
0.397: [GC 0.397: [DefNew: 564K->63K(576K), 0.0007852 secs] 4148K->3744K(4644K), 0.0008285 secs]
0.399: [GC 0.399: [DefNew: 575K->63K(576K), 0.0008451 secs] 4256K->3851K(4644K), 0.0008855 secs]
0.401: [GC 0.401: [DefNew: 575K->63K(576K), 0.0011657 secs] 4363K->4047K(4644K), 0.0012092 secs]
0.404: [GC 0.404: [DefNew: 575K->63K(576K), 0.0024114 secs]0.407: [Tenured: 4403K->1603K(4452K), 0.0193049 secs] 4559K->1603K(5028K), 0.0218283 secs]
0.427: [GC 0.427: [DefNew: 512K->58K(576K), 0.0003417 secs] 2115K->1662K(4644K), 0.0003826 secs]
0.429: [GC 0.429: [DefNew: 570K->64K(576K), 0.0004829 secs] 2174K->1695K(4644K), 0.0005234 secs]
0.431: [GC 0.431: [DefNew: 576K->63K(576K), 0.0012037 secs] 2207K->1882K(4644K), 0.0012441 secs]
0.433: [GC 0.433: [DefNew: 575K->64K(576K), 0.0008468 secs] 2394K->1994K(4644K), 0.0008873 secs]
0.435: [GC 0.435: [DefNew: 576K->33K(576K), 0.0003886 secs] 2506K->2006K(4644K), 0.0004283 secs]
0.437: [GC 0.437: [DefNew: 545K->64K(576K), 0.0015460 secs] 2518K->2300K(4644K), 0.0015896 secs]
0.440: [GC 0.440: [DefNew: 576K->64K(576K), 0.0019115 secs] 2812K->2615K(4644K), 0.0019602 secs]
0.443: [GC 0.443: [DefNew: 576K->63K(576K), 0.0015293 secs] 3127K->2861K(4644K), 0.0015722 secs]
0.446: [GC 0.446: [DefNew: 575K->46K(576K), 0.0005239 secs] 3373K->2900K(4644K), 0.0005655 secs]
0.448: [GC 0.448: [DefNew: 558K->63K(576K), 0.0009961 secs] 3412K->3057K(4644K), 0.0010365 secs]
0.450: [GC 0.450: [DefNew: 575K->63K(576K), 0.0009105 secs] 3569K->3179K(4644K), 0.0009501 secs]
0.452: [GC 0.452: [DefNew: 575K->32K(576K), 0.0004908 secs] 3691K->3212K(4644K), 0.0005310 secs]
0.454: [GC 0.454: [DefNew: 544K->64K(576K), 0.0008292 secs] 3724K->3341K(4644K), 0.0008754 secs]
0.456: [GC 0.456: [DefNew: 576K->64K(576K), 0.0017734 secs] 3853K->3659K(4644K), 0.0018172 secs]
0.459: [GC 0.459: [DefNew: 576K->57K(576K), 0.0005259 secs] 4171K->3698K(4644K), 0.0005676 secs]
0.461: [GC 0.461: [DefNew: 569K->63K(576K), 0.0005412 secs] 4210K->3751K(4644K), 0.0005841 secs]
0.462: [GC 0.463: [DefNew: 575K->63K(576K), 0.0014387 secs] 4263K->4021K(4644K), 0.0014831 secs]
Elapsed time: 94.776966 msecs
i-size: 59049
0.465: [GC 0.465: [DefNew: 575K->63K(576K), 0.0019848 secs]0.467: [Tenured: 4328K->337K(4452K), 0.0104717 secs] 4533K->337K(5028K), 0.0125606 secs]
0.480: [GC 0.480: [DefNew: 445K->64K(576K), 0.0015708 secs] 782K->711K(4644K), 0.0016143 secs]
0.483: [GC 0.483: [DefNew: 426K->64K(576K), 0.0017166 secs] 1074K->1068K(4644K), 0.0017611 secs]
0.486: [GC 0.486: [DefNew: 576K->64K(576K), 0.0022037 secs] 1580K->1580K(4644K), 0.0022481 secs]
0.490: [GC 0.490: [DefNew: 576K->63K(576K), 0.0016313 secs] 2092K->2091K(4644K), 0.0016853 secs]
0.493: [GC 0.493: [DefNew: 575K->63K(576K), 0.0025664 secs] 2603K->2600K(4644K), 0.0026155 secs]
0.498: [GC 0.498: [DefNew: 575K->63K(576K), 0.0025399 secs] 3112K->3111K(4644K), 0.0025864 secs]
0.502: [GC 0.502: [DefNew: 575K->63K(576K), 0.0025525 secs] 3623K->3622K(4644K), 0.0025997 secs]
0.506: [GC 0.506: [DefNew: 575K->63K(576K), 0.0027546 secs]0.509: [Tenured: 4068K->3749K(4196K), 0.0260642 secs] 4134K->3749K(4772K), 0.0289509 secs]
0.537: [GC 0.537: [DefNew: 512K->63K(576K), 0.0023282 secs] 4261K->4260K(6828K), 0.0023751 secs]
0.541: [GC 0.541: [DefNew: 575K->63K(576K), 0.0027702 secs] 4772K->4771K(6828K), 0.0028190 secs]
0.546: [GC 0.546: [DefNew: 575K->63K(576K), 0.0027563 secs] 5283K->5265K(6828K), 0.0028063 secs]
0.550: [GC 0.550: [DefNew: 575K->63K(576K), 0.0018807 secs] 5777K->5573K(6828K), 0.0019275 secs]
0.553: [GC 0.553: [DefNew: 575K->64K(576K), 0.0008552 secs] 6085K->5674K(6828K), 0.0009000 secs]
0.556: [GC 0.556: [DefNew: 576K->64K(576K), 0.0008731 secs] 6186K->5769K(6828K), 0.0009214 secs]
0.558: [GC 0.558: [DefNew: 576K->58K(576K), 0.0004889 secs] 6281K->5800K(6828K), 0.0005295 secs]
0.560: [GC 0.560: [DefNew: 570K->63K(576K), 0.0011327 secs] 6312K->5966K(6828K), 0.0011765 secs]
0.562: [GC 0.562: [DefNew: 575K->63K(576K), 0.0006833 secs] 6478K->6030K(6828K), 0.0007254 secs]
0.564: [GC 0.564: [DefNew: 575K->64K(576K), 0.0006739 secs] 6542K->6092K(6828K), 0.0007148 secs]
0.566: [GC 0.566: [DefNew: 576K->63K(576K), 0.0016530 secs]0.568: [Tenured: 6285K->5326K(6380K), 0.0296728 secs] 6604K->5326K(6956K), 0.0314387 secs]
0.599: [GC 0.599: [DefNew: 640K->63K(704K), 0.0028384 secs] 5966K->5964K(9584K), 0.0028891 secs]
0.605: [GC 0.605: [DefNew: 703K->63K(704K), 0.0033020 secs] 6604K->6603K(9584K), 0.0033540 secs]
0.609: [GC 0.609: [DefNew: 703K->32K(704K), 0.0004627 secs] 7243K->6616K(9584K), 0.0005059 secs]
0.612: [GC 0.612: [DefNew: 672K->63K(704K), 0.0027917 secs] 7256K->7142K(9584K), 0.0028430 secs]
0.616: [GC 0.616: [DefNew: 703K->45K(704K), 0.0005272 secs] 7782K->7172K(9584K), 0.0005721 secs]
0.619: [GC 0.619: [DefNew: 685K->64K(704K), 0.0032925 secs] 7812K->7791K(9584K), 0.0033431 secs]
0.624: [GC 0.625: [DefNew: 704K->63K(704K), 0.0034480 secs] 8431K->8429K(9584K), 0.0034978 secs]
0.630: [GC 0.630: [DefNew: 703K->64K(704K), 0.0019142 secs] 9069K->8742K(9584K), 0.0019593 secs]
0.634: [GC 0.634: [DefNew: 704K->63K(704K), 0.0006166 secs] 9382K->8798K(9584K), 0.0006597 secs]
0.636: [GC 0.636: [DefNew: 703K->64K(704K), 0.0008069 secs] 9438K->8883K(9584K), 0.0008493 secs]
0.638: [GC 0.638: [DefNew: 704K->60K(704K), 0.0005161 secs] 9523K->8921K(9584K), 0.0005571 secs]
0.640: [GC 0.640: [DefNew: 700K->58K(704K), 0.0005988 secs]0.641: [Tenured: 8913K->7693K(9008K), 0.0533400 secs] 9561K->7693K(9712K), 0.0540741 secs]
0.697: [GC 0.697: [DefNew: 960K->63K(1024K), 0.0013389 secs] 8653K->7956K(13848K), 0.0013880 secs]
0.701: [GC 0.701: [DefNew: 1023K->63K(1024K), 0.0013075 secs] 8916K->8156K(13848K), 0.0013558 secs]
0.705: [GC 0.705: [DefNew: 1023K->63K(1024K), 0.0009296 secs] 9116K->8269K(13848K), 0.0009872 secs]
0.708: [GC 0.708: [DefNew: 1023K->63K(1024K), 0.0026662 secs] 9229K->8744K(13848K), 0.0027230 secs]
0.713: [GC 0.713: [DefNew: 1023K->64K(1024K), 0.0027602 secs] 9704K->9217K(13848K), 0.0028133 secs]
0.719: [GC 0.719: [DefNew: 1024K->64K(1024K), 0.0016479 secs] 10177K->9453K(13848K), 0.0016947 secs]
0.722: [GC 0.723: [DefNew: 1024K->63K(1024K), 0.0014498 secs] 10413K->9664K(13848K), 0.0014958 secs]
0.726: [GC 0.726: [DefNew: 1006K->34K(1024K), 0.0004361 secs] 10606K->9669K(13848K), 0.0004837 secs]
0.729: [GC 0.729: [DefNew: 994K->64K(1024K), 0.0017865 secs] 10629K->9982K(13848K), 0.0018384 secs]
0.733: [GC 0.733: [DefNew: 1024K->63K(1024K), 0.0021992 secs] 10942K->10414K(13848K), 0.0022465 secs]
0.738: [GC 0.738: [DefNew: 1023K->64K(1024K), 0.0047526 secs] 11374K->11298K(13848K), 0.0048085 secs]
0.746: [GC 0.746: [DefNew: 1024K->63K(1024K), 0.0030991 secs] 12258K->11822K(13848K), 0.0031507 secs]
0.751: [GC 0.751: [DefNew: 1023K->63K(1024K), 0.0011366 secs] 12782K->11957K(13848K), 0.0011842 secs]
0.755: [GC 0.755: [DefNew: 1023K->64K(1024K), 0.0009178 secs] 12917K->12057K(13848K), 0.0009665 secs]
0.759: [GC 0.759: [DefNew: 1024K->63K(1024K), 0.0030196 secs] 13017K->12582K(13848K), 0.0030692 secs]
0.765: [GC 0.765: [DefNew: 1023K->64K(1024K), 0.0012987 secs] 13542K->12764K(13848K), 0.0013431 secs]
0.768: [GC 0.768: [DefNew: 1024K->64K(1024K), 0.0006670 secs] 13724K->12804K(13848K), 0.0007314 secs]
0.771: [GC 0.772: [DefNew: 1024K->63K(1024K), 0.0016340 secs]0.773: [Tenured: 12979K->7014K(13080K), 0.0423070 secs] 13764K->7014K(14104K), 0.0440408 secs]
0.818: [GC 0.818: [DefNew: 960K->63K(1024K), 0.0018002 secs] 7974K->7394K(13848K), 0.0018469 secs]
0.822: [GC 0.822: [DefNew: 1023K->64K(1024K), 0.0006428 secs] 8354K->7450K(13848K), 0.0006882 secs]
0.826: [GC 0.826: [DefNew: 1024K->63K(1024K), 0.0032665 secs] 8410K->8210K(13848K), 0.0033201 secs]
0.831: [GC 0.831: [DefNew: 1023K->64K(1024K), 0.0046734 secs] 9170K->9169K(13848K), 0.0047310 secs]
0.839: [GC 0.839: [DefNew: 1024K->64K(1024K), 0.0017391 secs] 10129K->9463K(13848K), 0.0017872 secs]
0.843: [GC 0.843: [DefNew: 1024K->64K(1024K), 0.0016015 secs] 10423K->9723K(13848K), 0.0016486 secs]
0.847: [GC 0.847: [DefNew: 1024K->63K(1024K), 0.0025195 secs] 10683K->10162K(13848K), 0.0025804 secs]
0.852: [GC 0.852: [DefNew: 1023K->64K(1024K), 0.0007224 secs] 11122K->10236K(13848K), 0.0007674 secs]
0.855: [GC 0.855: [DefNew: 1024K->64K(1024K), 0.0006938 secs] 11196K->10306K(13848K), 0.0007456 secs]
0.859: [GC 0.859: [DefNew: 1024K->63K(1024K), 0.0007884 secs] 11266K->10386K(13848K), 0.0008348 secs]
0.862: [GC 0.862: [DefNew: 1023K->63K(1024K), 0.0038691 secs] 11346K->11140K(13848K), 0.0039226 secs]
0.868: [GC 0.868: [DefNew: 1023K->63K(1024K), 0.0007812 secs] 12100K->11207K(13848K), 0.0008284 secs]
0.871: [GC 0.871: [DefNew: 1023K->63K(1024K), 0.0015180 secs] 12167K->11434K(13848K), 0.0015641 secs]
0.875: [GC 0.875: [DefNew: 1023K->57K(1024K), 0.0006042 secs] 12394K->11481K(13848K), 0.0006469 secs]
0.878: [GC 0.878: [DefNew: 1017K->63K(1024K), 0.0026042 secs] 12441K->12021K(13848K), 0.0026585 secs]
0.883: [GC 0.883: [DefNew: 1023K->63K(1024K), 0.0014654 secs] 12981K->12253K(13848K), 0.0015116 secs]
0.887: [GC 0.887: [DefNew: 1023K->64K(1024K), 0.0021376 secs] 13213K->12619K(13848K), 0.0021927 secs]
0.892: [GC 0.892: [DefNew: 1024K->63K(1024K), 0.0008492 secs] 13579K->12714K(13848K), 0.0008944 secs]
0.895: [GC 0.895: [DefNew: 1023K->63K(1024K), 0.0005945 secs] 13674K->12757K(13848K), 0.0006409 secs]
0.898: [GC 0.898: [DefNew: 980K->63K(1024K), 0.0019704 secs]0.900: [Tenured: 13052K->424K(13080K), 0.0145094 secs] 13674K->424K(14104K), 0.0165848 secs]
0.918: [GC 0.918: [DefNew: 880K->64K(1024K), 0.0027839 secs] 1305K->1069K(13848K), 0.0028349 secs]
0.923: [GC 0.923: [DefNew: 1024K->64K(1024K), 0.0028054 secs] 2029K->1799K(13848K), 0.0028550 secs]
0.930: [GC 0.930: [DefNew: 1024K->63K(1024K), 0.0045993 secs] 2759K->2758K(13848K), 0.0046576 secs]
0.938: [GC 0.938: [DefNew: 1023K->63K(1024K), 0.0045961 secs] 3718K->3665K(13848K), 0.0046525 secs]
0.946: [GC 0.946: [DefNew: 1023K->63K(1024K), 0.0017588 secs] 4625K->3997K(13848K), 0.0018056 secs]
0.950: [GC 0.950: [DefNew: 1023K->63K(1024K), 0.0024298 secs] 4957K->4427K(13848K), 0.0024798 secs]
0.955: [GC 0.955: [DefNew: 1023K->63K(1024K), 0.0012450 secs] 5387K->4618K(13848K), 0.0012911 secs]
0.959: [GC 0.959: [DefNew: 1023K->64K(1024K), 0.0020660 secs] 5578K->4996K(13848K), 0.0021151 secs]
0.964: [GC 0.964: [DefNew: 1024K->63K(1024K), 0.0013759 secs] 5956K->5196K(13848K), 0.0014219 secs]
0.967: [GC 0.967: [DefNew: 1023K->63K(1024K), 0.0012590 secs] 6156K->5372K(13848K), 0.0013055 secs]
0.972: [GC 0.972: [DefNew: 1023K->63K(1024K), 0.0023937 secs] 6332K->5818K(13848K), 0.0024431 secs]
0.977: [GC 0.977: [DefNew: 1023K->63K(1024K), 0.0013377 secs] 6778K->6022K(13848K), 0.0013845 secs]
0.980: [GC 0.980: [DefNew: 1023K->64K(1024K), 0.0013173 secs] 6982K->6222K(13848K), 0.0013639 secs]
0.984: [GC 0.984: [DefNew: 1024K->63K(1024K), 0.0020553 secs] 7182K->6576K(13848K), 0.0021020 secs]
0.989: [GC 0.989: [DefNew: 1023K->64K(1024K), 0.0007637 secs] 7536K->6660K(13848K), 0.0008096 secs]
0.992: [GC 0.992: [DefNew: 1024K->63K(1024K), 0.0007020 secs] 7620K->6721K(13848K), 0.0007508 secs]
0.995: [GC 0.995: [DefNew: 1023K->63K(1024K), 0.0009229 secs] 7681K->6835K(13848K), 0.0009685 secs]
0.998: [GC 0.998: [DefNew: 1023K->63K(1024K), 0.0009682 secs] 7795K->6980K(13848K), 0.0011084 secs]
1.002: [GC 1.002: [DefNew: 1023K->63K(1024K), 0.0039347 secs] 7940K->7822K(13848K), 0.0040026 secs]
1.008: [GC 1.008: [DefNew: 1023K->63K(1024K), 0.0045871 secs] 8782K->8780K(13848K), 0.0046469 secs]
1.016: [GC 1.016: [DefNew: 1023K->63K(1024K), 0.0046103 secs] 9740K->9739K(13848K), 0.0046697 secs]
1.024: [GC 1.024: [DefNew: 1023K->63K(1024K), 0.0040229 secs] 10699K->10585K(13848K), 0.0040820 secs]
1.031: [GC 1.031: [DefNew: 1023K->63K(1024K), 0.0047635 secs] 11545K->11543K(13848K), 0.0048352 secs]
1.039: [GC 1.039: [DefNew: 1023K->63K(1024K), 0.0025402 secs] 12503K->11999K(13848K), 0.0025904 secs]
1.044: [GC 1.044: [DefNew: 1023K->63K(1024K), 0.0010739 secs] 12959K->12132K(13848K), 0.0011215 secs]
1.047: [GC 1.048: [DefNew: 1023K->64K(1024K), 0.0024713 secs] 13092K->12574K(13848K), 0.0025197 secs]
1.052: [GC 1.053: [DefNew: 1024K->63K(1024K), 0.0008980 secs] 13534K->12681K(13848K), 0.0009482 secs]
1.056: [GC 1.056: [DefNew: 1023K->63K(1024K), 0.0016293 secs]1.058: [Tenured: 12855K->7688K(12952K), 0.0499634 secs] 13641K->7688K(13976K), 0.0516949 secs]
1.110: [GC 1.111: [DefNew: 960K->64K(1024K), 0.0025243 secs] 8648K->8211K(13848K), 0.0025757 secs]
1.116: [GC 1.116: [DefNew: 1024K->63K(1024K), 0.0012367 secs] 9171K->8389K(13848K), 0.0012822 secs]
1.119: [GC 1.119: [DefNew: 1023K->64K(1024K), 0.0014436 secs] 9349K->8606K(13848K), 0.0014926 secs]
1.123: [GC 1.123: [DefNew: 1006K->63K(1024K), 0.0020212 secs] 9549K->8953K(13848K), 0.0020709 secs]
1.128: [GC 1.128: [DefNew: 1023K->63K(1024K), 0.0048254 secs] 9913K->9878K(13848K), 0.0048833 secs]
1.135: [GC 1.135: [DefNew: 1023K->63K(1024K), 0.0007140 secs] 10838K->9952K(13848K), 0.0007594 secs]
1.139: [GC 1.139: [DefNew: 1023K->63K(1024K), 0.0014376 secs] 10912K->10166K(13848K), 0.0015016 secs]
1.142: [GC 1.142: [DefNew: 1023K->63K(1024K), 0.0012841 secs] 11126K->10363K(13848K), 0.0013306 secs]
1.147: [GC 1.147: [DefNew: 1023K->63K(1024K), 0.0036728 secs] 11323K->11080K(13848K), 0.0037269 secs]
1.153: [GC 1.153: [DefNew: 1023K->63K(1024K), 0.0014951 secs] 12040K->11327K(13848K), 0.0015415 secs]
1.157: [GC 1.157: [DefNew: 1023K->63K(1024K), 0.0016100 secs] 12287K->11578K(13848K), 0.0016587 secs]
1.161: [GC 1.161: [DefNew: 1023K->63K(1024K), 0.0007358 secs] 12538K->11656K(13848K), 0.0007847 secs]
1.164: [GC 1.165: [DefNew: 1023K->63K(1024K), 0.0010143 secs] 12616K->11788K(13848K), 0.0010620 secs]
1.168: [GC 1.168: [DefNew: 1023K->63K(1024K), 0.0012268 secs] 12748K->11974K(13848K), 0.0012747 secs]
1.172: [GC 1.172: [DefNew: 1023K->64K(1024K), 0.0023886 secs] 12934K->12402K(13848K), 0.0024368 secs]
1.177: [GC 1.177: [DefNew: 1024K->63K(1024K), 0.0013136 secs] 13362K->12597K(13848K), 0.0013626 secs]
1.181: [GC 1.181: [DefNew: 1023K->63K(1024K), 0.0020377 secs]1.183: [Tenured: 12883K->7922K(12952K), 0.0604325 secs] 13557K->7922K(13976K), 0.0625650 secs]
1.246: [GC 1.246: [DefNew: 1024K->63K(1088K), 0.0008736 secs] 8946K->8078K(14292K), 0.0009222 secs]
1.249: [GC 1.249: [DefNew: 1087K->63K(1088K), 0.0014545 secs] 9102K->8315K(14292K), 0.0015012 secs]
1.253: [GC 1.253: [DefNew: 1087K->63K(1088K), 0.0009186 secs] 9339K->8408K(14292K), 0.0009684 secs]
1.257: [GC 1.257: [DefNew: 1087K->63K(1088K), 0.0040777 secs] 9432K->9294K(14292K), 0.0041364 secs]
1.264: [GC 1.264: [DefNew: 1087K->64K(1088K), 0.0040849 secs] 10318K->10084K(14292K), 0.0041422 secs]
1.271: [GC 1.271: [DefNew: 1088K->63K(1088K), 0.0017717 secs] 11108K->10376K(14292K), 0.0018209 secs]
1.275: [GC 1.275: [DefNew: 1087K->64K(1088K), 0.0010898 secs] 11400K->10529K(14292K), 0.0011370 secs]
1.279: [GC 1.279: [DefNew: 1088K->63K(1088K), 0.0011267 secs] 11553K->10690K(14292K), 0.0011740 secs]
1.282: [GC 1.282: [DefNew: 994K->63K(1088K), 0.0010846 secs] 11620K->10853K(14292K), 0.0011321 secs]
1.286: [GC 1.286: [DefNew: 1087K->63K(1088K), 0.0043023 secs] 11877K->11876K(14292K), 0.0043752 secs]
1.293: [GC 1.293: [DefNew: 1087K->63K(1088K), 0.0008659 secs] 12900K->11987K(14292K), 0.0009114 secs]
1.296: [GC 1.297: [DefNew: 1087K->63K(1088K), 0.0037207 secs] 13011K->12855K(14292K), 0.0037836 secs]
Elapsed time: 403.34290799999997 msecs
i-size: 177147
1.303: [GC 1.303: [DefNew: 1058K->63K(1088K), 0.0039301 secs]1.307: [Tenured: 13566K->666K(13588K), 0.0165242 secs] 13850K->666K(14676K), 0.0205815 secs]
1.327: [GC 1.327: [DefNew: 901K->64K(1088K), 0.0028260 secs] 1567K->1406K(14292K), 0.0028793 secs]
1.333: [GC 1.333: [DefNew: 880K->64K(1088K), 0.0032013 secs] 2223K->2211K(14292K), 0.0032579 secs]
1.340: [GC 1.340: [DefNew: 1088K->64K(1088K), 0.0037546 secs] 3235K->3234K(14292K), 0.0038134 secs]
1.346: [GC 1.346: [DefNew: 1088K->64K(1088K), 0.0030228 secs] 4258K->4257K(14292K), 0.0030798 secs]
1.354: [GC 1.354: [DefNew: 1088K->63K(1088K), 0.0056172 secs] 5281K->5279K(14292K), 0.0056786 secs]
1.364: [GC 1.364: [DefNew: 1087K->63K(1088K), 0.0049493 secs] 6303K->6301K(14292K), 0.0050101 secs]
1.373: [GC 1.373: [DefNew: 1087K->63K(1088K), 0.0049647 secs] 7325K->7324K(14292K), 0.0050339 secs]
1.382: [GC 1.382: [DefNew: 1087K->63K(1088K), 0.0048990 secs] 8348K->8347K(14292K), 0.0049572 secs]
1.391: [GC 1.391: [DefNew: 1087K->63K(1088K), 0.0049425 secs] 9371K->9370K(14292K), 0.0050002 secs]
1.399: [GC 1.399: [DefNew: 1087K->63K(1088K), 0.0047368 secs] 10394K->10393K(14292K), 0.0047941 secs]
1.407: [GC 1.407: [DefNew: 1087K->63K(1088K), 0.0047721 secs] 11417K->11416K(14292K), 0.0048293 secs]
1.415: [GC 1.416: [DefNew: 1087K->63K(1088K), 0.0048347 secs] 12440K->12439K(14292K), 0.0048931 secs]
1.424: [GC 1.424: [DefNew: 1087K->63K(1088K), 0.0051882 secs]1.429: [Tenured: 13398K->12600K(13460K), 0.0751671 secs] 13463K->12600K(14548K), 0.0805303 secs]
1.510: [GC 1.510: [DefNew: 1536K->127K(1664K), 0.0072537 secs] 14136K->14134K(22668K), 0.0073150 secs]
1.522: [GC 1.522: [DefNew: 1663K->128K(1664K), 0.0018311 secs] 15670K->14359K(22668K), 0.0018798 secs]
1.529: [GC 1.529: [DefNew: 1664K->127K(1664K), 0.0050160 secs] 15895K->15220K(22668K), 0.0050771 secs]
1.540: [GC 1.540: [DefNew: 1663K->127K(1664K), 0.0038909 secs] 16756K->15838K(22668K), 0.0039465 secs]
1.548: [GC 1.548: [DefNew: 1663K->128K(1664K), 0.0024908 secs] 17374K->16169K(22668K), 0.0025513 secs]
1.555: [GC 1.555: [DefNew: 1664K->127K(1664K), 0.0013764 secs] 17705K->16302K(22668K), 0.0014312 secs]
1.561: [GC 1.561: [DefNew: 1663K->128K(1664K), 0.0028555 secs] 17838K->16695K(22668K), 0.0029105 secs]
1.568: [GC 1.568: [DefNew: 1664K->128K(1664K), 0.0012319 secs] 18231K->16809K(22668K), 0.0012790 secs]
1.573: [GC 1.573: [DefNew: 1664K->128K(1664K), 0.0018828 secs] 18345K->17030K(22668K), 0.0019344 secs]
1.579: [GC 1.579: [DefNew: 1658K->121K(1664K), 0.0010413 secs] 18560K->17113K(22668K), 0.0010901 secs]
1.585: [GC 1.585: [DefNew: 1657K->128K(1664K), 0.0077426 secs] 18649K->18528K(22668K), 0.0078017 secs]
1.597: [GC 1.597: [DefNew: 1664K->127K(1664K), 0.0082381 secs] 20064K->20063K(22668K), 0.0082988 secs]
1.611: [GC 1.611: [DefNew: 1663K->128K(1664K), 0.0082347 secs]1.619: [Tenured: 21470K->18154K(21516K), 0.0974890 secs] 21599K->18154K(23180K), 0.1059101 secs]
1.724: [GC 1.724: [DefNew: 2112K->192K(2304K), 0.0051463 secs] 20266K->19190K(32564K), 0.0052062 secs]
1.735: [GC 1.735: [DefNew: 2304K->99K(2304K), 0.0012870 secs] 21302K->19257K(32564K), 0.0014166 secs]
1.742: [GC 1.742: [DefNew: 2211K->191K(2304K), 0.0034060 secs] 21369K->19859K(32564K), 0.0034613 secs]
1.751: [GC 1.751: [DefNew: 2303K->191K(2304K), 0.0018804 secs] 21971K->20067K(32564K), 0.0019289 secs]
1.758: [GC 1.758: [DefNew: 2303K->191K(2304K), 0.0015305 secs] 22179K->20201K(32564K), 0.0015798 secs]
1.766: [GC 1.767: [DefNew: 2303K->192K(2304K), 0.0072645 secs] 22313K->21598K(32564K), 0.0073221 secs]
1.779: [GC 1.779: [DefNew: 2304K->191K(2304K), 0.0021580 secs] 23710K->21871K(32564K), 0.0022068 secs]
1.789: [GC 1.790: [DefNew: 2303K->191K(2304K), 0.0117882 secs] 23983K->23957K(32564K), 0.0118499 secs]
1.807: [GC 1.807: [DefNew: 2303K->191K(2304K), 0.0024166 secs] 26069K->24234K(32564K), 0.0024691 secs]
1.815: [GC 1.815: [DefNew: 2303K->191K(2304K), 0.0019629 secs] 26346K->24412K(32564K), 0.0020123 secs]
1.823: [GC 1.823: [DefNew: 2303K->191K(2304K), 0.0027898 secs] 26524K->24766K(32564K), 0.0028401 secs]
1.833: [GC 1.833: [DefNew: 2303K->191K(2304K), 0.0055781 secs] 26878K->25660K(32564K), 0.0056394 secs]
1.845: [GC 1.845: [DefNew: 2303K->191K(2304K), 0.0037591 secs] 27772K->26182K(32564K), 0.0038191 secs]
1.854: [GC 1.854: [DefNew: 2303K->191K(2304K), 0.0020728 secs] 28294K->26392K(32564K), 0.0021261 secs]
1.861: [GC 1.861: [DefNew: 2303K->176K(2304K), 0.0013491 secs] 28504K->26474K(32564K), 0.0014007 secs]
1.870: [GC 1.870: [DefNew: 2288K->191K(2304K), 0.0060637 secs] 28586K->27482K(32564K), 0.0061285 secs]
1.882: [GC 1.882: [DefNew: 2303K->192K(2304K), 0.0025161 secs] 29594K->27778K(32564K), 0.0025645 secs]
1.890: [GC 1.890: [DefNew: 2304K->191K(2304K), 0.0025489 secs] 29890K->28121K(32564K), 0.0026001 secs]
1.899: [GC 1.899: [DefNew: 2303K->192K(2304K), 0.0022101 secs] 30233K->28345K(32564K), 0.0022584 secs]
1.906: [GC 1.906: [DefNew: 2304K->2304K(2304K), 0.0000165 secs]1.906: [Tenured: 28153K->21480K(30260K), 0.1575929 secs] 30457K->21480K(32564K), 0.1576964 secs]
2.071: [GC 2.071: [DefNew: 2112K->191K(2304K), 0.0087191 secs] 23592K->23414K(32576K), 0.0087901 secs]
2.086: [GC 2.086: [DefNew: 2303K->192K(2304K), 0.0036080 secs] 25526K->23954K(32576K), 0.0036631 secs]
2.096: [GC 2.096: [DefNew: 2304K->191K(2304K), 0.0039802 secs] 26066K->24571K(32576K), 0.0040387 secs]
2.105: [GC 2.105: [DefNew: 2303K->192K(2304K), 0.0015697 secs] 26683K->24713K(32576K), 0.0016174 secs]
2.112: [GC 2.112: [DefNew: 2304K->192K(2304K), 0.0028970 secs] 26825K->25117K(32576K), 0.0029466 secs]
2.120: [GC 2.121: [DefNew: 2304K->191K(2304K), 0.0015277 secs] 27229K->25235K(32576K), 0.0015770 secs]
2.128: [GC 2.128: [DefNew: 2303K->192K(2304K), 0.0075580 secs] 27347K->26846K(32576K), 0.0076166 secs]
2.142: [GC 2.142: [DefNew: 2304K->191K(2304K), 0.0094384 secs] 28958K->28748K(32576K), 0.0094978 secs]
2.158: [GC 2.158: [DefNew: 2303K->2303K(2304K), 0.0000171 secs]2.158: [Tenured: 28556K->18439K(30272K), 0.1060022 secs] 30860K->18439K(32576K), 0.1061121 secs]
2.270: [GC 2.270: [DefNew: 2112K->162K(2304K), 0.0008376 secs] 20551K->18601K(32576K), 0.0008878 secs]
2.276: [GC 2.276: [DefNew: 2274K->191K(2304K), 0.0025043 secs] 20713K->19002K(32576K), 0.0025542 secs]
2.285: [GC 2.286: [DefNew: 2303K->192K(2304K), 0.0046702 secs] 21114K->19743K(32576K), 0.0047280 secs]
2.296: [GC 2.296: [DefNew: 2304K->191K(2304K), 0.0029691 secs] 21855K->20140K(32576K), 0.0030264 secs]
2.305: [GC 2.305: [DefNew: 2303K->191K(2304K), 0.0037910 secs] 22252K->20751K(32576K), 0.0038452 secs]
2.315: [GC 2.315: [DefNew: 2303K->192K(2304K), 0.0043812 secs] 22863K->21477K(32576K), 0.0044377 secs]
2.326: [GC 2.326: [DefNew: 2304K->192K(2304K), 0.0031679 secs] 23589K->21902K(32576K), 0.0032240 secs]
2.334: [GC 2.334: [DefNew: 2304K->192K(2304K), 0.0017049 secs] 24014K->22102K(32576K), 0.0017538 secs]
2.341: [GC 2.341: [DefNew: 2304K->192K(2304K), 0.0021336 secs] 24214K->22356K(32576K), 0.0021840 secs]
2.349: [GC 2.349: [DefNew: 2304K->191K(2304K), 0.0054331 secs] 24468K->23367K(32576K), 0.0054936 secs]
2.365: [GC 2.365: [DefNew: 2303K->192K(2304K), 0.0088975 secs] 25479K->25283K(32576K), 0.0089618 secs]
2.377: [GC 2.377: [DefNew: 2304K->191K(2304K), 0.0077941 secs] 27395K->26880K(32576K), 0.0078576 secs]
2.392: [GC 2.392: [DefNew: 2303K->191K(2304K), 0.0085610 secs] 28992K->28551K(32576K), 0.0086229 secs]
2.408: [GC 2.409: [DefNew: 2303K->2303K(2304K), 0.0000168 secs]2.409: [Tenured: 28359K->11673K(30272K), 0.0962495 secs] 30663K->11673K(32576K), 0.0963513 secs]
2.511: [GC 2.511: [DefNew: 2112K->191K(2304K), 0.0023539 secs] 13785K->12159K(32576K), 0.0024154 secs]
2.519: [GC 2.519: [DefNew: 2303K->191K(2304K), 0.0032002 secs] 14271K->12629K(32576K), 0.0032557 secs]
2.528: [GC 2.528: [DefNew: 2303K->191K(2304K), 0.0017622 secs] 14741K->12808K(32576K), 0.0018110 secs]
2.534: [GC 2.535: [DefNew: 2303K->191K(2304K), 0.0012501 secs] 14920K->12896K(32576K), 0.0013001 secs]
2.544: [GC 2.544: [DefNew: 2303K->191K(2304K), 0.0080604 secs] 15008K->14380K(32576K), 0.0081205 secs]
2.557: [GC 2.557: [DefNew: 2303K->94K(2304K), 0.0011998 secs] 16492K->14444K(32576K), 0.0012485 secs]
2.564: [GC 2.564: [DefNew: 2206K->192K(2304K), 0.0024620 secs] 16556K->14808K(32576K), 0.0025333 secs]
2.574: [GC 2.574: [DefNew: 2304K->191K(2304K), 0.0020768 secs] 16920K->15091K(32576K), 0.0021267 secs]
2.581: [GC 2.581: [DefNew: 2303K->191K(2304K), 0.0022382 secs] 17203K->15376K(32576K), 0.0022900 secs]
2.591: [GC 2.591: [DefNew: 2303K->191K(2304K), 0.0076574 secs] 17488K->16857K(32576K), 0.0077191 secs]
2.605: [GC 2.605: [DefNew: 2303K->192K(2304K), 0.0049164 secs] 18969K->17684K(32576K), 0.0049764 secs]
2.616: [GC 2.616: [DefNew: 2304K->192K(2304K), 0.0028491 secs] 19796K->18085K(32576K), 0.0029006 secs]
2.625: [GC 2.625: [DefNew: 2304K->191K(2304K), 0.0030389 secs] 20197K->18574K(32576K), 0.0030892 secs]
2.634: [GC 2.635: [DefNew: 2303K->191K(2304K), 0.0034528 secs] 20686K->19104K(32576K), 0.0035059 secs]
2.644: [GC 2.644: [DefNew: 2303K->191K(2304K), 0.0026735 secs] 21216K->19439K(32576K), 0.0027289 secs]
2.652: [GC 2.652: [DefNew: 2303K->142K(2304K), 0.0012779 secs] 21551K->19527K(32576K), 0.0013274 secs]
2.658: [GC 2.658: [DefNew: 2254K->136K(2304K), 0.0011919 secs] 21639K->19646K(32576K), 0.0012430 secs]
2.667: [GC 2.667: [DefNew: 2248K->192K(2304K), 0.0087501 secs] 21758K->21315K(32576K), 0.0088138 secs]
2.682: [GC 2.682: [DefNew: 2304K->191K(2304K), 0.0018536 secs] 23427K->21506K(32576K), 0.0019126 secs]
2.689: [GC 2.689: [DefNew: 2303K->191K(2304K), 0.0027638 secs] 23618K->21879K(32576K), 0.0028136 secs]
2.697: [GC 2.697: [DefNew: 2303K->184K(2304K), 0.0013470 secs] 23991K->21974K(32576K), 0.0013946 secs]
2.704: [GC 2.704: [DefNew: 2122K->192K(2304K), 0.0051218 secs] 23913K->22938K(32576K), 0.0051843 secs]
2.716: [GC 2.716: [DefNew: 2304K->191K(2304K), 0.0086746 secs] 25050K->24679K(32576K), 0.0087476 secs]
2.732: [GC 2.732: [DefNew: 2146K->192K(2304K), 0.0064896 secs] 26634K->26066K(32576K), 0.0065506 secs]
2.745: [GC 2.745: [DefNew: 2304K->192K(2304K), 0.0063423 secs] 28178K->27661K(32576K), 0.0064023 secs]
2.761: [GC 2.761: [DefNew: 2304K->191K(2304K), 0.0113738 secs] 29773K->29771K(32576K), 0.0114339 secs]
2.780: [GC 2.780: [DefNew: 2303K->2303K(2304K), 0.0000167 secs]2.780: [Tenured: 29579K->7758K(30272K), 0.0595246 secs] 31883K->7758K(32576K), 0.0596306 secs]
2.848: [GC 2.848: [DefNew: 2112K->191K(2304K), 0.0123442 secs] 9870K->9869K(32576K), 0.0124035 secs]
2.866: [GC 2.867: [DefNew: 2303K->192K(2304K), 0.0036148 secs] 11981K->10446K(32576K), 0.0036736 secs]
2.876: [GC 2.876: [DefNew: 2304K->192K(2304K), 0.0029065 secs] 12558K->10828K(32576K), 0.0029624 secs]
2.885: [GC 2.885: [DefNew: 2304K->140K(2304K), 0.0011348 secs] 12940K->10879K(32576K), 0.0011885 secs]
2.894: [GC 2.894: [DefNew: 2252K->192K(2304K), 0.0080383 secs] 12991K->12388K(32576K), 0.0080995 secs]
2.908: [GC 2.908: [DefNew: 2304K->192K(2304K), 0.0025070 secs] 14500K->12726K(32576K), 0.0025547 secs]
2.916: [GC 2.916: [DefNew: 2304K->191K(2304K), 0.0015762 secs] 14838K->12881K(32576K), 0.0016249 secs]
2.924: [GC 2.924: [DefNew: 2303K->191K(2304K), 0.0040648 secs] 14993K->13562K(32576K), 0.0041193 secs]
2.935: [GC 2.935: [DefNew: 2303K->191K(2304K), 0.0044584 secs] 15674K->14296K(32576K), 0.0045151 secs]
2.945: [GC 2.945: [DefNew: 2303K->191K(2304K), 0.0020986 secs] 16408K->14567K(32576K), 0.0021474 secs]
2.953: [GC 2.953: [DefNew: 2303K->191K(2304K), 0.0027927 secs] 16679K->14965K(32576K), 0.0028417 secs]
2.961: [GC 2.961: [DefNew: 2303K->192K(2304K), 0.0027698 secs] 17077K->15403K(32576K), 0.0028193 secs]
2.971: [GC 2.971: [DefNew: 2304K->191K(2304K), 0.0097674 secs] 17515K->17277K(32576K), 0.0098286 secs]
2.987: [GC 2.987: [DefNew: 2303K->191K(2304K), 0.0025657 secs] 19389K->17625K(32576K), 0.0026149 secs]
2.995: [GC 2.995: [DefNew: 2303K->191K(2304K), 0.0024411 secs] 19737K->17937K(32576K), 0.0024903 secs]
3.003: [GC 3.003: [DefNew: 2303K->192K(2304K), 0.0040571 secs] 20049K->18583K(32576K), 0.0041137 secs]
3.012: [GC 3.012: [DefNew: 2304K->146K(2304K), 0.0012782 secs] 20695K->18678K(32576K), 0.0013258 secs]
3.020: [GC 3.020: [DefNew: 2258K->191K(2304K), 0.0064845 secs] 20790K->19875K(32576K), 0.0065448 secs]
3.033: [GC 3.033: [DefNew: 2303K->192K(2304K), 0.0111094 secs] 21987K->21986K(32576K), 0.0113574 secs]
3.052: [GC 3.052: [DefNew: 2304K->191K(2304K), 0.0110696 secs] 24098K->24098K(32576K), 0.0111297 secs]
3.071: [GC 3.071: [DefNew: 2303K->191K(2304K), 0.0079533 secs] 26210K->25652K(32576K), 0.0080153 secs]
3.085: [GC 3.085: [DefNew: 2303K->191K(2304K), 0.0056041 secs] 27764K->26705K(32576K), 0.0056656 secs]
3.098: [GC 3.098: [DefNew: 2303K->191K(2304K), 0.0078714 secs] 28817K->28124K(32576K), 0.0079340 secs]
3.111: [GC 3.111: [DefNew: 2303K->187K(2304K), 0.0016363 secs] 30236K->28267K(32576K), 0.0016853 secs]
3.119: [GC 3.119: [DefNew: 2299K->2299K(2304K), 0.0000166 secs]3.119: [Tenured: 28080K->16977K(30272K), 0.1328281 secs] 30379K->16977K(32576K), 0.1329257 secs]
3.259: [GC 3.259: [DefNew: 2112K->191K(2304K), 0.0053825 secs] 19089K->18140K(32576K), 0.0054421 secs]
3.271: [GC 3.271: [DefNew: 2303K->192K(2304K), 0.0043801 secs] 20252K->18845K(32576K), 0.0044405 secs]
3.281: [GC 3.281: [DefNew: 2304K->139K(2304K), 0.0013469 secs] 20957K->18948K(32576K), 0.0013953 secs]
3.288: [GC 3.288: [DefNew: 2251K->191K(2304K), 0.0031626 secs] 21060K->19500K(32576K), 0.0032145 secs]
3.299: [GC 3.299: [DefNew: 2303K->191K(2304K), 0.0090334 secs] 21612K->21148K(32576K), 0.0090948 secs]
3.314: [GC 3.314: [DefNew: 2303K->156K(2304K), 0.0015333 secs] 23260K->21272K(32576K), 0.0015858 secs]
3.322: [GC 3.322: [DefNew: 2268K->191K(2304K), 0.0041055 secs] 23384K->21870K(32576K), 0.0041698 secs]
3.332: [GC 3.332: [DefNew: 2303K->191K(2304K), 0.0016885 secs] 23982K->22035K(32576K), 0.0017381 secs]
3.339: [GC 3.339: [DefNew: 2303K->117K(2304K), 0.0013077 secs] 24147K->22120K(32576K), 0.0013562 secs]
3.347: [GC 3.347: [DefNew: 2229K->192K(2304K), 0.0046843 secs] 24232K->22980K(32576K), 0.0047415 secs]
3.357: [GC 3.357: [DefNew: 2304K->191K(2304K), 0.0015768 secs] 25092K->23130K(32576K), 0.0016235 secs]
3.364: [GC 3.364: [DefNew: 2301K->192K(2304K), 0.0040733 secs] 25240K->23832K(32576K), 0.0041282 secs]
3.375: [GC 3.375: [DefNew: 2304K->191K(2304K), 0.0092829 secs] 25944K->25743K(32576K), 0.0093397 secs]
3.390: [GC 3.390: [DefNew: 2303K->191K(2304K), 0.0088297 secs] 27855K->27580K(32576K), 0.0088870 secs]
3.406: [GC 3.406: [DefNew: 2303K->191K(2304K), 0.0054756 secs] 29692K->28459K(32576K), 0.0055346 secs]
3.417: [GC 3.417: [DefNew: 2303K->2303K(2304K), 0.0000163 secs]3.417: [Tenured: 28267K->14777K(30272K), 0.0949172 secs] 30571K->14777K(32576K), 0.0950202 secs]
3.518: [GC 3.518: [DefNew: 2112K->191K(2304K), 0.0012156 secs] 16889K->15035K(32576K), 0.0012645 secs]
3.525: [GC 3.525: [DefNew: 2303K->191K(2304K), 0.0036818 secs] 17147K->15600K(32576K), 0.0037382 secs]
3.535: [GC 3.535: [DefNew: 2303K->191K(2304K), 0.0034465 secs] 17712K->16102K(32576K), 0.0035014 secs]
3.545: [GC 3.545: [DefNew: 2303K->191K(2304K), 0.0019858 secs] 18214K->16292K(32576K), 0.0020413 secs]
3.552: [GC 3.552: [DefNew: 2303K->191K(2304K), 0.0049237 secs] 18404K->17195K(32576K), 0.0049834 secs]
3.564: [GC 3.564: [DefNew: 2303K->191K(2304K), 0.0102220 secs] 19307K->19237K(32576K), 0.0102834 secs]
3.581: [GC 3.581: [DefNew: 2303K->191K(2304K), 0.0110565 secs] 21349K->21348K(32576K), 0.0111176 secs]
3.600: [GC 3.600: [DefNew: 2303K->192K(2304K), 0.0066043 secs] 23460K->22529K(32576K), 0.0066647 secs]
3.612: [GC 3.613: [DefNew: 2304K->192K(2304K), 0.0025417 secs] 24641K->22872K(32576K), 0.0025903 secs]
3.621: [GC 3.621: [DefNew: 2304K->192K(2304K), 0.0015274 secs] 24984K->22993K(32576K), 0.0015752 secs]
3.628: [GC 3.628: [DefNew: 2304K->173K(2304K), 0.0013655 secs] 25105K->23072K(32576K), 0.0014217 secs]
3.636: [GC 3.636: [DefNew: 2285K->192K(2304K), 0.0070818 secs] 25184K->24380K(32576K), 0.0071421 secs]
3.651: [GC 3.651: [DefNew: 2304K->191K(2304K), 0.0045945 secs] 26492K->25158K(32576K), 0.0046528 secs]
3.661: [GC 3.661: [DefNew: 2303K->192K(2304K), 0.0020000 secs] 27270K->25381K(32576K), 0.0020537 secs]
3.668: [GC 3.668: [DefNew: 2304K->192K(2304K), 0.0039974 secs] 27493K->25997K(32576K), 0.0040520 secs]
3.678: [GC 3.678: [DefNew: 2304K->191K(2304K), 0.0022145 secs] 28109K->26278K(32576K), 0.0022634 secs]
3.687: [GC 3.687: [DefNew: 2303K->191K(2304K), 0.0038956 secs] 28390K->26871K(32576K), 0.0039613 secs]
3.697: [GC 3.697: [DefNew: 2303K->192K(2304K), 0.0021745 secs] 28983K->27128K(32576K), 0.0022237 secs]
3.704: [GC 3.704: [DefNew: 2304K->137K(2304K), 0.0013908 secs] 29240K->27228K(32576K), 0.0014419 secs]
3.712: [GC 3.712: [DefNew: 2249K->192K(2304K), 0.0048147 secs] 29340K->28065K(32576K), 0.0048733 secs]
3.722: [GC 3.722: [DefNew: 2304K->183K(2304K), 0.0015757 secs] 30177K->28218K(32576K), 0.0016251 secs]
3.730: [GC 3.730: [DefNew: 2295K->2295K(2304K), 0.0000163 secs]3.730: [Tenured: 28035K->16309K(30272K), 0.1080836 secs] 30330K->16309K(32576K), 0.1081826 secs]
3.845: [GC 3.845: [DefNew: 2112K->192K(2304K), 0.0047367 secs] 18421K->17282K(32576K), 0.0048018 secs]
3.855: [GC 3.855: [DefNew: 2304K->191K(2304K), 0.0030847 secs] 19394K->17769K(32576K), 0.0031435 secs]
3.865: [GC 3.865: [DefNew: 2303K->191K(2304K), 0.0059301 secs] 19881K->18849K(32576K), 0.0059916 secs]
3.877: [GC 3.878: [DefNew: 2303K->191K(2304K), 0.0032981 secs] 20961K->19323K(32576K), 0.0033553 secs]
3.887: [GC 3.887: [DefNew: 2303K->191K(2304K), 0.0024704 secs] 21435K->19625K(32576K), 0.0025199 secs]
3.895: [GC 3.895: [DefNew: 2303K->192K(2304K), 0.0027288 secs] 21737K->20006K(32576K), 0.0027790 secs]
3.903: [GC 3.903: [DefNew: 2304K->191K(2304K), 0.0016853 secs] 22118K->20167K(32576K), 0.0017320 secs]
3.911: [GC 3.911: [DefNew: 2303K->191K(2304K), 0.0061334 secs] 22279K->21259K(32576K), 0.0061927 secs]
3.924: [GC 3.924: [DefNew: 2303K->191K(2304K), 0.0047683 secs] 23371K->22035K(32576K), 0.0048341 secs]
3.934: [GC 3.934: [DefNew: 2303K->192K(2304K), 0.0025008 secs] 24147K->22369K(32576K), 0.0025503 secs]
3.942: [GC 3.942: [DefNew: 2304K->192K(2304K), 0.0022620 secs] 24481K->22649K(32576K), 0.0023110 secs]
3.950: [GC 3.950: [DefNew: 2304K->191K(2304K), 0.0017299 secs] 24761K->22817K(32576K), 0.0017781 secs]
3.957: [GC 3.957: [DefNew: 2303K->191K(2304K), 0.0021657 secs] 24929K->23077K(32576K), 0.0022148 secs]
3.966: [GC 3.966: [DefNew: 2303K->192K(2304K), 0.0043329 secs] 25189K->23912K(32576K), 0.0043916 secs]
3.975: [GC 3.975: [DefNew: 2050K->192K(2304K), 0.0062694 secs] 25771K->25148K(32576K), 0.0063355 secs]
3.987: [GC 3.987: [DefNew: 2274K->192K(2304K), 0.0081630 secs] 27231K->26912K(32576K), 0.0082257 secs]
4.004: [GC 4.004: [DefNew: 2304K->192K(2304K), 0.0087740 secs] 29024K->29023K(32576K), 0.0088317 secs]
Elapsed time: 1300.186033 msecs
(used:29M/1M [31M,31M ])
(used:29M/1M [31M,31M ])
(used:29M/1M [31M,31M ])
Done
