"c:\projects\tools\home\projects\aaageneralprojects\jvmnotebook\clojure\perf_memory\src\build\classes;c:\projects\tools\home\projects\aaageneralprojects\jvmnotebook\clojure\perf_memory\src\clj;c:\projects\tools\home\projects\aaageneralprojects\jvmnotebook\clojure\perf_memory\lib\clojure-1.0.0.jar"
0.219: [GC 0.219: [DefNew: 512K->63K(576K), 0.0029863 secs] 512K->147K(1984K), 0.0031032 secs]
Running Server
0.292: [GC 0.292: [DefNew: 575K->61K(576K), 0.0012316 secs] 659K->210K(1984K), 0.0013336 secs]
0.367: [GC 0.367: [DefNew: 573K->15K(576K), 0.0010471 secs] 722K->182K(1984K), 0.0011468 secs]
0.684: [GC 0.684: [DefNew: 527K->61K(576K), 0.0008250 secs] 694K->227K(1984K), 0.0008738 secs]
1.170: [GC 1.171: [DefNew: 573K->0K(576K), 0.0009087 secs] 739K->227K(1984K), 0.0009595 secs]
1.647: [GC 1.647: [DefNew: 512K->0K(576K), 0.0006693 secs] 739K->227K(1984K), 0.0007194 secs]
2.131: [GC 2.131: [DefNew: 512K->0K(576K), 0.0011451 secs] 739K->227K(1984K), 0.0011948 secs]
2.615: [GC 2.615: [DefNew: 512K->0K(576K), 0.0007217 secs] 739K->227K(1984K), 0.0007718 secs]
3.107: [GC 3.107: [DefNew: 512K->0K(576K), 0.0011650 secs] 739K->227K(1984K), 0.0012147 secs]
3.595: [GC 3.595: [DefNew: 512K->0K(576K), 0.0007336 secs] 739K->227K(1984K), 0.0007838 secs]
4.079: [GC 4.079: [DefNew: 512K->0K(576K), 0.0011951 secs] 739K->227K(1984K), 0.0012495 secs]
4.564: [GC 4.564: [DefNew: 512K->0K(576K), 0.0007364 secs] 739K->227K(1984K), 0.0007881 secs]
5.048: [GC 5.048: [DefNew: 512K->0K(576K), 0.0011500 secs] 739K->227K(1984K), 0.0012008 secs]
5.561: [GC 5.561: [DefNew: 512K->0K(576K), 0.0007327 secs] 739K->227K(1984K), 0.0007833 secs]
6.116: [GC 6.116: [DefNew: 512K->0K(576K), 0.0011596 secs] 739K->227K(1984K), 0.0012116 secs]
6.648: [GC 6.648: [DefNew: 512K->0K(576K), 0.0007421 secs] 739K->227K(1984K), 0.0007961 secs]
7.216: [GC 7.216: [DefNew: 512K->0K(576K), 0.0011517 secs] 739K->227K(1984K), 0.0012025 secs]
7.718: [GC 7.718: [DefNew: 512K->0K(576K), 0.0007642 secs] 739K->227K(1984K), 0.0008196 secs]
8.239: [GC 8.239: [DefNew: 512K->0K(576K), 0.0011351 secs] 739K->227K(1984K), 0.0011845 secs]
8.747: [GC 8.747: [DefNew: 512K->0K(576K), 0.0007852 secs] 739K->227K(1984K), 0.0008431 secs]
9.297: [GC 9.297: [DefNew: 512K->0K(576K), 0.0012405 secs] 739K->227K(1984K), 0.0012997 secs]
9.812: [GC 9.812: [DefNew: 512K->0K(576K), 0.0008214 secs] 739K->227K(1984K), 0.0008756 secs]
10.306: [GC 10.306: [DefNew: 512K->0K(576K), 0.0011415 secs] 739K->227K(1984K), 0.0011918 secs]
10.795: [GC 10.795: [DefNew: 512K->0K(576K), 0.0007237 secs] 739K->227K(1984K), 0.0007740 secs]
11.289: [GC 11.289: [DefNew: 512K->0K(576K), 0.0011723 secs] 739K->227K(1984K), 0.0012228 secs]
11.778: [GC 11.778: [DefNew: 512K->0K(576K), 0.0007293 secs] 739K->227K(1984K), 0.0007793 secs]
12.260: [GC 12.260: [DefNew: 512K->0K(576K), 0.0011422 secs] 739K->227K(1984K), 0.0011917 secs]
12.774: [GC 12.774: [DefNew: 512K->0K(576K), 0.0007996 secs] 739K->227K(1984K), 0.0008556 secs]
13.289: [GC 13.289: [DefNew: 512K->0K(576K), 0.0011543 secs] 739K->227K(1984K), 0.0012074 secs]
13.801: [GC 13.801: [DefNew: 512K->0K(576K), 0.0007585 secs] 739K->227K(1984K), 0.0008141 secs]
14.330: [GC 14.330: [DefNew: 512K->0K(576K), 0.0012512 secs] 739K->227K(1984K), 0.0013160 secs]
14.912: [GC 14.912: [DefNew: 512K->0K(576K), 0.0007377 secs] 739K->227K(1984K), 0.0007884 secs]
15.396: [GC 15.397: [DefNew: 512K->0K(576K), 0.0011518 secs] 739K->227K(1984K), 0.0012020 secs]
15.899: [GC 15.899: [DefNew: 512K->0K(576K), 0.0007237 secs] 739K->227K(1984K), 0.0007734 secs]
Elapsed Time: 15706.991483 ms
Done
"c:\projects\tools\home\projects\aaageneralprojects\jvmnotebook\clojure\perf_memory\src\build\classes;c:\projects\tools\home\projects\aaageneralprojects\jvmnotebook\clojure\perf_memory\src\clj;c:\projects\tools\home\projects\aaageneralprojects\jvmnotebook\clojure\perf_memory\lib\clojure-1.0.0.jar"
0.098: [GC 0.098: [DefNew: 512K->63K(576K), 0.0027807 secs] 512K->147K(1984K), 0.0028324 secs]
Running Server
0.119: [GC 0.119: [DefNew: 575K->61K(576K), 0.0009785 secs] 659K->210K(1984K), 0.0010260 secs]
0.144: [GC 0.144: [DefNew: 573K->15K(576K), 0.0008184 secs] 722K->182K(1984K), 0.0009377 secs]
0.174: [GC 0.174: [DefNew: 527K->61K(576K), 0.0004559 secs] 694K->227K(1984K), 0.0005012 secs]
0.176: [GC 0.176: [DefNew: 573K->0K(576K), 0.0003584 secs] 739K->227K(1984K), 0.0003981 secs]
0.177: [GC 0.177: [DefNew: 512K->0K(576K), 0.0000774 secs] 739K->227K(1984K), 0.0001167 secs]
0.178: [GC 0.178: [DefNew: 512K->0K(576K), 0.0000677 secs] 739K->227K(1984K), 0.0001052 secs]
0.179: [GC 0.179: [DefNew: 512K->0K(576K), 0.0000667 secs] 739K->227K(1984K), 0.0001039 secs]
0.180: [GC 0.181: [DefNew: 512K->0K(576K), 0.0000735 secs] 739K->227K(1984K), 0.0001133 secs]
0.182: [GC 0.182: [DefNew: 512K->0K(576K), 0.0000674 secs] 739K->227K(1984K), 0.0001051 secs]
0.183: [GC 0.183: [DefNew: 512K->0K(576K), 0.0000675 secs] 739K->227K(1984K), 0.0001050 secs]
0.184: [GC 0.184: [DefNew: 512K->0K(576K), 0.0000735 secs] 739K->227K(1984K), 0.0001134 secs]
0.185: [GC 0.185: [DefNew: 512K->0K(576K), 0.0000847 secs] 739K->227K(1984K), 0.0001268 secs]
0.186: [GC 0.186: [DefNew: 512K->0K(576K), 0.0000773 secs] 739K->227K(1984K), 0.0001177 secs]
0.187: [GC 0.187: [DefNew: 512K->0K(576K), 0.0000680 secs] 739K->227K(1984K), 0.0001054 secs]
0.188: [GC 0.189: [DefNew: 512K->0K(576K), 0.0000894 secs] 739K->227K(1984K), 0.0001329 secs]
0.190: [GC 0.190: [DefNew: 512K->0K(576K), 0.0000691 secs] 739K->227K(1984K), 0.0001068 secs]
0.191: [GC 0.191: [DefNew: 512K->0K(576K), 0.0000670 secs] 739K->227K(1984K), 0.0001046 secs]
0.192: [GC 0.192: [DefNew: 512K->0K(576K), 0.0000661 secs] 739K->227K(1984K), 0.0001037 secs]
0.193: [GC 0.193: [DefNew: 512K->0K(576K), 0.0000667 secs] 739K->227K(1984K), 0.0001043 secs]
0.194: [GC 0.194: [DefNew: 512K->0K(576K), 0.0000690 secs] 739K->227K(1984K), 0.0001078 secs]
0.195: [GC 0.195: [DefNew: 512K->0K(576K), 0.0000667 secs] 739K->227K(1984K), 0.0001033 secs]
0.196: [GC 0.196: [DefNew: 512K->0K(576K), 0.0000673 secs] 739K->227K(1984K), 0.0001047 secs]
0.197: [GC 0.197: [DefNew: 512K->0K(576K), 0.0000666 secs] 739K->227K(1984K), 0.0001041 secs]
0.198: [GC 0.198: [DefNew: 512K->0K(576K), 0.0000663 secs] 739K->227K(1984K), 0.0001037 secs]
0.199: [GC 0.200: [DefNew: 512K->0K(576K), 0.0000658 secs] 739K->227K(1984K), 0.0001028 secs]
0.201: [GC 0.201: [DefNew: 512K->0K(576K), 0.0000657 secs] 739K->227K(1984K), 0.0001024 secs]
0.202: [GC 0.202: [DefNew: 512K->0K(576K), 0.0000676 secs] 739K->227K(1984K), 0.0001053 secs]
0.203: [GC 0.203: [DefNew: 512K->0K(576K), 0.0000729 secs] 739K->227K(1984K), 0.0001134 secs]
0.204: [GC 0.204: [DefNew: 512K->0K(576K), 0.0000677 secs] 739K->227K(1984K), 0.0001052 secs]
0.205: [GC 0.205: [DefNew: 512K->0K(576K), 0.0000668 secs] 739K->227K(1984K), 0.0001036 secs]
0.206: [GC 0.206: [DefNew: 512K->0K(576K), 0.0000665 secs] 739K->227K(1984K), 0.0001037 secs]
0.207: [GC 0.207: [DefNew: 512K->0K(576K), 0.0000663 secs] 739K->227K(1984K), 0.0001033 secs]
0.208: [GC 0.208: [DefNew: 512K->0K(576K), 0.0000659 secs] 739K->227K(1984K), 0.0001032 secs]
Elapsed Time: 93.94487 ms
Done
