"c:\projects\tools\home\projects\aaageneralprojects\jvmnotebook\clojure\perf_memory\src\build\classes;c:\projects\tools\home\projects\aaageneralprojects\jvmnotebook\clojure\perf_memory\src\clj;c:\projects\tools\home\projects\aaageneralprojects\jvmnotebook\clojure\perf_memory\lib\clojure-1.0.0.jar"
0.095: [GC 0.095: [DefNew: 512K->63K(576K), 0.0028727 secs] 512K->148K(1984K), 0.0029798 secs]
0.137: [GC 0.137: [DefNew: 575K->62K(576K), 0.0012940 secs] 660K->209K(1984K), 0.0014041 secs]
0.161: [GC 0.161: [DefNew: 574K->9K(576K), 0.0012832 secs] 721K->217K(1984K), 0.0013816 secs]
Running Server
0.185: [GC 0.186: [DefNew: 517K->35K(576K), 0.0006775 secs] 725K->242K(1984K), 0.0007273 secs]
List(-1889499718, -1855070552, -1453592519, -692621400, -603595062, -51484383, 36118688, 1036528240, 1154084650, 2140921306)
i-size: 1
Elapsed Time: 1.477552 ms 1
i-size: 3
Elapsed Time: 0.057040999999999994 ms 3
i-size: 9
Elapsed Time: 0.099713 ms 9
i-size: 27
Elapsed Time: 0.46525999999999995 ms 27
i-size: 81
Elapsed Time: 2.089565 ms 81
i-size: 243
0.216: [GC 0.216: [DefNew: 547K->16K(576K), 0.0007365 secs] 754K->249K(1984K), 0.0007822 secs]
Elapsed Time: 10.902726 ms 243
i-size: 729
Elapsed Time: 4.013661 ms 729
i-size: 2187
0.229: [GC 0.229: [DefNew: 528K->49K(576K), 0.0004234 secs] 761K->282K(1984K), 0.0004697 secs]
0.236: [GC 0.236: [DefNew: 561K->63K(576K), 0.0015007 secs] 794K->436K(1984K), 0.0015448 secs]
0.241: [GC 0.241: [DefNew: 575K->45K(576K), 0.0008573 secs] 948K->449K(1984K), 0.0008989 secs]
Elapsed Time: 14.90167 ms 2187
i-size: 6561
0.246: [GC 0.246: [DefNew: 557K->63K(576K), 0.0019436 secs] 961K->727K(1984K), 0.0019893 secs]
0.251: [GC 0.251: [DefNew: 575K->63K(576K), 0.0022413 secs] 1239K->997K(1984K), 0.0022859 secs]
0.257: [GC 0.257: [DefNew: 575K->64K(576K), 0.0012954 secs] 1509K->1108K(1984K), 0.0013360 secs]
0.262: [GC 0.262: [DefNew: 576K->64K(576K), 0.0015871 secs] 1620K->1291K(1984K), 0.0016304 secs]
0.267: [GC 0.267: [DefNew: 576K->48K(576K), 0.0004414 secs] 1803K->1292K(1984K), 0.0004811 secs]
0.270: [GC 0.270: [DefNew: 560K->64K(576K), 0.0006182 secs] 1804K->1340K(1984K), 0.0006601 secs]
0.274: [GC 0.274: [DefNew: 576K->63K(576K), 0.0007054 secs] 1852K->1390K(1984K), 0.0007441 secs]
0.278: [GC 0.278: [DefNew: 575K->41K(576K), 0.0003113 secs] 1902K->1367K(1984K), 0.0003551 secs]
0.282: [GC 0.282: [DefNew: 553K->63K(576K), 0.0008801 secs]0.283: [Tenured: 1406K->772K(1408K), 0.0134192 secs] 1879K->772K(1984K), 0.0143772 secs]
Elapsed Time: 53.795848 ms 6561
i-size: 19683
0.298: [GC 0.298: [DefNew: 512K->63K(576K), 0.0015920 secs] 1284K->1051K(1984K), 0.0016465 secs]
0.301: [GC 0.301: [DefNew: 575K->63K(576K), 0.0031483 secs]0.305: [Tenured: 1498K->1018K(1536K), 0.0139279 secs] 1563K->1018K(2112K), 0.0171708 secs]
0.322: [GC 0.322: [DefNew: 512K->63K(576K), 0.0026325 secs] 1530K->1481K(2276K), 0.0026818 secs]
0.328: [GC 0.328: [DefNew: 575K->64K(576K), 0.0020564 secs] 1993K->1737K(2276K), 0.0021046 secs]
0.333: [GC 0.333: [DefNew: 576K->64K(576K), 0.0020422 secs]0.335: [Tenured: 1929K->1393K(1956K), 0.0170562 secs] 2249K->1393K(2532K), 0.0191922 secs]
0.356: [GC 0.356: [DefNew: 512K->64K(576K), 0.0011241 secs] 1905K->1568K(2900K), 0.0011725 secs]
0.360: [GC 0.360: [DefNew: 576K->64K(576K), 0.0007917 secs] 2080K->1636K(2900K), 0.0008333 secs]
0.365: [GC 0.365: [DefNew: 576K->64K(576K), 0.0012641 secs] 2148K->1783K(2900K), 0.0013048 secs]
0.369: [GC 0.369: [DefNew: 576K->64K(576K), 0.0006910 secs] 2295K->1829K(2900K), 0.0007327 secs]
0.373: [GC 0.373: [DefNew: 576K->61K(576K), 0.0004144 secs] 2341K->1827K(2900K), 0.0004584 secs]
0.377: [GC 0.377: [DefNew: 573K->64K(576K), 0.0011947 secs] 2339K->1963K(2900K), 0.0012383 secs]
0.381: [GC 0.381: [DefNew: 576K->64K(576K), 0.0012001 secs] 2475K->2087K(2900K), 0.0012414 secs]
0.386: [GC 0.386: [DefNew: 576K->64K(576K), 0.0017837 secs] 2599K->2294K(2900K), 0.0018288 secs]
0.391: [GC 0.391: [DefNew: 576K->52K(576K), 0.0004787 secs] 2806K->2300K(2900K), 0.0005205 secs]
0.395: [GC 0.395: [DefNew: 564K->47K(576K), 0.0005797 secs] 2812K->2337K(2900K), 0.0006185 secs]
0.399: [GC 0.399: [DefNew: 559K->64K(576K), 0.0014432 secs]0.400: [Tenured: 2452K->1867K(2580K), 0.0220132 secs] 2849K->1867K(3156K), 0.0235629 secs]
0.426: [GC 0.426: [DefNew: 512K->64K(576K), 0.0014342 secs] 2379K->2089K(3692K), 0.0014806 secs]
0.431: [GC 0.431: [DefNew: 576K->43K(576K), 0.0004804 secs] 2601K->2094K(3692K), 0.0005206 secs]
0.435: [GC 0.435: [DefNew: 555K->64K(576K), 0.0008020 secs] 2606K->2178K(3692K), 0.0008443 secs]
0.439: [GC 0.439: [DefNew: 576K->64K(576K), 0.0011613 secs] 2690K->2299K(3692K), 0.0012039 secs]
0.443: [GC 0.443: [DefNew: 576K->27K(576K), 0.0006296 secs] 2811K->2326K(3692K), 0.0006695 secs]
0.447: [GC 0.447: [DefNew: 539K->64K(576K), 0.0007561 secs] 2838K->2410K(3692K), 0.0007965 secs]
0.451: [GC 0.451: [DefNew: 576K->64K(576K), 0.0012663 secs] 2922K->2545K(3692K), 0.0013157 secs]
0.456: [GC 0.456: [DefNew: 576K->60K(576K), 0.0004938 secs] 3057K->2556K(3692K), 0.0005369 secs]
0.460: [GC 0.460: [DefNew: 572K->52K(576K), 0.0003459 secs] 3068K->2548K(3692K), 0.0003858 secs]
0.463: [GC 0.463: [DefNew: 564K->64K(576K), 0.0023191 secs] 3060K->2874K(3692K), 0.0023650 secs]
0.469: [GC 0.469: [DefNew: 576K->64K(576K), 0.0006371 secs] 3386K->2908K(3692K), 0.0006794 secs]
0.473: [GC 0.473: [DefNew: 576K->64K(576K), 0.0012306 secs] 3420K->3041K(3692K), 0.0012703 secs]
0.477: [GC 0.477: [DefNew: 576K->57K(576K), 0.0004007 secs] 3553K->3038K(3692K), 0.0004402 secs]
Elapsed Time: 182.199594 ms 19683
i-size: 59049
0.480: [GC 0.480: [DefNew: 569K->63K(576K), 0.0007602 secs] 3550K->3111K(3692K), 0.0008043 secs]
0.482: [GC 0.482: [DefNew: 575K->64K(576K), 0.0032620 secs]0.485: [Tenured: 3558K->870K(3628K), 0.0142102 secs] 3623K->870K(4204K), 0.0175948 secs]
0.501: [GC 0.501: [DefNew: 512K->64K(576K), 0.0027446 secs] 1382K->1382K(3692K), 0.0027884 secs]
0.504: [GC 0.504: [DefNew: 576K->64K(576K), 0.0030832 secs] 1894K->1893K(3692K), 0.0031263 secs]
0.509: [GC 0.509: [DefNew: 576K->63K(576K), 0.0031528 secs] 2405K->2404K(3692K), 0.0031979 secs]
0.515: [GC 0.515: [DefNew: 575K->64K(576K), 0.0030730 secs] 2916K->2915K(3692K), 0.0031199 secs]
0.521: [GC 0.521: [DefNew: 576K->64K(576K), 0.0032018 secs]0.524: [Tenured: 3363K->3371K(3372K), 0.0243433 secs] 3427K->3427K(3948K), 0.0276536 secs]
0.551: [GC 0.551: [DefNew: 512K->64K(576K), 0.0104952 secs] 3883K->3883K(6196K), 0.0105474 secs]
0.567: [GC 0.567: [DefNew: 576K->63K(576K), 0.0021517 secs] 4395K->4141K(6196K), 0.0022005 secs]
0.572: [GC 0.572: [DefNew: 575K->64K(576K), 0.0019910 secs] 4653K->4397K(6196K), 0.0020368 secs]
0.577: [GC 0.577: [DefNew: 576K->64K(576K), 0.0019604 secs] 4909K->4652K(6196K), 0.0020048 secs]
0.583: [GC 0.583: [DefNew: 576K->64K(576K), 0.0020201 secs] 5164K->4908K(6196K), 0.0020671 secs]
0.588: [GC 0.588: [DefNew: 576K->64K(576K), 0.0020563 secs] 5420K->5163K(6196K), 0.0021056 secs]
0.593: [GC 0.593: [DefNew: 576K->64K(576K), 0.0020102 secs] 5675K->5419K(6196K), 0.0020560 secs]
0.599: [GC 0.600: [DefNew: 576K->64K(576K), 0.0020817 secs]0.602: [Tenured: 5610K->3845K(5620K), 0.0358559 secs] 5931K->3845K(6196K), 0.0380437 secs]
0.641: [GC 0.641: [DefNew: 512K->64K(576K), 0.0015778 secs] 4357K->4100K(6988K), 0.0016243 secs]
0.646: [GC 0.646: [DefNew: 576K->64K(576K), 0.0020417 secs] 4612K->4356K(6988K), 0.0020902 secs]
0.652: [GC 0.652: [DefNew: 576K->64K(576K), 0.0017811 secs] 4868K->4574K(6988K), 0.0018268 secs]
0.657: [GC 0.657: [DefNew: 576K->37K(576K), 0.0006680 secs] 5086K->4612K(6988K), 0.0007079 secs]
0.661: [GC 0.661: [DefNew: 549K->64K(576K), 0.0007189 secs] 5124K->4686K(6988K), 0.0007600 secs]
0.665: [GC 0.665: [DefNew: 576K->64K(576K), 0.0007267 secs] 5198K->4736K(6988K), 0.0007695 secs]
0.669: [GC 0.669: [DefNew: 576K->53K(576K), 0.0005223 secs] 5248K->4750K(6988K), 0.0005633 secs]
0.673: [GC 0.673: [DefNew: 565K->64K(576K), 0.0017623 secs] 5262K->4980K(6988K), 0.0018092 secs]
0.679: [GC 0.679: [DefNew: 576K->64K(576K), 0.0018686 secs] 5492K->5206K(6988K), 0.0019147 secs]
0.684: [GC 0.684: [DefNew: 576K->56K(576K), 0.0005651 secs] 5718K->5230K(6988K), 0.0006062 secs]
0.688: [GC 0.688: [DefNew: 568K->64K(576K), 0.0006519 secs] 5742K->5273K(6988K), 0.0007817 secs]
0.692: [GC 0.692: [DefNew: 576K->64K(576K), 0.0004618 secs] 5785K->5278K(6988K), 0.0005047 secs]
0.696: [GC 0.696: [DefNew: 576K->64K(576K), 0.0019383 secs] 5790K->5521K(6988K), 0.0019877 secs]
0.702: [GC 0.702: [DefNew: 576K->64K(576K), 0.0009116 secs] 6033K->5597K(6988K), 0.0009533 secs]
0.706: [GC 0.706: [DefNew: 576K->56K(576K), 0.0005746 secs] 6109K->5621K(6988K), 0.0006141 secs]
0.710: [GC 0.710: [DefNew: 568K->64K(576K), 0.0009377 secs] 6133K->5709K(6988K), 0.0009820 secs]
0.714: [GC 0.715: [DefNew: 576K->64K(576K), 0.0017034 secs] 6221K->5911K(6988K), 0.0017509 secs]
0.720: [GC 0.720: [DefNew: 576K->64K(576K), 0.0012222 secs] 6423K->6037K(6988K), 0.0012676 secs]
0.725: [GC 0.725: [DefNew: 576K->64K(576K), 0.0016492 secs] 6549K->6226K(6988K), 0.0016941 secs]
0.730: [GC 0.730: [DefNew: 576K->64K(576K), 0.0005357 secs] 6738K->6238K(6988K), 0.0005817 secs]
0.734: [GC 0.734: [DefNew: 576K->64K(576K), 0.0019289 secs]0.736: [Tenured: 6402K->5753K(6412K), 0.0512933 secs] 6750K->5753K(6988K), 0.0533595 secs]
0.793: [GC 0.793: [DefNew: 704K->64K(768K), 0.0006700 secs] 6457K->5848K(10360K), 0.0007174 secs]
0.798: [GC 0.798: [DefNew: 768K->63K(768K), 0.0010861 secs] 6552K->5946K(10360K), 0.0011302 secs]
0.803: [GC 0.803: [DefNew: 767K->63K(768K), 0.0006465 secs] 6650K->5975K(10360K), 0.0006894 secs]
0.808: [GC 0.808: [DefNew: 767K->64K(768K), 0.0012203 secs] 6679K->6100K(10360K), 0.0012690 secs]
0.814: [GC 0.814: [DefNew: 768K->64K(768K), 0.0023388 secs] 6804K->6416K(10360K), 0.0023865 secs]
0.821: [GC 0.821: [DefNew: 768K->64K(768K), 0.0022121 secs] 7120K->6681K(10360K), 0.0022584 secs]
0.828: [GC 0.828: [DefNew: 768K->51K(768K), 0.0004851 secs] 7385K->6682K(10360K), 0.0005332 secs]
0.833: [GC 0.833: [DefNew: 755K->64K(768K), 0.0010184 secs] 7386K->6786K(10360K), 0.0010617 secs]
0.839: [GC 0.839: [DefNew: 768K->64K(768K), 0.0012447 secs] 7490K->6908K(10360K), 0.0012913 secs]
0.845: [GC 0.845: [DefNew: 768K->64K(768K), 0.0015936 secs] 7612K->7081K(10360K), 0.0016381 secs]
0.851: [GC 0.851: [DefNew: 768K->64K(768K), 0.0006503 secs] 7785K->7112K(10360K), 0.0006942 secs]
0.855: [GC 0.855: [DefNew: 768K->64K(768K), 0.0030043 secs] 7816K->7555K(10360K), 0.0030540 secs]
0.863: [GC 0.863: [DefNew: 768K->63K(768K), 0.0018147 secs] 8259K->7777K(10360K), 0.0018617 secs]
0.870: [GC 0.870: [DefNew: 767K->64K(768K), 0.0022473 secs] 8481K->8062K(10360K), 0.0023002 secs]
0.877: [GC 0.877: [DefNew: 768K->64K(768K), 0.0026610 secs] 8766K->8413K(10360K), 0.0027108 secs]
0.885: [GC 0.885: [DefNew: 768K->64K(768K), 0.0026876 secs] 9117K->8757K(10360K), 0.0027374 secs]
0.892: [GC 0.892: [DefNew: 768K->64K(768K), 0.0017651 secs] 9461K->8952K(10360K), 0.0018097 secs]
0.899: [GC 0.899: [DefNew: 768K->64K(768K), 0.0007634 secs] 9656K->9000K(10360K), 0.0008071 secs]
0.905: [GC 0.905: [DefNew: 768K->64K(768K), 0.0018350 secs] 9704K->9220K(10360K), 0.0018806 secs]
0.911: [GC 0.911: [DefNew: 768K->64K(768K), 0.0014586 secs] 9924K->9376K(10360K), 0.0015037 secs]
0.918: [GC 0.918: [DefNew: 768K->38K(768K), 0.0004832 secs] 10080K->9374K(10360K), 0.0005279 secs]
0.923: [GC 0.923: [DefNew: 742K->64K(768K), 0.0006253 secs] 10078K->9425K(10360K), 0.0006670 secs]
0.928: [GC 0.928: [DefNew: 768K->64K(768K), 0.0015717 secs] 10129K->9589K(10360K), 0.0016256 secs]
0.934: [GC 0.935: [DefNew: 768K->64K(768K), 0.0009561 secs]0.936: [Tenured: 9597K->6037K(9720K), 0.0542972 secs] 10293K->6037K(10488K), 0.0553596 secs]
0.995: [GC 0.995: [DefNew: 768K->64K(832K), 0.0005414 secs] 6805K->6110K(10896K), 0.0005893 secs]
1.000: [GC 1.000: [DefNew: 832K->64K(832K), 0.0013140 secs] 6878K->6264K(10896K), 0.0013653 secs]
1.006: [GC 1.006: [DefNew: 832K->46K(832K), 0.0007299 secs] 7032K->6309K(10896K), 0.0007781 secs]
1.012: [GC 1.012: [DefNew: 814K->64K(832K), 0.0017123 secs] 7077K->6541K(10896K), 0.0017667 secs]
1.017: [GC 1.017: [DefNew: 832K->63K(832K), 0.0026021 secs] 7309K->6925K(10896K), 0.0026504 secs]
1.025: [GC 1.025: [DefNew: 831K->64K(832K), 0.0033020 secs] 7693K->7419K(10896K), 0.0033558 secs]
1.034: [GC 1.034: [DefNew: 832K->64K(832K), 0.0028862 secs] 8187K->7799K(10896K), 0.0029479 secs]
1.042: [GC 1.042: [DefNew: 832K->64K(832K), 0.0012948 secs] 8567K->7935K(10896K), 0.0013443 secs]
1.048: [GC 1.048: [DefNew: 832K->64K(832K), 0.0009910 secs] 8703K->8024K(10896K), 0.0010391 secs]
1.054: [GC 1.055: [DefNew: 832K->64K(832K), 0.0009209 secs] 8792K->8084K(10896K), 0.0009703 secs]
1.060: [GC 1.060: [DefNew: 832K->63K(832K), 0.0006773 secs] 8852K->8117K(10896K), 0.0007265 secs]
1.067: [GC 1.067: [DefNew: 831K->64K(832K), 0.0022892 secs] 8885K->8433K(10896K), 0.0023395 secs]
1.075: [GC 1.075: [DefNew: 832K->64K(832K), 0.0018498 secs] 9201K->8659K(10896K), 0.0018966 secs]
1.081: [GC 1.081: [DefNew: 832K->64K(832K), 0.0008553 secs] 9427K->8729K(10896K), 0.0008983 secs]
1.088: [GC 1.088: [DefNew: 832K->64K(832K), 0.0016472 secs] 9497K->8916K(10896K), 0.0016950 secs]
1.094: [GC 1.094: [DefNew: 832K->62K(832K), 0.0006201 secs] 9684K->8943K(10896K), 0.0006662 secs]
1.100: [GC 1.100: [DefNew: 830K->64K(832K), 0.0011334 secs] 9711K->9057K(10896K), 0.0011769 secs]
1.106: [GC 1.106: [DefNew: 832K->64K(832K), 0.0013904 secs] 9825K->9214K(10896K), 0.0014350 secs]
1.112: [GC 1.112: [DefNew: 832K->63K(832K), 0.0010965 secs] 9982K->9331K(10896K), 0.0011399 secs]
1.117: [GC 1.117: [DefNew: 831K->63K(832K), 0.0024712 secs] 10099K->9693K(10896K), 0.0025173 secs]
Elapsed Time: 643.476358 ms 59049
i-size: 177147
1.124: [GC 1.124: [DefNew: 831K->63K(832K), 0.0046143 secs]1.129: [Tenured: 10363K->402K(10448K), 0.0165915 secs] 10461K->402K(11280K), 0.0213263 secs]
1.147: [GC 1.147: [DefNew: 768K->64K(832K), 0.0041498 secs] 1170K->1169K(10896K), 0.0042004 secs]
1.152: [GC 1.152: [DefNew: 832K->64K(832K), 0.0044704 secs] 1937K->1936K(10896K), 0.0045228 secs]
1.158: [GC 1.158: [DefNew: 832K->64K(832K), 0.0044454 secs] 2704K->2703K(10896K), 0.0045012 secs]
1.164: [GC 1.164: [DefNew: 832K->64K(832K), 0.0043928 secs] 3471K->3469K(10896K), 0.0044973 secs]
1.169: [GC 1.169: [DefNew: 832K->64K(832K), 0.0044519 secs] 4237K->4236K(10896K), 0.0045003 secs]
1.175: [GC 1.175: [DefNew: 832K->64K(832K), 0.0043572 secs] 5004K->5003K(10896K), 0.0044066 secs]
1.181: [GC 1.181: [DefNew: 832K->63K(832K), 0.0044885 secs] 5771K->5770K(10896K), 0.0045379 secs]
1.189: [GC 1.189: [DefNew: 831K->64K(832K), 0.0045167 secs] 6538K->6537K(10896K), 0.0045721 secs]
1.198: [GC 1.198: [DefNew: 832K->64K(832K), 0.0045620 secs] 7305K->7304K(10896K), 0.0046183 secs]
1.206: [GC 1.206: [DefNew: 832K->64K(832K), 0.0045681 secs] 8072K->8071K(10896K), 0.0046229 secs]
1.214: [GC 1.215: [DefNew: 832K->64K(832K), 0.0045326 secs] 8839K->8838K(10896K), 0.0045861 secs]
1.223: [GC 1.223: [DefNew: 832K->64K(832K), 0.0045007 secs] 9606K->9604K(10896K), 0.0045607 secs]
1.231: [GC 1.231: [DefNew: 832K->64K(832K), 0.0046259 secs]1.236: [Tenured: 10307K->10320K(10320K), 0.0561294 secs] 10372K->10371K(11152K), 0.0609170 secs]
1.305: [GC 1.305: [DefNew: 1216K->127K(1344K), 0.0230610 secs] 11536K->11399K(18544K), 0.0231204 secs]
1.335: [GC 1.335: [DefNew: 1343K->128K(1344K), 0.0047442 secs] 12615K->12007K(18544K), 0.0048071 secs]
1.346: [GC 1.346: [DefNew: 1344K->128K(1344K), 0.0045119 secs] 13223K->12614K(18544K), 0.0045738 secs]
1.357: [GC 1.357: [DefNew: 1344K->128K(1344K), 0.0045328 secs] 13830K->13222K(18544K), 0.0045911 secs]
1.368: [GC 1.368: [DefNew: 1344K->128K(1344K), 0.0046317 secs] 14438K->13830K(18544K), 0.0046898 secs]
1.385: [GC 1.385: [DefNew: 1344K->128K(1344K), 0.0047565 secs] 15046K->14437K(18544K), 0.0048150 secs]
1.397: [GC 1.397: [DefNew: 1344K->128K(1344K), 0.0047683 secs] 15653K->15045K(18544K), 0.0048262 secs]
1.408: [GC 1.409: [DefNew: 1344K->128K(1344K), 0.0046436 secs] 16261K->15653K(18544K), 0.0047015 secs]
1.420: [GC 1.420: [DefNew: 1344K->128K(1344K), 0.0046489 secs] 16869K->16260K(18544K), 0.0047064 secs]
1.436: [GC 1.436: [DefNew: 1344K->128K(1344K), 0.0048096 secs] 17476K->16868K(18544K), 0.0048684 secs]
1.448: [GC 1.448: [DefNew: 1344K->128K(1344K), 0.0048504 secs]1.453: [Tenured: 17347K->11956K(17456K), 0.0927610 secs] 18084K->11956K(18800K), 0.0977434 secs]
1.554: [GC 1.554: [DefNew: 1472K->128K(1600K), 0.0046752 secs] 13428K->12691K(21528K), 0.0048240 secs]
1.569: [GC 1.569: [DefNew: 1600K->128K(1600K), 0.0054974 secs] 14163K->13427K(21528K), 0.0055565 secs]
1.585: [GC 1.585: [DefNew: 1600K->128K(1600K), 0.0052750 secs] 14899K->14162K(21528K), 0.0053335 secs]
1.602: [GC 1.602: [DefNew: 1600K->128K(1600K), 0.0050579 secs] 15634K->14808K(21528K), 0.0051176 secs]
1.617: [GC 1.617: [DefNew: 1600K->127K(1600K), 0.0021875 secs] 16280K->15030K(21528K), 0.0022355 secs]
1.629: [GC 1.629: [DefNew: 1599K->128K(1600K), 0.0008493 secs] 16502K->15037K(21528K), 0.0008957 secs]
1.639: [GC 1.639: [DefNew: 1600K->128K(1600K), 0.0010786 secs] 16509K->15077K(21528K), 0.0011295 secs]
1.650: [GC 1.651: [DefNew: 1600K->128K(1600K), 0.0033726 secs] 16549K->15505K(21528K), 0.0034263 secs]
1.665: [GC 1.665: [DefNew: 1600K->128K(1600K), 0.0039853 secs] 16977K->15974K(21528K), 0.0040431 secs]
1.678: [GC 1.678: [DefNew: 1600K->108K(1600K), 0.0009744 secs] 17446K->15999K(21528K), 0.0010214 secs]
1.689: [GC 1.689: [DefNew: 1580K->128K(1600K), 0.0016766 secs] 17471K->16163K(21528K), 0.0017259 secs]
1.701: [GC 1.701: [DefNew: 1600K->128K(1600K), 0.0018371 secs] 17635K->16326K(21528K), 0.0018859 secs]
1.712: [GC 1.712: [DefNew: 1600K->128K(1600K), 0.0018551 secs] 17798K->16508K(21528K), 0.0019022 secs]
1.723: [GC 1.723: [DefNew: 1600K->75K(1600K), 0.0007078 secs] 17980K->16477K(21528K), 0.0007563 secs]
1.734: [GC 1.734: [DefNew: 1547K->128K(1600K), 0.0053803 secs] 17949K->17287K(21528K), 0.0054442 secs]
1.750: [GC 1.750: [DefNew: 1600K->127K(1600K), 0.0020745 secs] 18759K->17496K(21528K), 0.0021232 secs]
1.763: [GC 1.763: [DefNew: 1599K->127K(1600K), 0.0018817 secs] 18968K->17657K(21528K), 0.0019302 secs]
1.775: [GC 1.775: [DefNew: 1599K->128K(1600K), 0.0049760 secs] 19129K->18215K(21528K), 0.0050330 secs]
1.790: [GC 1.790: [DefNew: 1600K->124K(1600K), 0.0012378 secs] 19687K->18280K(21528K), 0.0012882 secs]
1.800: [GC 1.800: [DefNew: 1596K->127K(1600K), 0.0009274 secs] 19752K->18301K(21528K), 0.0009823 secs]
1.812: [GC 1.812: [DefNew: 1599K->128K(1600K), 0.0043035 secs] 19773K->18882K(21528K), 0.0043604 secs]
1.826: [GC 1.826: [DefNew: 1600K->128K(1600K), 0.0055238 secs] 20354K->19618K(21528K), 0.0055821 secs]
1.842: [GC 1.842: [DefNew: 1600K->128K(1600K), 0.0054840 secs]1.847: [Tenured: 20225K->15594K(20312K), 0.1172220 secs] 21090K->15594K(21912K), 0.1228649 secs]
1.975: [GC 1.976: [DefNew: 1792K->191K(1984K), 0.0040547 secs] 17386K->16269K(27976K), 0.0041126 secs]
1.993: [GC 1.993: [DefNew: 1983K->192K(1984K), 0.0056867 secs] 18061K->16937K(27976K), 0.0057458 secs]
2.013: [GC 2.013: [DefNew: 1984K->192K(1984K), 0.0068677 secs] 18729K->17832K(27976K), 0.0069291 secs]
2.033: [GC 2.033: [DefNew: 1984K->192K(1984K), 0.0038367 secs] 19624K->18247K(27976K), 0.0038949 secs]
2.049: [GC 2.049: [DefNew: 1984K->192K(1984K), 0.0024971 secs] 20039K->18458K(27976K), 0.0025465 secs]
2.063: [GC 2.063: [DefNew: 1984K->137K(1984K), 0.0008512 secs] 20250K->18404K(27976K), 0.0008995 secs]
2.075: [GC 2.075: [DefNew: 1929K->192K(1984K), 0.0019674 secs] 20196K->18587K(27976K), 0.0020165 secs]
2.090: [GC 2.090: [DefNew: 1984K->192K(1984K), 0.0047549 secs] 20379K->19141K(27976K), 0.0048123 secs]
2.107: [GC 2.107: [DefNew: 1984K->143K(1984K), 0.0018794 secs] 20933K->19201K(27976K), 0.0019330 secs]
2.121: [GC 2.121: [DefNew: 1935K->192K(1984K), 0.0011670 secs] 20993K->19260K(27976K), 0.0012148 secs]
2.133: [GC 2.133: [DefNew: 1984K->192K(1984K), 0.0011960 secs] 21052K->19274K(27976K), 0.0012430 secs]
2.146: [GC 2.146: [DefNew: 1984K->192K(1984K), 0.0039147 secs] 21066K->19751K(27976K), 0.0039711 secs]
2.162: [GC 2.162: [DefNew: 1984K->192K(1984K), 0.0035078 secs] 21543K->20133K(27976K), 0.0035666 secs]
2.180: [GC 2.180: [DefNew: 1984K->192K(1984K), 0.0044370 secs] 21925K->20599K(27976K), 0.0044984 secs]
2.197: [GC 2.197: [DefNew: 1984K->192K(1984K), 0.0027831 secs] 22391K->20858K(27976K), 0.0028347 secs]
2.211: [GC 2.211: [DefNew: 1984K->161K(1984K), 0.0010647 secs] 22650K->20834K(27976K), 0.0011113 secs]
2.223: [GC 2.223: [DefNew: 1953K->192K(1984K), 0.0037046 secs] 22626K->21291K(27976K), 0.0037575 secs]
2.239: [GC 2.239: [DefNew: 1984K->192K(1984K), 0.0074692 secs] 23083K->22187K(27976K), 0.0075289 secs]
2.262: [GC 2.262: [DefNew: 1984K->192K(1984K), 0.0082481 secs] 23979K->23078K(27976K), 0.0083098 secs]
2.285: [GC 2.285: [DefNew: 1984K->191K(1984K), 0.0037293 secs] 24870K->23385K(27976K), 0.0037964 secs]
2.302: [GC 2.302: [DefNew: 1983K->192K(1984K), 0.0021742 secs] 25177K->23503K(27976K), 0.0022302 secs]
2.316: [GC 2.316: [DefNew: 1984K->159K(1984K), 0.0009604 secs] 25295K->23471K(27976K), 0.0010096 secs]
2.330: [GC 2.330: [DefNew: 1951K->192K(1984K), 0.0042724 secs] 25263K->23934K(27976K), 0.0043304 secs]
2.346: [GC 2.346: [DefNew: 1984K->191K(1984K), 0.0017033 secs] 25726K->23991K(27976K), 0.0017639 secs]
2.361: [GC 2.361: [DefNew: 1983K->192K(1984K), 0.0036974 secs] 25783K->24352K(27976K), 0.0037590 secs]
2.378: [GC 2.378: [DefNew: 1984K->102K(1984K), 0.0018225 secs] 26144K->24439K(27976K), 0.0018776 secs]
2.392: [GC 2.392: [DefNew: 1894K->192K(1984K), 0.0024031 secs] 26231K->24725K(27976K), 0.0024522 secs]
2.407: [GC 2.407: [DefNew: 1984K->191K(1984K), 0.0033529 secs] 26517K->25011K(27976K), 0.0034233 secs]
2.422: [GC 2.422: [DefNew: 1983K->153K(1984K), 0.0009610 secs] 26803K->24972K(27976K), 0.0010094 secs]
2.435: [GC 2.436: [DefNew: 1945K->192K(1984K), 0.0066983 secs] 26764K->25863K(27976K), 0.0067627 secs]
2.455: [GC 2.455: [DefNew: 1984K->168K(1984K), 0.0019093 secs] 27655K->25993K(27976K), 0.0019585 secs]
2.468: [GC 2.468: [DefNew: 1960K->101K(1984K), 0.0017619 secs]2.470: [Tenured: 25993K->18341K(26120K), 0.1534347 secs] 27785K->18341K(28104K), 0.1553502 secs]
2.638: [GC 2.638: [DefNew: 2112K->192K(2304K), 0.0016799 secs] 20453K->18614K(32576K), 0.0017323 secs]
2.655: [GC 2.655: [DefNew: 2304K->192K(2304K), 0.0066143 secs] 20726K->19425K(32576K), 0.0066755 secs]
2.677: [GC 2.677: [DefNew: 2304K->192K(2304K), 0.0034638 secs] 21537K->19805K(32576K), 0.0035170 secs]
2.695: [GC 2.695: [DefNew: 2304K->192K(2304K), 0.0020870 secs] 21917K->19946K(32576K), 0.0021391 secs]
2.711: [GC 2.711: [DefNew: 2304K->191K(2304K), 0.0024713 secs] 22058K->20179K(32576K), 0.0025211 secs]
2.728: [GC 2.728: [DefNew: 2303K->191K(2304K), 0.0020340 secs] 22291K->20323K(32576K), 0.0020927 secs]
2.741: [GC 2.741: [DefNew: 2303K->191K(2304K), 0.0056496 secs] 22435K->21104K(32576K), 0.0057098 secs]
2.758: [GC 2.758: [DefNew: 2303K->192K(2304K), 0.0103655 secs] 23216K->22707K(32576K), 0.0104262 secs]
2.786: [GC 2.786: [DefNew: 2304K->192K(2304K), 0.0086360 secs] 24819K->23743K(32576K), 0.0086957 secs]
2.810: [GC 2.810: [DefNew: 2304K->192K(2304K), 0.0032582 secs] 25855K->24068K(32576K), 0.0033109 secs]
2.827: [GC 2.827: [DefNew: 2304K->183K(2304K), 0.0013255 secs] 26180K->24096K(32576K), 0.0013748 secs]
2.843: [GC 2.843: [DefNew: 2295K->192K(2304K), 0.0016889 secs] 26208K->24192K(32576K), 0.0017383 secs]
2.858: [GC 2.858: [DefNew: 2304K->192K(2304K), 0.0021966 secs] 26304K->24362K(32576K), 0.0022461 secs]
2.875: [GC 2.875: [DefNew: 2304K->192K(2304K), 0.0046250 secs] 26474K->24913K(32576K), 0.0046817 secs]
2.894: [GC 2.894: [DefNew: 2304K->191K(2304K), 0.0019517 secs] 27025K->25057K(32576K), 0.0020006 secs]
2.909: [GC 2.909: [DefNew: 2303K->192K(2304K), 0.0024972 secs] 27169K->25308K(32576K), 0.0025449 secs]
2.926: [GC 2.926: [DefNew: 2304K->191K(2304K), 0.0037846 secs] 27420K->25716K(32576K), 0.0038390 secs]
2.944: [GC 2.944: [DefNew: 2303K->192K(2304K), 0.0023899 secs] 27828K->25893K(32576K), 0.0024438 secs]
2.959: [GC 2.959: [DefNew: 2304K->191K(2304K), 0.0022003 secs] 28005K->26084K(32576K), 0.0022490 secs]
2.970: [GC 2.970: [DefNew: 2303K->191K(2304K), 0.0136612 secs] 28196K->28195K(32576K), 0.0137206 secs]
2.998: [GC 2.998: [DefNew: 2303K->2303K(2304K), 0.0000161 secs]2.998: [Tenured: 28003K->11941K(30272K), 0.1201814 secs] 30307K->11941K(32576K), 0.1202800 secs]
3.132: [GC 3.132: [DefNew: 2112K->192K(2304K), 0.0018206 secs] 14053K->12241K(32576K), 0.0018718 secs]
3.148: [GC 3.148: [DefNew: 2304K->105K(2304K), 0.0010734 secs] 14353K->12226K(32576K), 0.0011218 secs]
3.158: [GC 3.158: [DefNew: 2217K->191K(2304K), 0.0111019 secs] 14338K->14107K(32576K), 0.0111629 secs]
Elapsed Time: 2052.402237 ms 177147
Done
