"c:\projects\tools\home\projects\aaageneralprojects\jvmnotebook\clojure\perf_memory\src\build\classes;c:\projects\tools\home\projects\aaageneralprojects\jvmnotebook\clojure\perf_memory\src\clj;c:\projects\tools\home\projects\aaageneralprojects\jvmnotebook\clojure\perf_memory\lib\clojure-1.0.0.jar"
0.095: [GC 0.095: [DefNew: 512K->64K(576K), 0.0027993 secs] 512K->139K(1984K), 0.0029072 secs]
0.125: [GC 0.125: [DefNew: 576K->28K(576K), 0.0016163 secs] 651K->163K(1984K), 0.0017157 secs]
0.151: [GC 0.152: [DefNew: 540K->22K(576K), 0.0014325 secs] 675K->157K(1984K), 0.0015379 secs]
0.184: [GC 0.185: [DefNew: 344K->64K(576K), 0.0014781 secs] 479K->216K(1984K), 0.0016066 secs]
0.252: [GC 0.252: [DefNew: 576K->64K(576K), 0.0091849 secs] 728K->346K(1984K), 0.0092333 secs]
0.295: [GC 0.295: [DefNew: 576K->64K(576K), 0.0093773 secs] 858K->419K(1984K), 0.0094560 secs]
0.326: [GC 0.326: [DefNew: 576K->15K(576K), 0.0139207 secs] 931K->432K(1984K), 0.0139702 secs]
0.362: [GC 0.362: [DefNew: 527K->29K(576K), 0.0060143 secs] 944K->445K(1984K), 0.0060614 secs]
0.389: [GC 0.389: [DefNew: 540K->31K(576K), 0.0060228 secs] 957K->448K(1984K), 0.0060733 secs]
0.418: [GC 0.418: [DefNew: 543K->36K(576K), 0.0059337 secs] 960K->452K(1984K), 0.0059833 secs]
0.444: [GC 0.444: [DefNew: 548K->25K(576K), 0.0060156 secs] 964K->456K(1984K), 0.0060707 secs]
0.473: [GC 0.473: [DefNew: 537K->32K(576K), 0.0059528 secs] 968K->462K(1984K), 0.0060012 secs]
0.499: [GC 0.499: [DefNew: 544K->24K(576K), 0.0060064 secs] 974K->467K(1984K), 0.0060568 secs]
0.527: [GC 0.527: [DefNew: 536K->27K(576K), 0.0060056 secs] 979K->470K(1984K), 0.0060529 secs]
0.565: [GC 0.565: [DefNew: 539K->30K(576K), 0.0060204 secs] 982K->473K(1984K), 0.0060685 secs]
0.592: [GC 0.592: [DefNew: 542K->37K(576K), 0.0062408 secs] 985K->479K(1984K), 0.0062912 secs]
0.618: [GC 0.618: [DefNew: 549K->31K(576K), 0.0061274 secs] 991K->481K(1984K), 0.0061771 secs]
0.646: [GC 0.646: [DefNew: 543K->38K(576K), 0.0060388 secs] 993K->487K(1984K), 0.0060865 secs]
0.677: [GC 0.677: [DefNew: 550K->37K(576K), 0.0060107 secs] 999K->494K(1984K), 0.0060608 secs]
0.705: [GC 0.705: [DefNew: 549K->37K(576K), 0.0062055 secs] 1006K->501K(1984K), 0.0062551 secs]
0.732: [GC 0.732: [DefNew: 549K->32K(576K), 0.0060213 secs] 1013K->503K(1984K), 0.0060691 secs]
0.761: [GC 0.761: [DefNew: 544K->32K(576K), 0.0060751 secs] 1015K->508K(1984K), 0.0061249 secs]
0.793: [GC 0.793: [DefNew: 544K->42K(576K), 0.0069506 secs] 1020K->521K(1984K), 0.0070016 secs]
0.821: [GC 0.821: [DefNew: 554K->36K(576K), 0.0069361 secs] 1033K->532K(1984K), 0.0069855 secs]
0.852: [GC 0.852: [DefNew: 548K->31K(576K), 0.0011461 secs] 1044K->535K(1984K), 0.0011938 secs]
0.879: [GC 0.879: [DefNew: 543K->44K(576K), 0.0062368 secs] 1047K->548K(1984K), 0.0062859 secs]
0.901: [GC 0.901: [DefNew: 556K->64K(576K), 0.0019450 secs] 1060K->600K(1984K), 0.0019945 secs]
0.929: [GC 0.929: [DefNew: 576K->13K(576K), 0.0009968 secs] 1112K->584K(1984K), 0.0010439 secs]
0.950: [GC 0.950: [DefNew: 525K->39K(576K), 0.0008645 secs] 1096K->610K(1984K), 0.0009116 secs]
0.967: [GC 0.967: [DefNew: 551K->58K(576K), 0.0013025 secs] 1122K->638K(1984K), 0.0013488 secs]
0.983: [GC 0.983: [DefNew: 570K->43K(576K), 0.0007248 secs] 1150K->649K(1984K), 0.0007721 secs]
0.997: [GC 0.997: [DefNew: 555K->27K(576K), 0.0018663 secs] 1161K->663K(1984K), 0.0019177 secs]
1.013: [GC 1.013: [DefNew: 539K->60K(576K), 0.0011980 secs] 1175K->696K(1984K), 0.0012497 secs]
1.034: [GC 1.034: [DefNew: 565K->39K(576K), 0.0008291 secs] 1201K->727K(1984K), 0.0008778 secs]
1.062: [GC 1.062: [DefNew: 551K->47K(576K), 0.0021126 secs] 1239K->739K(1984K), 0.0021619 secs]
1.089: [GC 1.089: [DefNew: 559K->22K(576K), 0.0012409 secs] 1251K->756K(1984K), 0.0012883 secs]
1.116: [GC 1.116: [DefNew: 534K->64K(576K), 0.0013502 secs] 1268K->803K(1984K), 0.0014015 secs]
1.137: [GC 1.137: [DefNew: 576K->32K(576K), 0.0005773 secs] 1315K->836K(1984K), 0.0006253 secs]
1.152: [GC 1.152: [DefNew: 544K->38K(576K), 0.0008310 secs] 1348K->847K(1984K), 0.0008785 secs]
1.177: [GC 1.177: [DefNew: 550K->63K(576K), 0.0015305 secs] 1359K->906K(1984K), 0.0016442 secs]
1.204: [GC 1.204: [DefNew: 575K->64K(576K), 0.0011231 secs] 1418K->967K(1984K), 0.0011711 secs]
1.225: [GC 1.225: [DefNew: 576K->37K(576K), 0.0010403 secs] 1479K->997K(1984K), 0.0010890 secs]
1.259: [GC 1.259: [DefNew: 549K->64K(576K), 0.0018941 secs] 1509K->1079K(1984K), 0.0019485 secs]
1.291: [GC 1.291: [DefNew: 576K->60K(576K), 0.0012128 secs] 1591K->1129K(1984K), 0.0012661 secs]
1.314: [GC 1.314: [DefNew: 572K->34K(576K), 0.0013360 secs] 1641K->1126K(1984K), 0.0013844 secs]
1.332: [GC 1.333: [DefNew: 546K->35K(576K), 0.0009127 secs] 1638K->1141K(1984K), 0.0009610 secs]
1.349: [GC 1.349: [DefNew: 547K->27K(576K), 0.0007671 secs] 1653K->1149K(1984K), 0.0008148 secs]
1.365: [GC 1.365: [DefNew: 539K->53K(576K), 0.0006721 secs] 1661K->1176K(1984K), 0.0007191 secs]
1.382: [GC 1.382: [DefNew: 565K->33K(576K), 0.0010154 secs] 1688K->1171K(1984K), 0.0010633 secs]
1.400: [GC 1.400: [DefNew: 545K->31K(576K), 0.0008163 secs] 1683K->1188K(1984K), 0.0008674 secs]
1.415: [GC 1.416: [DefNew: 543K->43K(576K), 0.0009424 secs] 1700K->1200K(1984K), 0.0009922 secs]
1.431: [GC 1.431: [DefNew: 555K->55K(576K), 0.0006153 secs] 1712K->1231K(1984K), 0.0006624 secs]
Running Test [Quick Sort]  07/29/2009
(used:1M/0M [1M,31M ])
1.454: [GC 1.454: [DefNew: 567K->18K(576K), 0.0016756 secs] 1743K->1222K(1984K), 0.0017236 secs]
(1 3 4 5 23 35)
i-size:  1
"Elapsed time: 0.812923 msecs"
i-size:  3
"Elapsed time: 0.173332 msecs"
i-size:  9
"Elapsed time: 0.910647 msecs"
i-size:  27
"Elapsed time: 5.192416 msecs"
i-size:  81
1.473: [GC 1.473: [DefNew: 530K->31K(576K), 0.0007449 secs] 1734K->1234K(1984K), 0.0007922 secs]
"Elapsed time: 9.646228 msecs"
i-size:  243
1.485: [GC 1.485: [DefNew: 543K->33K(576K), 0.0005705 secs] 1746K->1236K(1984K), 0.0006181 secs]
1.495: [GC 1.495: [DefNew: 545K->17K(576K), 0.0004585 secs] 1748K->1237K(1984K), 0.0005054 secs]
"Elapsed time: 15.571633 msecs"
i-size:  729
1.500: [GC 1.500: [DefNew: 529K->29K(576K), 0.0004410 secs] 1749K->1249K(1984K), 0.0004871 secs]
1.504: [GC 1.504: [DefNew: 541K->64K(576K), 0.0005726 secs] 1761K->1289K(1984K), 0.0006154 secs]
1.509: [GC 1.509: [DefNew: 576K->41K(576K), 0.0008831 secs] 1801K->1329K(1984K), 0.0009293 secs]
1.515: [GC 1.515: [DefNew: 553K->63K(576K), 0.0010009 secs] 1841K->1446K(1984K), 0.0010488 secs]
1.524: [GC 1.524: [DefNew: 575K->63K(576K), 0.0008294 secs]1.525: [Tenured[Unloading class org.perf.test11_sort$eval__4]
[Unloading class user$eval__1]
: 1452K->1191K(1536K), 0.0303294 secs] 1958K->1191K(2112K), 0.0312616 secs]
1.561: [GC 1.561: [DefNew: 512K->63K(576K), 0.0007200 secs] 1703K->1306K(2564K), 0.0007667 secs]
"Elapsed time: 67.683511 msecs"
i-size:  2187
1.567: [GC 1.567: [DefNew: 575K->28K(576K), 0.0005936 secs] 1818K->1319K(2564K), 0.0006404 secs]
1.573: [GC 1.573: [DefNew: 540K->60K(576K), 0.0005192 secs] 1831K->1351K(2564K), 0.0005646 secs]
1.580: [GC 1.580: [DefNew: 572K->34K(576K), 0.0006731 secs] 1863K->1385K(2564K), 0.0007203 secs]
1.583: [GC 1.583: [DefNew: 546K->35K(576K), 0.0005633 secs] 1897K->1419K(2564K), 0.0006090 secs]
1.585: [GC 1.585: [DefNew: 547K->35K(576K), 0.0005360 secs] 1931K->1454K(2564K), 0.0005786 secs]
1.588: [GC 1.588: [DefNew: 547K->33K(576K), 0.0005393 secs] 1966K->1486K(2564K), 0.0005836 secs]
1.590: [GC 1.590: [DefNew: 545K->35K(576K), 0.0005373 secs] 1998K->1521K(2564K), 0.0005766 secs]
1.592: [GC 1.592: [DefNew: 547K->33K(576K), 0.0005399 secs] 2033K->1553K(2564K), 0.0005814 secs]
1.596: [GC 1.596: [DefNew: 545K->51K(576K), 0.0006512 secs] 2065K->1604K(2564K), 0.0006965 secs]
1.601: [GC 1.601: [DefNew: 563K->63K(576K), 0.0008520 secs] 2116K->1695K(2564K), 0.0008975 secs]
1.606: [GC 1.606: [DefNew: 575K->63K(576K), 0.0009400 secs] 2207K->1788K(2564K), 0.0009879 secs]
1.613: [GC 1.613: [DefNew: 575K->63K(576K), 0.0010676 secs] 2300K->1913K(2564K), 0.0011150 secs]
1.617: [GC 1.617: [DefNew: 575K->63K(576K), 0.0010636 secs] 2425K->2041K(2564K), 0.0011066 secs]
1.622: [GC 1.622: [DefNew: 575K->49K(576K), 0.0006448 secs]1.622: [Tenured[Unloading class sun.reflect.GeneratedMethodAccessor1]
: 2035K->1208K(2116K), 0.0332445 secs] 2553K->1208K(2692K), 0.0340363 secs]
1.659: [GC 1.659: [DefNew: 512K->63K(576K), 0.0008505 secs] 1720K->1345K(2692K), 0.0008973 secs]
1.664: [GC 1.664: [DefNew: 575K->63K(576K), 0.0006983 secs] 1857K->1408K(2692K), 0.0007413 secs]
1.669: [GC 1.669: [DefNew: 575K->63K(576K), 0.0008076 secs] 1920K->1497K(2692K), 0.0008526 secs]
1.675: [GC 1.675: [DefNew: 575K->63K(576K), 0.0008355 secs] 2009K->1587K(2692K), 0.0008799 secs]
1.679: [GC 1.679: [DefNew: 575K->29K(576K), 0.0004899 secs] 2099K->1599K(2692K), 0.0005326 secs]
1.684: [GC 1.684: [DefNew: 541K->64K(576K), 0.0004539 secs] 2111K->1640K(2692K), 0.0004966 secs]
1.689: [GC 1.689: [DefNew: 576K->38K(576K), 0.0006104 secs] 2152K->1656K(2692K), 0.0006570 secs]
"Elapsed time: 125.226268 msecs"
i-size:  6561
1.694: [GC 1.694: [DefNew: 550K->44K(576K), 0.0005880 secs] 2168K->1689K(2692K), 0.0006338 secs]
1.697: [GC 1.697: [DefNew: 556K->40K(576K), 0.0006082 secs] 2201K->1729K(2692K), 0.0006504 secs]
1.700: [GC 1.700: [DefNew: 552K->38K(576K), 0.0006480 secs] 2241K->1766K(2692K), 0.0006959 secs]
1.704: [GC 1.704: [DefNew: 550K->42K(576K), 0.0006044 secs] 2278K->1807K(2692K), 0.0006481 secs]
1.707: [GC 1.707: [DefNew: 554K->40K(576K), 0.0005987 secs] 2319K->1846K(2692K), 0.0006411 secs]
1.710: [GC 1.710: [DefNew: 552K->41K(576K), 0.0005889 secs] 2358K->1886K(2692K), 0.0006289 secs]
1.713: [GC 1.713: [DefNew: 553K->41K(576K), 0.0006430 secs] 2398K->1926K(2692K), 0.0007044 secs]
1.715: [GC 1.715: [DefNew: 553K->41K(576K), 0.0006333 secs] 2438K->1966K(2692K), 0.0006770 secs]
1.718: [GC 1.718: [DefNew: 553K->40K(576K), 0.0005843 secs] 2478K->2006K(2692K), 0.0006242 secs]
1.720: [GC 1.720: [DefNew: 552K->42K(576K), 0.0006008 secs] 2518K->2047K(2692K), 0.0006428 secs]
1.722: [GC 1.722: [DefNew: 554K->41K(576K), 0.0006240 secs] 2559K->2088K(2692K), 0.0006711 secs]
1.725: [GC 1.725: [DefNew: 553K->40K(576K), 0.0006158 secs] 2600K->2128K(2692K), 0.0006560 secs]
1.727: [GC 1.727: [DefNew: 552K->42K(576K), 0.0006277 secs]1.728: [Tenured: 2127K->1460K(2244K), 0.0320763 secs] 2640K->1460K(2820K), 0.0327910 secs]
1.762: [GC 1.762: [DefNew: 512K->42K(576K), 0.0004618 secs] 1972K->1502K(3012K), 0.0005057 secs]
1.764: [GC 1.764: [DefNew: 554K->39K(576K), 0.0005794 secs] 2014K->1540K(3012K), 0.0006195 secs]
1.766: [GC 1.766: [DefNew: 551K->43K(576K), 0.0006217 secs] 2052K->1583K(3012K), 0.0006610 secs]
1.769: [GC 1.769: [DefNew: 555K->36K(576K), 0.0005909 secs] 2095K->1618K(3012K), 0.0006317 secs]
1.771: [GC 1.771: [DefNew: 548K->40K(576K), 0.0005954 secs] 2130K->1658K(3012K), 0.0006383 secs]
1.774: [GC 1.774: [DefNew: 552K->40K(576K), 0.0005902 secs] 2170K->1698K(3012K), 0.0006295 secs]
1.776: [GC 1.776: [DefNew: 552K->40K(576K), 0.0005922 secs] 2210K->1738K(3012K), 0.0006328 secs]
1.778: [GC 1.778: [DefNew: 552K->43K(576K), 0.0006538 secs] 2250K->1780K(3012K), 0.0006947 secs]
1.781: [GC 1.781: [DefNew: 555K->40K(576K), 0.0006499 secs] 2292K->1818K(3012K), 0.0006970 secs]
1.783: [GC 1.783: [DefNew: 552K->39K(576K), 0.0005879 secs] 2330K->1857K(3012K), 0.0006285 secs]
1.786: [GC 1.786: [DefNew: 551K->41K(576K), 0.0006083 secs] 2369K->1899K(3012K), 0.0006509 secs]
1.788: [GC 1.788: [DefNew: 553K->41K(576K), 0.0005952 secs] 2411K->1938K(3012K), 0.0006354 secs]
1.791: [GC 1.791: [DefNew: 553K->55K(576K), 0.0006978 secs] 2450K->1993K(3012K), 0.0007419 secs]
1.795: [GC 1.795: [DefNew: 567K->63K(576K), 0.0010259 secs] 2505K->2135K(3012K), 0.0010702 secs]
1.800: [GC 1.800: [DefNew: 575K->63K(576K), 0.0010359 secs] 2647K->2269K(3012K), 0.0010870 secs]
1.804: [GC 1.804: [DefNew: 575K->63K(576K), 0.0008702 secs] 2781K->2364K(3012K), 0.0009155 secs]
1.808: [GC 1.808: [DefNew: 575K->64K(576K), 0.0009023 secs] 2876K->2454K(3012K), 0.0009511 secs]
1.813: [GC 1.813: [DefNew: 576K->63K(576K), 0.0009417 secs]1.814: [Tenured: 2495K->1782K(2564K), 0.0402520 secs] 2966K->1782K(3140K), 0.0412954 secs]
1.858: [GC 1.858: [DefNew: 512K->64K(576K), 0.0011003 secs] 2294K->1959K(3548K), 0.0011493 secs]
1.863: [GC 1.863: [DefNew: 576K->63K(576K), 0.0014663 secs] 2471K->2188K(3548K), 0.0015138 secs]
1.868: [GC 1.868: [DefNew: 575K->61K(576K), 0.0006975 secs] 2700K->2248K(3548K), 0.0007485 secs]
1.872: [GC 1.872: [DefNew: 573K->63K(576K), 0.0006656 secs] 2760K->2304K(3548K), 0.0007087 secs]
1.876: [GC 1.876: [DefNew: 575K->63K(576K), 0.0009343 secs] 2816K->2404K(3548K), 0.0009821 secs]
1.881: [GC 1.881: [DefNew: 575K->60K(576K), 0.0005948 secs] 2916K->2441K(3548K), 0.0006381 secs]
1.885: [GC 1.885: [DefNew: 572K->63K(576K), 0.0007076 secs] 2953K->2504K(3548K), 0.0007514 secs]
1.889: [GC 1.889: [DefNew: 575K->64K(576K), 0.0007333 secs] 3016K->2561K(3548K), 0.0007784 secs]
1.893: [GC 1.893: [DefNew: 576K->63K(576K), 0.0010785 secs] 3073K->2679K(3548K), 0.0011268 secs]
1.898: [GC 1.898: [DefNew: 575K->63K(576K), 0.0006124 secs] 3191K->2716K(3548K), 0.0006547 secs]
1.902: [GC 1.902: [DefNew: 575K->63K(576K), 0.0009466 secs] 3228K->2818K(3548K), 0.0009932 secs]
1.906: [GC 1.906: [DefNew: 575K->64K(576K), 0.0007076 secs] 3330K->2857K(3548K), 0.0007527 secs]
1.911: [GC 1.911: [DefNew: 576K->64K(576K), 0.0008363 secs] 3369K->2937K(3548K), 0.0008806 secs]
1.916: [GC 1.916: [DefNew: 576K->64K(576K), 0.0011025 secs]1.917: [Tenured: 2994K->1758K(3100K), 0.0330861 secs] 3449K->1758K(3676K), 0.0342842 secs]
1.953: [GC 1.953: [DefNew: 512K->63K(576K), 0.0009594 secs] 2270K->1944K(3548K), 0.0010042 secs]
1.958: [GC 1.958: [DefNew: 575K->63K(576K), 0.0010092 secs] 2456K->2056K(3548K), 0.0010579 secs]
1.962: [GC 1.962: [DefNew: 575K->64K(576K), 0.0006828 secs] 2568K->2115K(3548K), 0.0007251 secs]
1.967: [GC 1.967: [DefNew: 576K->63K(576K), 0.0014065 secs] 2627K->2314K(3548K), 0.0014545 secs]
1.972: [GC 1.973: [DefNew: 575K->64K(576K), 0.0011295 secs] 2826K->2462K(3548K), 0.0011755 secs]
1.977: [GC 1.977: [DefNew: 576K->47K(576K), 0.0005950 secs] 2974K->2488K(3548K), 0.0006363 secs]
1.981: [GC 1.981: [DefNew: 559K->53K(576K), 0.0006249 secs] 3000K->2536K(3548K), 0.0006713 secs]
1.985: [GC 1.985: [DefNew: 565K->64K(576K), 0.0006943 secs] 3048K->2599K(3548K), 0.0007378 secs]
1.989: [GC 1.989: [DefNew: 576K->50K(576K), 0.0006075 secs] 3111K->2630K(3548K), 0.0006526 secs]
1.993: [GC 1.994: [DefNew: 562K->63K(576K), 0.0008153 secs] 3142K->2713K(3548K), 0.0008598 secs]
1.998: [GC 1.998: [DefNew: 575K->38K(576K), 0.0005011 secs] 3225K->2729K(3548K), 0.0005415 secs]
2.002: [GC 2.002: [DefNew: 550K->63K(576K), 0.0007058 secs] 3241K->2804K(3548K), 0.0007541 secs]
2.006: [GC 2.006: [DefNew: 575K->63K(576K), 0.0007145 secs] 3316K->2844K(3548K), 0.0007615 secs]
2.011: [GC 2.011: [DefNew: 575K->63K(576K), 0.0007644 secs] 3356K->2892K(3548K), 0.0008110 secs]
2.016: [GC 2.016: [DefNew: 575K->63K(576K), 0.0007086 secs] 3404K->2945K(3548K), 0.0007579 secs]
2.020: [GC 2.020: [DefNew: 575K->63K(576K), 0.0006464 secs] 3457K->2988K(3548K), 0.0006916 secs]
2.024: [GC 2.024: [DefNew: 575K->63K(576K), 0.0006224 secs]2.024: [Tenured: 2963K->1427K(2972K), 0.0328889 secs] 3500K->1427K(3548K), 0.0335926 secs]
2.063: [GC 2.063: [DefNew: 512K->64K(576K), 0.0007680 secs] 1939K->1532K(3548K), 0.0008196 secs]
2.067: [GC 2.067: [DefNew: 576K->64K(576K), 0.0008141 secs] 2044K->1623K(3548K), 0.0008566 secs]
2.071: [GC 2.071: [DefNew: 576K->19K(576K), 0.0004755 secs] 2135K->1625K(3548K), 0.0005180 secs]
2.076: [GC 2.076: [DefNew: 531K->64K(576K), 0.0005033 secs] 2137K->1675K(3548K), 0.0005501 secs]
2.080: [GC 2.080: [DefNew: 576K->64K(576K), 0.0006196 secs] 2187K->1721K(3548K), 0.0006616 secs]
2.084: [GC 2.084: [DefNew: 576K->33K(576K), 0.0004324 secs] 2233K->1709K(3548K), 0.0004776 secs]
"Elapsed time: 393.186282 msecs"
i-size:  19683
2.086: [GC 2.086: [DefNew: 545K->31K(576K), 0.0004931 secs] 2221K->1739K(3548K), 0.0005345 secs]
2.089: [GC 2.089: [DefNew: 543K->63K(576K), 0.0004850 secs] 2251K->1771K(3548K), 0.0005242 secs]
2.091: [GC 2.091: [DefNew: 575K->34K(576K), 0.0006906 secs] 2283K->1803K(3548K), 0.0007373 secs]
2.094: [GC 2.094: [DefNew: 546K->33K(576K), 0.0006119 secs] 2315K->1835K(3548K), 0.0006582 secs]
2.096: [GC 2.096: [DefNew: 545K->32K(576K), 0.0005416 secs] 2347K->1867K(3548K), 0.0005826 secs]
2.098: [GC 2.098: [DefNew: 544K->34K(576K), 0.0005859 secs] 2379K->1901K(3548K), 0.0007025 secs]
2.101: [GC 2.101: [DefNew: 546K->32K(576K), 0.0005654 secs] 2413K->1932K(3548K), 0.0006102 secs]
2.103: [GC 2.103: [DefNew: 544K->32K(576K), 0.0005920 secs] 2444K->1963K(3548K), 0.0006539 secs]
2.105: [GC 2.106: [DefNew: 544K->30K(576K), 0.0005517 secs] 2475K->1993K(3548K), 0.0005964 secs]
2.108: [GC 2.108: [DefNew: 542K->62K(576K), 0.0005114 secs] 2505K->2025K(3548K), 0.0005534 secs]
2.110: [GC 2.110: [DefNew: 574K->34K(576K), 0.0006994 secs] 2537K->2057K(3548K), 0.0007423 secs]
2.113: [GC 2.113: [DefNew: 546K->32K(576K), 0.0005462 secs] 2569K->2088K(3548K), 0.0005883 secs]
2.115: [GC 2.115: [DefNew: 544K->32K(576K), 0.0005675 secs] 2600K->2120K(3548K), 0.0006123 secs]
2.117: [GC 2.117: [DefNew: 544K->33K(576K), 0.0005358 secs] 2632K->2153K(3548K), 0.0005758 secs]
2.120: [GC 2.120: [DefNew: 545K->35K(576K), 0.0005503 secs] 2665K->2186K(3548K), 0.0005913 secs]
2.122: [GC 2.122: [DefNew: 547K->32K(576K), 0.0005368 secs] 2698K->2217K(3548K), 0.0005756 secs]
2.124: [GC 2.124: [DefNew: 544K->34K(576K), 0.0005780 secs] 2729K->2249K(3548K), 0.0006223 secs]
2.127: [GC 2.127: [DefNew: 546K->32K(576K), 0.0005897 secs] 2761K->2280K(3548K), 0.0006372 secs]
2.129: [GC 2.129: [DefNew: 544K->33K(576K), 0.0005402 secs] 2792K->2313K(3548K), 0.0005803 secs]
2.132: [GC 2.132: [DefNew: 545K->33K(576K), 0.0005661 secs] 2825K->2345K(3548K), 0.0006084 secs]
2.134: [GC 2.134: [DefNew: 545K->34K(576K), 0.0005513 secs] 2857K->2379K(3548K), 0.0005914 secs]
2.136: [GC 2.136: [DefNew: 546K->31K(576K), 0.0006028 secs] 2891K->2409K(3548K), 0.0006479 secs]
2.139: [GC 2.139: [DefNew: 543K->62K(576K), 0.0005812 secs] 2921K->2440K(3548K), 0.0006222 secs]
2.141: [GC 2.141: [DefNew: 574K->61K(576K), 0.0006608 secs] 2952K->2469K(3548K), 0.0007004 secs]
2.143: [GC 2.143: [DefNew: 573K->61K(576K), 0.0006454 secs] 2981K->2500K(3548K), 0.0006851 secs]
2.146: [GC 2.146: [DefNew: 573K->62K(576K), 0.0007026 secs] 3012K->2531K(3548K), 0.0007608 secs]
2.148: [GC 2.148: [DefNew: 574K->32K(576K), 0.0006842 secs] 3043K->2563K(3548K), 0.0007258 secs]
2.151: [GC 2.151: [DefNew: 544K->32K(576K), 0.0005415 secs] 3075K->2594K(3548K), 0.0005824 secs]
2.153: [GC 2.153: [DefNew: 544K->34K(576K), 0.0005470 secs] 3106K->2628K(3548K), 0.0005877 secs]
2.155: [GC 2.155: [DefNew: 546K->31K(576K), 0.0005369 secs] 3140K->2658K(3548K), 0.0005769 secs]
2.158: [GC 2.158: [DefNew: 543K->62K(576K), 0.0005775 secs] 3170K->2689K(3548K), 0.0006248 secs]
2.160: [GC 2.160: [DefNew: 574K->61K(576K), 0.0006639 secs] 3201K->2718K(3548K), 0.0007061 secs]
2.162: [GC 2.162: [DefNew: 573K->61K(576K), 0.0006815 secs] 3230K->2749K(3548K), 0.0007214 secs]
2.165: [GC 2.165: [DefNew: 573K->64K(576K), 0.0006694 secs] 3261K->2783K(3548K), 0.0007099 secs]
2.168: [GC 2.168: [DefNew: 576K->33K(576K), 0.0007307 secs] 3295K->2814K(3548K), 0.0007770 secs]
2.170: [GC 2.170: [DefNew: 545K->33K(576K), 0.0005972 secs] 3326K->2846K(3548K), 0.0006393 secs]
2.173: [GC 2.173: [DefNew: 545K->31K(576K), 0.0005457 secs] 3358K->2876K(3548K), 0.0005865 secs]
2.175: [GC 2.175: [DefNew: 543K->62K(576K), 0.0005172 secs] 3388K->2907K(3548K), 0.0005581 secs]
2.177: [GC 2.177: [DefNew: 574K->63K(576K), 0.0007245 secs] 3419K->2940K(3548K), 0.0007705 secs]
2.180: [GC 2.180: [DefNew: 575K->32K(576K), 0.0006901 secs] 3452K->2971K(3548K), 0.0007318 secs]
2.182: [GC 2.182: [DefNew: 544K->32K(576K), 0.0005615 secs]2.183: [Tenured: 2971K->2145K(2972K), 0.0364824 secs] 3483K->2145K(3548K), 0.0371372 secs]
2.221: [GC 2.221: [DefNew: 512K->32K(576K), 0.0004601 secs] 2657K->2178K(4152K), 0.0005069 secs]
2.223: [GC 2.223: [DefNew: 544K->33K(576K), 0.0005904 secs] 2690K->2209K(4152K), 0.0006363 secs]
2.226: [GC 2.226: [DefNew: 545K->32K(576K), 0.0005752 secs] 2721K->2240K(4152K), 0.0006189 secs]
2.228: [GC 2.228: [DefNew: 544K->33K(576K), 0.0006325 secs] 2752K->2273K(4152K), 0.0006746 secs]
2.231: [GC 2.231: [DefNew: 545K->31K(576K), 0.0006283 secs] 2785K->2305K(4152K), 0.0007362 secs]
2.233: [GC 2.233: [DefNew: 543K->63K(576K), 0.0005214 secs] 2817K->2336K(4152K), 0.0005612 secs]
2.235: [GC 2.235: [DefNew: 575K->30K(576K), 0.0006810 secs] 2848K->2366K(4152K), 0.0007301 secs]
2.238: [GC 2.238: [DefNew: 542K->61K(576K), 0.0005150 secs] 2878K->2397K(4152K), 0.0005553 secs]
2.240: [GC 2.240: [DefNew: 573K->32K(576K), 0.0007314 secs] 2909K->2427K(4152K), 0.0007765 secs]
2.243: [GC 2.243: [DefNew: 544K->33K(576K), 0.0005777 secs] 2939K->2460K(4152K), 0.0006176 secs]
2.245: [GC 2.245: [DefNew: 545K->33K(576K), 0.0005386 secs] 2972K->2493K(4152K), 0.0005781 secs]
2.247: [GC 2.247: [DefNew: 545K->33K(576K), 0.0005472 secs] 3005K->2525K(4152K), 0.0005871 secs]
2.250: [GC 2.250: [DefNew: 545K->30K(576K), 0.0005330 secs] 3037K->2554K(4152K), 0.0005716 secs]
2.252: [GC 2.252: [DefNew: 542K->61K(576K), 0.0005813 secs] 3066K->2585K(4152K), 0.0006288 secs]
2.254: [GC 2.254: [DefNew: 573K->61K(576K), 0.0006912 secs] 3097K->2615K(4152K), 0.0007313 secs]
2.257: [GC 2.257: [DefNew: 573K->64K(576K), 0.0006710 secs] 3127K->2650K(4152K), 0.0007111 secs]
2.259: [GC 2.259: [DefNew: 576K->32K(576K), 0.0007104 secs] 3162K->2681K(4152K), 0.0007528 secs]
2.262: [GC 2.262: [DefNew: 544K->33K(576K), 0.0005842 secs] 3193K->2712K(4152K), 0.0006292 secs]
2.264: [GC 2.264: [DefNew: 545K->31K(576K), 0.0005369 secs] 3224K->2742K(4152K), 0.0005776 secs]
2.266: [GC 2.266: [DefNew: 543K->62K(576K), 0.0005561 secs] 3254K->2773K(4152K), 0.0005957 secs]
2.269: [GC 2.269: [DefNew: 574K->62K(576K), 0.0006659 secs] 3285K->2804K(4152K), 0.0007062 secs]
2.271: [GC 2.271: [DefNew: 574K->33K(576K), 0.0007463 secs] 3316K->2837K(4152K), 0.0007928 secs]
2.274: [GC 2.274: [DefNew: 545K->33K(576K), 0.0005778 secs] 3349K->2869K(4152K), 0.0006215 secs]
2.276: [GC 2.276: [DefNew: 545K->31K(576K), 0.0005487 secs] 3381K->2900K(4152K), 0.0005901 secs]
2.278: [GC 2.278: [DefNew: 543K->61K(576K), 0.0005085 secs] 3412K->2930K(4152K), 0.0005479 secs]
2.281: [GC 2.281: [DefNew: 573K->64K(576K), 0.0006834 secs] 3442K->2965K(4152K), 0.0007249 secs]
2.283: [GC 2.283: [DefNew: 576K->32K(576K), 0.0007044 secs] 3477K->2996K(4152K), 0.0007480 secs]
2.285: [GC 2.286: [DefNew: 544K->33K(576K), 0.0005782 secs] 3508K->3029K(4152K), 0.0006202 secs]
2.288: [GC 2.288: [DefNew: 545K->33K(576K), 0.0005655 secs] 3541K->3061K(4152K), 0.0006064 secs]
2.290: [GC 2.290: [DefNew: 545K->33K(576K), 0.0005661 secs] 3573K->3094K(4152K), 0.0006063 secs]
2.292: [GC 2.293: [DefNew: 545K->35K(576K), 0.0007180 secs] 3606K->3129K(4152K), 0.0007661 secs]
2.295: [GC 2.295: [DefNew: 547K->33K(576K), 0.0006384 secs] 3641K->3161K(4152K), 0.0006866 secs]
2.297: [GC 2.297: [DefNew: 545K->31K(576K), 0.0005573 secs] 3673K->3191K(4152K), 0.0005973 secs]
2.301: [GC 2.301: [DefNew: 543K->64K(576K), 0.0009132 secs] 3703K->3311K(4152K), 0.0009562 secs]
2.305: [GC 2.305: [DefNew: 576K->64K(576K), 0.0011870 secs] 3823K->3442K(4152K), 0.0012357 secs]
2.310: [GC 2.310: [DefNew: 576K->64K(576K), 0.0009969 secs] 3954K->3559K(4152K), 0.0010442 secs]
2.314: [GC 2.314: [DefNew: 576K->63K(576K), 0.0010338 secs]2.316: [Tenured: 3612K->3131K(3704K), 0.0428600 secs] 4071K->3131K(4280K), 0.0440088 secs]
2.362: [GC 2.362: [DefNew: 512K->64K(576K), 0.0008424 secs] 3643K->3277K(5796K), 0.0008867 secs]
2.366: [GC 2.366: [DefNew: 576K->63K(576K), 0.0010648 secs] 3789K->3407K(5796K), 0.0011121 secs]
2.371: [GC 2.371: [DefNew: 575K->63K(576K), 0.0008750 secs] 3919K->3511K(5796K), 0.0009223 secs]
2.375: [GC 2.375: [DefNew: 575K->63K(576K), 0.0012145 secs] 4023K->3670K(5796K), 0.0012637 secs]
2.380: [GC 2.380: [DefNew: 575K->64K(576K), 0.0007987 secs] 4182K->3753K(5796K), 0.0008428 secs]
2.384: [GC 2.384: [DefNew: 576K->63K(576K), 0.0009643 secs] 4265K->3862K(5796K), 0.0010093 secs]
2.388: [GC 2.388: [DefNew: 575K->63K(576K), 0.0009486 secs] 4374K->3969K(5796K), 0.0009956 secs]
2.393: [GC 2.393: [DefNew: 575K->63K(576K), 0.0009828 secs] 4481K->4085K(5796K), 0.0010273 secs]
2.398: [GC 2.398: [DefNew: 575K->63K(576K), 0.0010882 secs] 4597K->4201K(5796K), 0.0011374 secs]
2.403: [GC 2.403: [DefNew: 575K->63K(576K), 0.0010122 secs] 4713K->4309K(5796K), 0.0010659 secs]
2.408: [GC 2.408: [DefNew: 575K->63K(576K), 0.0008675 secs] 4821K->4389K(5796K), 0.0009144 secs]
2.412: [GC 2.412: [DefNew: 575K->63K(576K), 0.0007227 secs] 4901K->4445K(5796K), 0.0007752 secs]
2.416: [GC 2.416: [DefNew: 575K->63K(576K), 0.0007394 secs] 4957K->4498K(5796K), 0.0007833 secs]
2.421: [GC 2.421: [DefNew: 575K->63K(576K), 0.0008314 secs] 5010K->4576K(5796K), 0.0008806 secs]
2.425: [GC 2.425: [DefNew: 575K->63K(576K), 0.0007113 secs] 5088K->4634K(5796K), 0.0007523 secs]
2.429: [GC 2.429: [DefNew: 575K->63K(576K), 0.0006849 secs] 5146K->4690K(5796K), 0.0007315 secs]
2.433: [GC 2.433: [DefNew: 575K->63K(576K), 0.0008434 secs] 5202K->4774K(5796K), 0.0008871 secs]
2.437: [GC 2.437: [DefNew: 575K->63K(576K), 0.0008140 secs] 5286K->4862K(5796K), 0.0008575 secs]
2.442: [GC 2.442: [DefNew: 575K->64K(576K), 0.0007505 secs] 5374K->4920K(5796K), 0.0007975 secs]
2.447: [GC 2.447: [DefNew: 576K->63K(576K), 0.0009435 secs] 5432K->5014K(5796K), 0.0009908 secs]
2.452: [GC 2.452: [DefNew: 575K->63K(576K), 0.0005729 secs] 5526K->5033K(5796K), 0.0006181 secs]
2.456: [GC 2.456: [DefNew: 575K->63K(576K), 0.0006159 secs] 5545K->5075K(5796K), 0.0006572 secs]
2.460: [GC 2.460: [DefNew: 575K->64K(576K), 0.0009141 secs] 5587K->5165K(5796K), 0.0009611 secs]
2.466: [GC 2.467: [DefNew: 576K->64K(576K), 0.0019262 secs]2.468: [Tenured: 5380K->2848K(5476K), 0.0411576 secs] 5677K->2848K(6052K), 0.0431978 secs]
2.515: [GC 2.515: [DefNew: 512K->63K(576K), 0.0012987 secs] 3360K->3071K(5796K), 0.0013490 secs]
2.520: [GC 2.520: [DefNew: 575K->64K(576K), 0.0010231 secs] 3583K->3193K(5796K), 0.0010758 secs]
2.526: [GC 2.526: [DefNew: 576K->63K(576K), 0.0008194 secs] 3705K->3264K(5796K), 0.0008698 secs]
2.530: [GC 2.530: [DefNew: 575K->63K(576K), 0.0013576 secs] 3776K->3334K(5796K), 0.0014315 secs]
2.536: [GC 2.536: [DefNew: 575K->64K(576K), 0.0010521 secs] 3846K->3395K(5796K), 0.0011250 secs]
2.541: [GC 2.541: [DefNew: 576K->63K(576K), 0.0010409 secs] 3907K->3500K(5796K), 0.0010951 secs]
2.546: [GC 2.546: [DefNew: 575K->63K(576K), 0.0008367 secs] 4012K->3567K(5796K), 0.0008835 secs]
2.550: [GC 2.550: [DefNew: 575K->63K(576K), 0.0006630 secs] 4079K->3618K(5796K), 0.0007056 secs]
2.554: [GC 2.554: [DefNew: 575K->64K(576K), 0.0006554 secs] 4130K->3656K(5796K), 0.0006990 secs]
2.559: [GC 2.559: [DefNew: 576K->63K(576K), 0.0008949 secs] 4168K->3751K(5796K), 0.0009401 secs]
2.563: [GC 2.563: [DefNew: 575K->64K(576K), 0.0006951 secs] 4263K->3812K(5796K), 0.0007363 secs]
2.567: [GC 2.567: [DefNew: 576K->63K(576K), 0.0008212 secs] 4324K->3899K(5796K), 0.0008689 secs]
2.571: [GC 2.571: [DefNew: 575K->64K(576K), 0.0007111 secs] 4411K->3958K(5796K), 0.0007566 secs]
2.577: [GC 2.577: [DefNew: 576K->63K(576K), 0.0017893 secs] 4470K->4237K(5796K), 0.0018376 secs]
2.583: [GC 2.583: [DefNew: 575K->63K(576K), 0.0013941 secs] 4749K->4441K(5796K), 0.0014399 secs]
2.587: [GC 2.587: [DefNew: 575K->63K(576K), 0.0008298 secs] 4953K->4529K(5796K), 0.0008774 secs]
2.592: [GC 2.592: [DefNew: 575K->63K(576K), 0.0009569 secs] 5041K->4650K(5796K), 0.0009995 secs]
2.596: [GC 2.596: [DefNew: 575K->63K(576K), 0.0008284 secs] 5162K->4727K(5796K), 0.0008746 secs]
2.600: [GC 2.600: [DefNew: 575K->64K(576K), 0.0007582 secs] 5239K->4811K(5796K), 0.0008009 secs]
2.605: [GC 2.605: [DefNew: 576K->63K(576K), 0.0010581 secs] 5323K->4938K(5796K), 0.0011097 secs]
2.610: [GC 2.610: [DefNew: 575K->64K(576K), 0.0007217 secs] 5450K->4998K(5796K), 0.0007693 secs]
2.614: [GC 2.614: [DefNew: 576K->64K(576K), 0.0006661 secs] 5510K->5040K(5796K), 0.0007105 secs]
2.618: [GC 2.618: [DefNew: 576K->63K(576K), 0.0007859 secs] 5552K->5100K(5796K), 0.0008287 secs]
2.623: [GC 2.623: [DefNew: 575K->63K(576K), 0.0007783 secs] 5612K->5169K(5796K), 0.0008253 secs]
2.628: [GC 2.628: [DefNew: 575K->64K(576K), 0.0014135 secs]2.630: [Tenured: 5317K->2566K(5348K), 0.0389302 secs] 5681K->2566K(5924K), 0.0404713 secs]
2.672: [GC 2.672: [DefNew: 512K->64K(576K), 0.0008548 secs] 3078K->2703K(5796K), 0.0009018 secs]
2.677: [GC 2.677: [DefNew: 576K->63K(576K), 0.0017397 secs] 3215K->2982K(5796K), 0.0017849 secs]
2.682: [GC 2.682: [DefNew: 575K->63K(576K), 0.0016739 secs] 3494K->3260K(5796K), 0.0017195 secs]
2.687: [GC 2.687: [DefNew: 575K->63K(576K), 0.0012116 secs] 3772K->3446K(5796K), 0.0012551 secs]
2.691: [GC 2.692: [DefNew: 575K->63K(576K), 0.0010728 secs] 3958K->3600K(5796K), 0.0011174 secs]
2.696: [GC 2.696: [DefNew: 575K->64K(576K), 0.0009745 secs] 4112K->3728K(5796K), 0.0010224 secs]
2.700: [GC 2.700: [DefNew: 576K->63K(576K), 0.0008182 secs] 4240K->3817K(5796K), 0.0008625 secs]
2.705: [GC 2.705: [DefNew: 575K->64K(576K), 0.0010998 secs] 4329K->3970K(5796K), 0.0011479 secs]
2.709: [GC 2.709: [DefNew: 576K->63K(576K), 0.0008836 secs] 4482K->4057K(5796K), 0.0009299 secs]
2.713: [GC 2.713: [DefNew: 575K->64K(576K), 0.0008560 secs] 4569K->4154K(5796K), 0.0008993 secs]
2.718: [GC 2.718: [DefNew: 576K->63K(576K), 0.0009327 secs] 4666K->4261K(5796K), 0.0009789 secs]
2.723: [GC 2.723: [DefNew: 575K->64K(576K), 0.0011962 secs] 4773K->4428K(5796K), 0.0012429 secs]
2.728: [GC 2.728: [DefNew: 576K->63K(576K), 0.0007861 secs] 4940K->4507K(5796K), 0.0008291 secs]
2.732: [GC 2.732: [DefNew: 575K->63K(576K), 0.0009398 secs] 5019K->4612K(5796K), 0.0009867 secs]
2.736: [GC 2.736: [DefNew: 575K->63K(576K), 0.0008260 secs] 5124K->4700K(5796K), 0.0008681 secs]
2.741: [GC 2.741: [DefNew: 575K->63K(576K), 0.0009826 secs] 5212K->4801K(5796K), 0.0010348 secs]
2.745: [GC 2.745: [DefNew: 575K->63K(576K), 0.0008081 secs] 5313K->4885K(5796K), 0.0008520 secs]
2.751: [GC 2.751: [DefNew: 575K->64K(576K), 0.0014492 secs] 5397K->5087K(5796K), 0.0015035 secs]
2.757: [GC 2.757: [DefNew: 576K->63K(576K), 0.0008705 secs] 5599K->5174K(5796K), 0.0009242 secs]
2.761: [GC 2.761: [DefNew: 575K->64K(576K), 0.0006771 secs] 5686K->5228K(5796K), 0.0007210 secs]
2.765: [GC 2.765: [DefNew: 576K->63K(576K), 0.0008359 secs]2.766: [Tenured: 5251K->2682K(5348K), 0.0369055 secs] 5740K->2682K(5924K), 0.0378376 secs]
2.806: [GC 2.806: [DefNew: 512K->63K(576K), 0.0008611 secs] 3194K->2833K(5796K), 0.0009085 secs]
2.810: [GC 2.810: [DefNew: 575K->64K(576K), 0.0008380 secs] 3345K->2936K(5796K), 0.0008831 secs]
2.815: [GC 2.815: [DefNew: 576K->64K(576K), 0.0010485 secs] 3448K->3069K(5796K), 0.0010946 secs]
2.819: [GC 2.819: [DefNew: 576K->64K(576K), 0.0007219 secs] 3581K->3133K(5796K), 0.0007638 secs]
2.824: [GC 2.824: [DefNew: 576K->63K(576K), 0.0009738 secs] 3645K->3258K(5796K), 0.0010207 secs]
2.828: [GC 2.828: [DefNew: 575K->63K(576K), 0.0009897 secs] 3770K->3376K(5796K), 0.0010348 secs]
2.833: [GC 2.833: [DefNew: 575K->63K(576K), 0.0008009 secs] 3888K->3462K(5796K), 0.0008427 secs]
2.837: [GC 2.837: [DefNew: 575K->63K(576K), 0.0007725 secs] 3974K->3548K(5796K), 0.0008145 secs]
2.842: [GC 2.842: [DefNew: 575K->63K(576K), 0.0010088 secs] 4060K->3648K(5796K), 0.0010581 secs]
2.847: [GC 2.847: [DefNew: 575K->63K(576K), 0.0009348 secs] 4160K->3755K(5796K), 0.0009781 secs]
2.853: [GC 2.853: [DefNew: 575K->64K(576K), 0.0018306 secs] 4267K->4034K(5796K), 0.0018815 secs]
2.861: [GC 2.861: [DefNew: 576K->63K(576K), 0.0017849 secs] 4546K->4313K(5796K), 0.0018321 secs]
2.867: [GC 2.867: [DefNew: 575K->63K(576K), 0.0014400 secs] 4825K->4524K(5796K), 0.0014852 secs]
2.871: [GC 2.871: [DefNew: 575K->63K(576K), 0.0010003 secs] 5036K->4652K(5796K), 0.0010470 secs]
2.876: [GC 2.876: [DefNew: 575K->64K(576K), 0.0005977 secs] 5164K->4695K(5796K), 0.0006392 secs]
2.880: [GC 2.880: [DefNew: 576K->63K(576K), 0.0007567 secs] 5207K->4774K(5796K), 0.0007994 secs]
2.884: [GC 2.884: [DefNew: 575K->63K(576K), 0.0008895 secs] 5286K->4882K(5796K), 0.0009341 secs]
2.889: [GC 2.889: [DefNew: 575K->64K(576K), 0.0006476 secs] 5394K->4931K(5796K), 0.0006937 secs]
2.893: [GC 2.893: [DefNew: 576K->63K(576K), 0.0007152 secs] 5443K->5007K(5796K), 0.0007574 secs]
2.898: [GC 2.898: [DefNew: 575K->64K(576K), 0.0014123 secs] 5519K->5206K(5796K), 0.0014602 secs]
2.903: [GC 2.903: [DefNew: 576K->64K(576K), 0.0007787 secs]2.903: [Tenured: 5212K->1675K(5220K), 0.0360864 secs] 5718K->1675K(5796K), 0.0369439 secs]
2.943: [GC 2.943: [DefNew: 512K->63K(576K), 0.0008480 secs] 2187K->1819K(5796K), 0.0008919 secs]
2.947: [GC 2.947: [DefNew: 575K->64K(576K), 0.0009866 secs] 2331K->1957K(5796K), 0.0010299 secs]
2.952: [GC 2.952: [DefNew: 576K->64K(576K), 0.0009477 secs] 2469K->2040K(5796K), 0.0009982 secs]
2.956: [GC 2.956: [DefNew: 576K->63K(576K), 0.0008481 secs] 2552K->2133K(5796K), 0.0008905 secs]
2.960: [GC 2.960: [DefNew: 575K->63K(576K), 0.0009837 secs] 2645K->2270K(5796K), 0.0010267 secs]
2.964: [GC 2.964: [DefNew: 575K->63K(576K), 0.0007042 secs] 2782K->2349K(5796K), 0.0007451 secs]
2.968: [GC 2.968: [DefNew: 575K->63K(576K), 0.0009683 secs] 2861K->2477K(5796K), 0.0010133 secs]
2.973: [GC 2.973: [DefNew: 575K->63K(576K), 0.0008375 secs] 2989K->2577K(5796K), 0.0008810 secs]
2.978: [GC 2.978: [DefNew: 575K->64K(576K), 0.0007083 secs] 3089K->2655K(5796K), 0.0007505 secs]
2.983: [GC 2.983: [DefNew: 576K->64K(576K), 0.0007926 secs] 3167K->2730K(5796K), 0.0008387 secs]
2.988: [GC 2.988: [DefNew: 576K->64K(576K), 0.0008438 secs] 3242K->2821K(5796K), 0.0008851 secs]
2.993: [GC 2.993: [DefNew: 576K->63K(576K), 0.0011988 secs] 3333K->2996K(5796K), 0.0012432 secs]
2.998: [GC 2.998: [DefNew: 575K->63K(576K), 0.0014647 secs] 3508K->3222K(5796K), 0.0015086 secs]
3.004: [GC 3.004: [DefNew: 575K->63K(576K), 0.0012993 secs] 3734K->3422K(5796K), 0.0013427 secs]
3.009: [GC 3.009: [DefNew: 575K->64K(576K), 0.0008221 secs] 3934K->3497K(5796K), 0.0008821 secs]
3.013: [GC 3.013: [DefNew: 576K->51K(576K), 0.0005931 secs] 4009K->3536K(5796K), 0.0006358 secs]
3.017: [GC 3.017: [DefNew: 563K->64K(576K), 0.0007199 secs] 4048K->3592K(5796K), 0.0007674 secs]
3.021: [GC 3.021: [DefNew: 576K->61K(576K), 0.0005802 secs] 4104K->3630K(5796K), 0.0006222 secs]
3.026: [GC 3.026: [DefNew: 573K->64K(576K), 0.0011290 secs] 4142K->3779K(5796K), 0.0011745 secs]
3.030: [GC 3.030: [DefNew: 576K->63K(576K), 0.0006272 secs] 4291K->3820K(5796K), 0.0006700 secs]
3.034: [GC 3.034: [DefNew: 575K->62K(576K), 0.0006724 secs] 4332K->3867K(5796K), 0.0007156 secs]
3.038: [GC 3.039: [DefNew: 574K->63K(576K), 0.0009322 secs] 4379K->3959K(5796K), 0.0009756 secs]
3.043: [GC 3.043: [DefNew: 575K->63K(576K), 0.0007369 secs] 4471K->4026K(5796K), 0.0007823 secs]
3.047: [GC 3.047: [DefNew: 575K->63K(576K), 0.0008918 secs] 4538K->4124K(5796K), 0.0009343 secs]
3.052: [GC 3.052: [DefNew: 575K->63K(576K), 0.0009410 secs] 4636K->4229K(5796K), 0.0009834 secs]
3.056: [GC 3.056: [DefNew: 575K->63K(576K), 0.0005715 secs] 4741K->4264K(5796K), 0.0006131 secs]
3.060: [GC 3.060: [DefNew: 575K->55K(576K), 0.0006527 secs] 4776K->4305K(5796K), 0.0006977 secs]
3.064: [GC 3.064: [DefNew: 567K->63K(576K), 0.0007137 secs] 4817K->4389K(5796K), 0.0007558 secs]
3.068: [GC 3.068: [DefNew: 575K->63K(576K), 0.0005995 secs] 4901K->4436K(5796K), 0.0006407 secs]
3.072: [GC 3.072: [DefNew: 575K->63K(576K), 0.0007286 secs] 4948K->4497K(5796K), 0.0007722 secs]
3.076: [GC 3.076: [DefNew: 575K->64K(576K), 0.0006615 secs] 5009K->4550K(5796K), 0.0007029 secs]
3.081: [GC 3.081: [DefNew: 576K->63K(576K), 0.0015528 secs] 5062K->4797K(5796K), 0.0015965 secs]
3.086: [GC 3.086: [DefNew: 575K->64K(576K), 0.0012739 secs] 5309K->4970K(5796K), 0.0013215 secs]
3.091: [GC 3.091: [DefNew: 576K->63K(576K), 0.0009326 secs] 5482K->5075K(5796K), 0.0009774 secs]
3.095: [GC 3.095: [DefNew: 575K->60K(576K), 0.0006393 secs] 5587K->5119K(5796K), 0.0006811 secs]
3.099: [GC 3.099: [DefNew: 572K->55K(576K), 0.0005952 secs] 5631K->5150K(5796K), 0.0006388 secs]
3.103: [GC 3.103: [DefNew: 567K->64K(576K), 0.0007965 secs] 5662K->5241K(5796K), 0.0008406 secs]
3.107: [GC 3.107: [DefNew: 576K->60K(576K), 0.0005138 secs] 5753K->5244K(5796K), 0.0005611 secs]
3.112: [GC 3.112: [DefNew: 572K->63K(576K), 0.0008906 secs]3.113: [Tenured: 5268K->1295K(5348K), 0.0314585 secs] 5756K->1295K(5924K), 0.0324502 secs]
3.148: [GC 3.148: [DefNew: 512K->63K(576K), 0.0009075 secs] 1807K->1465K(5796K), 0.0009562 secs]
3.153: [GC 3.153: [DefNew: 575K->63K(576K), 0.0009840 secs] 1977K->1589K(5796K), 0.0010315 secs]
3.157: [GC 3.157: [DefNew: 575K->64K(576K), 0.0007325 secs] 2101K->1669K(5796K), 0.0007753 secs]
3.161: [GC 3.161: [DefNew: 576K->64K(576K), 0.0007236 secs] 2181K->1744K(5796K), 0.0007658 secs]
3.166: [GC 3.166: [DefNew: 576K->63K(576K), 0.0008765 secs] 2256K->1846K(5796K), 0.0009190 secs]
3.171: [GC 3.171: [DefNew: 575K->63K(576K), 0.0008412 secs] 2358K->1930K(5796K), 0.0008899 secs]
3.175: [GC 3.175: [DefNew: 575K->63K(576K), 0.0005404 secs] 2442K->1959K(5796K), 0.0005819 secs]
"Elapsed time: 1093.296851 msecs"
i-size:  59049
3.179: [GC 3.179: [DefNew: 575K->52K(576K), 0.0006485 secs] 2471K->1998K(5796K), 0.0006927 secs]
3.181: [GC 3.182: [DefNew: 564K->28K(576K), 0.0005661 secs] 2510K->2025K(5796K), 0.0006054 secs]
3.184: [GC 3.184: [DefNew: 540K->55K(576K), 0.0004957 secs] 2537K->2052K(5796K), 0.0005382 secs]
3.186: [GC 3.186: [DefNew: 567K->54K(576K), 0.0005971 secs] 2564K->2078K(5796K), 0.0006373 secs]
3.188: [GC 3.188: [DefNew: 566K->56K(576K), 0.0006106 secs] 2590K->2106K(5796K), 0.0006503 secs]
3.191: [GC 3.191: [DefNew: 568K->56K(576K), 0.0006115 secs] 2618K->2133K(5796K), 0.0006518 secs]
3.193: [GC 3.193: [DefNew: 568K->54K(576K), 0.0006280 secs] 2645K->2160K(5796K), 0.0006678 secs]
3.195: [GC 3.195: [DefNew: 566K->54K(576K), 0.0006014 secs] 2672K->2185K(5796K), 0.0006415 secs]
3.198: [GC 3.198: [DefNew: 566K->53K(576K), 0.0006664 secs] 2697K->2213K(5796K), 0.0007102 secs]
3.200: [GC 3.200: [DefNew: 565K->52K(576K), 0.0006448 secs] 2725K->2236K(5796K), 0.0006901 secs]
3.202: [GC 3.202: [DefNew: 564K->51K(576K), 0.0006013 secs] 2748K->2263K(5796K), 0.0006418 secs]
3.205: [GC 3.205: [DefNew: 563K->52K(576K), 0.0005799 secs] 2775K->2288K(5796K), 0.0006194 secs]
3.207: [GC 3.207: [DefNew: 564K->51K(576K), 0.0005927 secs] 2800K->2313K(5796K), 0.0006322 secs]
3.209: [GC 3.209: [DefNew: 563K->54K(576K), 0.0006488 secs] 2825K->2341K(5796K), 0.0006936 secs]
3.212: [GC 3.212: [DefNew: 566K->58K(576K), 0.0006264 secs] 2853K->2369K(5796K), 0.0006682 secs]
3.214: [GC 3.214: [DefNew: 570K->55K(576K), 0.0006557 secs] 2881K->2394K(5796K), 0.0006996 secs]
3.217: [GC 3.217: [DefNew: 567K->52K(576K), 0.0006282 secs] 2906K->2420K(5796K), 0.0006694 secs]
3.219: [GC 3.219: [DefNew: 564K->52K(576K), 0.0006316 secs] 2932K->2445K(5796K), 0.0006752 secs]
3.221: [GC 3.221: [DefNew: 564K->52K(576K), 0.0006170 secs] 2957K->2472K(5796K), 0.0006573 secs]
3.224: [GC 3.224: [DefNew: 564K->55K(576K), 0.0006137 secs] 2984K->2499K(5796K), 0.0006537 secs]
3.226: [GC 3.226: [DefNew: 567K->54K(576K), 0.0006175 secs] 3011K->2526K(5796K), 0.0006573 secs]
3.228: [GC 3.228: [DefNew: 566K->54K(576K), 0.0008419 secs] 3038K->2552K(5796K), 0.0008918 secs]
3.231: [GC 3.231: [DefNew: 566K->54K(576K), 0.0006438 secs] 3064K->2578K(5796K), 0.0006873 secs]
3.233: [GC 3.233: [DefNew: 566K->51K(576K), 0.0006041 secs] 3090K->2603K(5796K), 0.0006441 secs]
3.236: [GC 3.236: [DefNew: 563K->52K(576K), 0.0005988 secs] 3115K->2629K(5796K), 0.0006389 secs]
3.238: [GC 3.238: [DefNew: 564K->52K(576K), 0.0006101 secs] 3141K->2654K(5796K), 0.0006508 secs]
3.240: [GC 3.240: [DefNew: 564K->53K(576K), 0.0006133 secs] 3166K->2681K(5796K), 0.0006540 secs]
3.243: [GC 3.243: [DefNew: 565K->58K(576K), 0.0006444 secs] 3193K->2711K(5796K), 0.0006842 secs]
3.245: [GC 3.245: [DefNew: 570K->57K(576K), 0.0006351 secs] 3223K->2737K(5796K), 0.0006762 secs]
3.247: [GC 3.247: [DefNew: 569K->54K(576K), 0.0006297 secs] 3249K->2763K(5796K), 0.0006702 secs]
3.250: [GC 3.250: [DefNew: 566K->53K(576K), 0.0006144 secs] 3275K->2789K(5796K), 0.0006538 secs]
3.252: [GC 3.252: [DefNew: 565K->55K(576K), 0.0006204 secs] 3301K->2818K(5796K), 0.0006611 secs]
3.254: [GC 3.254: [DefNew: 567K->57K(576K), 0.0006440 secs] 3330K->2845K(5796K), 0.0006846 secs]
3.256: [GC 3.256: [DefNew: 569K->56K(576K), 0.0006276 secs] 3357K->2872K(5796K), 0.0006676 secs]
3.259: [GC 3.259: [DefNew: 568K->55K(576K), 0.0006421 secs] 3384K->2899K(5796K), 0.0006853 secs]
3.261: [GC 3.261: [DefNew: 567K->54K(576K), 0.0006521 secs] 3411K->2925K(5796K), 0.0006956 secs]
3.264: [GC 3.264: [DefNew: 566K->50K(576K), 0.0006510 secs] 3437K->2949K(5796K), 0.0006962 secs]
3.266: [GC 3.266: [DefNew: 562K->50K(576K), 0.0005942 secs] 3461K->2974K(5796K), 0.0006341 secs]
3.268: [GC 3.268: [DefNew: 562K->50K(576K), 0.0005880 secs] 3486K->2999K(5796K), 0.0006274 secs]
3.271: [GC 3.271: [DefNew: 562K->51K(576K), 0.0005974 secs] 3511K->3025K(5796K), 0.0006475 secs]
3.273: [GC 3.273: [DefNew: 563K->54K(576K), 0.0006129 secs] 3537K->3053K(5796K), 0.0006532 secs]
3.275: [GC 3.275: [DefNew: 566K->55K(576K), 0.0006223 secs] 3565K->3079K(5796K), 0.0006613 secs]
3.277: [GC 3.277: [DefNew: 567K->53K(576K), 0.0006514 secs] 3591K->3105K(5796K), 0.0006936 secs]
3.280: [GC 3.280: [DefNew: 565K->52K(576K), 0.0006467 secs] 3617K->3131K(5796K), 0.0006898 secs]
3.282: [GC 3.282: [DefNew: 564K->52K(576K), 0.0006041 secs] 3643K->3157K(5796K), 0.0006440 secs]
3.285: [GC 3.285: [DefNew: 564K->54K(576K), 0.0006130 secs] 3669K->3185K(5796K), 0.0006531 secs]
3.287: [GC 3.287: [DefNew: 566K->56K(576K), 0.0006229 secs] 3697K->3212K(5796K), 0.0006631 secs]
3.289: [GC 3.289: [DefNew: 568K->55K(576K), 0.0006175 secs] 3724K->3239K(5796K), 0.0006571 secs]
3.292: [GC 3.292: [DefNew: 567K->54K(576K), 0.0006396 secs] 3751K->3266K(5796K), 0.0006810 secs]
3.294: [GC 3.294: [DefNew: 566K->56K(576K), 0.0006572 secs] 3778K->3295K(5796K), 0.0006995 secs]
3.296: [GC 3.297: [DefNew: 568K->54K(576K), 0.0006230 secs] 3807K->3319K(5796K), 0.0006625 secs]
3.299: [GC 3.299: [DefNew: 566K->54K(576K), 0.0006324 secs] 3831K->3348K(5796K), 0.0006731 secs]
3.301: [GC 3.301: [DefNew: 566K->53K(576K), 0.0006087 secs] 3860K->3372K(5796K), 0.0006477 secs]
3.303: [GC 3.303: [DefNew: 565K->53K(576K), 0.0006147 secs] 3884K->3400K(5796K), 0.0006542 secs]
3.306: [GC 3.306: [DefNew: 565K->55K(576K), 0.0006219 secs] 3912K->3428K(5796K), 0.0006608 secs]
3.308: [GC 3.308: [DefNew: 567K->57K(576K), 0.0006617 secs] 3940K->3456K(5796K), 0.0007043 secs]
3.311: [GC 3.311: [DefNew: 569K->56K(576K), 0.0006774 secs] 3968K->3482K(5796K), 0.0007203 secs]
3.313: [GC 3.313: [DefNew: 568K->55K(576K), 0.0006381 secs] 3994K->3509K(5796K), 0.0006785 secs]
3.315: [GC 3.315: [DefNew: 567K->57K(576K), 0.0006750 secs] 4021K->3538K(5796K), 0.0007195 secs]
3.318: [GC 3.318: [DefNew: 569K->57K(576K), 0.0006417 secs] 4050K->3565K(5796K), 0.0006813 secs]
3.320: [GC 3.320: [DefNew: 569K->54K(576K), 0.0006406 secs] 4077K->3591K(5796K), 0.0006819 secs]
3.322: [GC 3.322: [DefNew: 566K->54K(576K), 0.0006485 secs] 4103K->3617K(5796K), 0.0006883 secs]
3.325: [GC 3.325: [DefNew: 566K->56K(576K), 0.0006264 secs] 4129K->3645K(5796K), 0.0006656 secs]
3.327: [GC 3.327: [DefNew: 568K->55K(576K), 0.0006259 secs] 4157K->3672K(5796K), 0.0006663 secs]
3.329: [GC 3.329: [DefNew: 567K->53K(576K), 0.0006187 secs] 4184K->3698K(5796K), 0.0006579 secs]
3.332: [GC 3.332: [DefNew: 565K->54K(576K), 0.0007318 secs] 4210K->3726K(5796K), 0.0007785 secs]
3.334: [GC 3.334: [DefNew: 566K->54K(576K), 0.0006927 secs] 4238K->3752K(5796K), 0.0007340 secs]
3.337: [GC 3.337: [DefNew: 566K->55K(576K), 0.0006293 secs] 4264K->3779K(5796K), 0.0006684 secs]
3.339: [GC 3.339: [DefNew: 567K->55K(576K), 0.0006486 secs] 4291K->3805K(5796K), 0.0006918 secs]
3.341: [GC 3.341: [DefNew: 567K->55K(576K), 0.0006320 secs] 4317K->3833K(5796K), 0.0006722 secs]
3.344: [GC 3.344: [DefNew: 567K->54K(576K), 0.0006222 secs] 4345K->3859K(5796K), 0.0006620 secs]
3.346: [GC 3.346: [DefNew: 566K->55K(576K), 0.0006302 secs] 4371K->3887K(5796K), 0.0006686 secs]
3.348: [GC 3.348: [DefNew: 567K->56K(576K), 0.0006441 secs] 4399K->3915K(5796K), 0.0006862 secs]
3.351: [GC 3.351: [DefNew: 568K->54K(576K), 0.0006464 secs] 4427K->3942K(5796K), 0.0006875 secs]
3.353: [GC 3.353: [DefNew: 566K->53K(576K), 0.0006288 secs] 4454K->3967K(5796K), 0.0006680 secs]
3.355: [GC 3.355: [DefNew: 565K->54K(576K), 0.0006550 secs] 4479K->3995K(5796K), 0.0007061 secs]
3.358: [GC 3.358: [DefNew: 566K->52K(576K), 0.0006313 secs] 4507K->4019K(5796K), 0.0006714 secs]
3.360: [GC 3.360: [DefNew: 564K->53K(576K), 0.0006272 secs] 4531K->4046K(5796K), 0.0006687 secs]
3.362: [GC 3.362: [DefNew: 565K->52K(576K), 0.0006330 secs] 4558K->4070K(5796K), 0.0006722 secs]
3.365: [GC 3.365: [DefNew: 564K->49K(576K), 0.0006072 secs] 4582K->4094K(5796K), 0.0006463 secs]
3.367: [GC 3.367: [DefNew: 561K->53K(576K), 0.0006846 secs] 4606K->4122K(5796K), 0.0007317 secs]
3.370: [GC 3.370: [DefNew: 565K->55K(576K), 0.0008820 secs] 4634K->4148K(5796K), 0.0009336 secs]
3.373: [GC 3.373: [DefNew: 567K->56K(576K), 0.0006844 secs] 4660K->4176K(5796K), 0.0007292 secs]
3.375: [GC 3.375: [DefNew: 568K->52K(576K), 0.0006336 secs] 4688K->4200K(5796K), 0.0006749 secs]
3.377: [GC 3.378: [DefNew: 564K->51K(576K), 0.0006277 secs] 4712K->4226K(5796K), 0.0006677 secs]
3.380: [GC 3.380: [DefNew: 563K->53K(576K), 0.0006246 secs] 4738K->4253K(5796K), 0.0006661 secs]
3.382: [GC 3.382: [DefNew: 565K->54K(576K), 0.0006305 secs] 4765K->4280K(5796K), 0.0006959 secs]
3.384: [GC 3.384: [DefNew: 566K->56K(576K), 0.0007710 secs] 4792K->4309K(5796K), 0.0008233 secs]
3.387: [GC 3.387: [DefNew: 568K->56K(576K), 0.0006922 secs] 4821K->4335K(5796K), 0.0007371 secs]
3.389: [GC 3.389: [DefNew: 568K->53K(576K), 0.0006408 secs] 4847K->4361K(5796K), 0.0006816 secs]
3.392: [GC 3.392: [DefNew: 565K->53K(576K), 0.0007391 secs] 4873K->4388K(5796K), 0.0007862 secs]
3.395: [GC 3.395: [DefNew: 565K->57K(576K), 0.0007820 secs] 4900K->4417K(5796K), 0.0008325 secs]
3.397: [GC 3.397: [DefNew: 569K->55K(576K), 0.0006342 secs] 4929K->4442K(5796K), 0.0006796 secs]
3.399: [GC 3.400: [DefNew: 567K->50K(576K), 0.0006407 secs] 4954K->4466K(5796K), 0.0006823 secs]
3.402: [GC 3.402: [DefNew: 562K->55K(576K), 0.0006271 secs] 4978K->4496K(5796K), 0.0006663 secs]
3.404: [GC 3.404: [DefNew: 567K->57K(576K), 0.0006327 secs] 5008K->4523K(5796K), 0.0006729 secs]
3.406: [GC 3.406: [DefNew: 569K->55K(576K), 0.0006982 secs] 5035K->4549K(5796K), 0.0007390 secs]
3.409: [GC 3.409: [DefNew: 567K->53K(576K), 0.0007265 secs] 5061K->4575K(5796K), 0.0007722 secs]
3.411: [GC 3.411: [DefNew: 565K->49K(576K), 0.0006530 secs] 5087K->4598K(5796K), 0.0006969 secs]
3.414: [GC 3.414: [DefNew: 561K->53K(576K), 0.0006234 secs] 5110K->4626K(5796K), 0.0006627 secs]
3.416: [GC 3.416: [DefNew: 565K->55K(576K), 0.0006265 secs] 5138K->4653K(5796K), 0.0006679 secs]
3.418: [GC 3.418: [DefNew: 567K->54K(576K), 0.0006704 secs] 5165K->4679K(5796K), 0.0007136 secs]
3.421: [GC 3.421: [DefNew: 566K->56K(576K), 0.0006551 secs] 5191K->4707K(5796K), 0.0006972 secs]
3.423: [GC 3.423: [DefNew: 568K->54K(576K), 0.0006897 secs] 5219K->4732K(5796K), 0.0007377 secs]
3.426: [GC 3.426: [DefNew: 566K->51K(576K), 0.0006672 secs] 5244K->4757K(5796K), 0.0007102 secs]
3.428: [GC 3.428: [DefNew: 563K->53K(576K), 0.0006461 secs] 5269K->4783K(5796K), 0.0006889 secs]
3.430: [GC 3.430: [DefNew: 565K->54K(576K), 0.0007208 secs] 5295K->4811K(5796K), 0.0007908 secs]
3.433: [GC 3.433: [DefNew: 566K->55K(576K), 0.0006605 secs] 5323K->4838K(5796K), 0.0007012 secs]
3.435: [GC 3.435: [DefNew: 567K->55K(576K), 0.0006465 secs] 5350K->4866K(5796K), 0.0006863 secs]
3.438: [GC 3.438: [DefNew: 567K->56K(576K), 0.0006505 secs] 5378K->4894K(5796K), 0.0006901 secs]
3.440: [GC 3.440: [DefNew: 568K->56K(576K), 0.0006855 secs] 5406K->4922K(5796K), 0.0007279 secs]
3.442: [GC 3.442: [DefNew: 568K->56K(576K), 0.0006607 secs] 5434K->4949K(5796K), 0.0007025 secs]
3.445: [GC 3.445: [DefNew: 568K->54K(576K), 0.0006384 secs] 5461K->4975K(5796K), 0.0006789 secs]
3.447: [GC 3.447: [DefNew: 566K->56K(576K), 0.0006383 secs] 5487K->5003K(5796K), 0.0006787 secs]
3.449: [GC 3.449: [DefNew: 568K->53K(576K), 0.0006293 secs] 5515K->5027K(5796K), 0.0006688 secs]
3.452: [GC 3.452: [DefNew: 565K->55K(576K), 0.0006858 secs] 5539K->5056K(5796K), 0.0007302 secs]
3.454: [GC 3.454: [DefNew: 567K->54K(576K), 0.0006606 secs] 5568K->5081K(5796K), 0.0007012 secs]
3.457: [GC 3.457: [DefNew: 566K->51K(576K), 0.0006859 secs] 5593K->5106K(5796K), 0.0007320 secs]
3.459: [GC 3.459: [DefNew: 563K->51K(576K), 0.0006955 secs] 5618K->5132K(5796K), 0.0007409 secs]
3.462: [GC 3.462: [DefNew: 563K->52K(576K), 0.0006180 secs] 5644K->5158K(5796K), 0.0006575 secs]
3.464: [GC 3.464: [DefNew: 564K->51K(576K), 0.0006241 secs] 5670K->5183K(5796K), 0.0006640 secs]
3.466: [GC 3.466: [DefNew: 563K->54K(576K), 0.0006622 secs] 5695K->5210K(5796K), 0.0007020 secs]
3.469: [GC 3.469: [DefNew: 566K->55K(576K), 0.0007679 secs] 5722K->5238K(5796K), 0.0008190 secs]
3.471: [GC 3.471: [DefNew: 567K->54K(576K), 0.0006870 secs] 5750K->5264K(5796K), 0.0007295 secs]
3.474: [GC 3.474: [DefNew: 566K->55K(576K), 0.0006718 secs]3.474: [Tenured: 5236K->4153K(5348K), 0.0504331 secs] 5776K->4153K(5924K), 0.0512225 secs]
3.527: [GC 3.527: [DefNew: 512K->29K(576K), 0.0004606 secs] 4665K->4183K(7500K), 0.0005048 secs]
3.529: [GC 3.529: [DefNew: 541K->56K(576K), 0.0005131 secs] 4695K->4210K(7500K), 0.0005528 secs]
3.531: [GC 3.531: [DefNew: 568K->54K(576K), 0.0006449 secs] 4722K->4237K(7500K), 0.0006864 secs]
3.533: [GC 3.533: [DefNew: 566K->54K(576K), 0.0006347 secs] 4749K->4263K(7500K), 0.0006742 secs]
3.536: [GC 3.536: [DefNew: 566K->56K(576K), 0.0006871 secs] 4775K->4292K(7500K), 0.0007321 secs]
3.538: [GC 3.538: [DefNew: 568K->55K(576K), 0.0007232 secs] 4804K->4318K(7500K), 0.0007647 secs]
3.541: [GC 3.541: [DefNew: 567K->52K(576K), 0.0006486 secs] 4830K->4343K(7500K), 0.0006901 secs]
3.543: [GC 3.543: [DefNew: 564K->53K(576K), 0.0006456 secs] 4855K->4369K(7500K), 0.0006889 secs]
3.546: [GC 3.546: [DefNew: 565K->53K(576K), 0.0006271 secs] 4881K->4396K(7500K), 0.0006668 secs]
3.548: [GC 3.548: [DefNew: 565K->52K(576K), 0.0006174 secs] 4908K->4421K(7500K), 0.0006572 secs]
3.550: [GC 3.550: [DefNew: 564K->54K(576K), 0.0010345 secs] 4933K->4449K(7500K), 0.0010835 secs]
3.553: [GC 3.553: [DefNew: 566K->54K(576K), 0.0007386 secs] 4961K->4474K(7500K), 0.0007878 secs]
3.556: [GC 3.556: [DefNew: 566K->54K(576K), 0.0006734 secs] 4986K->4502K(7500K), 0.0007180 secs]
3.558: [GC 3.558: [DefNew: 566K->56K(576K), 0.0006512 secs] 5014K->4530K(7500K), 0.0006917 secs]
3.561: [GC 3.561: [DefNew: 568K->55K(576K), 0.0006769 secs] 5042K->4556K(7500K), 0.0007193 secs]
3.563: [GC 3.563: [DefNew: 567K->54K(576K), 0.0006487 secs] 5068K->4583K(7500K), 0.0006888 secs]
3.565: [GC 3.565: [DefNew: 566K->57K(576K), 0.0006657 secs] 5095K->4613K(7500K), 0.0007089 secs]
3.568: [GC 3.568: [DefNew: 569K->56K(576K), 0.0006542 secs] 5125K->4639K(7500K), 0.0006956 secs]
3.570: [GC 3.570: [DefNew: 568K->53K(576K), 0.0006392 secs] 5151K->4665K(7500K), 0.0006788 secs]
3.572: [GC 3.573: [DefNew: 565K->52K(576K), 0.0006317 secs] 5177K->4691K(7500K), 0.0006736 secs]
3.575: [GC 3.575: [DefNew: 564K->55K(576K), 0.0006366 secs] 5203K->4719K(7500K), 0.0006774 secs]
3.577: [GC 3.577: [DefNew: 567K->54K(576K), 0.0006273 secs] 5231K->4745K(7500K), 0.0006677 secs]
3.580: [GC 3.580: [DefNew: 566K->54K(576K), 0.0006444 secs] 5257K->4772K(7500K), 0.0006851 secs]
3.582: [GC 3.582: [DefNew: 566K->56K(576K), 0.0006386 secs] 5284K->4801K(7500K), 0.0006780 secs]
3.584: [GC 3.584: [DefNew: 568K->54K(576K), 0.0006396 secs] 5313K->4825K(7500K), 0.0006790 secs]
3.587: [GC 3.587: [DefNew: 566K->54K(576K), 0.0006975 secs] 5337K->4854K(7500K), 0.0007435 secs]
3.589: [GC 3.589: [DefNew: 566K->57K(576K), 0.0007476 secs] 5366K->4882K(7500K), 0.0007959 secs]
3.592: [GC 3.592: [DefNew: 569K->53K(576K), 0.0006951 secs] 5394K->4907K(7500K), 0.0007402 secs]
3.594: [GC 3.594: [DefNew: 565K->52K(576K), 0.0006662 secs] 5419K->4933K(7500K), 0.0007062 secs]
3.597: [GC 3.597: [DefNew: 564K->55K(576K), 0.0006312 secs] 5445K->4961K(7500K), 0.0006714 secs]
3.599: [GC 3.599: [DefNew: 567K->55K(576K), 0.0006566 secs] 5473K->4988K(7500K), 0.0006995 secs]
3.601: [GC 3.601: [DefNew: 567K->55K(576K), 0.0006454 secs] 5500K->5014K(7500K), 0.0006854 secs]
3.604: [GC 3.604: [DefNew: 567K->53K(576K), 0.0006880 secs] 5526K->5039K(7500K), 0.0007332 secs]
3.606: [GC 3.607: [DefNew: 565K->56K(576K), 0.0006640 secs] 5551K->5069K(7500K), 0.0007043 secs]
3.609: [GC 3.609: [DefNew: 568K->56K(576K), 0.0006442 secs] 5581K->5095K(7500K), 0.0006831 secs]
3.611: [GC 3.611: [DefNew: 568K->54K(576K), 0.0007156 secs] 5607K->5122K(7500K), 0.0007655 secs]
3.614: [GC 3.614: [DefNew: 566K->56K(576K), 0.0006566 secs] 5634K->5150K(7500K), 0.0006976 secs]
3.616: [GC 3.616: [DefNew: 568K->55K(576K), 0.0006542 secs] 5662K->5178K(7500K), 0.0006943 secs]
3.618: [GC 3.618: [DefNew: 567K->53K(576K), 0.0006859 secs] 5690K->5203K(7500K), 0.0007275 secs]
3.621: [GC 3.621: [DefNew: 565K->53K(576K), 0.0006503 secs] 5715K->5230K(7500K), 0.0006902 secs]
3.623: [GC 3.623: [DefNew: 565K->55K(576K), 0.0006434 secs] 5742K->5257K(7500K), 0.0006882 secs]
3.625: [GC 3.625: [DefNew: 567K->57K(576K), 0.0006715 secs] 5769K->5285K(7500K), 0.0007123 secs]
3.628: [GC 3.628: [DefNew: 569K->58K(576K), 0.0006668 secs] 5797K->5313K(7500K), 0.0007079 secs]
3.630: [GC 3.630: [DefNew: 570K->57K(576K), 0.0006877 secs] 5825K->5341K(7500K), 0.0007296 secs]
3.633: [GC 3.633: [DefNew: 569K->53K(576K), 0.0006985 secs] 5853K->5365K(7500K), 0.0007429 secs]
3.635: [GC 3.635: [DefNew: 565K->54K(576K), 0.0006544 secs] 5877K->5393K(7500K), 0.0006947 secs]
3.637: [GC 3.637: [DefNew: 566K->55K(576K), 0.0006459 secs] 5905K->5419K(7500K), 0.0006850 secs]
3.640: [GC 3.640: [DefNew: 567K->54K(576K), 0.0006526 secs] 5931K->5446K(7500K), 0.0006934 secs]
3.642: [GC 3.642: [DefNew: 566K->54K(576K), 0.0007423 secs] 5958K->5472K(7500K), 0.0007889 secs]
3.645: [GC 3.645: [DefNew: 566K->53K(576K), 0.0006789 secs] 5984K->5499K(7500K), 0.0007192 secs]
3.647: [GC 3.647: [DefNew: 565K->52K(576K), 0.0007466 secs] 6011K->5523K(7500K), 0.0007923 secs]
3.649: [GC 3.650: [DefNew: 564K->53K(576K), 0.0006836 secs] 6035K->5551K(7500K), 0.0007247 secs]
3.652: [GC 3.652: [DefNew: 565K->55K(576K), 0.0006756 secs] 6063K->5578K(7500K), 0.0007166 secs]
3.654: [GC 3.654: [DefNew: 567K->56K(576K), 0.0006833 secs] 6090K->5606K(7500K), 0.0007236 secs]
3.657: [GC 3.657: [DefNew: 568K->54K(576K), 0.0006576 secs] 6118K->5631K(7500K), 0.0006972 secs]
3.660: [GC 3.660: [DefNew: 566K->57K(576K), 0.0007813 secs] 6143K->5661K(7500K), 0.0008320 secs]
3.663: [GC 3.663: [DefNew: 569K->57K(576K), 0.0007234 secs] 6173K->5687K(7500K), 0.0007697 secs]
3.665: [GC 3.665: [DefNew: 569K->55K(576K), 0.0007510 secs] 6199K->5715K(7500K), 0.0007933 secs]
3.668: [GC 3.668: [DefNew: 567K->56K(576K), 0.0006773 secs] 6227K->5741K(7500K), 0.0007192 secs]
3.670: [GC 3.670: [DefNew: 568K->54K(576K), 0.0006822 secs] 6253K->5769K(7500K), 0.0007226 secs]
3.672: [GC 3.672: [DefNew: 566K->56K(576K), 0.0006711 secs] 6281K->5796K(7500K), 0.0007143 secs]
3.675: [GC 3.675: [DefNew: 568K->54K(576K), 0.0006670 secs] 6308K->5822K(7500K), 0.0007083 secs]
3.677: [GC 3.677: [DefNew: 566K->53K(576K), 0.0006531 secs] 6334K->5848K(7500K), 0.0006928 secs]
3.680: [GC 3.680: [DefNew: 565K->54K(576K), 0.0006700 secs] 6360K->5876K(7500K), 0.0007108 secs]
3.682: [GC 3.682: [DefNew: 566K->54K(576K), 0.0006580 secs] 6388K->5901K(7500K), 0.0006988 secs]
3.684: [GC 3.684: [DefNew: 566K->52K(576K), 0.0006461 secs] 6413K->5927K(7500K), 0.0006857 secs]
3.687: [GC 3.687: [DefNew: 564K->56K(576K), 0.0006550 secs] 6439K->5955K(7500K), 0.0006943 secs]
3.689: [GC 3.689: [DefNew: 568K->56K(576K), 0.0006631 secs] 6467K->5983K(7500K), 0.0007027 secs]
3.692: [GC 3.692: [DefNew: 568K->57K(576K), 0.0006851 secs] 6495K->6012K(7500K), 0.0007258 secs]
3.694: [GC 3.694: [DefNew: 569K->55K(576K), 0.0007014 secs] 6524K->6038K(7500K), 0.0007448 secs]
3.696: [GC 3.696: [DefNew: 567K->55K(576K), 0.0007322 secs] 6550K->6066K(7500K), 0.0007758 secs]
3.699: [GC 3.699: [DefNew: 567K->51K(576K), 0.0006966 secs] 6578K->6088K(7500K), 0.0007423 secs]
3.701: [GC 3.701: [DefNew: 563K->52K(576K), 0.0006824 secs] 6600K->6117K(7500K), 0.0007252 secs]
3.704: [GC 3.704: [DefNew: 564K->56K(576K), 0.0006880 secs] 6629K->6145K(7500K), 0.0007318 secs]
3.706: [GC 3.706: [DefNew: 568K->57K(576K), 0.0006780 secs] 6657K->6173K(7500K), 0.0007180 secs]
3.709: [GC 3.709: [DefNew: 569K->54K(576K), 0.0006679 secs] 6685K->6199K(7500K), 0.0007079 secs]
3.711: [GC 3.711: [DefNew: 566K->52K(576K), 0.0007077 secs] 6711K->6224K(7500K), 0.0007554 secs]
3.713: [GC 3.714: [DefNew: 564K->51K(576K), 0.0006876 secs] 6736K->6249K(7500K), 0.0007322 secs]
3.716: [GC 3.716: [DefNew: 563K->52K(576K), 0.0006894 secs] 6761K->6275K(7500K), 0.0007323 secs]
3.718: [GC 3.718: [DefNew: 564K->54K(576K), 0.0007071 secs] 6787K->6302K(7500K), 0.0007521 secs]
3.721: [GC 3.721: [DefNew: 566K->54K(576K), 0.0006697 secs] 6814K->6329K(7500K), 0.0007107 secs]
3.723: [GC 3.723: [DefNew: 566K->51K(576K), 0.0006549 secs] 6841K->6353K(7500K), 0.0006951 secs]
3.726: [GC 3.726: [DefNew: 563K->50K(576K), 0.0006453 secs] 6865K->6379K(7500K), 0.0006850 secs]
3.728: [GC 3.728: [DefNew: 562K->55K(576K), 0.0006957 secs] 6891K->6408K(7500K), 0.0007451 secs]
3.730: [GC 3.730: [DefNew: 567K->54K(576K), 0.0006701 secs] 6920K->6433K(7500K), 0.0007109 secs]
3.733: [GC 3.733: [DefNew: 566K->52K(576K), 0.0006586 secs] 6945K->6458K(7500K), 0.0006979 secs]
3.735: [GC 3.735: [DefNew: 564K->53K(576K), 0.0006407 secs] 6970K->6484K(7500K), 0.0006797 secs]
3.737: [GC 3.737: [DefNew: 565K->50K(576K), 0.0006338 secs] 6996K->6508K(7500K), 0.0006719 secs]
3.740: [GC 3.740: [DefNew: 562K->53K(576K), 0.0007644 secs] 7020K->6536K(7500K), 0.0008076 secs]
3.742: [GC 3.742: [DefNew: 565K->54K(576K), 0.0006794 secs] 7048K->6562K(7500K), 0.0007226 secs]
3.745: [GC 3.745: [DefNew: 566K->55K(576K), 0.0006802 secs] 7074K->6591K(7500K), 0.0007223 secs]
3.747: [GC 3.747: [DefNew: 567K->61K(576K), 0.0006869 secs] 7103K->6622K(7500K), 0.0007274 secs]
3.750: [GC 3.750: [DefNew: 573K->26K(576K), 0.0007054 secs] 7134K->6648K(7500K), 0.0007444 secs]
3.752: [GC 3.752: [DefNew: 538K->52K(576K), 0.0005305 secs] 7160K->6673K(7500K), 0.0005711 secs]
3.755: [GC 3.755: [DefNew: 564K->64K(576K), 0.0011432 secs] 7185K->6824K(7500K), 0.0011847 secs]
3.760: [GC 3.760: [DefNew: 576K->64K(576K), 0.0012573 secs]3.761: [Tenured: 6931K->6954K(7052K), 0.0548134 secs] 7336K->6954K(7628K), 0.0562050 secs]
3.822: [GC 3.822: [DefNew: 896K->63K(960K), 0.0018258 secs] 7850K->7288K(12552K), 0.0018873 secs]
3.829: [GC 3.830: [DefNew: 959K->63K(960K), 0.0016793 secs] 8184K->7549K(12552K), 0.0017311 secs]
3.837: [GC 3.837: [DefNew: 959K->63K(960K), 0.0015925 secs] 8445K->7796K(12552K), 0.0016438 secs]
3.845: [GC 3.845: [DefNew: 959K->63K(960K), 0.0016024 secs] 8692K->8022K(12552K), 0.0016525 secs]
3.852: [GC 3.852: [DefNew: 959K->64K(960K), 0.0012375 secs] 8918K->8186K(12552K), 0.0012833 secs]
3.860: [GC 3.860: [DefNew: 960K->64K(960K), 0.0014139 secs] 9082K->8388K(12552K), 0.0014619 secs]
3.868: [GC 3.868: [DefNew: 960K->64K(960K), 0.0015681 secs] 9284K->8615K(12552K), 0.0016225 secs]
3.875: [GC 3.875: [DefNew: 960K->63K(960K), 0.0013459 secs] 9511K->8805K(12552K), 0.0013921 secs]
3.882: [GC 3.882: [DefNew: 959K->63K(960K), 0.0012338 secs] 9701K->8961K(12552K), 0.0012811 secs]
3.889: [GC 3.889: [DefNew: 959K->63K(960K), 0.0012107 secs] 9857K->9109K(12552K), 0.0012584 secs]
3.897: [GC 3.897: [DefNew: 959K->63K(960K), 0.0014040 secs] 10005K->9304K(12552K), 0.0014506 secs]
3.904: [GC 3.904: [DefNew: 959K->63K(960K), 0.0012300 secs] 10200K->9473K(12552K), 0.0012764 secs]
3.912: [GC 3.912: [DefNew: 959K->63K(960K), 0.0014141 secs] 10369K->9668K(12552K), 0.0014661 secs]
3.920: [GC 3.920: [DefNew: 959K->63K(960K), 0.0010921 secs] 10564K->9787K(12552K), 0.0011400 secs]
3.928: [GC 3.928: [DefNew: 959K->63K(960K), 0.0016663 secs] 10683K->10012K(12552K), 0.0017153 secs]
3.936: [GC 3.936: [DefNew: 959K->63K(960K), 0.0013113 secs] 10908K->10169K(12552K), 0.0013615 secs]
3.943: [GC 3.943: [DefNew: 959K->63K(960K), 0.0013279 secs] 11065K->10343K(12552K), 0.0013748 secs]
3.950: [GC 3.951: [DefNew: 959K->63K(960K), 0.0011065 secs] 11239K->10461K(12552K), 0.0011567 secs]
3.958: [GC 3.958: [DefNew: 959K->63K(960K), 0.0012395 secs] 11357K->10614K(12552K), 0.0012861 secs]
3.965: [GC 3.965: [DefNew: 959K->63K(960K), 0.0012604 secs] 11510K->10781K(12552K), 0.0013079 secs]
3.972: [GC 3.972: [DefNew: 959K->63K(960K), 0.0010066 secs] 11677K->10891K(12552K), 0.0010524 secs]
3.979: [GC 3.979: [DefNew: 959K->63K(960K), 0.0012609 secs] 11787K->11056K(12552K), 0.0013099 secs]
3.988: [GC 3.989: [DefNew: 959K->63K(960K), 0.0011334 secs] 11952K->11192K(12552K), 0.0011828 secs]
3.998: [GC 3.998: [DefNew: 959K->63K(960K), 0.0013785 secs] 12088K->11368K(12552K), 0.0014272 secs]
4.005: [GC 4.005: [DefNew: 959K->63K(960K), 0.0008301 secs] 12264K->11444K(12552K), 0.0008740 secs]
4.012: [GC 4.012: [DefNew: 959K->63K(960K), 0.0009859 secs] 12340K->11537K(12552K), 0.0010362 secs]
4.021: [GC 4.021: [DefNew: 959K->64K(960K), 0.0029072 secs]4.024: [Tenured[Unloading class sun.reflect.GeneratedMethodAccessor2]
: 11909K->5360K(11976K), 0.0650363 secs] 12433K->5360K(12936K), 0.0680700 secs]
4.097: [GC 4.097: [DefNew: 896K->63K(960K), 0.0029927 secs] 6256K->5849K(12552K), 0.0030598 secs]
4.106: [GC 4.106: [DefNew: 959K->63K(960K), 0.0015634 secs] 6745K->6087K(12552K), 0.0016158 secs]
4.116: [GC 4.116: [DefNew: 959K->63K(960K), 0.0015965 secs] 6983K->6338K(12552K), 0.0016596 secs]
4.124: [GC 4.124: [DefNew: 959K->63K(960K), 0.0010187 secs] 7234K->6466K(12552K), 0.0010669 secs]
4.132: [GC 4.132: [DefNew: 959K->64K(960K), 0.0014654 secs] 7362K->6684K(12552K), 0.0015130 secs]
4.140: [GC 4.140: [DefNew: 960K->63K(960K), 0.0013475 secs] 7580K->6859K(12552K), 0.0014095 secs]
4.148: [GC 4.149: [DefNew: 959K->63K(960K), 0.0015364 secs] 7755K->7077K(12552K), 0.0015859 secs]
4.157: [GC 4.157: [DefNew: 959K->63K(960K), 0.0010475 secs] 7973K->7202K(12552K), 0.0010963 secs]
4.164: [GC 4.164: [DefNew: 959K->63K(960K), 0.0011675 secs] 8098K->7372K(12552K), 0.0012141 secs]
4.172: [GC 4.172: [DefNew: 959K->63K(960K), 0.0014401 secs] 8268K->7583K(12552K), 0.0014882 secs]
4.181: [GC 4.181: [DefNew: 959K->64K(960K), 0.0011257 secs] 8479K->7727K(12552K), 0.0011716 secs]
4.188: [GC 4.188: [DefNew: 960K->63K(960K), 0.0009829 secs] 8623K->7860K(12552K), 0.0010286 secs]
4.196: [GC 4.196: [DefNew: 959K->63K(960K), 0.0011786 secs] 8756K->8006K(12552K), 0.0012318 secs]
4.203: [GC 4.203: [DefNew: 959K->64K(960K), 0.0010289 secs] 8902K->8132K(12552K), 0.0010746 secs]
4.212: [GC 4.212: [DefNew: 960K->64K(960K), 0.0014692 secs] 9028K->8333K(12552K), 0.0015196 secs]
4.220: [GC 4.221: [DefNew: 960K->64K(960K), 0.0010980 secs] 9229K->8461K(12552K), 0.0011470 secs]
4.227: [GC 4.227: [DefNew: 960K->64K(960K), 0.0008977 secs] 9357K->8564K(12552K), 0.0009972 secs]
4.235: [GC 4.235: [DefNew: 960K->64K(960K), 0.0021334 secs] 9460K->8927K(12552K), 0.0021846 secs]
4.243: [GC 4.243: [DefNew: 960K->63K(960K), 0.0009694 secs] 9823K->9036K(12552K), 0.0010164 secs]
4.250: [GC 4.250: [DefNew: 959K->63K(960K), 0.0010330 secs] 9932K->9150K(12552K), 0.0010794 secs]
4.257: [GC 4.257: [DefNew: 959K->64K(960K), 0.0007819 secs] 10046K->9212K(12552K), 0.0008282 secs]
4.265: [GC 4.265: [DefNew: 960K->64K(960K), 0.0013636 secs] 10108K->9402K(12552K), 0.0014131 secs]
4.272: [GC 4.272: [DefNew: 960K->63K(960K), 0.0009364 secs] 10298K->9502K(12552K), 0.0009811 secs]
4.279: [GC 4.279: [DefNew: 959K->64K(960K), 0.0012203 secs] 10398K->9677K(12552K), 0.0012660 secs]
4.286: [GC 4.286: [DefNew: 960K->63K(960K), 0.0010907 secs] 10573K->9806K(12552K), 0.0011536 secs]
4.293: [GC 4.294: [DefNew: 959K->63K(960K), 0.0010531 secs] 10702K->9935K(12552K), 0.0011013 secs]
4.300: [GC 4.300: [DefNew: 959K->63K(960K), 0.0008751 secs] 10831K->10022K(12552K), 0.0009204 secs]
4.308: [GC 4.308: [DefNew: 959K->63K(960K), 0.0010839 secs] 10918K->10168K(12552K), 0.0011311 secs]
4.315: [GC 4.315: [DefNew: 959K->64K(960K), 0.0009360 secs] 11064K->10268K(12552K), 0.0009843 secs]
4.325: [GC 4.325: [DefNew: 960K->63K(960K), 0.0012323 secs] 11164K->10428K(12552K), 0.0012816 secs]
4.332: [GC 4.332: [DefNew: 959K->63K(960K), 0.0008253 secs] 11324K->10497K(12552K), 0.0008697 secs]
4.339: [GC 4.339: [DefNew: 959K->63K(960K), 0.0006540 secs] 11393K->10539K(12552K), 0.0006967 secs]
4.346: [GC 4.346: [DefNew: 959K->64K(960K), 0.0019698 secs] 11435K->10869K(12552K), 0.0020193 secs]
4.356: [GC 4.356: [DefNew: 960K->63K(960K), 0.0027087 secs] 11765K->11358K(12552K), 0.0027606 secs]
4.366: [GC 4.366: [DefNew: 959K->63K(960K), 0.0029056 secs]4.368: [Tenured: 11782K->5543K(11848K), 0.0578508 secs] 12254K->5543K(12808K), 0.0608771 secs]
4.434: [GC 4.434: [DefNew: 896K->63K(960K), 0.0024063 secs] 6439K->6031K(12552K), 0.0024594 secs]
4.443: [GC 4.443: [DefNew: 959K->63K(960K), 0.0027024 secs] 6927K->6520K(12552K), 0.0027551 secs]
4.454: [GC 4.454: [DefNew: 959K->63K(960K), 0.0026778 secs] 7416K->7008K(12552K), 0.0027314 secs]
4.464: [GC 4.464: [DefNew: 959K->63K(960K), 0.0026531 secs] 7904K->7496K(12552K), 0.0027075 secs]
4.474: [GC 4.474: [DefNew: 959K->63K(960K), 0.0027367 secs] 8392K->7984K(12552K), 0.0027907 secs]
4.484: [GC 4.484: [DefNew: 959K->63K(960K), 0.0026610 secs] 8880K->8473K(12552K), 0.0027150 secs]
4.494: [GC 4.494: [DefNew: 959K->64K(960K), 0.0023371 secs] 9369K->8885K(12552K), 0.0024731 secs]
4.502: [GC 4.502: [DefNew: 960K->64K(960K), 0.0013720 secs] 9781K->9099K(12552K), 0.0014209 secs]
4.509: [GC 4.509: [DefNew: 960K->64K(960K), 0.0017946 secs] 9995K->9253K(12552K), 0.0018472 secs]
4.518: [GC 4.518: [DefNew: 960K->64K(960K), 0.0013416 secs] 10149K->9441K(12552K), 0.0013924 secs]
4.525: [GC 4.525: [DefNew: 960K->63K(960K), 0.0011460 secs] 10337K->9599K(12552K), 0.0011944 secs]
4.533: [GC 4.533: [DefNew: 959K->63K(960K), 0.0013225 secs] 10495K->9795K(12552K), 0.0013710 secs]
4.541: [GC 4.541: [DefNew: 959K->64K(960K), 0.0010352 secs] 10691K->9878K(12552K), 0.0010860 secs]
4.549: [GC 4.549: [DefNew: 960K->63K(960K), 0.0015615 secs] 10774K->10101K(12552K), 0.0016140 secs]
4.557: [GC 4.557: [DefNew: 959K->63K(960K), 0.0008279 secs] 10997K->10177K(12552K), 0.0008764 secs]
4.564: [GC 4.564: [DefNew: 959K->63K(960K), 0.0014258 secs] 11073K->10380K(12552K), 0.0014748 secs]
4.572: [GC 4.572: [DefNew: 959K->63K(960K), 0.0008315 secs] 11276K->10455K(12552K), 0.0008887 secs]
4.579: [GC 4.580: [DefNew: 959K->63K(960K), 0.0015285 secs] 11351K->10681K(12552K), 0.0015797 secs]
4.587: [GC 4.587: [DefNew: 959K->64K(960K), 0.0008346 secs] 11577K->10764K(12552K), 0.0008814 secs]
4.594: [GC 4.594: [DefNew: 960K->64K(960K), 0.0012723 secs] 11660K->10919K(12552K), 0.0013246 secs]
4.601: [GC 4.601: [DefNew: 960K->63K(960K), 0.0011033 secs] 11815K->11052K(12552K), 0.0011488 secs]
4.609: [GC 4.609: [DefNew: 959K->63K(960K), 0.0012326 secs] 11948K->11206K(12552K), 0.0012817 secs]
4.617: [GC 4.617: [DefNew: 959K->63K(960K), 0.0029204 secs]4.620: [Tenured: 11630K->6552K(11720K), 0.0658979 secs] 12102K->6552K(12680K), 0.0689285 secs]
4.693: [GC 4.693: [DefNew: 896K->64K(960K), 0.0025223 secs] 7448K->7041K(12552K), 0.0025756 secs]
4.702: [GC 4.702: [DefNew: 960K->64K(960K), 0.0029218 secs] 7937K->7529K(12552K), 0.0029795 secs]
4.711: [GC 4.711: [DefNew: 960K->63K(960K), 0.0028015 secs] 8425K->8018K(12552K), 0.0028564 secs]
4.721: [GC 4.721: [DefNew: 959K->63K(960K), 0.0028232 secs] 8914K->8506K(12552K), 0.0028768 secs]
4.731: [GC 4.731: [DefNew: 959K->63K(960K), 0.0028579 secs] 9402K->8994K(12552K), 0.0029131 secs]
4.741: [GC 4.741: [DefNew: 959K->63K(960K), 0.0032620 secs] 9890K->9482K(12552K), 0.0033246 secs]
4.750: [GC 4.751: [DefNew: 959K->64K(960K), 0.0031627 secs] 10378K->9970K(12552K), 0.0032204 secs]
4.760: [GC 4.760: [DefNew: 960K->63K(960K), 0.0030672 secs] 10866K->10459K(12552K), 0.0031250 secs]
4.770: [GC 4.770: [DefNew: 959K->63K(960K), 0.0029515 secs] 11355K->10947K(12552K), 0.0030065 secs]
4.779: [GC 4.779: [DefNew: 959K->64K(960K), 0.0021400 secs] 11843K->11298K(12552K), 0.0021928 secs]
4.788: [GC 4.788: [DefNew: 960K->63K(960K), 0.0024962 secs]4.791: [Tenured: 11653K->9464K(11720K), 0.0788784 secs] 12194K->9464K(12680K), 0.0815321 secs]
4.877: [GC 4.877: [DefNew: 1088K->127K(1216K), 0.0016267 secs] 10552K->9776K(16992K), 0.0017117 secs]
4.885: [GC 4.886: [DefNew: 1215K->127K(1216K), 0.0022420 secs] 10864K->10099K(16992K), 0.0023057 secs]
4.895: [GC 4.895: [DefNew: 1215K->127K(1216K), 0.0015677 secs] 11187K->10298K(16992K), 0.0016195 secs]
4.903: [GC 4.903: [DefNew: 1215K->127K(1216K), 0.0018977 secs] 11386K->10569K(16992K), 0.0019481 secs]
4.914: [GC 4.914: [DefNew: 1215K->128K(1216K), 0.0032749 secs] 11657K->11109K(16992K), 0.0033399 secs]
4.925: [GC 4.925: [DefNew: 1216K->127K(1216K), 0.0016502 secs] 12197K->11324K(16992K), 0.0017000 secs]
4.933: [GC 4.933: [DefNew: 1215K->128K(1216K), 0.0016270 secs] 12412K->11542K(16992K), 0.0016783 secs]
4.942: [GC 4.942: [DefNew: 1216K->128K(1216K), 0.0015717 secs] 12630K->11739K(16992K), 0.0016228 secs]
4.951: [GC 4.951: [DefNew: 1216K->127K(1216K), 0.0017054 secs] 12827K->11942K(16992K), 0.0017573 secs]
4.960: [GC 4.960: [DefNew: 1215K->127K(1216K), 0.0025367 secs] 13030K->12289K(16992K), 0.0025935 secs]
4.970: [GC 4.970: [DefNew: 1215K->127K(1216K), 0.0023041 secs] 13377K->12470K(16992K), 0.0023615 secs]
4.979: [GC 4.979: [DefNew: 1215K->128K(1216K), 0.0016074 secs] 13558K->12653K(16992K), 0.0016569 secs]
4.988: [GC 4.988: [DefNew: 1216K->127K(1216K), 0.0018637 secs] 13741K->12897K(16992K), 0.0019149 secs]
4.997: [GC 4.997: [DefNew: 1215K->127K(1216K), 0.0017733 secs] 13985K->13097K(16992K), 0.0018272 secs]
5.006: [GC 5.006: [DefNew: 1215K->127K(1216K), 0.0018019 secs] 14185K->13326K(16992K), 0.0018530 secs]
5.015: [GC 5.015: [DefNew: 1215K->127K(1216K), 0.0018076 secs] 14414K->13554K(16992K), 0.0018588 secs]
5.025: [GC 5.025: [DefNew: 1215K->128K(1216K), 0.0021036 secs] 14642K->13795K(16992K), 0.0021627 secs]
5.036: [GC 5.036: [DefNew: 1216K->127K(1216K), 0.0027524 secs] 14883K->14121K(16992K), 0.0028130 secs]
5.047: [GC 5.047: [DefNew: 1215K->127K(1216K), 0.0018186 secs] 15209K->14334K(16992K), 0.0018703 secs]
5.055: [GC 5.056: [DefNew: 1215K->128K(1216K), 0.0016137 secs] 15422K->14524K(16992K), 0.0016626 secs]
5.065: [GC 5.065: [DefNew: 1216K->127K(1216K), 0.0023577 secs] 15612K->14775K(16992K), 0.0024165 secs]
5.074: [GC 5.074: [DefNew: 1215K->127K(1216K), 0.0021696 secs] 15863K->14977K(16992K), 0.0022313 secs]
5.084: [GC 5.084: [DefNew: 1215K->128K(1216K), 0.0020561 secs] 16065K->15239K(16992K), 0.0021468 secs]
5.097: [GC 5.097: [DefNew: 1216K->128K(1216K), 0.0027902 secs] 16327K->15643K(16992K), 0.0028532 secs]
5.107: [GC 5.107: [DefNew: 1216K->127K(1216K), 0.0015950 secs] 16731K->15819K(16992K), 0.0016461 secs]
5.116: [GC 5.116: [DefNew: 1215K->128K(1216K), 0.0018886 secs]5.118: [Tenured: 15912K->8252K(16032K), 0.0759441 secs] 16907K->8252K(17248K), 0.0779526 secs]
5.201: [GC 5.201: [DefNew: 1088K->128K(1216K), 0.0015314 secs] 9340K->8544K(16992K), 0.0015866 secs]
5.211: [GC 5.211: [DefNew: 1216K->128K(1216K), 0.0034126 secs] 9632K->9076K(16992K), 0.0034702 secs]
5.221: [GC 5.222: [DefNew: 1216K->128K(1216K), 0.0019490 secs] 10164K->9307K(16992K), 0.0020049 secs]
5.231: [GC 5.231: [DefNew: 1216K->128K(1216K), 0.0016939 secs] 10395K->9476K(16992K), 0.0017560 secs]
5.240: [GC 5.240: [DefNew: 1216K->128K(1216K), 0.0016861 secs] 10564K->9692K(16992K), 0.0017376 secs]
5.248: [GC 5.248: [DefNew: 1216K->128K(1216K), 0.0015328 secs] 10780K->9894K(16992K), 0.0015828 secs]
5.257: [GC 5.258: [DefNew: 1216K->127K(1216K), 0.0017849 secs] 10982K->10148K(16992K), 0.0018382 secs]
5.267: [GC 5.267: [DefNew: 1215K->128K(1216K), 0.0017614 secs] 11236K->10365K(16992K), 0.0018119 secs]
5.276: [GC 5.276: [DefNew: 1216K->127K(1216K), 0.0013340 secs] 11453K->10500K(16992K), 0.0013878 secs]
5.284: [GC 5.284: [DefNew: 1215K->127K(1216K), 0.0014892 secs] 11588K->10694K(16992K), 0.0015369 secs]
5.293: [GC 5.294: [DefNew: 1215K->127K(1216K), 0.0017406 secs] 11782K->10922K(16992K), 0.0017920 secs]
5.303: [GC 5.304: [DefNew: 1215K->128K(1216K), 0.0018608 secs] 12010K->11171K(16992K), 0.0019116 secs]
5.313: [GC 5.313: [DefNew: 1216K->127K(1216K), 0.0014161 secs] 12259K->11345K(16992K), 0.0014652 secs]
5.321: [GC 5.321: [DefNew: 1215K->127K(1216K), 0.0018692 secs] 12433K->11602K(16992K), 0.0019297 secs]
5.331: [GC 5.331: [DefNew: 1215K->127K(1216K), 0.0015800 secs] 12690K->11803K(16992K), 0.0016347 secs]
5.339: [GC 5.339: [DefNew: 1215K->127K(1216K), 0.0015218 secs] 12891K->11984K(16992K), 0.0015711 secs]
5.348: [GC 5.348: [DefNew: 1215K->127K(1216K), 0.0016838 secs] 13072K->12203K(16992K), 0.0017356 secs]
5.360: [GC 5.360: [DefNew: 1215K->127K(1216K), 0.0031624 secs] 13291K->12746K(16992K), 0.0032212 secs]
5.374: [GC 5.374: [DefNew: 1215K->128K(1216K), 0.0034269 secs] 13834K->13338K(16992K), 0.0034848 secs]
5.385: [GC 5.385: [DefNew: 1216K->128K(1216K), 0.0021455 secs] 14426K->13672K(16992K), 0.0021975 secs]
5.395: [GC 5.395: [DefNew: 1216K->127K(1216K), 0.0019820 secs] 14760K->13970K(16992K), 0.0020340 secs]
5.404: [GC 5.404: [DefNew: 1215K->127K(1216K), 0.0016389 secs] 15058K->14180K(16992K), 0.0016904 secs]
5.412: [GC 5.412: [DefNew: 1215K->128K(1216K), 0.0013985 secs] 15268K->14351K(16992K), 0.0014487 secs]
5.423: [GC 5.423: [DefNew: 1216K->128K(1216K), 0.0017509 secs] 15439K->14599K(16992K), 0.0018008 secs]
5.434: [GC 5.434: [DefNew: 1216K->128K(1216K), 0.0035578 secs] 15687K->15192K(16992K), 0.0036153 secs]
5.445: [GC 5.445: [DefNew: 1216K->127K(1216K), 0.0018271 secs] 16280K->15449K(16992K), 0.0018913 secs]
5.454: [GC 5.454: [DefNew: 1215K->127K(1216K), 0.0019014 secs] 16537K->15711K(16992K), 0.0019575 secs]
5.463: [GC 5.463: [DefNew: 1215K->127K(1216K), 0.0017426 secs]5.465: [Tenured: 15780K->8854K(15904K), 0.0686559 secs] 16799K->8854K(17120K), 0.0705093 secs]
5.541: [GC 5.541: [DefNew: 1088K->127K(1216K), 0.0017628 secs] 9942K->9229K(16992K), 0.0018175 secs]
5.549: [GC 5.549: [DefNew: 1215K->127K(1216K), 0.0018240 secs] 10317K->9501K(16992K), 0.0018770 secs]
5.559: [GC 5.559: [DefNew: 1215K->127K(1216K), 0.0021029 secs] 10589K->9818K(16992K), 0.0021553 secs]
5.568: [GC 5.568: [DefNew: 1215K->128K(1216K), 0.0018647 secs] 10906K->10046K(16992K), 0.0019185 secs]
5.577: [GC 5.577: [DefNew: 1216K->127K(1216K), 0.0014639 secs] 11134K->10217K(16992K), 0.0015128 secs]
5.586: [GC 5.586: [DefNew: 1215K->128K(1216K), 0.0015580 secs] 11305K->10426K(16992K), 0.0016085 secs]
5.595: [GC 5.595: [DefNew: 1216K->127K(1216K), 0.0016415 secs] 11514K->10639K(16992K), 0.0016910 secs]
5.604: [GC 5.604: [DefNew: 1215K->127K(1216K), 0.0017602 secs] 11727K->10888K(16992K), 0.0018107 secs]
5.615: [GC 5.616: [DefNew: 1215K->127K(1216K), 0.0022921 secs] 11976K->11256K(16992K), 0.0023456 secs]
5.626: [GC 5.626: [DefNew: 1215K->127K(1216K), 0.0027900 secs] 12344K->11662K(16992K), 0.0028446 secs]
5.636: [GC 5.636: [DefNew: 1215K->128K(1216K), 0.0017700 secs] 12750K->11913K(16992K), 0.0018204 secs]
5.645: [GC 5.645: [DefNew: 1216K->127K(1216K), 0.0018490 secs] 13001K->12168K(16992K), 0.0019006 secs]
5.654: [GC 5.654: [DefNew: 1215K->127K(1216K), 0.0016265 secs] 13256K->12334K(16992K), 0.0016849 secs]
5.664: [GC 5.664: [DefNew: 1215K->127K(1216K), 0.0018924 secs] 13422K->12603K(16992K), 0.0019436 secs]
5.673: [GC 5.673: [DefNew: 1215K->127K(1216K), 0.0018511 secs] 13691K->12817K(16992K), 0.0019135 secs]
5.681: [GC 5.681: [DefNew: 1215K->127K(1216K), 0.0016181 secs] 13905K->12999K(16992K), 0.0016704 secs]
5.691: [GC 5.691: [DefNew: 1215K->127K(1216K), 0.0021988 secs] 14087K->13330K(16992K), 0.0022513 secs]
5.701: [GC 5.701: [DefNew: 1215K->127K(1216K), 0.0024264 secs] 14418K->13670K(16992K), 0.0024821 secs]
5.710: [GC 5.710: [DefNew: 1215K->128K(1216K), 0.0015258 secs] 14758K->13851K(16992K), 0.0015774 secs]
5.719: [GC 5.719: [DefNew: 1216K->127K(1216K), 0.0014376 secs] 14939K->14007K(16992K), 0.0014880 secs]
5.728: [GC 5.728: [DefNew: 1215K->128K(1216K), 0.0018630 secs] 15095K->14234K(16992K), 0.0019174 secs]
5.737: [GC 5.737: [DefNew: 1216K->128K(1216K), 0.0019155 secs] 15322K->14492K(16992K), 0.0019691 secs]
5.746: [GC 5.747: [DefNew: 1216K->127K(1216K), 0.0017762 secs] 15580K->14676K(16992K), 0.0018368 secs]
5.756: [GC 5.756: [DefNew: 1215K->127K(1216K), 0.0018145 secs] 15764K->14888K(16992K), 0.0018746 secs]
5.765: [GC 5.765: [DefNew: 1215K->127K(1216K), 0.0014842 secs] 15976K->15063K(16992K), 0.0015338 secs]
5.774: [GC 5.774: [DefNew: 1215K->128K(1216K), 0.0018063 secs] 16151K->15313K(16992K), 0.0018583 secs]
5.785: [GC 5.785: [DefNew: 1216K->127K(1216K), 0.0018899 secs] 16401K->15580K(16992K), 0.0019427 secs]
5.794: [GC 5.794: [DefNew: 1215K->127K(1216K), 0.0015788 secs] 16668K->15776K(16992K), 0.0016283 secs]
5.803: [GC 5.803: [DefNew: 1215K->128K(1216K), 0.0016571 secs]5.805: [Tenured: 15858K->8294K(15904K), 0.0625782 secs] 16864K->8294K(17120K), 0.0643354 secs]
5.875: [GC 5.875: [DefNew: 1088K->127K(1216K), 0.0014469 secs] 9382K->8601K(16992K), 0.0014981 secs]
5.887: [GC 5.887: [DefNew: 1215K->127K(1216K), 0.0024695 secs] 9689K->9002K(16992K), 0.0025248 secs]
5.897: [GC 5.897: [DefNew: 1215K->127K(1216K), 0.0014208 secs] 10090K->9156K(16992K), 0.0014698 secs]
5.906: [GC 5.906: [DefNew: 1215K->127K(1216K), 0.0019502 secs] 10244K->9431K(16992K), 0.0020018 secs]
5.915: [GC 5.915: [DefNew: 1215K->127K(1216K), 0.0016691 secs] 10519K->9638K(16992K), 0.0017200 secs]
5.924: [GC 5.924: [DefNew: 1215K->128K(1216K), 0.0013385 secs] 10726K->9756K(16992K), 0.0013986 secs]
5.932: [GC 5.933: [DefNew: 1216K->127K(1216K), 0.0014811 secs] 10844K->9926K(16992K), 0.0015311 secs]
5.942: [GC 5.942: [DefNew: 1215K->128K(1216K), 0.0016822 secs] 11014K->10133K(16992K), 0.0017336 secs]
5.951: [GC 5.951: [DefNew: 1216K->127K(1216K), 0.0016138 secs] 11221K->10329K(16992K), 0.0016681 secs]
5.961: [GC 5.961: [DefNew: 1215K->128K(1216K), 0.0016914 secs] 11417K->10541K(16992K), 0.0017425 secs]
5.970: [GC 5.970: [DefNew: 1216K->128K(1216K), 0.0013630 secs] 11629K->10679K(16992K), 0.0014141 secs]
5.979: [GC 5.979: [DefNew: 1216K->127K(1216K), 0.0015323 secs] 11767K->10852K(16992K), 0.0015870 secs]
5.997: [GC 5.997: [DefNew: 1215K->127K(1216K), 0.0031560 secs] 11940K->11347K(16992K), 0.0032138 secs]
6.007: [GC 6.007: [DefNew: 1215K->127K(1216K), 0.0012830 secs] 12435K->11472K(16992K), 0.0013726 secs]
6.015: [GC 6.015: [DefNew: 1215K->128K(1216K), 0.0015330 secs] 12560K->11632K(16992K), 0.0015831 secs]
6.025: [GC 6.025: [DefNew: 1216K->127K(1216K), 0.0023391 secs] 12720K->11962K(16992K), 0.0023998 secs]
6.035: [GC 6.035: [DefNew: 1215K->127K(1216K), 0.0014378 secs] 13050K->12106K(16992K), 0.0014884 secs]
6.043: [GC 6.043: [DefNew: 1215K->127K(1216K), 0.0016097 secs] 13194K->12272K(16992K), 0.0016631 secs]
6.053: [GC 6.053: [DefNew: 1215K->128K(1216K), 0.0016726 secs] 13360K->12478K(16992K), 0.0017237 secs]
6.062: [GC 6.062: [DefNew: 1216K->128K(1216K), 0.0013194 secs] 13566K->12587K(16992K), 0.0013726 secs]
6.070: [GC 6.070: [DefNew: 1216K->128K(1216K), 0.0018445 secs] 13675K->12796K(16992K), 0.0018989 secs]
6.079: [GC 6.079: [DefNew: 1216K->128K(1216K), 0.0013043 secs] 13884K->12929K(16992K), 0.0013569 secs]
6.089: [GC 6.089: [DefNew: 1216K->128K(1216K), 0.0014180 secs] 14017K->13063K(16992K), 0.0014678 secs]
6.099: [GC 6.099: [DefNew: 1216K->127K(1216K), 0.0027024 secs] 14151K->13499K(16992K), 0.0027574 secs]
6.109: [GC 6.109: [DefNew: 1215K->128K(1216K), 0.0012635 secs] 14587K->13618K(16992K), 0.0013125 secs]
6.117: [GC 6.117: [DefNew: 1216K->127K(1216K), 0.0015585 secs] 14706K->13797K(16992K), 0.0016086 secs]
6.127: [GC 6.127: [DefNew: 1215K->127K(1216K), 0.0015802 secs] 14885K->13979K(16992K), 0.0016309 secs]
6.137: [GC 6.137: [DefNew: 1215K->127K(1216K), 0.0016907 secs] 15067K->14163K(16992K), 0.0017431 secs]
6.146: [GC 6.146: [DefNew: 1215K->128K(1216K), 0.0015264 secs] 15251K->14318K(16992K), 0.0015754 secs]
6.155: [GC 6.155: [DefNew: 1216K->127K(1216K), 0.0016988 secs] 15406K->14475K(16992K), 0.0017599 secs]
6.163: [GC 6.163: [DefNew: 1215K->127K(1216K), 0.0014194 secs] 15563K->14633K(16992K), 0.0014686 secs]
6.173: [GC 6.173: [DefNew: 1215K->127K(1216K), 0.0015222 secs] 15721K->14818K(16992K), 0.0015709 secs]
6.182: [GC 6.182: [DefNew: 1215K->127K(1216K), 0.0015596 secs] 15906K->15007K(16992K), 0.0016110 secs]
6.191: [GC 6.191: [DefNew: 1215K->128K(1216K), 0.0013191 secs] 16095K->15135K(16992K), 0.0013691 secs]
6.200: [GC 6.200: [DefNew: 1216K->128K(1216K), 0.0012965 secs] 16223K->15267K(16992K), 0.0013458 secs]
6.221: [GC 6.221: [DefNew: 1216K->127K(1216K), 0.0032034 secs] 16355K->15811K(16992K), 0.0032604 secs]
6.232: [GC 6.232: [DefNew: 1215K->128K(1216K), 0.0014337 secs]6.233: [Tenured: 15816K->4242K(15904K), 0.0477845 secs] 16899K->4242K(17120K), 0.0493275 secs]
6.288: [GC 6.288: [DefNew: 1088K->127K(1216K), 0.0013553 secs] 5330K->4543K(16992K), 0.0014038 secs]
6.297: [GC 6.297: [DefNew: 1215K->128K(1216K), 0.0017933 secs] 5631K->4810K(16992K), 0.0018443 secs]
6.306: [GC 6.306: [DefNew: 1216K->127K(1216K), 0.0019231 secs] 5898K->5094K(16992K), 0.0019727 secs]
6.315: [GC 6.315: [DefNew: 1215K->127K(1216K), 0.0011867 secs] 6182K->5200K(16992K), 0.0012338 secs]
6.323: [GC 6.323: [DefNew: 1215K->128K(1216K), 0.0013404 secs] 6288K->5336K(16992K), 0.0013907 secs]
6.333: [GC 6.333: [DefNew: 1216K->127K(1216K), 0.0014780 secs] 6424K->5519K(16992K), 0.0015287 secs]
6.343: [GC 6.343: [DefNew: 1215K->127K(1216K), 0.0023702 secs] 6607K->5910K(16992K), 0.0024254 secs]
6.353: [GC 6.353: [DefNew: 1215K->127K(1216K), 0.0011448 secs] 6998K->5984K(16992K), 0.0011959 secs]
6.361: [GC 6.361: [DefNew: 1215K->128K(1216K), 0.0012911 secs] 7072K->6123K(16992K), 0.0013395 secs]
6.369: [GC 6.369: [DefNew: 1216K->127K(1216K), 0.0010487 secs] 7211K->6209K(16992K), 0.0011059 secs]
6.379: [GC 6.379: [DefNew: 1215K->128K(1216K), 0.0032217 secs] 7297K->6745K(16992K), 0.0032841 secs]
6.389: [GC 6.389: [DefNew: 1216K->128K(1216K), 0.0012773 secs] 7833K->6863K(16992K), 0.0013304 secs]
6.398: [GC 6.398: [DefNew: 1216K->127K(1216K), 0.0014977 secs] 7951K->7044K(16992K), 0.0015499 secs]
6.407: [GC 6.407: [DefNew: 1215K->127K(1216K), 0.0015406 secs] 8132K->7213K(16992K), 0.0015904 secs]
6.415: [GC 6.415: [DefNew: 1215K->127K(1216K), 0.0010634 secs] 8301K->7287K(16992K), 0.0011106 secs]
6.424: [GC 6.424: [DefNew: 1215K->127K(1216K), 0.0017910 secs] 8375K->7537K(16992K), 0.0018409 secs]
6.433: [GC 6.433: [DefNew: 1215K->127K(1216K), 0.0012369 secs] 8625K->7640K(16992K), 0.0012899 secs]
6.441: [GC 6.441: [DefNew: 1215K->127K(1216K), 0.0013544 secs] 8728K->7780K(16992K), 0.0014299 secs]
6.450: [GC 6.450: [DefNew: 1215K->127K(1216K), 0.0013865 secs] 8868K->7918K(16992K), 0.0014373 secs]
6.459: [GC 6.459: [DefNew: 1215K->127K(1216K), 0.0015855 secs] 9006K->8100K(16992K), 0.0016349 secs]
6.468: [GC 6.468: [DefNew: 1215K->127K(1216K), 0.0012112 secs] 9188K->8219K(16992K), 0.0012564 secs]
6.478: [GC 6.478: [DefNew: 1215K->127K(1216K), 0.0018382 secs] 9307K->8444K(16992K), 0.0018933 secs]
6.488: [GC 6.488: [DefNew: 1215K->127K(1216K), 0.0013888 secs] 9532K->8596K(16992K), 0.0014391 secs]
6.496: [GC 6.496: [DefNew: 1215K->128K(1216K), 0.0012190 secs] 9684K->8700K(16992K), 0.0012679 secs]
6.505: [GC 6.505: [DefNew: 1216K->128K(1216K), 0.0013420 secs] 9788K->8847K(16992K), 0.0013911 secs]
6.517: [GC 6.517: [DefNew: 1216K->127K(1216K), 0.0016491 secs] 9935K->9057K(16992K), 0.0017007 secs]
6.535: [GC 6.535: [DefNew: 1215K->128K(1216K), 0.0024152 secs] 10145K->9424K(16992K), 0.0024687 secs]
6.545: [GC 6.545: [DefNew: 1216K->67K(1216K), 0.0007966 secs] 10512K->9412K(16992K), 0.0008445 secs]
6.553: [GC 6.553: [DefNew: 1155K->100K(1216K), 0.0008957 secs] 10500K->9489K(16992K), 0.0009412 secs]
6.561: [GC 6.561: [DefNew: 1188K->74K(1216K), 0.0007933 secs] 10577K->9514K(16992K), 0.0008410 secs]
6.569: [GC 6.569: [DefNew: 1162K->125K(1216K), 0.0009998 secs] 10602K->9630K(16992K), 0.0010452 secs]
6.578: [GC 6.578: [DefNew: 1213K->96K(1216K), 0.0009300 secs] 10718K->9656K(16992K), 0.0009787 secs]
6.587: [GC 6.587: [DefNew: 1184K->91K(1216K), 0.0010295 secs] 10744K->9726K(16992K), 0.0010808 secs]
"Elapsed time: 3411.750361 msecs"
i-size:  177147
6.598: [GC 6.598: [DefNew: 1179K->92K(1216K), 0.0014781 secs] 10814K->9800K(16992K), 0.0015346 secs]
6.604: [GC 6.604: [DefNew: 1180K->94K(1216K), 0.0012666 secs] 10888K->9894K(16992K), 0.0013209 secs]
6.610: [GC 6.610: [DefNew: 1182K->96K(1216K), 0.0015929 secs] 10982K->9989K(16992K), 0.0016477 secs]
6.616: [GC 6.616: [DefNew: 1184K->92K(1216K), 0.0012709 secs] 11077K->10080K(16992K), 0.0013229 secs]
6.622: [GC 6.622: [DefNew: 1180K->90K(1216K), 0.0012663 secs] 11168K->10169K(16992K), 0.0013183 secs]
6.627: [GC 6.627: [DefNew: 1178K->95K(1216K), 0.0014161 secs] 11257K->10264K(16992K), 0.0014730 secs]
6.635: [GC 6.635: [DefNew: 1183K->90K(1216K), 0.0013166 secs] 11352K->10354K(16992K), 0.0013706 secs]
6.640: [GC 6.640: [DefNew: 1178K->92K(1216K), 0.0013430 secs] 11442K->10446K(16992K), 0.0014000 secs]
6.646: [GC 6.646: [DefNew: 1180K->92K(1216K), 0.0012094 secs] 11534K->10538K(16992K), 0.0012551 secs]
6.651: [GC 6.651: [DefNew: 1180K->92K(1216K), 0.0012113 secs] 11626K->10628K(16992K), 0.0012580 secs]
6.656: [GC 6.656: [DefNew: 1180K->91K(1216K), 0.0012550 secs] 11716K->10719K(16992K), 0.0013089 secs]
6.661: [GC 6.661: [DefNew: 1179K->91K(1216K), 0.0012174 secs] 11807K->10810K(16992K), 0.0012657 secs]
6.666: [GC 6.666: [DefNew: 1179K->94K(1216K), 0.0012172 secs] 11898K->10903K(16992K), 0.0012671 secs]
6.672: [GC 6.672: [DefNew: 1182K->94K(1216K), 0.0012674 secs] 11991K->10997K(16992K), 0.0013205 secs]
6.677: [GC 6.677: [DefNew: 1182K->94K(1216K), 0.0012458 secs] 12085K->11090K(16992K), 0.0012974 secs]
6.683: [GC 6.683: [DefNew: 1182K->93K(1216K), 0.0012800 secs] 12178K->11181K(16992K), 0.0013331 secs]
6.688: [GC 6.688: [DefNew: 1181K->93K(1216K), 0.0012878 secs] 12269K->11274K(16992K), 0.0013441 secs]
6.694: [GC 6.694: [DefNew: 1181K->94K(1216K), 0.0013264 secs] 12362K->11367K(16992K), 0.0013789 secs]
6.699: [GC 6.699: [DefNew: 1182K->93K(1216K), 0.0013050 secs] 12455K->11460K(16992K), 0.0013579 secs]
6.705: [GC 6.706: [DefNew: 1181K->94K(1216K), 0.0013935 secs] 12548K->11553K(16992K), 0.0014524 secs]
6.711: [GC 6.711: [DefNew: 1182K->91K(1216K), 0.0015129 secs] 12641K->11642K(16992K), 0.0015706 secs]
6.717: [GC 6.717: [DefNew: 1179K->93K(1216K), 0.0011743 secs] 12730K->11735K(16992K), 0.0012245 secs]
6.722: [GC 6.722: [DefNew: 1181K->95K(1216K), 0.0011823 secs] 12823K->11830K(16992K), 0.0012296 secs]
6.727: [GC 6.727: [DefNew: 1183K->93K(1216K), 0.0011712 secs] 12918K->11922K(16992K), 0.0012203 secs]
6.733: [GC 6.733: [DefNew: 1181K->95K(1216K), 0.0012186 secs] 13010K->12016K(16992K), 0.0012676 secs]
6.738: [GC 6.738: [DefNew: 1183K->92K(1216K), 0.0011623 secs] 13104K->12106K(16992K), 0.0012082 secs]
6.743: [GC 6.743: [DefNew: 1180K->89K(1216K), 0.0012011 secs] 13194K->12195K(16992K), 0.0012489 secs]
6.748: [GC 6.748: [DefNew: 1177K->91K(1216K), 0.0011244 secs] 13283K->12285K(16992K), 0.0011698 secs]
6.754: [GC 6.754: [DefNew: 1179K->94K(1216K), 0.0012675 secs] 13373K->12379K(16992K), 0.0013261 secs]
6.759: [GC 6.759: [DefNew: 1182K->94K(1216K), 0.0012051 secs] 13467K->12473K(16992K), 0.0013176 secs]
6.764: [GC 6.764: [DefNew: 1182K->92K(1216K), 0.0012661 secs] 13561K->12565K(16992K), 0.0013182 secs]
6.769: [GC 6.769: [DefNew: 1180K->93K(1216K), 0.0012307 secs] 13653K->12658K(16992K), 0.0012803 secs]
6.774: [GC 6.774: [DefNew: 1181K->93K(1216K), 0.0013183 secs] 13746K->12749K(16992K), 0.0013731 secs]
6.780: [GC 6.780: [DefNew: 1181K->90K(1216K), 0.0012334 secs] 13837K->12840K(16992K), 0.0012824 secs]
6.785: [GC 6.785: [DefNew: 1178K->91K(1216K), 0.0012051 secs] 13928K->12930K(16992K), 0.0012527 secs]
6.790: [GC 6.790: [DefNew: 1179K->92K(1216K), 0.0012787 secs] 14018K->13022K(16992K), 0.0013279 secs]
6.795: [GC 6.795: [DefNew: 1180K->90K(1216K), 0.0011594 secs] 14110K->13111K(16992K), 0.0012059 secs]
6.800: [GC 6.800: [DefNew: 1178K->91K(1216K), 0.0011372 secs] 14199K->13202K(16992K), 0.0011820 secs]
6.805: [GC 6.806: [DefNew: 1179K->93K(1216K), 0.0012989 secs] 14290K->13295K(16992K), 0.0013514 secs]
6.811: [GC 6.811: [DefNew: 1181K->89K(1216K), 0.0012200 secs] 14383K->13383K(16992K), 0.0012658 secs]
6.816: [GC 6.816: [DefNew: 1177K->90K(1216K), 0.0012026 secs] 14471K->13473K(16992K), 0.0012501 secs]
6.821: [GC 6.821: [DefNew: 1178K->99K(1216K), 0.0011837 secs] 14561K->13571K(16992K), 0.0012299 secs]
6.826: [GC 6.826: [DefNew: 1187K->91K(1216K), 0.0012082 secs] 14659K->13661K(16992K), 0.0012540 secs]
6.831: [GC 6.831: [DefNew: 1179K->95K(1216K), 0.0012320 secs] 14749K->13755K(16992K), 0.0012808 secs]
6.836: [GC 6.836: [DefNew: 1183K->92K(1216K), 0.0011579 secs] 14843K->13846K(16992K), 0.0012037 secs]
6.841: [GC 6.841: [DefNew: 1180K->89K(1216K), 0.0011645 secs] 14934K->13933K(16992K), 0.0012105 secs]
6.846: [GC 6.846: [DefNew: 1177K->91K(1216K), 0.0011915 secs] 15021K->14025K(16992K), 0.0012381 secs]
6.851: [GC 6.851: [DefNew: 1179K->91K(1216K), 0.0011607 secs] 15113K->14114K(16992K), 0.0012085 secs]
6.856: [GC 6.856: [DefNew: 1179K->94K(1216K), 0.0011488 secs] 15202K->14208K(16992K), 0.0011942 secs]
6.861: [GC 6.861: [DefNew: 1182K->93K(1216K), 0.0011644 secs] 15296K->14301K(16992K), 0.0012092 secs]
6.866: [GC 6.866: [DefNew: 1181K->93K(1216K), 0.0011453 secs] 15389K->14393K(16992K), 0.0011898 secs]
6.871: [GC 6.871: [DefNew: 1181K->91K(1216K), 0.0011639 secs] 15481K->14482K(16992K), 0.0012083 secs]
6.876: [GC 6.876: [DefNew: 1179K->89K(1216K), 0.0011672 secs] 15570K->14571K(16992K), 0.0012128 secs]
6.881: [GC 6.881: [DefNew: 1177K->94K(1216K), 0.0011461 secs] 15659K->14664K(16992K), 0.0011921 secs]
6.886: [GC 6.886: [DefNew: 1182K->93K(1216K), 0.0013519 secs] 15752K->14756K(16992K), 0.0014083 secs]
6.891: [GC 6.892: [DefNew: 1181K->92K(1216K), 0.0012206 secs] 15844K->14848K(16992K), 0.0012685 secs]
6.897: [GC 6.897: [DefNew: 1180K->93K(1216K), 0.0011434 secs] 15936K->14940K(16992K), 0.0011978 secs]
6.902: [GC 6.902: [DefNew: 1181K->93K(1216K), 0.0012103 secs] 16028K->15033K(16992K), 0.0012590 secs]
6.907: [GC 6.907: [DefNew: 1181K->92K(1216K), 0.0012060 secs] 16121K->15125K(16992K), 0.0013038 secs]
6.912: [GC 6.912: [DefNew: 1180K->92K(1216K), 0.0012081 secs] 16213K->15215K(16992K), 0.0012544 secs]
6.917: [GC 6.917: [DefNew: 1180K->92K(1216K), 0.0011611 secs] 16303K->15307K(16992K), 0.0012062 secs]
6.922: [GC 6.922: [DefNew: 1180K->89K(1216K), 0.0011975 secs] 16395K->15396K(16992K), 0.0012456 secs]
6.927: [GC 6.927: [DefNew: 1177K->92K(1216K), 0.0011465 secs] 16484K->15488K(16992K), 0.0011909 secs]
6.933: [GC 6.933: [DefNew: 1180K->94K(1216K), 0.0012321 secs] 16576K->15581K(16992K), 0.0012794 secs]
6.938: [GC 6.938: [DefNew: 1182K->93K(1216K), 0.0011642 secs] 16669K->15674K(16992K), 0.0012085 secs]
6.943: [GC 6.943: [DefNew: 1181K->96K(1216K), 0.0012420 secs] 16762K->15769K(16992K), 0.0012899 secs]
6.948: [GC 6.948: [DefNew: 1184K->93K(1216K), 0.0011925 secs]6.949: [Tenured: 15767K->6977K(15776K), 0.0742957 secs] 16857K->6977K(16992K), 0.0755734 secs]
7.028: [GC 7.028: [DefNew: 1088K->94K(1216K), 0.0008706 secs] 8065K->7071K(16992K), 0.0009303 secs]
7.066: [GC 7.066: [DefNew: 1182K->93K(1216K), 0.0013862 secs] 8159K->7164K(16992K), 0.0014434 secs]
7.072: [GC 7.072: [DefNew: 1181K->92K(1216K), 0.0013177 secs] 8252K->7254K(16992K), 0.0013779 secs]
7.078: [GC 7.078: [DefNew: 1180K->90K(1216K), 0.0015657 secs] 8342K->7345K(16992K), 0.0016196 secs]
7.084: [GC 7.084: [DefNew: 1178K->91K(1216K), 0.0012777 secs] 8433K->7435K(16992K), 0.0013744 secs]
7.090: [GC 7.090: [DefNew: 1179K->92K(1216K), 0.0013887 secs] 8523K->7527K(16992K), 0.0014572 secs]
7.095: [GC 7.096: [DefNew: 1180K->88K(1216K), 0.0012436 secs] 8615K->7614K(16992K), 0.0012989 secs]
7.101: [GC 7.101: [DefNew: 1176K->92K(1216K), 0.0012143 secs] 8702K->7706K(16992K), 0.0012666 secs]
7.107: [GC 7.107: [DefNew: 1180K->92K(1216K), 0.0013365 secs] 8794K->7797K(16992K), 0.0013886 secs]
7.112: [GC 7.112: [DefNew: 1180K->89K(1216K), 0.0013012 secs] 8885K->7886K(16992K), 0.0013563 secs]
7.118: [GC 7.118: [DefNew: 1177K->90K(1216K), 0.0011484 secs] 8974K->7976K(16992K), 0.0011988 secs]
7.123: [GC 7.123: [DefNew: 1178K->91K(1216K), 0.0011833 secs] 9064K->8067K(16992K), 0.0012314 secs]
7.128: [GC 7.128: [DefNew: 1179K->92K(1216K), 0.0012949 secs] 9155K->8159K(16992K), 0.0013527 secs]
7.133: [GC 7.133: [DefNew: 1180K->96K(1216K), 0.0013019 secs] 9247K->8255K(16992K), 0.0013696 secs]
7.140: [GC 7.140: [DefNew: 1184K->90K(1216K), 0.0021090 secs] 9343K->8343K(16992K), 0.0021652 secs]
7.146: [GC 7.146: [DefNew: 1178K->90K(1216K), 0.0013134 secs] 9431K->8433K(16992K), 0.0013759 secs]
7.152: [GC 7.152: [DefNew: 1178K->92K(1216K), 0.0012692 secs] 9521K->8525K(16992K), 0.0013216 secs]
7.157: [GC 7.157: [DefNew: 1180K->90K(1216K), 0.0016259 secs] 9613K->8615K(16992K), 0.0016829 secs]
7.163: [GC 7.163: [DefNew: 1178K->94K(1216K), 0.0012658 secs] 9703K->8708K(16992K), 0.0013203 secs]
7.169: [GC 7.169: [DefNew: 1182K->90K(1216K), 0.0012424 secs] 9796K->8796K(16992K), 0.0012931 secs]
7.174: [GC 7.174: [DefNew: 1178K->91K(1216K), 0.0013154 secs] 9884K->8887K(16992K), 0.0013726 secs]
7.180: [GC 7.180: [DefNew: 1179K->92K(1216K), 0.0012755 secs] 9975K->8980K(16992K), 0.0013307 secs]
7.186: [GC 7.186: [DefNew: 1180K->95K(1216K), 0.0013711 secs] 10068K->9073K(16992K), 0.0014269 secs]
7.191: [GC 7.191: [DefNew: 1183K->95K(1216K), 0.0013178 secs] 10161K->9167K(16992K), 0.0013731 secs]
7.197: [GC 7.197: [DefNew: 1183K->90K(1216K), 0.0013167 secs] 10255K->9256K(16992K), 0.0013711 secs]
7.203: [GC 7.203: [DefNew: 1178K->92K(1216K), 0.0012535 secs] 10344K->9348K(16992K), 0.0013062 secs]
7.209: [GC 7.209: [DefNew: 1180K->94K(1216K), 0.0012596 secs] 10436K->9442K(16992K), 0.0013119 secs]
7.215: [GC 7.215: [DefNew: 1182K->88K(1216K), 0.0013288 secs] 10530K->9529K(16992K), 0.0013948 secs]
7.221: [GC 7.221: [DefNew: 1176K->95K(1216K), 0.0011876 secs] 10617K->9623K(16992K), 0.0012370 secs]
7.226: [GC 7.226: [DefNew: 1183K->93K(1216K), 0.0011750 secs] 10711K->9716K(16992K), 0.0012314 secs]
7.232: [GC 7.232: [DefNew: 1181K->94K(1216K), 0.0012601 secs] 10804K->9810K(16992K), 0.0013110 secs]
7.237: [GC 7.237: [DefNew: 1182K->91K(1216K), 0.0011788 secs] 10898K->9900K(16992K), 0.0012266 secs]
7.242: [GC 7.242: [DefNew: 1179K->93K(1216K), 0.0011476 secs] 10988K->9992K(16992K), 0.0011941 secs]
7.247: [GC 7.247: [DefNew: 1181K->94K(1216K), 0.0011993 secs] 11080K->10084K(16992K), 0.0012472 secs]
7.252: [GC 7.252: [DefNew: 1182K->96K(1216K), 0.0011788 secs] 11172K->10179K(16992K), 0.0012253 secs]
7.257: [GC 7.257: [DefNew: 1184K->96K(1216K), 0.0011839 secs] 11267K->10274K(16992K), 0.0012307 secs]
7.262: [GC 7.262: [DefNew: 1184K->92K(1216K), 0.0011563 secs] 11362K->10365K(16992K), 0.0012011 secs]
7.267: [GC 7.267: [DefNew: 1180K->91K(1216K), 0.0012147 secs] 11453K->10456K(16992K), 0.0012628 secs]
7.272: [GC 7.272: [DefNew: 1179K->92K(1216K), 0.0011527 secs] 11544K->10548K(16992K), 0.0011983 secs]
7.278: [GC 7.278: [DefNew: 1180K->92K(1216K), 0.0011855 secs] 11636K->10639K(16992K), 0.0012325 secs]
7.283: [GC 7.283: [DefNew: 1180K->96K(1216K), 0.0011912 secs] 11727K->10733K(16992K), 0.0012380 secs]
7.288: [GC 7.288: [DefNew: 1184K->95K(1216K), 0.0012068 secs] 11821K->10828K(16992K), 0.0012529 secs]
7.293: [GC 7.293: [DefNew: 1183K->95K(1216K), 0.0012045 secs] 11916K->10922K(16992K), 0.0012514 secs]
7.298: [GC 7.298: [DefNew: 1183K->91K(1216K), 0.0011453 secs] 12010K->11013K(16992K), 0.0011906 secs]
7.303: [GC 7.303: [DefNew: 1179K->89K(1216K), 0.0011123 secs] 12101K->11102K(16992K), 0.0011563 secs]
7.308: [GC 7.308: [DefNew: 1177K->90K(1216K), 0.0011089 secs] 12190K->11192K(16992K), 0.0011524 secs]
7.313: [GC 7.313: [DefNew: 1178K->92K(1216K), 0.0011754 secs] 12280K->11284K(16992K), 0.0012226 secs]
7.318: [GC 7.318: [DefNew: 1180K->89K(1216K), 0.0011294 secs] 12372K->11373K(16992K), 0.0011738 secs]
7.323: [GC 7.323: [DefNew: 1177K->92K(1216K), 0.0011393 secs] 12461K->11465K(16992K), 0.0011879 secs]
7.328: [GC 7.328: [DefNew: 1180K->93K(1216K), 0.0011852 secs] 12553K->11557K(16992K), 0.0012333 secs]
7.333: [GC 7.333: [DefNew: 1181K->92K(1216K), 0.0012049 secs] 12645K->11648K(16992K), 0.0012530 secs]
7.338: [GC 7.338: [DefNew: 1180K->92K(1216K), 0.0011611 secs] 12736K->11739K(16992K), 0.0012072 secs]
7.343: [GC 7.343: [DefNew: 1180K->90K(1216K), 0.0011908 secs] 12827K->11829K(16992K), 0.0012388 secs]
7.348: [GC 7.348: [DefNew: 1178K->95K(1216K), 0.0011446 secs] 12917K->11923K(16992K), 0.0011899 secs]
7.353: [GC 7.353: [DefNew: 1183K->89K(1216K), 0.0011524 secs] 13011K->12011K(16992K), 0.0011977 secs]
7.358: [GC 7.358: [DefNew: 1177K->92K(1216K), 0.0012233 secs] 13099K->12103K(16992K), 0.0012713 secs]
7.363: [GC 7.363: [DefNew: 1180K->97K(1216K), 0.0011667 secs] 13191K->12200K(16992K), 0.0012103 secs]
7.368: [GC 7.368: [DefNew: 1185K->93K(1216K), 0.0011597 secs] 13288K->12292K(16992K), 0.0012044 secs]
7.373: [GC 7.373: [DefNew: 1181K->92K(1216K), 0.0011508 secs] 13380K->12384K(16992K), 0.0011972 secs]
7.378: [GC 7.378: [DefNew: 1180K->92K(1216K), 0.0012849 secs] 13472K->12475K(16992K), 0.0013346 secs]
7.383: [GC 7.383: [DefNew: 1180K->91K(1216K), 0.0011626 secs] 13563K->12566K(16992K), 0.0012090 secs]
7.388: [GC 7.388: [DefNew: 1179K->89K(1216K), 0.0011516 secs] 13654K->12655K(16992K), 0.0012001 secs]
7.393: [GC 7.393: [DefNew: 1177K->91K(1216K), 0.0011397 secs] 13743K->12746K(16992K), 0.0011855 secs]
7.398: [GC 7.398: [DefNew: 1179K->91K(1216K), 0.0011640 secs] 13834K->12837K(16992K), 0.0012110 secs]
7.403: [GC 7.403: [DefNew: 1179K->94K(1216K), 0.0011948 secs] 13925K->12930K(16992K), 0.0012423 secs]
7.408: [GC 7.408: [DefNew: 1182K->94K(1216K), 0.0011768 secs] 14018K->13024K(16992K), 0.0012213 secs]
7.413: [GC 7.413: [DefNew: 1182K->92K(1216K), 0.0011687 secs] 14112K->13115K(16992K), 0.0012148 secs]
7.418: [GC 7.418: [DefNew: 1180K->89K(1216K), 0.0011568 secs] 14203K->13204K(16992K), 0.0012034 secs]
7.423: [GC 7.423: [DefNew: 1177K->91K(1216K), 0.0011369 secs] 14292K->13295K(16992K), 0.0011816 secs]
7.428: [GC 7.428: [DefNew: 1179K->91K(1216K), 0.0011260 secs] 14383K->13385K(16992K), 0.0011700 secs]
7.433: [GC 7.433: [DefNew: 1179K->92K(1216K), 0.0012187 secs] 14473K->13475K(16992K), 0.0012674 secs]
7.438: [GC 7.438: [DefNew: 1180K->91K(1216K), 0.0012080 secs] 14563K->13566K(16992K), 0.0012573 secs]
7.443: [GC 7.443: [DefNew: 1179K->93K(1216K), 0.0011436 secs] 14654K->13659K(16992K), 0.0011874 secs]
7.448: [GC 7.448: [DefNew: 1181K->91K(1216K), 0.0012450 secs] 14747K->13748K(16992K), 0.0012954 secs]
7.453: [GC 7.453: [DefNew: 1179K->97K(1216K), 0.0011955 secs] 14836K->13845K(16992K), 0.0012412 secs]
7.458: [GC 7.459: [DefNew: 1185K->93K(1216K), 0.0012090 secs] 14933K->13937K(16992K), 0.0012574 secs]
7.464: [GC 7.464: [DefNew: 1181K->93K(1216K), 0.0012566 secs] 15025K->14030K(16992K), 0.0013041 secs]
7.469: [GC 7.469: [DefNew: 1181K->91K(1216K), 0.0011669 secs] 15118K->14121K(16992K), 0.0012138 secs]
7.474: [GC 7.474: [DefNew: 1179K->96K(1216K), 0.0011685 secs] 15209K->14216K(16992K), 0.0012136 secs]
7.479: [GC 7.479: [DefNew: 1184K->92K(1216K), 0.0012271 secs] 15304K->14307K(16992K), 0.0012770 secs]
7.484: [GC 7.484: [DefNew: 1180K->91K(1216K), 0.0011769 secs] 15395K->14396K(16992K), 0.0012226 secs]
7.489: [GC 7.489: [DefNew: 1179K->91K(1216K), 0.0011527 secs] 15484K->14487K(16992K), 0.0011992 secs]
7.494: [GC 7.494: [DefNew: 1179K->94K(1216K), 0.0011589 secs] 15575K->14581K(16992K), 0.0012038 secs]
7.499: [GC 7.499: [DefNew: 1182K->94K(1216K), 0.0012103 secs] 15669K->14674K(16992K), 0.0012569 secs]
7.504: [GC 7.504: [DefNew: 1182K->90K(1216K), 0.0011470 secs] 15762K->14764K(16992K), 0.0011910 secs]
7.509: [GC 7.509: [DefNew: 1178K->94K(1216K), 0.0011760 secs] 15852K->14859K(16992K), 0.0012228 secs]
7.514: [GC 7.514: [DefNew: 1182K->90K(1216K), 0.0011502 secs] 15947K->14947K(16992K), 0.0011965 secs]
7.520: [GC 7.520: [DefNew: 1178K->91K(1216K), 0.0012167 secs] 16035K->15038K(16992K), 0.0012645 secs]
7.525: [GC 7.525: [DefNew: 1179K->96K(1216K), 0.0011526 secs] 16126K->15132K(16992K), 0.0011973 secs]
7.530: [GC 7.530: [DefNew: 1184K->92K(1216K), 0.0012154 secs] 16220K->15223K(16992K), 0.0012630 secs]
7.535: [GC 7.535: [DefNew: 1180K->93K(1216K), 0.0012139 secs] 16311K->15315K(16992K), 0.0012622 secs]
7.540: [GC 7.540: [DefNew: 1181K->91K(1216K), 0.0012049 secs] 16403K->15407K(16992K), 0.0012521 secs]
7.546: [GC 7.546: [DefNew: 1179K->95K(1216K), 0.0012032 secs] 16495K->15500K(16992K), 0.0012507 secs]
7.551: [GC 7.551: [DefNew: 1183K->92K(1216K), 0.0012309 secs] 16588K->15591K(16992K), 0.0012817 secs]
7.556: [GC 7.556: [DefNew: 1180K->95K(1216K), 0.0011761 secs] 16679K->15686K(16992K), 0.0012204 secs]
7.561: [GC 7.561: [DefNew: 1183K->91K(1216K), 0.0012200 secs] 16774K->15777K(16992K), 0.0012804 secs]
7.566: [GC 7.566: [DefNew: 1179K->92K(1216K), 0.0012564 secs]7.567: [Tenured: 15776K->15868K(15904K), 0.1037580 secs] 16865K->15868K(17120K), 0.1052064 secs]
7.678: [GC 7.678: [DefNew: 1856K->158K(2048K), 0.0012172 secs] 17724K->16026K(28496K), 0.0012679 secs]
7.686: [GC 7.686: [DefNew: 2014K->157K(2048K), 0.0020055 secs] 17882K->16182K(28496K), 0.0020568 secs]
7.694: [GC 7.694: [DefNew: 2013K->159K(2048K), 0.0020499 secs] 18038K->16341K(28496K), 0.0021030 secs]
7.703: [GC 7.703: [DefNew: 2015K->155K(2048K), 0.0019705 secs] 18197K->16496K(28496K), 0.0020223 secs]
7.711: [GC 7.711: [DefNew: 2011K->161K(2048K), 0.0020096 secs] 18352K->16657K(28496K), 0.0020634 secs]
7.720: [GC 7.720: [DefNew: 2017K->157K(2048K), 0.0019809 secs] 18513K->16814K(28496K), 0.0020333 secs]
7.729: [GC 7.729: [DefNew: 2013K->155K(2048K), 0.0019196 secs] 18670K->16967K(28496K), 0.0019709 secs]
7.737: [GC 7.737: [DefNew: 2011K->155K(2048K), 0.0021475 secs] 18823K->17123K(28496K), 0.0022042 secs]
7.746: [GC 7.746: [DefNew: 2011K->159K(2048K), 0.0020133 secs] 18979K->17282K(28496K), 0.0020656 secs]
7.754: [GC 7.754: [DefNew: 2015K->159K(2048K), 0.0020924 secs] 19138K->17441K(28496K), 0.0021602 secs]
7.764: [GC 7.764: [DefNew: 2015K->157K(2048K), 0.0020410 secs] 19297K->17598K(28496K), 0.0020969 secs]
7.772: [GC 7.772: [DefNew: 2013K->155K(2048K), 0.0019287 secs] 19454K->17752K(28496K), 0.0019785 secs]
7.781: [GC 7.781: [DefNew: 2011K->154K(2048K), 0.0020640 secs] 19608K->17905K(28496K), 0.0021183 secs]
7.789: [GC 7.789: [DefNew: 2010K->160K(2048K), 0.0024186 secs] 19761K->18064K(28496K), 0.0024755 secs]
7.798: [GC 7.798: [DefNew: 2016K->155K(2048K), 0.0019342 secs] 19920K->18220K(28496K), 0.0019866 secs]
7.806: [GC 7.807: [DefNew: 2011K->156K(2048K), 0.0019558 secs] 20076K->18376K(28496K), 0.0020052 secs]
7.815: [GC 7.815: [DefNew: 2012K->159K(2048K), 0.0019347 secs] 20232K->18534K(28496K), 0.0019863 secs]
7.824: [GC 7.824: [DefNew: 2015K->157K(2048K), 0.0019762 secs] 20390K->18690K(28496K), 0.0020284 secs]
7.832: [GC 7.833: [DefNew: 2013K->162K(2048K), 0.0020845 secs] 20546K->18852K(28496K), 0.0021433 secs]
7.841: [GC 7.841: [DefNew: 2018K->160K(2048K), 0.0021961 secs] 20708K->19012K(28496K), 0.0022576 secs]
7.850: [GC 7.850: [DefNew: 2016K->157K(2048K), 0.0019904 secs] 20868K->19169K(28496K), 0.0020438 secs]
7.859: [GC 7.859: [DefNew: 2013K->161K(2048K), 0.0020787 secs] 21025K->19330K(28496K), 0.0021327 secs]
7.867: [GC 7.867: [DefNew: 2017K->156K(2048K), 0.0019635 secs] 21186K->19485K(28496K), 0.0020144 secs]
7.876: [GC 7.876: [DefNew: 2012K->158K(2048K), 0.0019719 secs] 21341K->19643K(28496K), 0.0020221 secs]
7.884: [GC 7.884: [DefNew: 2014K->155K(2048K), 0.0021096 secs] 21499K->19796K(28496K), 0.0021658 secs]
7.893: [GC 7.893: [DefNew: 2011K->159K(2048K), 0.0019312 secs] 21652K->19954K(28496K), 0.0019815 secs]
7.901: [GC 7.901: [DefNew: 2015K->158K(2048K), 0.0019863 secs] 21810K->20111K(28496K), 0.0020388 secs]
7.910: [GC 7.910: [DefNew: 2014K->157K(2048K), 0.0019660 secs] 21967K->20267K(28496K), 0.0020194 secs]
7.918: [GC 7.918: [DefNew: 2013K->157K(2048K), 0.0019578 secs] 22123K->20424K(28496K), 0.0020089 secs]
7.927: [GC 7.927: [DefNew: 2013K->157K(2048K), 0.0020321 secs] 22280K->20580K(28496K), 0.0020868 secs]
7.935: [GC 7.935: [DefNew: 2013K->155K(2048K), 0.0021906 secs] 22436K->20734K(28496K), 0.0022549 secs]
7.944: [GC 7.944: [DefNew: 2011K->154K(2048K), 0.0019372 secs] 22590K->20887K(28496K), 0.0019900 secs]
7.952: [GC 7.952: [DefNew: 2010K->156K(2048K), 0.0019673 secs] 22743K->21043K(28496K), 0.0020176 secs]
7.961: [GC 7.961: [DefNew: 2012K->162K(2048K), 0.0020254 secs] 22899K->21204K(28496K), 0.0020768 secs]
7.970: [GC 7.970: [DefNew: 2018K->153K(2048K), 0.0020407 secs] 23060K->21356K(28496K), 0.0020947 secs]
7.978: [GC 7.978: [DefNew: 2009K->160K(2048K), 0.0022394 secs] 23212K->21515K(28496K), 0.0022954 secs]
7.987: [GC 7.987: [DefNew: 2016K->158K(2048K), 0.0020228 secs] 23371K->21671K(28496K), 0.0020737 secs]
7.995: [GC 7.995: [DefNew: 2014K->152K(2048K), 0.0019337 secs] 23527K->21822K(28496K), 0.0019857 secs]
8.004: [GC 8.004: [DefNew: 2008K->156K(2048K), 0.0019246 secs] 23678K->21978K(28496K), 0.0019759 secs]
8.013: [GC 8.013: [DefNew: 2012K->156K(2048K), 0.0019761 secs] 23834K->22133K(28496K), 0.0020269 secs]
8.021: [GC 8.021: [DefNew: 2012K->155K(2048K), 0.0022302 secs] 23989K->22287K(28496K), 0.0022877 secs]
8.030: [GC 8.030: [DefNew: 2011K->155K(2048K), 0.0020667 secs] 24143K->22442K(28496K), 0.0021283 secs]
8.038: [GC 8.038: [DefNew: 2011K->153K(2048K), 0.0019874 secs] 24298K->22595K(28496K), 0.0020406 secs]
8.047: [GC 8.047: [DefNew: 2009K->158K(2048K), 0.0019555 secs] 24451K->22752K(28496K), 0.0020067 secs]
8.055: [GC 8.055: [DefNew: 2014K->161K(2048K), 0.0019806 secs] 24608K->22911K(28496K), 0.0020336 secs]
8.064: [GC 8.064: [DefNew: 2017K->157K(2048K), 0.0020192 secs] 24767K->23068K(28496K), 0.0020736 secs]
8.072: [GC 8.072: [DefNew: 2013K->161K(2048K), 0.0022554 secs] 24924K->23228K(28496K), 0.0023170 secs]
8.081: [GC 8.081: [DefNew: 2017K->159K(2048K), 0.0020103 secs] 25084K->23386K(28496K), 0.0020627 secs]
8.090: [GC 8.090: [DefNew: 2015K->159K(2048K), 0.0020086 secs] 25242K->23544K(28496K), 0.0020630 secs]
8.099: [GC 8.099: [DefNew: 2015K->157K(2048K), 0.0020994 secs] 25400K->23701K(28496K), 0.0021577 secs]
8.108: [GC 8.108: [DefNew: 2013K->160K(2048K), 0.0020822 secs] 25557K->23860K(28496K), 0.0021402 secs]
8.117: [GC 8.117: [DefNew: 2016K->157K(2048K), 0.0022231 secs] 25716K->24015K(28496K), 0.0022805 secs]
8.126: [GC 8.126: [DefNew: 2013K->154K(2048K), 0.0021483 secs] 25871K->24168K(28496K), 0.0022444 secs]
8.134: [GC 8.134: [DefNew: 2010K->155K(2048K), 0.0019648 secs] 26024K->24322K(28496K), 0.0020326 secs]
8.143: [GC 8.143: [DefNew: 2011K->154K(2048K), 0.0019556 secs] 26178K->24477K(28496K), 0.0020080 secs]
8.153: [GC 8.153: [DefNew: 2010K->159K(2048K), 0.0020329 secs] 26333K->24635K(28496K), 0.0020866 secs]
8.162: [GC 8.162: [DefNew: 2015K->161K(2048K), 0.0019825 secs] 26491K->24795K(28496K), 0.0020347 secs]
8.170: [GC 8.170: [DefNew: 2017K->151K(2048K), 0.0020689 secs] 26651K->24945K(28496K), 0.0021228 secs]
8.179: [GC 8.179: [DefNew: 2007K->154K(2048K), 0.0019804 secs] 26801K->25099K(28496K), 0.0020354 secs]
8.187: [GC 8.187: [DefNew: 2010K->158K(2048K), 0.0019641 secs] 26955K->25256K(28496K), 0.0020147 secs]
8.196: [GC 8.196: [DefNew: 2014K->158K(2048K), 0.0020040 secs] 27112K->25413K(28496K), 0.0020576 secs]
8.204: [GC 8.204: [DefNew: 2014K->160K(2048K), 0.0019730 secs] 27269K->25572K(28496K), 0.0020236 secs]
8.212: [GC 8.213: [DefNew: 2016K->153K(2048K), 0.0020152 secs] 27428K->25725K(28496K), 0.0020676 secs]
8.221: [GC 8.221: [DefNew: 2009K->157K(2048K), 0.0019774 secs] 27581K->25881K(28496K), 0.0020306 secs]
8.230: [GC 8.230: [DefNew: 2013K->163K(2048K), 0.0020771 secs] 27737K->26043K(28496K), 0.0021310 secs]
8.238: [GC 8.238: [DefNew: 2019K->157K(2048K), 0.0023464 secs] 27899K->26199K(28496K), 0.0024049 secs]
8.247: [GC 8.247: [DefNew: 2013K->160K(2048K), 0.0020055 secs] 28055K->26358K(28496K), 0.0020576 secs]
8.255: [GC 8.255: [DefNew: 2016K->157K(2048K), 0.0019815 secs] 28214K->26514K(28496K), 0.0020340 secs]
8.264: [GC 8.264: [DefNew: 2013K->157K(2048K), 0.0020438 secs]8.266: [Tenured: 26513K->26575K(26576K), 0.1692481 secs] 28370K->26670K(28624K), 0.1714229 secs]
8.445: [GC 8.445: [DefNew: 2112K->191K(2304K), 0.0518290 secs] 28687K->26843K(32576K), 0.0518893 secs]
8.505: [GC 8.505: [DefNew: 2303K->181K(2304K), 0.0026116 secs] 28955K->27022K(32576K), 0.0026700 secs]
8.517: [GC 8.517: [DefNew: 2293K->178K(2304K), 0.0027783 secs] 29134K->27200K(32576K), 0.0028395 secs]
8.527: [GC 8.527: [DefNew: 2290K->183K(2304K), 0.0023867 secs] 29312K->27382K(32576K), 0.0024443 secs]
8.538: [GC 8.538: [DefNew: 2295K->177K(2304K), 0.0027798 secs] 29494K->27559K(32576K), 0.0028405 secs]
8.550: [GC 8.550: [DefNew: 2289K->178K(2304K), 0.0032747 secs] 29671K->27736K(32576K), 0.0033424 secs]
8.563: [GC 8.563: [DefNew: 2290K->180K(2304K), 0.0023197 secs] 29848K->27916K(32576K), 0.0023768 secs]
8.573: [GC 8.573: [DefNew: 2292K->174K(2304K), 0.0022286 secs] 30028K->28089K(32576K), 0.0022836 secs]
8.583: [GC 8.583: [DefNew: 2286K->179K(2304K), 0.0022522 secs] 30201K->28268K(32576K), 0.0023057 secs]
8.592: [GC 8.592: [DefNew: 2291K->2291K(2304K), 0.0000168 secs]8.592: [Tenured: 28089K->28452K(30272K), 0.1713834 secs] 30380K->28452K(32576K), 0.1714854 secs]
8.771: [GC 8.771: [DefNew: 2112K->2112K(2304K), 0.0000167 secs]8.771: [Tenured: 28452K->28627K(30272K), 0.2123935 secs] 30564K->28627K(32576K), 0.2125013 secs]
8.991: [GC 8.991: [DefNew: 2112K->2112K(2304K), 0.0000163 secs]8.991: [Tenured: 28627K->28808K(30272K), 0.1770909 secs] 30739K->28808K(32576K), 0.1771920 secs]
9.175: [GC 9.175: [DefNew: 2112K->2112K(2304K), 0.0000168 secs]9.175: [Tenured: 28808K->28991K(30272K), 0.1729235 secs] 30920K->28991K(32576K), 0.1730226 secs]
9.356: [GC 9.356: [DefNew: 2112K->2112K(2304K), 0.0000191 secs]9.356: [Tenured: 28991K->29173K(30272K), 0.1727795 secs] 31103K->29173K(32576K), 0.1728851 secs]
9.536: [GC 9.536: [DefNew: 2112K->2112K(2304K), 0.0000161 secs]9.536: [Tenured: 29173K->29347K(30272K), 0.1748165 secs] 31285K->29347K(32576K), 0.1749170 secs]
9.718: [GC 9.718: [DefNew: 2112K->2112K(2304K), 0.0000189 secs]9.718: [Tenured: 29347K->29528K(30272K), 0.1744268 secs] 31459K->29528K(32576K), 0.1745332 secs]
9.900: [GC 9.900: [DefNew: 2112K->2112K(2304K), 0.0000167 secs]9.900: [Tenured: 29528K->29709K(30272K), 0.1755829 secs] 31640K->29709K(32576K), 0.1756846 secs]
10.083: [GC 10.083: [DefNew: 2112K->2112K(2304K), 0.0000162 secs]10.083: [Tenured: 29709K->29890K(30272K), 0.1774180 secs] 31821K->29890K(32576K), 0.1775201 secs]
10.268: [GC 10.268: [DefNew: 2112K->2112K(2304K), 0.0000165 secs]10.268: [Tenured: 29890K->30065K(30272K), 0.1823196 secs] 32002K->30065K(32576K), 0.1824215 secs]
10.460: [GC 10.460: [DefNew: 2112K->2112K(2304K), 0.0000162 secs]10.460: [Tenured: 30065K->30250K(30272K), 0.2036624 secs] 32177K->30250K(32576K), 0.2037646 secs]
10.671: [GC 10.671: [DefNew: 2112K->2112K(2304K), 0.0000174 secs]10.671: [Tenured: 30250K->30272K(30272K), 0.1940055 secs] 32362K->30426K(32576K), 0.1941101 secs]
10.872: [Full GC 10.872: [Tenured: 30272K->30272K(30272K), 0.1954022 secs] 32384K->30594K(32576K), [Perm : 6056K->6056K(8192K)], 0.1954791 secs]
11.076: [Full GC 11.076: [Tenured: 30272K->30271K(30272K), 0.1995754 secs] 32575K->30759K(32576K), [Perm : 6056K->6056K(8192K)], 0.1996586 secs]
11.284: [Full GC 11.284: [Tenured: 30272K->30272K(30272K), 0.1963468 secs] 32575K->30914K(32576K), [Perm : 6056K->6056K(8192K)], 0.1964222 secs]
11.487: [Full GC 11.487: [Tenured: 30272K->30272K(30272K), 0.2036987 secs] 32575K->31057K(32576K), [Perm : 6056K->6056K(8192K)], 0.2037746 secs]
11.707: [Full GC 11.707: [Tenured: 30272K->30272K(30272K), 0.2003233 secs] 32575K->31088K(32576K), [Perm : 6056K->6056K(8192K)], 0.2003952 secs]
11.922: [Full GC 11.922: [Tenured: 30272K->30271K(30272K), 0.3159904 secs] 32576K->31084K(32576K), [Perm : 6056K->6056K(8192K)], 0.3160825 secs]
12.253: [Full GC 12.253: [Tenured: 30271K->30271K(30272K), 0.1902106 secs] 32575K->31013K(32576K), [Perm : 6056K->6056K(8192K)], 0.1902828 secs]
12.457: [Full GC 12.457: [Tenured: 30272K->30272K(30272K), 0.1865544 secs] 32576K->30969K(32576K), [Perm : 6056K->6056K(8192K)], 0.1866260 secs]
12.660: [Full GC 12.660: [Tenured: 30272K->30272K(30272K), 0.1840581 secs] 32575K->31416K(32576K), [Perm : 6056K->6056K(8192K)], 0.1841355 secs]
12.855: [Full GC 12.855: [Tenured[Unloading class sun.reflect.GeneratedMethodAccessor3]
: 30272K->30271K(30272K), 0.2330880 secs] 32576K->31167K(32576K), [Perm : 6056K->6053K(8192K)], 0.2331617 secs]
13.101: [Full GC 13.101: [Tenured: 30271K->30271K(30272K), 0.1807024 secs] 32575K->31165K(32576K), [Perm : 6053K->6053K(8192K)], 0.1807741 secs]
13.295: [Full GC 13.295: [Tenured: 30271K->30271K(30272K), 0.1840618 secs] 32575K->31173K(32576K), [Perm : 6053K->6053K(8192K)], 0.1841348 secs]
13.493: [Full GC 13.493: [Tenured: 30271K->30271K(30272K), 0.1821441 secs] 32575K->31195K(32576K), [Perm : 6053K->6053K(8192K)], 0.1822158 secs]
13.687: [Full GC 13.687: [Tenured: 30271K->30271K(30272K), 0.1806574 secs] 32575K->31157K(32576K), [Perm : 6053K->6053K(8192K)], 0.1807285 secs]
13.880: [Full GC 13.880: [Tenured: 30272K->30272K(30272K), 0.1807017 secs] 32576K->31184K(32576K), [Perm : 6053K->6053K(8192K)], 0.1807733 secs]
14.074: [Full GC 14.074: [Tenured: 30272K->30272K(30272K), 0.1833145 secs] 32575K->31141K(32576K), [Perm : 6053K->6053K(8192K)], 0.1833853 secs]
14.271: [Full GC 14.271: [Tenured: 30272K->30272K(30272K), 0.1816373 secs] 32575K->31096K(32576K), [Perm : 6053K->6053K(8192K)], 0.1817095 secs]
14.468: [Full GC 14.468: [Tenured: 30272K->30271K(30272K), 0.1801471 secs] 32576K->31031K(32576K), [Perm : 6053K->6053K(8192K)], 0.1802181 secs]
14.662: [Full GC 14.662: [Tenured: 30271K->30271K(30272K), 0.1788497 secs] 32575K->30972K(32576K), [Perm : 6053K->6053K(8192K)], 0.1789213 secs]
14.855: [Full GC 14.855: [Tenured: 30271K->30271K(30272K), 0.1791287 secs] 32575K->30924K(32576K), [Perm : 6053K->6053K(8192K)], 0.1791996 secs]
15.051: [Full GC 15.051: [Tenured: 30271K->30271K(30272K), 0.1836869 secs] 32575K->30781K(32576K), [Perm : 6053K->6053K(8192K)], 0.1837620 secs]
15.249: [Full GC 15.250: [Tenured: 30271K->30271K(30272K), 0.1786521 secs] 32575K->30764K(32576K), [Perm : 6053K->6053K(8192K)], 0.1787230 secs]
15.445: [Full GC 15.446: [Tenured: 30271K->30271K(30272K), 0.1805152 secs] 32575K->30927K(32576K), [Perm : 6053K->6053K(8192K)], 0.1805883 secs]
15.646: [Full GC 15.646: [Tenured: 30271K->30271K(30272K), 0.1862754 secs] 32575K->31660K(32576K), [Perm : 6053K->6053K(8192K)], 0.1863494 secs]
15.841: [Full GC 15.841: [Tenured: 30271K->30271K(30272K), 0.1961676 secs] 32575K->31628K(32576K), [Perm : 6053K->6053K(8192K)], 0.1962436 secs]
16.048: [Full GC 16.048: [Tenured: 30271K->30271K(30272K), 0.2441057 secs] 32575K->30423K(32576K), [Perm : 6053K->6053K(8192K)], 0.2441850 secs]
16.310: [Full GC 16.310: [Tenured: 30271K->30271K(30272K), 0.1901761 secs] 32575K->30381K(32576K), [Perm : 6053K->6053K(8192K)], 0.1902509 secs]
16.520: [Full GC 16.520: [Tenured: 30271K->30271K(30272K), 0.1933153 secs] 32575K->30810K(32576K), [Perm : 6053K->6053K(8192K)], 0.1934019 secs]
16.730: [Full GC 16.730: [Tenured: 30271K->30271K(30272K), 0.2072346 secs] 32575K->31773K(32576K), [Perm : 6053K->6053K(8192K)], 0.2073110 secs]
16.973: [Full GC 16.973: [Tenured: 30271K->30271K(30272K), 0.2017438 secs] 32575K->31539K(32576K), [Perm : 6053K->6053K(8192K)], 0.2018203 secs]
17.186: [Full GC 17.186: [Tenured: 30271K->30271K(30272K), 0.2031614 secs] 32575K->32104K(32576K), [Perm : 6053K->6053K(8192K)], 0.2032450 secs]
17.396: [Full GC 17.396: [Tenured: 30271K->30271K(30272K), 0.2041083 secs] 32575K->32177K(32576K), [Perm : 6053K->6053K(8192K)], 0.2041857 secs]
17.644: [Full GC 17.644: [Tenured: 30271K->30271K(30272K), 0.2059516 secs] 32575K->32296K(32576K), [Perm : 6053K->6053K(8192K)], 0.2060308 secs]
17.855: [Full GC 17.855: [Tenured: 30271K->30271K(30272K), 0.1969906 secs] 32575K->32051K(32576K), [Perm : 6053K->6053K(8192K)], 0.1970653 secs]
18.059: [Full GC 18.059: [Tenured: 30271K->30271K(30272K), 0.2133236 secs] 32575K->32063K(32576K), [Perm : 6053K->6053K(8192K)], 0.2133998 secs]
18.289: [Full GC 18.289: [Tenured: 30271K->30271K(30272K), 0.2304220 secs] 32575K->32061K(32576K), [Perm : 6053K->6053K(8192K)], 0.2304927 secs]
18.526: [Full GC 18.526: [Tenured: 30271K->30271K(30272K), 0.1901939 secs] 32575K->32065K(32576K), [Perm : 6053K->6053K(8192K)], 0.1902628 secs]
18.723: [Full GC 18.723: [Tenured: 30271K->30271K(30272K), 0.1886682 secs] 32575K->32092K(32576K), [Perm : 6053K->6053K(8192K)], 0.1887391 secs]
18.918: [Full GC 18.918: [Tenured: 30271K->30271K(30272K), 0.1875905 secs] 32575K->32123K(32576K), [Perm : 6053K->6053K(8192K)], 0.1876608 secs]
19.112: [Full GC 19.112: [Tenured: 30272K->30272K(30272K), 0.1890228 secs] 32576K->32101K(32576K), [Perm : 6053K->6053K(8192K)], 0.1890938 secs]
19.308: [Full GC 19.308: [Tenured: 30272K->30272K(30272K), 0.1845245 secs] 32575K->32062K(32576K), [Perm : 6053K->6053K(8192K)], 0.1845955 secs]
19.499: [Full GC 19.499: [Tenured: 30272K->30271K(30272K), 0.1867455 secs] 32575K->32053K(32576K), [Perm : 6053K->6053K(8192K)], 0.1868158 secs]
19.693: [Full GC 19.693: [Tenured: 30271K->30271K(30272K), 0.1842960 secs] 32575K->31997K(32576K), [Perm : 6053K->6053K(8192K)], 0.1843657 secs]
19.884: [Full GC 19.884: [Tenured: 30271K->30271K(30272K), 0.1877139 secs] 32575K->32001K(32576K), [Perm : 6053K->6053K(8192K)], 0.1877911 secs]
20.096: [Full GC 20.096: [Tenured: 30272K->30272K(30272K), 0.2013608 secs] 32575K->32118K(32576K), [Perm : 6053K->6053K(8192K)], 0.2014326 secs]
20.303: [Full GC 20.303: [Tenured: 30272K->30271K(30272K), 0.2022868 secs] 32575K->32126K(32576K), [Perm : 6053K->6053K(8192K)], 0.2023613 secs]
20.512: [Full GC 20.512: [Tenured: 30271K->30271K(30272K), 0.1995752 secs] 32575K->32120K(32576K), [Perm : 6053K->6053K(8192K)], 0.1996481 secs]
20.718: [Full GC 20.718: [Tenured: 30271K->30271K(30272K), 0.2009972 secs] 32575K->32119K(32576K), [Perm : 6053K->6053K(8192K)], 0.2010719 secs]
20.937: [Full GC 20.937: [Tenured: 30271K->30271K(30272K), 0.2019890 secs] 32575K->32102K(32576K), [Perm : 6053K->6053K(8192K)], 0.2020651 secs]
21.146: [Full GC 21.146: [Tenured: 30271K->30271K(30272K), 0.1999656 secs] 32575K->32075K(32576K), [Perm : 6053K->6053K(8192K)], 0.2000395 secs]
21.353: [Full GC 21.353: [Tenured: 30271K->30271K(30272K), 0.2008574 secs] 32575K->32064K(32576K), [Perm : 6053K->6053K(8192K)], 0.2009370 secs]
21.562: [Full GC 21.562: [Tenured: 30271K->30271K(30272K), 0.2004930 secs] 32575K->32074K(32576K), [Perm : 6053K->6053K(8192K)], 0.2005716 secs]
21.770: [Full GC 21.770: [Tenured: 30271K->30271K(30272K), 0.2048150 secs] 32575K->32035K(32576K), [Perm : 6053K->6053K(8192K)], 0.2048918 secs]
21.982: [Full GC 21.982: [Tenured: 30271K->30271K(30272K), 0.2017174 secs] 32575K->31999K(32576K), [Perm : 6053K->6053K(8192K)], 0.2017901 secs]
22.191: [Full GC 22.191: [Tenured: 30271K->30271K(30272K), 0.2027367 secs] 32575K->31990K(32576K), [Perm : 6053K->6053K(8192K)], 0.2028162 secs]
22.402: [Full GC 22.402: [Tenured: 30272K->30272K(30272K), 0.2021291 secs] 32575K->31843K(32576K), [Perm : 6053K->6053K(8192K)], 0.2022017 secs]
22.612: [Full GC 22.612: [Tenured: 30272K->30272K(30272K), 0.1853230 secs] 32575K->31831K(32576K), [Perm : 6053K->6053K(8192K)], 0.1854036 secs]
22.806: [Full GC 22.806: [Tenured: 30272K->30271K(30272K), 0.1867105 secs] 32575K->31841K(32576K), [Perm : 6053K->6053K(8192K)], 0.1867804 secs]
23.000: [Full GC 23.000: [Tenured: 30271K->30271K(30272K), 0.1867658 secs] 32575K->31810K(32576K), [Perm : 6053K->6053K(8192K)], 0.1868363 secs]
23.195: [Full GC 23.195: [Tenured: 30271K->30271K(30272K), 0.1868085 secs] 32575K->31813K(32576K), [Perm : 6053K->6053K(8192K)], 0.1868775 secs]
23.392: [Full GC 23.392: [Tenured: 30271K->30271K(30272K), 0.1897107 secs] 32575K->31840K(32576K), [Perm : 6053K->6053K(8192K)], 0.1897866 secs]
23.590: [Full GC 23.590: [Tenured: 30271K->30271K(30272K), 0.1930773 secs] 32575K->31805K(32576K), [Perm : 6053K->6053K(8192K)], 0.1931509 secs]
23.791: [Full GC 23.791: [Tenured: 30271K->30271K(30272K), 0.1920867 secs] 32575K->31785K(32576K), [Perm : 6053K->6053K(8192K)], 0.1921841 secs]
23.992: [Full GC 23.992: [Tenured: 30272K->30272K(30272K), 0.1938179 secs] 32576K->31750K(32576K), [Perm : 6053K->6053K(8192K)], 0.1938899 secs]
24.196: [Full GC 24.196: [Tenured: 30272K->30272K(30272K), 0.2127695 secs] 32575K->31697K(32576K), [Perm : 6053K->6053K(8192K)], 0.2128626 secs]
24.422: [Full GC 24.423: [Tenured: 30272K->30271K(30272K), 0.1949721 secs] 32575K->31683K(32576K), [Perm : 6053K->6053K(8192K)], 0.1950434 secs]
24.626: [Full GC 24.626: [Tenured: 30271K->30271K(30272K), 0.1891523 secs] 32575K->31676K(32576K), [Perm : 6053K->6053K(8192K)], 0.1892261 secs]
24.825: [Full GC 24.825: [Tenured: 30271K->30271K(30272K), 0.1895028 secs] 32575K->31660K(32576K), [Perm : 6053K->6053K(8192K)], 0.1895754 secs]
25.024: [Full GC 25.024: [Tenured: 30271K->30271K(30272K), 0.1867921 secs] 32575K->31621K(32576K), [Perm : 6053K->6053K(8192K)], 0.1868687 secs]
25.220: [Full GC 25.220: [Tenured: 30271K->30272K(30272K), 0.1890323 secs] 32575K->31567K(32576K), [Perm : 6053K->6053K(8192K)], 0.1891082 secs]
25.422: [Full GC 25.422: [Tenured: 30272K->30272K(30272K), 0.1856059 secs] 32575K->31621K(32576K), [Perm : 6053K->6053K(8192K)], 0.1856808 secs]
25.617: [Full GC 25.617: [Tenured: 30272K->30272K(30272K), 0.2022814 secs] 32576K->31557K(32576K), [Perm : 6053K->6053K(8192K)], 0.2023530 secs]
25.830: [Full GC 25.830: [Tenured: 30272K->30272K(30272K), 0.1877621 secs] 32575K->31582K(32576K), [Perm : 6053K->6053K(8192K)], 0.1878329 secs]
26.027: [Full GC 26.027: [Tenured: 30272K->30271K(30272K), 0.1895390 secs] 32576K->31482K(32576K), [Perm : 6053K->6053K(8192K)], 0.1896136 secs]
26.228: [Full GC 26.228: [Tenured: 30271K->30271K(30272K), 0.1847678 secs] 32575K->31412K(32576K), [Perm : 6053K->6053K(8192K)], 0.1848405 secs]
26.424: [Full GC 26.424: [Tenured: 30271K->30271K(30272K), 0.1848898 secs] 32575K->31391K(32576K), [Perm : 6053K->6053K(8192K)], 0.1849614 secs]
26.621: [Full GC 26.621: [Tenured: 30271K->30271K(30272K), 0.1867661 secs] 32575K->31320K(32576K), [Perm : 6053K->6053K(8192K)], 0.1868377 secs]
26.818: [Full GC 26.818: [Tenured: 30271K->30271K(30272K), 0.1850315 secs] 32575K->31305K(32576K), [Perm : 6053K->6053K(8192K)], 0.1851037 secs]
27.037: [Full GC 27.037: [Tenured: 30271K->30271K(30272K), 0.1827631 secs] 32575K->31243K(32576K), [Perm : 6053K->6053K(8192K)], 0.1828538 secs]
27.237: [Full GC 27.237: [Tenured: 30271K->30271K(30272K), 0.1952162 secs] 32575K->31103K(32576K), [Perm : 6053K->6053K(8192K)], 0.1952905 secs]
27.445: [Full GC 27.445: [Tenured: 30271K->30271K(30272K), 0.2007119 secs] 32575K->31137K(32576K), [Perm : 6053K->6053K(8192K)], 0.2007936 secs]
27.659: [Full GC 27.659: [Tenured: 30272K->30272K(30272K), 0.1815953 secs] 32576K->30887K(32576K), [Perm : 6053K->6053K(8192K)], 0.1816796 secs]
27.855: [Full GC 27.855: [Tenured: 30272K->30272K(30272K), 0.1781581 secs] 32576K->30878K(32576K), [Perm : 6053K->6053K(8192K)], 0.1782301 secs]
28.052: [Full GC 28.052: [Tenured: 30272K->30272K(30272K), 0.1773834 secs] 32575K->30801K(32576K), [Perm : 6053K->6053K(8192K)], 0.1774554 secs]
28.245: [Full GC 28.245: [Tenured: 30272K->30272K(30272K), 0.1774835 secs] 32575K->30863K(32576K), [Perm : 6053K->6053K(8192K)], 0.1775550 secs]
28.437: [Full GC 28.437: [Tenured: 30272K->30271K(30272K), 0.1783989 secs] 32576K->30524K(32576K), [Perm : 6053K->6053K(8192K)], 0.1784727 secs]
28.632: [Full GC 28.632: [Tenured: 30271K->30271K(30272K), 0.1825380 secs] 32575K->30494K(32576K), [Perm : 6053K->6053K(8192K)], 0.1826090 secs]
28.832: [Full GC 28.832: [Tenured: 30271K->30271K(30272K), 0.1817588 secs] 32575K->30536K(32576K), [Perm : 6053K->6053K(8192K)], 0.1818307 secs]
29.030: [Full GC 29.030: [Tenured: 30271K->30271K(30272K), 0.1876066 secs] 32575K->30482K(32576K), [Perm : 6053K->6053K(8192K)], 0.1876838 secs]
29.236: [Full GC 29.236: [Tenured: 30271K->30272K(30272K), 0.2019038 secs] 32575K->30337K(32576K), [Perm : 6053K->6053K(8192K)], 0.2019799 secs]
29.456: [Full GC 29.456: [Tenured: 30272K->30272K(30272K), 0.1966405 secs] 32575K->30283K(32576K), [Perm : 6053K->6053K(8192K)], 0.1967183 secs]
29.680: [Full GC 29.680: [Tenured: 30272K->30272K(30272K), 0.1986352 secs] 32575K->30590K(32576K), [Perm : 6053K->6053K(8192K)], 0.1987127 secs]
29.896: [Full GC 29.896: [Tenured: 30272K->30272K(30272K), 0.1903133 secs] 32575K->30681K(32576K), [Perm : 6053K->6053K(8192K)], 0.1903904 secs]
30.104: [Full GC 30.104: [Tenured: 30272K->29950K(30272K), 0.1925431 secs] 32576K->29950K(32576K), [Perm : 6053K->6053K(8192K)], 0.1926221 secs]
30.311: [GC 30.311: [DefNew: 2112K->2112K(2304K), 0.0000163 secs]30.311: [Tenured: 29950K->30048K(30272K), 0.1848067 secs] 32062K->30048K(32576K), 0.1849099 secs]
30.510: [GC 30.510: [DefNew: 2112K->2112K(2304K), 0.0000167 secs]30.510: [Tenured: 30048K->30081K(30272K), 0.1756560 secs] 32160K->30081K(32576K), 0.1757555 secs]
30.700: [GC 30.700: [DefNew: 2112K->2112K(2304K), 0.0000162 secs]30.700: [Tenured: 30081K->30272K(30272K), 0.1734936 secs] 32193K->30299K(32576K), 0.1735924 secs]
30.886: [Full GC 30.886: [Tenured: 30272K->29883K(30272K), 0.1733764 secs] 32384K->29883K(32576K), [Perm : 6053K->6053K(8192K)], 0.1734502 secs]
31.074: [GC 31.074: [DefNew: 2112K->2112K(2304K), 0.0000161 secs]31.074: [Tenured: 29883K->29935K(30272K), 0.1716553 secs] 31995K->29935K(32576K), 0.1717864 secs]
31.259: [GC 31.259: [DefNew: 2112K->2112K(2304K), 0.0000166 secs]31.259: [Tenured: 29935K->29940K(30272K), 0.1716484 secs] 32047K->29940K(32576K), 0.1717484 secs]
31.446: [GC 31.446: [DefNew: 2112K->2112K(2304K), 0.0000163 secs]31.446: [Tenured: 29940K->30189K(30272K), 0.1739305 secs] 32052K->30189K(32576K), 0.1740296 secs]
31.633: [GC 31.633: [DefNew: 2112K->2112K(2304K), 0.0000168 secs]31.633: [Tenured: 30189K->29635K(30272K), 0.1763516 secs] 32301K->29635K(32576K), 0.1764505 secs]
31.823: [GC 31.823: [DefNew: 2112K->2112K(2304K), 0.0000166 secs]31.823: [Tenured: 29635K->29663K(30272K), 0.1750160 secs] 31747K->29663K(32576K), 0.1751160 secs]
32.024: [GC 32.024: [DefNew: 2112K->2112K(2304K), 0.0000162 secs]32.024: [Tenured: 29663K->29606K(30272K), 0.1714310 secs] 31775K->29606K(32576K), 0.1715289 secs]
32.209: [GC 32.209: [DefNew: 2112K->2112K(2304K), 0.0000168 secs]32.209: [Tenured: 29606K->29645K(30272K), 0.1691576 secs] 31718K->29645K(32576K), 0.1692592 secs]
32.392: [GC 32.393: [DefNew: 2112K->2112K(2304K), 0.0000167 secs]32.393: [Tenured: 29645K->28205K(30272K), 0.2062323 secs] 31757K->28205K(32576K), 0.2063393 secs]
32.612: [GC 32.612: [DefNew: 2112K->2112K(2304K), 0.0000164 secs]32.613: [Tenured: 28205K->28347K(30272K), 0.1633701 secs] 30317K->28347K(32576K), 0.1634691 secs]
32.790: [GC 32.790: [DefNew: 2112K->2112K(2304K), 0.0000304 secs]32.790: [Tenured: 28347K->28351K(30272K), 0.1613691 secs] 30459K->28351K(32576K), 0.1615204 secs]
32.977: [GC 32.977: [DefNew: 2112K->2112K(2304K), 0.0000160 secs]32.977: [Tenured: 28351K->29072K(30272K), 0.1783474 secs] 30463K->29072K(32576K), 0.1784460 secs]
33.170: [GC 33.170: [DefNew: 2112K->2112K(2304K), 0.0000169 secs]33.170: [Tenured: 29072K->27444K(30272K), 0.2006324 secs] 31184K->27444K(32576K), 0.2007340 secs]
33.386: [GC 33.386: [DefNew: 2112K->192K(2304K), 0.0023604 secs] 29556K->27922K(32576K), 0.0024173 secs]
33.402: [GC 33.402: [DefNew: 2304K->192K(2304K), 0.0035779 secs] 30034K->28479K(32576K), 0.0036667 secs]
33.419: [GC 33.419: [DefNew: 2304K->2304K(2304K), 0.0000164 secs]33.419: [Tenured: 28287K->28384K(30272K), 0.1568302 secs] 30591K->28384K(32576K), 0.1569291 secs]
33.590: [GC 33.590: [DefNew: 2112K->2112K(2304K), 0.0000165 secs]33.590: [Tenured: 28384K->28425K(30272K), 0.1586545 secs] 30496K->28425K(32576K), 0.1587629 secs]
33.765: [GC 33.765: [DefNew: 2112K->2112K(2304K), 0.0000158 secs]33.765: [Tenured: 28425K->28717K(30272K), 0.1580574 secs] 30537K->28717K(32576K), 0.1581571 secs]
33.938: [GC 33.938: [DefNew: 2112K->2112K(2304K), 0.0000163 secs]33.938: [Tenured: 28717K->27446K(30272K), 0.1606068 secs] 30829K->27446K(32576K), 0.1607065 secs]
34.113: [GC 34.113: [DefNew: 2112K->192K(2304K), 0.0031251 secs] 29558K->28120K(32576K), 0.0031820 secs]
34.130: [GC 34.130: [DefNew: 2304K->192K(2304K), 0.0031303 secs] 30232K->28633K(32576K), 0.0031890 secs]
34.147: [GC 34.147: [DefNew: 2304K->2304K(2304K), 0.0000158 secs]34.147: [Tenured: 28441K->28545K(30272K), 0.1563091 secs] 30745K->28545K(32576K), 0.1564072 secs]
34.317: [GC 34.317: [DefNew: 2112K->2112K(2304K), 0.0000160 secs]34.317: [Tenured: 28545K->28551K(30272K), 0.1556547 secs] 30657K->28551K(32576K), 0.1557526 secs]
34.489: [GC 34.489: [DefNew: 2112K->2112K(2304K), 0.0000168 secs]34.489: [Tenured: 28551K->27153K(30272K), 0.1561764 secs] 30663K->27153K(32576K), 0.1562751 secs]
34.660: [GC 34.660: [DefNew: 2112K->192K(2304K), 0.0025382 secs] 29265K->27684K(32576K), 0.0025952 secs]
34.677: [GC 34.677: [DefNew: 2304K->191K(2304K), 0.0031048 secs] 29796K->28174K(32576K), 0.0031647 secs]
34.694: [GC 34.695: [DefNew: 2303K->2303K(2304K), 0.0000166 secs]34.695: [Tenured: 27982K->27093K(30272K), 0.1554073 secs] 30286K->27093K(32576K), 0.1555063 secs]
34.865: [GC 34.865: [DefNew: 2112K->192K(2304K), 0.0027436 secs] 29205K->27677K(32576K), 0.0028006 secs]
34.882: [GC 34.882: [DefNew: 2304K->192K(2304K), 0.0032255 secs] 29789K->28168K(32576K), 0.0033011 secs]
34.898: [GC 34.898: [DefNew: 2304K->2304K(2304K), 0.0000643 secs]34.898: [Tenured: 27976K->28118K(30272K), 0.1555097 secs] 30280K->28118K(32576K), 0.1556611 secs]
35.067: [GC 35.067: [DefNew: 2112K->191K(2304K), 0.0032521 secs] 30230K->28811K(32576K), 0.0033158 secs]
35.086: [GC 35.086: [DefNew: 2303K->2303K(2304K), 0.0000168 secs]35.086: [Tenured: 28619K->26887K(30272K), 0.1546528 secs] 30923K->26887K(32576K), 0.1547581 secs]
35.254: [GC 35.254: [DefNew: 2112K->192K(2304K), 0.0026727 secs] 28999K->27473K(32576K), 0.0027301 secs]
35.275: [GC 35.275: [DefNew: 2304K->191K(2304K), 0.0030235 secs] 29585K->27912K(32576K), 0.0030822 secs]
35.292: [GC 35.292: [DefNew: 2303K->192K(2304K), 0.0030891 secs] 30024K->28284K(32576K), 0.0031500 secs]
35.309: [GC 35.309: [DefNew: 2304K->2304K(2304K), 0.0000166 secs]35.309: [Tenured: 28092K->26431K(30272K), 0.1510684 secs] 30396K->26431K(32576K), 0.1511676 secs]
35.474: [GC 35.474: [DefNew: 2112K->191K(2304K), 0.0025917 secs] 28543K->27002K(32576K), 0.0026487 secs]
35.498: [GC 35.498: [DefNew: 2303K->191K(2304K), 0.0041009 secs] 29114K->27672K(32576K), 0.0041600 secs]
35.528: [GC 35.528: [DefNew: 2303K->191K(2304K), 0.0037366 secs] 29784K->28259K(32576K), 0.0037957 secs]
35.546: [GC 35.546: [DefNew: 2303K->2303K(2304K), 0.0000165 secs]35.546: [Tenured: 28067K->24680K(30272K), 0.1848813 secs] 30371K->24680K(32576K), 0.1849815 secs]
35.744: [GC 35.744: [DefNew: 2112K->191K(2304K), 0.0029639 secs] 26792K->25328K(32576K), 0.0030227 secs]
35.761: [GC 35.761: [DefNew: 2303K->192K(2304K), 0.0032936 secs] 27440K->25857K(32576K), 0.0033541 secs]
35.778: [GC 35.778: [DefNew: 2304K->191K(2304K), 0.0025576 secs] 27969K->26200K(32576K), 0.0026153 secs]
35.795: [GC 35.795: [DefNew: 2303K->191K(2304K), 0.0028645 secs] 28312K->26629K(32576K), 0.0029225 secs]
35.812: [GC 35.812: [DefNew: 2303K->191K(2304K), 0.0026686 secs] 28741K->27014K(32576K), 0.0027262 secs]
35.830: [GC 35.830: [DefNew: 2303K->191K(2304K), 0.0044627 secs] 29126K->27712K(32576K), 0.0045267 secs]
35.850: [GC 35.850: [DefNew: 2303K->192K(2304K), 0.0050498 secs] 29824K->28538K(32576K), 0.0051122 secs]
35.869: [GC 35.869: [DefNew: 2304K->2304K(2304K), 0.0000171 secs]35.869: [Tenured: 28346K->25089K(30272K), 0.1457413 secs] 30650K->25089K(32576K), 0.1458425 secs]
36.030: [GC 36.030: [DefNew: 2112K->191K(2304K), 0.0040431 secs] 27201K->25952K(32576K), 0.0041034 secs]
36.048: [GC 36.048: [DefNew: 2303K->191K(2304K), 0.0034698 secs] 28064K->26529K(32576K), 0.0035301 secs]
36.066: [GC 36.066: [DefNew: 2303K->192K(2304K), 0.0033569 secs] 28641K->27070K(32576K), 0.0034153 secs]
36.083: [GC 36.083: [DefNew: 2304K->191K(2304K), 0.0031895 secs] 29182K->27547K(32576K), 0.0032483 secs]
36.100: [GC 36.100: [DefNew: 2303K->191K(2304K), 0.0025415 secs] 29659K->27881K(32576K), 0.0026050 secs]
36.116: [GC 36.116: [DefNew: 2303K->191K(2304K), 0.0029200 secs] 29993K->28344K(32576K), 0.0029777 secs]
36.135: [GC 36.135: [DefNew: 2303K->2303K(2304K), 0.0000166 secs]36.135: [Tenured: 28152K->25217K(30272K), 0.1443924 secs] 30456K->25217K(32576K), 0.1444923 secs]
36.293: [GC 36.293: [DefNew: 2112K->192K(2304K), 0.0025882 secs] 27329K->25769K(32576K), 0.0026453 secs]
36.309: [GC 36.309: [DefNew: 2304K->192K(2304K), 0.0029852 secs] 27881K->26236K(32576K), 0.0030444 secs]
36.326: [GC 36.326: [DefNew: 2304K->191K(2304K), 0.0026624 secs] 28348K->26615K(32576K), 0.0027188 secs]
36.344: [GC 36.344: [DefNew: 2303K->192K(2304K), 0.0055792 secs] 28727K->27536K(32576K), 0.0056386 secs]
36.363: [GC 36.363: [DefNew: 2304K->191K(2304K), 0.0020877 secs] 29648K->27782K(32576K), 0.0021420 secs]
36.379: [GC 36.380: [DefNew: 2303K->191K(2304K), 0.0027843 secs] 29894K->28177K(32576K), 0.0028426 secs]
36.395: [GC 36.395: [DefNew: 2303K->2303K(2304K), 0.0000166 secs]36.396: [Tenured: 27985K->25920K(30272K), 0.1462812 secs] 30289K->25920K(32576K), 0.1463872 secs]
36.555: [GC 36.555: [DefNew: 2112K->192K(2304K), 0.0033857 secs] 28032K->26667K(32576K), 0.0034461 secs]
36.575: [GC 36.575: [DefNew: 2304K->191K(2304K), 0.0033996 secs] 28779K->27256K(32576K), 0.0034598 secs]
36.594: [GC 36.594: [DefNew: 2303K->191K(2304K), 0.0028285 secs] 29368K->27701K(32576K), 0.0028857 secs]
36.615: [GC 36.615: [DefNew: 2303K->191K(2304K), 0.0025351 secs] 29813K->28066K(32576K), 0.0025920 secs]
36.631: [GC 36.631: [DefNew: 2303K->192K(2304K), 0.0021634 secs] 30178K->28329K(32576K), 0.0022188 secs]
36.658: [GC 36.658: [DefNew: 2304K->2304K(2304K), 0.0000163 secs]36.658: [Tenured: 28137K->22986K(30272K), 0.1722939 secs] 30441K->22986K(32576K), 0.1723931 secs]
36.856: [GC 36.856: [DefNew: 2112K->191K(2304K), 0.0057006 secs] 25098K->24138K(32576K), 0.0057623 secs]
36.880: [GC 36.880: [DefNew: 2303K->191K(2304K), 0.0041923 secs] 26250K->24826K(32576K), 0.0042545 secs]
36.900: [GC 36.900: [DefNew: 2303K->192K(2304K), 0.0066114 secs] 26938K->25929K(32576K), 0.0066714 secs]
36.920: [GC 36.920: [DefNew: 2304K->191K(2304K), 0.0023116 secs] 28041K->26199K(32576K), 0.0023661 secs]
36.936: [GC 36.936: [DefNew: 2303K->191K(2304K), 0.0024978 secs] 28311K->26486K(32576K), 0.0025538 secs]
36.952: [GC 36.952: [DefNew: 2303K->191K(2304K), 0.0023667 secs] 28598K->26760K(32576K), 0.0024229 secs]
36.969: [GC 36.969: [DefNew: 2303K->191K(2304K), 0.0026467 secs] 28872K->27107K(32576K), 0.0027032 secs]
36.986: [GC 36.986: [DefNew: 2303K->191K(2304K), 0.0025057 secs] 29219K->27396K(32576K), 0.0025623 secs]
37.002: [GC 37.002: [DefNew: 2303K->191K(2304K), 0.0025488 secs] 29508K->27676K(32576K), 0.0026054 secs]
37.018: [GC 37.018: [DefNew: 2303K->191K(2304K), 0.0026838 secs] 29788K->27943K(32576K), 0.0027494 secs]
37.038: [GC 37.038: [DefNew: 2303K->191K(2304K), 0.0038159 secs] 30055K->28438K(32576K), 0.0038768 secs]
37.055: [GC 37.055: [DefNew: 2303K->2303K(2304K), 0.0000164 secs]37.055: [Tenured: 28246K->23647K(30272K), 0.1561139 secs] 30550K->23647K(32576K), 0.1562143 secs]
37.225: [GC 37.225: [DefNew: 2112K->191K(2304K), 0.0029429 secs] 25759K->24285K(32576K), 0.0030007 secs]
37.243: [GC 37.243: [DefNew: 2303K->191K(2304K), 0.0036284 secs] 26397K->24875K(32576K), 0.0036892 secs]
37.260: [GC 37.260: [DefNew: 2303K->191K(2304K), 0.0023892 secs] 26987K->25148K(32576K), 0.0024509 secs]
37.277: [GC 37.277: [DefNew: 2303K->191K(2304K), 0.0028874 secs] 27260K->25597K(32576K), 0.0029457 secs]
37.296: [GC 37.297: [DefNew: 2303K->191K(2304K), 0.0031666 secs] 27709K->26098K(32576K), 0.0032241 secs]
37.313: [GC 37.313: [DefNew: 2303K->192K(2304K), 0.0026762 secs] 28210K->26454K(32576K), 0.0027372 secs]
37.330: [GC 37.330: [DefNew: 2304K->192K(2304K), 0.0019550 secs] 28566K->26653K(32576K), 0.0020127 secs]
37.350: [GC 37.350: [DefNew: 2304K->191K(2304K), 0.0023320 secs] 28765K->26966K(32576K), 0.0023894 secs]
37.369: [GC 37.369: [DefNew: 2303K->192K(2304K), 0.0044969 secs] 29078K->27710K(32576K), 0.0045565 secs]
37.391: [GC 37.391: [DefNew: 2304K->191K(2304K), 0.0063606 secs] 29822K->28861K(32576K), 0.0064221 secs]
37.415: [GC 37.415: [DefNew: 2303K->2303K(2304K), 0.0000216 secs]37.415: [Tenured: 28669K->23451K(30272K), 0.1436773 secs] 30973K->23451K(32576K), 0.1437830 secs]
37.573: [GC 37.573: [DefNew: 2112K->191K(2304K), 0.0039598 secs] 25563K->24280K(32576K), 0.0040189 secs]
37.590: [GC 37.590: [DefNew: 2303K->192K(2304K), 0.0026897 secs] 26392K->24673K(32576K), 0.0027475 secs]
37.607: [GC 37.607: [DefNew: 2304K->191K(2304K), 0.0028114 secs] 26785K->25078K(32576K), 0.0028702 secs]
37.623: [GC 37.623: [DefNew: 2303K->191K(2304K), 0.0027180 secs] 27190K->25461K(32576K), 0.0027764 secs]
37.640: [GC 37.640: [DefNew: 2303K->192K(2304K), 0.0025482 secs] 27573K->25814K(32576K), 0.0026040 secs]
37.656: [GC 37.656: [DefNew: 2304K->192K(2304K), 0.0031792 secs] 27926K->26247K(32576K), 0.0032371 secs]
37.675: [GC 37.675: [DefNew: 2304K->192K(2304K), 0.0025335 secs] 28359K->26611K(32576K), 0.0025889 secs]
37.694: [GC 37.694: [DefNew: 2304K->191K(2304K), 0.0053923 secs] 28723K->27496K(32576K), 0.0054533 secs]
37.716: [GC 37.716: [DefNew: 2303K->192K(2304K), 0.0065124 secs] 29608K->28647K(32576K), 0.0065745 secs]
37.736: [GC 37.736: [DefNew: 2304K->2304K(2304K), 0.0000159 secs]37.736: [Tenured: 28455K->23991K(30272K), 0.1484217 secs] 30759K->23991K(32576K), 0.1485547 secs]
37.899: [GC 37.899: [DefNew: 2112K->191K(2304K), 0.0027480 secs] 26103K->24581K(32576K), 0.0028083 secs]
37.915: [GC 37.915: [DefNew: 2303K->191K(2304K), 0.0026095 secs] 26693K->24976K(32576K), 0.0026806 secs]
37.933: [GC 37.933: [DefNew: 2303K->191K(2304K), 0.0039830 secs] 27088K->25637K(32576K), 0.0040430 secs]
37.951: [GC 37.951: [DefNew: 2303K->192K(2304K), 0.0024427 secs] 27749K->25967K(32576K), 0.0025013 secs]
37.967: [GC 37.968: [DefNew: 2304K->191K(2304K), 0.0026217 secs] 28079K->26355K(32576K), 0.0027473 secs]
37.984: [GC 37.984: [DefNew: 2303K->191K(2304K), 0.0026891 secs] 28467K->26739K(32576K), 0.0027474 secs]
38.001: [GC 38.001: [DefNew: 2303K->191K(2304K), 0.0027878 secs] 28851K->27156K(32576K), 0.0028440 secs]
38.018: [GC 38.018: [DefNew: 2303K->192K(2304K), 0.0025624 secs] 29268K->27521K(32576K), 0.0026193 secs]
38.034: [GC 38.034: [DefNew: 2304K->191K(2304K), 0.0029301 secs] 29633K->27957K(32576K), 0.0029950 secs]
38.055: [GC 38.055: [DefNew: 2303K->191K(2304K), 0.0062150 secs] 30069K->29029K(32576K), 0.0062765 secs]
38.076: [GC 38.076: [DefNew: 2303K->2303K(2304K), 0.0000160 secs]38.076: [Tenured: 28837K->22840K(30272K), 0.1781081 secs] 31141K->22840K(32576K), 0.1782076 secs]
38.268: [GC 38.268: [DefNew: 2112K->191K(2304K), 0.0030299 secs] 24952K->23535K(32576K), 0.0030909 secs]
38.285: [GC 38.285: [DefNew: 2303K->191K(2304K), 0.0033957 secs] 25647K->24135K(32576K), 0.0034554 secs]
38.301: [GC 38.301: [DefNew: 2303K->191K(2304K), 0.0030018 secs] 26247K->24623K(32576K), 0.0030723 secs]
38.319: [GC 38.319: [DefNew: 2303K->192K(2304K), 0.0032608 secs] 26735K->25155K(32576K), 0.0033206 secs]
38.336: [GC 38.336: [DefNew: 2304K->192K(2304K), 0.0033785 secs] 27267K->25698K(32576K), 0.0034371 secs]
38.353: [GC 38.353: [DefNew: 2304K->191K(2304K), 0.0029346 secs] 27810K->26136K(32576K), 0.0029932 secs]
38.371: [GC 38.371: [DefNew: 2303K->192K(2304K), 0.0035138 secs] 28248K->26676K(32576K), 0.0035731 secs]
38.388: [GC 38.388: [DefNew: 2304K->191K(2304K), 0.0024363 secs] 28788K->27002K(32576K), 0.0024937 secs]
38.407: [GC 38.407: [DefNew: 2303K->191K(2304K), 0.0038305 secs] 29114K->27642K(32576K), 0.0038910 secs]
38.425: [GC 38.425: [DefNew: 2303K->191K(2304K), 0.0026271 secs] 29754K->27999K(32576K), 0.0026852 secs]
38.441: [GC 38.441: [DefNew: 2303K->192K(2304K), 0.0028887 secs] 30111K->28406K(32576K), 0.0029461 secs]
38.457: [GC 38.457: [DefNew: 2304K->2304K(2304K), 0.0000164 secs]38.457: [Tenured: 28214K->23001K(30272K), 0.1370494 secs] 30518K->23001K(32576K), 0.1371480 secs]
38.609: [GC 38.609: [DefNew: 2112K->191K(2304K), 0.0026872 secs] 25113K->23568K(32576K), 0.0027444 secs]
38.625: [GC 38.625: [DefNew: 2303K->191K(2304K), 0.0029924 secs] 25680K->24028K(32576K), 0.0030579 secs]
38.646: [GC 38.646: [DefNew: 2303K->191K(2304K), 0.0034295 secs] 26140K->24588K(32576K), 0.0034949 secs]
38.665: [GC 38.665: [DefNew: 2303K->191K(2304K), 0.0026903 secs] 26700K->24963K(32576K), 0.0027484 secs]
38.682: [GC 38.682: [DefNew: 2303K->191K(2304K), 0.0032724 secs] 27075K->25494K(32576K), 0.0033314 secs]
38.699: [GC 38.699: [DefNew: 2303K->191K(2304K), 0.0028836 secs] 27606K->25942K(32576K), 0.0029406 secs]
38.715: [GC 38.715: [DefNew: 2303K->192K(2304K), 0.0024833 secs] 28054K->26271K(32576K), 0.0025404 secs]
38.732: [GC 38.732: [DefNew: 2304K->191K(2304K), 0.0030878 secs] 28383K->26745K(32576K), 0.0031460 secs]
38.748: [GC 38.748: [DefNew: 2303K->192K(2304K), 0.0027651 secs] 28857K->27109K(32576K), 0.0028234 secs]
38.767: [GC 38.767: [DefNew: 2304K->191K(2304K), 0.0026594 secs] 29221K->27504K(32576K), 0.0027156 secs]
38.797: [GC 38.797: [DefNew: 2303K->191K(2304K), 0.0034374 secs] 29616K->28042K(32576K), 0.0034961 secs]
38.815: [GC 38.815: [DefNew: 2303K->192K(2304K), 0.0023453 secs] 30154K->28319K(32576K), 0.0024043 secs]
38.831: [GC 38.831: [DefNew: 2304K->2304K(2304K), 0.0000171 secs]38.831: [Tenured: 28127K->19945K(30272K), 0.1213559 secs] 30431K->19945K(32576K), 0.1214572 secs]
38.967: [GC 38.967: [DefNew: 2112K->191K(2304K), 0.0019419 secs] 22057K->20354K(32576K), 0.0019950 secs]
38.984: [GC 38.984: [DefNew: 2303K->191K(2304K), 0.0024595 secs] 22466K->20693K(32576K), 0.0025149 secs]
39.004: [GC 39.004: [DefNew: 2303K->191K(2304K), 0.0032922 secs] 22805K->21184K(32576K), 0.0033532 secs]
39.034: [GC 39.034: [DefNew: 2303K->191K(2304K), 0.0066256 secs] 23296K->22335K(32576K), 0.0066905 secs]
39.068: [GC 39.068: [DefNew: 2303K->192K(2304K), 0.0064116 secs] 24447K->23487K(32576K), 0.0064725 secs]
39.101: [GC 39.101: [DefNew: 2304K->191K(2304K), 0.0064771 secs] 25599K->24638K(32576K), 0.0065365 secs]
39.124: [GC 39.124: [DefNew: 2303K->191K(2304K), 0.0035851 secs] 26750K->25211K(32576K), 0.0036433 secs]
39.142: [GC 39.142: [DefNew: 2303K->192K(2304K), 0.0024870 secs] 27323K->25563K(32576K), 0.0025415 secs]
39.160: [GC 39.160: [DefNew: 2304K->191K(2304K), 0.0022717 secs] 27675K->25843K(32576K), 0.0023302 secs]
39.179: [GC 39.179: [DefNew: 2303K->191K(2304K), 0.0025272 secs] 27955K->26185K(32576K), 0.0025832 secs]
39.199: [GC 39.199: [DefNew: 2303K->191K(2304K), 0.0042605 secs] 28297K->26877K(32576K), 0.0043213 secs]
39.217: [GC 39.217: [DefNew: 2303K->191K(2304K), 0.0024683 secs] 28989K->27171K(32576K), 0.0025265 secs]
39.234: [GC 39.234: [DefNew: 2303K->191K(2304K), 0.0017321 secs] 29283K->27319K(32576K), 0.0017852 secs]
39.249: [GC 39.249: [DefNew: 2303K->191K(2304K), 0.0021653 secs] 29431K->27542K(32576K), 0.0022192 secs]
39.268: [GC 39.268: [DefNew: 2303K->192K(2304K), 0.0033315 secs] 29654K->28024K(32576K), 0.0033900 secs]
39.286: [GC 39.286: [DefNew: 2304K->192K(2304K), 0.0018908 secs] 30136K->28173K(32576K), 0.0019570 secs]
39.302: [GC 39.302: [DefNew: 2304K->2304K(2304K), 0.0000163 secs]39.302: [Tenured: 27981K->17386K(30272K), 0.1446455 secs] 30285K->17386K(32576K), 0.1447446 secs]
39.461: [GC 39.461: [DefNew: 2112K->191K(2304K), 0.0027442 secs] 19498K->17960K(32576K), 0.0028065 secs]
39.478: [GC 39.478: [DefNew: 2303K->191K(2304K), 0.0030335 secs] 20072K->18433K(32576K), 0.0031576 secs]
39.495: [GC 39.495: [DefNew: 2303K->192K(2304K), 0.0023727 secs] 20545K->18767K(32576K), 0.0024284 secs]
39.514: [GC 39.514: [DefNew: 2304K->192K(2304K), 0.0027524 secs] 20879K->19181K(32576K), 0.0028166 secs]
39.531: [GC 39.531: [DefNew: 2304K->191K(2304K), 0.0020940 secs] 21293K->19434K(32576K), 0.0021485 secs]
39.550: [GC 39.550: [DefNew: 2303K->191K(2304K), 0.0054244 secs] 21546K->20313K(32576K), 0.0054864 secs]
39.573: [GC 39.573: [DefNew: 2303K->191K(2304K), 0.0067101 secs] 22425K->21465K(32576K), 0.0067707 secs]
39.597: [GC 39.597: [DefNew: 2303K->191K(2304K), 0.0066330 secs] 23577K->22616K(32576K), 0.0066949 secs]
39.621: [GC 39.622: [DefNew: 2303K->191K(2304K), 0.0066901 secs] 24728K->23768K(32576K), 0.0067522 secs]
39.644: [GC 39.644: [DefNew: 2303K->191K(2304K), 0.0055818 secs] 25880K->24770K(32576K), 0.0056436 secs]
39.665: [GC 39.665: [DefNew: 2303K->191K(2304K), 0.0032116 secs] 26882K->25317K(32576K), 0.0032711 secs]
39.682: [GC 39.682: [DefNew: 2303K->192K(2304K), 0.0031427 secs] 27429K->25823K(32576K), 0.0032024 secs]
39.699: [GC 39.699: [DefNew: 2304K->191K(2304K), 0.0025522 secs] 27935K->26173K(32576K), 0.0026082 secs]
39.717: [GC 39.717: [DefNew: 2303K->191K(2304K), 0.0032649 secs] 28285K->26699K(32576K), 0.0033222 secs]
39.734: [GC 39.734: [DefNew: 2303K->191K(2304K), 0.0033324 secs] 28811K->27208K(32576K), 0.0033918 secs]
39.750: [GC 39.751: [DefNew: 2303K->192K(2304K), 0.0027380 secs] 29320K->27607K(32576K), 0.0027969 secs]
39.767: [GC 39.767: [DefNew: 2304K->191K(2304K), 0.0027467 secs] 29719K->28000K(32576K), 0.0028027 secs]
39.784: [GC 39.784: [DefNew: 2303K->192K(2304K), 0.0029539 secs] 30112K->28434K(32576K), 0.0030120 secs]
39.800: [GC 39.801: [DefNew: 2304K->2304K(2304K), 0.0000166 secs]39.801: [Tenured: 28242K->16715K(30272K), 0.1459008 secs] 30546K->16715K(32576K), 0.1460012 secs]
39.963: [GC 39.963: [DefNew: 2112K->192K(2304K), 0.0022976 secs] 18827K->17218K(32576K), 0.0023528 secs]
39.981: [GC 39.981: [DefNew: 2304K->191K(2304K), 0.0025363 secs] 19330K->17595K(32576K), 0.0025941 secs]
40.000: [GC 40.000: [DefNew: 2303K->191K(2304K), 0.0029783 secs] 19707K->18034K(32576K), 0.0030352 secs]
40.018: [GC 40.018: [DefNew: 2303K->192K(2304K), 0.0019582 secs] 20146K->18226K(32576K), 0.0020137 secs]
40.034: [GC 40.034: [DefNew: 2304K->192K(2304K), 0.0020823 secs] 20338K->18467K(32576K), 0.0021364 secs]
40.056: [GC 40.056: [DefNew: 2304K->191K(2304K), 0.0037345 secs] 20579K->19079K(32576K), 0.0037935 secs]
40.074: [GC 40.074: [DefNew: 2303K->192K(2304K), 0.0033842 secs] 21191K->19590K(32576K), 0.0034438 secs]
40.093: [GC 40.093: [DefNew: 2304K->192K(2304K), 0.0048812 secs] 21702K->20415K(32576K), 0.0049429 secs]
40.112: [GC 40.112: [DefNew: 2304K->191K(2304K), 0.0023867 secs] 22527K->20728K(32576K), 0.0024484 secs]
40.127: [GC 40.127: [DefNew: 2303K->191K(2304K), 0.0018982 secs] 22840K->20906K(32576K), 0.0019529 secs]
40.144: [GC 40.144: [DefNew: 2303K->191K(2304K), 0.0026511 secs] 23018K->21270K(32576K), 0.0027093 secs]
40.161: [GC 40.161: [DefNew: 2303K->191K(2304K), 0.0021368 secs] 23382K->21524K(32576K), 0.0021914 secs]
40.177: [GC 40.177: [DefNew: 2303K->191K(2304K), 0.0024642 secs] 23636K->21835K(32576K), 0.0025198 secs]
40.196: [GC 40.196: [DefNew: 2303K->191K(2304K), 0.0029985 secs] 23947K->22239K(32576K), 0.0030580 secs]
40.214: [GC 40.214: [DefNew: 2303K->192K(2304K), 0.0020452 secs] 24351K->22450K(32576K), 0.0020996 secs]
40.230: [GC 40.230: [DefNew: 2304K->191K(2304K), 0.0024513 secs] 24562K->22750K(32576K), 0.0025096 secs]
40.247: [GC 40.247: [DefNew: 2303K->192K(2304K), 0.0022994 secs] 24862K->23016K(32576K), 0.0023550 secs]
40.263: [GC 40.263: [DefNew: 2304K->192K(2304K), 0.0028576 secs] 25128K->23382K(32576K), 0.0029254 secs]
40.279: [GC 40.279: [DefNew: 2304K->191K(2304K), 0.0018281 secs] 25494K->23558K(32576K), 0.0018796 secs]
40.295: [GC 40.295: [DefNew: 2303K->191K(2304K), 0.0021896 secs] 25670K->23828K(32576K), 0.0022454 secs]
40.315: [GC 40.316: [DefNew: 2303K->191K(2304K), 0.0033002 secs] 25940K->24321K(32576K), 0.0033578 secs]
40.332: [GC 40.332: [DefNew: 2303K->192K(2304K), 0.0021472 secs] 26433K->24558K(32576K), 0.0022022 secs]
40.349: [GC 40.349: [DefNew: 2304K->192K(2304K), 0.0023708 secs] 26670K->24857K(32576K), 0.0024313 secs]
40.366: [GC 40.366: [DefNew: 2304K->191K(2304K), 0.0024381 secs] 26969K->25189K(32576K), 0.0024953 secs]
40.382: [GC 40.382: [DefNew: 2303K->192K(2304K), 0.0029661 secs] 27301K->25602K(32576K), 0.0030245 secs]
40.405: [GC 40.405: [DefNew: 2304K->191K(2304K), 0.0064677 secs] 27714K->26753K(32576K), 0.0065294 secs]
40.432: [GC 40.432: [DefNew: 2303K->192K(2304K), 0.0065627 secs] 28865K->27905K(32576K), 0.0066360 secs]
40.456: [GC 40.456: [DefNew: 2304K->191K(2304K), 0.0055699 secs] 30017K->28897K(32576K), 0.0056446 secs]
40.475: [GC 40.475: [DefNew: 2303K->2303K(2304K), 0.0000166 secs]40.475: [Tenured: 28705K->15669K(30272K), 0.1096427 secs] 31009K->15669K(32576K), 0.1097484 secs]
40.599: [GC 40.599: [DefNew: 2112K->192K(2304K), 0.0023303 secs] 17781K->16198K(32576K), 0.0023866 secs]
40.617: [GC 40.617: [DefNew: 2304K->192K(2304K), 0.0028617 secs] 18310K->16644K(32576K), 0.0029199 secs]
40.634: [GC 40.634: [DefNew: 2304K->192K(2304K), 0.0027333 secs] 18756K->17016K(32576K), 0.0028042 secs]
40.653: [GC 40.653: [DefNew: 2304K->192K(2304K), 0.0042383 secs] 19128K->17719K(32576K), 0.0042992 secs]
40.673: [GC 40.673: [DefNew: 2304K->191K(2304K), 0.0022809 secs] 19831K->18007K(32576K), 0.0023364 secs]
40.689: [GC 40.689: [DefNew: 2303K->192K(2304K), 0.0021112 secs] 20119K->18218K(32576K), 0.0021654 secs]
40.705: [GC 40.705: [DefNew: 2304K->191K(2304K), 0.0024662 secs] 20330K->18546K(32576K), 0.0025224 secs]
40.723: [GC 40.723: [DefNew: 2303K->191K(2304K), 0.0025293 secs] 20658K->18866K(32576K), 0.0025861 secs]
40.743: [GC 40.743: [DefNew: 2303K->191K(2304K), 0.0030564 secs] 20978K->19315K(32576K), 0.0031134 secs]
40.760: [GC 40.761: [DefNew: 2303K->192K(2304K), 0.0023654 secs] 21427K->19572K(32576K), 0.0024223 secs]
40.776: [GC 40.776: [DefNew: 2304K->192K(2304K), 0.0022055 secs] 21684K->19790K(32576K), 0.0022617 secs]
40.792: [GC 40.792: [DefNew: 2304K->192K(2304K), 0.0025967 secs] 21902K->20122K(32576K), 0.0026551 secs]
40.810: [GC 40.810: [DefNew: 2304K->192K(2304K), 0.0041641 secs] 22234K->20811K(32576K), 0.0042273 secs]
40.828: [GC 40.828: [DefNew: 2304K->192K(2304K), 0.0023470 secs] 22923K->21082K(32576K), 0.0024041 secs]
40.844: [GC 40.844: [DefNew: 2304K->191K(2304K), 0.0020862 secs] 23194K->21290K(32576K), 0.0021413 secs]
40.862: [GC 40.862: [DefNew: 2303K->192K(2304K), 0.0037897 secs] 23402K->21916K(32576K), 0.0038506 secs]
40.879: [GC 40.879: [DefNew: 2304K->191K(2304K), 0.0027064 secs] 24028K->22263K(32576K), 0.0027639 secs]
40.896: [GC 40.896: [DefNew: 2303K->191K(2304K), 0.0023471 secs] 24375K->22522K(32576K), 0.0024039 secs]
40.912: [GC 40.912: [DefNew: 2303K->191K(2304K), 0.0022722 secs] 24634K->22794K(32576K), 0.0023271 secs]
40.927: [GC 40.927: [DefNew: 2303K->191K(2304K), 0.0021282 secs] 24906K->23038K(32576K), 0.0021906 secs]
40.943: [GC 40.943: [DefNew: 2303K->191K(2304K), 0.0022541 secs] 25150K->23298K(32576K), 0.0023093 secs]
40.960: [GC 40.960: [DefNew: 2303K->192K(2304K), 0.0026117 secs] 25410K->23630K(32576K), 0.0026747 secs]
40.980: [GC 40.980: [DefNew: 2304K->192K(2304K), 0.0030656 secs] 25742K->24080K(32576K), 0.0031243 secs]
40.997: [GC 40.997: [DefNew: 2304K->192K(2304K), 0.0023640 secs] 26192K->24333K(32576K), 0.0024210 secs]
41.014: [GC 41.014: [DefNew: 2304K->191K(2304K), 0.0037134 secs] 26445K->24931K(32576K), 0.0037733 secs]
41.036: [GC 41.036: [DefNew: 2303K->191K(2304K), 0.0069116 secs] 27043K->26082K(32576K), 0.0069740 secs]
41.061: [GC 41.061: [DefNew: 2303K->191K(2304K), 0.0064077 secs] 28194K->27234K(32576K), 0.0064698 secs]
41.084: [GC 41.084: [DefNew: 2303K->191K(2304K), 0.0052973 secs] 29346K->28170K(32576K), 0.0053583 secs]
41.104: [GC 41.104: [DefNew: 2303K->2303K(2304K), 0.0000160 secs]41.104: [Tenured: 27978K->15967K(30272K), 0.1116484 secs] 30282K->15967K(32576K), 0.1117471 secs]
41.229: [GC 41.229: [DefNew: 2112K->192K(2304K), 0.0025747 secs] 18079K->16515K(32576K), 0.0026328 secs]
41.246: [GC 41.246: [DefNew: 2304K->191K(2304K), 0.0029469 secs] 18627K->16991K(32576K), 0.0030048 secs]
41.263: [GC 41.263: [DefNew: 2303K->191K(2304K), 0.0027003 secs] 19103K->17386K(32576K), 0.0027691 secs]
41.281: [GC 41.281: [DefNew: 2303K->191K(2304K), 0.0030475 secs] 19498K->17869K(32576K), 0.0031054 secs]
41.298: [GC 41.298: [DefNew: 2303K->191K(2304K), 0.0024459 secs] 19981K->18181K(32576K), 0.0025036 secs]
41.313: [GC 41.313: [DefNew: 2303K->191K(2304K), 0.0019487 secs] 20293K->18407K(32576K), 0.0020029 secs]
41.330: [GC 41.330: [DefNew: 2303K->191K(2304K), 0.0035811 secs] 20519K->18972K(32576K), 0.0036425 secs]
41.349: [GC 41.349: [DefNew: 2303K->192K(2304K), 0.0067538 secs] 21084K->20123K(32576K), 0.0068170 secs]
41.372: [GC 41.372: [DefNew: 2304K->191K(2304K), 0.0068157 secs] 22235K->21274K(32576K), 0.0068857 secs]
41.394: [GC 41.394: [DefNew: 2303K->192K(2304K), 0.0066467 secs] 23386K->22426K(32576K), 0.0067083 secs]
41.416: [GC 41.416: [DefNew: 2304K->191K(2304K), 0.0065284 secs] 24538K->23411K(32576K), 0.0065906 secs]
41.436: [GC 41.436: [DefNew: 2303K->192K(2304K), 0.0038443 secs] 25523K->24015K(32576K), 0.0039045 secs]
41.455: [GC 41.455: [DefNew: 2304K->192K(2304K), 0.0050228 secs] 26127K->24871K(32576K), 0.0050833 secs]
41.474: [GC 41.474: [DefNew: 2304K->191K(2304K), 0.0029612 secs] 26983K->25304K(32576K), 0.0030177 secs]
41.490: [GC 41.490: [DefNew: 2303K->192K(2304K), 0.0031605 secs] 27416K->25798K(32576K), 0.0032225 secs]
41.507: [GC 41.507: [DefNew: 2304K->191K(2304K), 0.0036306 secs] 27910K->26375K(32576K), 0.0036994 secs]
41.524: [GC 41.524: [DefNew: 2303K->192K(2304K), 0.0031580 secs] 28487K->26830K(32576K), 0.0032179 secs]
41.540: [GC 41.540: [DefNew: 2304K->191K(2304K), 0.0029154 secs] 28942K->27257K(32576K), 0.0029747 secs]
41.556: [GC 41.556: [DefNew: 2303K->192K(2304K), 0.0031933 secs] 29369K->27740K(32576K), 0.0032539 secs]
41.576: [GC 41.576: [DefNew: 2304K->191K(2304K), 0.0047461 secs] 29852K->28550K(32576K), 0.0048053 secs]
41.594: [GC 41.594: [DefNew: 2303K->2303K(2304K), 0.0000162 secs]41.594: [Tenured: 28358K->19537K(30272K), 0.1350828 secs] 30662K->19537K(32576K), 0.1351820 secs]
41.742: [GC 41.742: [DefNew: 2112K->191K(2304K), 0.0037661 secs] 21649K->20405K(32576K), 0.0038285 secs]
41.759: [GC 41.759: [DefNew: 2303K->191K(2304K), 0.0036993 secs] 22517K->21036K(32576K), 0.0037608 secs]
41.776: [GC 41.776: [DefNew: 2303K->191K(2304K), 0.0038632 secs] 23148K->21624K(32576K), 0.0039237 secs]
41.794: [GC 41.795: [DefNew: 2303K->191K(2304K), 0.0036068 secs] 23736K->22252K(32576K), 0.0036795 secs]
41.815: [GC 41.815: [DefNew: 2303K->191K(2304K), 0.0035953 secs] 24364K->22834K(32576K), 0.0036563 secs]
41.832: [GC 41.832: [DefNew: 2303K->192K(2304K), 0.0028702 secs] 24946K->23247K(32576K), 0.0029267 secs]
41.849: [GC 41.849: [DefNew: 2304K->191K(2304K), 0.0035928 secs] 25359K->23824K(32576K), 0.0036526 secs]
41.870: [GC 41.870: [DefNew: 2303K->191K(2304K), 0.0038820 secs] 25936K->24459K(32576K), 0.0039436 secs]
41.888: [GC 41.888: [DefNew: 2303K->191K(2304K), 0.0027929 secs] 26571K->24870K(32576K), 0.0028500 secs]
41.904: [GC 41.904: [DefNew: 2303K->191K(2304K), 0.0030153 secs] 26982K->25326K(32576K), 0.0030719 secs]
41.923: [GC 41.923: [DefNew: 2303K->192K(2304K), 0.0039111 secs] 27438K->25961K(32576K), 0.0039733 secs]
41.940: [GC 41.940: [DefNew: 2304K->192K(2304K), 0.0028063 secs] 28073K->26343K(32576K), 0.0028630 secs]
41.957: [GC 41.957: [DefNew: 2304K->192K(2304K), 0.0032248 secs] 28455K->26844K(32576K), 0.0032849 secs]
41.973: [GC 41.973: [DefNew: 2304K->191K(2304K), 0.0027873 secs] 28956K->27254K(32576K), 0.0028453 secs]
41.990: [GC 41.991: [DefNew: 2303K->192K(2304K), 0.0033144 secs] 29366K->27777K(32576K), 0.0033730 secs]
42.007: [GC 42.007: [DefNew: 2304K->191K(2304K), 0.0029797 secs] 29889K->28213K(32576K), 0.0030385 secs]
42.029: [GC 42.029: [DefNew: 2303K->2303K(2304K), 0.0000171 secs]42.029: [Tenured: 28021K->16060K(30272K), 0.1190941 secs] 30325K->16060K(32576K), 0.1191958 secs]
42.163: [GC 42.163: [DefNew: 2112K->191K(2304K), 0.0023775 secs] 18172K->16587K(32576K), 0.0024329 secs]
42.185: [GC 42.185: [DefNew: 2303K->192K(2304K), 0.0041101 secs] 18699K->17208K(32576K), 0.0041694 secs]
42.207: [GC 42.207: [DefNew: 2304K->192K(2304K), 0.0036629 secs] 19320K->17806K(32576K), 0.0037239 secs]
42.225: [GC 42.226: [DefNew: 2304K->192K(2304K), 0.0047963 secs] 19918K->18544K(32576K), 0.0048597 secs]
42.246: [GC 42.246: [DefNew: 2304K->191K(2304K), 0.0057704 secs] 20656K->19545K(32576K), 0.0058327 secs]
42.265: [GC 42.265: [DefNew: 2303K->192K(2304K), 0.0027633 secs] 21657K->19950K(32576K), 0.0028202 secs]
42.281: [GC 42.282: [DefNew: 2304K->191K(2304K), 0.0025022 secs] 22062K->20285K(32576K), 0.0025589 secs]
42.297: [GC 42.297: [DefNew: 2303K->191K(2304K), 0.0024801 secs] 22397K->20613K(32576K), 0.0025366 secs]
42.314: [GC 42.314: [DefNew: 2303K->191K(2304K), 0.0046573 secs] 22725K->21352K(32576K), 0.0047174 secs]
42.332: [GC 42.333: [DefNew: 2303K->192K(2304K), 0.0023430 secs] 23464K->21637K(32576K), 0.0023984 secs]
42.348: [GC 42.348: [DefNew: 2304K->191K(2304K), 0.0024673 secs] 23749K->21942K(32576K), 0.0025235 secs]
42.365: [GC 42.365: [DefNew: 2303K->191K(2304K), 0.0028065 secs] 24054K->22329K(32576K), 0.0028636 secs]
42.382: [GC 42.382: [DefNew: 2303K->191K(2304K), 0.0038875 secs] 24441K->22930K(32576K), 0.0039467 secs]
42.399: [GC 42.399: [DefNew: 2303K->191K(2304K), 0.0023142 secs] 25042K->23210K(32576K), 0.0023701 secs]
42.414: [GC 42.414: [DefNew: 2303K->191K(2304K), 0.0025804 secs] 25322K->23563K(32576K), 0.0026356 secs]
42.432: [GC 42.432: [DefNew: 2303K->191K(2304K), 0.0030267 secs] 25675K->24003K(32576K), 0.0030863 secs]
42.449: [GC 42.449: [DefNew: 2303K->191K(2304K), 0.0027905 secs] 26115K->24391K(32576K), 0.0028484 secs]
42.468: [GC 42.469: [DefNew: 2303K->192K(2304K), 0.0039186 secs] 26503K->25055K(32576K), 0.0039798 secs]
42.487: [GC 42.487: [DefNew: 2304K->192K(2304K), 0.0033521 secs] 27167K->25570K(32576K), 0.0034128 secs]
42.505: [GC 42.505: [DefNew: 2304K->191K(2304K), 0.0026223 secs] 27682K->25900K(32576K), 0.0026792 secs]
42.521: [GC 42.521: [DefNew: 2303K->191K(2304K), 0.0027179 secs] 28012K->26271K(32576K), 0.0027783 secs]
42.537: [GC 42.537: [DefNew: 2303K->192K(2304K), 0.0023577 secs] 28383K->26561K(32576K), 0.0024160 secs]
42.553: [GC 42.553: [DefNew: 2304K->191K(2304K), 0.0031018 secs] 28673K->27035K(32576K), 0.0031616 secs]
42.570: [GC 42.570: [DefNew: 2303K->191K(2304K), 0.0023556 secs] 29147K->27300K(32576K), 0.0024134 secs]
42.586: [GC 42.586: [DefNew: 2303K->191K(2304K), 0.0028768 secs] 29412K->27705K(32576K), 0.0029529 secs]
42.604: [GC 42.604: [DefNew: 2303K->192K(2304K), 0.0029472 secs] 29817K->28147K(32576K), 0.0030074 secs]
42.620: [GC 42.620: [DefNew: 2304K->191K(2304K), 0.0026157 secs] 30259K->28512K(32576K), 0.0026727 secs]
42.637: [GC 42.637: [DefNew: 2303K->2303K(2304K), 0.0000177 secs]42.637: [Tenured: 28320K->16652K(30272K), 0.1122351 secs] 30624K->16652K(32576K), 0.1123396 secs]
42.767: [GC 42.767: [DefNew: 2112K->191K(2304K), 0.0031149 secs] 18764K->17365K(32576K), 0.0031808 secs]
42.784: [GC 42.784: [DefNew: 2303K->191K(2304K), 0.0027525 secs] 19477K->17766K(32576K), 0.0028096 secs]
42.810: [GC 42.810: [DefNew: 2303K->191K(2304K), 0.0030633 secs] 19878K->18244K(32576K), 0.0031269 secs]
42.827: [GC 42.827: [DefNew: 2303K->192K(2304K), 0.0022759 secs] 20356K->18525K(32576K), 0.0023305 secs]
42.843: [GC 42.843: [DefNew: 2304K->192K(2304K), 0.0020338 secs] 20637K->18766K(32576K), 0.0020879 secs]
42.881: [GC 42.881: [DefNew: 2304K->191K(2304K), 0.0034231 secs] 20878K->19290K(32576K), 0.0034839 secs]
42.933: [GC 42.933: [DefNew: 2303K->191K(2304K), 0.0063934 secs] 21402K->20442K(32576K), 0.0064552 secs]
42.958: [GC 42.958: [DefNew: 2303K->192K(2304K), 0.0031248 secs] 22554K->20909K(32576K), 0.0032519 secs]
42.977: [GC 42.977: [DefNew: 2304K->191K(2304K), 0.0055637 secs] 23021K->21811K(32576K), 0.0056227 secs]
42.996: [GC 42.996: [DefNew: 2303K->192K(2304K), 0.0020035 secs] 23923K->22010K(32576K), 0.0020575 secs]
43.012: [GC 43.012: [DefNew: 2304K->191K(2304K), 0.0027054 secs] 24122K->22390K(32576K), 0.0027648 secs]
43.028: [GC 43.028: [DefNew: 2303K->192K(2304K), 0.0017105 secs] 24502K->22519K(32576K), 0.0017658 secs]
43.046: [GC 43.046: [DefNew: 2304K->191K(2304K), 0.0023946 secs] 24631K->22824K(32576K), 0.0024509 secs]
43.062: [GC 43.062: [DefNew: 2303K->191K(2304K), 0.0020389 secs] 24936K->23037K(32576K), 0.0020923 secs]
43.080: [GC 43.081: [DefNew: 2303K->192K(2304K), 0.0029722 secs] 25149K->23457K(32576K), 0.0030295 secs]
43.097: [GC 43.097: [DefNew: 2304K->192K(2304K), 0.0019400 secs] 25569K->23652K(32576K), 0.0019940 secs]
43.113: [GC 43.113: [DefNew: 2304K->192K(2304K), 0.0022119 secs] 25764K->23917K(32576K), 0.0022666 secs]
43.130: [GC 43.130: [DefNew: 2304K->191K(2304K), 0.0021040 secs] 26029K->24150K(32576K), 0.0021577 secs]
43.146: [GC 43.146: [DefNew: 2303K->191K(2304K), 0.0022946 secs] 26262K->24413K(32576K), 0.0023494 secs]
43.165: [GC 43.165: [DefNew: 2303K->191K(2304K), 0.0021569 secs] 26525K->24653K(32576K), 0.0022114 secs]
43.183: [GC 43.184: [DefNew: 2303K->191K(2304K), 0.0024903 secs] 26765K->24964K(32576K), 0.0025456 secs]
43.202: [GC 43.202: [DefNew: 2303K->191K(2304K), 0.0021183 secs] 27076K->25199K(32576K), 0.0021733 secs]
43.218: [GC 43.218: [DefNew: 2303K->192K(2304K), 0.0018470 secs] 27311K->25350K(32576K), 0.0019098 secs]
43.235: [GC 43.235: [DefNew: 2304K->192K(2304K), 0.0019754 secs] 27462K->25546K(32576K), 0.0020295 secs]
43.251: [GC 43.251: [DefNew: 2304K->191K(2304K), 0.0015844 secs] 27658K->25644K(32576K), 0.0016364 secs]
43.272: [GC 43.272: [DefNew: 2303K->191K(2304K), 0.0047743 secs] 27756K->26442K(32576K), 0.0048349 secs]
43.291: [GC 43.291: [DefNew: 2303K->192K(2304K), 0.0018275 secs] 28554K->26589K(32576K), 0.0018820 secs]
43.306: [GC 43.306: [DefNew: 2304K->106K(2304K), 0.0012675 secs] 28701K->26605K(32576K), 0.0013189 secs]
43.322: [GC 43.322: [DefNew: 2218K->153K(2304K), 0.0014557 secs] 28717K->26744K(32576K), 0.0015098 secs]
43.339: [GC 43.339: [DefNew: 2265K->191K(2304K), 0.0029080 secs] 28856K->27180K(32576K), 0.0029802 secs]
43.356: [GC 43.356: [DefNew: 2303K->139K(2304K), 0.0012871 secs] 29292K->27190K(32576K), 0.0013381 secs]
43.372: [GC 43.372: [DefNew: 2251K->186K(2304K), 0.0016606 secs] 29302K->27362K(32576K), 0.0017128 secs]
43.389: [GC 43.389: [DefNew: 2298K->192K(2304K), 0.0020356 secs] 29474K->27551K(32576K), 0.0021047 secs]
43.405: [GC 43.405: [DefNew: 2304K->191K(2304K), 0.0016925 secs] 29663K->27684K(32576K), 0.0017458 secs]
43.423: [GC 43.423: [DefNew: 2303K->191K(2304K), 0.0017947 secs] 29796K->27843K(32576K), 0.0018465 secs]
"Elapsed time: 36843.823826 msecs"
(used:28M/2M [31M,31M ])
Done
Performing simple garbage collection cooldown
(used:28M/2M [31M,31M ])
(used:28M/2M [31M,31M ])
