"c:\projects\tools\home\projects\aaageneralprojects\jvmnotebook\clojure\perf_memory\src\build\classes;c:\projects\tools\home\projects\aaageneralprojects\jvmnotebook\clojure\perf_memory\src\clj;c:\projects\tools\home\projects\aaageneralprojects\jvmnotebook\clojure\perf_memory\lib\clojure-1.0.0.jar"
0.094: [GC 0.094: [DefNew: 512K->64K(576K), 0.0028452 secs] 512K->139K(1984K), 0.0029504 secs]
0.124: [GC 0.124: [DefNew: 576K->28K(576K), 0.0016270 secs] 651K->163K(1984K), 0.0017284 secs]
0.150: [GC 0.150: [DefNew: 540K->22K(576K), 0.0014314 secs] 675K->157K(1984K), 0.0016074 secs]
0.184: [GC 0.184: [DefNew: 344K->64K(576K), 0.0014716 secs] 479K->216K(1984K), 0.0015946 secs]
0.251: [GC 0.251: [DefNew: 576K->64K(576K), 0.0093056 secs] 728K->346K(1984K), 0.0093556 secs]
0.294: [GC 0.294: [DefNew: 576K->64K(576K), 0.0094351 secs] 858K->419K(1984K), 0.0094854 secs]
0.325: [GC 0.325: [DefNew: 576K->15K(576K), 0.0140137 secs] 931K->432K(1984K), 0.0140649 secs]
0.360: [GC 0.361: [DefNew: 527K->29K(576K), 0.0060427 secs] 944K->445K(1984K), 0.0060923 secs]
0.388: [GC 0.388: [DefNew: 540K->31K(576K), 0.0060997 secs] 957K->448K(1984K), 0.0061519 secs]
0.416: [GC 0.416: [DefNew: 543K->36K(576K), 0.0059056 secs] 960K->452K(1984K), 0.0059529 secs]
0.442: [GC 0.442: [DefNew: 548K->25K(576K), 0.0059172 secs] 964K->456K(1984K), 0.0059644 secs]
0.471: [GC 0.471: [DefNew: 537K->32K(576K), 0.0059730 secs] 968K->462K(1984K), 0.0060208 secs]
0.498: [GC 0.498: [DefNew: 544K->24K(576K), 0.0059057 secs] 974K->467K(1984K), 0.0059539 secs]
0.526: [GC 0.526: [DefNew: 536K->27K(576K), 0.0059188 secs] 979K->470K(1984K), 0.0059672 secs]
0.564: [GC 0.564: [DefNew: 539K->30K(576K), 0.0060003 secs] 982K->473K(1984K), 0.0060486 secs]
0.591: [GC 0.591: [DefNew: 542K->37K(576K), 0.0062714 secs] 985K->479K(1984K), 0.0063211 secs]
0.617: [GC 0.617: [DefNew: 549K->31K(576K), 0.0059998 secs] 991K->481K(1984K), 0.0060473 secs]
0.645: [GC 0.645: [DefNew: 543K->38K(576K), 0.0059366 secs] 993K->487K(1984K), 0.0059836 secs]
0.677: [GC 0.677: [DefNew: 550K->37K(576K), 0.0062751 secs] 999K->494K(1984K), 0.0063298 secs]
0.706: [GC 0.706: [DefNew: 549K->37K(576K), 0.0061084 secs] 1006K->501K(1984K), 0.0061564 secs]
0.733: [GC 0.733: [DefNew: 549K->32K(576K), 0.0060859 secs] 1013K->503K(1984K), 0.0061360 secs]
0.763: [GC 0.763: [DefNew: 544K->32K(576K), 0.0060539 secs] 1015K->508K(1984K), 0.0061046 secs]
0.795: [GC 0.795: [DefNew: 544K->42K(576K), 0.0069888 secs] 1020K->521K(1984K), 0.0070437 secs]
0.824: [GC 0.824: [DefNew: 554K->36K(576K), 0.0068561 secs] 1033K->532K(1984K), 0.0069073 secs]
0.856: [GC 0.856: [DefNew: 548K->31K(576K), 0.0011395 secs] 1044K->535K(1984K), 0.0011866 secs]
0.882: [GC 0.882: [DefNew: 543K->44K(576K), 0.0061678 secs] 1047K->548K(1984K), 0.0062152 secs]
0.905: [GC 0.905: [DefNew: 556K->64K(576K), 0.0019396 secs] 1060K->600K(1984K), 0.0019891 secs]
0.935: [GC 0.935: [DefNew: 576K->13K(576K), 0.0011254 secs] 1112K->584K(1984K), 0.0011856 secs]
0.956: [GC 0.956: [DefNew: 525K->39K(576K), 0.0008601 secs] 1096K->610K(1984K), 0.0009067 secs]
0.974: [GC 0.974: [DefNew: 551K->58K(576K), 0.0013025 secs] 1122K->638K(1984K), 0.0013496 secs]
0.989: [GC 0.989: [DefNew: 570K->43K(576K), 0.0007253 secs] 1150K->649K(1984K), 0.0007767 secs]
1.003: [GC 1.003: [DefNew: 555K->27K(576K), 0.0018004 secs] 1161K->663K(1984K), 0.0018488 secs]
1.019: [GC 1.019: [DefNew: 539K->60K(576K), 0.0012554 secs] 1175K->696K(1984K), 0.0013074 secs]
1.041: [GC 1.041: [DefNew: 565K->39K(576K), 0.0008280 secs] 1201K->727K(1984K), 0.0008767 secs]
1.083: [GC 1.083: [DefNew: 551K->47K(576K), 0.0021392 secs] 1239K->739K(1984K), 0.0021882 secs]
1.110: [GC 1.110: [DefNew: 559K->22K(576K), 0.0012665 secs] 1251K->756K(1984K), 0.0013173 secs]
1.137: [GC 1.137: [DefNew: 534K->64K(576K), 0.0013309 secs] 1268K->803K(1984K), 0.0013866 secs]
1.157: [GC 1.157: [DefNew: 576K->32K(576K), 0.0005770 secs] 1315K->836K(1984K), 0.0006250 secs]
1.172: [GC 1.172: [DefNew: 544K->38K(576K), 0.0008342 secs] 1348K->847K(1984K), 0.0008819 secs]
1.197: [GC 1.197: [DefNew: 550K->63K(576K), 0.0014940 secs] 1359K->906K(1984K), 0.0016074 secs]
1.222: [GC 1.222: [DefNew: 575K->64K(576K), 0.0011213 secs] 1418K->967K(1984K), 0.0011692 secs]
1.243: [GC 1.243: [DefNew: 576K->37K(576K), 0.0011141 secs] 1479K->997K(1984K), 0.0011626 secs]
1.276: [GC 1.276: [DefNew: 549K->64K(576K), 0.0015117 secs] 1509K->1079K(1984K), 0.0015613 secs]
1.304: [GC 1.304: [DefNew: 576K->60K(576K), 0.0011138 secs] 1591K->1129K(1984K), 0.0011621 secs]
1.328: [GC 1.328: [DefNew: 572K->34K(576K), 0.0012950 secs] 1641K->1126K(1984K), 0.0013434 secs]
1.346: [GC 1.346: [DefNew: 546K->35K(576K), 0.0009204 secs] 1638K->1141K(1984K), 0.0009679 secs]
1.373: [GC 1.373: [DefNew: 547K->48K(576K), 0.0008075 secs] 1653K->1170K(1984K), 0.0008549 secs]
1.404: [GC 1.404: [DefNew: 560K->26K(576K), 0.0006916 secs] 1682K->1164K(1984K), 0.0007407 secs]
1.423: [GC 1.424: [DefNew: 538K->49K(576K), 0.0006686 secs] 1676K->1187K(1984K), 0.0007172 secs]
1.440: [GC 1.440: [DefNew: 561K->33K(576K), 0.0006567 secs] 1699K->1187K(1984K), 0.0007057 secs]
1.451: [GC 1.451: [DefNew: 545K->49K(576K), 0.0005287 secs] 1699K->1217K(1984K), 0.0005765 secs]
1.467: [GC 1.467: [DefNew: 561K->41K(576K), 0.0007366 secs] 1729K->1235K(1984K), 0.0007864 secs]
1.481: [GC 1.481: [DefNew: 553K->28K(576K), 0.0006514 secs] 1747K->1259K(1984K), 0.0006981 secs]
1.500: [GC 1.500: [DefNew: 540K->64K(576K), 0.0005383 secs] 1771K->1301K(1984K), 0.0005855 secs]
1.508: [GC 1.508: [DefNew: 576K->29K(576K), 0.0005143 secs] 1813K->1301K(1984K), 0.0005609 secs]
Running Test []  07/29/2009
(used:1M/0M [1M,31M ])
1.531: [GC 1.531: [DefNew: 523K->63K(576K), 0.0008744 secs] 1794K->1375K(1984K), 0.0009238 secs]
1.548: [GC 1.548: [DefNew: 575K->46K(576K), 0.0007981 secs]1.549: [Tenured[Unloading class org.perf.test12_vars$eval__4]
[Unloading class user$eval__1]
: 1479K->1358K(1536K), 0.0297418 secs] 1887K->1358K(2112K), 0.0306450 secs]
1.590: [GC 1.590: [DefNew: 512K->64K(576K), 0.0005625 secs] 1870K->1484K(2840K), 0.0006099 secs]
1.597: [GC 1.597: [DefNew: 576K->63K(576K), 0.0006192 secs] 1996K->1596K(2840K), 0.0006654 secs]
1.602: [GC 1.602: [DefNew: 557K->64K(576K), 0.0005748 secs] 2090K->1703K(2840K), 0.0006172 secs]
1.617: [GC 1.618: [DefNew: 576K->57K(576K), 0.0004589 secs] 2215K->1889K(2840K), 0.0005042 secs]
1.624: [GC 1.624: [DefNew: 565K->63K(576K), 0.0005161 secs] 2397K->2018K(2840K), 0.0005602 secs]
1.628: [GC 1.628: [DefNew: 575K->63K(576K), 0.0005196 secs] 2530K->2125K(2840K), 0.0005594 secs]
1.631: [GC 1.631: [DefNew: 575K->64K(576K), 0.0005475 secs] 2637K->2221K(2840K), 0.0005887 secs]
1.648: [GC 1.648: [DefNew: 570K->50K(576K), 0.0005942 secs]1.649: [Tenured: 2373K->2242K(2392K), 0.0300372 secs] 2727K->2242K(2968K), 0.0307637 secs]
1.682: [GC 1.683: [DefNew: 512K->64K(576K), 0.0005582 secs] 2754K->2372K(4316K), 0.0006015 secs]
1.689: [GC 1.689: [DefNew: 576K->63K(576K), 0.0005648 secs] 2884K->2499K(4316K), 0.0006113 secs]
1.692: [GC 1.692: [DefNew: 575K->64K(576K), 0.0005284 secs] 3011K->2595K(4316K), 0.0005726 secs]
1.707: [GC 1.707: [DefNew: 558K->63K(576K), 0.0006495 secs] 3090K->2841K(4316K), 0.0006960 secs]
1.713: [GC 1.713: [DefNew: 575K->63K(576K), 0.0004600 secs] 3353K->2957K(4316K), 0.0005022 secs]
1.719: [GC 1.719: [DefNew: 575K->64K(576K), 0.0005487 secs] 3469K->3084K(4316K), 0.0005916 secs]
1.722: [GC 1.722: [DefNew: 576K->63K(576K), 0.0005131 secs] 3596K->3180K(4316K), 0.0005542 secs]
1.738: [GC 1.738: [DefNew: 549K->63K(576K), 0.0006171 secs] 3666K->3385K(4316K), 0.0006606 secs]
1.743: [GC 1.743: [DefNew: 575K->63K(576K), 0.0004370 secs] 3897K->3486K(4316K), 0.0004807 secs]
1.747: [GC 1.748: [DefNew: 565K->63K(576K), 0.0004837 secs] 3987K->3593K(4316K), 0.0005253 secs]
1.752: [GC 1.752: [DefNew: 575K->63K(576K), 0.0005824 secs] 4105K->3705K(4316K), 0.0006247 secs]
1.763: [GC 1.763: [DefNew: 566K->64K(576K), 0.0006230 secs]1.764: [Tenured: 3809K->3847K(3868K), 0.0301203 secs] 4207K->3873K(4444K), 0.0308521 secs]
1.802: [GC 1.802: [DefNew: 512K->64K(576K), 0.0108171 secs] 4359K->4022K(6992K), 0.0108709 secs]
1.818: [GC 1.818: [DefNew: 576K->63K(576K), 0.0005354 secs] 4534K->4148K(6992K), 0.0005773 secs]
1.823: [GC 1.823: [DefNew: 575K->63K(576K), 0.0005002 secs] 4660K->4259K(6992K), 0.0005441 secs]
1.831: [GC 1.831: [DefNew: 567K->63K(576K), 0.0006484 secs] 4763K->4397K(6992K), 0.0006952 secs]
1.843: [GC 1.843: [DefNew: 575K->51K(576K), 0.0004086 secs] 4909K->4553K(6992K), 0.0004508 secs]
1.849: [GC 1.849: [DefNew: 563K->64K(576K), 0.0005240 secs] 5065K->4679K(6992K), 0.0005675 secs]
1.853: [GC 1.853: [DefNew: 576K->63K(576K), 0.0004972 secs] 5191K->4790K(6992K), 0.0005381 secs]
1.859: [GC 1.859: [DefNew: 564K->63K(576K), 0.0006085 secs] 5291K->4917K(6992K), 0.0006512 secs]
1.873: [GC 1.873: [DefNew: 575K->61K(576K), 0.0004934 secs] 5429K->5083K(6992K), 0.0005411 secs]
1.879: [GC 1.879: [DefNew: 573K->64K(576K), 0.0005104 secs] 5595K->5209K(6992K), 0.0005545 secs]
1.883: [GC 1.883: [DefNew: 576K->63K(576K), 0.0005541 secs] 5721K->5320K(6992K), 0.0005979 secs]
1.886: [GC 1.886: [DefNew: 559K->63K(576K), 0.0005918 secs] 5816K->5413K(6992K), 0.0006336 secs]
1.903: [GC 1.903: [DefNew: 561K->48K(576K), 0.0005294 secs] 5910K->5613K(6992K), 0.0005769 secs]
1.907: [GC 1.907: [DefNew: 560K->63K(576K), 0.0004977 secs] 6125K->5720K(6992K), 0.0005433 secs]
1.913: [GC 1.913: [DefNew: 575K->64K(576K), 0.0005553 secs] 6232K->5846K(6992K), 0.0005968 secs]
1.916: [GC 1.916: [DefNew: 576K->63K(576K), 0.0004892 secs] 6358K->5942K(6992K), 0.0005293 secs]
1.931: [GC 1.931: [DefNew: 558K->63K(576K), 0.0006090 secs] 6437K->6189K(6992K), 0.0006538 secs]
1.938: [GC 1.938: [DefNew: 575K->63K(576K), 0.0005209 secs] 6701K->6304K(6992K), 0.0005674 secs]
1.944: [GC 1.944: [DefNew: 575K->63K(576K), 0.0005602 secs] 6816K->6431K(6992K), 0.0006017 secs]
1.947: [GC 1.947: [DefNew: 575K->63K(576K), 0.0005017 secs]1.947: [Tenured: 6463K->6264K(6544K), 0.0442973 secs] 6943K->6264K(7120K), 0.0449408 secs]
2.084: [GC 2.084: [DefNew: 768K->64K(832K), 0.0016964 secs] 7032K->6470K(11276K), 0.0017471 secs]
2.112: [GC 2.112: [DefNew: 832K->64K(832K), 0.0009885 secs] 7238K->6800K(11276K), 0.0010421 secs]
2.118: [GC 2.118: [DefNew: 832K->64K(832K), 0.0009850 secs] 7568K->7363K(11276K), 0.0010351 secs]
2.128: [GC 2.128: [DefNew: 617K->60K(832K), 0.0005920 secs] 7917K->7528K(11276K), 0.0006413 secs]
2.139: [GC 2.139: [DefNew: 787K->63K(832K), 0.0009062 secs] 8254K->7892K(11276K), 0.0009614 secs]
2.146: [GC 2.146: [DefNew: 828K->51K(832K), 0.0008661 secs] 8656K->8429K(11276K), 0.0009180 secs]
2.155: [GC 2.155: [DefNew: 819K->63K(832K), 0.0006919 secs] 9197K->8720K(11276K), 0.0007411 secs]
2.163: [GC 2.163: [DefNew: 398K->64K(832K), 0.0004702 secs] 9055K->8802K(11276K), 0.0005166 secs]
2.170: [GC 2.170: [DefNew: 831K->51K(832K), 0.0008172 secs] 9569K->9339K(11276K), 0.0008683 secs]
2.179: [GC 2.179: [DefNew: 819K->63K(832K), 0.0006893 secs] 10107K->9630K(11276K), 0.0007396 secs]
2.187: [GC 2.187: [DefNew: 403K->64K(832K), 0.0004766 secs] 9969K->9712K(11276K), 0.0005236 secs]
2.194: [GC 2.194: [DefNew: 829K->51K(832K), 0.0008498 secs] 10477K->10249K(11276K), 0.0009027 secs]
2.203: [GC 2.203: [DefNew: 819K->63K(832K), 0.0007601 secs]2.204: [Tenured[Unloading class sun.reflect.GeneratedSerializationConstructorAccessor7]
: 10476K->7082K(10692K), 0.0373240 secs] 11017K->7082K(11524K), 0.0381983 secs]
2.251: [GC 2.252: [DefNew: 896K->59K(960K), 0.0008386 secs] 7978K->7723K(12764K), 0.0008929 secs]
2.264: [GC 2.264: [DefNew: 955K->63K(960K), 0.0007312 secs] 8619K->8026K(12764K), 0.0007808 secs]
2.274: [GC 2.274: [DefNew: 501K->63K(960K), 0.0005497 secs] 8464K->8138K(12764K), 0.0006005 secs]
2.282: [GC 2.282: [DefNew: 903K->63K(960K), 0.0006600 secs] 8977K->8688K(12764K), 0.0007133 secs]
2.295: [GC 2.295: [DefNew: 959K->64K(960K), 0.0006432 secs] 9584K->8997K(12764K), 0.0006931 secs]
2.303: [GC 2.303: [DefNew: 929K->63K(960K), 0.0006581 secs] 9863K->9560K(12764K), 0.0007083 secs]
2.315: [GC 2.315: [DefNew: 959K->64K(960K), 0.0005942 secs] 10456K->9891K(12764K), 0.0006423 secs]
2.324: [GC 2.324: [DefNew: 959K->53K(960K), 0.0006176 secs] 10787K->10430K(12764K), 0.0006721 secs]
2.335: [GC 2.335: [DefNew: 949K->63K(960K), 0.0006671 secs] 11326K->10764K(12764K), 0.0007168 secs]
2.345: [GC 2.345: [DefNew: 959K->64K(960K), 0.0009736 secs] 11660K->11349K(12764K), 0.0010279 secs]
2.357: [GC 2.357: [DefNew: 954K->63K(960K), 0.0007453 secs] 12240K->11665K(12764K), 0.0007993 secs]
2.366: [GC 2.366: [DefNew: 482K->63K(960K), 0.0005336 secs] 12083K->11766K(12764K), 0.0005791 secs]
2.383: [GC 2.384: [DefNew: 958K->52K(960K), 0.0009224 secs]2.384: [Tenured: 12347K->1123K(12428K), 0.0302809 secs] 12660K->1123K(13388K), 0.0313380 secs]
2.425: [GC 2.425: [DefNew: 896K->63K(960K), 0.0005690 secs] 2019K->1384K(12764K), 0.0006162 secs]
2.431: [GC 2.431: [DefNew: 959K->64K(960K), 0.0007311 secs] 2280K->1568K(12764K), 0.0007762 secs]
2.452: [GC 2.452: [DefNew: 960K->63K(960K), 0.0006460 secs] 2464K->1855K(12764K), 0.0006964 secs]
2.460: [GC 2.460: [DefNew: 959K->63K(960K), 0.0007352 secs] 2751K->2054K(12764K), 0.0007797 secs]
2.479: [GC 2.479: [DefNew: 959K->63K(960K), 0.0006916 secs] 2950K->2326K(12764K), 0.0007405 secs]
2.489: [GC 2.489: [DefNew: 959K->64K(960K), 0.0007454 secs] 3222K->2539K(12764K), 0.0007925 secs]
2.502: [GC 2.502: [DefNew: 938K->63K(960K), 0.0007745 secs] 3414K->2783K(12764K), 0.0008245 secs]
2.515: [GC 2.515: [DefNew: 959K->63K(960K), 0.0007372 secs] 3679K->3007K(12764K), 0.0007854 secs]
2.521: [GC 2.521: [DefNew: 959K->64K(960K), 0.0006904 secs] 3903K->3190K(12764K), 0.0007371 secs]
2.542: [GC 2.542: [DefNew: 937K->63K(960K), 0.0005939 secs] 4063K->3476K(12764K), 0.0006420 secs]
2.549: [GC 2.549: [DefNew: 959K->63K(960K), 0.0007143 secs] 4372K->3671K(12764K), 0.0007615 secs]
2.566: [GC 2.566: [DefNew: 906K->63K(960K), 0.0006862 secs] 4513K->3983K(12764K), 0.0007358 secs]
2.575: [GC 2.575: [DefNew: 959K->64K(960K), 0.0007527 secs] 4879K->4186K(12764K), 0.0008065 secs]
2.585: [GC 2.585: [DefNew: 937K->64K(960K), 0.0008029 secs] 5060K->4399K(12764K), 0.0008553 secs]
2.602: [GC 2.602: [DefNew: 960K->63K(960K), 0.0006057 secs] 5295K->4652K(12764K), 0.0006526 secs]
2.610: [GC 2.610: [DefNew: 959K->64K(960K), 0.0007397 secs] 5548K->4851K(12764K), 0.0007877 secs]
2.628: [GC 2.629: [DefNew: 960K->64K(960K), 0.0006169 secs] 5747K->5123K(12764K), 0.0006636 secs]
2.638: [GC 2.638: [DefNew: 960K->63K(960K), 0.0007733 secs] 6019K->5336K(12764K), 0.0008249 secs]
2.655: [GC 2.655: [DefNew: 938K->63K(960K), 0.0007442 secs] 6210K->5615K(12764K), 0.0007945 secs]
2.665: [GC 2.665: [DefNew: 959K->63K(960K), 0.0005940 secs] 6511K->5802K(12764K), 0.0006382 secs]
2.671: [GC 2.671: [DefNew: 945K->63K(960K), 0.0009539 secs] 6684K->5982K(12764K), 0.0010118 secs]
2.691: [GC 2.691: [DefNew: 959K->64K(960K), 0.0006761 secs] 6878K->6270K(12764K), 0.0007272 secs]
2.699: [GC 2.699: [DefNew: 960K->64K(960K), 0.0008150 secs] 7166K->6469K(12764K), 0.0008660 secs]
2.709: [GC 2.709: [DefNew: 902K->64K(960K), 0.0007174 secs] 7307K->6710K(12764K), 0.0007677 secs]
2.720: [GC 2.720: [DefNew: 792K->63K(960K), 0.0006752 secs] 7439K->7075K(12764K), 0.0007256 secs]
2.728: [GC 2.728: [DefNew: 905K->63K(960K), 0.0006547 secs] 7916K->7624K(12764K), 0.0007061 secs]
2.742: [GC 2.742: [DefNew: 959K->63K(960K), 0.0006120 secs] 8520K->7934K(12764K), 0.0006609 secs]
2.749: [GC 2.750: [DefNew: 931K->63K(960K), 0.0006360 secs] 8801K->8496K(12764K), 0.0006861 secs]
2.762: [GC 2.762: [DefNew: 959K->63K(960K), 0.0006833 secs] 9392K->8828K(12764K), 0.0007302 secs]
2.771: [GC 2.771: [DefNew: 954K->54K(960K), 0.0006577 secs] 9718K->9367K(12764K), 0.0007141 secs]
2.782: [GC 2.782: [DefNew: 950K->64K(960K), 0.0005672 secs] 10263K->9701K(12764K), 0.0006169 secs]
2.792: [GC 2.792: [DefNew: 960K->63K(960K), 0.0007798 secs] 10597K->10286K(12764K), 0.0008335 secs]
2.803: [GC 2.803: [DefNew: 954K->64K(960K), 0.0006018 secs] 11177K->10601K(12764K), 0.0006526 secs]
2.813: [GC 2.813: [DefNew: 478K->64K(960K), 0.0004971 secs] 11016K->10702K(12764K), 0.0005432 secs]
2.821: [GC 2.821: [DefNew: 899K->63K(960K), 0.0006607 secs] 11538K->11252K(12764K), 0.0007118 secs]
2.834: [GC 2.835: [DefNew: 959K->64K(960K), 0.0006296 secs] 12148K->11561K(12764K), 0.0006797 secs]
2.842: [GC 2.842: [DefNew: 931K->63K(960K), 0.0008007 secs]2.843: [Tenured: 12060K->6959K(12300K), 0.0366677 secs] 12429K->6959K(13260K), 0.0376751 secs]
2.892: [GC 2.892: [DefNew: 896K->64K(960K), 0.0005618 secs] 7855K->7308K(12764K), 0.0006123 secs]
2.901: [GC 2.901: [DefNew: 959K->53K(960K), 0.0005989 secs] 8203K->7847K(12764K), 0.0006490 secs]
2.912: [GC 2.912: [DefNew: 949K->63K(960K), 0.0005784 secs] 8743K->8181K(12764K), 0.0006288 secs]
2.922: [GC 2.922: [DefNew: 959K->63K(960K), 0.0009348 secs] 9077K->8766K(12764K), 0.0009875 secs]
2.933: [GC 2.933: [DefNew: 954K->64K(960K), 0.0005404 secs] 9657K->9081K(12764K), 0.0005881 secs]
2.943: [GC 2.943: [DefNew: 483K->63K(960K), 0.0005065 secs] 9501K->9182K(12764K), 0.0005547 secs]
2.951: [GC 2.951: [DefNew: 959K->63K(960K), 0.0008614 secs] 10078K->9763K(12764K), 0.0009206 secs]
2.967: [GC 2.967: [DefNew: 918K->63K(960K), 0.0006496 secs] 10617K->10058K(12764K), 0.0007064 secs]
2.978: [GC 2.978: [DefNew: 946K->44K(960K), 0.0006157 secs] 10941K->10660K(12764K), 0.0006695 secs]
2.993: [GC 2.993: [DefNew: 940K->64K(960K), 0.0005974 secs] 11556K->10902K(12764K), 0.0006455 secs]
3.001: [GC 3.001: [DefNew: 960K->64K(960K), 0.0007426 secs] 11798K->11101K(12764K), 0.0007870 secs]
3.020: [GC 3.020: [DefNew: 960K->64K(960K), 0.0006961 secs] 11997K->11373K(12764K), 0.0007458 secs]
3.030: [GC 3.031: [DefNew: 960K->63K(960K), 0.0009190 secs] 12269K->11587K(12764K), 0.0009761 secs]
3.048: [GC 3.048: [DefNew: 951K->63K(960K), 0.0008497 secs]3.049: [Tenured: 11844K->2223K(11932K), 0.0357983 secs] 12475K->2223K(12892K), 0.0367595 secs]
3.094: [GC 3.094: [DefNew: 896K->63K(960K), 0.0007356 secs] 3119K->2482K(12764K), 0.0007882 secs]
3.105: [GC 3.105: [DefNew: 942K->64K(960K), 0.0008434 secs] 3361K->2695K(12764K), 0.0008977 secs]
3.123: [GC 3.123: [DefNew: 960K->64K(960K), 0.0010261 secs] 3591K->2948K(12764K), 0.0010827 secs]
3.132: [GC 3.132: [DefNew: 960K->63K(960K), 0.0008624 secs] 3844K->3147K(12764K), 0.0009155 secs]
3.152: [GC 3.152: [DefNew: 959K->63K(960K), 0.0006474 secs] 4043K->3419K(12764K), 0.0006987 secs]
3.161: [GC 3.161: [DefNew: 959K->63K(960K), 0.0007946 secs] 4315K->3632K(12764K), 0.0008437 secs]
3.178: [GC 3.178: [DefNew: 934K->63K(960K), 0.0007859 secs] 4503K->3911K(12764K), 0.0008414 secs]
3.188: [GC 3.188: [DefNew: 959K->63K(960K), 0.0006996 secs] 4807K->4098K(12764K), 0.0007533 secs]
3.194: [GC 3.194: [DefNew: 954K->63K(960K), 0.0007961 secs] 4989K->4278K(12764K), 0.0008467 secs]
3.215: [GC 3.215: [DefNew: 959K->64K(960K), 0.0005968 secs] 5174K->4566K(12764K), 0.0006440 secs]
3.223: [GC 3.223: [DefNew: 960K->63K(960K), 0.0007797 secs] 5462K->4765K(12764K), 0.0008276 secs]
3.242: [GC 3.242: [DefNew: 959K->63K(960K), 0.0007530 secs] 5661K->5037K(12764K), 0.0008130 secs]
3.252: [GC 3.252: [DefNew: 959K->64K(960K), 0.0008944 secs] 5933K->5251K(12764K), 0.0012833 secs]
3.267: [GC 3.267: [DefNew: 958K->63K(960K), 0.0008314 secs] 6145K->5514K(12764K), 0.0008852 secs]
3.279: [GC 3.279: [DefNew: 959K->63K(960K), 0.0007026 secs] 6410K->5719K(12764K), 0.0007522 secs]
3.285: [GC 3.285: [DefNew: 959K->63K(960K), 0.0007953 secs] 6615K->5903K(12764K), 0.0008443 secs]
3.305: [GC 3.306: [DefNew: 959K->64K(960K), 0.0007174 secs] 6799K->6191K(12764K), 0.0007707 secs]
3.314: [GC 3.314: [DefNew: 960K->63K(960K), 0.0008545 secs] 7087K->6390K(12764K), 0.0009095 secs]
3.325: [GC 3.325: [DefNew: 941K->63K(960K), 0.0007654 secs] 7267K->6638K(12764K), 0.0008190 secs]
3.336: [GC 3.336: [DefNew: 795K->63K(960K), 0.0006736 secs] 7370K->7002K(12764K), 0.0007246 secs]
3.344: [GC 3.344: [DefNew: 906K->63K(960K), 0.0006571 secs] 7844K->7552K(12764K), 0.0007127 secs]
3.358: [GC 3.358: [DefNew: 959K->64K(960K), 0.0006353 secs] 8448K->7861K(12764K), 0.0006869 secs]
3.365: [GC 3.365: [DefNew: 931K->63K(960K), 0.0006271 secs] 8729K->8424K(12764K), 0.0006770 secs]
3.377: [GC 3.377: [DefNew: 951K->64K(960K), 0.0005939 secs] 9312K->8749K(12764K), 0.0006451 secs]
3.387: [GC 3.387: [DefNew: 960K->63K(960K), 0.0005523 secs] 9645K->9287K(12764K), 0.0006028 secs]
3.398: [GC 3.398: [DefNew: 959K->64K(960K), 0.0005686 secs] 10183K->9622K(12764K), 0.0006179 secs]
3.408: [GC 3.408: [DefNew: 960K->63K(960K), 0.0007216 secs] 10518K->10207K(12764K), 0.0007845 secs]
3.419: [GC 3.419: [DefNew: 939K->63K(960K), 0.0005864 secs] 11082K->10511K(12764K), 0.0006364 secs]
3.428: [GC 3.428: [DefNew: 503K->63K(960K), 0.0005360 secs] 10951K->10623K(12764K), 0.0005852 secs]
3.436: [GC 3.437: [DefNew: 899K->64K(960K), 0.0006517 secs] 11458K->11172K(12764K), 0.0007037 secs]
3.450: [GC 3.450: [DefNew: 960K->63K(960K), 0.0006474 secs] 12068K->11482K(12764K), 0.0006967 secs]
3.458: [GC 3.458: [DefNew: 931K->63K(960K), 0.0007520 secs]3.459: [Tenured: 11980K->6931K(12300K), 0.0364878 secs] 12350K->6931K(13260K), 0.0373624 secs]
3.507: [GC 3.507: [DefNew: 896K->63K(960K), 0.0005767 secs] 7827K->7279K(12764K), 0.0006340 secs]
3.517: [GC 3.517: [DefNew: 954K->53K(960K), 0.0005594 secs] 8170K->7819K(12764K), 0.0006103 secs]
3.528: [GC 3.528: [DefNew: 949K->63K(960K), 0.0005676 secs] 8715K->8153K(12764K), 0.0006166 secs]
3.538: [GC 3.538: [DefNew: 959K->63K(960K), 0.0007463 secs] 9049K->8738K(12764K), 0.0007987 secs]
3.549: [GC 3.550: [DefNew: 949K->63K(960K), 0.0005535 secs] 9624K->9053K(12764K), 0.0006031 secs]
3.559: [GC 3.559: [DefNew: 483K->63K(960K), 0.0004851 secs] 9473K->9154K(12764K), 0.0005294 secs]
3.567: [GC 3.567: [DefNew: 902K->63K(960K), 0.0006967 secs] 9993K->9703K(12764K), 0.0007515 secs]
3.580: [GC 3.580: [DefNew: 959K->63K(960K), 0.0006844 secs] 10599K->10013K(12764K), 0.0007413 secs]
3.592: [GC 3.592: [DefNew: 941K->48K(960K), 0.0006415 secs] 10891K->10614K(12764K), 0.0006977 secs]
3.607: [GC 3.607: [DefNew: 944K->64K(960K), 0.0005862 secs] 11510K->10852K(12764K), 0.0006338 secs]
3.615: [GC 3.615: [DefNew: 960K->63K(960K), 0.0007651 secs] 11748K->11050K(12764K), 0.0008129 secs]
3.634: [GC 3.634: [DefNew: 959K->63K(960K), 0.0006845 secs] 11946K->11323K(12764K), 0.0007325 secs]
3.643: [GC 3.643: [DefNew: 959K->64K(960K), 0.0008842 secs] 12219K->11537K(12764K), 0.0009341 secs]
3.660: [GC 3.660: [DefNew: 918K->63K(960K), 0.0007620 secs] 12391K->11806K(12764K), 0.0008128 secs]
3.670: [GC 3.670: [DefNew: 959K->64K(960K), 0.0007061 secs]3.670: [Tenured: 11935K->2360K(12060K), 0.0328869 secs] 12702K->2360K(13020K), 0.0337017 secs]
3.711: [GC 3.711: [DefNew: 886K->64K(960K), 0.0006530 secs] 3246K->2559K(12764K), 0.0007006 secs]
3.729: [GC 3.729: [DefNew: 960K->63K(960K), 0.0005823 secs] 3455K->2827K(12764K), 0.0006303 secs]
3.737: [GC 3.737: [DefNew: 959K->63K(960K), 0.0007392 secs] 3723K->3025K(12764K), 0.0007861 secs]
3.756: [GC 3.756: [DefNew: 959K->63K(960K), 0.0006318 secs] 3921K->3297K(12764K), 0.0006807 secs]
3.765: [GC 3.765: [DefNew: 959K->63K(960K), 0.0007939 secs] 4193K->3512K(12764K), 0.0008417 secs]
3.780: [GC 3.780: [DefNew: 958K->64K(960K), 0.0007439 secs] 4406K->3770K(12764K), 0.0007946 secs]
3.792: [GC 3.792: [DefNew: 960K->64K(960K), 0.0006942 secs] 4666K->3981K(12764K), 0.0007434 secs]
3.798: [GC 3.798: [DefNew: 960K->63K(960K), 0.0007405 secs] 4877K->4164K(12764K), 0.0007869 secs]
3.818: [GC 3.818: [DefNew: 959K->63K(960K), 0.0005920 secs] 5060K->4452K(12764K), 0.0006379 secs]
3.826: [GC 3.826: [DefNew: 959K->63K(960K), 0.0008943 secs] 5348K->4651K(12764K), 0.0009578 secs]
3.845: [GC 3.845: [DefNew: 959K->63K(960K), 0.0006334 secs] 5547K->4923K(12764K), 0.0006859 secs]
3.854: [GC 3.854: [DefNew: 959K->64K(960K), 0.0007457 secs] 5819K->5136K(12764K), 0.0007953 secs]
3.868: [GC 3.868: [DefNew: 932K->64K(960K), 0.0007069 secs] 6005K->5374K(12764K), 0.0007547 secs]
3.881: [GC 3.881: [DefNew: 960K->64K(960K), 0.0006728 secs] 6270K->5602K(12764K), 0.0007190 secs]
3.887: [GC 3.887: [DefNew: 960K->63K(960K), 0.0007814 secs] 6498K->5786K(12764K), 0.0008307 secs]
3.908: [GC 3.908: [DefNew: 959K->63K(960K), 0.0006776 secs] 6682K->6073K(12764K), 0.0007264 secs]
3.915: [GC 3.915: [DefNew: 959K->63K(960K), 0.0006925 secs] 6969K->6272K(12764K), 0.0007390 secs]
3.925: [GC 3.925: [DefNew: 845K->64K(960K), 0.0007746 secs] 7053K->6464K(12764K), 0.0008251 secs]
3.936: [GC 3.936: [DefNew: 913K->64K(960K), 0.0009639 secs] 7313K->6828K(12764K), 0.0010206 secs]
3.945: [GC 3.945: [DefNew: 904K->63K(960K), 0.0006570 secs] 7669K->7378K(12764K), 0.0007082 secs]
3.960: [GC 3.960: [DefNew: 959K->63K(960K), 0.0006624 secs] 8274K->7687K(12764K), 0.0007188 secs]
3.969: [GC 3.969: [DefNew: 933K->63K(960K), 0.0006544 secs] 8557K->8250K(12764K), 0.0007115 secs]
3.981: [GC 3.981: [DefNew: 951K->63K(960K), 0.0005618 secs] 9138K->8575K(12764K), 0.0006116 secs]
3.990: [GC 3.990: [DefNew: 959K->63K(960K), 0.0005387 secs] 9471K->9113K(12764K), 0.0005903 secs]
4.001: [GC 4.001: [DefNew: 959K->63K(960K), 0.0005789 secs] 10009K->9448K(12764K), 0.0006277 secs]
4.011: [GC 4.011: [DefNew: 959K->64K(960K), 0.0008088 secs] 10344K->10033K(12764K), 0.0008644 secs]
4.023: [GC 4.023: [DefNew: 939K->63K(960K), 0.0005272 secs] 10909K->10337K(12764K), 0.0005781 secs]
4.032: [GC 4.032: [DefNew: 503K->64K(960K), 0.0005348 secs] 10777K->10449K(12764K), 0.0005840 secs]
4.040: [GC 4.040: [DefNew: 903K->63K(960K), 0.0006389 secs] 11289K->10998K(12764K), 0.0006899 secs]
4.054: [GC 4.054: [DefNew: 959K->64K(960K), 0.0006175 secs] 11894K->11308K(12764K), 0.0006676 secs]
4.062: [GC 4.062: [DefNew: 932K->63K(960K), 0.0007239 secs]4.062: [Tenured: 11806K->6762K(11932K), 0.0370086 secs] 12176K->6762K(12892K), 0.0378360 secs]
4.111: [GC 4.111: [DefNew: 896K->63K(960K), 0.0005523 secs] 7658K->7110K(12764K), 0.0006025 secs]
4.120: [GC 4.120: [DefNew: 959K->54K(960K), 0.0005575 secs] 8006K->7650K(12764K), 0.0006061 secs]
4.131: [GC 4.131: [DefNew: 950K->63K(960K), 0.0005716 secs] 8546K->7984K(12764K), 0.0006204 secs]
4.141: [GC 4.141: [DefNew: 959K->63K(960K), 0.0007016 secs] 8880K->8569K(12764K), 0.0007536 secs]
4.153: [GC 4.153: [DefNew: 951K->64K(960K), 0.0005875 secs] 9456K->8884K(12764K), 0.0006410 secs]
4.162: [GC 4.162: [DefNew: 478K->63K(960K), 0.0004925 secs] 9299K->8985K(12764K), 0.0005395 secs]
4.170: [GC 4.170: [DefNew: 903K->63K(960K), 0.0007058 secs] 9824K->9534K(12764K), 0.0007591 secs]
4.183: [GC 4.184: [DefNew: 959K->63K(960K), 0.0008016 secs] 10430K->9844K(12764K), 0.0008543 secs]
4.196: [GC 4.196: [DefNew: 941K->48K(960K), 0.0006078 secs] 10722K->10445K(12764K), 0.0006625 secs]
4.211: [GC 4.211: [DefNew: 944K->64K(960K), 0.0005694 secs] 11341K->10683K(12764K), 0.0006172 secs]
4.218: [GC 4.218: [DefNew: 960K->63K(960K), 0.0007679 secs] 11579K->10882K(12764K), 0.0008168 secs]
4.238: [GC 4.238: [DefNew: 959K->63K(960K), 0.0007173 secs] 11778K->11154K(12764K), 0.0007681 secs]
4.247: [GC 4.247: [DefNew: 959K->64K(960K), 0.0007898 secs] 12050K->11367K(12764K), 0.0008387 secs]
4.265: [GC 4.265: [DefNew: 918K->63K(960K), 0.0007619 secs] 12221K->11637K(12764K), 0.0008135 secs]
4.274: [GC 4.274: [DefNew: 959K->64K(960K), 0.0006448 secs] 12533K->11830K(12764K), 0.0006917 secs]
4.282: [GC 4.282: [DefNew: 938K->63K(960K), 0.0008768 secs]4.283: [Tenured: 11965K->2558K(12060K), 0.0334425 secs] 12705K->2558K(13020K), 0.0344295 secs]
4.334: [GC 4.334: [DefNew: 896K->63K(960K), 0.0005116 secs] 3454K->2850K(12764K), 0.0005592 secs]
4.341: [GC 4.341: [DefNew: 959K->63K(960K), 0.0007165 secs] 3746K->3049K(12764K), 0.0007642 secs]
4.360: [GC 4.360: [DefNew: 959K->64K(960K), 0.0006136 secs] 3945K->3321K(12764K), 0.0006604 secs]
4.369: [GC 4.369: [DefNew: 960K->63K(960K), 0.0007326 secs] 4217K->3535K(12764K), 0.0007774 secs]
4.384: [GC 4.385: [DefNew: 959K->64K(960K), 0.0008095 secs] 4431K->3795K(12764K), 0.0008626 secs]
4.396: [GC 4.396: [DefNew: 960K->63K(960K), 0.0006805 secs] 4691K->4005K(12764K), 0.0007295 secs]
4.402: [GC 4.402: [DefNew: 959K->63K(960K), 0.0007327 secs] 4901K->4188K(12764K), 0.0007771 secs]
4.423: [GC 4.423: [DefNew: 959K->64K(960K), 0.0006348 secs] 5084K->4476K(12764K), 0.0006817 secs]
4.430: [GC 4.430: [DefNew: 960K->63K(960K), 0.0006979 secs] 5372K->4675K(12764K), 0.0007432 secs]
4.449: [GC 4.450: [DefNew: 959K->64K(960K), 0.0006498 secs] 5571K->4947K(12764K), 0.0006979 secs]
4.459: [GC 4.459: [DefNew: 960K->63K(960K), 0.0008335 secs] 5843K->5160K(12764K), 0.0008828 secs]
4.472: [GC 4.472: [DefNew: 945K->64K(960K), 0.0007365 secs] 6042K->5398K(12764K), 0.0007860 secs]
4.485: [GC 4.486: [DefNew: 960K->63K(960K), 0.0007497 secs] 6294K->5626K(12764K), 0.0008106 secs]
4.492: [GC 4.492: [DefNew: 959K->63K(960K), 0.0007279 secs] 6522K->5810K(12764K), 0.0007735 secs]
4.512: [GC 4.512: [DefNew: 959K->63K(960K), 0.0006520 secs] 6706K->6098K(12764K), 0.0006982 secs]
4.520: [GC 4.520: [DefNew: 959K->64K(960K), 0.0007159 secs] 6994K->6296K(12764K), 0.0007628 secs]
4.529: [GC 4.529: [DefNew: 844K->64K(960K), 0.0007450 secs] 7076K->6488K(12764K), 0.0007921 secs]
4.541: [GC 4.541: [DefNew: 914K->63K(960K), 0.0006537 secs] 7338K->6852K(12764K), 0.0007037 secs]
4.549: [GC 4.549: [DefNew: 905K->63K(960K), 0.0006481 secs] 7694K->7402K(12764K), 0.0006997 secs]
4.563: [GC 4.563: [DefNew: 959K->63K(960K), 0.0006526 secs] 8298K->7711K(12764K), 0.0007027 secs]
4.570: [GC 4.570: [DefNew: 933K->63K(960K), 0.0006128 secs] 8581K->8274K(12764K), 0.0006627 secs]
4.582: [GC 4.582: [DefNew: 952K->63K(960K), 0.0006032 secs] 9162K->8599K(12764K), 0.0006557 secs]
4.592: [GC 4.592: [DefNew: 959K->63K(960K), 0.0005371 secs] 9495K->9137K(12764K), 0.0005877 secs]
4.603: [GC 4.603: [DefNew: 959K->64K(960K), 0.0005588 secs] 10033K->9472K(12764K), 0.0006076 secs]
4.613: [GC 4.613: [DefNew: 960K->64K(960K), 0.0007402 secs] 10368K->10057K(12764K), 0.0007922 secs]
4.624: [GC 4.624: [DefNew: 940K->64K(960K), 0.0005510 secs] 10934K->10361K(12764K), 0.0006012 secs]
4.633: [GC 4.633: [DefNew: 504K->64K(960K), 0.0005327 secs] 10802K->10473K(12764K), 0.0005812 secs]
4.641: [GC 4.641: [DefNew: 904K->63K(960K), 0.0007020 secs] 11313K->11022K(12764K), 0.0007554 secs]
4.655: [GC 4.655: [DefNew: 959K->63K(960K), 0.0006420 secs] 11918K->11332K(12764K), 0.0006917 secs]
4.664: [GC 4.664: [DefNew: 932K->63K(960K), 0.0007120 secs]4.665: [Tenured: 11830K->6786K(11932K), 0.0371160 secs] 12200K->6786K(12892K), 0.0379398 secs]
4.713: [GC 4.714: [DefNew: 896K->64K(960K), 0.0005288 secs] 7682K->7134K(12764K), 0.0005774 secs]
4.723: [GC 4.723: [DefNew: 959K->53K(960K), 0.0005631 secs] 8030K->7674K(12764K), 0.0006145 secs]
4.734: [GC 4.734: [DefNew: 949K->64K(960K), 0.0005932 secs] 8570K->8008K(12764K), 0.0006441 secs]
4.744: [GC 4.744: [DefNew: 960K->64K(960K), 0.0007726 secs] 8904K->8593K(12764K), 0.0008264 secs]
4.755: [GC 4.755: [DefNew: 948K->64K(960K), 0.0005554 secs] 9478K->8908K(12764K), 0.0006056 secs]
4.765: [GC 4.765: [DefNew: 479K->63K(960K), 0.0005183 secs] 9323K->9009K(12764K), 0.0005662 secs]
4.773: [GC 4.773: [DefNew: 903K->63K(960K), 0.0006608 secs] 9849K->9558K(12764K), 0.0007123 secs]
4.787: [GC 4.787: [DefNew: 959K->63K(960K), 0.0006495 secs] 10454K->9868K(12764K), 0.0007025 secs]
4.798: [GC 4.798: [DefNew: 941K->48K(960K), 0.0006091 secs] 10746K->10469K(12764K), 0.0006639 secs]
4.813: [GC 4.813: [DefNew: 944K->63K(960K), 0.0005925 secs] 11365K->10707K(12764K), 0.0006392 secs]
4.821: [GC 4.821: [DefNew: 959K->63K(960K), 0.0007495 secs] 11603K->10906K(12764K), 0.0007947 secs]
4.840: [GC 4.840: [DefNew: 959K->63K(960K), 0.0006908 secs] 11802K->11178K(12764K), 0.0007404 secs]
4.849: [GC 4.849: [DefNew: 959K->64K(960K), 0.0007748 secs] 12074K->11392K(12764K), 0.0008230 secs]
4.867: [GC 4.867: [DefNew: 918K->63K(960K), 0.0007441 secs] 12246K->11661K(12764K), 0.0007954 secs]
4.876: [GC 4.876: [DefNew: 959K->64K(960K), 0.0006354 secs] 12557K->11854K(12764K), 0.0006804 secs]
4.884: [GC 4.884: [DefNew: 939K->63K(960K), 0.0008760 secs]4.885: [Tenured: 11989K->2558K(12060K), 0.0334957 secs] 12730K->2558K(13020K), 0.0344846 secs]
4.936: [GC 4.936: [DefNew: 896K->64K(960K), 0.0006450 secs] 3454K->2850K(12764K), 0.0006961 secs]
4.944: [GC 4.944: [DefNew: 960K->63K(960K), 0.0007095 secs] 3746K->3049K(12764K), 0.0007565 secs]
4.963: [GC 4.963: [DefNew: 959K->63K(960K), 0.0006116 secs] 3945K->3322K(12764K), 0.0006601 secs]
4.972: [GC 4.972: [DefNew: 959K->63K(960K), 0.0007758 secs] 4218K->3536K(12764K), 0.0008236 secs]
4.988: [GC 4.988: [DefNew: 958K->64K(960K), 0.0007386 secs] 4430K->3794K(12764K), 0.0007957 secs]
4.999: [GC 4.999: [DefNew: 960K->64K(960K), 0.0007111 secs] 4690K->4004K(12764K), 0.0007609 secs]
5.005: [GC 5.005: [DefNew: 960K->64K(960K), 0.0007456 secs] 4900K->4188K(12764K), 0.0007901 secs]
5.026: [GC 5.026: [DefNew: 960K->63K(960K), 0.0006222 secs] 5084K->4475K(12764K), 0.0007482 secs]
5.033: [GC 5.033: [DefNew: 959K->63K(960K), 0.0007317 secs] 5371K->4675K(12764K), 0.0007785 secs]
5.052: [GC 5.052: [DefNew: 959K->64K(960K), 0.0006397 secs] 5571K->4947K(12764K), 0.0006931 secs]
5.061: [GC 5.061: [DefNew: 960K->64K(960K), 0.0007629 secs] 5843K->5161K(12764K), 0.0008079 secs]
5.074: [GC 5.074: [DefNew: 932K->64K(960K), 0.0006852 secs] 6029K->5398K(12764K), 0.0007318 secs]
5.088: [GC 5.088: [DefNew: 960K->63K(960K), 0.0006804 secs] 6294K->5626K(12764K), 0.0007285 secs]
5.094: [GC 5.094: [DefNew: 959K->63K(960K), 0.0007492 secs] 6522K->5809K(12764K), 0.0007992 secs]
5.114: [GC 5.114: [DefNew: 959K->63K(960K), 0.0006605 secs] 6705K->6097K(12764K), 0.0007087 secs]
5.122: [GC 5.122: [DefNew: 959K->63K(960K), 0.0006873 secs] 6993K->6295K(12764K), 0.0007317 secs]
5.131: [GC 5.131: [DefNew: 849K->64K(960K), 0.0008391 secs] 7080K->6488K(12764K), 0.0008897 secs]
5.143: [GC 5.143: [DefNew: 915K->63K(960K), 0.0006823 secs] 7339K->6852K(12764K), 0.0007350 secs]
5.151: [GC 5.151: [DefNew: 904K->63K(960K), 0.0007374 secs] 7693K->7402K(12764K), 0.0007922 secs]
5.165: [GC 5.165: [DefNew: 959K->63K(960K), 0.0005976 secs] 8298K->7711K(12764K), 0.0006470 secs]
5.172: [GC 5.172: [DefNew: 933K->63K(960K), 0.0006386 secs] 8581K->8274K(12764K), 0.0006886 secs]
5.184: [GC 5.184: [DefNew: 959K->64K(960K), 0.0006809 secs] 9170K->8605K(12764K), 0.0007311 secs]
5.194: [GC 5.194: [DefNew: 958K->53K(960K), 0.0006090 secs] 9500K->9144K(12764K), 0.0006599 secs]
5.205: [GC 5.205: [DefNew: 949K->63K(960K), 0.0005602 secs] 10040K->9478K(12764K), 0.0006097 secs]
5.215: [GC 5.215: [DefNew: 959K->63K(960K), 0.0007056 secs] 10374K->10063K(12764K), 0.0007923 secs]
5.226: [GC 5.226: [DefNew: 950K->63K(960K), 0.0005539 secs] 10950K->10378K(12764K), 0.0006043 secs]
5.236: [GC 5.236: [DefNew: 481K->64K(960K), 0.0005082 secs] 10796K->10479K(12764K), 0.0005627 secs]
5.244: [GC 5.244: [DefNew: 960K->63K(960K), 0.0007088 secs] 11375K->11060K(12764K), 0.0007631 secs]
5.258: [GC 5.258: [DefNew: 920K->63K(960K), 0.0005843 secs] 11916K->11355K(12764K), 0.0006340 secs]
5.265: [GC 5.266: [DefNew: 959K->63K(960K), 0.0007497 secs]5.266: [Tenured: 11876K->6808K(12300K), 0.0366763 secs] 12251K->6808K(13260K), 0.0375390 secs]
5.316: [GC 5.316: [DefNew: 896K->63K(960K), 0.0005690 secs] 7704K->7162K(12764K), 0.0006180 secs]
5.324: [GC 5.324: [DefNew: 959K->63K(960K), 0.0006357 secs] 8058K->7729K(12764K), 0.0006853 secs]
5.336: [GC 5.336: [DefNew: 959K->64K(960K), 0.0005829 secs] 8625K->8057K(12764K), 0.0006305 secs]
5.346: [GC 5.346: [DefNew: 960K->60K(960K), 0.0005548 secs] 8953K->8595K(12764K), 0.0006055 secs]
5.357: [GC 5.357: [DefNew: 956K->63K(960K), 0.0005811 secs] 9491K->8931K(12764K), 0.0006305 secs]
5.367: [GC 5.367: [DefNew: 959K->64K(960K), 0.0007678 secs] 9827K->9516K(12764K), 0.0008192 secs]
5.379: [GC 5.379: [DefNew: 944K->63K(960K), 0.0005750 secs] 10397K->9820K(12764K), 0.0006241 secs]
5.388: [GC 5.388: [DefNew: 506K->63K(960K), 0.0005940 secs] 10262K->9932K(12764K), 0.0006460 secs]
5.405: [GC 5.405: [DefNew: 958K->52K(960K), 0.0006507 secs] 10826K->10565K(12764K), 0.0007066 secs]
5.416: [GC 5.416: [DefNew: 948K->63K(960K), 0.0005874 secs] 11461K->10770K(12764K), 0.0006337 secs]
5.422: [GC 5.422: [DefNew: 959K->63K(960K), 0.0007923 secs] 11666K->10953K(12764K), 0.0008388 secs]
5.442: [GC 5.442: [DefNew: 959K->64K(960K), 0.0006235 secs] 11849K->11241K(12764K), 0.0006713 secs]
5.450: [GC 5.450: [DefNew: 960K->63K(960K), 0.0008043 secs] 12137K->11440K(12764K), 0.0008543 secs]
5.469: [GC 5.469: [DefNew: 959K->63K(960K), 0.0007192 secs] 12336K->11712K(12764K), 0.0007703 secs]
5.478: [GC 5.479: [DefNew: 959K->63K(960K), 0.0008014 secs]5.479: [Tenured: 11862K->2411K(11932K), 0.0322323 secs] 12608K->2411K(12892K), 0.0331435 secs]
5.524: [GC 5.524: [DefNew: 873K->63K(960K), 0.0006790 secs] 3284K->2655K(12764K), 0.0007316 secs]
5.537: [GC 5.537: [DefNew: 959K->63K(960K), 0.0006746 secs] 3551K->2878K(12764K), 0.0007226 secs]
5.543: [GC 5.543: [DefNew: 959K->64K(960K), 0.0007655 secs] 3774K->3062K(12764K), 0.0008184 secs]
5.564: [GC 5.564: [DefNew: 936K->63K(960K), 0.0006180 secs] 3934K->3348K(12764K), 0.0006791 secs]
5.571: [GC 5.571: [DefNew: 959K->64K(960K), 0.0007539 secs] 4244K->3542K(12764K), 0.0008093 secs]
5.588: [GC 5.588: [DefNew: 905K->63K(960K), 0.0006858 secs] 4384K->3855K(12764K), 0.0007359 secs]
5.598: [GC 5.598: [DefNew: 959K->64K(960K), 0.0006826 secs] 4751K->4058K(12764K), 0.0007309 secs]
5.607: [GC 5.607: [DefNew: 936K->64K(960K), 0.0008079 secs] 4930K->4270K(12764K), 0.0008580 secs]
5.624: [GC 5.624: [DefNew: 960K->63K(960K), 0.0006043 secs] 5166K->4524K(12764K), 0.0006503 secs]
5.632: [GC 5.632: [DefNew: 959K->63K(960K), 0.0007648 secs] 5420K->4722K(12764K), 0.0008133 secs]
5.651: [GC 5.651: [DefNew: 959K->64K(960K), 0.0006269 secs] 5618K->4995K(12764K), 0.0006749 secs]
5.660: [GC 5.660: [DefNew: 960K->63K(960K), 0.0007674 secs] 5891K->5208K(12764K), 0.0008155 secs]
5.677: [GC 5.677: [DefNew: 937K->63K(960K), 0.0007791 secs] 6082K->5486K(12764K), 0.0008309 secs]
5.687: [GC 5.687: [DefNew: 959K->63K(960K), 0.0007809 secs] 6382K->5674K(12764K), 0.0008362 secs]
5.693: [GC 5.693: [DefNew: 944K->63K(960K), 0.0009477 secs] 6555K->5854K(12764K), 0.0010099 secs]
5.714: [GC 5.714: [DefNew: 959K->63K(960K), 0.0006128 secs] 6750K->6141K(12764K), 0.0006613 secs]
5.722: [GC 5.722: [DefNew: 959K->63K(960K), 0.0007936 secs] 7037K->6340K(12764K), 0.0008422 secs]
5.732: [GC 5.732: [DefNew: 916K->63K(960K), 0.0007110 secs] 7193K->6582K(12764K), 0.0007607 secs]
5.742: [GC 5.743: [DefNew: 792K->63K(960K), 0.0006643 secs] 7311K->6946K(12764K), 0.0007144 secs]
5.751: [GC 5.751: [DefNew: 905K->64K(960K), 0.0006505 secs] 7787K->7496K(12764K), 0.0007013 secs]
5.764: [GC 5.764: [DefNew: 960K->64K(960K), 0.0007345 secs] 8392K->7805K(12764K), 0.0007900 secs]
5.772: [GC 5.772: [DefNew: 931K->63K(960K), 0.0006412 secs] 8673K->8368K(12764K), 0.0006944 secs]
5.783: [GC 5.783: [DefNew: 949K->63K(960K), 0.0006890 secs] 9253K->8693K(12764K), 0.0007425 secs]
5.793: [GC 5.793: [DefNew: 959K->63K(960K), 0.0006582 secs] 9589K->9231K(12764K), 0.0007111 secs]
5.804: [GC 5.804: [DefNew: 959K->63K(960K), 0.0005916 secs] 10127K->9566K(12764K), 0.0006403 secs]
5.814: [GC 5.814: [DefNew: 959K->63K(960K), 0.0007482 secs] 10462K->10151K(12764K), 0.0008008 secs]
5.825: [GC 5.825: [DefNew: 939K->64K(960K), 0.0005656 secs] 11026K->10455K(12764K), 0.0006180 secs]
5.835: [GC 5.835: [DefNew: 504K->63K(960K), 0.0005145 secs] 10895K->10566K(12764K), 0.0005614 secs]
5.843: [GC 5.843: [DefNew: 899K->63K(960K), 0.0006669 secs] 11402K->11116K(12764K), 0.0007217 secs]
5.856: [GC 5.856: [DefNew: 959K->63K(960K), 0.0006527 secs] 12012K->11426K(12764K), 0.0007023 secs]
5.864: [GC 5.864: [DefNew: 930K->64K(960K), 0.0007407 secs]5.865: [Tenured: 11924K->6875K(12300K), 0.0359601 secs] 12293K->6875K(13260K), 0.0368207 secs]
5.912: [GC 5.912: [DefNew: 886K->63K(960K), 0.0005492 secs] 7762K->7217K(12764K), 0.0006005 secs]
5.922: [GC 5.922: [DefNew: 959K->63K(960K), 0.0005426 secs] 8113K->7755K(12764K), 0.0005930 secs]
5.932: [GC 5.933: [DefNew: 959K->63K(960K), 0.0005806 secs] 8651K->8090K(12764K), 0.0006274 secs]
5.943: [GC 5.943: [DefNew: 959K->64K(960K), 0.0007625 secs] 8986K->8675K(12764K), 0.0008158 secs]
5.955: [GC 5.955: [DefNew: 939K->64K(960K), 0.0006097 secs] 9550K->8979K(12764K), 0.0007036 secs]
5.965: [GC 5.965: [DefNew: 501K->64K(960K), 0.0005376 secs] 9416K->9091K(12764K), 0.0006074 secs]
5.973: [GC 5.973: [DefNew: 903K->63K(960K), 0.0006728 secs] 9931K->9640K(12764K), 0.0007271 secs]
5.987: [GC 5.987: [DefNew: 959K->63K(960K), 0.0006395 secs] 10536K->9950K(12764K), 0.0006868 secs]
5.999: [GC 5.999: [DefNew: 941K->48K(960K), 0.0006138 secs] 10828K->10551K(12764K), 0.0006677 secs]
6.014: [GC 6.014: [DefNew: 944K->63K(960K), 0.0006432 secs] 11447K->10789K(12764K), 0.0006978 secs]
6.021: [GC 6.021: [DefNew: 959K->64K(960K), 0.0007670 secs] 11685K->10987K(12764K), 0.0008136 secs]
6.040: [GC 6.040: [DefNew: 960K->64K(960K), 0.0006804 secs] 11883K->11260K(12764K), 0.0007294 secs]
6.050: [GC 6.050: [DefNew: 960K->64K(960K), 0.0007872 secs] 12156K->11473K(12764K), 0.0008361 secs]
6.067: [GC 6.067: [DefNew: 917K->63K(960K), 0.0008547 secs] 12327K->11743K(12764K), 0.0009208 secs]
6.077: [GC 6.077: [DefNew: 959K->63K(960K), 0.0007553 secs]6.078: [Tenured: 11872K->2360K(11932K), 0.0324258 secs] 12639K->2360K(12892K), 0.0332965 secs]
6.117: [GC 6.118: [DefNew: 875K->64K(960K), 0.0006790 secs] 3235K->2558K(12764K), 0.0007300 secs]
6.136: [GC 6.137: [DefNew: 960K->63K(960K), 0.0005997 secs] 3454K->2826K(12764K), 0.0006492 secs]
6.144: [GC 6.144: [DefNew: 959K->63K(960K), 0.0007642 secs] 3722K->3025K(12764K), 0.0008148 secs]
6.163: [GC 6.163: [DefNew: 959K->63K(960K), 0.0006397 secs] 3921K->3297K(12764K), 0.0006903 secs]
6.173: [GC 6.173: [DefNew: 959K->64K(960K), 0.0008035 secs] 4193K->3511K(12764K), 0.0008518 secs]
6.188: [GC 6.188: [DefNew: 958K->64K(960K), 0.0007622 secs] 4405K->3770K(12764K), 0.0008138 secs]
6.200: [GC 6.200: [DefNew: 960K->63K(960K), 0.0006988 secs] 4666K->3981K(12764K), 0.0007466 secs]
6.206: [GC 6.206: [DefNew: 959K->63K(960K), 0.0007826 secs] 4877K->4164K(12764K), 0.0008315 secs]
6.226: [GC 6.226: [DefNew: 959K->64K(960K), 0.0006422 secs] 5060K->4452K(12764K), 0.0006926 secs]
6.235: [GC 6.235: [DefNew: 960K->63K(960K), 0.0008374 secs] 5348K->4650K(12764K), 0.0008918 secs]
6.254: [GC 6.254: [DefNew: 959K->64K(960K), 0.0006391 secs] 5546K->4922K(12764K), 0.0006859 secs]
6.263: [GC 6.263: [DefNew: 960K->63K(960K), 0.0008520 secs] 5818K->5136K(12764K), 0.0009049 secs]
6.277: [GC 6.277: [DefNew: 945K->64K(960K), 0.0007309 secs] 6017K->5374K(12764K), 0.0007814 secs]
6.290: [GC 6.290: [DefNew: 960K->63K(960K), 0.0006843 secs] 6270K->5602K(12764K), 0.0007322 secs]
6.296: [GC 6.296: [DefNew: 959K->63K(960K), 0.0008091 secs] 6498K->5786K(12764K), 0.0008607 secs]
6.317: [GC 6.317: [DefNew: 959K->63K(960K), 0.0006450 secs] 6682K->6073K(12764K), 0.0006903 secs]
6.325: [GC 6.325: [DefNew: 959K->63K(960K), 0.0007148 secs] 6969K->6272K(12764K), 0.0007609 secs]
6.334: [GC 6.334: [DefNew: 845K->64K(960K), 0.0007702 secs] 7053K->6464K(12764K), 0.0008204 secs]
6.345: [GC 6.346: [DefNew: 913K->63K(960K), 0.0006689 secs] 7314K->6828K(12764K), 0.0007211 secs]
6.354: [GC 6.354: [DefNew: 905K->63K(960K), 0.0006461 secs] 7670K->7378K(12764K), 0.0006968 secs]
6.367: [GC 6.367: [DefNew: 959K->64K(960K), 0.0006445 secs] 8274K->7688K(12764K), 0.0006955 secs]
6.375: [GC 6.375: [DefNew: 932K->63K(960K), 0.0006544 secs] 8556K->8250K(12764K), 0.0007053 secs]
6.386: [GC 6.386: [DefNew: 952K->63K(960K), 0.0005831 secs] 9138K->8575K(12764K), 0.0006306 secs]
6.396: [GC 6.396: [DefNew: 959K->63K(960K), 0.0006347 secs] 9471K->9113K(12764K), 0.0006928 secs]
6.407: [GC 6.407: [DefNew: 959K->64K(960K), 0.0006307 secs] 10009K->9448K(12764K), 0.0006829 secs]
6.417: [GC 6.417: [DefNew: 960K->64K(960K), 0.0007143 secs] 10344K->10033K(12764K), 0.0007655 secs]
6.428: [GC 6.428: [DefNew: 940K->63K(960K), 0.0005471 secs] 10910K->10337K(12764K), 0.0005967 secs]
6.438: [GC 6.438: [DefNew: 504K->63K(960K), 0.0005271 secs] 10777K->10449K(12764K), 0.0005747 secs]
6.446: [GC 6.446: [DefNew: 899K->64K(960K), 0.0006665 secs] 11284K->10998K(12764K), 0.0007180 secs]
6.459: [GC 6.459: [DefNew: 960K->64K(960K), 0.0006474 secs] 11894K->11308K(12764K), 0.0006989 secs]
6.467: [GC 6.467: [DefNew: 931K->63K(960K), 0.0006971 secs]6.468: [Tenured: 11806K->6762K(11932K), 0.0367272 secs] 12176K->6762K(12892K), 0.0375266 secs]
6.516: [GC 6.516: [DefNew: 896K->64K(960K), 0.0005472 secs] 7658K->7110K(12764K), 0.0005966 secs]
6.525: [GC 6.526: [DefNew: 954K->53K(960K), 0.0005573 secs] 8000K->7650K(12764K), 0.0006056 secs]
6.536: [GC 6.536: [DefNew: 949K->63K(960K), 0.0005588 secs] 8546K->7984K(12764K), 0.0006070 secs]
6.547: [GC 6.547: [DefNew: 959K->63K(960K), 0.0007643 secs] 8880K->8569K(12764K), 0.0008173 secs]
6.558: [GC 6.558: [DefNew: 948K->64K(960K), 0.0005546 secs] 9453K->8884K(12764K), 0.0006043 secs]
6.568: [GC 6.568: [DefNew: 482K->63K(960K), 0.0005067 secs] 9302K->8985K(12764K), 0.0005549 secs]
6.576: [GC 6.576: [DefNew: 904K->63K(960K), 0.0008035 secs] 9825K->9534K(12764K), 0.0008608 secs]
6.589: [GC 6.589: [DefNew: 959K->63K(960K), 0.0006218 secs] 10430K->9844K(12764K), 0.0006816 secs]
6.601: [GC 6.601: [DefNew: 947K->48K(960K), 0.0006452 secs] 10727K->10445K(12764K), 0.0006996 secs]
6.616: [GC 6.616: [DefNew: 944K->63K(960K), 0.0005712 secs] 11341K->10683K(12764K), 0.0006188 secs]
6.624: [GC 6.624: [DefNew: 959K->63K(960K), 0.0007665 secs] 11579K->10882K(12764K), 0.0008111 secs]
6.643: [GC 6.643: [DefNew: 959K->63K(960K), 0.0007634 secs] 11778K->11154K(12764K), 0.0008154 secs]
6.653: [GC 6.653: [DefNew: 959K->64K(960K), 0.0007667 secs] 12050K->11367K(12764K), 0.0008144 secs]
6.670: [GC 6.670: [DefNew: 917K->63K(960K), 0.0007146 secs] 12220K->11637K(12764K), 0.0007641 secs]
6.679: [GC 6.679: [DefNew: 959K->63K(960K), 0.0006842 secs] 12533K->11830K(12764K), 0.0007342 secs]
6.687: [GC 6.687: [DefNew: 951K->63K(960K), 0.0008943 secs]6.688: [Tenured: 11965K->2558K(12060K), 0.0329055 secs] 12717K->2558K(13020K), 0.0339122 secs]
6.739: [GC 6.739: [DefNew: 896K->63K(960K), 0.0005043 secs] 3454K->2850K(12764K), 0.0005509 secs]
6.747: [GC 6.747: [DefNew: 959K->63K(960K), 0.0006786 secs] 3746K->3049K(12764K), 0.0007237 secs]
6.765: [GC 6.766: [DefNew: 959K->64K(960K), 0.0006578 secs] 3945K->3322K(12764K), 0.0007076 secs]
6.775: [GC 6.775: [DefNew: 960K->63K(960K), 0.0007376 secs] 4218K->3536K(12764K), 0.0007824 secs]
6.791: [GC 6.791: [DefNew: 958K->64K(960K), 0.0007240 secs] 4430K->3794K(12764K), 0.0007750 secs]
6.802: [GC 6.802: [DefNew: 960K->64K(960K), 0.0007053 secs] 4690K->4005K(12764K), 0.0007547 secs]
6.808: [GC 6.808: [DefNew: 960K->63K(960K), 0.0007396 secs] 4901K->4188K(12764K), 0.0007844 secs]
6.828: [GC 6.828: [DefNew: 959K->64K(960K), 0.0006539 secs] 5084K->4476K(12764K), 0.0007023 secs]
6.836: [GC 6.836: [DefNew: 960K->63K(960K), 0.0006984 secs] 5372K->4675K(12764K), 0.0007439 secs]
6.855: [GC 6.855: [DefNew: 959K->64K(960K), 0.0006430 secs] 5571K->4947K(12764K), 0.0006920 secs]
6.864: [GC 6.864: [DefNew: 960K->63K(960K), 0.0007625 secs] 5843K->5161K(12764K), 0.0008095 secs]
6.877: [GC 6.877: [DefNew: 932K->64K(960K), 0.0007034 secs] 6029K->5398K(12764K), 0.0007506 secs]
6.891: [GC 6.891: [DefNew: 960K->63K(960K), 0.0007346 secs] 6294K->5626K(12764K), 0.0007841 secs]
6.897: [GC 6.897: [DefNew: 959K->63K(960K), 0.0006932 secs] 6522K->5810K(12764K), 0.0007386 secs]
6.918: [GC 6.918: [DefNew: 959K->63K(960K), 0.0006576 secs] 6706K->6097K(12764K), 0.0007058 secs]
6.925: [GC 6.925: [DefNew: 959K->64K(960K), 0.0007189 secs] 6993K->6296K(12764K), 0.0007657 secs]
6.934: [GC 6.934: [DefNew: 846K->64K(960K), 0.0009906 secs] 7078K->6488K(12764K), 0.0010660 secs]
6.947: [GC 6.947: [DefNew: 912K->64K(960K), 0.0006701 secs] 7337K->6852K(12764K), 0.0007214 secs]
6.955: [GC 6.955: [DefNew: 904K->63K(960K), 0.0006782 secs] 7693K->7402K(12764K), 0.0007326 secs]
6.969: [GC 6.969: [DefNew: 959K->64K(960K), 0.0006357 secs] 8298K->7712K(12764K), 0.0006861 secs]
6.977: [GC 6.977: [DefNew: 932K->63K(960K), 0.0006525 secs] 8580K->8274K(12764K), 0.0007090 secs]
6.989: [GC 6.989: [DefNew: 951K->63K(960K), 0.0006665 secs] 9162K->8599K(12764K), 0.0007245 secs]
6.999: [GC 6.999: [DefNew: 959K->63K(960K), 0.0005469 secs] 9495K->9137K(12764K), 0.0005988 secs]
7.010: [GC 7.010: [DefNew: 959K->64K(960K), 0.0005672 secs] 10033K->9472K(12764K), 0.0006163 secs]
7.020: [GC 7.020: [DefNew: 960K->63K(960K), 0.0007305 secs] 10368K->10057K(12764K), 0.0007845 secs]
7.031: [GC 7.032: [DefNew: 941K->64K(960K), 0.0005613 secs] 10934K->10361K(12764K), 0.0006130 secs]
7.041: [GC 7.041: [DefNew: 503K->64K(960K), 0.0005025 secs] 10801K->10473K(12764K), 0.0005490 secs]
7.049: [GC 7.049: [DefNew: 899K->63K(960K), 0.0006880 secs] 11308K->11022K(12764K), 0.0007403 secs]
7.063: [GC 7.063: [DefNew: 959K->63K(960K), 0.0006354 secs] 11918K->11332K(12764K), 0.0006841 secs]
7.070: [GC 7.070: [DefNew: 932K->63K(960K), 0.0006850 secs]7.071: [Tenured: 11830K->6786K(11932K), 0.0366909 secs] 12200K->6786K(12892K), 0.0374877 secs]
7.119: [GC 7.120: [DefNew: 896K->63K(960K), 0.0005316 secs] 7682K->7134K(12764K), 0.0005807 secs]
7.129: [GC 7.129: [DefNew: 954K->53K(960K), 0.0005522 secs] 8025K->7674K(12764K), 0.0006029 secs]
7.140: [GC 7.140: [DefNew: 949K->63K(960K), 0.0005984 secs] 8570K->8008K(12764K), 0.0006571 secs]
7.150: [GC 7.150: [DefNew: 959K->64K(960K), 0.0007077 secs] 8904K->8593K(12764K), 0.0007582 secs]
7.161: [GC 7.161: [DefNew: 954K->64K(960K), 0.0005371 secs] 9483K->8908K(12764K), 0.0005929 secs]
7.170: [GC 7.170: [DefNew: 482K->63K(960K), 0.0004955 secs] 9327K->9009K(12764K), 0.0005404 secs]
7.178: [GC 7.178: [DefNew: 904K->63K(960K), 0.0006791 secs] 9849K->9558K(12764K), 0.0007309 secs]
7.192: [GC 7.192: [DefNew: 959K->63K(960K), 0.0006361 secs] 10454K->9868K(12764K), 0.0006867 secs]
7.204: [GC 7.204: [DefNew: 945K->48K(960K), 0.0006283 secs] 10750K->10469K(12764K), 0.0006861 secs]
7.219: [GC 7.219: [DefNew: 944K->63K(960K), 0.0006135 secs] 11365K->10707K(12764K), 0.0006632 secs]
7.226: [GC 7.227: [DefNew: 959K->63K(960K), 0.0007572 secs] 11603K->10906K(12764K), 0.0008025 secs]
7.245: [GC 7.245: [DefNew: 959K->63K(960K), 0.0006888 secs] 11802K->11178K(12764K), 0.0007395 secs]
7.255: [GC 7.255: [DefNew: 959K->64K(960K), 0.0007802 secs] 12074K->11391K(12764K), 0.0008284 secs]
7.272: [GC 7.272: [DefNew: 916K->63K(960K), 0.0007558 secs] 12244K->11661K(12764K), 0.0008072 secs]
7.281: [GC 7.281: [DefNew: 959K->63K(960K), 0.0007001 secs] 12557K->11854K(12764K), 0.0007475 secs]
7.289: [GC 7.289: [DefNew: 940K->63K(960K), 0.0008579 secs]7.290: [Tenured: 11989K->2559K(12060K), 0.0330730 secs] 12731K->2559K(13020K), 0.0340488 secs]
7.341: [GC 7.341: [DefNew: 896K->63K(960K), 0.0005103 secs] 3455K->2851K(12764K), 0.0005602 secs]
7.349: [GC 7.349: [DefNew: 959K->63K(960K), 0.0006818 secs] 3747K->3049K(12764K), 0.0007283 secs]
7.368: [GC 7.368: [DefNew: 959K->64K(960K), 0.0006113 secs] 3945K->3321K(12764K), 0.0006592 secs]
7.377: [GC 7.377: [DefNew: 960K->63K(960K), 0.0007630 secs] 4217K->3535K(12764K), 0.0008109 secs]
7.393: [GC 7.393: [DefNew: 955K->64K(960K), 0.0007610 secs] 4427K->3795K(12764K), 0.0008133 secs]
7.404: [GC 7.404: [DefNew: 960K->63K(960K), 0.0007872 secs] 4691K->4005K(12764K), 0.0008368 secs]
7.410: [GC 7.410: [DefNew: 959K->63K(960K), 0.0007427 secs] 4901K->4188K(12764K), 0.0007873 secs]
7.430: [GC 7.430: [DefNew: 959K->64K(960K), 0.0006015 secs] 5084K->4476K(12764K), 0.0006479 secs]
7.438: [GC 7.438: [DefNew: 960K->63K(960K), 0.0007222 secs] 5372K->4674K(12764K), 0.0007685 secs]
7.457: [GC 7.457: [DefNew: 959K->63K(960K), 0.0006567 secs] 5570K->4946K(12764K), 0.0007075 secs]
7.466: [GC 7.466: [DefNew: 959K->63K(960K), 0.0007762 secs] 5842K->5160K(12764K), 0.0008224 secs]
7.479: [GC 7.479: [DefNew: 947K->64K(960K), 0.0007441 secs] 6043K->5398K(12764K), 0.0007919 secs]
7.493: [GC 7.493: [DefNew: 960K->63K(960K), 0.0006859 secs] 6294K->5626K(12764K), 0.0007340 secs]
7.499: [GC 7.499: [DefNew: 959K->64K(960K), 0.0006799 secs] 6522K->5810K(12764K), 0.0007244 secs]
7.519: [GC 7.519: [DefNew: 960K->64K(960K), 0.0007033 secs] 6706K->6097K(12764K), 0.0007528 secs]
7.527: [GC 7.527: [DefNew: 960K->63K(960K), 0.0007255 secs] 6993K->6295K(12764K), 0.0007721 secs]
7.536: [GC 7.536: [DefNew: 848K->64K(960K), 0.0007718 secs] 7080K->6488K(12764K), 0.0008205 secs]
7.548: [GC 7.548: [DefNew: 914K->63K(960K), 0.0006812 secs] 7339K->6853K(12764K), 0.0007318 secs]
7.556: [GC 7.556: [DefNew: 905K->63K(960K), 0.0006769 secs] 7694K->7402K(12764K), 0.0007279 secs]
7.570: [GC 7.570: [DefNew: 959K->63K(960K), 0.0005972 secs] 8298K->7712K(12764K), 0.0006466 secs]
7.577: [GC 7.577: [DefNew: 932K->63K(960K), 0.0007707 secs] 8580K->8274K(12764K), 0.0008261 secs]
7.589: [GC 7.589: [DefNew: 953K->63K(960K), 0.0005853 secs] 9163K->8600K(12764K), 0.0006346 secs]
7.599: [GC 7.599: [DefNew: 957K->61K(960K), 0.0005506 secs] 9493K->9135K(12764K), 0.0006017 secs]
7.609: [GC 7.610: [DefNew: 957K->63K(960K), 0.0005836 secs] 10031K->9471K(12764K), 0.0006329 secs]
7.620: [GC 7.620: [DefNew: 959K->63K(960K), 0.0007208 secs] 10367K->10056K(12764K), 0.0007727 secs]
7.631: [GC 7.631: [DefNew: 945K->63K(960K), 0.0005611 secs] 10938K->10360K(12764K), 0.0006117 secs]
7.640: [GC 7.641: [DefNew: 502K->63K(960K), 0.0005347 secs] 10799K->10472K(12764K), 0.0005837 secs]
7.649: [GC 7.649: [DefNew: 898K->64K(960K), 0.0006576 secs] 11307K->11022K(12764K), 0.0007177 secs]
7.662: [GC 7.662: [DefNew: 960K->64K(960K), 0.0006250 secs] 11918K->11331K(12764K), 0.0006740 secs]
7.670: [GC 7.670: [DefNew: 930K->63K(960K), 0.0006765 secs]7.671: [Tenured: 11830K->6786K(11932K), 0.0372406 secs] 12198K->6786K(12892K), 0.0380275 secs]
7.720: [GC 7.720: [DefNew: 896K->63K(960K), 0.0005585 secs] 7682K->7134K(12764K), 0.0006070 secs]
7.729: [GC 7.729: [DefNew: 959K->54K(960K), 0.0005622 secs] 8030K->7674K(12764K), 0.0006119 secs]
7.740: [GC 7.740: [DefNew: 950K->64K(960K), 0.0005613 secs] 8570K->8008K(12764K), 0.0006081 secs]
7.750: [GC 7.750: [DefNew: 960K->63K(960K), 0.0007475 secs] 8904K->8593K(12764K), 0.0007992 secs]
7.761: [GC 7.761: [DefNew: 949K->64K(960K), 0.0005419 secs] 9478K->8908K(12764K), 0.0005907 secs]
7.771: [GC 7.771: [DefNew: 479K->63K(960K), 0.0005032 secs] 9324K->9009K(12764K), 0.0005523 secs]
7.779: [GC 7.779: [DefNew: 904K->63K(960K), 0.0006565 secs] 9849K->9558K(12764K), 0.0007085 secs]
7.792: [GC 7.792: [DefNew: 959K->64K(960K), 0.0006314 secs] 10454K->9868K(12764K), 0.0006819 secs]
7.804: [GC 7.804: [DefNew: 942K->48K(960K), 0.0006085 secs] 10746K->10469K(12764K), 0.0006619 secs]
7.820: [GC 7.820: [DefNew: 944K->64K(960K), 0.0006559 secs] 11365K->10707K(12764K), 0.0007119 secs]
7.828: [GC 7.828: [DefNew: 960K->63K(960K), 0.0009229 secs] 11603K->10906K(12764K), 0.0009797 secs]
7.848: [GC 7.848: [DefNew: 959K->63K(960K), 0.0007610 secs] 11802K->11178K(12764K), 0.0008508 secs]
7.857: [GC 7.857: [DefNew: 959K->63K(960K), 0.0008005 secs] 12074K->11391K(12764K), 0.0008514 secs]
7.875: [GC 7.875: [DefNew: 918K->63K(960K), 0.0007243 secs] 12246K->11661K(12764K), 0.0007745 secs]
7.884: [GC 7.884: [DefNew: 959K->63K(960K), 0.0006570 secs] 12557K->11854K(12764K), 0.0007042 secs]
7.892: [GC 7.892: [DefNew: 939K->63K(960K), 0.0009344 secs]7.893: [Tenured: 11989K->2549K(12060K), 0.0330104 secs] 12730K->2549K(13020K), 0.0340625 secs]
7.944: [GC 7.944: [DefNew: 896K->63K(960K), 0.0005086 secs] 3445K->2841K(12764K), 0.0005575 secs]
7.951: [GC 7.951: [DefNew: 959K->63K(960K), 0.0011099 secs] 3737K->3040K(12764K), 0.0011674 secs]
7.971: [GC 7.971: [DefNew: 959K->63K(960K), 0.0007162 secs] 3936K->3312K(12764K), 0.0007685 secs]
7.981: [GC 7.981: [DefNew: 959K->63K(960K), 0.0007576 secs] 4208K->3526K(12764K), 0.0008051 secs]
7.996: [GC 7.996: [DefNew: 955K->64K(960K), 0.0006924 secs] 4417K->3785K(12764K), 0.0007397 secs]
8.007: [GC 8.007: [DefNew: 960K->63K(960K), 0.0007428 secs] 4681K->3995K(12764K), 0.0007921 secs]
8.013: [GC 8.013: [DefNew: 959K->63K(960K), 0.0008294 secs] 4891K->4179K(12764K), 0.0008792 secs]
8.034: [GC 8.034: [DefNew: 959K->63K(960K), 0.0006315 secs] 5075K->4466K(12764K), 0.0006783 secs]
8.042: [GC 8.042: [DefNew: 959K->63K(960K), 0.0006886 secs] 5362K->4665K(12764K), 0.0007328 secs]
8.060: [GC 8.060: [DefNew: 959K->64K(960K), 0.0006312 secs] 5561K->4937K(12764K), 0.0006779 secs]
8.070: [GC 8.070: [DefNew: 960K->63K(960K), 0.0008183 secs] 5833K->5151K(12764K), 0.0008683 secs]
8.084: [GC 8.084: [DefNew: 933K->64K(960K), 0.0007750 secs] 6021K->5389K(12764K), 0.0008597 secs]
8.097: [GC 8.097: [DefNew: 960K->63K(960K), 0.0006715 secs] 6285K->5617K(12764K), 0.0007209 secs]
8.103: [GC 8.103: [DefNew: 959K->64K(960K), 0.0007771 secs] 6513K->5801K(12764K), 0.0008252 secs]
8.124: [GC 8.124: [DefNew: 960K->63K(960K), 0.0006847 secs] 6697K->6088K(12764K), 0.0007337 secs]
8.132: [GC 8.132: [DefNew: 959K->63K(960K), 0.0007218 secs] 6984K->6287K(12764K), 0.0007681 secs]
8.141: [GC 8.141: [DefNew: 845K->64K(960K), 0.0007922 secs] 7068K->6479K(12764K), 0.0008433 secs]
8.153: [GC 8.153: [DefNew: 916K->63K(960K), 0.0006674 secs] 7332K->6843K(12764K), 0.0007196 secs]
8.161: [GC 8.161: [DefNew: 905K->63K(960K), 0.0006252 secs] 7685K->7393K(12764K), 0.0006792 secs]
8.175: [GC 8.175: [DefNew: 959K->64K(960K), 0.0006590 secs] 8289K->7702K(12764K), 0.0007109 secs]
8.182: [GC 8.182: [DefNew: 933K->63K(960K), 0.0006102 secs] 8572K->8265K(12764K), 0.0006588 secs]
8.194: [GC 8.194: [DefNew: 952K->63K(960K), 0.0005817 secs] 9153K->8590K(12764K), 0.0006396 secs]
8.204: [GC 8.204: [DefNew: 957K->61K(960K), 0.0005917 secs] 9484K->9126K(12764K), 0.0006437 secs]
8.215: [GC 8.215: [DefNew: 957K->64K(960K), 0.0005719 secs] 10022K->9462K(12764K), 0.0006221 secs]
8.225: [GC 8.225: [DefNew: 960K->63K(960K), 0.0008075 secs] 10358K->10047K(12764K), 0.0008657 secs]
8.237: [GC 8.237: [DefNew: 944K->64K(960K), 0.0005337 secs] 10928K->10351K(12764K), 0.0005853 secs]
8.246: [GC 8.246: [DefNew: 501K->64K(960K), 0.0005199 secs] 10789K->10463K(12764K), 0.0005672 secs]
8.255: [GC 8.255: [DefNew: 899K->64K(960K), 0.0008092 secs] 11299K->11013K(12764K), 0.0008722 secs]
8.268: [GC 8.268: [DefNew: 960K->63K(960K), 0.0006209 secs] 11909K->11322K(12764K), 0.0006719 secs]
8.276: [GC 8.276: [DefNew: 931K->63K(960K), 0.0007059 secs]8.277: [Tenured: 11821K->6777K(11932K), 0.0362544 secs] 12190K->6777K(12892K), 0.0370705 secs]
8.325: [GC 8.325: [DefNew: 896K->63K(960K), 0.0005627 secs] 7673K->7125K(12764K), 0.0006103 secs]
8.335: [GC 8.335: [DefNew: 959K->54K(960K), 0.0006186 secs] 8021K->7665K(12764K), 0.0006704 secs]
8.346: [GC 8.346: [DefNew: 950K->64K(960K), 0.0005680 secs] 8561K->7999K(12764K), 0.0006154 secs]
8.356: [GC 8.356: [DefNew: 960K->64K(960K), 0.0007308 secs] 8895K->8584K(12764K), 0.0007822 secs]
8.368: [GC 8.368: [DefNew: 949K->64K(960K), 0.0005563 secs] 9469K->8899K(12764K), 0.0006079 secs]
8.377: [GC 8.377: [DefNew: 483K->63K(960K), 0.0004931 secs] 9318K->9000K(12764K), 0.0005396 secs]
8.385: [GC 8.385: [DefNew: 904K->64K(960K), 0.0007051 secs] 9840K->9549K(12764K), 0.0007595 secs]
8.399: [GC 8.399: [DefNew: 960K->64K(960K), 0.0006093 secs] 10445K->9859K(12764K), 0.0006585 secs]
8.411: [GC 8.411: [DefNew: 941K->48K(960K), 0.0006346 secs] 10737K->10460K(12764K), 0.0006887 secs]
8.426: [GC 8.426: [DefNew: 944K->63K(960K), 0.0005798 secs] 11356K->10698K(12764K), 0.0006279 secs]
8.433: [GC 8.433: [DefNew: 959K->63K(960K), 0.0007515 secs] 11594K->10896K(12764K), 0.0007966 secs]
8.453: [GC 8.453: [DefNew: 959K->63K(960K), 0.0007048 secs] 11792K->11169K(12764K), 0.0007558 secs]
8.462: [GC 8.462: [DefNew: 959K->63K(960K), 0.0007751 secs] 12065K->11382K(12764K), 0.0008236 secs]
8.480: [GC 8.480: [DefNew: 916K->63K(960K), 0.0007242 secs] 12235K->11652K(12764K), 0.0007748 secs]
8.489: [GC 8.489: [DefNew: 959K->64K(960K), 0.0006369 secs] 12548K->11845K(12764K), 0.0006829 secs]
8.497: [GC 8.497: [DefNew: 948K->63K(960K), 0.0008664 secs]8.498: [Tenured: 11980K->2549K(12060K), 0.0328821 secs] 12730K->2549K(13020K), 0.0338644 secs]
8.548: [GC 8.549: [DefNew: 896K->63K(960K), 0.0005356 secs] 3445K->2842K(12764K), 0.0005834 secs]
8.556: [GC 8.556: [DefNew: 959K->63K(960K), 0.0006814 secs] 3738K->3040K(12764K), 0.0007283 secs]
8.575: [GC 8.575: [DefNew: 959K->63K(960K), 0.0006251 secs] 3936K->3313K(12764K), 0.0006737 secs]
8.585: [GC 8.585: [DefNew: 959K->63K(960K), 0.0007789 secs] 4209K->3527K(12764K), 0.0008286 secs]
8.600: [GC 8.600: [DefNew: 958K->64K(960K), 0.0007065 secs] 4421K->3785K(12764K), 0.0007556 secs]
8.611: [GC 8.611: [DefNew: 960K->63K(960K), 0.0006950 secs] 4681K->3995K(12764K), 0.0007434 secs]
8.617: [GC 8.617: [DefNew: 959K->63K(960K), 0.0007459 secs] 4891K->4179K(12764K), 0.0007905 secs]
8.638: [GC 8.638: [DefNew: 959K->63K(960K), 0.0005971 secs] 5075K->4467K(12764K), 0.0006423 secs]
8.646: [GC 8.646: [DefNew: 959K->64K(960K), 0.0007447 secs] 5363K->4665K(12764K), 0.0007945 secs]
8.664: [GC 8.664: [DefNew: 960K->64K(960K), 0.0006312 secs] 5561K->4938K(12764K), 0.0006845 secs]
8.675: [GC 8.675: [DefNew: 960K->63K(960K), 0.0008344 secs] 5834K->5151K(12764K), 0.0008845 secs]
8.688: [GC 8.688: [DefNew: 932K->64K(960K), 0.0007336 secs] 6020K->5389K(12764K), 0.0007825 secs]
8.702: [GC 8.702: [DefNew: 960K->63K(960K), 0.0007305 secs] 6285K->5617K(12764K), 0.0007793 secs]
8.708: [GC 8.708: [DefNew: 959K->63K(960K), 0.0007040 secs] 6513K->5800K(12764K), 0.0007504 secs]
8.728: [GC 8.728: [DefNew: 959K->63K(960K), 0.0006466 secs] 6696K->6088K(12764K), 0.0006940 secs]
8.736: [GC 8.736: [DefNew: 959K->63K(960K), 0.0007231 secs] 6984K->6286K(12764K), 0.0007708 secs]
8.745: [GC 8.745: [DefNew: 845K->64K(960K), 0.0007543 secs] 7068K->6479K(12764K), 0.0008014 secs]
8.757: [GC 8.757: [DefNew: 913K->63K(960K), 0.0006650 secs] 7328K->6843K(12764K), 0.0007154 secs]
8.765: [GC 8.765: [DefNew: 904K->63K(960K), 0.0006453 secs] 7684K->7393K(12764K), 0.0006981 secs]
8.779: [GC 8.779: [DefNew: 959K->63K(960K), 0.0006429 secs] 8289K->7702K(12764K), 0.0006927 secs]
8.786: [GC 8.786: [DefNew: 932K->64K(960K), 0.0006195 secs] 8571K->8265K(12764K), 0.0006697 secs]
8.798: [GC 8.798: [DefNew: 952K->63K(960K), 0.0005846 secs] 9153K->8590K(12764K), 0.0006350 secs]
8.808: [GC 8.808: [DefNew: 959K->63K(960K), 0.0005539 secs] 9486K->9128K(12764K), 0.0006033 secs]
8.818: [GC 8.818: [DefNew: 959K->63K(960K), 0.0005543 secs] 10024K->9463K(12764K), 0.0006082 secs]
8.828: [GC 8.828: [DefNew: 959K->63K(960K), 0.0006898 secs] 10359K->10048K(12764K), 0.0007549 secs]
8.840: [GC 8.840: [DefNew: 959K->64K(960K), 0.0005683 secs] 10944K->10363K(12764K), 0.0006152 secs]
8.849: [GC 8.849: [DefNew: 479K->63K(960K), 0.0004919 secs] 10778K->10464K(12764K), 0.0005387 secs]
8.857: [GC 8.857: [DefNew: 898K->64K(960K), 0.0007025 secs] 11298K->11013K(12764K), 0.0007553 secs]
8.870: [GC 8.870: [DefNew: 960K->64K(960K), 0.0006230 secs] 11909K->11323K(12764K), 0.0006716 secs]
8.878: [GC 8.878: [DefNew: 931K->63K(960K), 0.0006771 secs]8.879: [Tenured: 11821K->6777K(11932K), 0.0364344 secs] 12190K->6777K(12892K), 0.0372166 secs]
8.927: [GC 8.927: [DefNew: 896K->64K(960K), 0.0005318 secs] 7673K->7125K(12764K), 0.0005805 secs]
8.936: [GC 8.936: [DefNew: 959K->54K(960K), 0.0005833 secs] 8021K->7664K(12764K), 0.0006345 secs]
8.947: [GC 8.947: [DefNew: 950K->63K(960K), 0.0005607 secs] 8560K->7998K(12764K), 0.0006071 secs]
8.957: [GC 8.957: [DefNew: 959K->64K(960K), 0.0007033 secs] 8894K->8584K(12764K), 0.0007554 secs]
8.968: [GC 8.968: [DefNew: 954K->64K(960K), 0.0005415 secs] 9474K->8899K(12764K), 0.0005918 secs]
8.978: [GC 8.978: [DefNew: 482K->63K(960K), 0.0004799 secs] 9317K->8999K(12764K), 0.0005250 secs]
8.986: [GC 8.986: [DefNew: 904K->63K(960K), 0.0007164 secs] 9840K->9549K(12764K), 0.0007681 secs]
8.999: [GC 8.999: [DefNew: 959K->63K(960K), 0.0006440 secs] 10445K->9858K(12764K), 0.0006928 secs]
9.011: [GC 9.011: [DefNew: 947K->48K(960K), 0.0005925 secs] 10742K->10460K(12764K), 0.0006482 secs]
9.027: [GC 9.027: [DefNew: 944K->64K(960K), 0.0005796 secs] 11356K->10698K(12764K), 0.0006297 secs]
9.034: [GC 9.034: [DefNew: 960K->63K(960K), 0.0007614 secs] 11594K->10896K(12764K), 0.0008097 secs]
9.053: [GC 9.053: [DefNew: 959K->63K(960K), 0.0006846 secs] 11792K->11169K(12764K), 0.0007334 secs]
9.063: [GC 9.063: [DefNew: 959K->64K(960K), 0.0007642 secs] 12065K->11382K(12764K), 0.0008101 secs]
9.080: [GC 9.080: [DefNew: 915K->63K(960K), 0.0007698 secs] 12233K->11652K(12764K), 0.0008221 secs]
9.089: [GC 9.089: [DefNew: 959K->63K(960K), 0.0006380 secs] 12548K->11845K(12764K), 0.0006840 secs]
9.097: [GC 9.097: [DefNew: 947K->63K(960K), 0.0008698 secs]9.098: [Tenured: 11979K->2549K(12060K), 0.0330397 secs] 12728K->2549K(13020K), 0.0340397 secs]
9.149: [GC 9.149: [DefNew: 896K->63K(960K), 0.0005072 secs] 3445K->2841K(12764K), 0.0005555 secs]
9.157: [GC 9.157: [DefNew: 959K->63K(960K), 0.0007145 secs] 3737K->3040K(12764K), 0.0007632 secs]
9.175: [GC 9.175: [DefNew: 959K->64K(960K), 0.0006027 secs] 3936K->3313K(12764K), 0.0006513 secs]
9.185: [GC 9.185: [DefNew: 960K->63K(960K), 0.0007371 secs] 4209K->3527K(12764K), 0.0007830 secs]
9.200: [GC 9.200: [DefNew: 957K->64K(960K), 0.0006980 secs] 4420K->3785K(12764K), 0.0007466 secs]
9.211: [GC 9.211: [DefNew: 960K->63K(960K), 0.0006816 secs] 4681K->3996K(12764K), 0.0007310 secs]
9.217: [GC 9.217: [DefNew: 959K->63K(960K), 0.0008018 secs] 4892K->4179K(12764K), 0.0008517 secs]
9.238: [GC 9.238: [DefNew: 959K->64K(960K), 0.0006578 secs] 5075K->4467K(12764K), 0.0007051 secs]
9.246: [GC 9.246: [DefNew: 960K->63K(960K), 0.0007110 secs] 5363K->4666K(12764K), 0.0007555 secs]
9.265: [GC 9.265: [DefNew: 959K->63K(960K), 0.0006643 secs] 5562K->4938K(12764K), 0.0007150 secs]
9.275: [GC 9.275: [DefNew: 959K->64K(960K), 0.0008428 secs] 5834K->5152K(12764K), 0.0008931 secs]
9.290: [GC 9.290: [DefNew: 959K->63K(960K), 0.0007616 secs] 6047K->5417K(12764K), 0.0008132 secs]
9.301: [GC 9.301: [DefNew: 959K->64K(960K), 0.0006367 secs] 6313K->5622K(12764K), 0.0006826 secs]
9.307: [GC 9.307: [DefNew: 960K->63K(960K), 0.0007706 secs] 6518K->5806K(12764K), 0.0008169 secs]
9.328: [GC 9.328: [DefNew: 959K->63K(960K), 0.0007080 secs] 6702K->6093K(12764K), 0.0007578 secs]
9.336: [GC 9.336: [DefNew: 959K->63K(960K), 0.0007099 secs] 6989K->6292K(12764K), 0.0007566 secs]
9.345: [GC 9.346: [DefNew: 943K->63K(960K), 0.0007381 secs] 7171K->6541K(12764K), 0.0007885 secs]
9.356: [GC 9.356: [DefNew: 796K->63K(960K), 0.0006982 secs] 7273K->6905K(12764K), 0.0007480 secs]
9.365: [GC 9.365: [DefNew: 906K->63K(960K), 0.0006346 secs] 7747K->7454K(12764K), 0.0006864 secs]
9.378: [GC 9.378: [DefNew: 959K->64K(960K), 0.0005971 secs] 8350K->7764K(12764K), 0.0006442 secs]
9.386: [GC 9.386: [DefNew: 932K->63K(960K), 0.0006328 secs] 8632K->8326K(12764K), 0.0006841 secs]
9.397: [GC 9.397: [DefNew: 951K->63K(960K), 0.0005824 secs] 9214K->8652K(12764K), 0.0006337 secs]
9.407: [GC 9.407: [DefNew: 959K->63K(960K), 0.0005656 secs] 9548K->9189K(12764K), 0.0006170 secs]
9.417: [GC 9.418: [DefNew: 959K->63K(960K), 0.0005763 secs] 10085K->9524K(12764K), 0.0006251 secs]
9.427: [GC 9.427: [DefNew: 959K->64K(960K), 0.0007938 secs] 10420K->10109K(12764K), 0.0008450 secs]
9.439: [GC 9.439: [DefNew: 941K->63K(960K), 0.0005363 secs] 10987K->10414K(12764K), 0.0005914 secs]
9.448: [GC 9.448: [DefNew: 503K->64K(960K), 0.0005083 secs] 10853K->10525K(12764K), 0.0005551 secs]
9.456: [GC 9.456: [DefNew: 899K->63K(960K), 0.0006724 secs] 11361K->11075K(12764K), 0.0007255 secs]
9.469: [GC 9.469: [DefNew: 959K->63K(960K), 0.0006315 secs] 11971K->11385K(12764K), 0.0006806 secs]
9.477: [GC 9.477: [DefNew: 959K->62K(960K), 0.0007498 secs]9.478: [Tenured: 11900K->6850K(12300K), 0.0367213 secs] 12281K->6850K(13260K), 0.0376047 secs]
9.527: [GC 9.527: [DefNew: 896K->63K(960K), 0.0005942 secs] 7746K->7202K(12764K), 0.0006451 secs]
9.536: [GC 9.536: [DefNew: 953K->61K(960K), 0.0006168 secs] 8092K->7749K(12764K), 0.0006674 secs]
9.547: [GC 9.547: [DefNew: 957K->63K(960K), 0.0006214 secs] 8645K->8079K(12764K), 0.0006710 secs]
9.557: [GC 9.557: [DefNew: 959K->63K(960K), 0.0007197 secs] 8975K->8664K(12764K), 0.0007714 secs]
9.568: [GC 9.568: [DefNew: 959K->64K(960K), 0.0005761 secs] 9560K->8993K(12764K), 0.0006267 secs]
9.578: [GC 9.578: [DefNew: 960K->63K(960K), 0.0006969 secs] 9889K->9578K(12764K), 0.0007490 secs]
9.590: [GC 9.590: [DefNew: 959K->63K(960K), 0.0005691 secs] 10474K->9880K(12764K), 0.0006154 secs]
9.600: [GC 9.600: [DefNew: 519K->63K(960K), 0.0005395 secs] 10336K->9994K(12764K), 0.0005894 secs]
9.617: [GC 9.617: [DefNew: 952K->52K(960K), 0.0006603 secs] 10882K->10627K(12764K), 0.0007158 secs]
9.628: [GC 9.628: [DefNew: 948K->63K(960K), 0.0006069 secs] 11523K->10832K(12764K), 0.0006530 secs]
9.634: [GC 9.634: [DefNew: 959K->63K(960K), 0.0007815 secs] 11728K->11016K(12764K), 0.0008269 secs]
9.654: [GC 9.655: [DefNew: 959K->63K(960K), 0.0006621 secs] 11912K->11303K(12764K), 0.0007136 secs]
9.662: [GC 9.662: [DefNew: 959K->63K(960K), 0.0007292 secs] 12199K->11502K(12764K), 0.0007760 secs]
9.681: [GC 9.681: [DefNew: 959K->64K(960K), 0.0007256 secs] 12398K->11774K(12764K), 0.0007768 secs]
9.691: [GC 9.691: [DefNew: 960K->63K(960K), 0.0008587 secs]9.692: [Tenured: 11923K->2402K(11932K), 0.0321522 secs] 12670K->2402K(12892K), 0.0331231 secs]
9.736: [GC 9.736: [DefNew: 877K->63K(960K), 0.0006601 secs] 3280K->2645K(12764K), 0.0007114 secs]
9.750: [GC 9.750: [DefNew: 959K->63K(960K), 0.0006609 secs] 3541K->2869K(12764K), 0.0007066 secs]
9.755: [GC 9.756: [DefNew: 959K->64K(960K), 0.0007170 secs] 3765K->3053K(12764K), 0.0007636 secs]
9.776: [GC 9.776: [DefNew: 936K->63K(960K), 0.0006093 secs] 3925K->3339K(12764K), 0.0006591 secs]
9.784: [GC 9.784: [DefNew: 959K->64K(960K), 0.0007311 secs] 4235K->3533K(12764K), 0.0007801 secs]
9.801: [GC 9.801: [DefNew: 905K->63K(960K), 0.0006719 secs] 4375K->3845K(12764K), 0.0007290 secs]
9.810: [GC 9.810: [DefNew: 959K->64K(960K), 0.0006503 secs] 4741K->4049K(12764K), 0.0006975 secs]
9.819: [GC 9.819: [DefNew: 960K->64K(960K), 0.0008115 secs] 4945K->4261K(12764K), 0.0008686 secs]
9.836: [GC 9.836: [DefNew: 960K->63K(960K), 0.0006271 secs] 5157K->4519K(12764K), 0.0006753 secs]
9.844: [GC 9.844: [DefNew: 959K->64K(960K), 0.0007647 secs] 5415K->4718K(12764K), 0.0008111 secs]
9.863: [GC 9.863: [DefNew: 960K->64K(960K), 0.0006103 secs] 5614K->4990K(12764K), 0.0006570 secs]
9.872: [GC 9.873: [DefNew: 960K->63K(960K), 0.0007770 secs] 5886K->5203K(12764K), 0.0008247 secs]
9.890: [GC 9.890: [DefNew: 942K->63K(960K), 0.0007296 secs] 6081K->5477K(12764K), 0.0007798 secs]
9.899: [GC 9.899: [DefNew: 959K->63K(960K), 0.0006602 secs] 6373K->5670K(12764K), 0.0007073 secs]
9.907: [GC 9.907: [DefNew: 950K->63K(960K), 0.0008310 secs] 6557K->5869K(12764K), 0.0008810 secs]
9.926: [GC 9.926: [DefNew: 959K->63K(960K), 0.0006236 secs] 6765K->6137K(12764K), 0.0006733 secs]
9.933: [GC 9.933: [DefNew: 959K->63K(960K), 0.0007675 secs] 7033K->6336K(12764K), 0.0008151 secs]
9.943: [GC 9.943: [DefNew: 877K->63K(960K), 0.0007283 secs] 7150K->6573K(12764K), 0.0007817 secs]
9.954: [GC 9.954: [DefNew: 793K->63K(960K), 0.0006982 secs] 7302K->6937K(12764K), 0.0007506 secs]
9.963: [GC 9.963: [DefNew: 905K->63K(960K), 0.0006148 secs] 7778K->7486K(12764K), 0.0006658 secs]
9.976: [GC 9.976: [DefNew: 959K->63K(960K), 0.0006077 secs] 8382K->7796K(12764K), 0.0006567 secs]
9.984: [GC 9.984: [DefNew: 932K->63K(960K), 0.0006450 secs] 8664K->8358K(12764K), 0.0007007 secs]
9.996: [GC 9.996: [DefNew: 950K->64K(960K), 0.0006369 secs] 9245K->8684K(12764K), 0.0006926 secs]
10.007: [GC 10.007: [DefNew: 960K->63K(960K), 0.0005806 secs] 9580K->9222K(12764K), 0.0006401 secs]
10.018: [GC 10.018: [DefNew: 959K->64K(960K), 0.0005973 secs] 10118K->9556K(12764K), 0.0006521 secs]
10.029: [GC 10.029: [DefNew: 960K->63K(960K), 0.0007218 secs] 10452K->10141K(12764K), 0.0007757 secs]
10.041: [GC 10.041: [DefNew: 940K->64K(960K), 0.0005583 secs] 11018K->10445K(12764K), 0.0006102 secs]
10.050: [GC 10.050: [DefNew: 505K->63K(960K), 0.0005288 secs] 10886K->10557K(12764K), 0.0005783 secs]
10.058: [GC 10.058: [DefNew: 899K->63K(960K), 0.0006524 secs] 11393K->11107K(12764K), 0.0007062 secs]
10.072: [GC 10.072: [DefNew: 959K->63K(960K), 0.0006378 secs] 12003K->11416K(12764K), 0.0006891 secs]
10.079: [GC 10.079: [DefNew: 932K->64K(960K), 0.0008081 secs]10.080: [Tenured: 11915K->6866K(12300K), 0.0366281 secs] 12285K->6866K(13260K), 0.0375563 secs]
10.129: [GC 10.129: [DefNew: 896K->63K(960K), 0.0005466 secs] 7762K->7214K(12764K), 0.0005963 secs]
10.139: [GC 10.139: [DefNew: 954K->53K(960K), 0.0005875 secs] 8104K->7753K(12764K), 0.0006417 secs]
10.150: [GC 10.150: [DefNew: 949K->64K(960K), 0.0005665 secs] 8649K->8088K(12764K), 0.0006145 secs]
10.160: [GC 10.160: [DefNew: 960K->63K(960K), 0.0007406 secs] 8984K->8673K(12764K), 0.0007961 secs]
10.171: [GC 10.171: [DefNew: 955K->63K(960K), 0.0005729 secs] 9564K->8988K(12764K), 0.0006981 secs]
10.180: [GC 10.181: [DefNew: 484K->64K(960K), 0.0004754 secs] 9408K->9089K(12764K), 0.0005217 secs]
10.189: [GC 10.189: [DefNew: 903K->63K(960K), 0.0006798 secs] 9928K->9638K(12764K), 0.0007462 secs]
10.202: [GC 10.202: [DefNew: 959K->64K(960K), 0.0006716 secs] 10534K->9948K(12764K), 0.0007236 secs]
10.214: [GC 10.214: [DefNew: 946K->48K(960K), 0.0006065 secs] 10830K->10549K(12764K), 0.0006585 secs]
10.229: [GC 10.229: [DefNew: 944K->63K(960K), 0.0005782 secs] 11445K->10787K(12764K), 0.0006273 secs]
10.237: [GC 10.237: [DefNew: 959K->63K(960K), 0.0008929 secs] 11683K->10986K(12764K), 0.0009488 secs]
10.256: [GC 10.256: [DefNew: 959K->63K(960K), 0.0006995 secs] 11882K->11258K(12764K), 0.0007506 secs]
10.266: [GC 10.266: [DefNew: 959K->64K(960K), 0.0008302 secs] 12154K->11471K(12764K), 0.0008801 secs]
10.283: [GC 10.283: [DefNew: 918K->63K(960K), 0.0007763 secs] 12326K->11741K(12764K), 0.0008298 secs]
10.293: [GC 10.293: [DefNew: 959K->64K(960K), 0.0007737 secs]10.294: [Tenured: 11870K->2350K(11932K), 0.0327444 secs] 12637K->2350K(12892K), 0.0336440 secs]
10.334: [GC 10.334: [DefNew: 887K->64K(960K), 0.0006781 secs] 3238K->2549K(12764K), 0.0007289 secs]
10.352: [GC 10.352: [DefNew: 960K->63K(960K), 0.0006106 secs] 3445K->2817K(12764K), 0.0006579 secs]
10.360: [GC 10.360: [DefNew: 959K->63K(960K), 0.0007280 secs] 3713K->3016K(12764K), 0.0007749 secs]
10.379: [GC 10.379: [DefNew: 959K->63K(960K), 0.0006196 secs] 3912K->3288K(12764K), 0.0006669 secs]
10.388: [GC 10.388: [DefNew: 959K->63K(960K), 0.0007347 secs] 4184K->3502K(12764K), 0.0007809 secs]
10.403: [GC 10.404: [DefNew: 959K->64K(960K), 0.0008232 secs] 4398K->3761K(12764K), 0.0008779 secs]
10.415: [GC 10.415: [DefNew: 960K->63K(960K), 0.0006593 secs] 4657K->3972K(12764K), 0.0007069 secs]
10.421: [GC 10.421: [DefNew: 959K->64K(960K), 0.0008352 secs] 4868K->4155K(12764K), 0.0008863 secs]
10.442: [GC 10.442: [DefNew: 960K->64K(960K), 0.0006048 secs] 5051K->4443K(12764K), 0.0006523 secs]
10.449: [GC 10.449: [DefNew: 960K->63K(960K), 0.0007080 secs] 5339K->4641K(12764K), 0.0007589 secs]
10.468: [GC 10.468: [DefNew: 959K->64K(960K), 0.0006623 secs] 5537K->4914K(12764K), 0.0007129 secs]
10.478: [GC 10.478: [DefNew: 960K->64K(960K), 0.0007564 secs] 5810K->5127K(12764K), 0.0008020 secs]
10.491: [GC 10.491: [DefNew: 933K->64K(960K), 0.0007020 secs] 5996K->5365K(12764K), 0.0007500 secs]
10.504: [GC 10.504: [DefNew: 960K->63K(960K), 0.0006607 secs] 6261K->5593K(12764K), 0.0007075 secs]
10.510: [GC 10.510: [DefNew: 959K->63K(960K), 0.0006791 secs] 6489K->5777K(12764K), 0.0007232 secs]
10.530: [GC 10.530: [DefNew: 959K->63K(960K), 0.0006711 secs] 6673K->6064K(12764K), 0.0007258 secs]
10.538: [GC 10.538: [DefNew: 959K->63K(960K), 0.0006909 secs] 6960K->6262K(12764K), 0.0007368 secs]
10.547: [GC 10.547: [DefNew: 846K->64K(960K), 0.0007773 secs] 7045K->6455K(12764K), 0.0008270 secs]
10.559: [GC 10.559: [DefNew: 913K->63K(960K), 0.0006533 secs] 7305K->6819K(12764K), 0.0007017 secs]
10.567: [GC 10.567: [DefNew: 905K->63K(960K), 0.0006750 secs] 7661K->7369K(12764K), 0.0007262 secs]
10.581: [GC 10.581: [DefNew: 959K->63K(960K), 0.0006075 secs] 8265K->7679K(12764K), 0.0006574 secs]
10.588: [GC 10.588: [DefNew: 932K->63K(960K), 0.0006278 secs] 8547K->8241K(12764K), 0.0006782 secs]
10.600: [GC 10.600: [DefNew: 952K->64K(960K), 0.0005713 secs] 9129K->8567K(12764K), 0.0006198 secs]
10.609: [GC 10.609: [DefNew: 960K->63K(960K), 0.0005607 secs] 9463K->9104K(12764K), 0.0006105 secs]
10.620: [GC 10.620: [DefNew: 959K->63K(960K), 0.0005784 secs] 10000K->9439K(12764K), 0.0006272 secs]
10.630: [GC 10.630: [DefNew: 959K->63K(960K), 0.0007002 secs] 10335K->10024K(12764K), 0.0007542 secs]
10.642: [GC 10.642: [DefNew: 959K->64K(960K), 0.0005453 secs] 10920K->10339K(12764K), 0.0005950 secs]
10.651: [GC 10.651: [DefNew: 479K->63K(960K), 0.0004993 secs] 10755K->10440K(12764K), 0.0005448 secs]
10.659: [GC 10.659: [DefNew: 899K->63K(960K), 0.0006844 secs] 11275K->10989K(12764K), 0.0007378 secs]
10.673: [GC 10.673: [DefNew: 959K->63K(960K), 0.0006711 secs] 11885K->11299K(12764K), 0.0007241 secs]
10.681: [GC 10.681: [DefNew: 930K->63K(960K), 0.0006508 secs]10.682: [Tenured: 11798K->6753K(11804K), 0.0391581 secs] 12166K->6753K(12764K), 0.0398944 secs]
10.732: [GC 10.732: [DefNew: 886K->64K(960K), 0.0005598 secs] 7639K->7095K(12764K), 0.0006130 secs]
10.741: [GC 10.741: [DefNew: 958K->61K(960K), 0.0005702 secs] 7990K->7631K(12764K), 0.0006224 secs]
10.752: [GC 10.752: [DefNew: 957K->63K(960K), 0.0005847 secs] 8527K->7967K(12764K), 0.0006318 secs]
10.762: [GC 10.762: [DefNew: 959K->64K(960K), 0.0007208 secs] 8863K->8552K(12764K), 0.0007708 secs]
10.774: [GC 10.774: [DefNew: 945K->63K(960K), 0.0005383 secs] 9434K->8856K(12764K), 0.0005885 secs]
10.783: [GC 10.783: [DefNew: 501K->63K(960K), 0.0005997 secs] 9294K->8968K(12764K), 0.0006493 secs]
10.791: [GC 10.791: [DefNew: 959K->63K(960K), 0.0008024 secs] 9864K->9549K(12764K), 0.0008548 secs]
10.806: [GC 10.806: [DefNew: 922K->63K(960K), 0.0006060 secs] 10407K->9844K(12764K), 0.0006556 secs]
10.817: [GC 10.817: [DefNew: 948K->44K(960K), 0.0006002 secs] 10728K->10446K(12764K), 0.0006529 secs]
10.832: [GC 10.832: [DefNew: 940K->64K(960K), 0.0006176 secs] 11342K->10688K(12764K), 0.0006691 secs]
10.839: [GC 10.839: [DefNew: 960K->63K(960K), 0.0007420 secs] 11584K->10887K(12764K), 0.0007885 secs]
10.858: [GC 10.858: [DefNew: 959K->64K(960K), 0.0006740 secs] 11783K->11159K(12764K), 0.0007214 secs]
10.868: [GC 10.868: [DefNew: 960K->64K(960K), 0.0007929 secs] 12055K->11373K(12764K), 0.0008403 secs]
10.885: [GC 10.885: [DefNew: 952K->63K(960K), 0.0007480 secs] 12262K->11694K(12764K), 0.0007990 secs]
10.894: [GC 10.895: [DefNew: 959K->63K(960K), 0.0007434 secs]10.895: [Tenured: 11833K->2361K(11932K), 0.0325012 secs] 12590K->2361K(12892K), 0.0333567 secs]
10.937: [GC 10.937: [DefNew: 880K->64K(960K), 0.0007440 secs] 3241K->2574K(12764K), 0.0007940 secs]
10.954: [GC 10.954: [DefNew: 960K->63K(960K), 0.0006468 secs] 3470K->2827K(12764K), 0.0006967 secs]
10.961: [GC 10.962: [DefNew: 959K->63K(960K), 0.0007198 secs] 3723K->3026K(12764K), 0.0007660 secs]
10.980: [GC 10.980: [DefNew: 959K->64K(960K), 0.0006228 secs] 3922K->3298K(12764K), 0.0006708 secs]
10.990: [GC 10.990: [DefNew: 960K->64K(960K), 0.0007624 secs] 4194K->3511K(12764K), 0.0008119 secs]
11.007: [GC 11.007: [DefNew: 935K->63K(960K), 0.0007353 secs] 4382K->3789K(12764K), 0.0007839 secs]
11.016: [GC 11.016: [DefNew: 959K->63K(960K), 0.0006578 secs] 4685K->3977K(12764K), 0.0007056 secs]
11.022: [GC 11.022: [DefNew: 954K->63K(960K), 0.0007206 secs] 4868K->4157K(12764K), 0.0007667 secs]
11.043: [GC 11.043: [DefNew: 959K->63K(960K), 0.0006104 secs] 5053K->4444K(12764K), 0.0006603 secs]
11.050: [GC 11.050: [DefNew: 959K->64K(960K), 0.0007838 secs] 5340K->4643K(12764K), 0.0008312 secs]
11.069: [GC 11.069: [DefNew: 960K->64K(960K), 0.0006317 secs] 5539K->4916K(12764K), 0.0006795 secs]
11.079: [GC 11.079: [DefNew: 960K->63K(960K), 0.0008827 secs] 5812K->5129K(12764K), 0.0009322 secs]
11.094: [GC 11.094: [DefNew: 959K->63K(960K), 0.0007545 secs] 6024K->5393K(12764K), 0.0008046 secs]
11.106: [GC 11.106: [DefNew: 959K->64K(960K), 0.0006529 secs] 6289K->5598K(12764K), 0.0006979 secs]
11.112: [GC 11.112: [DefNew: 960K->63K(960K), 0.0008093 secs] 6494K->5782K(12764K), 0.0008625 secs]
11.132: [GC 11.132: [DefNew: 959K->63K(960K), 0.0006693 secs] 6678K->6069K(12764K), 0.0007175 secs]
11.140: [GC 11.140: [DefNew: 959K->64K(960K), 0.0008035 secs] 6965K->6268K(12764K), 0.0008532 secs]
11.150: [GC 11.150: [DefNew: 940K->63K(960K), 0.0007238 secs] 7144K->6517K(12764K), 0.0007732 secs]
11.161: [GC 11.161: [DefNew: 796K->63K(960K), 0.0006652 secs] 7249K->6881K(12764K), 0.0007168 secs]
11.169: [GC 11.169: [DefNew: 906K->63K(960K), 0.0006409 secs] 7723K->7430K(12764K), 0.0006918 secs]
11.183: [GC 11.183: [DefNew: 959K->63K(960K), 0.0005961 secs] 8326K->7740K(12764K), 0.0006436 secs]
11.190: [GC 11.190: [DefNew: 932K->63K(960K), 0.0006181 secs] 8609K->8302K(12764K), 0.0006689 secs]
11.202: [GC 11.202: [DefNew: 951K->63K(960K), 0.0005722 secs] 9190K->8628K(12764K), 0.0006207 secs]
11.211: [GC 11.212: [DefNew: 959K->63K(960K), 0.0005851 secs] 9524K->9166K(12764K), 0.0006948 secs]
11.222: [GC 11.222: [DefNew: 959K->63K(960K), 0.0005605 secs] 10062K->9500K(12764K), 0.0006079 secs]
11.232: [GC 11.232: [DefNew: 959K->63K(960K), 0.0007269 secs] 10396K->10085K(12764K), 0.0007799 secs]
11.244: [GC 11.244: [DefNew: 940K->64K(960K), 0.0005459 secs] 10961K->10389K(12764K), 0.0005972 secs]
11.253: [GC 11.253: [DefNew: 504K->63K(960K), 0.0005239 secs] 10829K->10501K(12764K), 0.0005721 secs]
11.261: [GC 11.262: [DefNew: 899K->64K(960K), 0.0006625 secs] 11337K->11051K(12764K), 0.0007161 secs]
11.275: [GC 11.275: [DefNew: 960K->64K(960K), 0.0006518 secs] 11947K->11360K(12764K), 0.0007032 secs]
11.283: [GC 11.283: [DefNew: 930K->63K(960K), 0.0007293 secs]11.283: [Tenured: 11859K->6810K(11932K), 0.0366679 secs] 12227K->6810K(12892K), 0.0375077 secs]
11.331: [GC 11.331: [DefNew: 886K->64K(960K), 0.0006215 secs] 7696K->7152K(12764K), 0.0006734 secs]
11.341: [GC 11.341: [DefNew: 960K->63K(960K), 0.0005582 secs] 8048K->7690K(12764K), 0.0006085 secs]
11.352: [GC 11.352: [DefNew: 959K->63K(960K), 0.0005686 secs] 8586K->8024K(12764K), 0.0006281 secs]
11.362: [GC 11.362: [DefNew: 959K->64K(960K), 0.0007283 secs] 8920K->8609K(12764K), 0.0007788 secs]
11.373: [GC 11.374: [DefNew: 957K->63K(960K), 0.0005588 secs] 9503K->8924K(12764K), 0.0006089 secs]
11.383: [GC 11.383: [DefNew: 481K->64K(960K), 0.0004715 secs] 9342K->9025K(12764K), 0.0005156 secs]
11.391: [GC 11.391: [DefNew: 903K->63K(960K), 0.0007832 secs] 9865K->9575K(12764K), 0.0008407 secs]
11.404: [GC 11.404: [DefNew: 959K->63K(960K), 0.0006939 secs] 10471K->9885K(12764K), 0.0007509 secs]
11.416: [GC 11.416: [DefNew: 945K->48K(960K), 0.0005988 secs] 10766K->10486K(12764K), 0.0006521 secs]
11.431: [GC 11.431: [DefNew: 944K->64K(960K), 0.0006140 secs] 11382K->10724K(12764K), 0.0006631 secs]
11.439: [GC 11.439: [DefNew: 960K->63K(960K), 0.0007782 secs] 11620K->10922K(12764K), 0.0008257 secs]
11.458: [GC 11.458: [DefNew: 959K->64K(960K), 0.0006943 secs] 11818K->11195K(12764K), 0.0007449 secs]
11.468: [GC 11.468: [DefNew: 960K->64K(960K), 0.0007883 secs] 12091K->11408K(12764K), 0.0008360 secs]
11.485: [GC 11.485: [DefNew: 916K->63K(960K), 0.0007414 secs] 12260K->11678K(12764K), 0.0007922 secs]
11.494: [GC 11.494: [DefNew: 959K->63K(960K), 0.0006540 secs]11.495: [Tenured: 11807K->2350K(11932K), 0.0323838 secs] 12574K->2350K(12892K), 0.0331303 secs]
11.535: [GC 11.535: [DefNew: 884K->64K(960K), 0.0006790 secs] 3235K->2549K(12764K), 0.0007289 secs]
11.553: [GC 11.553: [DefNew: 960K->63K(960K), 0.0006114 secs] 3445K->2817K(12764K), 0.0006587 secs]
11.561: [GC 11.561: [DefNew: 959K->63K(960K), 0.0007226 secs] 3713K->3016K(12764K), 0.0007692 secs]
11.580: [GC 11.580: [DefNew: 959K->63K(960K), 0.0006576 secs] 3912K->3288K(12764K), 0.0007089 secs]
11.589: [GC 11.589: [DefNew: 959K->63K(960K), 0.0007429 secs] 4184K->3502K(12764K), 0.0007906 secs]
11.605: [GC 11.605: [DefNew: 958K->64K(960K), 0.0007150 secs] 4396K->3761K(12764K), 0.0007635 secs]
11.616: [GC 11.616: [DefNew: 960K->63K(960K), 0.0006433 secs] 4657K->3971K(12764K), 0.0006885 secs]
11.622: [GC 11.622: [DefNew: 959K->63K(960K), 0.0007137 secs] 4867K->4155K(12764K), 0.0007570 secs]
11.643: [GC 11.643: [DefNew: 959K->63K(960K), 0.0006161 secs] 5051K->4442K(12764K), 0.0006646 secs]
11.650: [GC 11.650: [DefNew: 959K->63K(960K), 0.0007174 secs] 5338K->4641K(12764K), 0.0007633 secs]
11.669: [GC 11.669: [DefNew: 959K->63K(960K), 0.0006529 secs] 5537K->4913K(12764K), 0.0007019 secs]
11.679: [GC 11.679: [DefNew: 959K->64K(960K), 0.0008069 secs] 5809K->5127K(12764K), 0.0008581 secs]
11.692: [GC 11.692: [DefNew: 932K->64K(960K), 0.0006967 secs] 5995K->5365K(12764K), 0.0007439 secs]
11.706: [GC 11.706: [DefNew: 960K->63K(960K), 0.0006946 secs] 6261K->5593K(12764K), 0.0007438 secs]
11.712: [GC 11.712: [DefNew: 959K->63K(960K), 0.0007080 secs] 6489K->5776K(12764K), 0.0007530 secs]
11.733: [GC 11.733: [DefNew: 959K->64K(960K), 0.0006778 secs] 6672K->6064K(12764K), 0.0007262 secs]
11.740: [GC 11.741: [DefNew: 960K->63K(960K), 0.0006879 secs] 6960K->6262K(12764K), 0.0007327 secs]
11.749: [GC 11.750: [DefNew: 846K->64K(960K), 0.0008753 secs] 7044K->6455K(12764K), 0.0009262 secs]
11.761: [GC 11.761: [DefNew: 912K->63K(960K), 0.0006531 secs] 7304K->6819K(12764K), 0.0007055 secs]
11.770: [GC 11.770: [DefNew: 904K->64K(960K), 0.0006347 secs] 7660K->7369K(12764K), 0.0006889 secs]
11.783: [GC 11.783: [DefNew: 960K->63K(960K), 0.0007694 secs] 8265K->7678K(12764K), 0.0008215 secs]
11.791: [GC 11.791: [DefNew: 932K->63K(960K), 0.0007963 secs] 8547K->8241K(12764K), 0.0009160 secs]
11.802: [GC 11.802: [DefNew: 951K->63K(960K), 0.0005676 secs] 9128K->8566K(12764K), 0.0006175 secs]
11.812: [GC 11.812: [DefNew: 957K->61K(960K), 0.0005916 secs] 9459K->9102K(12764K), 0.0006441 secs]
11.823: [GC 11.823: [DefNew: 957K->64K(960K), 0.0005470 secs] 9998K->9438K(12764K), 0.0005941 secs]
11.833: [GC 11.833: [DefNew: 960K->63K(960K), 0.0007354 secs] 10334K->10023K(12764K), 0.0007963 secs]
11.844: [GC 11.844: [DefNew: 944K->64K(960K), 0.0005471 secs] 10903K->10327K(12764K), 0.0005969 secs]
11.854: [GC 11.854: [DefNew: 501K->64K(960K), 0.0005131 secs] 10764K->10439K(12764K), 0.0005683 secs]
11.862: [GC 11.862: [DefNew: 899K->63K(960K), 0.0006745 secs] 11275K->10988K(12764K), 0.0007284 secs]
11.875: [GC 11.875: [DefNew: 959K->63K(960K), 0.0006328 secs] 11884K->11298K(12764K), 0.0006833 secs]
11.883: [GC 11.883: [DefNew: 930K->63K(960K), 0.0006762 secs]11.884: [Tenured: 11796K->6753K(11804K), 0.0361586 secs] 12165K->6753K(12764K), 0.0369200 secs]
11.931: [GC 11.931: [DefNew: 886K->64K(960K), 0.0005744 secs] 7639K->7095K(12764K), 0.0006251 secs]
11.941: [GC 11.941: [DefNew: 958K->61K(960K), 0.0005503 secs] 7989K->7631K(12764K), 0.0006006 secs]
11.952: [GC 11.952: [DefNew: 957K->63K(960K), 0.0006008 secs] 8527K->7967K(12764K), 0.0006498 secs]
11.962: [GC 11.962: [DefNew: 959K->63K(960K), 0.0007168 secs] 8863K->8552K(12764K), 0.0007666 secs]
11.974: [GC 11.974: [DefNew: 946K->64K(960K), 0.0005944 secs] 9434K->8856K(12764K), 0.0006508 secs]
11.984: [GC 11.984: [DefNew: 504K->63K(960K), 0.0005501 secs] 9296K->8968K(12764K), 0.0006008 secs]
11.992: [GC 11.992: [DefNew: 898K->63K(960K), 0.0006619 secs] 9803K->9518K(12764K), 0.0007165 secs]
12.005: [GC 12.005: [DefNew: 959K->64K(960K), 0.0006329 secs] 10414K->9827K(12764K), 0.0006822 secs]
12.017: [GC 12.017: [DefNew: 942K->48K(960K), 0.0006139 secs] 10706K->10429K(12764K), 0.0006687 secs]
12.032: [GC 12.032: [DefNew: 944K->63K(960K), 0.0006046 secs] 11325K->10666K(12764K), 0.0006544 secs]
12.040: [GC 12.040: [DefNew: 959K->63K(960K), 0.0008036 secs] 11562K->10865K(12764K), 0.0008518 secs]
12.059: [GC 12.059: [DefNew: 959K->64K(960K), 0.0007030 secs] 11761K->11137K(12764K), 0.0007531 secs]
12.068: [GC 12.068: [DefNew: 960K->63K(960K), 0.0007900 secs] 12033K->11351K(12764K), 0.0008371 secs]
12.085: [GC 12.085: [DefNew: 917K->63K(960K), 0.0007449 secs] 12204K->11621K(12764K), 0.0007963 secs]
12.095: [GC 12.095: [DefNew: 959K->63K(960K), 0.0006855 secs] 12517K->11814K(12764K), 0.0007335 secs]
12.102: [GC 12.102: [DefNew: 940K->63K(960K), 0.0008840 secs]12.103: [Tenured: 11949K->2549K(12060K), 0.0335093 secs] 12690K->2549K(13020K), 0.0345053 secs]
12.155: [GC 12.155: [DefNew: 896K->63K(960K), 0.0005683 secs] 3445K->2841K(12764K), 0.0006184 secs]
12.163: [GC 12.163: [DefNew: 959K->63K(960K), 0.0006884 secs] 3737K->3040K(12764K), 0.0007332 secs]
12.181: [GC 12.182: [DefNew: 959K->63K(960K), 0.0006126 secs] 3936K->3313K(12764K), 0.0006609 secs]
12.191: [GC 12.191: [DefNew: 959K->63K(960K), 0.0007563 secs] 4209K->3527K(12764K), 0.0008038 secs]
12.206: [GC 12.207: [DefNew: 956K->64K(960K), 0.0007486 secs] 4420K->3785K(12764K), 0.0008005 secs]
12.218: [GC 12.218: [DefNew: 960K->63K(960K), 0.0006673 secs] 4681K->3996K(12764K), 0.0007140 secs]
12.224: [GC 12.224: [DefNew: 959K->64K(960K), 0.0007608 secs] 4892K->4179K(12764K), 0.0008056 secs]
12.245: [GC 12.245: [DefNew: 960K->64K(960K), 0.0006311 secs] 5075K->4467K(12764K), 0.0006798 secs]
12.253: [GC 12.253: [DefNew: 960K->63K(960K), 0.0007444 secs] 5363K->4666K(12764K), 0.0007925 secs]
12.272: [GC 12.272: [DefNew: 959K->63K(960K), 0.0006491 secs] 5562K->4938K(12764K), 0.0006992 secs]
12.281: [GC 12.281: [DefNew: 959K->64K(960K), 0.0008104 secs] 5834K->5151K(12764K), 0.0008585 secs]
12.294: [GC 12.294: [DefNew: 935K->64K(960K), 0.0007552 secs] 6023K->5389K(12764K), 0.0008044 secs]
12.308: [GC 12.308: [DefNew: 960K->63K(960K), 0.0006581 secs] 6285K->5617K(12764K), 0.0007116 secs]
12.314: [GC 12.314: [DefNew: 959K->64K(960K), 0.0007334 secs] 6513K->5800K(12764K), 0.0007810 secs]
12.334: [GC 12.334: [DefNew: 960K->64K(960K), 0.0007070 secs] 6696K->6088K(12764K), 0.0007567 secs]
12.342: [GC 12.342: [DefNew: 960K->63K(960K), 0.0007820 secs] 6984K->6286K(12764K), 0.0008367 secs]
12.351: [GC 12.351: [DefNew: 857K->64K(960K), 0.0008278 secs] 7080K->6479K(12764K), 0.0008782 secs]
12.363: [GC 12.363: [DefNew: 914K->64K(960K), 0.0007118 secs] 7330K->6843K(12764K), 0.0007657 secs]
12.371: [GC 12.371: [DefNew: 905K->63K(960K), 0.0007167 secs] 7685K->7393K(12764K), 0.0007721 secs]
12.385: [GC 12.385: [DefNew: 959K->64K(960K), 0.0006792 secs] 8289K->7703K(12764K), 0.0007310 secs]
12.392: [GC 12.392: [DefNew: 934K->63K(960K), 0.0006593 secs] 8573K->8265K(12764K), 0.0007128 secs]
12.405: [GC 12.405: [DefNew: 959K->63K(960K), 0.0006216 secs] 9161K->8596K(12764K), 0.0006752 secs]
12.414: [GC 12.414: [DefNew: 959K->53K(960K), 0.0005689 secs] 9492K->9136K(12764K), 0.0006200 secs]
12.425: [GC 12.425: [DefNew: 949K->64K(960K), 0.0005772 secs] 10032K->9470K(12764K), 0.0006267 secs]
12.435: [GC 12.435: [DefNew: 960K->64K(960K), 0.0007598 secs] 10366K->10055K(12764K), 0.0008139 secs]
12.446: [GC 12.446: [DefNew: 950K->64K(960K), 0.0005467 secs] 10942K->10370K(12764K), 0.0005980 secs]
12.456: [GC 12.456: [DefNew: 481K->63K(960K), 0.0005214 secs] 10787K->10471K(12764K), 0.0005728 secs]
12.464: [GC 12.464: [DefNew: 899K->64K(960K), 0.0006924 secs] 11306K->11021K(12764K), 0.0007463 secs]
12.478: [GC 12.478: [DefNew: 960K->63K(960K), 0.0006177 secs] 11917K->11330K(12764K), 0.0006680 secs]
12.485: [GC 12.486: [DefNew: 930K->63K(960K), 0.0006964 secs]12.486: [Tenured: 11829K->6777K(11932K), 0.0366857 secs] 12197K->6777K(12892K), 0.0374952 secs]
12.534: [GC 12.534: [DefNew: 886K->63K(960K), 0.0005908 secs] 7663K->7119K(12764K), 0.0006442 secs]
12.544: [GC 12.544: [DefNew: 958K->61K(960K), 0.0006150 secs] 8013K->7655K(12764K), 0.0006698 secs]
12.555: [GC 12.555: [DefNew: 957K->63K(960K), 0.0005717 secs] 8551K->7991K(12764K), 0.0006206 secs]
12.565: [GC 12.565: [DefNew: 959K->63K(960K), 0.0007516 secs] 8887K->8576K(12764K), 0.0008044 secs]
12.576: [GC 12.577: [DefNew: 942K->64K(960K), 0.0005288 secs] 9454K->8880K(12764K), 0.0005791 secs]
12.586: [GC 12.586: [DefNew: 502K->63K(960K), 0.0005403 secs] 9319K->8992K(12764K), 0.0005900 secs]
12.595: [GC 12.595: [DefNew: 898K->64K(960K), 0.0007305 secs] 9827K->9541K(12764K), 0.0007896 secs]
12.608: [GC 12.608: [DefNew: 960K->63K(960K), 0.0006436 secs] 10437K->9851K(12764K), 0.0006935 secs]
12.620: [GC 12.620: [DefNew: 947K->48K(960K), 0.0006038 secs] 10734K->10452K(12764K), 0.0006579 secs]
12.635: [GC 12.635: [DefNew: 944K->64K(960K), 0.0006396 secs] 11348K->10690K(12764K), 0.0006895 secs]
12.643: [GC 12.643: [DefNew: 960K->63K(960K), 0.0008544 secs] 11586K->10889K(12764K), 0.0009079 secs]
12.662: [GC 12.662: [DefNew: 959K->64K(960K), 0.0006966 secs] 11785K->11161K(12764K), 0.0007476 secs]
12.672: [GC 12.672: [DefNew: 960K->64K(960K), 0.0008051 secs] 12057K->11375K(12764K), 0.0008534 secs]
12.690: [GC 12.690: [DefNew: 916K->63K(960K), 0.0007644 secs] 12227K->11644K(12764K), 0.0008217 secs]
12.699: [GC 12.699: [DefNew: 959K->63K(960K), 0.0007903 secs] 12540K->11837K(12764K), 0.0008434 secs]
12.707: [GC 12.708: [DefNew: 951K->63K(960K), 0.0009200 secs]12.708: [Tenured: 11972K->2549K(12060K), 0.0329677 secs] 12725K->2549K(13020K), 0.0340088 secs]
12.760: [GC 12.760: [DefNew: 896K->63K(960K), 0.0005438 secs] 3445K->2841K(12764K), 0.0005935 secs]
12.768: [GC 12.768: [DefNew: 959K->64K(960K), 0.0007592 secs] 3737K->3040K(12764K), 0.0008095 secs]
12.787: [GC 12.787: [DefNew: 960K->63K(960K), 0.0006475 secs] 3936K->3312K(12764K), 0.0006973 secs]
12.796: [GC 12.796: [DefNew: 959K->64K(960K), 0.0007643 secs] 4208K->3526K(12764K), 0.0008106 secs]
12.811: [GC 12.811: [DefNew: 957K->64K(960K), 0.0008199 secs] 4420K->3785K(12764K), 0.0008716 secs]
12.823: [GC 12.823: [DefNew: 960K->63K(960K), 0.0006422 secs] 4681K->3995K(12764K), 0.0006922 secs]
12.829: [GC 12.829: [DefNew: 959K->63K(960K), 0.0007901 secs] 4891K->4179K(12764K), 0.0008397 secs]
12.849: [GC 12.849: [DefNew: 959K->63K(960K), 0.0006095 secs] 5075K->4466K(12764K), 0.0006587 secs]
12.857: [GC 12.857: [DefNew: 959K->64K(960K), 0.0007212 secs] 5362K->4665K(12764K), 0.0007703 secs]
12.876: [GC 12.876: [DefNew: 960K->63K(960K), 0.0006507 secs] 5561K->4937K(12764K), 0.0006997 secs]
12.885: [GC 12.885: [DefNew: 959K->63K(960K), 0.0007520 secs] 5833K->5151K(12764K), 0.0007974 secs]
12.898: [GC 12.899: [DefNew: 945K->64K(960K), 0.0007581 secs] 6032K->5389K(12764K), 0.0008102 secs]
12.912: [GC 12.912: [DefNew: 960K->63K(960K), 0.0007569 secs] 6285K->5617K(12764K), 0.0008095 secs]
12.918: [GC 12.918: [DefNew: 959K->63K(960K), 0.0007029 secs] 6513K->5800K(12764K), 0.0007479 secs]
12.939: [GC 12.939: [DefNew: 959K->63K(960K), 0.0007207 secs] 6696K->6088K(12764K), 0.0007711 secs]
12.947: [GC 12.947: [DefNew: 959K->63K(960K), 0.0007301 secs] 6984K->6286K(12764K), 0.0007764 secs]
12.956: [GC 12.956: [DefNew: 857K->64K(960K), 0.0007754 secs] 7080K->6479K(12764K), 0.0008251 secs]
12.968: [GC 12.968: [DefNew: 914K->63K(960K), 0.0006657 secs] 7329K->6843K(12764K), 0.0007170 secs]
12.976: [GC 12.976: [DefNew: 905K->64K(960K), 0.0006414 secs] 7685K->7393K(12764K), 0.0006953 secs]
12.990: [GC 12.990: [DefNew: 960K->63K(960K), 0.0006124 secs] 8289K->7702K(12764K), 0.0006631 secs]
12.998: [GC 12.998: [DefNew: 934K->63K(960K), 0.0006280 secs] 8573K->8265K(12764K), 0.0006797 secs]
13.010: [GC 13.010: [DefNew: 959K->63K(960K), 0.0005604 secs] 9161K->8596K(12764K), 0.0006087 secs]
13.019: [GC 13.019: [DefNew: 959K->53K(960K), 0.0006078 secs] 9492K->9136K(12764K), 0.0006603 secs]
13.031: [GC 13.031: [DefNew: 949K->64K(960K), 0.0006289 secs] 10032K->9470K(12764K), 0.0006829 secs]
13.042: [GC 13.042: [DefNew: 960K->63K(960K), 0.0007988 secs] 10366K->10055K(12764K), 0.0008550 secs]
13.054: [GC 13.054: [DefNew: 948K->64K(960K), 0.0005916 secs] 10939K->10370K(12764K), 0.0006473 secs]
13.064: [GC 13.064: [DefNew: 481K->63K(960K), 0.0005082 secs] 10788K->10471K(12764K), 0.0005586 secs]
13.072: [GC 13.072: [DefNew: 959K->63K(960K), 0.0007051 secs] 11367K->11051K(12764K), 0.0007573 secs]
13.086: [GC 13.086: [DefNew: 924K->63K(960K), 0.0005921 secs] 11911K->11346K(12764K), 0.0006434 secs]
13.094: [GC 13.094: [DefNew: 959K->64K(960K), 0.0007495 secs]13.095: [Tenured: 11868K->6799K(12300K), 0.0365310 secs] 12242K->6799K(13260K), 0.0373926 secs]
13.145: [GC 13.145: [DefNew: 896K->63K(960K), 0.0005794 secs] 7695K->7153K(12764K), 0.0006291 secs]
13.153: [GC 13.153: [DefNew: 959K->64K(960K), 0.0006557 secs] 8049K->7720K(12764K), 0.0007063 secs]
13.165: [GC 13.165: [DefNew: 960K->64K(960K), 0.0005809 secs] 8616K->8048K(12764K), 0.0006295 secs]
13.176: [GC 13.176: [DefNew: 960K->60K(960K), 0.0005460 secs] 8944K->8586K(12764K), 0.0005964 secs]
13.186: [GC 13.186: [DefNew: 956K->63K(960K), 0.0006134 secs] 9482K->8922K(12764K), 0.0006624 secs]
13.196: [GC 13.196: [DefNew: 959K->63K(960K), 0.0007039 secs] 9818K->9507K(12764K), 0.0007564 secs]
13.208: [GC 13.208: [DefNew: 941K->63K(960K), 0.0005692 secs] 10385K->9811K(12764K), 0.0006206 secs]
13.217: [GC 13.217: [DefNew: 504K->64K(960K), 0.0005246 secs] 10251K->9923K(12764K), 0.0005796 secs]
13.234: [GC 13.234: [DefNew: 954K->52K(960K), 0.0007145 secs] 10814K->10557K(12764K), 0.0007707 secs]
13.245: [GC 13.245: [DefNew: 948K->63K(960K), 0.0006388 secs] 11453K->10762K(12764K), 0.0006876 secs]
13.251: [GC 13.251: [DefNew: 959K->63K(960K), 0.0008035 secs] 11658K->10945K(12764K), 0.0008518 secs]
13.272: [GC 13.272: [DefNew: 959K->63K(960K), 0.0006609 secs] 11841K->11233K(12764K), 0.0007103 secs]
13.280: [GC 13.280: [DefNew: 959K->63K(960K), 0.0010020 secs] 12129K->11431K(12764K), 0.0010535 secs]
13.299: [GC 13.299: [DefNew: 959K->64K(960K), 0.0007175 secs] 12327K->11703K(12764K), 0.0007667 secs]
13.309: [GC 13.309: [DefNew: 960K->63K(960K), 0.0008492 secs]13.309: [Tenured: 11853K->2402K(11932K), 0.0332465 secs] 12599K->2402K(12892K), 0.0342054 secs]
13.355: [GC 13.355: [DefNew: 875K->63K(960K), 0.0006661 secs] 3277K->2646K(12764K), 0.0007167 secs]
13.369: [GC 13.369: [DefNew: 959K->63K(960K), 0.0006562 secs] 3542K->2869K(12764K), 0.0007031 secs]
13.374: [GC 13.375: [DefNew: 959K->64K(960K), 0.0007580 secs] 3765K->3053K(12764K), 0.0008082 secs]
13.395: [GC 13.396: [DefNew: 937K->63K(960K), 0.0006096 secs] 3926K->3339K(12764K), 0.0006610 secs]
13.403: [GC 13.403: [DefNew: 959K->63K(960K), 0.0008611 secs] 4235K->3533K(12764K), 0.0009124 secs]
13.420: [GC 13.420: [DefNew: 906K->63K(960K), 0.0006813 secs] 4376K->3846K(12764K), 0.0007278 secs]
13.430: [GC 13.430: [DefNew: 959K->64K(960K), 0.0006445 secs] 4742K->4049K(12764K), 0.0006898 secs]
13.440: [GC 13.440: [DefNew: 937K->64K(960K), 0.0008421 secs] 4922K->4261K(12764K), 0.0008987 secs]
13.457: [GC 13.457: [DefNew: 960K->63K(960K), 0.0006420 secs] 5157K->4514K(12764K), 0.0006998 secs]
13.464: [GC 13.464: [DefNew: 959K->63K(960K), 0.0007479 secs] 5410K->4713K(12764K), 0.0007932 secs]
13.483: [GC 13.483: [DefNew: 959K->64K(960K), 0.0006765 secs] 5609K->4985K(12764K), 0.0007256 secs]
13.492: [GC 13.493: [DefNew: 960K->63K(960K), 0.0007482 secs] 5881K->5199K(12764K), 0.0007950 secs]
13.510: [GC 13.510: [DefNew: 938K->63K(960K), 0.0007274 secs] 6074K->5477K(12764K), 0.0007766 secs]
13.519: [GC 13.519: [DefNew: 959K->63K(960K), 0.0006801 secs] 6373K->5665K(12764K), 0.0007285 secs]
13.525: [GC 13.525: [DefNew: 944K->63K(960K), 0.0007840 secs] 6546K->5845K(12764K), 0.0008306 secs]
13.546: [GC 13.546: [DefNew: 959K->64K(960K), 0.0006543 secs] 6741K->6133K(12764K), 0.0007034 secs]
13.553: [GC 13.553: [DefNew: 960K->64K(960K), 0.0007785 secs] 7029K->6331K(12764K), 0.0008235 secs]
13.563: [GC 13.563: [DefNew: 916K->63K(960K), 0.0007195 secs] 7183K->6573K(12764K), 0.0007679 secs]
13.574: [GC 13.574: [DefNew: 792K->64K(960K), 0.0006672 secs] 7302K->6937K(12764K), 0.0007171 secs]
13.582: [GC 13.583: [DefNew: 905K->63K(960K), 0.0006286 secs] 7779K->7486K(12764K), 0.0006813 secs]
13.596: [GC 13.596: [DefNew: 959K->63K(960K), 0.0006138 secs] 8382K->7796K(12764K), 0.0006618 secs]
13.604: [GC 13.604: [DefNew: 931K->63K(960K), 0.0006349 secs] 8664K->8359K(12764K), 0.0006878 secs]
13.616: [GC 13.616: [DefNew: 949K->64K(960K), 0.0005972 secs] 9244K->8684K(12764K), 0.0006492 secs]
13.626: [GC 13.626: [DefNew: 960K->63K(960K), 0.0005741 secs] 9580K->9222K(12764K), 0.0006229 secs]
13.636: [GC 13.636: [DefNew: 959K->63K(960K), 0.0005674 secs] 10118K->9556K(12764K), 0.0006153 secs]
13.647: [GC 13.647: [DefNew: 959K->64K(960K), 0.0007313 secs] 10452K->10142K(12764K), 0.0008314 secs]
13.658: [GC 13.659: [DefNew: 941K->64K(960K), 0.0005457 secs] 11019K->10446K(12764K), 0.0005969 secs]
13.668: [GC 13.668: [DefNew: 504K->63K(960K), 0.0005149 secs] 10886K->10558K(12764K), 0.0005605 secs]
13.676: [GC 13.676: [DefNew: 899K->63K(960K), 0.0006755 secs] 11394K->11107K(12764K), 0.0007274 secs]
13.690: [GC 13.690: [DefNew: 959K->63K(960K), 0.0006177 secs] 12003K->11417K(12764K), 0.0006660 secs]
13.697: [GC 13.697: [DefNew: 931K->63K(960K), 0.0007334 secs]13.698: [Tenured: 11915K->6866K(12300K), 0.0364247 secs] 12284K->6866K(13260K), 0.0372771 secs]
13.746: [GC 13.746: [DefNew: 896K->64K(960K), 0.0005261 secs] 7762K->7214K(12764K), 0.0005753 secs]
13.756: [GC 13.756: [DefNew: 960K->53K(960K), 0.0005570 secs] 8110K->7754K(12764K), 0.0006078 secs]
13.767: [GC 13.767: [DefNew: 949K->63K(960K), 0.0005661 secs] 8650K->8088K(12764K), 0.0006151 secs]
13.777: [GC 13.777: [DefNew: 959K->63K(960K), 0.0007267 secs] 8984K->8673K(12764K), 0.0007790 secs]
13.788: [GC 13.788: [DefNew: 949K->63K(960K), 0.0005823 secs] 9558K->8988K(12764K), 0.0006332 secs]
13.798: [GC 13.798: [DefNew: 480K->63K(960K), 0.0004996 secs] 9405K->9089K(12764K), 0.0005441 secs]
13.806: [GC 13.806: [DefNew: 899K->63K(960K), 0.0006954 secs] 9924K->9638K(12764K), 0.0007491 secs]
13.820: [GC 13.820: [DefNew: 959K->63K(960K), 0.0006229 secs] 10534K->9948K(12764K), 0.0006704 secs]
13.832: [GC 13.832: [DefNew: 941K->48K(960K), 0.0006203 secs] 10826K->10549K(12764K), 0.0006740 secs]
13.847: [GC 13.847: [DefNew: 944K->64K(960K), 0.0005808 secs] 11445K->10787K(12764K), 0.0006295 secs]
13.855: [GC 13.855: [DefNew: 960K->64K(960K), 0.0007890 secs] 11683K->10985K(12764K), 0.0008367 secs]
13.874: [GC 13.874: [DefNew: 960K->63K(960K), 0.0007417 secs] 11881K->11258K(12764K), 0.0007904 secs]
13.883: [GC 13.883: [DefNew: 959K->64K(960K), 0.0008638 secs] 12154K->11471K(12764K), 0.0009103 secs]
13.901: [GC 13.901: [DefNew: 918K->63K(960K), 0.0007157 secs] 12325K->11741K(12764K), 0.0007650 secs]
13.910: [GC 13.910: [DefNew: 959K->63K(960K), 0.0006764 secs]13.911: [Tenured: 11870K->2351K(11932K), 0.0365215 secs] 12637K->2351K(12892K), 0.0373032 secs]
13.956: [GC 13.956: [DefNew: 875K->64K(960K), 0.0008321 secs] 3226K->2549K(12764K), 0.0008887 secs]
13.976: [GC 13.976: [DefNew: 960K->64K(960K), 0.0006618 secs] 3445K->2817K(12764K), 0.0007159 secs]
13.984: [GC 13.984: [DefNew: 960K->63K(960K), 0.0007914 secs] 3713K->3016K(12764K), 0.0008429 secs]
14.003: [GC 14.003: [DefNew: 959K->64K(960K), 0.0006666 secs] 3912K->3288K(12764K), 0.0007189 secs]
14.013: [GC 14.013: [DefNew: 960K->64K(960K), 0.0007317 secs] 4184K->3502K(12764K), 0.0007770 secs]
14.028: [GC 14.028: [DefNew: 958K->64K(960K), 0.0007888 secs] 4396K->3761K(12764K), 0.0008396 secs]
14.040: [GC 14.040: [DefNew: 960K->63K(960K), 0.0006596 secs] 4657K->3971K(12764K), 0.0007078 secs]
14.046: [GC 14.046: [DefNew: 959K->64K(960K), 0.0007750 secs] 4867K->4155K(12764K), 0.0008237 secs]
14.067: [GC 14.067: [DefNew: 960K->64K(960K), 0.0006393 secs] 5051K->4442K(12764K), 0.0006889 secs]
14.075: [GC 14.075: [DefNew: 960K->63K(960K), 0.0007269 secs] 5338K->4641K(12764K), 0.0007738 secs]
14.094: [GC 14.094: [DefNew: 959K->64K(960K), 0.0006731 secs] 5537K->4913K(12764K), 0.0007227 secs]
14.103: [GC 14.103: [DefNew: 960K->63K(960K), 0.0008672 secs] 5809K->5127K(12764K), 0.0009191 secs]
14.117: [GC 14.117: [DefNew: 932K->64K(960K), 0.0007562 secs] 5996K->5365K(12764K), 0.0008072 secs]
14.131: [GC 14.131: [DefNew: 960K->64K(960K), 0.0006706 secs] 6261K->5593K(12764K), 0.0007203 secs]
14.137: [GC 14.137: [DefNew: 960K->63K(960K), 0.0006959 secs] 6489K->5776K(12764K), 0.0007411 secs]
14.157: [GC 14.158: [DefNew: 959K->63K(960K), 0.0006656 secs] 6672K->6064K(12764K), 0.0007148 secs]
14.165: [GC 14.166: [DefNew: 959K->63K(960K), 0.0007435 secs] 6960K->6262K(12764K), 0.0007945 secs]
14.175: [GC 14.176: [DefNew: 846K->64K(960K), 0.0007999 secs] 7044K->6455K(12764K), 0.0008511 secs]
14.187: [GC 14.187: [DefNew: 912K->64K(960K), 0.0007428 secs] 7304K->6819K(12764K), 0.0007969 secs]
14.196: [GC 14.196: [DefNew: 904K->63K(960K), 0.0006501 secs] 7659K->7368K(12764K), 0.0007173 secs]
14.209: [GC 14.209: [DefNew: 959K->64K(960K), 0.0006103 secs] 8264K->7678K(12764K), 0.0006609 secs]
14.217: [GC 14.217: [DefNew: 932K->63K(960K), 0.0006199 secs] 8547K->8241K(12764K), 0.0006696 secs]
14.229: [GC 14.229: [DefNew: 951K->64K(960K), 0.0005734 secs] 9128K->8566K(12764K), 0.0006241 secs]
14.239: [GC 14.239: [DefNew: 960K->63K(960K), 0.0005480 secs] 9462K->9104K(12764K), 0.0006054 secs]
14.250: [GC 14.250: [DefNew: 959K->64K(960K), 0.0006791 secs] 10000K->9438K(12764K), 0.0007347 secs]
14.260: [GC 14.260: [DefNew: 960K->64K(960K), 0.0008176 secs] 10334K->10023K(12764K), 0.0008739 secs]
14.272: [GC 14.272: [DefNew: 939K->63K(960K), 0.0005572 secs] 10899K->10327K(12764K), 0.0006068 secs]
14.282: [GC 14.282: [DefNew: 503K->63K(960K), 0.0005619 secs] 10767K->10439K(12764K), 0.0006125 secs]
14.290: [GC 14.290: [DefNew: 899K->63K(960K), 0.0006754 secs] 11275K->10989K(12764K), 0.0007295 secs]
14.304: [GC 14.304: [DefNew: 959K->63K(960K), 0.0007440 secs] 11885K->11299K(12764K), 0.0008017 secs]
14.311: [GC 14.311: [DefNew: 930K->63K(960K), 0.0009661 secs]14.312: [Tenured: 11797K->6753K(11804K), 0.0366596 secs] 12165K->6753K(12764K), 0.0377150 secs]
14.360: [GC 14.360: [DefNew: 886K->64K(960K), 0.0005650 secs] 7639K->7095K(12764K), 0.0006167 secs]
14.370: [GC 14.370: [DefNew: 960K->63K(960K), 0.0005573 secs] 7991K->7632K(12764K), 0.0006088 secs]
14.381: [GC 14.381: [DefNew: 959K->63K(960K), 0.0005644 secs] 8528K->7967K(12764K), 0.0006138 secs]
14.391: [GC 14.391: [DefNew: 959K->63K(960K), 0.0007908 secs] 8863K->8552K(12764K), 0.0008439 secs]
14.403: [GC 14.403: [DefNew: 938K->64K(960K), 0.0005330 secs] 9427K->8856K(12764K), 0.0005803 secs]
14.412: [GC 14.412: [DefNew: 501K->63K(960K), 0.0005255 secs] 9294K->8968K(12764K), 0.0005754 secs]
14.420: [GC 14.420: [DefNew: 903K->63K(960K), 0.0006617 secs] 9808K->9518K(12764K), 0.0007153 secs]
14.434: [GC 14.434: [DefNew: 959K->63K(960K), 0.0009369 secs] 10414K->9827K(12764K), 0.0009869 secs]
14.446: [GC 14.446: [DefNew: 941K->48K(960K), 0.0006124 secs] 10705K->10429K(12764K), 0.0006676 secs]
14.462: [GC 14.462: [DefNew: 944K->63K(960K), 0.0005661 secs] 11325K->10666K(12764K), 0.0006121 secs]
14.469: [GC 14.469: [DefNew: 959K->63K(960K), 0.0008126 secs] 11562K->10865K(12764K), 0.0008625 secs]
14.489: [GC 14.489: [DefNew: 959K->63K(960K), 0.0007115 secs] 11761K->11137K(12764K), 0.0007601 secs]
14.498: [GC 14.498: [DefNew: 959K->63K(960K), 0.0008565 secs] 12033K->11350K(12764K), 0.0009070 secs]
14.516: [GC 14.516: [DefNew: 918K->63K(960K), 0.0007330 secs] 12205K->11621K(12764K), 0.0007836 secs]
14.525: [GC 14.525: [DefNew: 959K->63K(960K), 0.0006929 secs] 12517K->11813K(12764K), 0.0007407 secs]
14.533: [GC 14.533: [DefNew: 950K->63K(960K), 0.0009171 secs]14.534: [Tenured: 11948K->2549K(12060K), 0.0337470 secs] 12700K->2549K(13020K), 0.0347725 secs]
14.586: [GC 14.586: [DefNew: 896K->63K(960K), 0.0005287 secs] 3445K->2841K(12764K), 0.0005832 secs]
14.594: [GC 14.594: [DefNew: 959K->63K(960K), 0.0007141 secs] 3737K->3040K(12764K), 0.0007614 secs]
14.613: [GC 14.613: [DefNew: 959K->64K(960K), 0.0006631 secs] 3936K->3312K(12764K), 0.0007137 secs]
14.623: [GC 14.623: [DefNew: 960K->63K(960K), 0.0007246 secs] 4208K->3526K(12764K), 0.0007700 secs]
14.638: [GC 14.638: [DefNew: 959K->64K(960K), 0.0007381 secs] 4422K->3785K(12764K), 0.0007896 secs]
14.649: [GC 14.649: [DefNew: 960K->63K(960K), 0.0006876 secs] 4681K->3995K(12764K), 0.0007412 secs]
14.655: [GC 14.655: [DefNew: 959K->64K(960K), 0.0007549 secs] 4891K->4179K(12764K), 0.0007997 secs]
14.676: [GC 14.676: [DefNew: 960K->63K(960K), 0.0006150 secs] 5075K->4467K(12764K), 0.0006626 secs]
14.684: [GC 14.684: [DefNew: 959K->64K(960K), 0.0007492 secs] 5363K->4666K(12764K), 0.0007963 secs]
14.703: [GC 14.703: [DefNew: 960K->63K(960K), 0.0006467 secs] 5562K->4938K(12764K), 0.0006988 secs]
14.713: [GC 14.713: [DefNew: 959K->63K(960K), 0.0007497 secs] 5834K->5151K(12764K), 0.0007947 secs]
14.726: [GC 14.726: [DefNew: 932K->64K(960K), 0.0007967 secs] 6020K->5389K(12764K), 0.0008477 secs]
14.740: [GC 14.740: [DefNew: 960K->64K(960K), 0.0006902 secs] 6285K->5617K(12764K), 0.0007396 secs]
14.747: [GC 14.747: [DefNew: 960K->63K(960K), 0.0008288 secs] 6513K->5800K(12764K), 0.0008995 secs]
14.768: [GC 14.768: [DefNew: 959K->63K(960K), 0.0007990 secs] 6696K->6088K(12764K), 0.0008570 secs]
14.777: [GC 14.777: [DefNew: 959K->63K(960K), 0.0009214 secs] 6984K->6286K(12764K), 0.0009804 secs]
14.786: [GC 14.786: [DefNew: 845K->64K(960K), 0.0008943 secs] 7068K->6479K(12764K), 0.0009523 secs]
14.799: [GC 14.799: [DefNew: 913K->64K(960K), 0.0006630 secs] 7328K->6843K(12764K), 0.0007153 secs]
14.807: [GC 14.807: [DefNew: 904K->63K(960K), 0.0006521 secs] 7683K->7392K(12764K), 0.0007047 secs]
14.821: [GC 14.821: [DefNew: 959K->63K(960K), 0.0006198 secs] 8288K->7702K(12764K), 0.0006695 secs]
14.829: [GC 14.829: [DefNew: 932K->64K(960K), 0.0006730 secs] 8571K->8265K(12764K), 0.0007247 secs]
14.840: [GC 14.840: [DefNew: 951K->63K(960K), 0.0006056 secs] 9152K->8590K(12764K), 0.0006578 secs]
14.850: [GC 14.851: [DefNew: 959K->63K(960K), 0.0006228 secs] 9486K->9128K(12764K), 0.0006815 secs]
14.862: [GC 14.862: [DefNew: 959K->63K(960K), 0.0005536 secs] 10024K->9462K(12764K), 0.0006039 secs]
14.872: [GC 14.872: [DefNew: 959K->64K(960K), 0.0009258 secs] 10358K->10047K(12764K), 0.0009882 secs]
14.885: [GC 14.885: [DefNew: 956K->64K(960K), 0.0005462 secs] 10940K->10363K(12764K), 0.0005965 secs]
14.895: [GC 14.895: [DefNew: 479K->64K(960K), 0.0004849 secs] 10778K->10463K(12764K), 0.0005319 secs]
14.903: [GC 14.903: [DefNew: 899K->63K(960K), 0.0006518 secs] 11299K->11013K(12764K), 0.0007060 secs]
14.916: [GC 14.916: [DefNew: 959K->63K(960K), 0.0006140 secs] 11909K->11322K(12764K), 0.0006643 secs]
14.926: [GC 14.926: [DefNew: 930K->64K(960K), 0.0007993 secs]14.927: [Tenured: 11821K->6777K(11932K), 0.0376527 secs] 12189K->6777K(12892K), 0.0385652 secs]
14.976: [GC 14.976: [DefNew: 886K->63K(960K), 0.0005536 secs] 7663K->7119K(12764K), 0.0006039 secs]
14.986: [GC 14.986: [DefNew: 959K->63K(960K), 0.0005599 secs] 8015K->7657K(12764K), 0.0006094 secs]
14.996: [GC 14.997: [DefNew: 959K->63K(960K), 0.0005802 secs] 8553K->7991K(12764K), 0.0006386 secs]
15.007: [GC 15.007: [DefNew: 959K->64K(960K), 0.0007317 secs] 8887K->8577K(12764K), 0.0007853 secs]
15.018: [GC 15.018: [DefNew: 939K->64K(960K), 0.0005371 secs] 9452K->8881K(12764K), 0.0005867 secs]
15.028: [GC 15.028: [DefNew: 501K->63K(960K), 0.0006016 secs] 9318K->8993K(12764K), 0.0006527 secs]
15.036: [GC 15.036: [DefNew: 903K->63K(960K), 0.0006950 secs] 9833K->9542K(12764K), 0.0007501 secs]
15.050: [GC 15.050: [DefNew: 959K->64K(960K), 0.0006430 secs] 10438K->9852K(12764K), 0.0006935 secs]
15.061: [GC 15.062: [DefNew: 941K->48K(960K), 0.0007808 secs] 10730K->10453K(12764K), 0.0008401 secs]
15.077: [GC 15.077: [DefNew: 944K->63K(960K), 0.0006312 secs] 11349K->10691K(12764K), 0.0006828 secs]
15.085: [GC 15.085: [DefNew: 959K->64K(960K), 0.0007710 secs] 11587K->10889K(12764K), 0.0008191 secs]
15.104: [GC 15.104: [DefNew: 960K->64K(960K), 0.0007057 secs] 11785K->11162K(12764K), 0.0007568 secs]
15.114: [GC 15.114: [DefNew: 960K->63K(960K), 0.0008461 secs] 12058K->11375K(12764K), 0.0008968 secs]
15.131: [GC 15.131: [DefNew: 915K->63K(960K), 0.0007897 secs] 12226K->11645K(12764K), 0.0008432 secs]
15.141: [GC 15.141: [DefNew: 959K->64K(960K), 0.0007584 secs] 12541K->11838K(12764K), 0.0008120 secs]
15.149: [GC 15.149: [DefNew: 940K->63K(960K), 0.0009524 secs]15.150: [Tenured: 11973K->2549K(12060K), 0.0342007 secs] 12714K->2549K(13020K), 0.0352785 secs]
15.202: [GC 15.202: [DefNew: 896K->64K(960K), 0.0005412 secs] 3445K->2841K(12764K), 0.0005901 secs]
15.210: [GC 15.210: [DefNew: 960K->64K(960K), 0.0006880 secs] 3737K->3040K(12764K), 0.0007352 secs]
15.229: [GC 15.229: [DefNew: 960K->63K(960K), 0.0006500 secs] 3936K->3312K(12764K), 0.0006994 secs]
15.239: [GC 15.239: [DefNew: 959K->63K(960K), 0.0007932 secs] 4208K->3526K(12764K), 0.0008426 secs]
15.255: [GC 15.255: [DefNew: 955K->64K(960K), 0.0007821 secs] 4418K->3785K(12764K), 0.0008340 secs]
15.266: [GC 15.266: [DefNew: 960K->63K(960K), 0.0007074 secs] 4681K->3995K(12764K), 0.0007571 secs]
15.272: [GC 15.272: [DefNew: 959K->64K(960K), 0.0007679 secs] 4891K->4179K(12764K), 0.0008156 secs]
15.293: [GC 15.293: [DefNew: 960K->63K(960K), 0.0006212 secs] 5075K->4466K(12764K), 0.0006687 secs]
15.301: [GC 15.301: [DefNew: 959K->63K(960K), 0.0007461 secs] 5362K->4665K(12764K), 0.0007954 secs]
15.321: [GC 15.321: [DefNew: 959K->63K(960K), 0.0006636 secs] 5561K->4937K(12764K), 0.0007135 secs]
15.330: [GC 15.330: [DefNew: 959K->63K(960K), 0.0007862 secs] 5833K->5151K(12764K), 0.0008345 secs]
15.343: [GC 15.343: [DefNew: 934K->64K(960K), 0.0007713 secs] 6021K->5389K(12764K), 0.0008227 secs]
15.357: [GC 15.357: [DefNew: 960K->63K(960K), 0.0007839 secs] 6285K->5617K(12764K), 0.0008357 secs]
15.363: [GC 15.363: [DefNew: 959K->63K(960K), 0.0007418 secs] 6513K->5800K(12764K), 0.0007896 secs]
15.384: [GC 15.384: [DefNew: 959K->63K(960K), 0.0006851 secs] 6696K->6088K(12764K), 0.0007346 secs]
15.392: [GC 15.392: [DefNew: 959K->64K(960K), 0.0007244 secs] 6984K->6286K(12764K), 0.0007714 secs]
15.401: [GC 15.401: [DefNew: 846K->64K(960K), 0.0007486 secs] 7069K->6479K(12764K), 0.0007969 secs]
15.413: [GC 15.413: [DefNew: 916K->64K(960K), 0.0006707 secs] 7331K->6843K(12764K), 0.0007215 secs]
15.422: [GC 15.422: [DefNew: 906K->64K(960K), 0.0006496 secs] 7685K->7393K(12764K), 0.0007160 secs]
15.436: [GC 15.436: [DefNew: 960K->64K(960K), 0.0007261 secs] 8289K->7702K(12764K), 0.0007800 secs]
15.444: [GC 15.444: [DefNew: 933K->63K(960K), 0.0006820 secs] 8572K->8265K(12764K), 0.0007340 secs]
15.455: [GC 15.455: [DefNew: 952K->63K(960K), 0.0007183 secs] 9153K->8590K(12764K), 0.0007977 secs]
15.465: [GC 15.465: [DefNew: 959K->63K(960K), 0.0005550 secs] 9486K->9128K(12764K), 0.0006069 secs]
15.476: [GC 15.476: [DefNew: 959K->63K(960K), 0.0006117 secs] 10024K->9462K(12764K), 0.0006747 secs]
15.487: [GC 15.487: [DefNew: 959K->63K(960K), 0.0007714 secs] 10358K->10048K(12764K), 0.0008338 secs]
15.498: [GC 15.498: [DefNew: 957K->64K(960K), 0.0007049 secs] 10941K->10363K(12764K), 0.0007639 secs]
15.508: [GC 15.508: [DefNew: 485K->64K(960K), 0.0005377 secs] 10784K->10464K(12764K), 0.0005885 secs]
15.516: [GC 15.516: [DefNew: 899K->63K(960K), 0.0006671 secs] 11299K->11013K(12764K), 0.0007200 secs]
15.530: [GC 15.530: [DefNew: 959K->63K(960K), 0.0007098 secs] 11909K->11323K(12764K), 0.0007628 secs]
15.537: [GC 15.537: [DefNew: 931K->64K(960K), 0.0006791 secs]15.538: [Tenured: 11821K->6777K(11932K), 0.0373749 secs] 12190K->6777K(12892K), 0.0381714 secs]
15.587: [GC 15.587: [DefNew: 896K->63K(960K), 0.0005414 secs] 7673K->7125K(12764K), 0.0005903 secs]
15.597: [GC 15.597: [DefNew: 954K->53K(960K), 0.0005544 secs] 8015K->7664K(12764K), 0.0006039 secs]
15.608: [GC 15.608: [DefNew: 949K->63K(960K), 0.0005795 secs] 8560K->7998K(12764K), 0.0006307 secs]
15.618: [GC 15.618: [DefNew: 959K->63K(960K), 0.0007075 secs] 8894K->8584K(12764K), 0.0007600 secs]
15.630: [GC 15.630: [DefNew: 954K->64K(960K), 0.0005508 secs] 9475K->8899K(12764K), 0.0006033 secs]
15.639: [GC 15.639: [DefNew: 483K->64K(960K), 0.0004945 secs] 9318K->9000K(12764K), 0.0005418 secs]
15.647: [GC 15.647: [DefNew: 960K->63K(960K), 0.0008593 secs] 9896K->9580K(12764K), 0.0009128 secs]
15.661: [GC 15.662: [DefNew: 918K->64K(960K), 0.0005796 secs] 10434K->9875K(12764K), 0.0006309 secs]
15.673: [GC 15.673: [DefNew: 946K->44K(960K), 0.0006020 secs] 10758K->10477K(12764K), 0.0006557 secs]
15.688: [GC 15.688: [DefNew: 940K->64K(960K), 0.0006077 secs] 11373K->10719K(12764K), 0.0006567 secs]
15.696: [GC 15.696: [DefNew: 960K->64K(960K), 0.0007840 secs] 11615K->10918K(12764K), 0.0008351 secs]
15.715: [GC 15.715: [DefNew: 960K->63K(960K), 0.0007073 secs] 11814K->11190K(12764K), 0.0007611 secs]
15.725: [GC 15.726: [DefNew: 959K->64K(960K), 0.0009530 secs] 12086K->11404K(12764K), 0.0010170 secs]
15.743: [GC 15.743: [DefNew: 951K->63K(960K), 0.0007818 secs] 12292K->11725K(12764K), 0.0008351 secs]
15.753: [GC 15.753: [DefNew: 959K->63K(960K), 0.0007846 secs]15.754: [Tenured: 11864K->2361K(11932K), 0.0330427 secs] 12621K->2361K(12892K), 0.0339402 secs]
15.796: [GC 15.796: [DefNew: 877K->63K(960K), 0.0006960 secs] 3238K->2573K(12764K), 0.0007450 secs]
15.813: [GC 15.813: [DefNew: 959K->63K(960K), 0.0006606 secs] 3469K->2827K(12764K), 0.0007104 secs]
15.821: [GC 15.821: [DefNew: 959K->64K(960K), 0.0007189 secs] 3723K->3025K(12764K), 0.0007656 secs]
15.840: [GC 15.840: [DefNew: 960K->63K(960K), 0.0006336 secs] 3921K->3298K(12764K), 0.0006823 secs]
15.850: [GC 15.850: [DefNew: 959K->63K(960K), 0.0007622 secs] 4194K->3511K(12764K), 0.0008108 secs]
15.868: [GC 15.868: [DefNew: 934K->63K(960K), 0.0007611 secs] 4382K->3789K(12764K), 0.0008130 secs]
15.877: [GC 15.877: [DefNew: 959K->63K(960K), 0.0006675 secs] 4685K->3977K(12764K), 0.0007164 secs]
15.883: [GC 15.883: [DefNew: 953K->63K(960K), 0.0007675 secs] 4867K->4157K(12764K), 0.0008179 secs]
15.904: [GC 15.904: [DefNew: 959K->64K(960K), 0.0006136 secs] 5053K->4445K(12764K), 0.0006615 secs]
15.912: [GC 15.912: [DefNew: 960K->64K(960K), 0.0008149 secs] 5341K->4643K(12764K), 0.0008650 secs]
15.933: [GC 15.933: [DefNew: 960K->63K(960K), 0.0006603 secs] 5539K->4916K(12764K), 0.0007110 secs]
15.943: [GC 15.943: [DefNew: 959K->63K(960K), 0.0008367 secs] 5812K->5129K(12764K), 0.0008873 secs]
15.958: [GC 15.958: [DefNew: 959K->63K(960K), 0.0007811 secs] 6025K->5393K(12764K), 0.0008324 secs]
15.970: [GC 15.970: [DefNew: 959K->64K(960K), 0.0006352 secs] 6289K->5598K(12764K), 0.0006805 secs]
15.976: [GC 15.976: [DefNew: 960K->63K(960K), 0.0007737 secs] 6494K->5782K(12764K), 0.0008212 secs]
15.998: [GC 15.998: [DefNew: 959K->64K(960K), 0.0008231 secs] 6678K->6070K(12764K), 0.0008830 secs]
16.006: [GC 16.006: [DefNew: 960K->63K(960K), 0.0008377 secs] 6966K->6268K(12764K), 0.0008895 secs]
16.016: [GC 16.016: [DefNew: 942K->63K(960K), 0.0007438 secs] 7147K->6517K(12764K), 0.0007946 secs]
16.027: [GC 16.027: [DefNew: 785K->64K(960K), 0.0006730 secs] 7238K->6881K(12764K), 0.0007233 secs]
16.035: [GC 16.035: [DefNew: 906K->64K(960K), 0.0006386 secs] 7723K->7430K(12764K), 0.0006924 secs]
16.049: [GC 16.049: [DefNew: 960K->64K(960K), 0.0006890 secs] 8326K->7740K(12764K), 0.0007565 secs]
16.057: [GC 16.057: [DefNew: 932K->63K(960K), 0.0006694 secs] 8608K->8303K(12764K), 0.0007286 secs]
16.069: [GC 16.069: [DefNew: 952K->63K(960K), 0.0006403 secs] 9191K->8628K(12764K), 0.0006972 secs]
16.080: [GC 16.080: [DefNew: 959K->63K(960K), 0.0005639 secs] 9524K->9166K(12764K), 0.0006240 secs]
16.090: [GC 16.090: [DefNew: 959K->64K(960K), 0.0005924 secs] 10062K->9500K(12764K), 0.0006530 secs]
16.102: [GC 16.102: [DefNew: 960K->64K(960K), 0.0007365 secs] 10396K->10086K(12764K), 0.0007891 secs]
16.114: [GC 16.114: [DefNew: 956K->63K(960K), 0.0005410 secs] 10978K->10401K(12764K), 0.0005907 secs]
16.123: [GC 16.123: [DefNew: 484K->64K(960K), 0.0005051 secs] 10821K->10501K(12764K), 0.0005536 secs]
16.132: [GC 16.132: [DefNew: 898K->64K(960K), 0.0007573 secs] 11336K->11051K(12764K), 0.0008179 secs]
16.145: [GC 16.145: [DefNew: 960K->64K(960K), 0.0006340 secs] 11947K->11361K(12764K), 0.0006838 secs]
16.153: [GC 16.153: [DefNew: 930K->63K(960K), 0.0008926 secs]16.154: [Tenured: 11859K->6810K(11932K), 0.0383334 secs] 12227K->6810K(12892K), 0.0393376 secs]
16.204: [GC 16.204: [DefNew: 886K->64K(960K), 0.0005659 secs] 7697K->7152K(12764K), 0.0006178 secs]
16.213: [GC 16.214: [DefNew: 960K->63K(960K), 0.0005682 secs] 8048K->7690K(12764K), 0.0006210 secs]
16.225: [GC 16.225: [DefNew: 959K->64K(960K), 0.0005538 secs] 8586K->8024K(12764K), 0.0006024 secs]
16.235: [GC 16.235: [DefNew: 960K->63K(960K), 0.0007520 secs] 8920K->8610K(12764K), 0.0008053 secs]
16.246: [GC 16.247: [DefNew: 939K->63K(960K), 0.0005768 secs] 9485K->8914K(12764K), 0.0006861 secs]
16.256: [GC 16.256: [DefNew: 501K->63K(960K), 0.0005473 secs] 9351K->9026K(12764K), 0.0005964 secs]
16.264: [GC 16.264: [DefNew: 898K->63K(960K), 0.0006798 secs] 9860K->9575K(12764K), 0.0007327 secs]
16.278: [GC 16.278: [DefNew: 959K->63K(960K), 0.0006139 secs] 10471K->9885K(12764K), 0.0006684 secs]
16.292: [GC 16.292: [DefNew: 948K->48K(960K), 0.0006517 secs] 10769K->10486K(12764K), 0.0007856 secs]
16.307: [GC 16.307: [DefNew: 944K->63K(960K), 0.0005779 secs] 11382K->10724K(12764K), 0.0006266 secs]
16.315: [GC 16.315: [DefNew: 959K->63K(960K), 0.0008796 secs] 11620K->10923K(12764K), 0.0009317 secs]
16.334: [GC 16.334: [DefNew: 959K->63K(960K), 0.0006900 secs] 11819K->11195K(12764K), 0.0007408 secs]
16.344: [GC 16.344: [DefNew: 959K->63K(960K), 0.0008053 secs] 12091K->11408K(12764K), 0.0008557 secs]
16.362: [GC 16.362: [DefNew: 919K->63K(960K), 0.0007887 secs] 12264K->11678K(12764K), 0.0008411 secs]
16.371: [GC 16.371: [DefNew: 959K->63K(960K), 0.0006844 secs]16.372: [Tenured: 11807K->2351K(11932K), 0.0330539 secs] 12574K->2351K(12892K), 0.0338374 secs]
16.412: [GC 16.412: [DefNew: 876K->63K(960K), 0.0006928 secs] 3227K->2550K(12764K), 0.0007436 secs]
16.431: [GC 16.431: [DefNew: 959K->64K(960K), 0.0010682 secs] 3446K->2817K(12764K), 0.0011302 secs]
16.440: [GC 16.440: [DefNew: 960K->63K(960K), 0.0008390 secs] 3713K->3016K(12764K), 0.0008892 secs]
16.459: [GC 16.459: [DefNew: 959K->64K(960K), 0.0006942 secs] 3912K->3289K(12764K), 0.0007441 secs]
16.469: [GC 16.469: [DefNew: 960K->64K(960K), 0.0007462 secs] 4185K->3503K(12764K), 0.0007933 secs]
16.485: [GC 16.485: [DefNew: 955K->64K(960K), 0.0008721 secs] 4395K->3762K(12764K), 0.0009319 secs]
16.497: [GC 16.497: [DefNew: 960K->63K(960K), 0.0006657 secs] 4658K->3972K(12764K), 0.0007152 secs]
16.503: [GC 16.503: [DefNew: 959K->63K(960K), 0.0007235 secs] 4868K->4155K(12764K), 0.0007673 secs]
16.523: [GC 16.523: [DefNew: 959K->63K(960K), 0.0006341 secs] 5051K->4443K(12764K), 0.0006841 secs]
16.531: [GC 16.531: [DefNew: 959K->63K(960K), 0.0007227 secs] 5339K->4642K(12764K), 0.0007690 secs]
16.551: [GC 16.551: [DefNew: 959K->63K(960K), 0.0006949 secs] 5538K->4914K(12764K), 0.0007463 secs]
16.561: [GC 16.561: [DefNew: 959K->63K(960K), 0.0007917 secs] 5810K->5128K(12764K), 0.0008402 secs]
16.576: [GC 16.576: [DefNew: 934K->64K(960K), 0.0008396 secs] 5998K->5365K(12764K), 0.0008972 secs]
16.592: [GC 16.592: [DefNew: 960K->63K(960K), 0.0007899 secs] 6261K->5593K(12764K), 0.0008462 secs]
16.598: [GC 16.598: [DefNew: 959K->64K(960K), 0.0009037 secs] 6489K->5777K(12764K), 0.0009600 secs]
16.620: [GC 16.620: [DefNew: 960K->63K(960K), 0.0007707 secs] 6673K->6065K(12764K), 0.0008503 secs]
16.630: [GC 16.630: [DefNew: 959K->64K(960K), 0.0008645 secs] 6961K->6263K(12764K), 0.0009217 secs]
16.639: [GC 16.639: [DefNew: 843K->64K(960K), 0.0009528 secs] 7042K->6455K(12764K), 0.0010134 secs]
16.651: [GC 16.652: [DefNew: 914K->63K(960K), 0.0007900 secs] 7305K->6820K(12764K), 0.0008536 secs]
16.662: [GC 16.662: [DefNew: 905K->63K(960K), 0.0006900 secs] 7661K->7369K(12764K), 0.0007520 secs]
16.678: [GC 16.678: [DefNew: 959K->64K(960K), 0.0006727 secs] 8265K->7679K(12764K), 0.0007311 secs]
16.686: [GC 16.686: [DefNew: 933K->63K(960K), 0.0006411 secs] 8548K->8241K(12764K), 0.0006992 secs]
16.698: [GC 16.699: [DefNew: 952K->64K(960K), 0.0007204 secs] 9130K->8567K(12764K), 0.0007753 secs]
16.709: [GC 16.709: [DefNew: 958K->61K(960K), 0.0006442 secs] 9461K->9102K(12764K), 0.0007020 secs]
16.721: [GC 16.721: [DefNew: 957K->64K(960K), 0.0007294 secs] 9998K->9438K(12764K), 0.0007861 secs]
16.732: [GC 16.732: [DefNew: 960K->63K(960K), 0.0009785 secs] 10334K->10023K(12764K), 0.0010397 secs]
16.745: [GC 16.745: [DefNew: 943K->63K(960K), 0.0005838 secs] 10903K->10327K(12764K), 0.0006373 secs]
16.757: [GC 16.757: [DefNew: 503K->64K(960K), 0.0008486 secs] 10767K->10439K(12764K), 0.0009096 secs]
16.768: [GC 16.768: [DefNew: 899K->63K(960K), 0.0007103 secs] 11275K->10989K(12764K), 0.0007669 secs]
16.782: [GC 16.782: [DefNew: 959K->64K(960K), 0.0006755 secs] 11885K->11299K(12764K), 0.0007282 secs]
16.791: [GC 16.791: [DefNew: 931K->63K(960K), 0.0010197 secs]16.792: [Tenured: 11797K->6753K(11804K), 0.0392048 secs] 12166K->6753K(12764K), 0.0403163 secs]
16.843: [GC 16.843: [DefNew: 896K->64K(960K), 0.0008923 secs] 7649K->7101K(12764K), 0.0009471 secs]
16.854: [GC 16.854: [DefNew: 959K->54K(960K), 0.0006093 secs] 7997K->7641K(12764K), 0.0006646 secs]
16.866: [GC 16.866: [DefNew: 950K->63K(960K), 0.0005989 secs] 8537K->7975K(12764K), 0.0006488 secs]
16.878: [GC 16.878: [DefNew: 959K->64K(960K), 0.0007816 secs] 8871K->8560K(12764K), 0.0008419 secs]
16.890: [GC 16.890: [DefNew: 948K->63K(960K), 0.0006124 secs] 9444K->8875K(12764K), 0.0006690 secs]
16.900: [GC 16.900: [DefNew: 481K->63K(960K), 0.0005534 secs] 9293K->8976K(12764K), 0.0006070 secs]
16.909: [GC 16.909: [DefNew: 903K->64K(960K), 0.0007334 secs] 9815K->9525K(12764K), 0.0007894 secs]
16.926: [GC 16.926: [DefNew: 960K->63K(960K), 0.0006948 secs] 10421K->9835K(12764K), 0.0007518 secs]
16.938: [GC 16.938: [DefNew: 944K->48K(960K), 0.0006234 secs] 10716K->10436K(12764K), 0.0006811 secs]
16.954: [GC 16.954: [DefNew: 944K->63K(960K), 0.0006505 secs] 11332K->10674K(12764K), 0.0007099 secs]
16.963: [GC 16.963: [DefNew: 959K->63K(960K), 0.0012523 secs] 11570K->10873K(12764K), 0.0013088 secs]
16.984: [GC 16.984: [DefNew: 959K->64K(960K), 0.0008312 secs] 11769K->11145K(12764K), 0.0008860 secs]
16.994: [GC 16.994: [DefNew: 960K->63K(960K), 0.0009813 secs] 12041K->11358K(12764K), 0.0010402 secs]
17.012: [GC 17.012: [DefNew: 916K->63K(960K), 0.0007749 secs] 12211K->11628K(12764K), 0.0008291 secs]
17.026: [GC 17.026: [DefNew: 959K->63K(960K), 0.0007956 secs] 12524K->11821K(12764K), 0.0008537 secs]
17.038: [GC 17.038: [DefNew: 948K->63K(960K), 0.0011574 secs]17.039: [Tenured: 11956K->2549K(12060K), 0.0348256 secs] 12706K->2549K(13020K), 0.0361033 secs]
17.093: [GC 17.093: [DefNew: 896K->63K(960K), 0.0005628 secs] 3445K->2841K(12764K), 0.0006147 secs]
17.101: [GC 17.101: [DefNew: 959K->64K(960K), 0.0009801 secs] 3737K->3040K(12764K), 0.0010402 secs]
17.121: [GC 17.121: [DefNew: 960K->63K(960K), 0.0007058 secs] 3936K->3312K(12764K), 0.0007641 secs]
17.131: [GC 17.132: [DefNew: 959K->63K(960K), 0.0009022 secs] 4208K->3527K(12764K), 0.0009612 secs]
17.148: [GC 17.148: [DefNew: 958K->64K(960K), 0.0009030 secs] 4421K->3785K(12764K), 0.0009618 secs]
17.164: [GC 17.164: [DefNew: 960K->63K(960K), 0.0009736 secs] 4681K->3995K(12764K), 0.0010284 secs]
17.170: [GC 17.171: [DefNew: 959K->64K(960K), 0.0012577 secs] 4891K->4179K(12764K), 0.0013160 secs]
17.192: [GC 17.192: [DefNew: 960K->63K(960K), 0.0007304 secs] 5075K->4466K(12764K), 0.0007885 secs]
17.200: [GC 17.200: [DefNew: 959K->63K(960K), 0.0008393 secs] 5362K->4666K(12764K), 0.0008930 secs]
17.225: [GC 17.225: [DefNew: 959K->64K(960K), 0.0007743 secs] 5562K->4938K(12764K), 0.0008321 secs]
17.235: [GC 17.236: [DefNew: 960K->63K(960K), 0.0010101 secs] 5834K->5151K(12764K), 0.0010679 secs]
17.254: [GC 17.254: [DefNew: 932K->64K(960K), 0.0009458 secs] 6020K->5389K(12764K), 0.0010053 secs]
17.268: [GC 17.268: [DefNew: 960K->63K(960K), 0.0008063 secs] 6285K->5617K(12764K), 0.0008611 secs]
17.274: [GC 17.274: [DefNew: 959K->63K(960K), 0.0009369 secs] 6513K->5801K(12764K), 0.0009963 secs]
17.299: [GC 17.299: [DefNew: 959K->64K(960K), 0.0007936 secs] 6697K->6088K(12764K), 0.0008475 secs]
17.307: [GC 17.307: [DefNew: 960K->63K(960K), 0.0009117 secs] 6984K->6286K(12764K), 0.0009731 secs]
17.317: [GC 17.317: [DefNew: 845K->64K(960K), 0.0009205 secs] 7068K->6479K(12764K), 0.0009755 secs]
17.331: [GC 17.331: [DefNew: 913K->63K(960K), 0.0010775 secs] 7328K->6843K(12764K), 0.0011339 secs]
17.340: [GC 17.340: [DefNew: 904K->63K(960K), 0.0007594 secs] 7684K->7393K(12764K), 0.0008545 secs]
17.354: [GC 17.354: [DefNew: 959K->64K(960K), 0.0006566 secs] 8289K->7702K(12764K), 0.0007094 secs]
17.367: [GC 17.367: [DefNew: 932K->63K(960K), 0.0006705 secs] 8571K->8265K(12764K), 0.0007272 secs]
17.379: [GC 17.379: [DefNew: 951K->63K(960K), 0.0007796 secs] 9153K->8590K(12764K), 0.0008396 secs]
17.390: [GC 17.390: [DefNew: 959K->63K(960K), 0.0007566 secs] 9486K->9128K(12764K), 0.0008135 secs]
17.407: [GC 17.407: [DefNew: 959K->64K(960K), 0.0006914 secs] 10024K->9462K(12764K), 0.0007461 secs]
17.418: [GC 17.418: [DefNew: 960K->63K(960K), 0.0008449 secs] 10358K->10047K(12764K), 0.0009026 secs]
17.431: [GC 17.431: [DefNew: 941K->64K(960K), 0.0009227 secs] 10925K->10352K(12764K), 0.0009798 secs]
17.442: [GC 17.442: [DefNew: 503K->63K(960K), 0.0005561 secs] 10791K->10463K(12764K), 0.0006080 secs]
17.450: [GC 17.450: [DefNew: 899K->64K(960K), 0.0007025 secs] 11299K->11013K(12764K), 0.0007581 secs]
17.465: [GC 17.465: [DefNew: 960K->64K(960K), 0.0007294 secs] 11909K->11323K(12764K), 0.0007843 secs]
17.475: [GC 17.475: [DefNew: 930K->63K(960K), 0.0010896 secs]17.476: [Tenured: 11821K->6777K(11932K), 0.0392908 secs] 12190K->6777K(12892K), 0.0404919 secs]
17.527: [GC 17.527: [DefNew: 886K->63K(960K), 0.0007481 secs] 7664K->7119K(12764K), 0.0008106 secs]
17.539: [GC 17.539: [DefNew: 959K->63K(960K), 0.0006687 secs] 8015K->7657K(12764K), 0.0007237 secs]
17.550: [GC 17.551: [DefNew: 959K->63K(960K), 0.0006255 secs] 8553K->7991K(12764K), 0.0006790 secs]
17.561: [GC 17.561: [DefNew: 959K->64K(960K), 0.0013477 secs] 8887K->8576K(12764K), 0.0014142 secs]
17.578: [GC 17.578: [DefNew: 939K->64K(960K), 0.0006827 secs] 9452K->8881K(12764K), 0.0007418 secs]
17.588: [GC 17.588: [DefNew: 501K->64K(960K), 0.0005777 secs] 9318K->8992K(12764K), 0.0006299 secs]
17.597: [GC 17.597: [DefNew: 903K->64K(960K), 0.0007231 secs] 9832K->9542K(12764K), 0.0007799 secs]
17.610: [GC 17.610: [DefNew: 960K->64K(960K), 0.0007320 secs] 10438K->9852K(12764K), 0.0007886 secs]
17.631: [GC 17.631: [DefNew: 941K->48K(960K), 0.0010764 secs] 10729K->10453K(12764K), 0.0011757 secs]
17.649: [GC 17.649: [DefNew: 944K->63K(960K), 0.0006262 secs] 11349K->10691K(12764K), 0.0006787 secs]
17.657: [GC 17.657: [DefNew: 959K->63K(960K), 0.0009011 secs] 11587K->10889K(12764K), 0.0009545 secs]
17.677: [GC 17.677: [DefNew: 959K->64K(960K), 0.0008129 secs] 11785K->11161K(12764K), 0.0008862 secs]
17.692: [GC 17.692: [DefNew: 960K->64K(960K), 0.0009029 secs] 12057K->11375K(12764K), 0.0009603 secs]
17.711: [GC 17.711: [DefNew: 917K->63K(960K), 0.0012247 secs] 12228K->11645K(12764K), 0.0012978 secs]
17.721: [GC 17.721: [DefNew: 959K->63K(960K), 0.0008964 secs] 12541K->11838K(12764K), 0.0009555 secs]
17.729: [GC 17.729: [DefNew: 938K->63K(960K), 0.0010784 secs]17.730: [Tenured: 11972K->2549K(12060K), 0.0355491 secs] 12713K->2549K(13020K), 0.0367535 secs]
17.784: [GC 17.784: [DefNew: 896K->64K(960K), 0.0006103 secs] 3445K->2841K(12764K), 0.0006625 secs]
17.792: [GC 17.792: [DefNew: 960K->63K(960K), 0.0008738 secs] 3737K->3040K(12764K), 0.0009307 secs]
17.812: [GC 17.812: [DefNew: 959K->63K(960K), 0.0006865 secs] 3936K->3312K(12764K), 0.0007454 secs]
17.822: [GC 17.822: [DefNew: 959K->63K(960K), 0.0008494 secs] 4208K->3526K(12764K), 0.0009794 secs]
17.840: [GC 17.840: [DefNew: 958K->64K(960K), 0.0008122 secs] 4421K->3785K(12764K), 0.0008682 secs]
17.852: [GC 17.852: [DefNew: 960K->63K(960K), 0.0008578 secs] 4681K->3995K(12764K), 0.0009138 secs]
17.858: [GC 17.858: [DefNew: 959K->63K(960K), 0.0009025 secs] 4891K->4179K(12764K), 0.0009578 secs]
17.880: [GC 17.880: [DefNew: 959K->64K(960K), 0.0007147 secs] 5075K->4466K(12764K), 0.0007690 secs]
17.888: [GC 17.888: [DefNew: 960K->63K(960K), 0.0008623 secs] 5362K->4665K(12764K), 0.0009194 secs]
17.914: [GC 17.914: [DefNew: 959K->64K(960K), 0.0007414 secs] 5561K->4937K(12764K), 0.0007988 secs]
17.927: [GC 17.927: [DefNew: 960K->64K(960K), 0.0009740 secs] 5833K->5151K(12764K), 0.0010349 secs]
17.941: [GC 17.941: [DefNew: 933K->64K(960K), 0.0008760 secs] 6020K->5389K(12764K), 0.0009339 secs]
17.959: [GC 17.960: [DefNew: 960K->63K(960K), 0.0008250 secs] 6285K->5617K(12764K), 0.0008818 secs]
17.966: [GC 17.966: [DefNew: 959K->63K(960K), 0.0009376 secs] 6513K->5800K(12764K), 0.0009952 secs]
17.988: [GC 17.988: [DefNew: 959K->63K(960K), 0.0007413 secs] 6696K->6088K(12764K), 0.0007956 secs]
17.996: [GC 17.996: [DefNew: 959K->63K(960K), 0.0008644 secs] 6984K->6286K(12764K), 0.0009228 secs]
18.006: [GC 18.006: [DefNew: 848K->64K(960K), 0.0009025 secs] 7070K->6479K(12764K), 0.0009636 secs]
18.023: [GC 18.023: [DefNew: 915K->63K(960K), 0.0010482 secs] 7330K->6843K(12764K), 0.0011151 secs]
18.032: [GC 18.032: [DefNew: 905K->63K(960K), 0.0006972 secs] 7684K->7392K(12764K), 0.0007589 secs]
18.052: [GC 18.052: [DefNew: 959K->63K(960K), 0.0007190 secs] 8288K->7702K(12764K), 0.0007744 secs]
18.063: [GC 18.063: [DefNew: 932K->63K(960K), 0.0010356 secs] 8571K->8265K(12764K), 0.0010972 secs]
18.077: [GC 18.077: [DefNew: 959K->63K(960K), 0.0007889 secs] 9161K->8596K(12764K), 0.0008555 secs]
18.088: [GC 18.088: [DefNew: 954K->53K(960K), 0.0006518 secs] 9487K->9135K(12764K), 0.0007088 secs]
18.102: [GC 18.102: [DefNew: 949K->64K(960K), 0.0006297 secs] 10031K->9470K(12764K), 0.0006855 secs]
18.116: [GC 18.116: [DefNew: 960K->64K(960K), 0.0007979 secs] 10366K->10054K(12764K), 0.0008610 secs]
18.129: [GC 18.129: [DefNew: 950K->64K(960K), 0.0006831 secs] 10941K->10370K(12764K), 0.0007448 secs]
18.139: [GC 18.139: [DefNew: 484K->64K(960K), 0.0005529 secs] 10790K->10470K(12764K), 0.0006262 secs]
18.148: [GC 18.148: [DefNew: 899K->64K(960K), 0.0007726 secs] 11306K->11020K(12764K), 0.0008317 secs]
18.164: [GC 18.164: [DefNew: 960K->64K(960K), 0.0006837 secs] 11916K->11329K(12764K), 0.0007393 secs]
18.172: [GC 18.172: [DefNew: 931K->63K(960K), 0.0008549 secs]18.173: [Tenured: 11828K->6777K(11932K), 0.0387610 secs] 12197K->6777K(12892K), 0.0397274 secs]
18.225: [GC 18.225: [DefNew: 896K->63K(960K), 0.0005954 secs] 7673K->7125K(12764K), 0.0006523 secs]
18.235: [GC 18.235: [DefNew: 959K->53K(960K), 0.0006616 secs] 8021K->7664K(12764K), 0.0007189 secs]
18.246: [GC 18.246: [DefNew: 949K->64K(960K), 0.0006366 secs] 8560K->7998K(12764K), 0.0006909 secs]
18.257: [GC 18.258: [DefNew: 960K->64K(960K), 0.0009002 secs] 8894K->8583K(12764K), 0.0009604 secs]
18.270: [GC 18.270: [DefNew: 949K->64K(960K), 0.0005828 secs] 9469K->8898K(12764K), 0.0006392 secs]
18.280: [GC 18.280: [DefNew: 481K->63K(960K), 0.0005756 secs] 9315K->8999K(12764K), 0.0006285 secs]
18.290: [GC 18.290: [DefNew: 959K->64K(960K), 0.0007734 secs] 9895K->9580K(12764K), 0.0008334 secs]
18.306: [GC 18.306: [DefNew: 921K->63K(960K), 0.0006470 secs] 10437K->9875K(12764K), 0.0007047 secs]
18.319: [GC 18.319: [DefNew: 947K->44K(960K), 0.0007245 secs] 10759K->10477K(12764K), 0.0007838 secs]
18.338: [GC 18.338: [DefNew: 940K->64K(960K), 0.0006758 secs] 11373K->10719K(12764K), 0.0007291 secs]
18.348: [GC 18.348: [DefNew: 960K->63K(960K), 0.0009520 secs] 11615K->10918K(12764K), 0.0010082 secs]
18.368: [GC 18.368: [DefNew: 959K->63K(960K), 0.0007926 secs] 11814K->11190K(12764K), 0.0008490 secs]
18.383: [GC 18.383: [DefNew: 959K->63K(960K), 0.0009422 secs] 12086K->11404K(12764K), 0.0009997 secs]
18.404: [GC 18.404: [DefNew: 951K->63K(960K), 0.0008363 secs] 12292K->11725K(12764K), 0.0009064 secs]
18.415: [GC 18.416: [DefNew: 959K->64K(960K), 0.0008826 secs]18.416: [Tenured: 11864K->2360K(11932K), 0.0367925 secs] 12621K->2360K(12892K), 0.0378086 secs]
18.463: [GC 18.463: [DefNew: 877K->64K(960K), 0.0011770 secs] 3238K->2573K(12764K), 0.0012370 secs]
18.484: [GC 18.484: [DefNew: 960K->64K(960K), 0.0007466 secs] 3469K->2827K(12764K), 0.0008015 secs]
18.493: [GC 18.494: [DefNew: 960K->63K(960K), 0.0008853 secs] 3723K->3026K(12764K), 0.0009384 secs]
18.513: [GC 18.514: [DefNew: 959K->64K(960K), 0.0007370 secs] 3922K->3298K(12764K), 0.0008008 secs]
18.524: [GC 18.524: [DefNew: 960K->63K(960K), 0.0008689 secs] 4194K->3511K(12764K), 0.0009237 secs]
18.544: [GC 18.544: [DefNew: 935K->63K(960K), 0.0009638 secs] 4383K->3789K(12764K), 0.0010239 secs]
18.554: [GC 18.554: [DefNew: 959K->64K(960K), 0.0007352 secs] 4685K->3977K(12764K), 0.0007908 secs]
18.561: [GC 18.561: [DefNew: 953K->63K(960K), 0.0008659 secs] 4867K->4157K(12764K), 0.0009226 secs]
18.583: [GC 18.583: [DefNew: 959K->63K(960K), 0.0006722 secs] 5053K->4445K(12764K), 0.0007253 secs]
18.590: [GC 18.591: [DefNew: 959K->63K(960K), 0.0013180 secs] 5341K->4643K(12764K), 0.0013771 secs]
18.610: [GC 18.610: [DefNew: 959K->64K(960K), 0.0007005 secs] 5539K->4916K(12764K), 0.0007606 secs]
18.622: [GC 18.623: [DefNew: 960K->63K(960K), 0.0011975 secs] 5812K->5129K(12764K), 0.0012521 secs]
18.639: [GC 18.639: [DefNew: 959K->63K(960K), 0.0008973 secs] 6024K->5393K(12764K), 0.0009533 secs]
18.650: [GC 18.650: [DefNew: 959K->63K(960K), 0.0007321 secs] 6289K->5598K(12764K), 0.0007912 secs]
18.657: [GC 18.657: [DefNew: 959K->63K(960K), 0.0009314 secs] 6494K->5781K(12764K), 0.0009948 secs]
18.680: [GC 18.680: [DefNew: 959K->63K(960K), 0.0007479 secs] 6677K->6069K(12764K), 0.0008083 secs]
18.688: [GC 18.688: [DefNew: 959K->63K(960K), 0.0008921 secs] 6965K->6268K(12764K), 0.0009481 secs]
18.699: [GC 18.699: [DefNew: 944K->63K(960K), 0.0010183 secs] 7148K->6517K(12764K), 0.0010825 secs]
18.713: [GC 18.713: [DefNew: 784K->64K(960K), 0.0007516 secs] 7238K->6881K(12764K), 0.0008079 secs]
18.723: [GC 18.723: [DefNew: 906K->63K(960K), 0.0010270 secs] 7723K->7430K(12764K), 0.0010862 secs]
18.738: [GC 18.738: [DefNew: 959K->64K(960K), 0.0006652 secs] 8326K->7740K(12764K), 0.0007187 secs]
18.746: [GC 18.746: [DefNew: 932K->63K(960K), 0.0007084 secs] 8609K->8302K(12764K), 0.0007673 secs]
18.758: [GC 18.758: [DefNew: 951K->63K(960K), 0.0007246 secs] 9190K->8628K(12764K), 0.0008161 secs]
18.769: [GC 18.769: [DefNew: 959K->63K(960K), 0.0006082 secs] 9524K->9166K(12764K), 0.0006634 secs]
18.782: [GC 18.782: [DefNew: 959K->63K(960K), 0.0007178 secs] 10062K->9500K(12764K), 0.0007828 secs]
18.793: [GC 18.794: [DefNew: 959K->64K(960K), 0.0009608 secs] 10396K->10085K(12764K), 0.0010219 secs]
18.806: [GC 18.806: [DefNew: 956K->64K(960K), 0.0006148 secs] 10978K->10400K(12764K), 0.0006813 secs]
18.816: [GC 18.816: [DefNew: 479K->63K(960K), 0.0005476 secs] 10816K->10501K(12764K), 0.0006009 secs]
18.824: [GC 18.824: [DefNew: 899K->64K(960K), 0.0007541 secs] 11337K->11051K(12764K), 0.0008140 secs]
18.839: [GC 18.839: [DefNew: 960K->63K(960K), 0.0006210 secs] 11947K->11360K(12764K), 0.0006715 secs]
18.847: [GC 18.847: [DefNew: 931K->63K(960K), 0.0008791 secs]18.848: [Tenured: 11859K->6810K(11932K), 0.0424199 secs] 12228K->6810K(12892K), 0.0434311 secs]
18.902: [GC 18.902: [DefNew: 896K->63K(960K), 0.0006812 secs] 7706K->7158K(12764K), 0.0007385 secs]
18.912: [GC 18.912: [DefNew: 959K->53K(960K), 0.0006881 secs] 8054K->7697K(12764K), 0.0007481 secs]
18.926: [GC 18.926: [DefNew: 949K->64K(960K), 0.0007911 secs] 8593K->8032K(12764K), 0.0008578 secs]
18.939: [GC 18.939: [DefNew: 960K->64K(960K), 0.0008440 secs] 8928K->8617K(12764K), 0.0009044 secs]
18.954: [GC 18.954: [DefNew: 954K->63K(960K), 0.0006219 secs] 9507K->8932K(12764K), 0.0006801 secs]
18.964: [GC 18.964: [DefNew: 480K->63K(960K), 0.0005685 secs] 9348K->9033K(12764K), 0.0006227 secs]
18.973: [GC 18.973: [DefNew: 898K->63K(960K), 0.0007735 secs] 9867K->9582K(12764K), 0.0008342 secs]
18.988: [GC 18.988: [DefNew: 959K->63K(960K), 0.0006997 secs] 10478K->9892K(12764K), 0.0007799 secs]
19.021: [GC 19.021: [DefNew: 941K->48K(960K), 0.0007023 secs] 10769K->10493K(12764K), 0.0007597 secs]
19.038: [GC 19.038: [DefNew: 944K->63K(960K), 0.0006174 secs] 11389K->10731K(12764K), 0.0006683 secs]
19.046: [GC 19.046: [DefNew: 959K->63K(960K), 0.0008668 secs] 11627K->10929K(12764K), 0.0009216 secs]
19.066: [GC 19.066: [DefNew: 959K->64K(960K), 0.0007353 secs] 11825K->11202K(12764K), 0.0007866 secs]
19.078: [GC 19.078: [DefNew: 960K->63K(960K), 0.0009531 secs] 12098K->11415K(12764K), 0.0010122 secs]
19.098: [GC 19.098: [DefNew: 918K->63K(960K), 0.0008592 secs] 12269K->11685K(12764K), 0.0009275 secs]
19.107: [GC 19.108: [DefNew: 959K->63K(960K), 0.0008230 secs]19.108: [Tenured: 11814K->2350K(11932K), 0.0367022 secs] 12581K->2350K(12892K), 0.0376780 secs]
19.153: [GC 19.153: [DefNew: 887K->64K(960K), 0.0011858 secs] 3238K->2549K(12764K), 0.0012631 secs]
19.176: [GC 19.176: [DefNew: 960K->64K(960K), 0.0007191 secs] 3445K->2817K(12764K), 0.0007777 secs]
19.184: [GC 19.184: [DefNew: 960K->63K(960K), 0.0012048 secs] 3713K->3016K(12764K), 0.0012804 secs]
19.204: [GC 19.204: [DefNew: 959K->63K(960K), 0.0006877 secs] 3912K->3289K(12764K), 0.0007430 secs]
19.214: [GC 19.214: [DefNew: 959K->64K(960K), 0.0008534 secs] 4185K->3503K(12764K), 0.0009071 secs]
19.230: [GC 19.230: [DefNew: 959K->64K(960K), 0.0008402 secs] 4398K->3762K(12764K), 0.0009017 secs]
19.242: [GC 19.242: [DefNew: 960K->63K(960K), 0.0007832 secs] 4658K->3972K(12764K), 0.0008372 secs]
19.248: [GC 19.248: [DefNew: 959K->63K(960K), 0.0010681 secs] 4868K->4155K(12764K), 0.0011300 secs]
19.270: [GC 19.270: [DefNew: 959K->64K(960K), 0.0006770 secs] 5051K->4443K(12764K), 0.0007309 secs]
19.280: [GC 19.280: [DefNew: 960K->63K(960K), 0.0007849 secs] 5339K->4642K(12764K), 0.0008381 secs]
19.301: [GC 19.301: [DefNew: 959K->63K(960K), 0.0006715 secs] 5538K->4914K(12764K), 0.0007236 secs]
19.311: [GC 19.311: [DefNew: 959K->63K(960K), 0.0012959 secs] 5810K->5128K(12764K), 0.0013574 secs]
19.326: [GC 19.326: [DefNew: 932K->64K(960K), 0.0009539 secs] 5997K->5365K(12764K), 0.0010135 secs]
19.340: [GC 19.340: [DefNew: 960K->63K(960K), 0.0008138 secs] 6261K->5593K(12764K), 0.0008725 secs]
19.347: [GC 19.347: [DefNew: 959K->64K(960K), 0.0012434 secs] 6489K->5777K(12764K), 0.0013095 secs]
19.369: [GC 19.369: [DefNew: 960K->63K(960K), 0.0009509 secs] 6673K->6064K(12764K), 0.0010146 secs]
19.378: [GC 19.378: [DefNew: 959K->63K(960K), 0.0009081 secs] 6960K->6263K(12764K), 0.0009617 secs]
19.390: [GC 19.390: [DefNew: 846K->64K(960K), 0.0008534 secs] 7045K->6456K(12764K), 0.0009100 secs]
19.403: [GC 19.403: [DefNew: 913K->63K(960K), 0.0010628 secs] 7305K->6820K(12764K), 0.0011350 secs]
19.427: [GC 19.427: [DefNew: 904K->64K(960K), 0.0006628 secs] 7660K->7369K(12764K), 0.0007250 secs]
19.442: [GC 19.442: [DefNew: 960K->63K(960K), 0.0006811 secs] 8265K->7679K(12764K), 0.0007378 secs]
19.451: [GC 19.451: [DefNew: 932K->63K(960K), 0.0010683 secs] 8547K->8241K(12764K), 0.0011285 secs]
19.463: [GC 19.464: [DefNew: 952K->63K(960K), 0.0006632 secs] 9129K->8567K(12764K), 0.0007216 secs]
19.475: [GC 19.475: [DefNew: 959K->63K(960K), 0.0006362 secs] 9463K->9104K(12764K), 0.0006941 secs]
19.488: [GC 19.488: [DefNew: 959K->63K(960K), 0.0005881 secs] 10000K->9439K(12764K), 0.0006400 secs]
19.498: [GC 19.499: [DefNew: 959K->63K(960K), 0.0009136 secs] 10335K->10024K(12764K), 0.0009749 secs]
19.511: [GC 19.511: [DefNew: 941K->64K(960K), 0.0005979 secs] 10902K->10328K(12764K), 0.0009729 secs]
19.521: [GC 19.521: [DefNew: 504K->63K(960K), 0.0005999 secs] 10768K->10440K(12764K), 0.0006554 secs]
19.529: [GC 19.529: [DefNew: 899K->63K(960K), 0.0007724 secs] 11276K->10990K(12764K), 0.0008326 secs]
19.544: [GC 19.544: [DefNew: 959K->64K(960K), 0.0006896 secs] 11886K->11299K(12764K), 0.0007440 secs]
19.552: [GC 19.552: [DefNew: 931K->63K(960K), 0.0007626 secs]19.553: [Tenured: 11798K->6753K(11804K), 0.0416604 secs] 12167K->6753K(12764K), 0.0425192 secs]
19.606: [GC 19.606: [DefNew: 886K->64K(960K), 0.0006912 secs] 7640K->7095K(12764K), 0.0007611 secs]
19.617: [GC 19.617: [DefNew: 960K->63K(960K), 0.0007418 secs] 7991K->7633K(12764K), 0.0008021 secs]
19.630: [GC 19.630: [DefNew: 959K->63K(960K), 0.0006503 secs] 8529K->7968K(12764K), 0.0007052 secs]
19.640: [GC 19.640: [DefNew: 959K->64K(960K), 0.0009884 secs] 8864K->8553K(12764K), 0.0010505 secs]
19.652: [GC 19.652: [DefNew: 939K->64K(960K), 0.0005458 secs] 9428K->8857K(12764K), 0.0005969 secs]
19.662: [GC 19.662: [DefNew: 501K->63K(960K), 0.0005430 secs] 9294K->8969K(12764K), 0.0005925 secs]
19.670: [GC 19.670: [DefNew: 898K->63K(960K), 0.0008108 secs] 9804K->9519K(12764K), 0.0008741 secs]
19.684: [GC 19.684: [DefNew: 959K->64K(960K), 0.0006347 secs] 10415K->9828K(12764K), 0.0006850 secs]
19.696: [GC 19.696: [DefNew: 942K->48K(960K), 0.0005886 secs] 10706K->10429K(12764K), 0.0006443 secs]
19.711: [GC 19.711: [DefNew: 944K->63K(960K), 0.0006604 secs] 11325K->10667K(12764K), 0.0007120 secs]
19.719: [GC 19.719: [DefNew: 959K->63K(960K), 0.0009590 secs] 11563K->10866K(12764K), 0.0010159 secs]
19.738: [GC 19.738: [DefNew: 959K->64K(960K), 0.0007248 secs] 11762K->11138K(12764K), 0.0007767 secs]
19.748: [GC 19.748: [DefNew: 960K->64K(960K), 0.0008293 secs] 12034K->11351K(12764K), 0.0008805 secs]
19.765: [GC 19.765: [DefNew: 917K->63K(960K), 0.0007564 secs] 12205K->11621K(12764K), 0.0008082 secs]
19.775: [GC 19.775: [DefNew: 959K->63K(960K), 0.0007739 secs] 12517K->11814K(12764K), 0.0008294 secs]
19.783: [GC 19.783: [DefNew: 949K->63K(960K), 0.0010384 secs]19.784: [Tenured: 11949K->2549K(12060K), 0.0334486 secs] 12700K->2549K(13020K), 0.0346042 secs]
19.835: [GC 19.835: [DefNew: 896K->63K(960K), 0.0005076 secs] 3445K->2841K(12764K), 0.0005560 secs]
19.843: [GC 19.843: [DefNew: 959K->63K(960K), 0.0009301 secs] 3737K->3040K(12764K), 0.0009864 secs]
19.862: [GC 19.862: [DefNew: 959K->64K(960K), 0.0006400 secs] 3936K->3312K(12764K), 0.0006900 secs]
19.872: [GC 19.872: [DefNew: 960K->63K(960K), 0.0007945 secs] 4208K->3526K(12764K), 0.0008432 secs]
19.887: [GC 19.887: [DefNew: 958K->64K(960K), 0.0007907 secs] 4421K->3785K(12764K), 0.0008428 secs]
19.899: [GC 19.899: [DefNew: 960K->63K(960K), 0.0006546 secs] 4681K->3995K(12764K), 0.0007022 secs]
19.905: [GC 19.905: [DefNew: 959K->63K(960K), 0.0009146 secs] 4891K->4179K(12764K), 0.0009679 secs]
19.929: [GC 19.929: [DefNew: 959K->64K(960K), 0.0006145 secs] 5075K->4467K(12764K), 0.0006638 secs]
19.937: [GC 19.937: [DefNew: 960K->63K(960K), 0.0007398 secs] 5363K->4665K(12764K), 0.0007875 secs]
19.956: [GC 19.956: [DefNew: 959K->63K(960K), 0.0006605 secs] 5561K->4938K(12764K), 0.0007096 secs]
19.966: [GC 19.966: [DefNew: 959K->64K(960K), 0.0009166 secs] 5834K->5151K(12764K), 0.0009695 secs]
19.979: [GC 19.979: [DefNew: 933K->64K(960K), 0.0008319 secs] 6021K->5389K(12764K), 0.0008857 secs]
19.993: [GC 19.993: [DefNew: 960K->63K(960K), 0.0007351 secs] 6285K->5617K(12764K), 0.0007859 secs]
20.000: [GC 20.000: [DefNew: 959K->63K(960K), 0.0007991 secs] 6513K->5800K(12764K), 0.0008530 secs]
20.021: [GC 20.021: [DefNew: 959K->64K(960K), 0.0006557 secs] 6696K->6088K(12764K), 0.0007031 secs]
20.029: [GC 20.029: [DefNew: 960K->63K(960K), 0.0008271 secs] 6984K->6286K(12764K), 0.0008827 secs]
20.038: [GC 20.038: [DefNew: 845K->64K(960K), 0.0007629 secs] 7068K->6479K(12764K), 0.0008127 secs]
20.050: [GC 20.050: [DefNew: 913K->63K(960K), 0.0006456 secs] 7328K->6843K(12764K), 0.0006969 secs]
20.058: [GC 20.059: [DefNew: 904K->64K(960K), 0.0006558 secs] 7684K->7392K(12764K), 0.0007077 secs]
20.072: [GC 20.072: [DefNew: 960K->64K(960K), 0.0007280 secs] 8288K->7702K(12764K), 0.0007873 secs]
20.080: [GC 20.080: [DefNew: 933K->63K(960K), 0.0006332 secs] 8571K->8265K(12764K), 0.0006852 secs]
20.092: [GC 20.092: [DefNew: 951K->63K(960K), 0.0006258 secs] 9152K->8590K(12764K), 0.0006770 secs]
20.102: [GC 20.102: [DefNew: 959K->63K(960K), 0.0005480 secs] 9486K->9128K(12764K), 0.0005976 secs]
20.113: [GC 20.113: [DefNew: 959K->63K(960K), 0.0005708 secs] 10024K->9462K(12764K), 0.0006205 secs]
20.123: [GC 20.123: [DefNew: 959K->64K(960K), 0.0008195 secs] 10358K->10048K(12764K), 0.0008783 secs]
20.135: [GC 20.135: [DefNew: 956K->63K(960K), 0.0009277 secs] 10940K->10363K(12764K), 0.0010017 secs]
20.146: [GC 20.146: [DefNew: 479K->64K(960K), 0.0005704 secs] 10779K->10464K(12764K), 0.0006268 secs]
20.155: [GC 20.155: [DefNew: 899K->63K(960K), 0.0007454 secs] 11299K->11013K(12764K), 0.0008062 secs]
20.171: [GC 20.171: [DefNew: 959K->63K(960K), 0.0006525 secs] 11909K->11323K(12764K), 0.0007043 secs]
20.178: [GC 20.178: [DefNew: 931K->63K(960K), 0.0007268 secs]20.179: [Tenured: 11821K->6777K(11932K), 0.0366699 secs] 12190K->6777K(12892K), 0.0375639 secs]
20.228: [GC 20.228: [DefNew: 896K->64K(960K), 0.0005338 secs] 7673K->7125K(12764K), 0.0005839 secs]
20.237: [GC 20.237: [DefNew: 960K->53K(960K), 0.0005667 secs] 8021K->7664K(12764K), 0.0006185 secs]
20.248: [GC 20.248: [DefNew: 949K->63K(960K), 0.0005745 secs] 8560K->7998K(12764K), 0.0006237 secs]
20.258: [GC 20.258: [DefNew: 959K->63K(960K), 0.0007052 secs] 8894K->8583K(12764K), 0.0007548 secs]
20.270: [GC 20.270: [DefNew: 951K->63K(960K), 0.0005586 secs] 9470K->8898K(12764K), 0.0006084 secs]
20.279: [GC 20.279: [DefNew: 478K->63K(960K), 0.0005347 secs] 9313K->8999K(12764K), 0.0005863 secs]
20.288: [GC 20.288: [DefNew: 903K->63K(960K), 0.0006655 secs] 9839K->9549K(12764K), 0.0007193 secs]
20.301: [GC 20.301: [DefNew: 959K->63K(960K), 0.0006165 secs] 10445K->9858K(12764K), 0.0006673 secs]
20.313: [GC 20.313: [DefNew: 948K->48K(960K), 0.0006469 secs] 10743K->10460K(12764K), 0.0006994 secs]
20.328: [GC 20.328: [DefNew: 944K->63K(960K), 0.0005748 secs] 11356K->10697K(12764K), 0.0006200 secs]
20.336: [GC 20.336: [DefNew: 959K->63K(960K), 0.0008082 secs] 11593K->10896K(12764K), 0.0008591 secs]
20.357: [GC 20.357: [DefNew: 959K->63K(960K), 0.0007561 secs] 11792K->11168K(12764K), 0.0008206 secs]
20.367: [GC 20.367: [DefNew: 959K->63K(960K), 0.0009770 secs] 12064K->11381K(12764K), 0.0010322 secs]
20.387: [GC 20.387: [DefNew: 928K->63K(960K), 0.0009543 secs] 12246K->11651K(12764K), 0.0010132 secs]
20.397: [GC 20.397: [DefNew: 959K->63K(960K), 0.0008173 secs] 12547K->11844K(12764K), 0.0009230 secs]
20.406: [GC 20.406: [DefNew: 938K->63K(960K), 0.0010259 secs]20.407: [Tenured: 11979K->2549K(12060K), 0.0367714 secs] 12719K->2549K(13020K), 0.0379719 secs]
20.463: [GC 20.464: [DefNew: 896K->63K(960K), 0.0005924 secs] 3445K->2841K(12764K), 0.0006445 secs]
20.471: [GC 20.471: [DefNew: 959K->63K(960K), 0.0012535 secs] 3737K->3040K(12764K), 0.0013132 secs]
20.495: [GC 20.495: [DefNew: 959K->64K(960K), 0.0015059 secs] 3936K->3312K(12764K), 0.0015887 secs]
20.507: [GC 20.507: [DefNew: 960K->63K(960K), 0.0008840 secs] 4208K->3526K(12764K), 0.0009404 secs]
20.524: [GC 20.524: [DefNew: 958K->64K(960K), 0.0007676 secs] 4421K->3785K(12764K), 0.0008209 secs]
20.536: [GC 20.536: [DefNew: 960K->64K(960K), 0.0006603 secs] 4681K->3995K(12764K), 0.0007082 secs]
20.542: [GC 20.542: [DefNew: 960K->63K(960K), 0.0007642 secs] 4891K->4178K(12764K), 0.0008128 secs]
20.563: [GC 20.563: [DefNew: 959K->63K(960K), 0.0006634 secs] 5074K->4466K(12764K), 0.0007133 secs]
20.571: [GC 20.571: [DefNew: 959K->63K(960K), 0.0007516 secs] 5362K->4665K(12764K), 0.0007993 secs]
20.591: [GC 20.591: [DefNew: 959K->64K(960K), 0.0010425 secs] 5561K->4937K(12764K), 0.0010995 secs]
20.602: [GC 20.602: [DefNew: 960K->63K(960K), 0.0008977 secs] 5833K->5151K(12764K), 0.0009522 secs]
20.616: [GC 20.616: [DefNew: 933K->64K(960K), 0.0010233 secs] 6020K->5389K(12764K), 0.0010905 secs]
20.632: [GC 20.632: [DefNew: 960K->63K(960K), 0.0008126 secs] 6285K->5617K(12764K), 0.0008681 secs]
20.638: [GC 20.638: [DefNew: 959K->63K(960K), 0.0009077 secs] 6513K->5800K(12764K), 0.0010387 secs]
20.661: [GC 20.661: [DefNew: 959K->63K(960K), 0.0009613 secs] 6696K->6088K(12764K), 0.0010282 secs]
20.670: [GC 20.670: [DefNew: 959K->64K(960K), 0.0008423 secs] 6984K->6286K(12764K), 0.0009611 secs]
20.680: [GC 20.680: [DefNew: 845K->64K(960K), 0.0008988 secs] 7067K->6479K(12764K), 0.0009568 secs]
20.694: [GC 20.694: [DefNew: 913K->64K(960K), 0.0006655 secs] 7328K->6843K(12764K), 0.0007172 secs]
20.702: [GC 20.702: [DefNew: 904K->64K(960K), 0.0007664 secs] 7684K->7392K(12764K), 0.0008322 secs]
20.716: [GC 20.716: [DefNew: 960K->63K(960K), 0.0006198 secs] 8288K->7702K(12764K), 0.0006705 secs]
20.724: [GC 20.724: [DefNew: 933K->63K(960K), 0.0006258 secs] 8571K->8264K(12764K), 0.0006786 secs]
20.735: [GC 20.735: [DefNew: 951K->64K(960K), 0.0007061 secs] 9152K->8590K(12764K), 0.0007659 secs]
20.746: [GC 20.746: [DefNew: 960K->63K(960K), 0.0006483 secs] 9486K->9127K(12764K), 0.0007474 secs]
20.757: [GC 20.757: [DefNew: 959K->63K(960K), 0.0005573 secs] 10023K->9462K(12764K), 0.0006095 secs]
20.767: [GC 20.767: [DefNew: 959K->64K(960K), 0.0008061 secs] 10358K->10047K(12764K), 0.0009004 secs]
20.780: [GC 20.780: [DefNew: 941K->63K(960K), 0.0007721 secs] 10925K->10351K(12764K), 0.0008341 secs]
20.790: [GC 20.790: [DefNew: 504K->63K(960K), 0.0005825 secs] 10791K->10463K(12764K), 0.0006383 secs]
20.799: [GC 20.799: [DefNew: 899K->63K(960K), 0.0007834 secs] 11299K->11012K(12764K), 0.0008448 secs]
20.813: [GC 20.813: [DefNew: 959K->64K(960K), 0.0007807 secs] 11908K->11322K(12764K), 0.0008377 secs]
20.822: [GC 20.822: [DefNew: 930K->63K(960K), 0.0008110 secs]20.823: [Tenured: 11820K->6777K(11932K), 0.0427109 secs] 12189K->6777K(12892K), 0.0436408 secs]
20.877: [GC 20.877: [DefNew: 886K->63K(960K), 0.0006772 secs] 7663K->7119K(12764K), 0.0007362 secs]
20.889: [GC 20.889: [DefNew: 959K->63K(960K), 0.0008155 secs] 8015K->7657K(12764K), 0.0008834 secs]
20.902: [GC 20.902: [DefNew: 959K->63K(960K), 0.0006819 secs] 8553K->7991K(12764K), 0.0007406 secs]
20.918: [GC 20.918: [DefNew: 959K->64K(960K), 0.0008560 secs] 8887K->8576K(12764K), 0.0009184 secs]
20.931: [GC 20.931: [DefNew: 939K->63K(960K), 0.0005566 secs] 9452K->8880K(12764K), 0.0006090 secs]
20.940: [GC 20.940: [DefNew: 501K->63K(960K), 0.0005151 secs] 9318K->8992K(12764K), 0.0005617 secs]
20.948: [GC 20.948: [DefNew: 903K->63K(960K), 0.0006693 secs] 9832K->9542K(12764K), 0.0007205 secs]
20.962: [GC 20.962: [DefNew: 959K->64K(960K), 0.0005933 secs] 10438K->9851K(12764K), 0.0006412 secs]
20.974: [GC 20.974: [DefNew: 941K->48K(960K), 0.0006437 secs] 10729K->10453K(12764K), 0.0006973 secs]
20.989: [GC 20.989: [DefNew: 944K->64K(960K), 0.0005739 secs] 11349K->10691K(12764K), 0.0006225 secs]
20.997: [GC 20.997: [DefNew: 960K->63K(960K), 0.0007490 secs] 11587K->10889K(12764K), 0.0007949 secs]
21.015: [GC 21.016: [DefNew: 959K->63K(960K), 0.0007060 secs] 11785K->11161K(12764K), 0.0007557 secs]
21.025: [GC 21.025: [DefNew: 959K->64K(960K), 0.0007770 secs] 12057K->11375K(12764K), 0.0008240 secs]
21.043: [GC 21.043: [DefNew: 917K->63K(960K), 0.0008055 secs] 12228K->11645K(12764K), 0.0008581 secs]
21.053: [GC 21.053: [DefNew: 959K->64K(960K), 0.0007340 secs] 12541K->11838K(12764K), 0.0007843 secs]
21.060: [GC 21.060: [DefNew: 938K->63K(960K), 0.0010894 secs]21.062: [Tenured: 11973K->2549K(12060K), 0.0346052 secs] 12713K->2549K(13020K), 0.0358317 secs]
21.115: [GC 21.115: [DefNew: 896K->64K(960K), 0.0005179 secs] 3445K->2841K(12764K), 0.0005660 secs]
21.122: [GC 21.122: [DefNew: 960K->63K(960K), 0.0006784 secs] 3737K->3040K(12764K), 0.0007232 secs]
21.141: [GC 21.141: [DefNew: 959K->63K(960K), 0.0007254 secs] 3936K->3313K(12764K), 0.0007802 secs]
21.151: [GC 21.151: [DefNew: 959K->63K(960K), 0.0008058 secs] 4209K->3527K(12764K), 0.0008524 secs]
21.166: [GC 21.166: [DefNew: 958K->64K(960K), 0.0007357 secs] 4421K->3786K(12764K), 0.0007868 secs]
21.177: [GC 21.177: [DefNew: 960K->64K(960K), 0.0006574 secs] 4682K->3996K(12764K), 0.0007039 secs]
21.183: [GC 21.183: [DefNew: 960K->63K(960K), 0.0008404 secs] 4892K->4179K(12764K), 0.0008921 secs]
21.204: [GC 21.204: [DefNew: 959K->63K(960K), 0.0007360 secs] 5075K->4467K(12764K), 0.0007866 secs]
21.212: [GC 21.212: [DefNew: 959K->63K(960K), 0.0007838 secs] 5363K->4666K(12764K), 0.0008306 secs]
21.231: [GC 21.231: [DefNew: 959K->63K(960K), 0.0006563 secs] 5562K->4938K(12764K), 0.0007068 secs]
21.241: [GC 21.241: [DefNew: 959K->64K(960K), 0.0007579 secs] 5834K->5152K(12764K), 0.0008050 secs]
21.254: [GC 21.254: [DefNew: 932K->64K(960K), 0.0007369 secs] 6020K->5389K(12764K), 0.0007864 secs]
21.268: [GC 21.268: [DefNew: 960K->63K(960K), 0.0006713 secs] 6285K->5617K(12764K), 0.0007272 secs]
21.274: [GC 21.274: [DefNew: 959K->63K(960K), 0.0007921 secs] 6513K->5801K(12764K), 0.0008431 secs]
21.294: [GC 21.294: [DefNew: 959K->63K(960K), 0.0007258 secs] 6697K->6088K(12764K), 0.0007762 secs]
21.302: [GC 21.302: [DefNew: 959K->64K(960K), 0.0007510 secs] 6984K->6286K(12764K), 0.0008000 secs]
21.312: [GC 21.312: [DefNew: 848K->64K(960K), 0.0007650 secs] 7071K->6479K(12764K), 0.0008123 secs]
21.323: [GC 21.323: [DefNew: 915K->63K(960K), 0.0006901 secs] 7331K->6844K(12764K), 0.0007409 secs]
21.332: [GC 21.332: [DefNew: 905K->63K(960K), 0.0006775 secs] 7685K->7393K(12764K), 0.0007309 secs]
21.345: [GC 21.345: [DefNew: 959K->63K(960K), 0.0007441 secs] 8289K->7703K(12764K), 0.0007986 secs]
21.353: [GC 21.353: [DefNew: 932K->63K(960K), 0.0006369 secs] 8572K->8265K(12764K), 0.0006876 secs]
21.365: [GC 21.365: [DefNew: 959K->63K(960K), 0.0005908 secs] 9161K->8597K(12764K), 0.0006406 secs]
21.375: [GC 21.375: [DefNew: 954K->53K(960K), 0.0005671 secs] 9488K->9136K(12764K), 0.0006178 secs]
21.385: [GC 21.385: [DefNew: 949K->64K(960K), 0.0006203 secs] 10032K->9470K(12764K), 0.0006701 secs]
21.395: [GC 21.395: [DefNew: 960K->63K(960K), 0.0007935 secs] 10366K->10055K(12764K), 0.0008494 secs]
21.407: [GC 21.407: [DefNew: 950K->64K(960K), 0.0005557 secs] 10942K->10371K(12764K), 0.0006066 secs]
21.416: [GC 21.416: [DefNew: 484K->63K(960K), 0.0004897 secs] 10791K->10471K(12764K), 0.0005382 secs]
21.424: [GC 21.425: [DefNew: 899K->64K(960K), 0.0007151 secs] 11307K->11021K(12764K), 0.0007689 secs]
21.438: [GC 21.438: [DefNew: 960K->64K(960K), 0.0006359 secs] 11917K->11331K(12764K), 0.0006842 secs]
21.446: [GC 21.446: [DefNew: 930K->63K(960K), 0.0007082 secs]21.446: [Tenured: 11829K->6777K(11932K), 0.0374360 secs] 12198K->6777K(12892K), 0.0382524 secs]
21.494: [GC 21.495: [DefNew: 886K->63K(960K), 0.0005251 secs] 7664K->7119K(12764K), 0.0005764 secs]
21.504: [GC 21.504: [DefNew: 959K->63K(960K), 0.0005484 secs] 8015K->7657K(12764K), 0.0005990 secs]
21.515: [GC 21.515: [DefNew: 959K->63K(960K), 0.0005655 secs] 8553K->7992K(12764K), 0.0006152 secs]
21.525: [GC 21.526: [DefNew: 959K->64K(960K), 0.0007206 secs] 8888K->8577K(12764K), 0.0007724 secs]
21.537: [GC 21.537: [DefNew: 939K->63K(960K), 0.0005379 secs] 9452K->8881K(12764K), 0.0005898 secs]
21.547: [GC 21.547: [DefNew: 501K->64K(960K), 0.0005106 secs] 9318K->8993K(12764K), 0.0005564 secs]
21.555: [GC 21.555: [DefNew: 903K->63K(960K), 0.0007090 secs] 9833K->9542K(12764K), 0.0007637 secs]
21.568: [GC 21.569: [DefNew: 959K->64K(960K), 0.0006376 secs] 10438K->9852K(12764K), 0.0006859 secs]
21.580: [GC 21.580: [DefNew: 941K->48K(960K), 0.0006143 secs] 10730K->10453K(12764K), 0.0006674 secs]
21.596: [GC 21.596: [DefNew: 944K->64K(960K), 0.0006087 secs] 11349K->10691K(12764K), 0.0006592 secs]
21.603: [GC 21.603: [DefNew: 960K->63K(960K), 0.0008101 secs] 11587K->10890K(12764K), 0.0008567 secs]
21.622: [GC 21.622: [DefNew: 959K->63K(960K), 0.0006814 secs] 11786K->11162K(12764K), 0.0007306 secs]
21.632: [GC 21.632: [DefNew: 959K->63K(960K), 0.0007809 secs] 12058K->11376K(12764K), 0.0008294 secs]
21.649: [GC 21.649: [DefNew: 918K->63K(960K), 0.0007341 secs] 12230K->11645K(12764K), 0.0007852 secs]
21.659: [GC 21.659: [DefNew: 959K->64K(960K), 0.0006941 secs] 12541K->11838K(12764K), 0.0007428 secs]
21.666: [GC 21.666: [DefNew: 938K->63K(960K), 0.0008554 secs]21.667: [Tenured: 11973K->2549K(12060K), 0.0334147 secs] 12712K->2549K(13020K), 0.0343819 secs]
21.719: [GC 21.719: [DefNew: 896K->64K(960K), 0.0004997 secs] 3445K->2841K(12764K), 0.0005462 secs]
21.726: [GC 21.726: [DefNew: 960K->63K(960K), 0.0007265 secs] 3737K->3040K(12764K), 0.0007744 secs]
21.746: [GC 21.746: [DefNew: 959K->64K(960K), 0.0006214 secs] 3936K->3312K(12764K), 0.0006694 secs]
21.755: [GC 21.755: [DefNew: 960K->64K(960K), 0.0007404 secs] 4208K->3527K(12764K), 0.0007857 secs]
21.770: [GC 21.770: [DefNew: 958K->64K(960K), 0.0007000 secs] 4421K->3785K(12764K), 0.0007480 secs]
21.782: [GC 21.782: [DefNew: 960K->63K(960K), 0.0007080 secs] 4681K->3995K(12764K), 0.0007647 secs]
21.788: [GC 21.788: [DefNew: 959K->63K(960K), 0.0008347 secs] 4891K->4179K(12764K), 0.0008876 secs]
21.809: [GC 21.809: [DefNew: 959K->64K(960K), 0.0006053 secs] 5075K->4467K(12764K), 0.0006539 secs]
21.817: [GC 21.817: [DefNew: 960K->63K(960K), 0.0007070 secs] 5363K->4666K(12764K), 0.0007532 secs]
21.835: [GC 21.835: [DefNew: 959K->64K(960K), 0.0006471 secs] 5562K->4938K(12764K), 0.0006964 secs]
21.845: [GC 21.845: [DefNew: 960K->64K(960K), 0.0007775 secs] 5834K->5151K(12764K), 0.0008241 secs]
21.858: [GC 21.858: [DefNew: 932K->64K(960K), 0.0006807 secs] 6020K->5389K(12764K), 0.0007258 secs]
21.872: [GC 21.872: [DefNew: 960K->63K(960K), 0.0006724 secs] 6285K->5617K(12764K), 0.0007178 secs]
21.878: [GC 21.878: [DefNew: 959K->64K(960K), 0.0007020 secs] 6513K->5801K(12764K), 0.0007479 secs]
21.898: [GC 21.898: [DefNew: 960K->63K(960K), 0.0006756 secs] 6697K->6088K(12764K), 0.0007239 secs]
21.906: [GC 21.906: [DefNew: 959K->63K(960K), 0.0007744 secs] 6984K->6286K(12764K), 0.0008241 secs]
21.915: [GC 21.915: [DefNew: 845K->64K(960K), 0.0007423 secs] 7068K->6479K(12764K), 0.0007888 secs]
21.928: [GC 21.928: [DefNew: 915K->63K(960K), 0.0006427 secs] 7331K->6843K(12764K), 0.0006948 secs]
21.936: [GC 21.937: [DefNew: 905K->63K(960K), 0.0006591 secs] 7685K->7393K(12764K), 0.0007116 secs]
21.950: [GC 21.950: [DefNew: 959K->63K(960K), 0.0006545 secs] 8289K->7702K(12764K), 0.0007045 secs]
21.958: [GC 21.958: [DefNew: 933K->63K(960K), 0.0006173 secs] 8572K->8265K(12764K), 0.0006684 secs]
21.970: [GC 21.970: [DefNew: 959K->63K(960K), 0.0005955 secs] 9161K->8596K(12764K), 0.0006519 secs]
21.979: [GC 21.979: [DefNew: 959K->53K(960K), 0.0006100 secs] 9491K->9136K(12764K), 0.0006609 secs]
21.990: [GC 21.990: [DefNew: 949K->64K(960K), 0.0006594 secs] 10032K->9470K(12764K), 0.0007117 secs]
22.000: [GC 22.000: [DefNew: 960K->64K(960K), 0.0007307 secs] 10366K->10055K(12764K), 0.0007844 secs]
22.012: [GC 22.012: [DefNew: 951K->64K(960K), 0.0005712 secs] 10942K->10370K(12764K), 0.0006207 secs]
22.021: [GC 22.021: [DefNew: 482K->64K(960K), 0.0005004 secs] 10788K->10471K(12764K), 0.0005475 secs]
22.029: [GC 22.029: [DefNew: 899K->64K(960K), 0.0006767 secs] 11307K->11020K(12764K), 0.0007281 secs]
22.043: [GC 22.043: [DefNew: 960K->64K(960K), 0.0006857 secs] 11916K->11330K(12764K), 0.0007382 secs]
22.051: [GC 22.051: [DefNew: 931K->63K(960K), 0.0006918 secs]22.052: [Tenured: 11828K->6777K(11932K), 0.0362227 secs] 12197K->6777K(12892K), 0.0370286 secs]
22.100: [GC 22.100: [DefNew: 896K->63K(960K), 0.0005426 secs] 7673K->7125K(12764K), 0.0005914 secs]
22.109: [GC 22.109: [DefNew: 954K->53K(960K), 0.0005549 secs] 8016K->7665K(12764K), 0.0006060 secs]
22.120: [GC 22.120: [DefNew: 949K->63K(960K), 0.0006034 secs] 8561K->7999K(12764K), 0.0006536 secs]
22.130: [GC 22.130: [DefNew: 959K->63K(960K), 0.0006966 secs] 8895K->8584K(12764K), 0.0007475 secs]
22.142: [GC 22.142: [DefNew: 954K->63K(960K), 0.0005897 secs] 9474K->8899K(12764K), 0.0006461 secs]
22.152: [GC 22.152: [DefNew: 480K->63K(960K), 0.0005416 secs] 9315K->9000K(12764K), 0.0005965 secs]
22.160: [GC 22.161: [DefNew: 959K->63K(960K), 0.0006860 secs] 9896K->9580K(12764K), 0.0007391 secs]
22.175: [GC 22.175: [DefNew: 920K->63K(960K), 0.0005961 secs] 10437K->9875K(12764K), 0.0006505 secs]
22.187: [GC 22.187: [DefNew: 947K->44K(960K), 0.0006057 secs] 10759K->10477K(12764K), 0.0006582 secs]
22.202: [GC 22.202: [DefNew: 940K->64K(960K), 0.0005821 secs] 11373K->10719K(12764K), 0.0006316 secs]
22.210: [GC 22.210: [DefNew: 960K->63K(960K), 0.0007661 secs] 11615K->10918K(12764K), 0.0008155 secs]
22.228: [GC 22.228: [DefNew: 959K->64K(960K), 0.0006848 secs] 11814K->11190K(12764K), 0.0007324 secs]
22.238: [GC 22.238: [DefNew: 960K->63K(960K), 0.0007792 secs] 12086K->11404K(12764K), 0.0008285 secs]
22.256: [GC 22.256: [DefNew: 951K->63K(960K), 0.0007209 secs] 12292K->11725K(12764K), 0.0007688 secs]
22.265: [GC 22.265: [DefNew: 959K->64K(960K), 0.0007380 secs]22.266: [Tenured: 11864K->2360K(11932K), 0.0326676 secs] 12621K->2360K(12892K), 0.0335089 secs]
22.307: [GC 22.307: [DefNew: 878K->63K(960K), 0.0007004 secs] 3239K->2573K(12764K), 0.0007483 secs]
22.324: [GC 22.324: [DefNew: 959K->64K(960K), 0.0006008 secs] 3469K->2827K(12764K), 0.0006480 secs]
22.332: [GC 22.332: [DefNew: 960K->63K(960K), 0.0007459 secs] 3723K->3025K(12764K), 0.0007929 secs]
22.351: [GC 22.351: [DefNew: 959K->64K(960K), 0.0006671 secs] 3921K->3298K(12764K), 0.0007161 secs]
22.361: [GC 22.361: [DefNew: 960K->63K(960K), 0.0007481 secs] 4194K->3511K(12764K), 0.0007961 secs]
22.378: [GC 22.378: [DefNew: 938K->63K(960K), 0.0007048 secs] 4386K->3789K(12764K), 0.0007537 secs]
22.387: [GC 22.387: [DefNew: 959K->64K(960K), 0.0006325 secs] 4685K->3977K(12764K), 0.0006789 secs]
22.393: [GC 22.393: [DefNew: 944K->63K(960K), 0.0007733 secs] 4858K->4157K(12764K), 0.0008226 secs]
22.414: [GC 22.414: [DefNew: 959K->64K(960K), 0.0006066 secs] 5053K->4444K(12764K), 0.0006554 secs]
22.422: [GC 22.422: [DefNew: 960K->64K(960K), 0.0007773 secs] 5340K->4643K(12764K), 0.0008250 secs]
22.441: [GC 22.441: [DefNew: 960K->63K(960K), 0.0006344 secs] 5539K->4915K(12764K), 0.0006828 secs]
22.450: [GC 22.450: [DefNew: 959K->63K(960K), 0.0007504 secs] 5811K->5129K(12764K), 0.0007958 secs]
22.466: [GC 22.466: [DefNew: 956K->63K(960K), 0.0007295 secs] 6022K->5393K(12764K), 0.0007779 secs]
22.477: [GC 22.477: [DefNew: 959K->63K(960K), 0.0006615 secs] 6289K->5598K(12764K), 0.0007093 secs]
22.483: [GC 22.483: [DefNew: 959K->63K(960K), 0.0009756 secs] 6494K->5782K(12764K), 0.0010243 secs]
22.504: [GC 22.504: [DefNew: 959K->63K(960K), 0.0006766 secs] 6678K->6069K(12764K), 0.0007245 secs]
22.512: [GC 22.512: [DefNew: 959K->63K(960K), 0.0007168 secs] 6965K->6268K(12764K), 0.0007618 secs]
22.522: [GC 22.522: [DefNew: 940K->63K(960K), 0.0007443 secs] 7145K->6517K(12764K), 0.0007956 secs]
22.532: [GC 22.532: [DefNew: 784K->64K(960K), 0.0007172 secs] 7237K->6881K(12764K), 0.0007703 secs]
22.541: [GC 22.541: [DefNew: 905K->63K(960K), 0.0006507 secs] 7723K->7430K(12764K), 0.0007025 secs]
22.554: [GC 22.554: [DefNew: 959K->63K(960K), 0.0006204 secs] 8326K->7740K(12764K), 0.0006699 secs]
22.562: [GC 22.562: [DefNew: 932K->63K(960K), 0.0006292 secs] 8609K->8303K(12764K), 0.0006804 secs]
22.574: [GC 22.574: [DefNew: 951K->63K(960K), 0.0005801 secs] 9190K->8628K(12764K), 0.0006303 secs]
22.584: [GC 22.584: [DefNew: 959K->63K(960K), 0.0005826 secs] 9524K->9166K(12764K), 0.0006322 secs]
22.595: [GC 22.595: [DefNew: 959K->64K(960K), 0.0006343 secs] 10062K->9500K(12764K), 0.0006838 secs]
22.605: [GC 22.605: [DefNew: 960K->63K(960K), 0.0008024 secs] 10396K->10086K(12764K), 0.0008564 secs]
22.617: [GC 22.617: [DefNew: 941K->63K(960K), 0.0005358 secs] 10963K->10390K(12764K), 0.0005861 secs]
22.627: [GC 22.627: [DefNew: 505K->63K(960K), 0.0006208 secs] 10831K->10502K(12764K), 0.0006766 secs]
22.635: [GC 22.635: [DefNew: 900K->63K(960K), 0.0007176 secs] 11338K->11051K(12764K), 0.0007731 secs]
22.648: [GC 22.649: [DefNew: 959K->63K(960K), 0.0006364 secs] 11947K->11361K(12764K), 0.0006883 secs]
22.656: [GC 22.656: [DefNew: 931K->63K(960K), 0.0007256 secs]22.657: [Tenured: 11859K->6810K(11932K), 0.0365464 secs] 12228K->6810K(12892K), 0.0373929 secs]
22.705: [GC 22.705: [DefNew: 896K->63K(960K), 0.0005704 secs] 7706K->7158K(12764K), 0.0006658 secs]
22.714: [GC 22.714: [DefNew: 959K->53K(960K), 0.0005806 secs] 8053K->7698K(12764K), 0.0006297 secs]
22.725: [GC 22.725: [DefNew: 949K->63K(960K), 0.0005665 secs] 8594K->8032K(12764K), 0.0006158 secs]
22.736: [GC 22.736: [DefNew: 959K->64K(960K), 0.0008368 secs] 8928K->8617K(12764K), 0.0008957 secs]
22.747: [GC 22.747: [DefNew: 955K->63K(960K), 0.0005711 secs] 9508K->8932K(12764K), 0.0006232 secs]
22.757: [GC 22.757: [DefNew: 484K->63K(960K), 0.0005294 secs] 9352K->9033K(12764K), 0.0005788 secs]
22.765: [GC 22.765: [DefNew: 959K->63K(960K), 0.0006920 secs] 9929K->9613K(12764K), 0.0007430 secs]
22.779: [GC 22.779: [DefNew: 919K->64K(960K), 0.0005915 secs] 10468K->9908K(12764K), 0.0006424 secs]
22.790: [GC 22.790: [DefNew: 947K->44K(960K), 0.0006614 secs] 10791K->10510K(12764K), 0.0007197 secs]
22.805: [GC 22.805: [DefNew: 940K->63K(960K), 0.0005923 secs] 11406K->10752K(12764K), 0.0006501 secs]
22.813: [GC 22.813: [DefNew: 959K->64K(960K), 0.0007741 secs] 11648K->10951K(12764K), 0.0008210 secs]
22.832: [GC 22.832: [DefNew: 960K->64K(960K), 0.0006849 secs] 11847K->11223K(12764K), 0.0007313 secs]
22.841: [GC 22.841: [DefNew: 960K->64K(960K), 0.0007822 secs] 12119K->11437K(12764K), 0.0008339 secs]
22.858: [GC 22.858: [DefNew: 953K->63K(960K), 0.0007805 secs] 12326K->11758K(12764K), 0.0008334 secs]
22.868: [GC 22.868: [DefNew: 959K->64K(960K), 0.0008662 secs]22.869: [Tenured: 11898K->2361K(11932K), 0.0329446 secs] 12654K->2361K(12892K), 0.0339205 secs]
22.911: [GC 22.911: [DefNew: 890K->63K(960K), 0.0006664 secs] 3251K->2573K(12764K), 0.0007172 secs]
22.929: [GC 22.929: [DefNew: 959K->63K(960K), 0.0006205 secs] 3469K->2831K(12764K), 0.0006694 secs]
22.937: [GC 22.937: [DefNew: 959K->63K(960K), 0.0007565 secs] 3727K->3030K(12764K), 0.0008056 secs]
22.956: [GC 22.956: [DefNew: 959K->63K(960K), 0.0006429 secs] 3926K->3302K(12764K), 0.0006917 secs]
22.965: [GC 22.965: [DefNew: 959K->63K(960K), 0.0007305 secs] 4198K->3515K(12764K), 0.0007748 secs]
22.983: [GC 22.983: [DefNew: 940K->63K(960K), 0.0007642 secs] 4392K->3789K(12764K), 0.0008166 secs]
22.992: [GC 22.992: [DefNew: 959K->63K(960K), 0.0006312 secs] 4685K->3982K(12764K), 0.0006788 secs]
23.000: [GC 23.000: [DefNew: 946K->63K(960K), 0.0007978 secs] 4865K->4181K(12764K), 0.0008491 secs]
23.019: [GC 23.019: [DefNew: 959K->63K(960K), 0.0006389 secs] 5077K->4449K(12764K), 0.0006889 secs]
23.027: [GC 23.027: [DefNew: 959K->63K(960K), 0.0007576 secs] 5345K->4648K(12764K), 0.0008053 secs]
23.046: [GC 23.046: [DefNew: 959K->64K(960K), 0.0006447 secs] 5544K->4920K(12764K), 0.0006942 secs]
23.056: [GC 23.056: [DefNew: 960K->63K(960K), 0.0008640 secs] 5816K->5134K(12764K), 0.0009169 secs]
23.072: [GC 23.072: [DefNew: 934K->63K(960K), 0.0007960 secs] 6004K->5393K(12764K), 0.0008489 secs]
23.083: [GC 23.083: [DefNew: 959K->63K(960K), 0.0007108 secs] 6289K->5598K(12764K), 0.0007600 secs]
23.089: [GC 23.089: [DefNew: 959K->63K(960K), 0.0007764 secs] 6494K->5781K(12764K), 0.0008255 secs]
23.111: [GC 23.111: [DefNew: 959K->63K(960K), 0.0006486 secs] 6677K->6069K(12764K), 0.0006995 secs]
23.118: [GC 23.118: [DefNew: 959K->64K(960K), 0.0007610 secs] 6965K->6268K(12764K), 0.0008103 secs]
23.128: [GC 23.128: [DefNew: 941K->64K(960K), 0.0007688 secs] 7146K->6517K(12764K), 0.0008209 secs]
23.139: [GC 23.139: [DefNew: 784K->64K(960K), 0.0007381 secs] 7237K->6881K(12764K), 0.0007904 secs]
23.147: [GC 23.147: [DefNew: 905K->63K(960K), 0.0008633 secs] 7723K->7430K(12764K), 0.0009199 secs]
23.161: [GC 23.161: [DefNew: 959K->64K(960K), 0.0005952 secs] 8326K->7740K(12764K), 0.0006453 secs]
23.169: [GC 23.169: [DefNew: 931K->63K(960K), 0.0006340 secs] 8608K->8302K(12764K), 0.0006865 secs]
23.181: [GC 23.181: [DefNew: 951K->64K(960K), 0.0005999 secs] 9190K->8628K(12764K), 0.0006529 secs]
23.191: [GC 23.191: [DefNew: 960K->63K(960K), 0.0007178 secs] 9524K->9165K(12764K), 0.0007750 secs]
23.203: [GC 23.203: [DefNew: 959K->64K(960K), 0.0006520 secs] 10061K->9500K(12764K), 0.0007033 secs]
23.213: [GC 23.213: [DefNew: 960K->63K(960K), 0.0007072 secs] 10396K->10085K(12764K), 0.0007613 secs]
23.225: [GC 23.225: [DefNew: 939K->63K(960K), 0.0006552 secs] 10961K->10389K(12764K), 0.0007165 secs]
23.237: [GC 23.237: [DefNew: 503K->63K(960K), 0.0010728 secs] 10828K->10501K(12764K), 0.0011710 secs]
23.246: [GC 23.246: [DefNew: 899K->63K(960K), 0.0006766 secs] 11337K->11050K(12764K), 0.0007313 secs]
23.260: [GC 23.260: [DefNew: 959K->64K(960K), 0.0006092 secs] 11946K->11360K(12764K), 0.0007024 secs]
23.268: [GC 23.268: [DefNew: 931K->63K(960K), 0.0007070 secs]23.269: [Tenured: 11859K->6810K(11932K), 0.0376484 secs] 12228K->6810K(12892K), 0.0384715 secs]
23.318: [GC 23.318: [DefNew: 896K->63K(960K), 0.0005854 secs] 7706K->7158K(12764K), 0.0006357 secs]
23.328: [GC 23.328: [DefNew: 954K->53K(960K), 0.0005462 secs] 8048K->7697K(12764K), 0.0006037 secs]
23.338: [GC 23.339: [DefNew: 949K->63K(960K), 0.0005742 secs] 8593K->8032K(12764K), 0.0006241 secs]
23.349: [GC 23.349: [DefNew: 959K->63K(960K), 0.0007583 secs] 8928K->8617K(12764K), 0.0008226 secs]
23.361: [GC 23.361: [DefNew: 955K->63K(960K), 0.0005313 secs] 9508K->8932K(12764K), 0.0005825 secs]
23.370: [GC 23.371: [DefNew: 484K->64K(960K), 0.0005171 secs] 9352K->9033K(12764K), 0.0005676 secs]
23.378: [GC 23.379: [DefNew: 903K->63K(960K), 0.0009087 secs] 9872K->9582K(12764K), 0.0009698 secs]
23.393: [GC 23.393: [DefNew: 959K->64K(960K), 0.0006243 secs] 10478K->9892K(12764K), 0.0006756 secs]
23.404: [GC 23.405: [DefNew: 948K->48K(960K), 0.0005789 secs] 10776K->10493K(12764K), 0.0006330 secs]
23.420: [GC 23.420: [DefNew: 944K->64K(960K), 0.0005785 secs] 11389K->10731K(12764K), 0.0006247 secs]
23.428: [GC 23.428: [DefNew: 960K->64K(960K), 0.0007872 secs] 11627K->10930K(12764K), 0.0008360 secs]
23.447: [GC 23.447: [DefNew: 960K->64K(960K), 0.0006895 secs] 11826K->11202K(12764K), 0.0007381 secs]
23.457: [GC 23.457: [DefNew: 960K->64K(960K), 0.0008247 secs] 12098K->11416K(12764K), 0.0008733 secs]
23.474: [GC 23.474: [DefNew: 919K->63K(960K), 0.0007810 secs] 12271K->11685K(12764K), 0.0008365 secs]
23.483: [GC 23.484: [DefNew: 959K->63K(960K), 0.0007076 secs]23.484: [Tenured: 11814K->2350K(11932K), 0.0331000 secs] 12581K->2350K(12892K), 0.0339130 secs]
23.525: [GC 23.525: [DefNew: 876K->63K(960K), 0.0007173 secs] 3227K->2549K(12764K), 0.0007718 secs]
23.543: [GC 23.543: [DefNew: 959K->63K(960K), 0.0006058 secs] 3445K->2817K(12764K), 0.0006585 secs]
23.551: [GC 23.551: [DefNew: 959K->63K(960K), 0.0007801 secs] 3713K->3016K(12764K), 0.0008299 secs]
23.570: [GC 23.570: [DefNew: 959K->63K(960K), 0.0006402 secs] 3912K->3288K(12764K), 0.0007005 secs]
23.580: [GC 23.580: [DefNew: 959K->64K(960K), 0.0008240 secs] 4184K->3502K(12764K), 0.0008739 secs]
23.595: [GC 23.595: [DefNew: 956K->64K(960K), 0.0007719 secs] 4395K->3761K(12764K), 0.0008254 secs]
23.607: [GC 23.607: [DefNew: 960K->64K(960K), 0.0006911 secs] 4657K->3972K(12764K), 0.0007413 secs]
23.613: [GC 23.613: [DefNew: 960K->64K(960K), 0.0007926 secs] 4868K->4155K(12764K), 0.0008419 secs]
23.634: [GC 23.634: [DefNew: 960K->63K(960K), 0.0006226 secs] 5051K->4443K(12764K), 0.0006727 secs]
23.642: [GC 23.642: [DefNew: 959K->64K(960K), 0.0007679 secs] 5339K->4641K(12764K), 0.0008177 secs]
23.661: [GC 23.661: [DefNew: 960K->63K(960K), 0.0007297 secs] 5537K->4914K(12764K), 0.0007831 secs]
23.671: [GC 23.671: [DefNew: 959K->63K(960K), 0.0009362 secs] 5810K->5127K(12764K), 0.0009894 secs]
23.684: [GC 23.684: [DefNew: 934K->64K(960K), 0.0007736 secs] 5997K->5365K(12764K), 0.0008256 secs]
23.698: [GC 23.698: [DefNew: 960K->64K(960K), 0.0007330 secs] 6261K->5593K(12764K), 0.0007846 secs]
23.704: [GC 23.704: [DefNew: 960K->63K(960K), 0.0008127 secs] 6489K->5777K(12764K), 0.0008653 secs]
23.724: [GC 23.725: [DefNew: 959K->63K(960K), 0.0007050 secs] 6673K->6065K(12764K), 0.0007530 secs]
23.733: [GC 23.733: [DefNew: 959K->64K(960K), 0.0007577 secs] 6961K->6263K(12764K), 0.0008051 secs]
23.742: [GC 23.742: [DefNew: 846K->64K(960K), 0.0007217 secs] 7045K->6455K(12764K), 0.0007672 secs]
23.753: [GC 23.753: [DefNew: 916K->63K(960K), 0.0006628 secs] 7308K->6819K(12764K), 0.0007155 secs]
23.762: [GC 23.762: [DefNew: 905K->63K(960K), 0.0007952 secs] 7661K->7369K(12764K), 0.0008565 secs]
23.776: [GC 23.776: [DefNew: 959K->63K(960K), 0.0006565 secs] 8265K->7678K(12764K), 0.0007080 secs]
23.784: [GC 23.784: [DefNew: 933K->63K(960K), 0.0006417 secs] 8548K->8241K(12764K), 0.0006935 secs]
23.796: [GC 23.796: [DefNew: 952K->63K(960K), 0.0005945 secs] 9129K->8566K(12764K), 0.0006465 secs]
23.806: [GC 23.806: [DefNew: 957K->61K(960K), 0.0005620 secs] 9460K->9102K(12764K), 0.0006130 secs]
23.817: [GC 23.817: [DefNew: 957K->64K(960K), 0.0005571 secs] 9998K->9438K(12764K), 0.0006066 secs]
23.827: [GC 23.827: [DefNew: 960K->63K(960K), 0.0007675 secs] 10334K->10023K(12764K), 0.0008222 secs]
23.838: [GC 23.838: [DefNew: 943K->64K(960K), 0.0005393 secs] 10903K->10327K(12764K), 0.0005909 secs]
23.848: [GC 23.848: [DefNew: 504K->64K(960K), 0.0005322 secs] 10767K->10439K(12764K), 0.0005810 secs]
23.856: [GC 23.856: [DefNew: 899K->64K(960K), 0.0006778 secs] 11275K->10989K(12764K), 0.0007420 secs]
23.870: [GC 23.870: [DefNew: 960K->63K(960K), 0.0006038 secs] 11885K->11298K(12764K), 0.0006545 secs]
23.877: [GC 23.877: [DefNew: 931K->64K(960K), 0.0006363 secs]23.878: [Tenured: 11797K->6753K(11804K), 0.0367984 secs] 12166K->6753K(12764K), 0.0375241 secs]
23.928: [GC 23.928: [DefNew: 896K->63K(960K), 0.0005743 secs] 7649K->7101K(12764K), 0.0006248 secs]
23.937: [GC 23.937: [DefNew: 959K->53K(960K), 0.0005578 secs] 7997K->7640K(12764K), 0.0006096 secs]
23.948: [GC 23.948: [DefNew: 949K->64K(960K), 0.0005518 secs] 8536K->7975K(12764K), 0.0006003 secs]
23.958: [GC 23.958: [DefNew: 960K->64K(960K), 0.0007111 secs] 8871K->8560K(12764K), 0.0007624 secs]
23.970: [GC 23.971: [DefNew: 949K->64K(960K), 0.0005418 secs] 9445K->8875K(12764K), 0.0005942 secs]
23.980: [GC 23.980: [DefNew: 483K->64K(960K), 0.0004892 secs] 9294K->8976K(12764K), 0.0005352 secs]
23.989: [GC 23.989: [DefNew: 904K->63K(960K), 0.0006741 secs] 9816K->9525K(12764K), 0.0007276 secs]
24.003: [GC 24.003: [DefNew: 959K->63K(960K), 0.0010236 secs] 10421K->9835K(12764K), 0.0010810 secs]
24.017: [GC 24.017: [DefNew: 941K->48K(960K), 0.0011909 secs] 10712K->10436K(12764K), 0.0012716 secs]
24.035: [GC 24.035: [DefNew: 944K->64K(960K), 0.0007843 secs] 11332K->10674K(12764K), 0.0008474 secs]
24.043: [GC 24.043: [DefNew: 960K->63K(960K), 0.0011033 secs] 11570K->10872K(12764K), 0.0011623 secs]
24.063: [GC 24.063: [DefNew: 959K->64K(960K), 0.0008617 secs] 11768K->11145K(12764K), 0.0009272 secs]
24.074: [GC 24.074: [DefNew: 960K->64K(960K), 0.0009856 secs] 12041K->11358K(12764K), 0.0010425 secs]
24.091: [GC 24.091: [DefNew: 917K->63K(960K), 0.0019267 secs] 12211K->11628K(12764K), 0.0019849 secs]
24.102: [GC 24.102: [DefNew: 959K->63K(960K), 0.0007413 secs] 12524K->11821K(12764K), 0.0007924 secs]
24.110: [GC 24.110: [DefNew: 949K->63K(960K), 0.0009017 secs]24.111: [Tenured: 11956K->2549K(12060K), 0.0339065 secs] 12706K->2549K(13020K), 0.0349216 secs]
24.165: [GC 24.165: [DefNew: 896K->64K(960K), 0.0005932 secs] 3445K->2841K(12764K), 0.0006467 secs]
24.175: [GC 24.175: [DefNew: 960K->63K(960K), 0.0011580 secs] 3737K->3040K(12764K), 0.0012296 secs]
24.196: [GC 24.196: [DefNew: 959K->63K(960K), 0.0007575 secs] 3936K->3312K(12764K), 0.0008142 secs]
24.206: [GC 24.206: [DefNew: 959K->64K(960K), 0.0009186 secs] 4208K->3526K(12764K), 0.0009764 secs]
24.223: [GC 24.223: [DefNew: 958K->64K(960K), 0.0017340 secs] 4420K->3785K(12764K), 0.0018197 secs]
24.236: [GC 24.236: [DefNew: 960K->63K(960K), 0.0007924 secs] 4681K->3995K(12764K), 0.0008479 secs]
24.242: [GC 24.242: [DefNew: 959K->63K(960K), 0.0008994 secs] 4891K->4179K(12764K), 0.0009555 secs]
24.263: [GC 24.263: [DefNew: 959K->64K(960K), 0.0006552 secs] 5075K->4467K(12764K), 0.0007099 secs]
24.271: [GC 24.271: [DefNew: 960K->64K(960K), 0.0007951 secs] 5363K->4665K(12764K), 0.0008420 secs]
24.291: [GC 24.291: [DefNew: 960K->64K(960K), 0.0010925 secs] 5561K->4938K(12764K), 0.0011494 secs]
24.303: [GC 24.303: [DefNew: 960K->64K(960K), 0.0012486 secs] 5834K->5151K(12764K), 0.0013072 secs]
24.318: [GC 24.318: [DefNew: 932K->64K(960K), 0.0008617 secs] 6019K->5389K(12764K), 0.0009194 secs]
24.332: [GC 24.332: [DefNew: 960K->63K(960K), 0.0007976 secs] 6285K->5617K(12764K), 0.0008523 secs]
24.339: [GC 24.339: [DefNew: 959K->63K(960K), 0.0009305 secs] 6513K->5801K(12764K), 0.0009860 secs]
24.360: [GC 24.360: [DefNew: 959K->63K(960K), 0.0007247 secs] 6697K->6088K(12764K), 0.0007790 secs]
24.368: [GC 24.368: [DefNew: 959K->63K(960K), 0.0008893 secs] 6984K->6286K(12764K), 0.0009479 secs]
24.378: [GC 24.378: [DefNew: 846K->64K(960K), 0.0008200 secs] 7068K->6479K(12764K), 0.0008750 secs]
24.390: [GC 24.390: [DefNew: 912K->63K(960K), 0.0007565 secs] 7328K->6843K(12764K), 0.0008136 secs]
24.399: [GC 24.399: [DefNew: 904K->64K(960K), 0.0006745 secs] 7684K->7393K(12764K), 0.0007344 secs]
24.413: [GC 24.413: [DefNew: 960K->64K(960K), 0.0006124 secs] 8289K->7702K(12764K), 0.0006622 secs]
24.421: [GC 24.421: [DefNew: 932K->64K(960K), 0.0006307 secs] 8571K->8265K(12764K), 0.0006826 secs]
24.433: [GC 24.433: [DefNew: 951K->64K(960K), 0.0006620 secs] 9152K->8590K(12764K), 0.0007213 secs]
24.443: [GC 24.444: [DefNew: 960K->63K(960K), 0.0005922 secs] 9486K->9128K(12764K), 0.0006496 secs]
24.455: [GC 24.455: [DefNew: 959K->63K(960K), 0.0006708 secs] 10024K->9462K(12764K), 0.0007247 secs]
24.465: [GC 24.465: [DefNew: 959K->63K(960K), 0.0008303 secs] 10358K->10047K(12764K), 0.0008890 secs]
24.477: [GC 24.477: [DefNew: 938K->64K(960K), 0.0006753 secs] 10922K->10352K(12764K), 0.0007325 secs]
24.488: [GC 24.488: [DefNew: 501K->63K(960K), 0.0007951 secs] 10790K->10463K(12764K), 0.0008657 secs]
24.497: [GC 24.497: [DefNew: 899K->63K(960K), 0.0007517 secs] 11298K->11013K(12764K), 0.0008099 secs]
24.514: [GC 24.514: [DefNew: 959K->64K(960K), 0.0007292 secs] 11909K->11323K(12764K), 0.0007861 secs]
24.522: [GC 24.522: [DefNew: 930K->63K(960K), 0.0007105 secs]24.523: [Tenured: 11821K->6777K(11932K), 0.0394946 secs] 12190K->6777K(12892K), 0.0403134 secs]
24.574: [GC 24.574: [DefNew: 886K->63K(960K), 0.0006073 secs] 7663K->7119K(12764K), 0.0006632 secs]
24.584: [GC 24.584: [DefNew: 959K->63K(960K), 0.0005528 secs] 8015K->7657K(12764K), 0.0006043 secs]
24.596: [GC 24.596: [DefNew: 959K->63K(960K), 0.0006205 secs] 8553K->7991K(12764K), 0.0006745 secs]
24.606: [GC 24.606: [DefNew: 959K->63K(960K), 0.0007063 secs] 8887K->8577K(12764K), 0.0007590 secs]
24.617: [GC 24.617: [DefNew: 938K->64K(960K), 0.0005372 secs] 9451K->8881K(12764K), 0.0005873 secs]
24.627: [GC 24.627: [DefNew: 501K->63K(960K), 0.0005734 secs] 9318K->8992K(12764K), 0.0006227 secs]
24.635: [GC 24.635: [DefNew: 903K->63K(960K), 0.0006869 secs] 9832K->9542K(12764K), 0.0007403 secs]
24.648: [GC 24.648: [DefNew: 959K->63K(960K), 0.0006287 secs] 10438K->9851K(12764K), 0.0006791 secs]
24.660: [GC 24.660: [DefNew: 941K->48K(960K), 0.0006295 secs] 10729K->10453K(12764K), 0.0006831 secs]
24.675: [GC 24.675: [DefNew: 944K->64K(960K), 0.0005939 secs] 11349K->10691K(12764K), 0.0006403 secs]
24.683: [GC 24.683: [DefNew: 960K->63K(960K), 0.0008511 secs] 11587K->10889K(12764K), 0.0009011 secs]
24.702: [GC 24.702: [DefNew: 959K->63K(960K), 0.0007079 secs] 11785K->11162K(12764K), 0.0007594 secs]
24.712: [GC 24.712: [DefNew: 959K->64K(960K), 0.0007885 secs] 12058K->11375K(12764K), 0.0008386 secs]
24.729: [GC 24.729: [DefNew: 917K->63K(960K), 0.0007388 secs] 12229K->11645K(12764K), 0.0007913 secs]
24.739: [GC 24.739: [DefNew: 959K->63K(960K), 0.0006410 secs] 12541K->11838K(12764K), 0.0006881 secs]
24.746: [GC 24.746: [DefNew: 938K->63K(960K), 0.0009316 secs]24.747: [Tenured: 11972K->2549K(12060K), 0.0326399 secs] 12713K->2549K(13020K), 0.0336883 secs]
24.798: [GC 24.798: [DefNew: 896K->63K(960K), 0.0005061 secs] 3445K->2841K(12764K), 0.0005550 secs]
24.806: [GC 24.806: [DefNew: 959K->63K(960K), 0.0007466 secs] 3737K->3040K(12764K), 0.0008018 secs]
24.825: [GC 24.825: [DefNew: 959K->63K(960K), 0.0007165 secs] 3936K->3312K(12764K), 0.0007717 secs]
24.835: [GC 24.835: [DefNew: 959K->64K(960K), 0.0009351 secs] 4208K->3527K(12764K), 0.0009920 secs]
24.852: [GC 24.852: [DefNew: 958K->64K(960K), 0.0008808 secs] 4421K->3785K(12764K), 0.0009408 secs]
24.865: [GC 24.865: [DefNew: 960K->63K(960K), 0.0007794 secs] 4681K->3995K(12764K), 0.0008328 secs]
24.871: [GC 24.871: [DefNew: 959K->63K(960K), 0.0008205 secs] 4891K->4179K(12764K), 0.0008711 secs]
24.892: [GC 24.892: [DefNew: 959K->63K(960K), 0.0006613 secs] 5075K->4467K(12764K), 0.0007128 secs]
24.900: [GC 24.900: [DefNew: 959K->64K(960K), 0.0008307 secs] 5363K->4666K(12764K), 0.0008848 secs]
24.919: [GC 24.919: [DefNew: 960K->64K(960K), 0.0013931 secs] 5562K->4938K(12764K), 0.0014547 secs]
24.930: [GC 24.930: [DefNew: 960K->63K(960K), 0.0009996 secs] 5834K->5151K(12764K), 0.0010592 secs]
24.944: [GC 24.944: [DefNew: 932K->64K(960K), 0.0008327 secs] 6020K->5389K(12764K), 0.0008890 secs]
24.958: [GC 24.958: [DefNew: 960K->63K(960K), 0.0008786 secs] 6285K->5617K(12764K), 0.0009353 secs]
24.964: [GC 24.964: [DefNew: 959K->63K(960K), 0.0009113 secs] 6513K->5801K(12764K), 0.0009682 secs]
24.986: [GC 24.986: [DefNew: 959K->63K(960K), 0.0007824 secs] 6697K->6088K(12764K), 0.0008496 secs]
24.995: [GC 24.995: [DefNew: 959K->63K(960K), 0.0007686 secs] 6984K->6287K(12764K), 0.0008196 secs]
25.004: [GC 25.004: [DefNew: 842K->64K(960K), 0.0007613 secs] 7066K->6479K(12764K), 0.0008093 secs]
25.016: [GC 25.016: [DefNew: 913K->63K(960K), 0.0006738 secs] 7328K->6843K(12764K), 0.0007261 secs]
25.024: [GC 25.024: [DefNew: 904K->64K(960K), 0.0006618 secs] 7684K->7392K(12764K), 0.0007134 secs]
25.039: [GC 25.039: [DefNew: 960K->63K(960K), 0.0006136 secs] 8288K->7702K(12764K), 0.0006630 secs]
25.046: [GC 25.046: [DefNew: 932K->63K(960K), 0.0006310 secs] 8570K->8265K(12764K), 0.0006828 secs]
25.058: [GC 25.058: [DefNew: 952K->64K(960K), 0.0005900 secs] 9153K->8590K(12764K), 0.0006419 secs]
25.068: [GC 25.068: [DefNew: 960K->63K(960K), 0.0005609 secs] 9486K->9128K(12764K), 0.0006123 secs]
25.080: [GC 25.080: [DefNew: 959K->64K(960K), 0.0006871 secs] 10024K->9462K(12764K), 0.0007458 secs]
25.090: [GC 25.090: [DefNew: 960K->63K(960K), 0.0007022 secs] 10358K->10047K(12764K), 0.0007549 secs]
25.102: [GC 25.102: [DefNew: 940K->63K(960K), 0.0005278 secs] 10924K->10351K(12764K), 0.0005793 secs]
25.111: [GC 25.111: [DefNew: 504K->64K(960K), 0.0005924 secs] 10792K->10463K(12764K), 0.0006511 secs]
25.120: [GC 25.120: [DefNew: 904K->63K(960K), 0.0006685 secs] 11304K->11013K(12764K), 0.0007235 secs]
25.133: [GC 25.133: [DefNew: 959K->63K(960K), 0.0006272 secs] 11909K->11323K(12764K), 0.0006779 secs]
25.141: [GC 25.141: [DefNew: 931K->63K(960K), 0.0006997 secs]25.142: [Tenured: 11821K->6777K(11932K), 0.0386271 secs] 12190K->6777K(12892K), 0.0394350 secs]
25.192: [GC 25.192: [DefNew: 885K->64K(960K), 0.0005980 secs] 7662K->7119K(12764K), 0.0006529 secs]
25.202: [GC 25.202: [DefNew: 957K->61K(960K), 0.0007304 secs] 8012K->7655K(12764K), 0.0007888 secs]
25.213: [GC 25.213: [DefNew: 957K->63K(960K), 0.0006256 secs] 8551K->7991K(12764K), 0.0006802 secs]
25.223: [GC 25.223: [DefNew: 959K->63K(960K), 0.0008963 secs] 8887K->8576K(12764K), 0.0009554 secs]
25.235: [GC 25.235: [DefNew: 946K->64K(960K), 0.0005348 secs] 9459K->8880K(12764K), 0.0005867 secs]
25.245: [GC 25.245: [DefNew: 505K->64K(960K), 0.0005596 secs] 9321K->8992K(12764K), 0.0006084 secs]
25.253: [GC 25.253: [DefNew: 903K->63K(960K), 0.0006679 secs] 9831K->9541K(12764K), 0.0007207 secs]
25.266: [GC 25.266: [DefNew: 959K->63K(960K), 0.0006930 secs] 10437K->9851K(12764K), 0.0007480 secs]
25.278: [GC 25.278: [DefNew: 941K->48K(960K), 0.0005913 secs] 10729K->10452K(12764K), 0.0006450 secs]
25.293: [GC 25.293: [DefNew: 944K->63K(960K), 0.0006841 secs] 11348K->10690K(12764K), 0.0007393 secs]
25.302: [GC 25.302: [DefNew: 959K->63K(960K), 0.0007969 secs] 11586K->10888K(12764K), 0.0008491 secs]
25.322: [GC 25.322: [DefNew: 959K->63K(960K), 0.0006955 secs] 11784K->11161K(12764K), 0.0007466 secs]
25.332: [GC 25.332: [DefNew: 959K->63K(960K), 0.0009693 secs] 12057K->11374K(12764K), 0.0010226 secs]
25.350: [GC 25.350: [DefNew: 917K->63K(960K), 0.0008017 secs] 12228K->11644K(12764K), 0.0008591 secs]
25.360: [GC 25.360: [DefNew: 959K->63K(960K), 0.0007829 secs] 12540K->11837K(12764K), 0.0008381 secs]
25.368: [GC 25.368: [DefNew: 940K->63K(960K), 0.0011381 secs]25.369: [Tenured: 11971K->2549K(12060K), 0.0358998 secs] 12713K->2549K(13020K), 0.0371636 secs]
25.424: [GC 25.425: [DefNew: 896K->63K(960K), 0.0006151 secs] 3445K->2841K(12764K), 0.0006689 secs]
25.432: [GC 25.432: [DefNew: 959K->63K(960K), 0.0008461 secs] 3737K->3040K(12764K), 0.0008990 secs]
25.452: [GC 25.452: [DefNew: 959K->64K(960K), 0.0006474 secs] 3936K->3312K(12764K), 0.0006962 secs]
25.461: [GC 25.461: [DefNew: 960K->63K(960K), 0.0007869 secs] 4208K->3526K(12764K), 0.0008359 secs]
25.477: [GC 25.477: [DefNew: 958K->64K(960K), 0.0007570 secs] 4420K->3785K(12764K), 0.0008088 secs]
25.488: [GC 25.488: [DefNew: 960K->64K(960K), 0.0006998 secs] 4681K->3995K(12764K), 0.0007481 secs]
25.494: [GC 25.494: [DefNew: 960K->64K(960K), 0.0007406 secs] 4891K->4179K(12764K), 0.0007859 secs]
25.516: [GC 25.516: [DefNew: 960K->64K(960K), 0.0006360 secs] 5075K->4466K(12764K), 0.0006851 secs]
25.524: [GC 25.524: [DefNew: 960K->63K(960K), 0.0007548 secs] 5362K->4665K(12764K), 0.0008108 secs]
25.543: [GC 25.543: [DefNew: 959K->64K(960K), 0.0006608 secs] 5561K->4938K(12764K), 0.0007575 secs]
25.552: [GC 25.552: [DefNew: 960K->63K(960K), 0.0008003 secs] 5834K->5151K(12764K), 0.0008501 secs]
25.566: [GC 25.566: [DefNew: 932K->64K(960K), 0.0008632 secs] 6019K->5389K(12764K), 0.0009206 secs]
25.580: [GC 25.580: [DefNew: 960K->64K(960K), 0.0006807 secs] 6285K->5617K(12764K), 0.0007282 secs]
25.586: [GC 25.586: [DefNew: 960K->63K(960K), 0.0006962 secs] 6513K->5800K(12764K), 0.0007416 secs]
25.606: [GC 25.606: [DefNew: 959K->63K(960K), 0.0007627 secs] 6696K->6088K(12764K), 0.0008166 secs]
25.614: [GC 25.614: [DefNew: 959K->64K(960K), 0.0007514 secs] 6984K->6286K(12764K), 0.0008008 secs]
25.623: [GC 25.623: [DefNew: 846K->64K(960K), 0.0008165 secs] 7068K->6479K(12764K), 0.0008648 secs]
25.635: [GC 25.635: [DefNew: 912K->63K(960K), 0.0006654 secs] 7327K->6843K(12764K), 0.0007169 secs]
25.643: [GC 25.643: [DefNew: 904K->63K(960K), 0.0007648 secs] 7683K->7392K(12764K), 0.0008206 secs]
25.656: [GC 25.656: [DefNew: 959K->64K(960K), 0.0006024 secs] 8288K->7702K(12764K), 0.0006502 secs]
25.664: [GC 25.664: [DefNew: 932K->63K(960K), 0.0006286 secs] 8570K->8264K(12764K), 0.0006801 secs]
25.676: [GC 25.676: [DefNew: 951K->64K(960K), 0.0005991 secs] 9152K->8589K(12764K), 0.0006500 secs]
25.686: [GC 25.686: [DefNew: 960K->63K(960K), 0.0007599 secs] 9485K->9127K(12764K), 0.0008115 secs]
25.697: [GC 25.697: [DefNew: 959K->63K(960K), 0.0005666 secs] 10023K->9462K(12764K), 0.0006164 secs]
25.707: [GC 25.707: [DefNew: 959K->63K(960K), 0.0007595 secs] 10358K->10047K(12764K), 0.0008122 secs]
25.718: [GC 25.719: [DefNew: 939K->64K(960K), 0.0005407 secs] 10923K->10351K(12764K), 0.0005911 secs]
25.728: [GC 25.728: [DefNew: 503K->63K(960K), 0.0005530 secs] 10791K->10463K(12764K), 0.0006034 secs]
25.736: [GC 25.736: [DefNew: 899K->63K(960K), 0.0006685 secs] 11298K->11012K(12764K), 0.0007214 secs]
25.750: [GC 25.750: [DefNew: 959K->63K(960K), 0.0007478 secs] 11908K->11322K(12764K), 0.0008048 secs]
25.758: [GC 25.758: [DefNew: 930K->64K(960K), 0.0008386 secs]25.759: [Tenured: 11821K->6776K(11932K), 0.0397731 secs] 12189K->6776K(12892K), 0.0407263 secs]
25.810: [GC 25.810: [DefNew: 886K->63K(960K), 0.0006471 secs] 7663K->7119K(12764K), 0.0006996 secs]
25.820: [GC 25.820: [DefNew: 959K->63K(960K), 0.0005469 secs] 8015K->7656K(12764K), 0.0005987 secs]
25.830: [GC 25.830: [DefNew: 959K->63K(960K), 0.0005778 secs] 8552K->7991K(12764K), 0.0006259 secs]
25.840: [GC 25.840: [DefNew: 959K->63K(960K), 0.0007100 secs] 8887K->8576K(12764K), 0.0007618 secs]
25.853: [GC 25.853: [DefNew: 938K->63K(960K), 0.0005259 secs] 9451K->8880K(12764K), 0.0005775 secs]
25.863: [GC 25.863: [DefNew: 501K->63K(960K), 0.0005934 secs] 9317K->8992K(12764K), 0.0006483 secs]
25.871: [GC 25.872: [DefNew: 898K->63K(960K), 0.0007102 secs] 9827K->9541K(12764K), 0.0007716 secs]
25.886: [GC 25.886: [DefNew: 959K->63K(960K), 0.0006707 secs] 10437K->9851K(12764K), 0.0007215 secs]
25.898: [GC 25.898: [DefNew: 948K->48K(960K), 0.0006996 secs] 10735K->10452K(12764K), 0.0007547 secs]
25.916: [GC 25.916: [DefNew: 944K->63K(960K), 0.0006555 secs] 11348K->10690K(12764K), 0.0007068 secs]
25.924: [GC 25.924: [DefNew: 959K->64K(960K), 0.0009476 secs] 11586K->10889K(12764K), 0.0010056 secs]
25.944: [GC 25.944: [DefNew: 960K->63K(960K), 0.0007901 secs] 11785K->11161K(12764K), 0.0008467 secs]
25.954: [GC 25.954: [DefNew: 959K->64K(960K), 0.0010127 secs] 12057K->11374K(12764K), 0.0010695 secs]
25.972: [GC 25.972: [DefNew: 919K->63K(960K), 0.0008107 secs] 12230K->11644K(12764K), 0.0008705 secs]
25.982: [GC 25.982: [DefNew: 959K->63K(960K), 0.0010329 secs] 12540K->11837K(12764K), 0.0011046 secs]
25.991: [GC 25.991: [DefNew: 940K->63K(960K), 0.0014727 secs]25.992: [Tenured: 11972K->2549K(12060K), 0.0359673 secs] 12713K->2549K(13020K), 0.0375595 secs]
26.047: [GC 26.047: [DefNew: 896K->64K(960K), 0.0005215 secs] 3445K->2841K(12764K), 0.0005738 secs]
26.054: [GC 26.054: [DefNew: 960K->63K(960K), 0.0007220 secs] 3737K->3040K(12764K), 0.0007785 secs]
26.073: [GC 26.073: [DefNew: 959K->64K(960K), 0.0006147 secs] 3936K->3312K(12764K), 0.0006625 secs]
26.083: [GC 26.083: [DefNew: 960K->63K(960K), 0.0008198 secs] 4208K->3526K(12764K), 0.0008729 secs]
26.098: [GC 26.098: [DefNew: 956K->64K(960K), 0.0007537 secs] 4419K->3785K(12764K), 0.0008050 secs]
26.110: [GC 26.110: [DefNew: 960K->64K(960K), 0.0006743 secs] 4681K->3995K(12764K), 0.0007209 secs]
26.116: [GC 26.116: [DefNew: 960K->64K(960K), 0.0008087 secs] 4891K->4178K(12764K), 0.0008587 secs]
26.137: [GC 26.137: [DefNew: 960K->63K(960K), 0.0006039 secs] 5074K->4466K(12764K), 0.0006510 secs]
26.144: [GC 26.144: [DefNew: 959K->63K(960K), 0.0007305 secs] 5362K->4665K(12764K), 0.0007768 secs]
26.163: [GC 26.163: [DefNew: 959K->64K(960K), 0.0006722 secs] 5561K->4937K(12764K), 0.0007214 secs]
26.174: [GC 26.174: [DefNew: 960K->63K(960K), 0.0008222 secs] 5833K->5150K(12764K), 0.0008724 secs]
26.187: [GC 26.187: [DefNew: 934K->64K(960K), 0.0007121 secs] 6021K->5389K(12764K), 0.0007591 secs]
26.200: [GC 26.200: [DefNew: 960K->63K(960K), 0.0006679 secs] 6285K->5617K(12764K), 0.0007134 secs]
26.206: [GC 26.206: [DefNew: 959K->63K(960K), 0.0007182 secs] 6513K->5800K(12764K), 0.0007652 secs]
26.227: [GC 26.227: [DefNew: 959K->63K(960K), 0.0008933 secs] 6696K->6088K(12764K), 0.0009507 secs]
26.237: [GC 26.237: [DefNew: 959K->64K(960K), 0.0007683 secs] 6984K->6286K(12764K), 0.0008200 secs]
26.246: [GC 26.246: [DefNew: 847K->64K(960K), 0.0007497 secs] 7069K->6479K(12764K), 0.0007965 secs]
26.258: [GC 26.258: [DefNew: 913K->63K(960K), 0.0006738 secs] 7328K->6843K(12764K), 0.0007254 secs]
26.266: [GC 26.266: [DefNew: 904K->63K(960K), 0.0006311 secs] 7684K->7392K(12764K), 0.0006857 secs]
26.279: [GC 26.279: [DefNew: 959K->63K(960K), 0.0005903 secs] 8288K->7702K(12764K), 0.0006389 secs]
26.287: [GC 26.287: [DefNew: 932K->64K(960K), 0.0006658 secs] 8570K->8264K(12764K), 0.0007163 secs]
26.299: [GC 26.299: [DefNew: 952K->64K(960K), 0.0007000 secs] 9153K->8590K(12764K), 0.0007542 secs]
26.309: [GC 26.309: [DefNew: 960K->63K(960K), 0.0005460 secs] 9486K->9127K(12764K), 0.0006027 secs]
26.320: [GC 26.320: [DefNew: 959K->64K(960K), 0.0005678 secs] 10023K->9462K(12764K), 0.0006174 secs]
26.330: [GC 26.330: [DefNew: 960K->63K(960K), 0.0007277 secs] 10358K->10047K(12764K), 0.0007796 secs]
26.341: [GC 26.341: [DefNew: 957K->64K(960K), 0.0005466 secs] 10940K->10362K(12764K), 0.0005953 secs]
26.351: [GC 26.351: [DefNew: 485K->63K(960K), 0.0005145 secs] 10783K->10463K(12764K), 0.0005643 secs]
26.359: [GC 26.359: [DefNew: 899K->64K(960K), 0.0007027 secs] 11298K->11013K(12764K), 0.0007574 secs]
26.372: [GC 26.372: [DefNew: 960K->63K(960K), 0.0006642 secs] 11909K->11322K(12764K), 0.0007231 secs]
26.380: [GC 26.380: [DefNew: 931K->63K(960K), 0.0006843 secs]26.381: [Tenured: 11821K->6776K(11932K), 0.0378189 secs] 12190K->6776K(12892K), 0.0386152 secs]
26.434: [GC 26.434: [DefNew: 896K->63K(960K), 0.0005283 secs] 7672K->7125K(12764K), 0.0005778 secs]
26.444: [GC 26.444: [DefNew: 953K->53K(960K), 0.0006101 secs] 8014K->7664K(12764K), 0.0006661 secs]
26.455: [GC 26.455: [DefNew: 949K->64K(960K), 0.0005745 secs] 8560K->7998K(12764K), 0.0006228 secs]
26.465: [GC 26.465: [DefNew: 960K->63K(960K), 0.0007628 secs] 8894K->8583K(12764K), 0.0008163 secs]
26.476: [GC 26.476: [DefNew: 954K->64K(960K), 0.0005448 secs] 9474K->8898K(12764K), 0.0005954 secs]
26.486: [GC 26.486: [DefNew: 482K->64K(960K), 0.0005171 secs] 9317K->8999K(12764K), 0.0005665 secs]
26.494: [GC 26.494: [DefNew: 898K->63K(960K), 0.0006660 secs] 9834K->9549K(12764K), 0.0007191 secs]
26.507: [GC 26.507: [DefNew: 959K->64K(960K), 0.0006131 secs] 10445K->9858K(12764K), 0.0006624 secs]
26.519: [GC 26.519: [DefNew: 947K->48K(960K), 0.0006214 secs] 10742K->10459K(12764K), 0.0006760 secs]
26.534: [GC 26.534: [DefNew: 944K->63K(960K), 0.0005887 secs] 11355K->10697K(12764K), 0.0006349 secs]
26.542: [GC 26.542: [DefNew: 959K->63K(960K), 0.0008105 secs] 11593K->10896K(12764K), 0.0008621 secs]
26.562: [GC 26.562: [DefNew: 959K->64K(960K), 0.0007479 secs] 11792K->11169K(12764K), 0.0008029 secs]
26.572: [GC 26.572: [DefNew: 960K->63K(960K), 0.0008995 secs] 12065K->11382K(12764K), 0.0009564 secs]
26.590: [GC 26.590: [DefNew: 918K->63K(960K), 0.0011785 secs] 12236K->11652K(12764K), 0.0012381 secs]
26.601: [GC 26.601: [DefNew: 959K->63K(960K), 0.0007918 secs] 12548K->11845K(12764K), 0.0008487 secs]
26.610: [GC 26.610: [DefNew: 939K->63K(960K), 0.0010192 secs]26.611: [Tenured: 11979K->2549K(12060K), 0.0343084 secs] 12720K->2549K(13020K), 0.0354494 secs]
26.663: [GC 26.663: [DefNew: 896K->63K(960K), 0.0008720 secs] 3445K->2841K(12764K), 0.0009260 secs]
26.672: [GC 26.672: [DefNew: 959K->64K(960K), 0.0008915 secs] 3737K->3040K(12764K), 0.0009479 secs]
26.692: [GC 26.692: [DefNew: 960K->63K(960K), 0.0006468 secs] 3936K->3312K(12764K), 0.0006977 secs]
26.701: [GC 26.701: [DefNew: 959K->63K(960K), 0.0007526 secs] 4208K->3527K(12764K), 0.0008004 secs]
26.716: [GC 26.716: [DefNew: 958K->64K(960K), 0.0007997 secs] 4421K->3785K(12764K), 0.0008542 secs]
26.728: [GC 26.728: [DefNew: 960K->64K(960K), 0.0009085 secs] 4681K->3995K(12764K), 0.0009759 secs]
26.736: [GC 26.736: [DefNew: 960K->64K(960K), 0.0015746 secs] 4891K->4179K(12764K), 0.0016648 secs]
26.760: [GC 26.760: [DefNew: 960K->64K(960K), 0.0006300 secs] 5075K->4467K(12764K), 0.0006790 secs]
26.768: [GC 26.768: [DefNew: 960K->63K(960K), 0.0007249 secs] 5363K->4665K(12764K), 0.0007725 secs]
26.787: [GC 26.787: [DefNew: 959K->63K(960K), 0.0006480 secs] 5561K->4938K(12764K), 0.0006962 secs]
26.797: [GC 26.797: [DefNew: 959K->63K(960K), 0.0009093 secs] 5834K->5151K(12764K), 0.0009673 secs]
26.811: [GC 26.811: [DefNew: 932K->64K(960K), 0.0008042 secs] 6020K->5389K(12764K), 0.0008567 secs]
26.825: [GC 26.825: [DefNew: 960K->63K(960K), 0.0007025 secs] 6285K->5617K(12764K), 0.0007513 secs]
26.831: [GC 26.831: [DefNew: 959K->63K(960K), 0.0007320 secs] 6513K->5800K(12764K), 0.0007788 secs]
26.851: [GC 26.851: [DefNew: 959K->63K(960K), 0.0006482 secs] 6696K->6088K(12764K), 0.0006938 secs]
26.859: [GC 26.859: [DefNew: 959K->64K(960K), 0.0007881 secs] 6984K->6286K(12764K), 0.0008387 secs]
26.868: [GC 26.868: [DefNew: 846K->64K(960K), 0.0008024 secs] 7069K->6479K(12764K), 0.0008538 secs]
26.880: [GC 26.880: [DefNew: 913K->64K(960K), 0.0006579 secs] 7328K->6843K(12764K), 0.0007071 secs]
26.888: [GC 26.888: [DefNew: 904K->63K(960K), 0.0008241 secs] 7684K->7393K(12764K), 0.0008974 secs]
26.902: [GC 26.902: [DefNew: 959K->63K(960K), 0.0005947 secs] 8289K->7703K(12764K), 0.0006436 secs]
26.910: [GC 26.910: [DefNew: 932K->63K(960K), 0.0006939 secs] 8571K->8265K(12764K), 0.0007542 secs]
26.923: [GC 26.923: [DefNew: 952K->63K(960K), 0.0007038 secs] 9153K->8590K(12764K), 0.0007599 secs]
26.933: [GC 26.933: [DefNew: 959K->63K(960K), 0.0005519 secs] 9486K->9128K(12764K), 0.0006024 secs]
26.944: [GC 26.944: [DefNew: 959K->63K(960K), 0.0005869 secs] 10024K->9463K(12764K), 0.0006365 secs]
26.954: [GC 26.954: [DefNew: 959K->64K(960K), 0.0007042 secs] 10359K->10048K(12764K), 0.0007569 secs]
26.966: [GC 26.966: [DefNew: 956K->64K(960K), 0.0005486 secs] 10941K->10363K(12764K), 0.0005969 secs]
26.975: [GC 26.975: [DefNew: 484K->64K(960K), 0.0004876 secs] 10784K->10464K(12764K), 0.0005344 secs]
26.983: [GC 26.983: [DefNew: 899K->63K(960K), 0.0006964 secs] 11299K->11013K(12764K), 0.0007511 secs]
26.997: [GC 26.997: [DefNew: 959K->63K(960K), 0.0006465 secs] 11909K->11323K(12764K), 0.0006968 secs]
27.005: [GC 27.005: [DefNew: 932K->63K(960K), 0.0006907 secs]27.006: [Tenured: 11821K->6777K(11932K), 0.0365645 secs] 12192K->6777K(12892K), 0.0373620 secs]
27.054: [GC 27.054: [DefNew: 896K->63K(960K), 0.0005235 secs] 7673K->7125K(12764K), 0.0005736 secs]
27.063: [GC 27.064: [DefNew: 959K->53K(960K), 0.0005697 secs] 8021K->7665K(12764K), 0.0006211 secs]
27.074: [GC 27.074: [DefNew: 949K->64K(960K), 0.0005761 secs] 8561K->7999K(12764K), 0.0006238 secs]
27.084: [GC 27.085: [DefNew: 960K->63K(960K), 0.0007307 secs] 8895K->8584K(12764K), 0.0007816 secs]
27.096: [GC 27.096: [DefNew: 951K->63K(960K), 0.0005533 secs] 9471K->8899K(12764K), 0.0006049 secs]
27.105: [GC 27.105: [DefNew: 485K->63K(960K), 0.0004848 secs] 9320K->9000K(12764K), 0.0005400 secs]
27.113: [GC 27.113: [DefNew: 903K->63K(960K), 0.0006714 secs] 9839K->9549K(12764K), 0.0007260 secs]
27.127: [GC 27.127: [DefNew: 959K->63K(960K), 0.0006182 secs] 10445K->9859K(12764K), 0.0006679 secs]
27.139: [GC 27.139: [DefNew: 941K->48K(960K), 0.0007512 secs] 10737K->10460K(12764K), 0.0008104 secs]
27.154: [GC 27.154: [DefNew: 944K->63K(960K), 0.0006883 secs] 11356K->10698K(12764K), 0.0007451 secs]
27.162: [GC 27.162: [DefNew: 959K->63K(960K), 0.0009815 secs] 11594K->10896K(12764K), 0.0010402 secs]
27.182: [GC 27.182: [DefNew: 959K->64K(960K), 0.0007996 secs] 11792K->11169K(12764K), 0.0008555 secs]
27.192: [GC 27.192: [DefNew: 960K->64K(960K), 0.0009977 secs] 12065K->11382K(12764K), 0.0010577 secs]
27.211: [GC 27.211: [DefNew: 918K->63K(960K), 0.0012018 secs] 12236K->11652K(12764K), 0.0012638 secs]
27.222: [GC 27.222: [DefNew: 959K->63K(960K), 0.0008202 secs] 12548K->11845K(12764K), 0.0008794 secs]
27.230: [GC 27.230: [DefNew: 938K->63K(960K), 0.0011899 secs]27.231: [Tenured: 11980K->2549K(12060K), 0.0366341 secs] 12720K->2549K(13020K), 0.0379487 secs]
27.286: [GC 27.286: [DefNew: 896K->63K(960K), 0.0005202 secs] 3445K->2841K(12764K), 0.0005693 secs]
27.294: [GC 27.294: [DefNew: 959K->63K(960K), 0.0006816 secs] 3737K->3040K(12764K), 0.0007271 secs]
27.313: [GC 27.313: [DefNew: 959K->64K(960K), 0.0006392 secs] 3936K->3312K(12764K), 0.0006896 secs]
27.322: [GC 27.322: [DefNew: 960K->64K(960K), 0.0007847 secs] 4208K->3526K(12764K), 0.0008335 secs]
27.338: [GC 27.338: [DefNew: 955K->64K(960K), 0.0007307 secs] 4417K->3785K(12764K), 0.0007825 secs]
27.349: [GC 27.349: [DefNew: 960K->63K(960K), 0.0006493 secs] 4681K->3995K(12764K), 0.0006949 secs]
27.355: [GC 27.355: [DefNew: 959K->63K(960K), 0.0007344 secs] 4891K->4179K(12764K), 0.0007796 secs]
27.376: [GC 27.376: [DefNew: 959K->64K(960K), 0.0006138 secs] 5075K->4467K(12764K), 0.0006617 secs]
27.384: [GC 27.384: [DefNew: 960K->63K(960K), 0.0007330 secs] 5363K->4665K(12764K), 0.0007812 secs]
27.402: [GC 27.402: [DefNew: 959K->63K(960K), 0.0006133 secs] 5561K->4937K(12764K), 0.0006594 secs]
27.412: [GC 27.412: [DefNew: 959K->63K(960K), 0.0008001 secs] 5833K->5151K(12764K), 0.0008479 secs]
27.426: [GC 27.426: [DefNew: 933K->64K(960K), 0.0007985 secs] 6021K->5389K(12764K), 0.0008498 secs]
27.439: [GC 27.440: [DefNew: 960K->63K(960K), 0.0006846 secs] 6285K->5617K(12764K), 0.0007314 secs]
27.446: [GC 27.446: [DefNew: 959K->64K(960K), 0.0006947 secs] 6513K->5800K(12764K), 0.0007394 secs]
27.466: [GC 27.466: [DefNew: 960K->63K(960K), 0.0006668 secs] 6696K->6088K(12764K), 0.0007144 secs]
27.474: [GC 27.474: [DefNew: 959K->64K(960K), 0.0007091 secs] 6984K->6286K(12764K), 0.0007564 secs]
27.483: [GC 27.483: [DefNew: 845K->64K(960K), 0.0008251 secs] 7068K->6479K(12764K), 0.0008776 secs]
27.495: [GC 27.495: [DefNew: 916K->63K(960K), 0.0006659 secs] 7331K->6843K(12764K), 0.0007157 secs]
27.503: [GC 27.503: [DefNew: 905K->63K(960K), 0.0006771 secs] 7685K->7393K(12764K), 0.0007298 secs]
27.517: [GC 27.517: [DefNew: 959K->64K(960K), 0.0006162 secs] 8289K->7702K(12764K), 0.0006636 secs]
27.524: [GC 27.524: [DefNew: 933K->64K(960K), 0.0006678 secs] 8572K->8265K(12764K), 0.0007205 secs]
27.537: [GC 27.537: [DefNew: 960K->63K(960K), 0.0005768 secs] 9161K->8596K(12764K), 0.0006255 secs]
27.546: [GC 27.546: [DefNew: 959K->53K(960K), 0.0005803 secs] 9492K->9135K(12764K), 0.0006283 secs]
27.557: [GC 27.557: [DefNew: 949K->64K(960K), 0.0005497 secs] 10031K->9469K(12764K), 0.0005985 secs]
27.567: [GC 27.567: [DefNew: 960K->64K(960K), 0.0007748 secs] 10365K->10055K(12764K), 0.0008288 secs]
27.578: [GC 27.578: [DefNew: 950K->64K(960K), 0.0005419 secs] 10941K->10370K(12764K), 0.0005922 secs]
27.588: [GC 27.588: [DefNew: 484K->63K(960K), 0.0005038 secs] 10790K->10471K(12764K), 0.0005515 secs]
27.596: [GC 27.596: [DefNew: 899K->64K(960K), 0.0007072 secs] 11306K->11020K(12764K), 0.0007601 secs]
27.610: [GC 27.610: [DefNew: 960K->63K(960K), 0.0006444 secs] 11916K->11330K(12764K), 0.0006953 secs]
27.617: [GC 27.617: [DefNew: 931K->63K(960K), 0.0006755 secs]27.618: [Tenured: 11828K->6777K(11932K), 0.0362417 secs] 12197K->6777K(12892K), 0.0370355 secs]
27.666: [GC 27.666: [DefNew: 896K->63K(960K), 0.0005229 secs] 7673K->7125K(12764K), 0.0005710 secs]
27.676: [GC 27.676: [DefNew: 959K->53K(960K), 0.0005582 secs] 8020K->7664K(12764K), 0.0006088 secs]
27.687: [GC 27.687: [DefNew: 949K->63K(960K), 0.0005728 secs] 8560K->7998K(12764K), 0.0006210 secs]
27.697: [GC 27.697: [DefNew: 959K->63K(960K), 0.0007135 secs] 8894K->8583K(12764K), 0.0007645 secs]
27.708: [GC 27.708: [DefNew: 955K->64K(960K), 0.0005448 secs] 9474K->8898K(12764K), 0.0005947 secs]
27.718: [GC 27.718: [DefNew: 480K->63K(960K), 0.0005878 secs] 9315K->8999K(12764K), 0.0006479 secs]
27.727: [GC 27.727: [DefNew: 898K->63K(960K), 0.0008060 secs] 9834K->9549K(12764K), 0.0008658 secs]
27.741: [GC 27.741: [DefNew: 959K->63K(960K), 0.0005998 secs] 10445K->9858K(12764K), 0.0006499 secs]
27.753: [GC 27.753: [DefNew: 941K->48K(960K), 0.0006081 secs] 10736K->10460K(12764K), 0.0006602 secs]
27.768: [GC 27.768: [DefNew: 944K->63K(960K), 0.0005839 secs] 11356K->10698K(12764K), 0.0006306 secs]
27.775: [GC 27.775: [DefNew: 959K->64K(960K), 0.0007409 secs] 11594K->10896K(12764K), 0.0007865 secs]
27.795: [GC 27.795: [DefNew: 960K->63K(960K), 0.0007722 secs] 11792K->11168K(12764K), 0.0008352 secs]
27.804: [GC 27.804: [DefNew: 959K->64K(960K), 0.0008016 secs] 12064K->11382K(12764K), 0.0008500 secs]
27.822: [GC 27.822: [DefNew: 918K->63K(960K), 0.0008052 secs] 12236K->11652K(12764K), 0.0008612 secs]
27.831: [GC 27.831: [DefNew: 959K->64K(960K), 0.0007726 secs] 12548K->11845K(12764K), 0.0008212 secs]
27.839: [GC 27.839: [DefNew: 939K->63K(960K), 0.0010196 secs]27.840: [Tenured: 11979K->2549K(12060K), 0.0340406 secs] 12720K->2549K(13020K), 0.0351830 secs]
27.893: [GC 27.893: [DefNew: 896K->63K(960K), 0.0005864 secs] 3445K->2841K(12764K), 0.0006396 secs]
27.901: [GC 27.901: [DefNew: 959K->63K(960K), 0.0007096 secs] 3737K->3040K(12764K), 0.0007586 secs]
27.920: [GC 27.920: [DefNew: 959K->63K(960K), 0.0006619 secs] 3936K->3312K(12764K), 0.0007136 secs]
27.930: [GC 27.930: [DefNew: 959K->63K(960K), 0.0007854 secs] 4208K->3526K(12764K), 0.0008361 secs]
27.946: [GC 27.946: [DefNew: 958K->64K(960K), 0.0007795 secs] 4421K->3785K(12764K), 0.0008530 secs]
27.957: [GC 27.957: [DefNew: 960K->64K(960K), 0.0006676 secs] 4681K->3995K(12764K), 0.0007149 secs]
27.963: [GC 27.963: [DefNew: 960K->63K(960K), 0.0007492 secs] 4891K->4179K(12764K), 0.0007943 secs]
27.984: [GC 27.984: [DefNew: 959K->63K(960K), 0.0007703 secs] 5075K->4466K(12764K), 0.0008253 secs]
27.992: [GC 27.992: [DefNew: 959K->63K(960K), 0.0007356 secs] 5362K->4665K(12764K), 0.0007807 secs]
28.011: [GC 28.011: [DefNew: 959K->64K(960K), 0.0007264 secs] 5561K->4937K(12764K), 0.0007769 secs]
28.020: [GC 28.020: [DefNew: 960K->63K(960K), 0.0007708 secs] 5833K->5151K(12764K), 0.0008194 secs]
28.033: [GC 28.033: [DefNew: 932K->64K(960K), 0.0007568 secs] 6020K->5389K(12764K), 0.0008072 secs]
28.047: [GC 28.047: [DefNew: 960K->63K(960K), 0.0007266 secs] 6285K->5617K(12764K), 0.0007771 secs]
28.053: [GC 28.053: [DefNew: 959K->63K(960K), 0.0007302 secs] 6513K->5800K(12764K), 0.0007781 secs]
28.074: [GC 28.074: [DefNew: 959K->63K(960K), 0.0006337 secs] 6696K->6088K(12764K), 0.0006789 secs]
28.082: [GC 28.082: [DefNew: 959K->64K(960K), 0.0007050 secs] 6984K->6286K(12764K), 0.0007521 secs]
28.091: [GC 28.091: [DefNew: 848K->64K(960K), 0.0008077 secs] 7071K->6479K(12764K), 0.0008559 secs]
28.102: [GC 28.102: [DefNew: 915K->64K(960K), 0.0006520 secs] 7330K->6843K(12764K), 0.0007027 secs]
28.111: [GC 28.111: [DefNew: 905K->63K(960K), 0.0007079 secs] 7684K->7392K(12764K), 0.0007637 secs]
28.125: [GC 28.125: [DefNew: 959K->63K(960K), 0.0006748 secs] 8288K->7702K(12764K), 0.0007252 secs]
28.132: [GC 28.132: [DefNew: 932K->63K(960K), 0.0006347 secs] 8571K->8264K(12764K), 0.0006856 secs]
28.144: [GC 28.144: [DefNew: 959K->63K(960K), 0.0006552 secs] 9160K->8596K(12764K), 0.0007058 secs]
28.154: [GC 28.154: [DefNew: 954K->53K(960K), 0.0005964 secs] 9486K->9135K(12764K), 0.0006453 secs]
28.165: [GC 28.165: [DefNew: 949K->64K(960K), 0.0005773 secs] 10031K->9469K(12764K), 0.0006261 secs]
28.175: [GC 28.175: [DefNew: 960K->64K(960K), 0.0007068 secs] 10365K->10054K(12764K), 0.0007612 secs]
28.186: [GC 28.187: [DefNew: 951K->64K(960K), 0.0005439 secs] 10941K->10369K(12764K), 0.0005924 secs]
28.196: [GC 28.196: [DefNew: 484K->64K(960K), 0.0005469 secs] 10790K->10470K(12764K), 0.0006006 secs]
28.205: [GC 28.205: [DefNew: 899K->64K(960K), 0.0007426 secs] 11305K->11020K(12764K), 0.0008005 secs]
28.219: [GC 28.219: [DefNew: 960K->63K(960K), 0.0006262 secs] 11916K->11329K(12764K), 0.0006768 secs]
28.227: [GC 28.227: [DefNew: 932K->63K(960K), 0.0007712 secs]28.228: [Tenured: 11828K->6776K(11932K), 0.0368281 secs] 12198K->6776K(12892K), 0.0377092 secs]
28.276: [GC 28.276: [DefNew: 896K->64K(960K), 0.0005240 secs] 7672K->7124K(12764K), 0.0005723 secs]
28.286: [GC 28.286: [DefNew: 954K->53K(960K), 0.0005704 secs] 8015K->7664K(12764K), 0.0006216 secs]
28.296: [GC 28.296: [DefNew: 949K->63K(960K), 0.0006347 secs] 8560K->7998K(12764K), 0.0006896 secs]
28.307: [GC 28.307: [DefNew: 959K->63K(960K), 0.0007164 secs] 8894K->8583K(12764K), 0.0007694 secs]
28.318: [GC 28.319: [DefNew: 954K->63K(960K), 0.0005465 secs] 9473K->8898K(12764K), 0.0005967 secs]
28.328: [GC 28.328: [DefNew: 483K->63K(960K), 0.0005046 secs] 9318K->8999K(12764K), 0.0005547 secs]
28.336: [GC 28.336: [DefNew: 959K->63K(960K), 0.0006998 secs] 9895K->9580K(12764K), 0.0007517 secs]
28.350: [GC 28.350: [DefNew: 921K->64K(960K), 0.0005859 secs] 10437K->9875K(12764K), 0.0006367 secs]
28.361: [GC 28.361: [DefNew: 945K->44K(960K), 0.0006019 secs] 10756K->10477K(12764K), 0.0006559 secs]
28.377: [GC 28.377: [DefNew: 940K->64K(960K), 0.0005723 secs] 11373K->10719K(12764K), 0.0006187 secs]
28.384: [GC 28.384: [DefNew: 960K->63K(960K), 0.0007588 secs] 11615K->10917K(12764K), 0.0008046 secs]
28.403: [GC 28.403: [DefNew: 959K->64K(960K), 0.0007494 secs] 11813K->11190K(12764K), 0.0008025 secs]
28.413: [GC 28.413: [DefNew: 960K->63K(960K), 0.0008115 secs] 12086K->11404K(12764K), 0.0008598 secs]
28.430: [GC 28.430: [DefNew: 950K->63K(960K), 0.0007798 secs] 12290K->11725K(12764K), 0.0008331 secs]
28.440: [GC 28.440: [DefNew: 959K->63K(960K), 0.0007322 secs]28.440: [Tenured: 11864K->2361K(11932K), 0.0325408 secs] 12621K->2361K(12892K), 0.0333777 secs]
28.482: [GC 28.482: [DefNew: 875K->64K(960K), 0.0007615 secs] 3236K->2573K(12764K), 0.0008174 secs]
28.499: [GC 28.499: [DefNew: 960K->63K(960K), 0.0006019 secs] 3469K->2827K(12764K), 0.0006498 secs]
28.507: [GC 28.507: [DefNew: 959K->63K(960K), 0.0007239 secs] 3723K->3026K(12764K), 0.0007692 secs]
28.525: [GC 28.525: [DefNew: 959K->63K(960K), 0.0007003 secs] 3922K->3298K(12764K), 0.0007495 secs]
28.535: [GC 28.535: [DefNew: 959K->63K(960K), 0.0007756 secs] 4194K->3511K(12764K), 0.0008249 secs]
28.553: [GC 28.553: [DefNew: 937K->63K(960K), 0.0007774 secs] 4385K->3789K(12764K), 0.0008291 secs]
28.562: [GC 28.562: [DefNew: 959K->63K(960K), 0.0005624 secs] 4685K->3977K(12764K), 0.0006064 secs]
28.568: [GC 28.568: [DefNew: 944K->63K(960K), 0.0007558 secs] 4858K->4157K(12764K), 0.0008052 secs]
28.589: [GC 28.589: [DefNew: 959K->63K(960K), 0.0005848 secs] 5053K->4445K(12764K), 0.0006313 secs]
28.597: [GC 28.597: [DefNew: 959K->63K(960K), 0.0007790 secs] 5341K->4643K(12764K), 0.0008249 secs]
28.616: [GC 28.616: [DefNew: 959K->64K(960K), 0.0006411 secs] 5539K->4916K(12764K), 0.0006957 secs]
28.625: [GC 28.625: [DefNew: 960K->63K(960K), 0.0007850 secs] 5812K->5129K(12764K), 0.0008343 secs]
28.638: [GC 28.638: [DefNew: 932K->64K(960K), 0.0007307 secs] 5997K->5365K(12764K), 0.0007822 secs]
28.652: [GC 28.652: [DefNew: 960K->63K(960K), 0.0006699 secs] 6261K->5593K(12764K), 0.0007159 secs]
28.658: [GC 28.658: [DefNew: 959K->63K(960K), 0.0007268 secs] 6489K->5777K(12764K), 0.0007770 secs]
28.679: [GC 28.679: [DefNew: 959K->63K(960K), 0.0006518 secs] 6673K->6064K(12764K), 0.0007005 secs]
28.686: [GC 28.686: [DefNew: 959K->63K(960K), 0.0006897 secs] 6960K->6262K(12764K), 0.0007353 secs]
28.695: [GC 28.695: [DefNew: 856K->64K(960K), 0.0007673 secs] 7055K->6455K(12764K), 0.0008165 secs]
28.707: [GC 28.707: [DefNew: 913K->64K(960K), 0.0006667 secs] 7305K->6819K(12764K), 0.0007175 secs]
28.715: [GC 28.715: [DefNew: 905K->63K(960K), 0.0006287 secs] 7660K->7368K(12764K), 0.0006793 secs]
28.729: [GC 28.729: [DefNew: 959K->64K(960K), 0.0006394 secs] 8264K->7678K(12764K), 0.0006900 secs]
28.737: [GC 28.737: [DefNew: 933K->63K(960K), 0.0006191 secs] 8548K->8241K(12764K), 0.0006715 secs]
28.748: [GC 28.748: [DefNew: 952K->63K(960K), 0.0006100 secs] 9129K->8566K(12764K), 0.0006570 secs]
28.758: [GC 28.758: [DefNew: 957K->61K(960K), 0.0005588 secs] 9460K->9102K(12764K), 0.0006088 secs]
28.769: [GC 28.769: [DefNew: 957K->63K(960K), 0.0005573 secs] 9998K->9438K(12764K), 0.0006057 secs]
28.779: [GC 28.779: [DefNew: 959K->64K(960K), 0.0007811 secs] 10334K->10023K(12764K), 0.0008336 secs]
28.790: [GC 28.790: [DefNew: 943K->63K(960K), 0.0005306 secs] 10902K->10327K(12764K), 0.0005796 secs]
28.800: [GC 28.800: [DefNew: 504K->64K(960K), 0.0005278 secs] 10767K->10439K(12764K), 0.0005774 secs]
28.808: [GC 28.808: [DefNew: 899K->63K(960K), 0.0006507 secs] 11275K->10988K(12764K), 0.0007023 secs]
28.822: [GC 28.822: [DefNew: 959K->63K(960K), 0.0006305 secs] 11884K->11298K(12764K), 0.0006791 secs]
28.830: [GC 28.830: [DefNew: 931K->63K(960K), 0.0007083 secs]28.830: [Tenured: 11796K->6753K(11804K), 0.0362197 secs] 12165K->6753K(12764K), 0.0370179 secs]
28.878: [GC 28.878: [DefNew: 896K->64K(960K), 0.0005440 secs] 7649K->7101K(12764K), 0.0005936 secs]
28.887: [GC 28.887: [DefNew: 960K->53K(960K), 0.0005712 secs] 7997K->7640K(12764K), 0.0006209 secs]
28.898: [GC 28.898: [DefNew: 949K->63K(960K), 0.0005778 secs] 8536K->7974K(12764K), 0.0006264 secs]
28.908: [GC 28.908: [DefNew: 959K->63K(960K), 0.0009344 secs] 8870K->8559K(12764K), 0.0009885 secs]
28.920: [GC 28.920: [DefNew: 949K->64K(960K), 0.0005643 secs] 9445K->8875K(12764K), 0.0006142 secs]
28.931: [GC 28.931: [DefNew: 481K->63K(960K), 0.0005486 secs] 9292K->8975K(12764K), 0.0005993 secs]
28.939: [GC 28.939: [DefNew: 959K->64K(960K), 0.0007724 secs] 9871K->9556K(12764K), 0.0008264 secs]
28.953: [GC 28.953: [DefNew: 921K->63K(960K), 0.0005890 secs] 10413K->9851K(12764K), 0.0006411 secs]
28.964: [GC 28.964: [DefNew: 947K->44K(960K), 0.0006037 secs] 10735K->10453K(12764K), 0.0006564 secs]
28.979: [GC 28.979: [DefNew: 940K->63K(960K), 0.0005732 secs] 11349K->10695K(12764K), 0.0006210 secs]
28.987: [GC 28.987: [DefNew: 959K->63K(960K), 0.0008346 secs] 11591K->10894K(12764K), 0.0008859 secs]
29.006: [GC 29.006: [DefNew: 959K->63K(960K), 0.0006837 secs] 11790K->11166K(12764K), 0.0007311 secs]
29.016: [GC 29.016: [DefNew: 959K->63K(960K), 0.0007547 secs] 12062K->11380K(12764K), 0.0008005 secs]
29.033: [GC 29.033: [DefNew: 951K->63K(960K), 0.0007756 secs] 12268K->11701K(12764K), 0.0008279 secs]
29.043: [GC 29.043: [DefNew: 959K->64K(960K), 0.0007652 secs]29.043: [Tenured: 11840K->2361K(11932K), 0.0325653 secs] 12597K->2361K(12892K), 0.0334429 secs]
29.085: [GC 29.085: [DefNew: 878K->63K(960K), 0.0007040 secs] 3239K->2573K(12764K), 0.0007527 secs]
29.102: [GC 29.102: [DefNew: 959K->63K(960K), 0.0005947 secs] 3469K->2827K(12764K), 0.0006414 secs]
29.110: [GC 29.110: [DefNew: 959K->63K(960K), 0.0007875 secs] 3723K->3025K(12764K), 0.0008364 secs]
29.129: [GC 29.129: [DefNew: 959K->63K(960K), 0.0006580 secs] 3921K->3298K(12764K), 0.0007102 secs]
29.138: [GC 29.138: [DefNew: 959K->63K(960K), 0.0007597 secs] 4194K->3511K(12764K), 0.0008094 secs]
29.156: [GC 29.156: [DefNew: 934K->63K(960K), 0.0007093 secs] 4382K->3789K(12764K), 0.0007575 secs]
29.165: [GC 29.165: [DefNew: 959K->63K(960K), 0.0005878 secs] 4685K->3977K(12764K), 0.0006312 secs]
29.171: [GC 29.171: [DefNew: 953K->63K(960K), 0.0008327 secs] 4867K->4157K(12764K), 0.0008848 secs]
29.192: [GC 29.192: [DefNew: 959K->63K(960K), 0.0005926 secs] 5053K->4445K(12764K), 0.0006371 secs]
29.199: [GC 29.199: [DefNew: 959K->63K(960K), 0.0007638 secs] 5341K->4643K(12764K), 0.0008085 secs]
29.218: [GC 29.218: [DefNew: 959K->63K(960K), 0.0006375 secs] 5539K->4916K(12764K), 0.0006881 secs]
29.228: [GC 29.228: [DefNew: 959K->64K(960K), 0.0007628 secs] 5812K->5129K(12764K), 0.0008188 secs]
29.244: [GC 29.244: [DefNew: 959K->63K(960K), 0.0007876 secs] 6025K->5393K(12764K), 0.0008398 secs]
29.256: [GC 29.256: [DefNew: 959K->63K(960K), 0.0008020 secs] 6289K->5598K(12764K), 0.0008588 secs]
29.262: [GC 29.262: [DefNew: 959K->63K(960K), 0.0007846 secs] 6494K->5781K(12764K), 0.0008349 secs]
29.283: [GC 29.283: [DefNew: 959K->63K(960K), 0.0006523 secs] 6677K->6069K(12764K), 0.0007001 secs]
29.290: [GC 29.290: [DefNew: 959K->63K(960K), 0.0007076 secs] 6965K->6268K(12764K), 0.0007528 secs]
29.301: [GC 29.301: [DefNew: 943K->63K(960K), 0.0007546 secs] 7147K->6517K(12764K), 0.0008072 secs]
29.311: [GC 29.311: [DefNew: 784K->64K(960K), 0.0006894 secs] 7238K->6881K(12764K), 0.0007426 secs]
29.319: [GC 29.319: [DefNew: 906K->63K(960K), 0.0006401 secs] 7723K->7430K(12764K), 0.0006914 secs]
29.333: [GC 29.333: [DefNew: 959K->63K(960K), 0.0006988 secs] 8326K->7740K(12764K), 0.0007502 secs]
29.341: [GC 29.341: [DefNew: 932K->63K(960K), 0.0007349 secs] 8608K->8302K(12764K), 0.0007891 secs]
29.352: [GC 29.352: [DefNew: 951K->64K(960K), 0.0005807 secs] 9190K->8628K(12764K), 0.0006289 secs]
29.362: [GC 29.362: [DefNew: 960K->63K(960K), 0.0005409 secs] 9524K->9165K(12764K), 0.0005925 secs]
29.373: [GC 29.373: [DefNew: 959K->64K(960K), 0.0005971 secs] 10061K->9500K(12764K), 0.0006446 secs]
29.383: [GC 29.383: [DefNew: 960K->63K(960K), 0.0007517 secs] 10396K->10085K(12764K), 0.0008026 secs]
29.394: [GC 29.395: [DefNew: 939K->63K(960K), 0.0005350 secs] 10961K->10389K(12764K), 0.0005843 secs]
29.404: [GC 29.404: [DefNew: 501K->63K(960K), 0.0005203 secs] 10827K->10501K(12764K), 0.0005658 secs]
29.412: [GC 29.412: [DefNew: 899K->63K(960K), 0.0006879 secs] 11336K->11051K(12764K), 0.0007408 secs]
29.426: [GC 29.426: [DefNew: 959K->63K(960K), 0.0006251 secs] 11947K->11360K(12764K), 0.0006751 secs]
29.433: [GC 29.433: [DefNew: 931K->63K(960K), 0.0007568 secs]29.434: [Tenured: 11859K->6810K(11932K), 0.0368348 secs] 12228K->6810K(12892K), 0.0377085 secs]
29.483: [GC 29.483: [DefNew: 896K->64K(960K), 0.0005636 secs] 7706K->7158K(12764K), 0.0006127 secs]
29.493: [GC 29.493: [DefNew: 960K->53K(960K), 0.0005703 secs] 8054K->7697K(12764K), 0.0006209 secs]
29.504: [GC 29.504: [DefNew: 949K->63K(960K), 0.0005741 secs] 8593K->8031K(12764K), 0.0006219 secs]
29.514: [GC 29.514: [DefNew: 959K->63K(960K), 0.0007067 secs] 8927K->8617K(12764K), 0.0007576 secs]
29.525: [GC 29.525: [DefNew: 948K->64K(960K), 0.0005427 secs] 9502K->8932K(12764K), 0.0006021 secs]
29.535: [GC 29.535: [DefNew: 483K->63K(960K), 0.0006118 secs] 9351K->9032K(12764K), 0.0006668 secs]
29.544: [GC 29.544: [DefNew: 959K->63K(960K), 0.0007546 secs] 9928K->9613K(12764K), 0.0008099 secs]
29.559: [GC 29.559: [DefNew: 920K->64K(960K), 0.0006992 secs] 10470K->9908K(12764K), 0.0007555 secs]
29.571: [GC 29.571: [DefNew: 945K->44K(960K), 0.0006709 secs] 10790K->10510K(12764K), 0.0007293 secs]
29.587: [GC 29.587: [DefNew: 940K->63K(960K), 0.0006945 secs] 11406K->10752K(12764K), 0.0007480 secs]
29.595: [GC 29.595: [DefNew: 959K->63K(960K), 0.0008112 secs] 11648K->10951K(12764K), 0.0008623 secs]
29.614: [GC 29.614: [DefNew: 959K->64K(960K), 0.0006933 secs] 11847K->11223K(12764K), 0.0007423 secs]
29.624: [GC 29.624: [DefNew: 960K->63K(960K), 0.0007810 secs] 12119K->11437K(12764K), 0.0008281 secs]
29.641: [GC 29.641: [DefNew: 950K->63K(960K), 0.0007673 secs] 12324K->11758K(12764K), 0.0008196 secs]
29.651: [GC 29.651: [DefNew: 959K->63K(960K), 0.0007752 secs]29.652: [Tenured: 11897K->2360K(11932K), 0.0327989 secs] 12654K->2360K(12892K), 0.0336885 secs]
29.693: [GC 29.693: [DefNew: 875K->63K(960K), 0.0006859 secs] 3236K->2573K(12764K), 0.0007353 secs]
29.710: [GC 29.710: [DefNew: 959K->63K(960K), 0.0005804 secs] 3469K->2827K(12764K), 0.0006260 secs]
29.718: [GC 29.718: [DefNew: 959K->63K(960K), 0.0007487 secs] 3723K->3025K(12764K), 0.0007951 secs]
29.738: [GC 29.738: [DefNew: 959K->64K(960K), 0.0006407 secs] 3921K->3298K(12764K), 0.0006907 secs]
29.747: [GC 29.747: [DefNew: 960K->64K(960K), 0.0007458 secs] 4194K->3511K(12764K), 0.0007928 secs]
29.764: [GC 29.765: [DefNew: 937K->63K(960K), 0.0007235 secs] 4385K->3789K(12764K), 0.0007813 secs]
29.774: [GC 29.774: [DefNew: 959K->63K(960K), 0.0006099 secs] 4685K->3977K(12764K), 0.0006567 secs]
29.780: [GC 29.780: [DefNew: 944K->63K(960K), 0.0007065 secs] 4857K->4157K(12764K), 0.0007511 secs]
29.801: [GC 29.801: [DefNew: 959K->63K(960K), 0.0006430 secs] 5053K->4445K(12764K), 0.0006918 secs]
29.808: [GC 29.808: [DefNew: 959K->63K(960K), 0.0007625 secs] 5341K->4644K(12764K), 0.0008066 secs]
29.827: [GC 29.827: [DefNew: 959K->63K(960K), 0.0006437 secs] 5540K->4916K(12764K), 0.0006928 secs]
29.837: [GC 29.837: [DefNew: 959K->63K(960K), 0.0008028 secs] 5812K->5129K(12764K), 0.0008522 secs]
29.852: [GC 29.852: [DefNew: 947K->63K(960K), 0.0007452 secs] 6013K->5393K(12764K), 0.0007926 secs]
29.864: [GC 29.864: [DefNew: 959K->64K(960K), 0.0006693 secs] 6289K->5598K(12764K), 0.0007172 secs]
29.870: [GC 29.870: [DefNew: 960K->64K(960K), 0.0007462 secs] 6494K->5781K(12764K), 0.0007932 secs]
29.890: [GC 29.891: [DefNew: 960K->64K(960K), 0.0006670 secs] 6677K->6069K(12764K), 0.0007146 secs]
29.898: [GC 29.898: [DefNew: 960K->63K(960K), 0.0006986 secs] 6965K->6267K(12764K), 0.0007446 secs]
29.908: [GC 29.908: [DefNew: 943K->63K(960K), 0.0007296 secs] 7147K->6517K(12764K), 0.0007790 secs]
29.919: [GC 29.919: [DefNew: 795K->64K(960K), 0.0006651 secs] 7248K->6880K(12764K), 0.0007150 secs]
29.928: [GC 29.928: [DefNew: 905K->63K(960K), 0.0006684 secs] 7722K->7430K(12764K), 0.0007250 secs]
29.941: [GC 29.941: [DefNew: 959K->63K(960K), 0.0006061 secs] 8326K->7740K(12764K), 0.0006556 secs]
29.949: [GC 29.949: [DefNew: 932K->63K(960K), 0.0006322 secs] 8608K->8302K(12764K), 0.0006824 secs]
29.960: [GC 29.960: [DefNew: 951K->64K(960K), 0.0005947 secs] 9189K->8627K(12764K), 0.0006454 secs]
29.970: [GC 29.970: [DefNew: 960K->63K(960K), 0.0005697 secs] 9523K->9165K(12764K), 0.0006194 secs]
29.981: [GC 29.981: [DefNew: 959K->64K(960K), 0.0005651 secs] 10061K->9500K(12764K), 0.0007222 secs]
29.992: [GC 29.992: [DefNew: 960K->64K(960K), 0.0007330 secs] 10396K->10085K(12764K), 0.0007856 secs]
30.003: [GC 30.003: [DefNew: 940K->63K(960K), 0.0005873 secs] 10961K->10389K(12764K), 0.0006394 secs]
30.012: [GC 30.012: [DefNew: 501K->63K(960K), 0.0005163 secs] 10826K->10501K(12764K), 0.0005622 secs]
30.020: [GC 30.020: [DefNew: 899K->63K(960K), 0.0006730 secs] 11336K->11050K(12764K), 0.0007249 secs]
30.034: [GC 30.034: [DefNew: 959K->63K(960K), 0.0006361 secs] 11946K->11360K(12764K), 0.0006882 secs]
30.042: [GC 30.042: [DefNew: 931K->64K(960K), 0.0007009 secs]30.042: [Tenured: 11858K->6809K(11932K), 0.0361656 secs] 12227K->6809K(12892K), 0.0369850 secs]
30.090: [GC 30.090: [DefNew: 896K->64K(960K), 0.0005360 secs] 7705K->7158K(12764K), 0.0005851 secs]
30.100: [GC 30.100: [DefNew: 960K->53K(960K), 0.0005776 secs] 8054K->7697K(12764K), 0.0006277 secs]
30.111: [GC 30.111: [DefNew: 949K->64K(960K), 0.0006218 secs] 8593K->8031K(12764K), 0.0006725 secs]
30.121: [GC 30.121: [DefNew: 960K->64K(960K), 0.0007245 secs] 8927K->8616K(12764K), 0.0007763 secs]
30.132: [GC 30.132: [DefNew: 949K->63K(960K), 0.0005535 secs] 9501K->8931K(12764K), 0.0006040 secs]
30.141: [GC 30.142: [DefNew: 480K->63K(960K), 0.0005116 secs] 9348K->9032K(12764K), 0.0005595 secs]
30.149: [GC 30.150: [DefNew: 904K->63K(960K), 0.0006643 secs] 9872K->9582K(12764K), 0.0007165 secs]
30.163: [GC 30.163: [DefNew: 959K->63K(960K), 0.0006889 secs] 10478K->9891K(12764K), 0.0007406 secs]
30.175: [GC 30.175: [DefNew: 941K->48K(960K), 0.0005837 secs] 10769K->10492K(12764K), 0.0006386 secs]
30.190: [GC 30.190: [DefNew: 944K->64K(960K), 0.0005610 secs] 11388K->10730K(12764K), 0.0006063 secs]
30.198: [GC 30.198: [DefNew: 959K->63K(960K), 0.0007439 secs] 11626K->10929K(12764K), 0.0007900 secs]
30.217: [GC 30.217: [DefNew: 959K->64K(960K), 0.0006873 secs] 11825K->11201K(12764K), 0.0007366 secs]
30.227: [GC 30.227: [DefNew: 960K->64K(960K), 0.0007782 secs] 12097K->11415K(12764K), 0.0008265 secs]
30.244: [GC 30.244: [DefNew: 915K->63K(960K), 0.0007727 secs] 12266K->11684K(12764K), 0.0008243 secs]
30.253: [GC 30.253: [DefNew: 959K->63K(960K), 0.0007031 secs]30.254: [Tenured: 11813K->2350K(11932K), 0.0323364 secs] 12580K->2350K(12892K), 0.0331418 secs]
30.294: [GC 30.294: [DefNew: 888K->64K(960K), 0.0006635 secs] 3239K->2549K(12764K), 0.0007103 secs]
30.312: [GC 30.313: [DefNew: 960K->64K(960K), 0.0006177 secs] 3445K->2817K(12764K), 0.0006677 secs]
30.320: [GC 30.320: [DefNew: 960K->63K(960K), 0.0007215 secs] 3713K->3016K(12764K), 0.0007667 secs]
30.339: [GC 30.339: [DefNew: 959K->64K(960K), 0.0006875 secs] 3912K->3288K(12764K), 0.0007381 secs]
30.349: [GC 30.349: [DefNew: 960K->64K(960K), 0.0007432 secs] 4184K->3502K(12764K), 0.0007902 secs]
30.364: [GC 30.364: [DefNew: 956K->64K(960K), 0.0007570 secs] 4394K->3761K(12764K), 0.0008086 secs]
30.376: [GC 30.376: [DefNew: 960K->63K(960K), 0.0006460 secs] 4657K->3971K(12764K), 0.0006925 secs]
30.382: [GC 30.382: [DefNew: 959K->63K(960K), 0.0007529 secs] 4867K->4155K(12764K), 0.0007990 secs]
30.402: [GC 30.402: [DefNew: 959K->63K(960K), 0.0006003 secs] 5051K->4442K(12764K), 0.0006469 secs]
30.410: [GC 30.410: [DefNew: 959K->63K(960K), 0.0006982 secs] 5338K->4641K(12764K), 0.0007434 secs]
30.429: [GC 30.429: [DefNew: 959K->63K(960K), 0.0006544 secs] 5537K->4914K(12764K), 0.0007042 secs]
30.439: [GC 30.439: [DefNew: 959K->63K(960K), 0.0008291 secs] 5810K->5127K(12764K), 0.0008788 secs]
30.455: [GC 30.455: [DefNew: 958K->63K(960K), 0.0007425 secs] 6022K->5393K(12764K), 0.0007927 secs]
30.466: [GC 30.466: [DefNew: 959K->63K(960K), 0.0006602 secs] 6289K->5598K(12764K), 0.0007061 secs]
30.472: [GC 30.472: [DefNew: 959K->63K(960K), 0.0007536 secs] 6494K->5781K(12764K), 0.0007992 secs]
30.493: [GC 30.493: [DefNew: 959K->64K(960K), 0.0006584 secs] 6677K->6069K(12764K), 0.0007075 secs]
30.501: [GC 30.501: [DefNew: 960K->64K(960K), 0.0007052 secs] 6965K->6268K(12764K), 0.0007514 secs]
30.511: [GC 30.511: [DefNew: 943K->63K(960K), 0.0007548 secs] 7147K->6517K(12764K), 0.0008041 secs]
30.522: [GC 30.522: [DefNew: 784K->63K(960K), 0.0006490 secs] 7238K->6881K(12764K), 0.0006990 secs]
30.530: [GC 30.530: [DefNew: 906K->63K(960K), 0.0006502 secs] 7723K->7430K(12764K), 0.0007037 secs]
30.543: [GC 30.543: [DefNew: 959K->64K(960K), 0.0006349 secs] 8326K->7740K(12764K), 0.0006858 secs]
30.551: [GC 30.551: [DefNew: 932K->63K(960K), 0.0006409 secs] 8608K->8302K(12764K), 0.0006939 secs]
30.563: [GC 30.563: [DefNew: 951K->63K(960K), 0.0006255 secs] 9190K->8628K(12764K), 0.0006761 secs]
30.573: [GC 30.573: [DefNew: 959K->63K(960K), 0.0005554 secs] 9524K->9165K(12764K), 0.0006078 secs]
30.584: [GC 30.584: [DefNew: 959K->64K(960K), 0.0005917 secs] 10061K->9500K(12764K), 0.0006409 secs]
30.594: [GC 30.594: [DefNew: 960K->63K(960K), 0.0007278 secs] 10396K->10085K(12764K), 0.0007797 secs]
30.605: [GC 30.605: [DefNew: 939K->64K(960K), 0.0005429 secs] 10961K->10389K(12764K), 0.0005936 secs]
30.615: [GC 30.615: [DefNew: 503K->64K(960K), 0.0005441 secs] 10829K->10501K(12764K), 0.0005949 secs]
30.623: [GC 30.623: [DefNew: 899K->63K(960K), 0.0006903 secs] 11337K->11051K(12764K), 0.0007442 secs]
30.637: [GC 30.637: [DefNew: 959K->63K(960K), 0.0006208 secs] 11947K->11360K(12764K), 0.0006702 secs]
30.644: [GC 30.644: [DefNew: 931K->63K(960K), 0.0007192 secs]30.645: [Tenured: 11859K->6810K(11932K), 0.0364366 secs] 12228K->6810K(12892K), 0.0372723 secs]
30.693: [GC 30.694: [DefNew: 896K->63K(960K), 0.0005387 secs] 7706K->7158K(12764K), 0.0005864 secs]
30.703: [GC 30.703: [DefNew: 959K->54K(960K), 0.0005825 secs] 8053K->7697K(12764K), 0.0006322 secs]
30.714: [GC 30.714: [DefNew: 950K->63K(960K), 0.0005691 secs] 8593K->8031K(12764K), 0.0006184 secs]
30.724: [GC 30.724: [DefNew: 959K->64K(960K), 0.0007404 secs] 8927K->8617K(12764K), 0.0007916 secs]
30.735: [GC 30.735: [DefNew: 954K->63K(960K), 0.0007004 secs] 9507K->8932K(12764K), 0.0007679 secs]
30.745: [GC 30.745: [DefNew: 482K->63K(960K), 0.0005155 secs] 9350K->9032K(12764K), 0.0005663 secs]
30.753: [GC 30.753: [DefNew: 903K->63K(960K), 0.0006694 secs] 9872K->9582K(12764K), 0.0007236 secs]
30.767: [GC 30.767: [DefNew: 959K->64K(960K), 0.0007625 secs] 10478K->9892K(12764K), 0.0008213 secs]
30.779: [GC 30.779: [DefNew: 946K->48K(960K), 0.0007559 secs] 10775K->10493K(12764K), 0.0008183 secs]
30.794: [GC 30.794: [DefNew: 944K->64K(960K), 0.0005778 secs] 11389K->10731K(12764K), 0.0006256 secs]
30.802: [GC 30.802: [DefNew: 960K->63K(960K), 0.0007901 secs] 11627K->10930K(12764K), 0.0008402 secs]
30.821: [GC 30.821: [DefNew: 959K->63K(960K), 0.0006770 secs] 11826K->11202K(12764K), 0.0007250 secs]
30.831: [GC 30.831: [DefNew: 959K->64K(960K), 0.0008024 secs] 12098K->11415K(12764K), 0.0008493 secs]
30.848: [GC 30.848: [DefNew: 918K->63K(960K), 0.0007425 secs] 12270K->11685K(12764K), 0.0007930 secs]
30.858: [GC 30.858: [DefNew: 959K->64K(960K), 0.0007269 secs]30.858: [Tenured: 11814K->2351K(11932K), 0.0320687 secs] 12581K->2351K(12892K), 0.0329053 secs]
30.898: [GC 30.898: [DefNew: 876K->64K(960K), 0.0006490 secs] 3227K->2550K(12764K), 0.0006972 secs]
30.917: [GC 30.917: [DefNew: 960K->64K(960K), 0.0005904 secs] 3446K->2818K(12764K), 0.0006375 secs]
30.926: [GC 30.926: [DefNew: 960K->63K(960K), 0.0009074 secs] 3714K->3016K(12764K), 0.0009645 secs]
30.945: [GC 30.945: [DefNew: 959K->63K(960K), 0.0006540 secs] 3912K->3289K(12764K), 0.0007040 secs]
30.954: [GC 30.955: [DefNew: 959K->63K(960K), 0.0007576 secs] 4185K->3503K(12764K), 0.0008039 secs]
30.970: [GC 30.970: [DefNew: 958K->64K(960K), 0.0006815 secs] 4397K->3762K(12764K), 0.0007282 secs]
30.981: [GC 30.981: [DefNew: 960K->64K(960K), 0.0006558 secs] 4658K->3972K(12764K), 0.0007014 secs]
30.987: [GC 30.987: [DefNew: 960K->64K(960K), 0.0007770 secs] 4868K->4155K(12764K), 0.0008262 secs]
31.008: [GC 31.008: [DefNew: 960K->63K(960K), 0.0006023 secs] 5051K->4443K(12764K), 0.0006485 secs]
31.016: [GC 31.016: [DefNew: 959K->63K(960K), 0.0007249 secs] 5339K->4642K(12764K), 0.0007712 secs]
31.034: [GC 31.034: [DefNew: 959K->64K(960K), 0.0006284 secs] 5538K->4914K(12764K), 0.0006750 secs]
31.044: [GC 31.044: [DefNew: 960K->63K(960K), 0.0008232 secs] 5810K->5128K(12764K), 0.0008731 secs]
31.057: [GC 31.057: [DefNew: 933K->64K(960K), 0.0007633 secs] 5997K->5365K(12764K), 0.0008145 secs]
31.071: [GC 31.071: [DefNew: 960K->63K(960K), 0.0006732 secs] 6261K->5593K(12764K), 0.0007193 secs]
31.077: [GC 31.077: [DefNew: 959K->64K(960K), 0.0006911 secs] 6489K->5777K(12764K), 0.0007351 secs]
31.098: [GC 31.098: [DefNew: 960K->63K(960K), 0.0006748 secs] 6673K->6064K(12764K), 0.0007218 secs]
31.106: [GC 31.106: [DefNew: 959K->64K(960K), 0.0006913 secs] 6960K->6262K(12764K), 0.0007362 secs]
31.115: [GC 31.115: [DefNew: 859K->64K(960K), 0.0007740 secs] 7057K->6455K(12764K), 0.0008248 secs]
31.127: [GC 31.127: [DefNew: 913K->64K(960K), 0.0006534 secs] 7304K->6819K(12764K), 0.0007036 secs]
31.135: [GC 31.135: [DefNew: 904K->63K(960K), 0.0006757 secs] 7660K->7369K(12764K), 0.0007300 secs]
31.148: [GC 31.149: [DefNew: 959K->63K(960K), 0.0006268 secs] 8265K->7678K(12764K), 0.0006760 secs]
31.156: [GC 31.156: [DefNew: 933K->63K(960K), 0.0006475 secs] 8548K->8241K(12764K), 0.0006986 secs]
31.168: [GC 31.168: [DefNew: 951K->63K(960K), 0.0005762 secs] 9129K->8566K(12764K), 0.0006239 secs]
31.178: [GC 31.178: [DefNew: 959K->63K(960K), 0.0005292 secs] 9462K->9104K(12764K), 0.0005799 secs]
31.189: [GC 31.189: [DefNew: 959K->63K(960K), 0.0005410 secs] 10000K->9439K(12764K), 0.0005894 secs]
31.199: [GC 31.199: [DefNew: 959K->64K(960K), 0.0007334 secs] 10335K->10024K(12764K), 0.0007847 secs]
31.212: [GC 31.212: [DefNew: 939K->63K(960K), 0.0005967 secs] 10899K->10328K(12764K), 0.0006528 secs]
31.223: [GC 31.223: [DefNew: 504K->64K(960K), 0.0006112 secs] 10768K->10440K(12764K), 0.0009744 secs]
31.232: [GC 31.232: [DefNew: 899K->63K(960K), 0.0006983 secs] 11276K->10989K(12764K), 0.0007530 secs]
31.246: [GC 31.246: [DefNew: 959K->63K(960K), 0.0006711 secs] 11885K->11299K(12764K), 0.0007218 secs]
31.254: [GC 31.254: [DefNew: 931K->63K(960K), 0.0006668 secs]31.254: [Tenured: 11797K->6753K(11804K), 0.0365512 secs] 12167K->6753K(12764K), 0.0373072 secs]
31.303: [GC 31.303: [DefNew: 896K->64K(960K), 0.0006243 secs] 7649K->7101K(12764K), 0.0006755 secs]
31.312: [GC 31.312: [DefNew: 959K->53K(960K), 0.0005558 secs] 7996K->7641K(12764K), 0.0006301 secs]
31.323: [GC 31.323: [DefNew: 949K->63K(960K), 0.0005870 secs] 8537K->7975K(12764K), 0.0006368 secs]
31.333: [GC 31.333: [DefNew: 959K->63K(960K), 0.0007309 secs] 8871K->8560K(12764K), 0.0007821 secs]
31.345: [GC 31.345: [DefNew: 951K->64K(960K), 0.0005815 secs] 9447K->8875K(12764K), 0.0006335 secs]
31.354: [GC 31.354: [DefNew: 478K->64K(960K), 0.0004602 secs] 9290K->8976K(12764K), 0.0005052 secs]
31.362: [GC 31.362: [DefNew: 903K->63K(960K), 0.0007085 secs] 9815K->9525K(12764K), 0.0007630 secs]
31.376: [GC 31.376: [DefNew: 959K->63K(960K), 0.0006333 secs] 10421K->9835K(12764K), 0.0006818 secs]
31.387: [GC 31.387: [DefNew: 941K->48K(960K), 0.0006229 secs] 10712K->10436K(12764K), 0.0006788 secs]
31.402: [GC 31.402: [DefNew: 944K->64K(960K), 0.0005701 secs] 11332K->10674K(12764K), 0.0006165 secs]
31.410: [GC 31.410: [DefNew: 960K->63K(960K), 0.0007470 secs] 11570K->10872K(12764K), 0.0007933 secs]
31.429: [GC 31.429: [DefNew: 959K->63K(960K), 0.0008353 secs] 11768K->11145K(12764K), 0.0009047 secs]
31.439: [GC 31.439: [DefNew: 959K->63K(960K), 0.0008071 secs] 12041K->11358K(12764K), 0.0008965 secs]
31.457: [GC 31.457: [DefNew: 915K->63K(960K), 0.0007687 secs] 12210K->11628K(12764K), 0.0008217 secs]
31.466: [GC 31.466: [DefNew: 959K->63K(960K), 0.0006423 secs] 12524K->11821K(12764K), 0.0006871 secs]
31.474: [GC 31.474: [DefNew: 939K->63K(960K), 0.0008434 secs]31.475: [Tenured: 11956K->2549K(12060K), 0.0326680 secs] 12696K->2549K(13020K), 0.0336303 secs]
31.525: [GC 31.525: [DefNew: 896K->63K(960K), 0.0005158 secs] 3445K->2841K(12764K), 0.0005623 secs]
31.533: [GC 31.533: [DefNew: 959K->63K(960K), 0.0007151 secs] 3737K->3040K(12764K), 0.0007624 secs]
31.552: [GC 31.552: [DefNew: 959K->63K(960K), 0.0006435 secs] 3936K->3312K(12764K), 0.0006942 secs]
31.562: [GC 31.562: [DefNew: 959K->64K(960K), 0.0007191 secs] 4208K->3526K(12764K), 0.0007640 secs]
31.577: [GC 31.577: [DefNew: 956K->64K(960K), 0.0007396 secs] 4419K->3785K(12764K), 0.0007903 secs]
31.589: [GC 31.589: [DefNew: 960K->63K(960K), 0.0007995 secs] 4681K->3995K(12764K), 0.0008560 secs]
31.595: [GC 31.595: [DefNew: 959K->64K(960K), 0.0008654 secs] 4891K->4179K(12764K), 0.0009165 secs]
31.616: [GC 31.616: [DefNew: 960K->63K(960K), 0.0006379 secs] 5075K->4467K(12764K), 0.0006862 secs]
31.624: [GC 31.624: [DefNew: 959K->64K(960K), 0.0007507 secs] 5363K->4666K(12764K), 0.0007972 secs]
31.643: [GC 31.643: [DefNew: 960K->63K(960K), 0.0006300 secs] 5562K->4938K(12764K), 0.0006793 secs]
31.652: [GC 31.652: [DefNew: 959K->63K(960K), 0.0007861 secs] 5834K->5151K(12764K), 0.0008356 secs]
31.666: [GC 31.666: [DefNew: 935K->64K(960K), 0.0007151 secs] 6022K->5389K(12764K), 0.0007627 secs]
31.679: [GC 31.679: [DefNew: 960K->64K(960K), 0.0006629 secs] 6285K->5617K(12764K), 0.0007119 secs]
31.685: [GC 31.685: [DefNew: 960K->63K(960K), 0.0007157 secs] 6513K->5801K(12764K), 0.0007623 secs]
31.706: [GC 31.706: [DefNew: 959K->63K(960K), 0.0006481 secs] 6697K->6088K(12764K), 0.0006938 secs]
31.714: [GC 31.714: [DefNew: 959K->63K(960K), 0.0007006 secs] 6984K->6287K(12764K), 0.0007453 secs]
31.723: [GC 31.723: [DefNew: 845K->64K(960K), 0.0007342 secs] 7068K->6479K(12764K), 0.0007804 secs]
31.735: [GC 31.735: [DefNew: 914K->63K(960K), 0.0007114 secs] 7329K->6843K(12764K), 0.0007633 secs]
31.743: [GC 31.743: [DefNew: 905K->63K(960K), 0.0006868 secs] 7685K->7393K(12764K), 0.0007387 secs]
31.756: [GC 31.756: [DefNew: 959K->64K(960K), 0.0005965 secs] 8289K->7702K(12764K), 0.0006453 secs]
31.764: [GC 31.764: [DefNew: 934K->63K(960K), 0.0008152 secs] 8573K->8265K(12764K), 0.0008672 secs]
31.776: [GC 31.777: [DefNew: 959K->63K(960K), 0.0005746 secs] 9161K->8596K(12764K), 0.0006230 secs]
31.786: [GC 31.786: [DefNew: 959K->53K(960K), 0.0005637 secs] 9492K->9136K(12764K), 0.0006143 secs]
31.797: [GC 31.797: [DefNew: 949K->63K(960K), 0.0005836 secs] 10032K->9470K(12764K), 0.0006326 secs]
31.807: [GC 31.807: [DefNew: 959K->63K(960K), 0.0007102 secs] 10366K->10055K(12764K), 0.0007634 secs]
31.818: [GC 31.818: [DefNew: 948K->63K(960K), 0.0005438 secs] 10939K->10370K(12764K), 0.0006015 secs]
31.828: [GC 31.828: [DefNew: 484K->64K(960K), 0.0004714 secs] 10790K->10471K(12764K), 0.0005170 secs]
31.836: [GC 31.836: [DefNew: 899K->63K(960K), 0.0006645 secs] 11306K->11020K(12764K), 0.0007171 secs]
31.849: [GC 31.849: [DefNew: 959K->64K(960K), 0.0006573 secs] 11916K->11330K(12764K), 0.0007079 secs]
31.857: [GC 31.857: [DefNew: 931K->63K(960K), 0.0006923 secs]31.858: [Tenured: 11828K->6777K(11932K), 0.0362014 secs] 12197K->6777K(12892K), 0.0370069 secs]
31.905: [GC 31.905: [DefNew: 886K->63K(960K), 0.0005374 secs] 7664K->7119K(12764K), 0.0005875 secs]
31.914: [GC 31.915: [DefNew: 959K->63K(960K), 0.0005510 secs] 8015K->7657K(12764K), 0.0006022 secs]
31.927: [GC 31.927: [DefNew: 959K->64K(960K), 0.0005526 secs] 8553K->7992K(12764K), 0.0006025 secs]
31.937: [GC 31.937: [DefNew: 960K->63K(960K), 0.0007057 secs] 8888K->8577K(12764K), 0.0007560 secs]
31.949: [GC 31.949: [DefNew: 957K->63K(960K), 0.0005567 secs] 9470K->8892K(12764K), 0.0006073 secs]
31.958: [GC 31.959: [DefNew: 481K->63K(960K), 0.0004871 secs] 9309K->8992K(12764K), 0.0005328 secs]
31.966: [GC 31.967: [DefNew: 903K->63K(960K), 0.0006689 secs] 9832K->9542K(12764K), 0.0007202 secs]
31.980: [GC 31.980: [DefNew: 959K->64K(960K), 0.0006187 secs] 10438K->9852K(12764K), 0.0006677 secs]
31.992: [GC 31.992: [DefNew: 945K->48K(960K), 0.0006060 secs] 10733K->10453K(12764K), 0.0006594 secs]
32.007: [GC 32.007: [DefNew: 944K->64K(960K), 0.0005653 secs] 11349K->10691K(12764K), 0.0006123 secs]
32.015: [GC 32.015: [DefNew: 960K->63K(960K), 0.0007748 secs] 11587K->10889K(12764K), 0.0008224 secs]
32.034: [GC 32.034: [DefNew: 959K->63K(960K), 0.0006818 secs] 11785K->11162K(12764K), 0.0007304 secs]
32.043: [GC 32.043: [DefNew: 959K->64K(960K), 0.0008004 secs] 12058K->11375K(12764K), 0.0008697 secs]
32.061: [GC 32.061: [DefNew: 916K->63K(960K), 0.0007496 secs] 12227K->11645K(12764K), 0.0008015 secs]
32.070: [GC 32.070: [DefNew: 959K->64K(960K), 0.0006320 secs] 12541K->11838K(12764K), 0.0006769 secs]
32.078: [GC 32.078: [DefNew: 950K->63K(960K), 0.0008964 secs]32.079: [Tenured: 11973K->2549K(12060K), 0.0329560 secs] 12724K->2549K(13020K), 0.0339708 secs]
32.130: [GC 32.130: [DefNew: 896K->64K(960K), 0.0005195 secs] 3445K->2841K(12764K), 0.0005667 secs]
32.138: [GC 32.138: [DefNew: 960K->63K(960K), 0.0006774 secs] 3737K->3040K(12764K), 0.0007229 secs]
32.156: [GC 32.157: [DefNew: 959K->63K(960K), 0.0007344 secs] 3936K->3312K(12764K), 0.0007890 secs]
32.166: [GC 32.166: [DefNew: 959K->63K(960K), 0.0007544 secs] 4208K->3527K(12764K), 0.0008038 secs]
32.182: [GC 32.182: [DefNew: 957K->64K(960K), 0.0007601 secs] 4420K->3785K(12764K), 0.0008117 secs]
32.194: [GC 32.194: [DefNew: 960K->63K(960K), 0.0006712 secs] 4681K->3996K(12764K), 0.0007183 secs]
32.200: [GC 32.200: [DefNew: 959K->64K(960K), 0.0007279 secs] 4892K->4179K(12764K), 0.0007721 secs]
32.221: [GC 32.221: [DefNew: 960K->63K(960K), 0.0006113 secs] 5075K->4467K(12764K), 0.0006584 secs]
32.228: [GC 32.229: [DefNew: 959K->63K(960K), 0.0007016 secs] 5363K->4666K(12764K), 0.0007454 secs]
32.247: [GC 32.248: [DefNew: 959K->63K(960K), 0.0007031 secs] 5562K->4938K(12764K), 0.0007566 secs]
32.257: [GC 32.257: [DefNew: 959K->64K(960K), 0.0008118 secs] 5834K->5151K(12764K), 0.0008611 secs]
32.271: [GC 32.271: [DefNew: 932K->64K(960K), 0.0007206 secs] 6019K->5389K(12764K), 0.0007690 secs]
32.284: [GC 32.284: [DefNew: 960K->63K(960K), 0.0006800 secs] 6285K->5617K(12764K), 0.0007268 secs]
32.290: [GC 32.290: [DefNew: 959K->63K(960K), 0.0006809 secs] 6513K->5800K(12764K), 0.0007249 secs]
32.311: [GC 32.311: [DefNew: 959K->64K(960K), 0.0007193 secs] 6696K->6088K(12764K), 0.0007695 secs]
32.319: [GC 32.319: [DefNew: 960K->64K(960K), 0.0006894 secs] 6984K->6286K(12764K), 0.0007335 secs]
32.328: [GC 32.328: [DefNew: 847K->64K(960K), 0.0007447 secs] 7069K->6479K(12764K), 0.0007909 secs]
32.339: [GC 32.339: [DefNew: 912K->64K(960K), 0.0006705 secs] 7328K->6843K(12764K), 0.0007194 secs]
32.348: [GC 32.348: [DefNew: 904K->63K(960K), 0.0007988 secs] 7683K->7393K(12764K), 0.0008559 secs]
32.361: [GC 32.362: [DefNew: 959K->64K(960K), 0.0006210 secs] 8289K->7702K(12764K), 0.0006721 secs]
32.369: [GC 32.369: [DefNew: 932K->63K(960K), 0.0006027 secs] 8571K->8265K(12764K), 0.0006517 secs]
32.381: [GC 32.381: [DefNew: 951K->63K(960K), 0.0005897 secs] 9152K->8590K(12764K), 0.0006409 secs]
32.390: [GC 32.390: [DefNew: 959K->63K(960K), 0.0006138 secs] 9486K->9128K(12764K), 0.0006672 secs]
32.401: [GC 32.401: [DefNew: 959K->64K(960K), 0.0005728 secs] 10024K->9463K(12764K), 0.0006201 secs]
32.411: [GC 32.411: [DefNew: 960K->64K(960K), 0.0007589 secs] 10359K->10048K(12764K), 0.0008700 secs]
32.423: [GC 32.423: [DefNew: 939K->63K(960K), 0.0005519 secs] 10924K->10352K(12764K), 0.0006033 secs]
32.432: [GC 32.432: [DefNew: 503K->64K(960K), 0.0005114 secs] 10791K->10464K(12764K), 0.0005632 secs]
32.440: [GC 32.440: [DefNew: 899K->63K(960K), 0.0006559 secs] 11299K->11013K(12764K), 0.0007075 secs]
32.454: [GC 32.454: [DefNew: 959K->64K(960K), 0.0006315 secs] 11909K->11323K(12764K), 0.0006825 secs]
32.462: [GC 32.462: [DefNew: 931K->63K(960K), 0.0007427 secs]32.462: [Tenured: 11821K->6777K(11932K), 0.0367610 secs] 12190K->6777K(12892K), 0.0376766 secs]
32.511: [GC 32.511: [DefNew: 896K->64K(960K), 0.0011395 secs] 7673K->7125K(12764K), 0.0011953 secs]
32.521: [GC 32.521: [DefNew: 954K->53K(960K), 0.0005379 secs] 8015K->7664K(12764K), 0.0005901 secs]
32.532: [GC 32.532: [DefNew: 949K->63K(960K), 0.0005884 secs] 8560K->7998K(12764K), 0.0006364 secs]
32.542: [GC 32.542: [DefNew: 959K->64K(960K), 0.0007186 secs] 8894K->8584K(12764K), 0.0007706 secs]
32.553: [GC 32.553: [DefNew: 948K->63K(960K), 0.0005615 secs] 9468K->8899K(12764K), 0.0006130 secs]
32.563: [GC 32.563: [DefNew: 482K->64K(960K), 0.0005039 secs] 9317K->9000K(12764K), 0.0005516 secs]
32.571: [GC 32.571: [DefNew: 903K->64K(960K), 0.0006919 secs] 9839K->9549K(12764K), 0.0007481 secs]
32.585: [GC 32.585: [DefNew: 960K->63K(960K), 0.0006495 secs] 10445K->9859K(12764K), 0.0006977 secs]
32.596: [GC 32.597: [DefNew: 946K->48K(960K), 0.0006139 secs] 10742K->10460K(12764K), 0.0006679 secs]
32.612: [GC 32.612: [DefNew: 944K->64K(960K), 0.0006051 secs] 11356K->10698K(12764K), 0.0006537 secs]
32.620: [GC 32.620: [DefNew: 960K->63K(960K), 0.0008200 secs] 11594K->10896K(12764K), 0.0008725 secs]
32.639: [GC 32.639: [DefNew: 959K->63K(960K), 0.0007498 secs] 11792K->11169K(12764K), 0.0008001 secs]
32.648: [GC 32.648: [DefNew: 959K->63K(960K), 0.0007792 secs] 12065K->11382K(12764K), 0.0008279 secs]
32.666: [GC 32.666: [DefNew: 917K->63K(960K), 0.0007542 secs] 12235K->11652K(12764K), 0.0008065 secs]
32.676: [GC 32.676: [DefNew: 959K->63K(960K), 0.0007814 secs] 12548K->11845K(12764K), 0.0008374 secs]
32.684: [GC 32.684: [DefNew: 949K->63K(960K), 0.0008817 secs]32.685: [Tenured: 11980K->2549K(12060K), 0.0327605 secs] 12730K->2549K(13020K), 0.0337625 secs]
32.736: [GC 32.736: [DefNew: 896K->64K(960K), 0.0005422 secs] 3445K->2841K(12764K), 0.0005903 secs]
32.743: [GC 32.743: [DefNew: 960K->64K(960K), 0.0006914 secs] 3737K->3040K(12764K), 0.0007384 secs]
32.762: [GC 32.762: [DefNew: 960K->64K(960K), 0.0006367 secs] 3936K->3312K(12764K), 0.0006865 secs]
32.772: [GC 32.772: [DefNew: 960K->63K(960K), 0.0007527 secs] 4208K->3526K(12764K), 0.0007985 secs]
32.787: [GC 32.787: [DefNew: 955K->64K(960K), 0.0007563 secs] 4417K->3785K(12764K), 0.0008076 secs]
32.799: [GC 32.799: [DefNew: 960K->63K(960K), 0.0007816 secs] 4681K->3995K(12764K), 0.0008356 secs]
32.805: [GC 32.805: [DefNew: 959K->63K(960K), 0.0007428 secs] 4891K->4179K(12764K), 0.0007884 secs]
32.826: [GC 32.826: [DefNew: 959K->64K(960K), 0.0006444 secs] 5075K->4466K(12764K), 0.0006932 secs]
32.833: [GC 32.833: [DefNew: 960K->63K(960K), 0.0007650 secs] 5362K->4665K(12764K), 0.0008136 secs]
32.852: [GC 32.852: [DefNew: 959K->64K(960K), 0.0007457 secs] 5561K->4937K(12764K), 0.0007992 secs]
32.862: [GC 32.862: [DefNew: 960K->63K(960K), 0.0008019 secs] 5833K->5151K(12764K), 0.0008515 secs]
32.875: [GC 32.875: [DefNew: 934K->64K(960K), 0.0007036 secs] 6022K->5389K(12764K), 0.0007512 secs]
32.889: [GC 32.889: [DefNew: 960K->63K(960K), 0.0007063 secs] 6285K->5617K(12764K), 0.0007540 secs]
32.895: [GC 32.895: [DefNew: 959K->64K(960K), 0.0006943 secs] 6513K->5800K(12764K), 0.0007389 secs]
32.915: [GC 32.915: [DefNew: 960K->63K(960K), 0.0006415 secs] 6696K->6088K(12764K), 0.0006876 secs]
32.925: [GC 32.925: [DefNew: 959K->63K(960K), 0.0008034 secs] 6984K->6286K(12764K), 0.0008541 secs]
32.934: [GC 32.934: [DefNew: 849K->64K(960K), 0.0007519 secs] 7071K->6479K(12764K), 0.0008000 secs]
32.946: [GC 32.946: [DefNew: 915K->63K(960K), 0.0006633 secs] 7331K->6843K(12764K), 0.0007132 secs]
32.954: [GC 32.954: [DefNew: 905K->63K(960K), 0.0006868 secs] 7684K->7392K(12764K), 0.0007406 secs]
32.967: [GC 32.968: [DefNew: 959K->64K(960K), 0.0006278 secs] 8288K->7702K(12764K), 0.0006778 secs]
32.975: [GC 32.975: [DefNew: 933K->63K(960K), 0.0006358 secs] 8571K->8264K(12764K), 0.0006853 secs]
32.988: [GC 32.988: [DefNew: 959K->64K(960K), 0.0005764 secs] 9160K->8596K(12764K), 0.0006262 secs]
32.997: [GC 32.997: [DefNew: 954K->53K(960K), 0.0005766 secs] 9486K->9135K(12764K), 0.0006259 secs]
33.008: [GC 33.008: [DefNew: 949K->63K(960K), 0.0005631 secs] 10031K->9469K(12764K), 0.0006117 secs]
33.018: [GC 33.018: [DefNew: 959K->63K(960K), 0.0007079 secs] 10365K->10054K(12764K), 0.0007596 secs]
33.029: [GC 33.029: [DefNew: 951K->63K(960K), 0.0005956 secs] 10941K->10369K(12764K), 0.0006458 secs]
33.039: [GC 33.039: [DefNew: 481K->64K(960K), 0.0005000 secs] 10787K->10470K(12764K), 0.0005449 secs]
33.047: [GC 33.047: [DefNew: 899K->64K(960K), 0.0006909 secs] 11306K->11020K(12764K), 0.0007454 secs]
33.062: [GC 33.062: [DefNew: 960K->64K(960K), 0.0006136 secs] 11916K->11329K(12764K), 0.0006652 secs]
33.070: [GC 33.070: [DefNew: 931K->63K(960K), 0.0006787 secs]33.070: [Tenured: 11828K->6777K(11932K), 0.0366719 secs] 12197K->6777K(12892K), 0.0374963 secs]
33.119: [GC 33.119: [DefNew: 896K->64K(960K), 0.0005661 secs] 7673K->7125K(12764K), 0.0006167 secs]
33.128: [GC 33.128: [DefNew: 960K->54K(960K), 0.0005686 secs] 8021K->7664K(12764K), 0.0006193 secs]
33.139: [GC 33.139: [DefNew: 950K->63K(960K), 0.0005646 secs] 8560K->7998K(12764K), 0.0006136 secs]
33.149: [GC 33.149: [DefNew: 959K->63K(960K), 0.0007268 secs] 8894K->8583K(12764K), 0.0007778 secs]
33.161: [GC 33.161: [DefNew: 949K->63K(960K), 0.0005520 secs] 9468K->8899K(12764K), 0.0006028 secs]
33.170: [GC 33.170: [DefNew: 480K->64K(960K), 0.0005238 secs] 9316K->8999K(12764K), 0.0005733 secs]
33.179: [GC 33.179: [DefNew: 899K->63K(960K), 0.0006446 secs] 9835K->9549K(12764K), 0.0006975 secs]
33.192: [GC 33.192: [DefNew: 959K->63K(960K), 0.0006295 secs] 10445K->9859K(12764K), 0.0006770 secs]
33.204: [GC 33.204: [DefNew: 941K->48K(960K), 0.0005949 secs] 10736K->10460K(12764K), 0.0006529 secs]
33.219: [GC 33.219: [DefNew: 944K->63K(960K), 0.0005922 secs] 11356K->10697K(12764K), 0.0006410 secs]
33.227: [GC 33.227: [DefNew: 959K->63K(960K), 0.0007601 secs] 11593K->10896K(12764K), 0.0008066 secs]
33.246: [GC 33.246: [DefNew: 959K->63K(960K), 0.0006959 secs] 11792K->11169K(12764K), 0.0007446 secs]
33.256: [GC 33.256: [DefNew: 959K->63K(960K), 0.0008486 secs] 12065K->11382K(12764K), 0.0009004 secs]
33.273: [GC 33.273: [DefNew: 916K->63K(960K), 0.0007183 secs] 12235K->11652K(12764K), 0.0007676 secs]
33.282: [GC 33.282: [DefNew: 959K->63K(960K), 0.0006555 secs] 12548K->11845K(12764K), 0.0007029 secs]
33.290: [GC 33.290: [DefNew: 939K->63K(960K), 0.0008446 secs]33.291: [Tenured: 11979K->2549K(12060K), 0.0334025 secs] 12720K->2549K(13020K), 0.0343631 secs]
33.342: [GC 33.343: [DefNew: 896K->64K(960K), 0.0005301 secs] 3445K->2841K(12764K), 0.0005778 secs]
33.350: [GC 33.350: [DefNew: 960K->63K(960K), 0.0006786 secs] 3737K->3040K(12764K), 0.0007247 secs]
33.369: [GC 33.369: [DefNew: 959K->63K(960K), 0.0006427 secs] 3936K->3312K(12764K), 0.0006934 secs]
33.379: [GC 33.379: [DefNew: 959K->64K(960K), 0.0007577 secs] 4208K->3526K(12764K), 0.0008057 secs]
33.394: [GC 33.394: [DefNew: 957K->64K(960K), 0.0007296 secs] 4420K->3785K(12764K), 0.0007790 secs]
33.406: [GC 33.406: [DefNew: 960K->63K(960K), 0.0006707 secs] 4681K->3995K(12764K), 0.0007169 secs]
33.412: [GC 33.412: [DefNew: 959K->63K(960K), 0.0007498 secs] 4891K->4179K(12764K), 0.0008042 secs]
33.433: [GC 33.433: [DefNew: 959K->63K(960K), 0.0006249 secs] 5075K->4466K(12764K), 0.0006726 secs]
33.440: [GC 33.440: [DefNew: 959K->63K(960K), 0.0007165 secs] 5362K->4665K(12764K), 0.0007620 secs]
33.459: [GC 33.459: [DefNew: 959K->63K(960K), 0.0006670 secs] 5561K->4937K(12764K), 0.0007163 secs]
33.469: [GC 33.469: [DefNew: 959K->63K(960K), 0.0007570 secs] 5833K->5151K(12764K), 0.0008037 secs]
33.482: [GC 33.482: [DefNew: 932K->64K(960K), 0.0007279 secs] 6019K->5389K(12764K), 0.0007771 secs]
33.496: [GC 33.496: [DefNew: 960K->63K(960K), 0.0006847 secs] 6285K->5617K(12764K), 0.0007325 secs]
33.502: [GC 33.502: [DefNew: 959K->63K(960K), 0.0007091 secs] 6513K->5801K(12764K), 0.0007568 secs]
33.522: [GC 33.522: [DefNew: 959K->64K(960K), 0.0006528 secs] 6697K->6088K(12764K), 0.0006990 secs]
33.530: [GC 33.530: [DefNew: 960K->63K(960K), 0.0006900 secs] 6984K->6286K(12764K), 0.0007363 secs]
33.539: [GC 33.540: [DefNew: 845K->64K(960K), 0.0007492 secs] 7068K->6479K(12764K), 0.0007976 secs]
33.551: [GC 33.552: [DefNew: 915K->64K(960K), 0.0006833 secs] 7331K->6843K(12764K), 0.0007354 secs]
33.560: [GC 33.560: [DefNew: 905K->63K(960K), 0.0006568 secs] 7685K->7392K(12764K), 0.0007109 secs]
33.573: [GC 33.573: [DefNew: 959K->63K(960K), 0.0006040 secs] 8288K->7702K(12764K), 0.0006543 secs]
33.581: [GC 33.581: [DefNew: 933K->63K(960K), 0.0006345 secs] 8571K->8265K(12764K), 0.0006851 secs]
33.593: [GC 33.593: [DefNew: 959K->64K(960K), 0.0005931 secs] 9161K->8596K(12764K), 0.0006418 secs]
33.602: [GC 33.603: [DefNew: 954K->53K(960K), 0.0005677 secs] 9486K->9135K(12764K), 0.0006174 secs]
33.614: [GC 33.614: [DefNew: 949K->63K(960K), 0.0005537 secs] 10031K->9469K(12764K), 0.0006039 secs]
33.624: [GC 33.624: [DefNew: 959K->64K(960K), 0.0007487 secs] 10365K->10055K(12764K), 0.0008008 secs]
33.635: [GC 33.635: [DefNew: 951K->64K(960K), 0.0005485 secs] 10942K->10370K(12764K), 0.0005982 secs]
33.644: [GC 33.645: [DefNew: 482K->63K(960K), 0.0005140 secs] 10788K->10471K(12764K), 0.0005601 secs]
33.653: [GC 33.653: [DefNew: 899K->64K(960K), 0.0006806 secs] 11306K->11020K(12764K), 0.0007323 secs]
33.666: [GC 33.666: [DefNew: 960K->64K(960K), 0.0006203 secs] 11916K->11330K(12764K), 0.0006784 secs]
33.674: [GC 33.674: [DefNew: 931K->63K(960K), 0.0007093 secs]33.675: [Tenured: 11828K->6777K(11932K), 0.0359484 secs] 12197K->6777K(12892K), 0.0367728 secs]
33.723: [GC 33.723: [DefNew: 896K->63K(960K), 0.0005576 secs] 7673K->7125K(12764K), 0.0006078 secs]
33.732: [GC 33.732: [DefNew: 954K->53K(960K), 0.0005903 secs] 8016K->7665K(12764K), 0.0006409 secs]
33.743: [GC 33.743: [DefNew: 949K->63K(960K), 0.0006314 secs] 8561K->7999K(12764K), 0.0006827 secs]
33.753: [GC 33.753: [DefNew: 959K->63K(960K), 0.0007352 secs] 8895K->8584K(12764K), 0.0007866 secs]
33.764: [GC 33.764: [DefNew: 954K->64K(960K), 0.0005614 secs] 9475K->8899K(12764K), 0.0006121 secs]
33.774: [GC 33.774: [DefNew: 481K->63K(960K), 0.0004800 secs] 9316K->9000K(12764K), 0.0005242 secs]
33.782: [GC 33.782: [DefNew: 899K->63K(960K), 0.0006800 secs] 9835K->9550K(12764K), 0.0007334 secs]
33.795: [GC 33.795: [DefNew: 959K->63K(960K), 0.0006569 secs] 10446K->9859K(12764K), 0.0007076 secs]
33.807: [GC 33.807: [DefNew: 941K->48K(960K), 0.0005694 secs] 10737K->10461K(12764K), 0.0006239 secs]
33.822: [GC 33.822: [DefNew: 944K->64K(960K), 0.0005592 secs] 11357K->10698K(12764K), 0.0006052 secs]
33.830: [GC 33.830: [DefNew: 960K->63K(960K), 0.0007685 secs] 11594K->10897K(12764K), 0.0008161 secs]
33.849: [GC 33.849: [DefNew: 959K->63K(960K), 0.0006743 secs] 11793K->11170K(12764K), 0.0007220 secs]
33.859: [GC 33.859: [DefNew: 959K->64K(960K), 0.0008517 secs] 12066K->11383K(12764K), 0.0009034 secs]
33.876: [GC 33.876: [DefNew: 916K->63K(960K), 0.0007232 secs] 12235K->11653K(12764K), 0.0007751 secs]
33.886: [GC 33.886: [DefNew: 959K->63K(960K), 0.0006350 secs] 12549K->11846K(12764K), 0.0006794 secs]
33.893: [GC 33.893: [DefNew: 950K->63K(960K), 0.0008680 secs]33.894: [Tenured: 11980K->2549K(12060K), 0.0337050 secs] 12732K->2549K(13020K), 0.0346808 secs]
33.946: [GC 33.946: [DefNew: 896K->64K(960K), 0.0005167 secs] 3445K->2841K(12764K), 0.0005642 secs]
33.954: [GC 33.954: [DefNew: 960K->64K(960K), 0.0006952 secs] 3737K->3040K(12764K), 0.0007412 secs]
33.973: [GC 33.973: [DefNew: 960K->64K(960K), 0.0006392 secs] 3936K->3313K(12764K), 0.0006880 secs]
33.982: [GC 33.982: [DefNew: 960K->63K(960K), 0.0008499 secs] 4209K->3527K(12764K), 0.0009025 secs]
33.998: [GC 33.998: [DefNew: 958K->64K(960K), 0.0007266 secs] 4421K->3785K(12764K), 0.0007773 secs]
34.009: [GC 34.009: [DefNew: 960K->64K(960K), 0.0006631 secs] 4681K->3995K(12764K), 0.0007092 secs]
34.015: [GC 34.015: [DefNew: 960K->64K(960K), 0.0007556 secs] 4891K->4179K(12764K), 0.0008010 secs]
34.036: [GC 34.036: [DefNew: 960K->63K(960K), 0.0006080 secs] 5075K->4467K(12764K), 0.0006547 secs]
34.044: [GC 34.044: [DefNew: 959K->64K(960K), 0.0007304 secs] 5363K->4665K(12764K), 0.0007768 secs]
34.063: [GC 34.063: [DefNew: 960K->64K(960K), 0.0007339 secs] 5561K->4938K(12764K), 0.0007851 secs]
34.072: [GC 34.072: [DefNew: 960K->63K(960K), 0.0007577 secs] 5834K->5151K(12764K), 0.0008025 secs]
34.085: [GC 34.086: [DefNew: 932K->64K(960K), 0.0007148 secs] 6019K->5389K(12764K), 0.0007634 secs]
34.099: [GC 34.099: [DefNew: 960K->64K(960K), 0.0007035 secs] 6285K->5617K(12764K), 0.0007501 secs]
34.105: [GC 34.105: [DefNew: 960K->63K(960K), 0.0006988 secs] 6513K->5801K(12764K), 0.0007436 secs]
34.125: [GC 34.126: [DefNew: 959K->63K(960K), 0.0006538 secs] 6697K->6088K(12764K), 0.0007025 secs]
34.133: [GC 34.133: [DefNew: 959K->64K(960K), 0.0007281 secs] 6984K->6286K(12764K), 0.0007768 secs]
34.142: [GC 34.142: [DefNew: 846K->64K(960K), 0.0007279 secs] 7068K->6479K(12764K), 0.0007747 secs]
34.154: [GC 34.154: [DefNew: 912K->63K(960K), 0.0006709 secs] 7328K->6843K(12764K), 0.0007209 secs]
34.163: [GC 34.163: [DefNew: 904K->63K(960K), 0.0007599 secs] 7684K->7393K(12764K), 0.0008155 secs]
34.177: [GC 34.177: [DefNew: 959K->64K(960K), 0.0006188 secs] 8289K->7702K(12764K), 0.0006694 secs]
34.184: [GC 34.185: [DefNew: 932K->63K(960K), 0.0006414 secs] 8571K->8265K(12764K), 0.0006922 secs]
34.196: [GC 34.196: [DefNew: 951K->63K(960K), 0.0005805 secs] 9153K->8590K(12764K), 0.0006299 secs]
34.206: [GC 34.206: [DefNew: 959K->63K(960K), 0.0005483 secs] 9486K->9128K(12764K), 0.0006001 secs]
34.217: [GC 34.217: [DefNew: 959K->63K(960K), 0.0005930 secs] 10024K->9463K(12764K), 0.0006421 secs]
34.227: [GC 34.227: [DefNew: 959K->63K(960K), 0.0008461 secs] 10359K->10048K(12764K), 0.0009149 secs]
34.240: [GC 34.240: [DefNew: 939K->64K(960K), 0.0006007 secs] 10924K->10352K(12764K), 0.0006565 secs]
34.251: [GC 34.251: [DefNew: 503K->63K(960K), 0.0005492 secs] 10791K->10464K(12764K), 0.0006001 secs]
34.259: [GC 34.259: [DefNew: 899K->63K(960K), 0.0009458 secs] 11299K->11013K(12764K), 0.0010091 secs]
34.273: [GC 34.274: [DefNew: 959K->63K(960K), 0.0006636 secs] 11909K->11323K(12764K), 0.0007138 secs]
34.281: [GC 34.281: [DefNew: 930K->63K(960K), 0.0006830 secs]34.282: [Tenured: 11821K->6777K(11932K), 0.0369699 secs] 12190K->6777K(12892K), 0.0377558 secs]
34.330: [GC 34.330: [DefNew: 886K->64K(960K), 0.0005452 secs] 7664K->7119K(12764K), 0.0005957 secs]
34.339: [GC 34.339: [DefNew: 960K->63K(960K), 0.0005404 secs] 8015K->7657K(12764K), 0.0005909 secs]
34.350: [GC 34.350: [DefNew: 959K->63K(960K), 0.0005891 secs] 8553K->7991K(12764K), 0.0006391 secs]
34.361: [GC 34.361: [DefNew: 959K->63K(960K), 0.0007516 secs] 8887K->8576K(12764K), 0.0008059 secs]
34.372: [GC 34.372: [DefNew: 957K->63K(960K), 0.0005651 secs] 9470K->8891K(12764K), 0.0006143 secs]
34.382: [GC 34.382: [DefNew: 481K->63K(960K), 0.0004936 secs] 9309K->8992K(12764K), 0.0005414 secs]
34.390: [GC 34.390: [DefNew: 903K->63K(960K), 0.0006731 secs] 9832K->9542K(12764K), 0.0007255 secs]
34.403: [GC 34.403: [DefNew: 959K->63K(960K), 0.0006625 secs] 10438K->9852K(12764K), 0.0007113 secs]
34.415: [GC 34.415: [DefNew: 945K->48K(960K), 0.0006100 secs] 10733K->10453K(12764K), 0.0006638 secs]
34.431: [GC 34.431: [DefNew: 944K->63K(960K), 0.0005697 secs] 11349K->10691K(12764K), 0.0006198 secs]
34.438: [GC 34.438: [DefNew: 959K->63K(960K), 0.0007840 secs] 11587K->10889K(12764K), 0.0008361 secs]
34.457: [GC 34.457: [DefNew: 959K->64K(960K), 0.0006837 secs] 11785K->11162K(12764K), 0.0007327 secs]
34.467: [GC 34.467: [DefNew: 960K->63K(960K), 0.0008509 secs] 12058K->11375K(12764K), 0.0009033 secs]
34.484: [GC 34.485: [DefNew: 915K->63K(960K), 0.0007642 secs] 12227K->11645K(12764K), 0.0008163 secs]
34.494: [GC 34.494: [DefNew: 959K->64K(960K), 0.0006313 secs] 12541K->11838K(12764K), 0.0006755 secs]
34.502: [GC 34.502: [DefNew: 948K->63K(960K), 0.0008411 secs]34.503: [Tenured: 11972K->2549K(12060K), 0.0325651 secs] 12722K->2549K(13020K), 0.0335359 secs]
34.554: [GC 34.554: [DefNew: 896K->64K(960K), 0.0005113 secs] 3445K->2841K(12764K), 0.0005596 secs]
34.562: [GC 34.562: [DefNew: 960K->64K(960K), 0.0007842 secs] 3737K->3040K(12764K), 0.0008351 secs]
34.581: [GC 34.581: [DefNew: 960K->63K(960K), 0.0007058 secs] 3936K->3312K(12764K), 0.0007625 secs]
34.591: [GC 34.591: [DefNew: 959K->63K(960K), 0.0008669 secs] 4208K->3526K(12764K), 0.0009176 secs]
34.606: [GC 34.606: [DefNew: 957K->64K(960K), 0.0007148 secs] 4420K->3785K(12764K), 0.0007659 secs]
34.618: [GC 34.618: [DefNew: 960K->64K(960K), 0.0006531 secs] 4681K->3995K(12764K), 0.0007024 secs]
34.624: [GC 34.624: [DefNew: 960K->63K(960K), 0.0007479 secs] 4891K->4179K(12764K), 0.0007928 secs]
34.645: [GC 34.645: [DefNew: 959K->64K(960K), 0.0006633 secs] 5075K->4466K(12764K), 0.0007129 secs]
34.653: [GC 34.653: [DefNew: 960K->63K(960K), 0.0007169 secs] 5362K->4665K(12764K), 0.0007634 secs]
34.672: [GC 34.672: [DefNew: 959K->63K(960K), 0.0006650 secs] 5561K->4937K(12764K), 0.0007167 secs]
34.681: [GC 34.681: [DefNew: 959K->64K(960K), 0.0007461 secs] 5833K->5151K(12764K), 0.0007919 secs]
34.694: [GC 34.694: [DefNew: 945K->64K(960K), 0.0007805 secs] 6032K->5389K(12764K), 0.0008319 secs]
34.708: [GC 34.708: [DefNew: 960K->63K(960K), 0.0007016 secs] 6285K->5617K(12764K), 0.0007496 secs]
34.714: [GC 34.714: [DefNew: 959K->64K(960K), 0.0006947 secs] 6513K->5801K(12764K), 0.0007401 secs]
34.735: [GC 34.735: [DefNew: 960K->64K(960K), 0.0006972 secs] 6697K->6088K(12764K), 0.0007466 secs]
34.743: [GC 34.743: [DefNew: 960K->64K(960K), 0.0007715 secs] 6984K->6286K(12764K), 0.0008200 secs]
34.753: [GC 34.753: [DefNew: 847K->64K(960K), 0.0008094 secs] 7069K->6479K(12764K), 0.0008605 secs]
34.764: [GC 34.764: [DefNew: 913K->64K(960K), 0.0007055 secs] 7328K->6843K(12764K), 0.0007574 secs]
34.773: [GC 34.773: [DefNew: 904K->63K(960K), 0.0006368 secs] 7684K->7393K(12764K), 0.0006888 secs]
34.786: [GC 34.786: [DefNew: 959K->64K(960K), 0.0006143 secs] 8289K->7702K(12764K), 0.0006627 secs]
34.794: [GC 34.794: [DefNew: 933K->63K(960K), 0.0006472 secs] 8571K->8265K(12764K), 0.0006965 secs]
34.807: [GC 34.807: [DefNew: 952K->63K(960K), 0.0006570 secs] 9153K->8590K(12764K), 0.0007104 secs]
34.816: [GC 34.817: [DefNew: 959K->63K(960K), 0.0005465 secs] 9486K->9128K(12764K), 0.0005968 secs]
34.827: [GC 34.827: [DefNew: 959K->64K(960K), 0.0005945 secs] 10024K->9463K(12764K), 0.0006439 secs]
34.837: [GC 34.837: [DefNew: 960K->64K(960K), 0.0007298 secs] 10359K->10048K(12764K), 0.0007832 secs]
34.849: [GC 34.849: [DefNew: 940K->63K(960K), 0.0005395 secs] 10924K->10352K(12764K), 0.0005874 secs]
34.859: [GC 34.859: [DefNew: 503K->64K(960K), 0.0006245 secs] 10792K->10464K(12764K), 0.0006765 secs]
34.867: [GC 34.867: [DefNew: 899K->63K(960K), 0.0007335 secs] 11300K->11013K(12764K), 0.0007882 secs]
34.880: [GC 34.880: [DefNew: 959K->63K(960K), 0.0006161 secs] 11909K->11323K(12764K), 0.0006652 secs]
34.888: [GC 34.888: [DefNew: 931K->63K(960K), 0.0007160 secs]34.889: [Tenured: 11821K->6777K(11932K), 0.0382890 secs] 12190K->6777K(12892K), 0.0391161 secs]
34.939: [GC 34.939: [DefNew: 896K->64K(960K), 0.0005318 secs] 7673K->7125K(12764K), 0.0005817 secs]
34.948: [GC 34.948: [DefNew: 959K->53K(960K), 0.0005723 secs] 8020K->7664K(12764K), 0.0006242 secs]
34.959: [GC 34.959: [DefNew: 949K->63K(960K), 0.0005719 secs] 8560K->7999K(12764K), 0.0006224 secs]
34.969: [GC 34.969: [DefNew: 959K->63K(960K), 0.0007278 secs] 8895K->8584K(12764K), 0.0007802 secs]
34.981: [GC 34.981: [DefNew: 954K->63K(960K), 0.0005410 secs] 9475K->8899K(12764K), 0.0005917 secs]
34.991: [GC 34.991: [DefNew: 482K->64K(960K), 0.0005154 secs] 9318K->9000K(12764K), 0.0005655 secs]
34.999: [GC 34.999: [DefNew: 898K->63K(960K), 0.0006793 secs] 9835K->9549K(12764K), 0.0007335 secs]
35.013: [GC 35.013: [DefNew: 959K->63K(960K), 0.0006225 secs] 10445K->9859K(12764K), 0.0006708 secs]
35.024: [GC 35.025: [DefNew: 941K->48K(960K), 0.0006034 secs] 10736K->10460K(12764K), 0.0006570 secs]
35.040: [GC 35.040: [DefNew: 944K->63K(960K), 0.0005762 secs] 11356K->10698K(12764K), 0.0006225 secs]
35.048: [GC 35.048: [DefNew: 959K->63K(960K), 0.0008101 secs] 11594K->10897K(12764K), 0.0008606 secs]
35.067: [GC 35.067: [DefNew: 959K->64K(960K), 0.0007390 secs] 11793K->11169K(12764K), 0.0007894 secs]
35.076: [GC 35.076: [DefNew: 960K->63K(960K), 0.0007800 secs] 12065K->11382K(12764K), 0.0008279 secs]
35.093: [GC 35.093: [DefNew: 915K->63K(960K), 0.0006964 secs] 12234K->11652K(12764K), 0.0007435 secs]
35.103: [GC 35.103: [DefNew: 959K->63K(960K), 0.0007079 secs] 12548K->11845K(12764K), 0.0007574 secs]
35.111: [GC 35.111: [DefNew: 947K->63K(960K), 0.0009833 secs]35.112: [Tenured: 11980K->2549K(12060K), 0.0328215 secs] 12729K->2549K(13020K), 0.0339207 secs]
35.163: [GC 35.163: [DefNew: 896K->64K(960K), 0.0005495 secs] 3445K->2841K(12764K), 0.0006000 secs]
35.170: [GC 35.170: [DefNew: 960K->63K(960K), 0.0007742 secs] 3737K->3040K(12764K), 0.0008240 secs]
35.190: [GC 35.190: [DefNew: 959K->63K(960K), 0.0006247 secs] 3936K->3313K(12764K), 0.0006755 secs]
35.199: [GC 35.199: [DefNew: 959K->63K(960K), 0.0007760 secs] 4209K->3527K(12764K), 0.0008222 secs]
35.214: [GC 35.215: [DefNew: 958K->64K(960K), 0.0007727 secs] 4421K->3785K(12764K), 0.0008242 secs]
35.226: [GC 35.226: [DefNew: 960K->63K(960K), 0.0006651 secs] 4681K->3995K(12764K), 0.0007113 secs]
35.232: [GC 35.232: [DefNew: 959K->63K(960K), 0.0007600 secs] 4891K->4179K(12764K), 0.0008055 secs]
35.253: [GC 35.253: [DefNew: 959K->63K(960K), 0.0006234 secs] 5075K->4467K(12764K), 0.0006726 secs]
35.261: [GC 35.261: [DefNew: 959K->63K(960K), 0.0007131 secs] 5363K->4666K(12764K), 0.0007614 secs]
35.280: [GC 35.280: [DefNew: 959K->63K(960K), 0.0006537 secs] 5562K->4938K(12764K), 0.0007048 secs]
35.289: [GC 35.289: [DefNew: 959K->64K(960K), 0.0007405 secs] 5834K->5151K(12764K), 0.0007863 secs]
35.303: [GC 35.303: [DefNew: 932K->64K(960K), 0.0008157 secs] 6020K->5389K(12764K), 0.0008713 secs]
35.316: [GC 35.316: [DefNew: 960K->64K(960K), 0.0006773 secs] 6285K->5617K(12764K), 0.0007243 secs]
35.322: [GC 35.322: [DefNew: 960K->63K(960K), 0.0006800 secs] 6513K->5800K(12764K), 0.0007248 secs]
35.343: [GC 35.343: [DefNew: 959K->63K(960K), 0.0007078 secs] 6696K->6088K(12764K), 0.0007564 secs]
35.351: [GC 35.351: [DefNew: 959K->63K(960K), 0.0007845 secs] 6984K->6286K(12764K), 0.0008318 secs]
35.360: [GC 35.360: [DefNew: 845K->64K(960K), 0.0007980 secs] 7068K->6479K(12764K), 0.0008484 secs]
35.372: [GC 35.372: [DefNew: 912K->63K(960K), 0.0007189 secs] 7328K->6843K(12764K), 0.0007718 secs]
35.380: [GC 35.380: [DefNew: 904K->63K(960K), 0.0006628 secs] 7684K->7393K(12764K), 0.0007151 secs]
35.393: [GC 35.393: [DefNew: 959K->64K(960K), 0.0006236 secs] 8289K->7702K(12764K), 0.0006719 secs]
35.401: [GC 35.401: [DefNew: 932K->63K(960K), 0.0006216 secs] 8571K->8265K(12764K), 0.0006713 secs]
35.412: [GC 35.412: [DefNew: 951K->63K(960K), 0.0006047 secs] 9153K->8590K(12764K), 0.0006569 secs]
35.423: [GC 35.423: [DefNew: 959K->63K(960K), 0.0005810 secs] 9486K->9128K(12764K), 0.0006324 secs]
35.433: [GC 35.433: [DefNew: 959K->63K(960K), 0.0005887 secs] 10024K->9462K(12764K), 0.0006380 secs]
35.443: [GC 35.444: [DefNew: 959K->64K(960K), 0.0007531 secs] 10358K->10047K(12764K), 0.0008052 secs]
35.455: [GC 35.455: [DefNew: 938K->63K(960K), 0.0005643 secs] 10922K->10352K(12764K), 0.0006150 secs]
35.464: [GC 35.464: [DefNew: 501K->64K(960K), 0.0005439 secs] 10790K->10463K(12764K), 0.0005937 secs]
35.473: [GC 35.473: [DefNew: 899K->64K(960K), 0.0007042 secs] 11298K->11013K(12764K), 0.0007575 secs]
35.487: [GC 35.487: [DefNew: 960K->63K(960K), 0.0006235 secs] 11909K->11323K(12764K), 0.0006759 secs]
35.495: [GC 35.495: [DefNew: 931K->63K(960K), 0.0007117 secs]35.496: [Tenured: 11821K->6777K(11932K), 0.0369853 secs] 12190K->6777K(12892K), 0.0378027 secs]
35.544: [GC 35.544: [DefNew: 896K->63K(960K), 0.0005296 secs] 7673K->7125K(12764K), 0.0005788 secs]
35.554: [GC 35.554: [DefNew: 959K->53K(960K), 0.0005566 secs] 8021K->7664K(12764K), 0.0006085 secs]
35.565: [GC 35.565: [DefNew: 949K->63K(960K), 0.0007365 secs] 8560K->7998K(12764K), 0.0007932 secs]
35.576: [GC 35.576: [DefNew: 959K->63K(960K), 0.0007068 secs] 8894K->8583K(12764K), 0.0007606 secs]
35.587: [GC 35.587: [DefNew: 951K->64K(960K), 0.0005332 secs] 9470K->8898K(12764K), 0.0005860 secs]
35.597: [GC 35.597: [DefNew: 485K->64K(960K), 0.0005118 secs] 9320K->8999K(12764K), 0.0005605 secs]
35.605: [GC 35.605: [DefNew: 903K->63K(960K), 0.0007896 secs] 9839K->9549K(12764K), 0.0008506 secs]
35.619: [GC 35.619: [DefNew: 959K->63K(960K), 0.0006756 secs] 10445K->9859K(12764K), 0.0007269 secs]
35.631: [GC 35.631: [DefNew: 941K->48K(960K), 0.0006797 secs] 10736K->10460K(12764K), 0.0007346 secs]
35.646: [GC 35.646: [DefNew: 944K->63K(960K), 0.0006319 secs] 11356K->10698K(12764K), 0.0006839 secs]
35.654: [GC 35.654: [DefNew: 959K->64K(960K), 0.0007759 secs] 11594K->10896K(12764K), 0.0008237 secs]
35.673: [GC 35.673: [DefNew: 960K->63K(960K), 0.0007076 secs] 11792K->11169K(12764K), 0.0007574 secs]
35.683: [GC 35.683: [DefNew: 959K->63K(960K), 0.0008279 secs] 12065K->11382K(12764K), 0.0008795 secs]
35.701: [GC 35.701: [DefNew: 918K->63K(960K), 0.0007399 secs] 12236K->11652K(12764K), 0.0007903 secs]
35.710: [GC 35.710: [DefNew: 959K->64K(960K), 0.0006475 secs] 12548K->11845K(12764K), 0.0006944 secs]
35.718: [GC 35.718: [DefNew: 940K->63K(960K), 0.0008411 secs]35.719: [Tenured: 11980K->2549K(12060K), 0.0334115 secs] 12722K->2549K(13020K), 0.0343654 secs]
35.770: [GC 35.770: [DefNew: 896K->63K(960K), 0.0005463 secs] 3445K->2841K(12764K), 0.0005955 secs]
35.778: [GC 35.778: [DefNew: 959K->64K(960K), 0.0007177 secs] 3737K->3040K(12764K), 0.0007664 secs]
35.798: [GC 35.798: [DefNew: 960K->63K(960K), 0.0007380 secs] 3936K->3313K(12764K), 0.0007986 secs]
35.807: [GC 35.807: [DefNew: 959K->63K(960K), 0.0007874 secs] 4209K->3527K(12764K), 0.0008376 secs]
35.823: [GC 35.823: [DefNew: 958K->64K(960K), 0.0008002 secs] 4421K->3785K(12764K), 0.0008537 secs]
35.834: [GC 35.834: [DefNew: 960K->63K(960K), 0.0008051 secs] 4681K->3995K(12764K), 0.0008577 secs]
35.840: [GC 35.840: [DefNew: 959K->63K(960K), 0.0007496 secs] 4891K->4179K(12764K), 0.0007943 secs]
35.861: [GC 35.861: [DefNew: 959K->63K(960K), 0.0006561 secs] 5075K->4466K(12764K), 0.0007047 secs]
35.869: [GC 35.869: [DefNew: 959K->63K(960K), 0.0008116 secs] 5362K->4665K(12764K), 0.0008653 secs]
35.888: [GC 35.888: [DefNew: 959K->63K(960K), 0.0006427 secs] 5561K->4937K(12764K), 0.0006906 secs]
35.898: [GC 35.898: [DefNew: 959K->64K(960K), 0.0007307 secs] 5833K->5151K(12764K), 0.0007755 secs]
35.911: [GC 35.911: [DefNew: 945K->64K(960K), 0.0007974 secs] 6032K->5389K(12764K), 0.0008498 secs]
35.926: [GC 35.926: [DefNew: 960K->63K(960K), 0.0007152 secs] 6285K->5617K(12764K), 0.0007642 secs]
35.932: [GC 35.932: [DefNew: 959K->63K(960K), 0.0007080 secs] 6513K->5800K(12764K), 0.0007535 secs]
35.953: [GC 35.953: [DefNew: 959K->63K(960K), 0.0006726 secs] 6696K->6088K(12764K), 0.0007205 secs]
35.961: [GC 35.961: [DefNew: 959K->63K(960K), 0.0007817 secs] 6984K->6286K(12764K), 0.0008321 secs]
35.970: [GC 35.970: [DefNew: 857K->64K(960K), 0.0008577 secs] 7080K->6479K(12764K), 0.0009140 secs]
35.982: [GC 35.982: [DefNew: 914K->64K(960K), 0.0006816 secs] 7330K->6843K(12764K), 0.0007335 secs]
35.990: [GC 35.990: [DefNew: 905K->63K(960K), 0.0006203 secs] 7685K->7393K(12764K), 0.0006736 secs]
36.004: [GC 36.004: [DefNew: 959K->63K(960K), 0.0006315 secs] 8289K->7702K(12764K), 0.0006821 secs]
36.012: [GC 36.012: [DefNew: 933K->63K(960K), 0.0006466 secs] 8572K->8265K(12764K), 0.0006981 secs]
36.023: [GC 36.023: [DefNew: 952K->63K(960K), 0.0006617 secs] 9154K->8590K(12764K), 0.0007262 secs]
36.033: [GC 36.033: [DefNew: 957K->61K(960K), 0.0007646 secs] 9484K->9126K(12764K), 0.0008187 secs]
36.044: [GC 36.044: [DefNew: 957K->64K(960K), 0.0006260 secs] 10022K->9462K(12764K), 0.0006778 secs]
36.055: [GC 36.055: [DefNew: 960K->64K(960K), 0.0007736 secs] 10358K->10047K(12764K), 0.0008285 secs]
36.067: [GC 36.067: [DefNew: 944K->63K(960K), 0.0005724 secs] 10927K->10351K(12764K), 0.0006240 secs]
36.076: [GC 36.076: [DefNew: 502K->63K(960K), 0.0005458 secs] 10789K->10463K(12764K), 0.0005950 secs]
36.084: [GC 36.084: [DefNew: 898K->64K(960K), 0.0006742 secs] 11298K->11012K(12764K), 0.0007263 secs]
36.097: [GC 36.097: [DefNew: 960K->63K(960K), 0.0006177 secs] 11908K->11322K(12764K), 0.0006679 secs]
36.105: [GC 36.105: [DefNew: 932K->63K(960K), 0.0006899 secs]36.106: [Tenured: 11820K->6777K(11932K), 0.0365340 secs] 12190K->6777K(12892K), 0.0373364 secs]
36.154: [GC 36.154: [DefNew: 896K->63K(960K), 0.0005488 secs] 7673K->7125K(12764K), 0.0005982 secs]
36.163: [GC 36.163: [DefNew: 954K->53K(960K), 0.0005748 secs] 8015K->7665K(12764K), 0.0006252 secs]
36.175: [GC 36.176: [DefNew: 949K->63K(960K), 0.0005558 secs] 8561K->7999K(12764K), 0.0006055 secs]
36.186: [GC 36.186: [DefNew: 959K->63K(960K), 0.0007190 secs] 8895K->8584K(12764K), 0.0007720 secs]
36.197: [GC 36.197: [DefNew: 950K->64K(960K), 0.0005427 secs] 9470K->8899K(12764K), 0.0005951 secs]
36.206: [GC 36.206: [DefNew: 482K->63K(960K), 0.0005070 secs] 9317K->9000K(12764K), 0.0005561 secs]
36.215: [GC 36.215: [DefNew: 903K->63K(960K), 0.0007338 secs] 9840K->9549K(12764K), 0.0007912 secs]
36.228: [GC 36.228: [DefNew: 959K->63K(960K), 0.0006126 secs] 10445K->9859K(12764K), 0.0006618 secs]
"Elapsed time: 34713.75854 msecs"
(used:10M/2M [12M,31M ])
36.241: [GC 36.241: [DefNew: 953K->48K(960K), 0.0007503 secs] 10749K->10460K(12764K), 0.0008042 secs]
36.254: [GC 36.254: [DefNew: 944K->64K(960K), 0.0006582 secs] 11356K->10663K(12764K), 0.0007068 secs]
36.266: [GC 36.266: [DefNew: 960K->63K(960K), 0.0007968 secs] 11559K->10873K(12764K), 0.0008497 secs]
36.284: [GC 36.284: [DefNew: 943K->63K(960K), 0.0007130 secs] 11753K->11140K(12764K), 0.0007696 secs]
36.295: [GC 36.295: [DefNew: 959K->64K(960K), 0.0007769 secs] 12036K->11333K(12764K), 0.0008290 secs]
36.309: [GC 36.309: [DefNew: 954K->64K(960K), 0.0007966 secs] 12223K->11560K(12764K), 0.0008481 secs]
36.325: [GC 36.325: [DefNew: 933K->63K(960K), 0.0006638 secs] 12429K->11844K(12764K), 0.0007145 secs]
36.336: [GC 36.336: [DefNew: 959K->64K(960K), 0.0008053 secs]36.337: [Tenured: 11982K->2503K(12060K), 0.0328267 secs] 12740K->2503K(13020K), 0.0337569 secs]
36.379: [GC 36.379: [DefNew: 872K->64K(960K), 0.0004899 secs] 3376K->2584K(12764K), 0.0005389 secs]
36.389: [GC 36.389: [DefNew: 832K->50K(960K), 0.0004401 secs] 3353K->2673K(12764K), 0.0004861 secs]
36.398: [GC 36.398: [DefNew: 946K->64K(960K), 0.0003375 secs] 3569K->2691K(12764K), 0.0003853 secs]
36.407: [GC 36.407: [DefNew: 956K->13K(960K), 0.0003010 secs] 3584K->2641K(12764K), 0.0003498 secs]
36.418: [GC 36.418: [DefNew: 886K->50K(960K), 0.0003582 secs] 3514K->2755K(12764K), 0.0004067 secs]
36.428: [GC 36.428: [DefNew: 946K->64K(960K), 0.0003409 secs] 3651K->2774K(12764K), 0.0003885 secs]
36.441: [GC 36.441: [DefNew: 960K->63K(960K), 0.0003803 secs] 3670K->2861K(12764K), 0.0004256 secs]
36.457: [GC 36.457: [DefNew: 942K->63K(960K), 0.0006409 secs] 3739K->3111K(12764K), 0.0006914 secs]
36.469: [GC 36.469: [DefNew: 959K->64K(960K), 0.0006534 secs] 4007K->3318K(12764K), 0.0007019 secs]
36.481: [GC 36.481: [DefNew: 960K->63K(960K), 0.0006575 secs] 4214K->3528K(12764K), 0.0007058 secs]
36.499: [GC 36.499: [DefNew: 920K->63K(960K), 0.0006280 secs] 4385K->3791K(12764K), 0.0006788 secs]
36.510: [GC 36.510: [DefNew: 959K->63K(960K), 0.0006229 secs] 4687K->3983K(12764K), 0.0006729 secs]
36.523: [GC 36.523: [DefNew: 948K->64K(960K), 0.0007436 secs] 4868K->4211K(12764K), 0.0007957 secs]
36.535: [GC 36.535: [DefNew: 949K->64K(960K), 0.0006951 secs] 5096K->4429K(12764K), 0.0007457 secs]
36.544: [GC 36.544: [DefNew: 951K->23K(960K), 0.0003660 secs] 5316K->4542K(12764K), 0.0004233 secs]
36.555: [GC 36.555: [DefNew: 859K->50K(960K), 0.0003698 secs] 5378K->4646K(12764K), 0.0004196 secs]
36.564: [GC 36.564: [DefNew: 946K->63K(960K), 0.0003410 secs] 5542K->4665K(12764K), 0.0003874 secs]
36.573: [GC 36.573: [DefNew: 955K->13K(960K), 0.0003009 secs] 5556K->4615K(12764K), 0.0003502 secs]
36.584: [GC 36.584: [DefNew: 883K->50K(960K), 0.0003732 secs] 5485K->4729K(12764K), 0.0004224 secs]
36.599: [GC 36.599: [DefNew: 938K->48K(960K), 0.0002471 secs] 5617K->4775K(12764K), 0.0002948 secs]
36.609: [GC 36.609: [DefNew: 944K->64K(960K), 0.0006452 secs] 5671K->4967K(12764K), 0.0006973 secs]
36.622: [GC 36.622: [DefNew: 950K->64K(960K), 0.0006080 secs] 5853K->5195K(12764K), 0.0006545 secs]
36.638: [GC 36.638: [DefNew: 938K->63K(960K), 0.0006270 secs] 6069K->5479K(12764K), 0.0006786 secs]
36.649: [GC 36.649: [DefNew: 959K->63K(960K), 0.0006359 secs] 6375K->5680K(12764K), 0.0006831 secs]
36.664: [GC 36.664: [DefNew: 952K->63K(960K), 0.0007818 secs] 6569K->5923K(12764K), 0.0008406 secs]
36.679: [GC 36.679: [DefNew: 959K->63K(960K), 0.0006344 secs] 6819K->6141K(12764K), 0.0006893 secs]
36.694: [GC 36.694: [DefNew: 959K->63K(960K), 0.0009972 secs] 7037K->6351K(12764K), 0.0010752 secs]
36.707: [GC 36.707: [DefNew: 959K->64K(960K), 0.0004617 secs] 7247K->6453K(12764K), 0.0005097 secs]
36.716: [GC 36.716: [DefNew: 960K->37K(960K), 0.0002832 secs] 7349K->6427K(12764K), 0.0003294 secs]
36.725: [GC 36.725: [DefNew: 826K->50K(960K), 0.0003518 secs] 7216K->6517K(12764K), 0.0004002 secs]
36.734: [GC 36.735: [DefNew: 946K->63K(960K), 0.0003994 secs] 7413K->6536K(12764K), 0.0004490 secs]
36.744: [GC 36.744: [DefNew: 955K->13K(960K), 0.0002784 secs] 7427K->6486K(12764K), 0.0003272 secs]
36.755: [GC 36.755: [DefNew: 882K->50K(960K), 0.0003722 secs] 7355K->6600K(12764K), 0.0004218 secs]
36.769: [GC 36.769: [DefNew: 933K->63K(960K), 0.0004418 secs] 7483K->6762K(12764K), 0.0004880 secs]
36.784: [GC 36.784: [DefNew: 959K->63K(960K), 0.0006444 secs] 7658K->6980K(12764K), 0.0006956 secs]
36.795: [GC 36.795: [DefNew: 959K->63K(960K), 0.0006866 secs] 7876K->7190K(12764K), 0.0007342 secs]
36.812: [GC 36.812: [DefNew: 944K->63K(960K), 0.0005806 secs] 8070K->7441K(12764K), 0.0006260 secs]
36.825: [GC 36.825: [DefNew: 959K->64K(960K), 0.0006181 secs] 8337K->7649K(12764K), 0.0006668 secs]
36.836: [GC 36.836: [DefNew: 960K->63K(960K), 0.0007991 secs] 8545K->7859K(12764K), 0.0008540 secs]
36.854: [GC 36.854: [DefNew: 925K->63K(960K), 0.0006358 secs] 8720K->8121K(12764K), 0.0006856 secs]
36.862: [GC 36.862: [DefNew: 900K->64K(960K), 0.0006177 secs] 8957K->8316K(12764K), 0.0006666 secs]
36.872: [GC 36.872: [DefNew: 960K->64K(960K), 0.0003442 secs] 9212K->8335K(12764K), 0.0003880 secs]
36.881: [GC 36.881: [DefNew: 958K->13K(960K), 0.0002842 secs] 9229K->8285K(12764K), 0.0003344 secs]
36.892: [GC 36.892: [DefNew: 889K->50K(960K), 0.0003934 secs] 9161K->8399K(12764K), 0.0004438 secs]
36.902: [GC 36.902: [DefNew: 946K->63K(960K), 0.0002982 secs] 9295K->8418K(12764K), 0.0003424 secs]
36.911: [GC 36.911: [DefNew: 954K->13K(960K), 0.0003140 secs] 9308K->8368K(12764K), 0.0003617 secs]
36.926: [GC 36.926: [DefNew: 909K->63K(960K), 0.0003605 secs] 9264K->8471K(12764K), 0.0004104 secs]
36.937: [GC 36.937: [DefNew: 959K->64K(960K), 0.0006349 secs] 9367K->8682K(12764K), 0.0006815 secs]
36.955: [GC 36.955: [DefNew: 914K->63K(960K), 0.0006131 secs] 9532K->8943K(12764K), 0.0006653 secs]
36.965: [GC 36.965: [DefNew: 959K->64K(960K), 0.0006085 secs] 9839K->9135K(12764K), 0.0006563 secs]
36.978: [GC 36.978: [DefNew: 951K->64K(960K), 0.0006835 secs] 10023K->9363K(12764K), 0.0007344 secs]
36.994: [GC 36.995: [DefNew: 938K->63K(960K), 0.0005866 secs] 10237K->9647K(12764K), 0.0006367 secs]
37.006: [GC 37.006: [DefNew: 959K->63K(960K), 0.0006747 secs] 10543K->9848K(12764K), 0.0007234 secs]
37.018: [GC 37.018: [DefNew: 949K->63K(960K), 0.0006558 secs] 10734K->10066K(12764K), 0.0007043 secs]
37.029: [GC 37.029: [DefNew: 901K->50K(960K), 0.0004072 secs] 10903K->10174K(12764K), 0.0004540 secs]
37.038: [GC 37.038: [DefNew: 946K->63K(960K), 0.0003059 secs] 11070K->10193K(12764K), 0.0003613 secs]
37.047: [GC 37.047: [DefNew: 956K->13K(960K), 0.0003188 secs] 11086K->10143K(12764K), 0.0003666 secs]
37.058: [GC 37.058: [DefNew: 885K->50K(960K), 0.0003589 secs] 11015K->10257K(12764K), 0.0004047 secs]
37.068: [GC 37.068: [DefNew: 946K->63K(960K), 0.0003112 secs] 11153K->10276K(12764K), 0.0003582 secs]
37.078: [GC 37.078: [DefNew: 941K->24K(960K), 0.0002555 secs] 11154K->10236K(12764K), 0.0003041 secs]
37.094: [GC 37.094: [DefNew: 893K->64K(960K), 0.0005334 secs] 11105K->10520K(12764K), 0.0005816 secs]
37.105: [GC 37.105: [DefNew: 960K->63K(960K), 0.0006197 secs] 11416K->10722K(12764K), 0.0006654 secs]
37.120: [GC 37.120: [DefNew: 955K->63K(960K), 0.0006564 secs] 11613K->10964K(12764K), 0.0007091 secs]
37.134: [GC 37.134: [DefNew: 959K->63K(960K), 0.0005962 secs] 11860K->11182K(12764K), 0.0006445 secs]
37.145: [GC 37.145: [DefNew: 959K->63K(960K), 0.0006743 secs] 12078K->11392K(12764K), 0.0007212 secs]
37.161: [GC 37.161: [DefNew: 946K->63K(960K), 0.0005835 secs] 12275K->11644K(12764K), 0.0006293 secs]
37.174: [GC 37.174: [DefNew: 959K->63K(960K), 0.0006658 secs] 12540K->11851K(12764K), 0.0007185 secs]
37.183: [GC 37.183: [DefNew: 959K->63K(960K), 0.0006392 secs]37.184: [Tenured: 11872K->2599K(11932K), 0.0330855 secs] 12747K->2599K(12892K), 0.0338496 secs]
37.226: [GC 37.226: [DefNew: 800K->63K(960K), 0.0004276 secs] 3399K->2907K(12568K), 0.0004757 secs]
37.236: [GC 37.236: [DefNew: 959K->63K(960K), 0.0003214 secs] 3803K->2939K(12568K), 0.0003686 secs]
37.245: [GC 37.245: [DefNew: 957K->13K(960K), 0.0002775 secs] 3833K->2888K(12568K), 0.0003231 secs]
37.256: [GC 37.256: [DefNew: 889K->50K(960K), 0.0003255 secs] 3764K->3003K(12568K), 0.0003754 secs]
37.265: [GC 37.265: [DefNew: 946K->63K(960K), 0.0003644 secs] 3899K->3022K(12568K), 0.0004233 secs]
37.279: [GC 37.279: [DefNew: 959K->63K(960K), 0.0004426 secs] 3918K->3108K(12568K), 0.0004935 secs]
37.297: [GC 37.297: [DefNew: 959K->63K(960K), 0.0006074 secs] 4003K->3382K(12568K), 0.0006578 secs]
37.308: [GC 37.308: [DefNew: 959K->64K(960K), 0.0006114 secs] 4278K->3570K(12568K), 0.0006617 secs]
37.320: [GC 37.320: [DefNew: 956K->63K(960K), 0.0006415 secs] 4463K->3778K(12568K), 0.0006931 secs]
37.338: [GC 37.338: [DefNew: 957K->63K(960K), 0.0005893 secs] 4671K->4086K(12568K), 0.0006385 secs]
37.349: [GC 37.349: [DefNew: 959K->63K(960K), 0.0005958 secs] 4982K->4287K(12568K), 0.0006412 secs]
37.363: [GC 37.363: [DefNew: 949K->63K(960K), 0.0006614 secs] 5173K->4530K(12568K), 0.0007108 secs]
37.374: [GC 37.374: [DefNew: 929K->63K(960K), 0.0006155 secs] 5395K->4733K(12568K), 0.0006614 secs]
37.383: [GC 37.384: [DefNew: 959K->37K(960K), 0.0003306 secs] 5629K->4709K(12568K), 0.0003927 secs]
37.393: [GC 37.393: [DefNew: 829K->50K(960K), 0.0003242 secs] 5501K->4799K(12568K), 0.0003737 secs]
37.402: [GC 37.402: [DefNew: 946K->63K(960K), 0.0003237 secs] 5695K->4818K(12568K), 0.0003680 secs]
37.411: [GC 37.411: [DefNew: 954K->13K(960K), 0.0002667 secs] 5709K->4767K(12568K), 0.0003195 secs]
37.422: [GC 37.422: [DefNew: 884K->50K(960K), 0.0003257 secs] 5638K->4882K(12568K), 0.0003725 secs]
37.436: [GC 37.436: [DefNew: 932K->48K(960K), 0.0002560 secs] 5763K->4927K(12568K), 0.0003062 secs]
37.447: [GC 37.447: [DefNew: 944K->63K(960K), 0.0005674 secs] 5823K->5120K(12568K), 0.0006167 secs]
37.460: [GC 37.460: [DefNew: 952K->64K(960K), 0.0006233 secs] 6009K->5347K(12568K), 0.0006690 secs]
37.476: [GC 37.476: [DefNew: 939K->63K(960K), 0.0005796 secs] 6222K->5631K(12568K), 0.0006270 secs]
37.487: [GC 37.487: [DefNew: 959K->63K(960K), 0.0006619 secs] 6527K->5833K(12568K), 0.0007107 secs]
37.502: [GC 37.502: [DefNew: 952K->63K(960K), 0.0006712 secs] 6722K->6075K(12568K), 0.0007220 secs]
37.516: [GC 37.516: [DefNew: 959K->63K(960K), 0.0005789 secs] 6971K->6294K(12568K), 0.0006251 secs]
37.527: [GC 37.527: [DefNew: 959K->63K(960K), 0.0006612 secs] 7190K->6504K(12568K), 0.0007084 secs]
37.538: [GC 37.538: [DefNew: 959K->64K(960K), 0.0004908 secs] 7400K->6606K(12568K), 0.0005405 secs]
37.548: [GC 37.548: [DefNew: 960K->37K(960K), 0.0003045 secs] 7502K->6580K(12568K), 0.0003645 secs]
37.557: [GC 37.557: [DefNew: 827K->50K(960K), 0.0003147 secs] 7369K->6670K(12568K), 0.0003599 secs]
37.567: [GC 37.567: [DefNew: 946K->63K(960K), 0.0003488 secs] 7566K->6689K(12568K), 0.0003972 secs]
37.576: [GC 37.576: [DefNew: 955K->13K(960K), 0.0002602 secs] 7580K->6638K(12568K), 0.0003059 secs]
37.586: [GC 37.586: [DefNew: 883K->50K(960K), 0.0003688 secs] 7508K->6753K(12568K), 0.0004173 secs]
37.600: [GC 37.600: [DefNew: 937K->63K(960K), 0.0004424 secs] 7639K->6914K(12568K), 0.0004887 secs]
37.614: [GC 37.615: [DefNew: 959K->63K(960K), 0.0005706 secs] 7810K->7132K(12568K), 0.0006181 secs]
37.625: [GC 37.626: [DefNew: 959K->64K(960K), 0.0006508 secs] 8028K->7343K(12568K), 0.0006973 secs]
37.642: [GC 37.642: [DefNew: 944K->63K(960K), 0.0006569 secs] 8224K->7594K(12568K), 0.0007073 secs]
37.655: [GC 37.655: [DefNew: 959K->64K(960K), 0.0006667 secs] 8490K->7802K(12568K), 0.0007163 secs]
37.666: [GC 37.666: [DefNew: 960K->64K(960K), 0.0006397 secs] 8698K->8012K(12568K), 0.0006851 secs]
37.684: [GC 37.684: [DefNew: 923K->63K(960K), 0.0006683 secs] 8872K->8274K(12568K), 0.0007191 secs]
37.692: [GC 37.692: [DefNew: 905K->63K(960K), 0.0006229 secs] 9116K->8469K(12568K), 0.0006738 secs]
37.701: [GC 37.701: [DefNew: 959K->63K(960K), 0.0003275 secs] 9365K->8488K(12568K), 0.0003731 secs]
37.710: [GC 37.710: [DefNew: 957K->13K(960K), 0.0002630 secs] 9382K->8437K(12568K), 0.0003080 secs]
37.721: [GC 37.721: [DefNew: 886K->50K(960K), 0.0003659 secs] 9311K->8552K(12568K), 0.0004117 secs]
37.730: [GC 37.730: [DefNew: 946K->63K(960K), 0.0002917 secs] 9448K->8571K(12568K), 0.0003349 secs]
37.739: [GC 37.740: [DefNew: 955K->13K(960K), 0.0003158 secs] 9462K->8520K(12568K), 0.0003648 secs]
37.753: [GC 37.753: [DefNew: 909K->63K(960K), 0.0003055 secs] 9416K->8624K(12568K), 0.0003494 secs]
37.764: [GC 37.764: [DefNew: 959K->64K(960K), 0.0006659 secs] 9520K->8835K(12568K), 0.0007138 secs]
37.782: [GC 37.783: [DefNew: 914K->63K(960K), 0.0007058 secs] 9685K->9095K(12568K), 0.0007640 secs]
37.793: [GC 37.793: [DefNew: 959K->64K(960K), 0.0006051 secs] 9991K->9288K(12568K), 0.0006537 secs]
37.806: [GC 37.806: [DefNew: 951K->64K(960K), 0.0006505 secs] 10176K->9515K(12568K), 0.0006995 secs]
37.822: [GC 37.822: [DefNew: 938K->63K(960K), 0.0006048 secs] 10390K->9799K(12568K), 0.0006565 secs]
37.833: [GC 37.833: [DefNew: 959K->63K(960K), 0.0006372 secs] 10695K->10001K(12568K), 0.0006846 secs]
37.845: [GC 37.845: [DefNew: 952K->63K(960K), 0.0006684 secs] 10890K->10218K(12568K), 0.0007185 secs]
37.856: [GC 37.856: [DefNew: 900K->50K(960K), 0.0004180 secs] 11055K->10327K(12568K), 0.0004652 secs]
37.865: [GC 37.865: [DefNew: 946K->63K(960K), 0.0003677 secs] 11223K->10346K(12568K), 0.0004165 secs]
37.875: [GC 37.875: [DefNew: 955K->13K(960K), 0.0003298 secs] 11238K->10296K(12568K), 0.0003798 secs]
37.886: [GC 37.886: [DefNew: 885K->50K(960K), 0.0003890 secs] 11168K->10410K(12568K), 0.0004432 secs]
37.895: [GC 37.895: [DefNew: 946K->64K(960K), 0.0003180 secs] 11306K->10429K(12568K), 0.0003647 secs]
37.905: [GC 37.905: [DefNew: 947K->24K(960K), 0.0002527 secs] 11313K->10389K(12568K), 0.0003011 secs]
37.921: [GC 37.921: [DefNew: 895K->64K(960K), 0.0005958 secs] 11260K->10673K(12568K), 0.0006473 secs]
37.932: [GC 37.932: [DefNew: 960K->64K(960K), 0.0006801 secs] 11569K->10875K(12568K), 0.0007307 secs]
37.947: [GC 37.947: [DefNew: 957K->63K(960K), 0.0006581 secs] 11768K->11117K(12568K), 0.0007096 secs]
37.961: [GC 37.961: [DefNew: 959K->63K(960K), 0.0005639 secs] 12013K->11336K(12568K), 0.0006087 secs]
37.972: [GC 37.972: [DefNew: 959K->63K(960K), 0.0006488 secs] 12232K->11546K(12568K), 0.0006943 secs]
37.989: [GC 37.989: [DefNew: 946K->63K(960K), 0.0006961 secs]37.990: [Tenured: 11733K->2308K(11736K), 0.0319127 secs] 12429K->2308K(12696K), 0.0328257 secs]
38.034: [GC 38.034: [DefNew: 747K->64K(832K), 0.0005367 secs] 3055K->2592K(10952K), 0.0005842 secs]
38.040: [GC 38.040: [DefNew: 766K->64K(832K), 0.0005654 secs] 3294K->2747K(10952K), 0.0006117 secs]
38.048: [GC 38.048: [DefNew: 683K->50K(832K), 0.0003306 secs] 3366K->2813K(10952K), 0.0003781 secs]
38.055: [GC 38.055: [DefNew: 811K->23K(832K), 0.0002369 secs] 3574K->2786K(10952K), 0.0002806 secs]
38.064: [GC 38.064: [DefNew: 771K->63K(832K), 0.0003291 secs] 3534K->2850K(10952K), 0.0003781 secs]
38.071: [GC 38.071: [DefNew: 688K->50K(832K), 0.0003588 secs] 3474K->2914K(10952K), 0.0004106 secs]
38.079: [GC 38.079: [DefNew: 808K->23K(832K), 0.0002756 secs] 3672K->2887K(10952K), 0.0003286 secs]
38.088: [GC 38.088: [DefNew: 774K->63K(832K), 0.0003235 secs] 3638K->2951K(10952K), 0.0003722 secs]
38.095: [GC 38.095: [DefNew: 686K->50K(832K), 0.0003631 secs] 3573K->3015K(10952K), 0.0004104 secs]
38.105: [GC 38.105: [DefNew: 818K->63K(832K), 0.0003718 secs] 3783K->3121K(10952K), 0.0004132 secs]
38.117: [GC 38.117: [DefNew: 809K->64K(832K), 0.0004993 secs] 3867K->3317K(10952K), 0.0005444 secs]
38.131: [GC 38.131: [DefNew: 814K->63K(832K), 0.0005821 secs] 4068K->3529K(10952K), 0.0006314 secs]
38.143: [GC 38.143: [DefNew: 812K->64K(832K), 0.0005436 secs] 4277K->3765K(10952K), 0.0005887 secs]
38.153: [GC 38.153: [DefNew: 832K->63K(832K), 0.0005178 secs] 4533K->3943K(10952K), 0.0005610 secs]
38.164: [GC 38.164: [DefNew: 831K->63K(832K), 0.0005838 secs] 4711K->4129K(10952K), 0.0006308 secs]
38.175: [GC 38.175: [DefNew: 831K->63K(832K), 0.0005939 secs] 4897K->4315K(10952K), 0.0006425 secs]
38.187: [GC 38.187: [DefNew: 819K->64K(832K), 0.0005734 secs] 5070K->4513K(10952K), 0.0006231 secs]
38.198: [GC 38.198: [DefNew: 816K->63K(832K), 0.0005502 secs] 5265K->4697K(10952K), 0.0005993 secs]
38.207: [GC 38.207: [DefNew: 831K->50K(832K), 0.0003799 secs] 5465K->4780K(10952K), 0.0004292 secs]
38.214: [GC 38.215: [DefNew: 811K->23K(832K), 0.0002491 secs] 5541K->4753K(10952K), 0.0002968 secs]
38.224: [GC 38.224: [DefNew: 772K->64K(832K), 0.0003116 secs] 5503K->4817K(10952K), 0.0003593 secs]
38.231: [GC 38.231: [DefNew: 688K->50K(832K), 0.0003357 secs] 5442K->4881K(10952K), 0.0003777 secs]
38.238: [GC 38.238: [DefNew: 809K->23K(832K), 0.0002590 secs] 5641K->4855K(10952K), 0.0003048 secs]
38.247: [GC 38.247: [DefNew: 772K->63K(832K), 0.0003019 secs] 5603K->4919K(10952K), 0.0003473 secs]
38.254: [GC 38.254: [DefNew: 685K->50K(832K), 0.0003664 secs] 5540K->4983K(10952K), 0.0004155 secs]
38.264: [GC 38.264: [DefNew: 818K->63K(832K), 0.0004025 secs] 5751K->5089K(10952K), 0.0004503 secs]
38.278: [GC 38.278: [DefNew: 830K->63K(832K), 0.0005221 secs] 5855K->5308K(10952K), 0.0005679 secs]
38.292: [GC 38.292: [DefNew: 814K->63K(832K), 0.0005385 secs] 6059K->5520K(10952K), 0.0005868 secs]
38.303: [GC 38.303: [DefNew: 789K->64K(832K), 0.0006125 secs] 6246K->5732K(10952K), 0.0006633 secs]
38.313: [GC 38.313: [DefNew: 832K->63K(832K), 0.0005728 secs] 6500K->5910K(10952K), 0.0006197 secs]
38.324: [GC 38.324: [DefNew: 831K->64K(832K), 0.0005979 secs] 6678K->6096K(10952K), 0.0006475 secs]
38.334: [GC 38.334: [DefNew: 832K->63K(832K), 0.0005669 secs] 6864K->6283K(10952K), 0.0006141 secs]
38.347: [GC 38.347: [DefNew: 819K->64K(832K), 0.0005526 secs] 7038K->6480K(10952K), 0.0005983 secs]
38.357: [GC 38.357: [DefNew: 816K->63K(832K), 0.0005430 secs] 7232K->6665K(10952K), 0.0005893 secs]
38.366: [GC 38.366: [DefNew: 831K->50K(832K), 0.0003826 secs] 7432K->6748K(10952K), 0.0004305 secs]
38.374: [GC 38.374: [DefNew: 811K->23K(832K), 0.0002596 secs] 7508K->6721K(10952K), 0.0003046 secs]
38.383: [GC 38.383: [DefNew: 772K->64K(832K), 0.0003553 secs] 7469K->6785K(10952K), 0.0004057 secs]
38.390: [GC 38.390: [DefNew: 688K->50K(832K), 0.0003896 secs] 7409K->6849K(10952K), 0.0004377 secs]
38.397: [GC 38.397: [DefNew: 809K->23K(832K), 0.0002592 secs] 7608K->6822K(10952K), 0.0003047 secs]
38.407: [GC 38.407: [DefNew: 773K->63K(832K), 0.0003142 secs] 7572K->6886K(10952K), 0.0003592 secs]
38.414: [GC 38.414: [DefNew: 684K->50K(832K), 0.0003812 secs] 7507K->6950K(10952K), 0.0004307 secs]
38.423: [GC 38.423: [DefNew: 818K->63K(832K), 0.0004667 secs] 7718K->7056K(10952K), 0.0005157 secs]
38.437: [GC 38.437: [DefNew: 829K->63K(832K), 0.0005519 secs] 7822K->7276K(10952K), 0.0005969 secs]
38.452: [GC 38.452: [DefNew: 813K->63K(832K), 0.0005396 secs] 8026K->7488K(10952K), 0.0005976 secs]
38.462: [GC 38.462: [DefNew: 789K->64K(832K), 0.0005609 secs] 8214K->7700K(10952K), 0.0006102 secs]
38.472: [GC 38.472: [DefNew: 832K->63K(832K), 0.0005537 secs] 8468K->7877K(10952K), 0.0005997 secs]
38.482: [GC 38.483: [DefNew: 831K->64K(832K), 0.0005904 secs] 8645K->8064K(10952K), 0.0006392 secs]
38.493: [GC 38.493: [DefNew: 832K->63K(832K), 0.0005862 secs] 8832K->8250K(10952K), 0.0006335 secs]
38.505: [GC 38.505: [DefNew: 818K->64K(832K), 0.0005638 secs] 9005K->8448K(10952K), 0.0006131 secs]
38.516: [GC 38.516: [DefNew: 816K->64K(832K), 0.0005534 secs] 9201K->8633K(10952K), 0.0005993 secs]
38.525: [GC 38.525: [DefNew: 830K->50K(832K), 0.0003999 secs] 9399K->8715K(10952K), 0.0004499 secs]
38.532: [GC 38.533: [DefNew: 811K->23K(832K), 0.0002632 secs] 9476K->8689K(10952K), 0.0003108 secs]
38.542: [GC 38.542: [DefNew: 772K->63K(832K), 0.0003132 secs] 9438K->8753K(10952K), 0.0003575 secs]
38.549: [GC 38.549: [DefNew: 687K->50K(832K), 0.0003723 secs] 9377K->8817K(10952K), 0.0004176 secs]
38.556: [GC 38.556: [DefNew: 809K->23K(832K), 0.0002662 secs] 9576K->8790K(10952K), 0.0003096 secs]
38.565: [GC 38.566: [DefNew: 772K->64K(832K), 0.0006588 secs] 9539K->8854K(10952K), 0.0007151 secs]
38.573: [GC 38.573: [DefNew: 684K->50K(832K), 0.0003867 secs] 9474K->8918K(10952K), 0.0004357 secs]
38.583: [GC 38.583: [DefNew: 818K->64K(832K), 0.0004121 secs] 9686K->9025K(10952K), 0.0004564 secs]
38.597: [GC 38.597: [DefNew: 828K->63K(832K), 0.0006260 secs] 9789K->9244K(10952K), 0.0006794 secs]
38.611: [GC 38.611: [DefNew: 813K->63K(832K), 0.0005706 secs] 9994K->9456K(10952K), 0.0006203 secs]
38.621: [GC 38.621: [DefNew: 789K->64K(832K), 0.0005036 secs] 10181K->9668K(10952K), 0.0005464 secs]
38.632: [GC 38.632: [DefNew: 832K->63K(832K), 0.0005955 secs] 10436K->9845K(10952K), 0.0006441 secs]
38.642: [GC 38.642: [DefNew: 831K->64K(832K), 0.0005712 secs] 10613K->10032K(10952K), 0.0006187 secs]
38.654: [GC 38.654: [DefNew: 832K->64K(832K), 0.0006621 secs]38.655: [Tenured: 10154K->2226K(10248K), 0.0325936 secs] 10800K->2226K(11080K), 0.0335373 secs]
38.697: [GC 38.697: [DefNew: 512K->64K(576K), 0.0003580 secs] 2738K->2364K(8000K), 0.0004041 secs]
38.706: [GC 38.706: [DefNew: 576K->64K(576K), 0.0004419 secs] 2876K->2502K(8000K), 0.0004890 secs]
38.710: [GC 38.710: [DefNew: 541K->64K(576K), 0.0004812 secs] 2980K->2608K(8000K), 0.0005253 secs]
38.716: [GC 38.716: [DefNew: 576K->40K(576K), 0.0002879 secs] 3120K->2604K(8000K), 0.0003306 secs]
38.721: [GC 38.721: [DefNew: 552K->35K(576K), 0.0002200 secs] 3116K->2600K(8000K), 0.0002602 secs]
38.727: [GC 38.727: [DefNew: 535K->23K(576K), 0.0002702 secs] 3099K->2587K(8000K), 0.0003179 secs]
38.733: [GC 38.733: [DefNew: 535K->19K(576K), 0.0002326 secs] 3099K->2583K(8000K), 0.0002787 secs]
38.738: [GC 38.738: [DefNew: 531K->12K(576K), 0.0002217 secs] 3095K->2577K(8000K), 0.0002618 secs]
38.744: [GC 38.744: [DefNew: 524K->7K(576K), 0.0002234 secs] 3089K->2571K(8000K), 0.0002642 secs]
38.749: [GC 38.749: [DefNew: 370K->50K(576K), 0.0002657 secs] 2935K->2692K(8000K), 0.0003078 secs]
38.755: [GC 38.755: [DefNew: 493K->64K(576K), 0.0003268 secs] 3134K->2729K(8000K), 0.0003758 secs]
38.760: [GC 38.760: [DefNew: 576K->63K(576K), 0.0003345 secs] 3241K->2750K(8000K), 0.0003807 secs]
38.766: [GC 38.766: [DefNew: 567K->64K(576K), 0.0003652 secs] 3254K->2759K(8000K), 0.0004154 secs]
38.777: [GC 38.777: [DefNew: 552K->48K(576K), 0.0003421 secs] 3247K->2945K(8000K), 0.0003927 secs]
38.781: [GC 38.781: [DefNew: 557K->64K(576K), 0.0005252 secs] 3455K->3037K(8000K), 0.0005787 secs]
38.789: [GC 38.789: [DefNew: 576K->64K(576K), 0.0005475 secs] 3549K->3161K(8000K), 0.0006004 secs]
38.799: [GC 38.799: [DefNew: 576K->63K(576K), 0.0006038 secs] 3673K->3299K(8000K), 0.0006570 secs]
38.809: [GC 38.809: [DefNew: 534K->63K(576K), 0.0004921 secs] 3769K->3485K(8000K), 0.0005450 secs]
38.816: [GC 38.816: [DefNew: 573K->63K(576K), 0.0005258 secs] 3994K->3601K(8000K), 0.0005816 secs]
38.822: [GC 38.822: [DefNew: 575K->60K(576K), 0.0004314 secs] 4113K->3709K(8000K), 0.0004765 secs]
38.832: [GC 38.832: [DefNew: 572K->63K(576K), 0.0005472 secs] 4221K->3848K(8000K), 0.0005973 secs]
38.842: [GC 38.842: [DefNew: 575K->63K(576K), 0.0004675 secs] 4360K->3986K(8000K), 0.0005170 secs]
38.852: [GC 38.852: [DefNew: 556K->63K(576K), 0.0005330 secs] 4478K->4141K(8000K), 0.0006018 secs]
38.856: [GC 38.856: [DefNew: 574K->63K(576K), 0.0004708 secs] 4651K->4233K(8000K), 0.0005187 secs]
38.864: [GC 38.864: [DefNew: 575K->63K(576K), 0.0005047 secs] 4745K->4352K(8000K), 0.0005545 secs]
38.874: [GC 38.874: [DefNew: 575K->64K(576K), 0.0006272 secs] 4864K->4490K(8000K), 0.0006894 secs]
38.881: [GC 38.881: [DefNew: 568K->63K(576K), 0.0007037 secs] 4994K->4615K(8000K), 0.0007671 secs]
38.888: [GC 38.888: [DefNew: 575K->64K(576K), 0.0005065 secs] 5127K->4777K(8000K), 0.0005664 secs]
38.894: [GC 38.894: [DefNew: 576K->63K(576K), 0.0003975 secs] 5289K->4782K(8000K), 0.0004524 secs]
38.900: [GC 38.900: [DefNew: 575K->63K(576K), 0.0003704 secs] 5294K->4784K(8000K), 0.0004242 secs]
38.910: [GC 38.910: [DefNew: 547K->44K(576K), 0.0003587 secs] 5267K->4765K(8000K), 0.0004149 secs]
38.916: [GC 38.916: [DefNew: 552K->37K(576K), 0.0004889 secs] 5273K->4758K(8000K), 0.0005715 secs]
38.924: [GC 38.924: [DefNew: 549K->34K(576K), 0.0003449 secs] 5270K->4755K(8000K), 0.0003977 secs]
38.930: [GC 38.930: [DefNew: 539K->23K(576K), 0.0003385 secs] 5260K->4744K(8000K), 0.0003939 secs]
38.936: [GC 38.936: [DefNew: 535K->19K(576K), 0.0003214 secs] 5256K->4740K(8000K), 0.0003751 secs]
38.942: [GC 38.942: [DefNew: 529K->12K(576K), 0.0003511 secs] 5250K->4733K(8000K), 0.0004065 secs]
38.948: [GC 38.948: [DefNew: 516K->0K(576K), 0.0002626 secs] 5237K->4721K(8000K), 0.0003169 secs]
38.958: [GC 38.958: [DefNew: 512K->63K(576K), 0.0005348 secs] 5233K->4859K(8000K), 0.0005952 secs]
38.968: [GC 38.968: [DefNew: 575K->63K(576K), 0.0005731 secs] 5371K->4997K(8000K), 0.0006315 secs]
38.978: [GC 38.978: [DefNew: 535K->63K(576K), 0.0006156 secs] 5468K->5145K(8000K), 0.0006774 secs]
38.982: [GC 38.983: [DefNew: 570K->64K(576K), 0.0009944 secs] 5652K->5237K(8000K), 0.0010585 secs]
38.991: [GC 38.991: [DefNew: 576K->64K(576K), 0.0006970 secs] 5749K->5360K(8000K), 0.0007592 secs]
39.001: [GC 39.001: [DefNew: 576K->63K(576K), 0.0005437 secs] 5872K->5498K(8000K), 0.0005966 secs]
39.011: [GC 39.011: [DefNew: 533K->63K(576K), 0.0009429 secs] 5968K->5685K(8000K), 0.0010069 secs]
39.018: [GC 39.018: [DefNew: 573K->63K(576K), 0.0006672 secs] 6194K->5801K(8000K), 0.0007315 secs]
39.024: [GC 39.024: [DefNew: 575K->60K(576K), 0.0005200 secs] 6313K->5909K(8000K), 0.0005737 secs]
39.034: [GC 39.034: [DefNew: 572K->64K(576K), 0.0006067 secs] 6421K->6047K(8000K), 0.0006598 secs]
39.044: [GC 39.044: [DefNew: 576K->63K(576K), 0.0005744 secs] 6559K->6185K(8000K), 0.0006398 secs]
39.054: [GC 39.054: [DefNew: 557K->63K(576K), 0.0007658 secs] 6678K->6341K(8000K), 0.0008327 secs]
39.057: [GC 39.058: [DefNew: 575K->63K(576K), 0.0007003 secs] 6853K->6420K(8000K), 0.0007613 secs]
39.065: [GC 39.065: [DefNew: 575K->6K(576K), 0.0003309 secs] 6932K->6415K(8000K), 0.0003922 secs]
39.071: [GC 39.071: [DefNew: 372K->50K(576K), 0.0008200 secs] 6781K->6536K(8000K), 0.0008839 secs]
39.077: [GC 39.077: [DefNew: 493K->63K(576K), 0.0004409 secs] 6979K->6573K(8000K), 0.0004992 secs]
39.083: [GC 39.083: [DefNew: 575K->63K(576K), 0.0004352 secs] 7085K->6594K(8000K), 0.0004898 secs]
39.090: [GC 39.090: [DefNew: 565K->64K(576K), 0.0004177 secs] 7095K->6603K(8000K), 0.0004766 secs]
39.096: [GC 39.096: [DefNew: 576K->63K(576K), 0.0005282 secs] 7115K->6763K(8000K), 0.0005882 secs]
39.103: [GC 39.103: [DefNew: 575K->63K(576K), 0.0004519 secs] 7275K->6766K(8000K), 0.0008449 secs]
39.109: [GC 39.110: [DefNew: 539K->44K(576K), 0.0003822 secs] 7242K->6747K(8000K), 0.0004403 secs]
39.116: [GC 39.116: [DefNew: 553K->37K(576K), 0.0003453 secs] 7256K->6740K(8000K), 0.0004018 secs]
39.121: [GC 39.122: [DefNew: 549K->34K(576K), 0.0003801 secs] 7252K->6737K(8000K), 0.0004343 secs]
39.131: [GC 39.131: [DefNew: 543K->48K(576K), 0.0002761 secs] 7246K->6751K(8000K), 0.0003294 secs]
39.137: [GC 39.137: [DefNew: 560K->63K(576K), 0.0005660 secs] 7263K->6855K(8000K), 0.0006363 secs]
39.147: [GC 39.147: [DefNew: 575K->64K(576K), 0.0006439 secs] 7367K->6993K(8000K), 0.0007062 secs]
39.158: [GC 39.158: [DefNew: 576K->63K(576K), 0.0005942 secs] 7505K->7131K(8000K), 0.0006546 secs]
39.166: [GC 39.166: [DefNew: 554K->64K(576K), 0.0006811 secs] 7621K->7267K(8000K), 0.0007452 secs]
39.171: [GC 39.171: [DefNew: 572K->63K(576K), 0.0010134 secs] 7775K->7359K(8000K), 0.0010790 secs]
39.181: [GC 39.181: [DefNew: 575K->64K(576K), 0.0005991 secs]39.182: [Tenured: 7433K->1694K(7552K), 0.0392127 secs] 7871K->1694K(8128K), 0.0400444 secs]
39.231: [GC 39.231: [DefNew: 512K->63K(576K), 0.0008725 secs] 2206K->1832K(6224K), 0.0009367 secs]
39.241: [GC 39.241: [DefNew: 538K->63K(576K), 0.0006680 secs] 2306K->1980K(6224K), 0.0007344 secs]
39.246: [GC 39.246: [DefNew: 571K->64K(576K), 0.0006365 secs] 2487K->2072K(6224K), 0.0007022 secs]
39.254: [GC 39.254: [DefNew: 576K->63K(576K), 0.0006324 secs] 2584K->2195K(6224K), 0.0006945 secs]
39.265: [GC 39.265: [DefNew: 575K->63K(576K), 0.0006376 secs] 2707K->2334K(6224K), 0.0006990 secs]
39.274: [GC 39.275: [DefNew: 537K->63K(576K), 0.0006776 secs] 2808K->2520K(6224K), 0.0007418 secs]
39.278: [GC 39.278: [DefNew: 575K->64K(576K), 0.0007634 secs] 3032K->2622K(6224K), 0.0008263 secs]
39.285: [GC 39.285: [DefNew: 565K->23K(576K), 0.0004297 secs] 3124K->2611K(6224K), 0.0004905 secs]
39.291: [GC 39.291: [DefNew: 535K->19K(576K), 0.0003230 secs] 3123K->2607K(6224K), 0.0003755 secs]
39.298: [GC 39.298: [DefNew: 531K->13K(576K), 0.0003052 secs] 3119K->2601K(6224K), 0.0003579 secs]
39.304: [GC 39.304: [DefNew: 525K->7K(576K), 0.0002745 secs] 3113K->2595K(6224K), 0.0003283 secs]
39.310: [GC 39.310: [DefNew: 370K->50K(576K), 0.0004217 secs] 2958K->2715K(6224K), 0.0004799 secs]
39.316: [GC 39.316: [DefNew: 495K->64K(576K), 0.0004734 secs] 3160K->2753K(6224K), 0.0005335 secs]
39.322: [GC 39.323: [DefNew: 576K->63K(576K), 0.0004714 secs] 3265K->2773K(6224K), 0.0005286 secs]
39.329: [GC 39.329: [DefNew: 566K->64K(576K), 0.0004077 secs] 3276K->2782K(6224K), 0.0004669 secs]
39.335: [GC 39.335: [DefNew: 576K->64K(576K), 0.0004894 secs] 3294K->2943K(6224K), 0.0005484 secs]
39.341: [GC 39.341: [DefNew: 576K->63K(576K), 0.0003804 secs] 3455K->2946K(6224K), 0.0004301 secs]
39.353: [GC 39.353: [DefNew: 566K->48K(576K), 0.0003125 secs] 3448K->2978K(6224K), 0.0003696 secs]
39.357: [GC 39.357: [DefNew: 556K->63K(576K), 0.0006570 secs] 3486K->3070K(6224K), 0.0007166 secs]
39.367: [GC 39.367: [DefNew: 575K->63K(576K), 0.0006855 secs] 3582K->3189K(6224K), 0.0007527 secs]
39.379: [GC 39.379: [DefNew: 575K->63K(576K), 0.0006567 secs] 3701K->3326K(6224K), 0.0007196 secs]
39.389: [GC 39.389: [DefNew: 559K->64K(576K), 0.0007815 secs] 3822K->3518K(6224K), 0.0008425 secs]
39.396: [GC 39.396: [DefNew: 571K->63K(576K), 0.0006994 secs] 4025K->3634K(6224K), 0.0007624 secs]
39.402: [GC 39.402: [DefNew: 575K->60K(576K), 0.0006458 secs] 4146K->3742K(6224K), 0.0007077 secs]
39.414: [GC 39.414: [DefNew: 572K->64K(576K), 0.0007099 secs] 4254K->3880K(6224K), 0.0007767 secs]
39.425: [GC 39.425: [DefNew: 576K->63K(576K), 0.0005822 secs] 4392K->4018K(6224K), 0.0006435 secs]
39.435: [GC 39.435: [DefNew: 574K->63K(576K), 0.0010553 secs] 4528K->4174K(6224K), 0.0011177 secs]
39.440: [GC 39.440: [DefNew: 571K->64K(576K), 0.0006458 secs] 4681K->4265K(6224K), 0.0007087 secs]
39.448: [GC 39.448: [DefNew: 576K->63K(576K), 0.0006442 secs] 4777K->4389K(6224K), 0.0007066 secs]
39.458: [GC 39.458: [DefNew: 575K->63K(576K), 0.0006732 secs] 4901K->4527K(6224K), 0.0007339 secs]
39.464: [GC 39.464: [DefNew: 575K->64K(576K), 0.0006989 secs] 5039K->4656K(6224K), 0.0007595 secs]
39.471: [GC 39.471: [DefNew: 576K->63K(576K), 0.0007975 secs] 5168K->4678K(6224K), 0.0008603 secs]
39.479: [GC 39.479: [DefNew: 567K->63K(576K), 0.0004301 secs] 5181K->4686K(6224K), 0.0004935 secs]
39.486: [GC 39.486: [DefNew: 575K->63K(576K), 0.0005055 secs] 5198K->4847K(6224K), 0.0005650 secs]
39.492: [GC 39.492: [DefNew: 575K->63K(576K), 0.0003862 secs] 5359K->4850K(6224K), 0.0004407 secs]
39.500: [GC 39.500: [DefNew: 540K->44K(576K), 0.0004097 secs] 5327K->4831K(6224K), 0.0004764 secs]
39.506: [GC 39.506: [DefNew: 554K->37K(576K), 0.0003800 secs] 5340K->4823K(6224K), 0.0004375 secs]
39.512: [GC 39.512: [DefNew: 549K->34K(576K), 0.0003211 secs] 5335K->4820K(6224K), 0.0003735 secs]
39.519: [GC 39.519: [DefNew: 538K->23K(576K), 0.0003231 secs] 5325K->4810K(6224K), 0.0003796 secs]
39.525: [GC 39.525: [DefNew: 535K->19K(576K), 0.0003493 secs] 5322K->4805K(6224K), 0.0004022 secs]
39.533: [GC 39.533: [DefNew: 524K->24K(576K), 0.0002701 secs] 5311K->4810K(6224K), 0.0003251 secs]
39.541: [GC 39.541: [DefNew: 536K->63K(576K), 0.0005354 secs] 5322K->4929K(6224K), 0.0005949 secs]
39.551: [GC 39.551: [DefNew: 575K->63K(576K), 0.0009421 secs] 5441K->5067K(6224K), 0.0010072 secs]
39.561: [GC 39.561: [DefNew: 562K->63K(576K), 0.0006177 secs] 5565K->5258K(6224K), 0.0006819 secs]
39.568: [GC 39.568: [DefNew: 572K->63K(576K), 0.0006676 secs] 5767K->5374K(6224K), 0.0007318 secs]
39.574: [GC 39.574: [DefNew: 575K->60K(576K), 0.0006203 secs] 5886K->5483K(6224K), 0.0006815 secs]
39.584: [GC 39.584: [DefNew: 572K->64K(576K), 0.0006747 secs] 5995K->5621K(6224K), 0.0007360 secs]
39.594: [GC 39.594: [DefNew: 576K->63K(576K), 0.0006062 secs]39.595: [Tenured: 5695K->1824K(5776K), 0.0401525 secs] 6133K->1824K(6352K), 0.0408769 secs]
39.644: [GC 39.644: [DefNew: 489K->63K(576K), 0.0005910 secs] 2314K->1980K(6224K), 0.0006551 secs]
39.649: [GC 39.649: [DefNew: 571K->63K(576K), 0.0006308 secs] 2488K->2072K(6224K), 0.0006941 secs]
39.657: [GC 39.657: [DefNew: 575K->63K(576K), 0.0006274 secs] 2584K->2191K(6224K), 0.0006878 secs]
39.668: [GC 39.668: [DefNew: 575K->63K(576K), 0.0005807 secs] 2703K->2329K(6224K), 0.0006410 secs]
39.678: [GC 39.678: [DefNew: 560K->64K(576K), 0.0006618 secs] 2825K->2520K(6224K), 0.0007264 secs]
39.681: [GC 39.682: [DefNew: 576K->63K(576K), 0.0007004 secs] 3032K->2622K(6224K), 0.0007620 secs]
39.690: [GC 39.690: [DefNew: 569K->23K(576K), 0.0005900 secs] 3127K->2611K(6224K), 0.0006541 secs]
39.697: [GC 39.697: [DefNew: 535K->19K(576K), 0.0003128 secs] 3123K->2607K(6224K), 0.0003670 secs]
39.704: [GC 39.704: [DefNew: 531K->13K(576K), 0.0003091 secs] 3119K->2601K(6224K), 0.0003633 secs]
39.710: [GC 39.710: [DefNew: 525K->7K(576K), 0.0002742 secs] 3113K->2595K(6224K), 0.0003270 secs]
39.717: [GC 39.717: [DefNew: 367K->50K(576K), 0.0004378 secs] 2955K->2716K(6224K), 0.0004975 secs]
39.723: [GC 39.723: [DefNew: 494K->64K(576K), 0.0004904 secs] 3159K->2753K(6224K), 0.0008684 secs]
39.730: [GC 39.730: [DefNew: 576K->63K(576K), 0.0004779 secs] 3265K->2774K(6224K), 0.0005367 secs]
39.738: [GC 39.738: [DefNew: 565K->63K(576K), 0.0004095 secs] 3275K->2782K(6224K), 0.0004694 secs]
39.746: [GC 39.746: [DefNew: 575K->63K(576K), 0.0005076 secs] 3294K->2943K(6224K), 0.0005701 secs]
39.753: [GC 39.753: [DefNew: 575K->63K(576K), 0.0004232 secs] 3455K->2946K(6224K), 0.0004816 secs]
39.765: [GC 39.765: [DefNew: 569K->48K(576K), 0.0003172 secs] 3451K->2978K(6224K), 0.0003744 secs]
39.769: [GC 39.769: [DefNew: 557K->63K(576K), 0.0005893 secs] 3487K->3070K(6224K), 0.0006514 secs]
39.777: [GC 39.777: [DefNew: 575K->63K(576K), 0.0005141 secs] 3582K->3189K(6224K), 0.0005625 secs]
39.787: [GC 39.787: [DefNew: 575K->63K(576K), 0.0005098 secs] 3701K->3327K(6224K), 0.0005606 secs]
39.796: [GC 39.797: [DefNew: 558K->63K(576K), 0.0006174 secs] 3821K->3518K(6224K), 0.0006874 secs]
39.804: [GC 39.804: [DefNew: 570K->63K(576K), 0.0005724 secs] 4024K->3634K(6224K), 0.0006290 secs]
39.811: [GC 39.812: [DefNew: 575K->60K(576K), 0.0005206 secs] 4146K->3742K(6224K), 0.0005724 secs]
39.822: [GC 39.822: [DefNew: 572K->63K(576K), 0.0005693 secs] 4254K->3880K(6224K), 0.0006225 secs]
39.833: [GC 39.833: [DefNew: 575K->63K(576K), 0.0004692 secs] 4392K->4018K(6224K), 0.0005208 secs]
39.844: [GC 39.844: [DefNew: 554K->63K(576K), 0.0010133 secs] 4509K->4174K(6224K), 0.0011026 secs]
39.849: [GC 39.849: [DefNew: 573K->63K(576K), 0.0005797 secs] 4683K->4266K(6224K), 0.0006353 secs]
39.857: [GC 39.857: [DefNew: 575K->63K(576K), 0.0005868 secs] 4778K->4385K(6224K), 0.0006388 secs]
39.867: [GC 39.868: [DefNew: 575K->64K(576K), 0.0005128 secs] 4897K->4523K(6224K), 0.0005623 secs]
39.874: [GC 39.874: [DefNew: 566K->63K(576K), 0.0005936 secs] 5025K->4648K(6224K), 0.0006464 secs]
39.881: [GC 39.881: [DefNew: 575K->63K(576K), 0.0004098 secs] 5160K->4809K(6224K), 0.0004608 secs]
39.888: [GC 39.888: [DefNew: 575K->63K(576K), 0.0003510 secs] 5321K->4815K(6224K), 0.0004016 secs]
39.896: [GC 39.896: [DefNew: 575K->63K(576K), 0.0003364 secs] 5327K->4817K(6224K), 0.0003862 secs]
39.901: [GC 39.902: [DefNew: 547K->44K(576K), 0.0002741 secs] 5300K->4797K(6224K), 0.0003206 secs]
39.908: [GC 39.908: [DefNew: 552K->37K(576K), 0.0003026 secs] 5305K->4790K(6224K), 0.0003508 secs]
39.914: [GC 39.914: [DefNew: 549K->34K(576K), 0.0004176 secs] 5302K->4787K(6224K), 0.0004716 secs]
39.952: [GC 39.952: [DefNew: 539K->23K(576K), 0.0002978 secs] 5293K->4777K(6224K), 0.0003502 secs]
39.958: [GC 39.958: [DefNew: 535K->19K(576K), 0.0002783 secs] 5289K->4772K(6224K), 0.0003273 secs]
39.964: [GC 39.964: [DefNew: 531K->12K(576K), 0.0003178 secs] 5284K->4766K(6224K), 0.0003694 secs]
39.985: [GC 39.985: [DefNew: 513K->0K(576K), 0.0002379 secs] 5266K->4753K(6224K), 0.0002896 secs]
39.995: [GC 39.995: [DefNew: 512K->64K(576K), 0.0004600 secs] 5265K->4891K(6224K), 0.0005099 secs]
40.005: [GC 40.005: [DefNew: 576K->63K(576K), 0.0005835 secs] 5403K->5029K(6224K), 0.0006466 secs]
40.015: [GC 40.015: [DefNew: 538K->63K(576K), 0.0006299 secs] 5504K->5177K(6224K), 0.0006927 secs]
40.020: [GC 40.020: [DefNew: 573K->64K(576K), 0.0005706 secs] 5687K->5269K(6224K), 0.0006266 secs]
40.052: [GC 40.052: [DefNew: 576K->64K(576K), 0.0005417 secs] 5781K->5393K(6224K), 0.0005935 secs]
40.062: [GC 40.062: [DefNew: 576K->64K(576K), 0.0005363 secs] 5905K->5531K(6224K), 0.0005884 secs]
40.092: [GC 40.092: [DefNew: 536K->63K(576K), 0.0005387 secs]40.093: [Tenured: 5653K->1864K(5776K), 0.0337382 secs] 6004K->1864K(6352K), 0.0343879 secs]
40.132: [GC 40.132: [DefNew: 507K->64K(576K), 0.0005159 secs] 2372K->2028K(6224K), 0.0005682 secs]
40.154: [GC 40.154: [DefNew: 576K->60K(576K), 0.0005321 secs] 2540K->2136K(6224K), 0.0005870 secs]
40.164: [GC 40.164: [DefNew: 572K->64K(576K), 0.0006041 secs] 2648K->2274K(6224K), 0.0006571 secs]
40.190: [GC 40.190: [DefNew: 576K->63K(576K), 0.0004940 secs] 2786K->2413K(6224K), 0.0005467 secs]
40.200: [GC 40.200: [DefNew: 555K->63K(576K), 0.0006113 secs] 2904K->2568K(6224K), 0.0006902 secs]
40.203: [GC 40.203: [DefNew: 575K->63K(576K), 0.0008974 secs] 3080K->2646K(6224K), 0.0009502 secs]
40.209: [GC 40.209: [DefNew: 575K->6K(576K), 0.0003091 secs] 3158K->2642K(6224K), 0.0003599 secs]
40.215: [GC 40.215: [DefNew: 371K->50K(576K), 0.0003973 secs] 3007K->2763K(6224K), 0.0004476 secs]
40.220: [GC 40.220: [DefNew: 494K->63K(576K), 0.0003642 secs] 3207K->2800K(6224K), 0.0004144 secs]
40.226: [GC 40.226: [DefNew: 575K->64K(576K), 0.0003420 secs] 3312K->2821K(6224K), 0.0003903 secs]
40.232: [GC 40.232: [DefNew: 565K->64K(576K), 0.0003352 secs] 3322K->2830K(6224K), 0.0003847 secs]
40.254: [GC 40.254: [DefNew: 576K->64K(576K), 0.0004617 secs] 3342K->2990K(6224K), 0.0005137 secs]
40.260: [GC 40.260: [DefNew: 576K->63K(576K), 0.0003486 secs] 3502K->2993K(6224K), 0.0003985 secs]
40.266: [GC 40.266: [DefNew: 540K->44K(576K), 0.0003002 secs] 3470K->2974K(6224K), 0.0003499 secs]
40.277: [GC 40.277: [DefNew: 554K->37K(576K), 0.0002733 secs] 3484K->2967K(6224K), 0.0003234 secs]
40.283: [GC 40.283: [DefNew: 549K->34K(576K), 0.0003575 secs] 3479K->2964K(6224K), 0.0004090 secs]
40.292: [GC 40.292: [DefNew: 541K->48K(576K), 0.0002489 secs] 3471K->2978K(6224K), 0.0002983 secs]
40.299: [GC 40.299: [DefNew: 560K->63K(576K), 0.0004394 secs] 3490K->3081K(6224K), 0.0004931 secs]
40.308: [GC 40.308: [DefNew: 575K->63K(576K), 0.0005265 secs] 3593K->3220K(6224K), 0.0005789 secs]
40.319: [GC 40.319: [DefNew: 575K->63K(576K), 0.0004797 secs] 3732K->3358K(6224K), 0.0005400 secs]
40.327: [GC 40.327: [DefNew: 555K->64K(576K), 0.0005884 secs] 3849K->3494K(6224K), 0.0006421 secs]
40.331: [GC 40.331: [DefNew: 573K->63K(576K), 0.0005222 secs] 4004K->3586K(6224K), 0.0005722 secs]
40.341: [GC 40.341: [DefNew: 575K->63K(576K), 0.0004438 secs] 4098K->3724K(6224K), 0.0005012 secs]
40.351: [GC 40.351: [DefNew: 575K->63K(576K), 0.0008411 secs] 4236K->3862K(6224K), 0.0008919 secs]
40.361: [GC 40.361: [DefNew: 533K->63K(576K), 0.0005796 secs] 4331K->4010K(6224K), 0.0006368 secs]
40.365: [GC 40.365: [DefNew: 570K->64K(576K), 0.0005108 secs] 4517K->4102K(6224K), 0.0005631 secs]
40.373: [GC 40.373: [DefNew: 576K->63K(576K), 0.0004922 secs] 4614K->4225K(6224K), 0.0005398 secs]
40.383: [GC 40.383: [DefNew: 575K->64K(576K), 0.0009039 secs] 4737K->4363K(6224K), 0.0009635 secs]
40.393: [GC 40.393: [DefNew: 535K->63K(576K), 0.0005831 secs] 4835K->4550K(6224K), 0.0006395 secs]
40.398: [GC 40.398: [DefNew: 575K->64K(576K), 0.0006354 secs] 5062K->4652K(6224K), 0.0006892 secs]
40.405: [GC 40.405: [DefNew: 566K->23K(576K), 0.0003662 secs] 5154K->4641K(6224K), 0.0004176 secs]
40.411: [GC 40.411: [DefNew: 535K->19K(576K), 0.0006291 secs] 5153K->4637K(6224K), 0.0006799 secs]
40.417: [GC 40.417: [DefNew: 531K->12K(576K), 0.0002890 secs] 5149K->4631K(6224K), 0.0003385 secs]
40.423: [GC 40.423: [DefNew: 524K->7K(576K), 0.0002551 secs] 5143K->4625K(6224K), 0.0003039 secs]
40.429: [GC 40.429: [DefNew: 371K->50K(576K), 0.0003724 secs] 4989K->4745K(6224K), 0.0004237 secs]
40.434: [GC 40.434: [DefNew: 495K->63K(576K), 0.0004172 secs] 5190K->4783K(6224K), 0.0004666 secs]
40.440: [GC 40.441: [DefNew: 575K->64K(576K), 0.0004024 secs] 5295K->4804K(6224K), 0.0004523 secs]
40.447: [GC 40.447: [DefNew: 567K->64K(576K), 0.0003483 secs] 5307K->4812K(6224K), 0.0003979 secs]
40.452: [GC 40.452: [DefNew: 576K->63K(576K), 0.0005036 secs] 5324K->4973K(6224K), 0.0005578 secs]
40.459: [GC 40.459: [DefNew: 575K->63K(576K), 0.0004251 secs] 5485K->4975K(6224K), 0.0005507 secs]
40.470: [GC 40.470: [DefNew: 566K->48K(576K), 0.0002966 secs] 5477K->5008K(6224K), 0.0003492 secs]
40.474: [GC 40.474: [DefNew: 555K->63K(576K), 0.0005457 secs] 5515K->5099K(6224K), 0.0006006 secs]
40.482: [GC 40.482: [DefNew: 575K->63K(576K), 0.0005555 secs] 5611K->5219K(6224K), 0.0006077 secs]
40.492: [GC 40.492: [DefNew: 575K->64K(576K), 0.0006634 secs] 5731K->5356K(6224K), 0.0007238 secs]
40.502: [GC 40.503: [DefNew: 559K->64K(576K), 0.0009294 secs] 5852K->5548K(6224K), 0.0009895 secs]
40.509: [GC 40.509: [DefNew: 571K->63K(576K), 0.0005853 secs] 6055K->5663K(6224K), 0.0006392 secs]
40.515: [GC 40.516: [DefNew: 575K->60K(576K), 0.0005558 secs]40.516: [Tenured[Unloading class sun.reflect.GeneratedSerializationConstructorAccessor1]
[Unloading class sun.reflect.GeneratedSerializationConstructorAccessor8]
: 5711K->1712K(5776K), 0.0340644 secs] 6175K->1712K(6352K), 0.0347312 secs]
40.559: [GC 40.559: [DefNew: 512K->63K(576K), 0.0004200 secs] 2224K->1850K(6224K), 0.0004721 secs]
40.569: [GC 40.570: [DefNew: 575K->63K(576K), 0.0004866 secs] 2362K->1988K(6224K), 0.0005383 secs]
40.579: [GC 40.580: [DefNew: 555K->63K(576K), 0.0005571 secs] 2480K->2144K(6224K), 0.0006104 secs]
40.584: [GC 40.584: [DefNew: 573K->63K(576K), 0.0004955 secs] 2653K->2236K(6224K), 0.0005462 secs]
40.591: [GC 40.591: [DefNew: 575K->63K(576K), 0.0005238 secs] 2748K->2355K(6224K), 0.0005760 secs]
40.603: [GC 40.603: [DefNew: 575K->64K(576K), 0.0008117 secs] 2867K->2492K(6224K), 0.0008650 secs]
40.609: [GC 40.609: [DefNew: 566K->64K(576K), 0.0005575 secs] 2995K->2617K(6224K), 0.0006094 secs]
40.615: [GC 40.615: [DefNew: 576K->64K(576K), 0.0004019 secs] 3129K->2779K(6224K), 0.0004539 secs]
40.621: [GC 40.621: [DefNew: 576K->63K(576K), 0.0003118 secs] 3291K->2785K(6224K), 0.0003590 secs]
40.627: [GC 40.627: [DefNew: 575K->63K(576K), 0.0002981 secs] 3297K->2786K(6224K), 0.0003468 secs]
40.634: [GC 40.634: [DefNew: 547K->44K(576K), 0.0002884 secs] 3270K->2767K(6224K), 0.0003383 secs]
40.640: [GC 40.640: [DefNew: 552K->37K(576K), 0.0003048 secs] 3275K->2760K(6224K), 0.0003537 secs]
40.645: [GC 40.645: [DefNew: 549K->34K(576K), 0.0002851 secs] 3272K->2757K(6224K), 0.0003320 secs]
40.651: [GC 40.651: [DefNew: 539K->23K(576K), 0.0002939 secs] 3262K->2747K(6224K), 0.0003447 secs]
40.657: [GC 40.657: [DefNew: 535K->19K(576K), 0.0002483 secs] 3259K->2742K(6224K), 0.0003050 secs]
40.663: [GC 40.663: [DefNew: 530K->12K(576K), 0.0002968 secs] 3253K->2735K(6224K), 0.0003476 secs]
40.669: [GC 40.669: [DefNew: 516K->0K(576K), 0.0001971 secs] 3239K->2723K(6224K), 0.0002457 secs]
40.678: [GC 40.678: [DefNew: 512K->63K(576K), 0.0003802 secs] 3235K->2861K(6224K), 0.0004303 secs]
40.688: [GC 40.688: [DefNew: 575K->63K(576K), 0.0004746 secs] 3373K->2999K(6224K), 0.0005302 secs]
40.700: [GC 40.700: [DefNew: 537K->63K(576K), 0.0005294 secs] 3472K->3147K(6224K), 0.0005838 secs]
40.705: [GC 40.705: [DefNew: 571K->64K(576K), 0.0005204 secs] 3655K->3239K(6224K), 0.0005729 secs]
40.713: [GC 40.713: [DefNew: 576K->64K(576K), 0.0005016 secs] 3751K->3363K(6224K), 0.0005507 secs]
40.723: [GC 40.723: [DefNew: 576K->63K(576K), 0.0008785 secs] 3875K->3501K(6224K), 0.0009336 secs]
40.733: [GC 40.733: [DefNew: 535K->63K(576K), 0.0005062 secs] 3973K->3687K(6224K), 0.0005616 secs]
40.739: [GC 40.739: [DefNew: 571K->63K(576K), 0.0005909 secs] 4195K->3803K(6224K), 0.0006428 secs]
40.745: [GC 40.745: [DefNew: 575K->60K(576K), 0.0004649 secs] 4315K->3912K(6224K), 0.0005130 secs]
40.755: [GC 40.755: [DefNew: 572K->64K(576K), 0.0005470 secs] 4424K->4050K(6224K), 0.0006003 secs]
40.765: [GC 40.765: [DefNew: 576K->63K(576K), 0.0004739 secs] 4562K->4188K(6224K), 0.0005242 secs]
40.775: [GC 40.775: [DefNew: 555K->63K(576K), 0.0005989 secs] 4679K->4343K(6224K), 0.0006521 secs]
40.778: [GC 40.778: [DefNew: 575K->63K(576K), 0.0005595 secs] 4855K->4422K(6224K), 0.0006156 secs]
40.784: [GC 40.784: [DefNew: 575K->4K(576K), 0.0002902 secs] 4934K->4416K(6224K), 0.0003383 secs]
40.790: [GC 40.790: [DefNew: 373K->50K(576K), 0.0003468 secs] 4785K->4539K(6224K), 0.0003988 secs]
40.795: [GC 40.795: [DefNew: 493K->63K(576K), 0.0003322 secs] 4981K->4576K(6224K), 0.0003804 secs]
40.802: [GC 40.802: [DefNew: 575K->64K(576K), 0.0003485 secs] 5088K->4597K(6224K), 0.0003978 secs]
40.808: [GC 40.808: [DefNew: 567K->64K(576K), 0.0003200 secs] 5100K->4606K(6224K), 0.0003699 secs]
40.814: [GC 40.814: [DefNew: 576K->64K(576K), 0.0004734 secs] 5118K->4766K(6224K), 0.0005260 secs]
40.820: [GC 40.820: [DefNew: 576K->63K(576K), 0.0003398 secs] 5278K->4769K(6224K), 0.0003874 secs]
40.826: [GC 40.826: [DefNew: 538K->44K(576K), 0.0002778 secs] 5243K->4750K(6224K), 0.0003252 secs]
40.832: [GC 40.832: [DefNew: 555K->37K(576K), 0.0002685 secs] 5260K->4742K(6224K), 0.0003180 secs]
40.838: [GC 40.838: [DefNew: 549K->34K(576K), 0.0002995 secs] 5254K->4740K(6224K), 0.0003477 secs]
40.847: [GC 40.847: [DefNew: 540K->48K(576K), 0.0002320 secs] 5246K->4753K(6224K), 0.0002820 secs]
40.852: [GC 40.852: [DefNew: 560K->64K(576K), 0.0003911 secs] 5265K->4857K(6224K), 0.0004383 secs]
40.862: [GC 40.862: [DefNew: 576K->64K(576K), 0.0005355 secs] 5369K->4995K(6224K), 0.0005879 secs]
40.872: [GC 40.872: [DefNew: 576K->64K(576K), 0.0005148 secs] 5507K->5133K(6224K), 0.0005651 secs]
40.881: [GC 40.881: [DefNew: 554K->64K(576K), 0.0005667 secs] 5624K->5269K(6224K), 0.0006210 secs]
40.885: [GC 40.885: [DefNew: 572K->63K(576K), 0.0004864 secs] 5778K->5361K(6224K), 0.0005334 secs]
40.895: [GC 40.895: [DefNew: 575K->64K(576K), 0.0004448 secs] 5873K->5499K(6224K), 0.0004942 secs]
40.905: [GC 40.905: [DefNew: 576K->63K(576K), 0.0005737 secs] 6011K->5637K(6224K), 0.0006263 secs]
40.915: [GC 40.915: [DefNew: 538K->63K(576K), 0.0006695 secs]40.916: [Tenured: 5721K->1970K(5776K), 0.0356648 secs] 6112K->1970K(6352K), 0.0364528 secs]
40.955: [GC 40.955: [DefNew: 507K->64K(576K), 0.0006087 secs] 2478K->2158K(6224K), 0.0006627 secs]
40.964: [GC 40.964: [DefNew: 576K->63K(576K), 0.0005069 secs] 2670K->2282K(6224K), 0.0005604 secs]
40.974: [GC 40.974: [DefNew: 575K->63K(576K), 0.0005106 secs] 2794K->2420K(6224K), 0.0005617 secs]
40.984: [GC 40.984: [DefNew: 535K->63K(576K), 0.0005555 secs] 2892K->2607K(6224K), 0.0006236 secs]
40.988: [GC 40.988: [DefNew: 575K->64K(576K), 0.0008183 secs] 3119K->2709K(6224K), 0.0008845 secs]
40.995: [GC 40.995: [DefNew: 567K->23K(576K), 0.0005669 secs] 3212K->2698K(6224K), 0.0006414 secs]
41.003: [GC 41.003: [DefNew: 535K->19K(576K), 0.0007565 secs] 3210K->2694K(6224K), 0.0008505 secs]
41.010: [GC 41.010: [DefNew: 531K->13K(576K), 0.0002798 secs] 3206K->2687K(6224K), 0.0003300 secs]
41.016: [GC 41.016: [DefNew: 525K->7K(576K), 0.0002564 secs] 3199K->2681K(6224K), 0.0003086 secs]
41.022: [GC 41.022: [DefNew: 371K->50K(576K), 0.0004452 secs] 3046K->2802K(6224K), 0.0005099 secs]
41.028: [GC 41.028: [DefNew: 495K->64K(576K), 0.0004390 secs] 3247K->2839K(6224K), 0.0004936 secs]
41.034: [GC 41.034: [DefNew: 576K->64K(576K), 0.0004254 secs] 3351K->2860K(6224K), 0.0004913 secs]
41.040: [GC 41.040: [DefNew: 567K->63K(576K), 0.0004931 secs] 3364K->2869K(6224K), 0.0005539 secs]
41.047: [GC 41.047: [DefNew: 575K->63K(576K), 0.0004122 secs] 3381K->3030K(6224K), 0.0004623 secs]
41.053: [GC 41.053: [DefNew: 575K->63K(576K), 0.0003715 secs] 3542K->3032K(6224K), 0.0004214 secs]
41.065: [GC 41.065: [DefNew: 566K->48K(576K), 0.0002917 secs] 3535K->3065K(6224K), 0.0003436 secs]
41.069: [GC 41.069: [DefNew: 558K->63K(576K), 0.0005332 secs] 3575K->3157K(6224K), 0.0005857 secs]
41.077: [GC 41.077: [DefNew: 575K->63K(576K), 0.0005770 secs] 3669K->3276K(6224K), 0.0006316 secs]
41.087: [GC 41.087: [DefNew: 575K->63K(576K), 0.0005112 secs] 3788K->3413K(6224K), 0.0005623 secs]
41.097: [GC 41.097: [DefNew: 559K->64K(576K), 0.0005809 secs] 3909K->3605K(6224K), 0.0006345 secs]
41.103: [GC 41.103: [DefNew: 573K->63K(576K), 0.0009046 secs] 4114K->3721K(6224K), 0.0009663 secs]
41.110: [GC 41.110: [DefNew: 575K->60K(576K), 0.0006005 secs] 4233K->3829K(6224K), 0.0006588 secs]
41.123: [GC 41.123: [DefNew: 572K->63K(576K), 0.0009597 secs] 4341K->3967K(6224K), 0.0010157 secs]
41.133: [GC 41.133: [DefNew: 575K->63K(576K), 0.0005117 secs] 4479K->4106K(6224K), 0.0005659 secs]
41.143: [GC 41.144: [DefNew: 575K->63K(576K), 0.0005958 secs] 4617K->4261K(6224K), 0.0006527 secs]
41.148: [GC 41.148: [DefNew: 571K->64K(576K), 0.0005674 secs] 4768K->4353K(6224K), 0.0006212 secs]
41.157: [GC 41.157: [DefNew: 576K->64K(576K), 0.0005354 secs] 4865K->4476K(6224K), 0.0005858 secs]
41.167: [GC 41.167: [DefNew: 576K->63K(576K), 0.0005981 secs] 4988K->4615K(6224K), 0.0006477 secs]
41.173: [GC 41.173: [DefNew: 575K->64K(576K), 0.0006092 secs] 5127K->4743K(6224K), 0.0006633 secs]
41.180: [GC 41.180: [DefNew: 576K->63K(576K), 0.0003703 secs] 5255K->4765K(6224K), 0.0004207 secs]
41.186: [GC 41.186: [DefNew: 568K->64K(576K), 0.0003824 secs] 5269K->4773K(6224K), 0.0004367 secs]
41.192: [GC 41.192: [DefNew: 576K->64K(576K), 0.0004785 secs] 5285K->4934K(6224K), 0.0005326 secs]
41.198: [GC 41.198: [DefNew: 576K->63K(576K), 0.0003431 secs] 5446K->4937K(6224K), 0.0003942 secs]
41.204: [GC 41.204: [DefNew: 540K->44K(576K), 0.0003628 secs] 5413K->4918K(6224K), 0.0004160 secs]
41.210: [GC 41.210: [DefNew: 554K->37K(576K), 0.0003323 secs] 5428K->4911K(6224K), 0.0003837 secs]
41.216: [GC 41.216: [DefNew: 549K->34K(576K), 0.0003447 secs] 5423K->4908K(6224K), 0.0003966 secs]
41.223: [GC 41.223: [DefNew: 538K->23K(576K), 0.0006014 secs] 5412K->4897K(6224K), 0.0006534 secs]
41.229: [GC 41.229: [DefNew: 535K->19K(576K), 0.0003314 secs] 5409K->4892K(6224K), 0.0003834 secs]
41.237: [GC 41.237: [DefNew: 526K->24K(576K), 0.0002703 secs] 5400K->4897K(6224K), 0.0003300 secs]
41.244: [GC 41.244: [DefNew: 536K->63K(576K), 0.0003536 secs] 5409K->5017K(6224K), 0.0003966 secs]
41.254: [GC 41.254: [DefNew: 575K->63K(576K), 0.0004328 secs] 5529K->5154K(6224K), 0.0004795 secs]
41.263: [GC 41.263: [DefNew: 558K->64K(576K), 0.0004230 secs] 5649K->5346K(6224K), 0.0004668 secs]
41.269: [GC 41.269: [DefNew: 570K->63K(576K), 0.0004652 secs] 5852K->5461K(6224K), 0.0005099 secs]
41.275: [GC 41.275: [DefNew: 575K->60K(576K), 0.0004239 secs] 5973K->5570K(6224K), 0.0004685 secs]
41.284: [GC 41.284: [DefNew: 572K->63K(576K), 0.0005060 secs]41.285: [Tenured: 5644K->1677K(5648K), 0.0307060 secs] 6082K->1677K(6224K), 0.0312947 secs]
41.325: [GC 41.325: [DefNew: 512K->64K(576K), 0.0003539 secs] 2189K->1815K(6224K), 0.0003972 secs]
41.335: [GC 41.335: [DefNew: 552K->63K(576K), 0.0006014 secs] 2304K->1971K(6224K), 0.0006513 secs]
41.339: [GC 41.339: [DefNew: 571K->63K(576K), 0.0004498 secs] 2478K->2062K(6224K), 0.0004920 secs]
41.346: [GC 41.346: [DefNew: 575K->63K(576K), 0.0004287 secs] 2574K->2182K(6224K), 0.0004725 secs]
41.356: [GC 41.356: [DefNew: 575K->63K(576K), 0.0003669 secs] 2694K->2319K(6224K), 0.0004088 secs]
41.365: [GC 41.365: [DefNew: 559K->64K(576K), 0.0004725 secs] 2815K->2511K(6224K), 0.0005171 secs]
41.369: [GC 41.369: [DefNew: 576K->63K(576K), 0.0004418 secs] 3023K->2613K(6224K), 0.0004832 secs]
41.375: [GC 41.375: [DefNew: 565K->23K(576K), 0.0003269 secs] 3114K->2602K(6224K), 0.0004083 secs]
41.380: [GC 41.380: [DefNew: 535K->19K(576K), 0.0002139 secs] 3114K->2598K(6224K), 0.0002554 secs]
41.386: [GC 41.386: [DefNew: 531K->12K(576K), 0.0002322 secs] 3110K->2591K(6224K), 0.0002804 secs]
41.393: [GC 41.393: [DefNew: 524K->7K(576K), 0.0002327 secs] 3103K->2586K(6224K), 0.0002801 secs]
41.398: [GC 41.398: [DefNew: 370K->50K(576K), 0.0002641 secs] 2949K->2706K(6224K), 0.0003052 secs]
41.403: [GC 41.403: [DefNew: 494K->63K(576K), 0.0003617 secs] 3150K->2743K(6224K), 0.0004095 secs]
41.409: [GC 41.409: [DefNew: 575K->63K(576K), 0.0003190 secs] 3255K->2764K(6224K), 0.0003652 secs]
41.415: [GC 41.415: [DefNew: 566K->63K(576K), 0.0002720 secs] 3266K->2773K(6224K), 0.0003344 secs]
41.420: [GC 41.420: [DefNew: 575K->64K(576K), 0.0003197 secs] 3285K->2933K(6224K), 0.0003642 secs]
41.426: [GC 41.426: [DefNew: 576K->64K(576K), 0.0003173 secs] 3445K->2936K(6224K), 0.0003630 secs]
41.438: [GC 41.438: [DefNew: 569K->48K(576K), 0.0002483 secs] 3441K->2968K(6224K), 0.0002972 secs]
41.441: [GC 41.441: [DefNew: 558K->63K(576K), 0.0003842 secs] 3479K->3060K(6224K), 0.0004272 secs]
41.449: [GC 41.449: [DefNew: 575K->63K(576K), 0.0004499 secs] 3572K->3179K(6224K), 0.0004956 secs]
41.458: [GC 41.458: [DefNew: 575K->63K(576K), 0.0003836 secs] 3691K->3317K(6224K), 0.0004268 secs]
41.468: [GC 41.468: [DefNew: 559K->63K(576K), 0.0004288 secs] 3812K->3508K(6224K), 0.0004730 secs]
41.474: [GC 41.474: [DefNew: 572K->63K(576K), 0.0004471 secs] 4017K->3624K(6224K), 0.0004905 secs]
41.479: [GC 41.480: [DefNew: 575K->60K(576K), 0.0003684 secs] 4136K->3733K(6224K), 0.0004095 secs]
41.489: [GC 41.489: [DefNew: 572K->64K(576K), 0.0004745 secs] 4245K->3871K(6224K), 0.0005191 secs]
41.498: [GC 41.498: [DefNew: 576K->64K(576K), 0.0004402 secs] 4383K->4009K(6224K), 0.0004864 secs]
41.508: [GC 41.508: [DefNew: 555K->63K(576K), 0.0004801 secs] 4501K->4165K(6224K), 0.0005261 secs]
41.512: [GC 41.512: [DefNew: 573K->63K(576K), 0.0004194 secs] 4674K->4256K(6224K), 0.0004614 secs]
41.520: [GC 41.520: [DefNew: 575K->63K(576K), 0.0004328 secs] 4768K->4376K(6224K), 0.0004767 secs]
41.529: [GC 41.529: [DefNew: 575K->64K(576K), 0.0004616 secs] 4888K->4513K(6224K), 0.0005063 secs]
41.534: [GC 41.535: [DefNew: 566K->63K(576K), 0.0004759 secs] 5015K->4638K(6224K), 0.0005253 secs]
41.540: [GC 41.540: [DefNew: 575K->64K(576K), 0.0003249 secs] 5150K->4800K(6224K), 0.0003732 secs]
41.546: [GC 41.546: [DefNew: 576K->64K(576K), 0.0002852 secs] 5312K->4805K(6224K), 0.0003299 secs]
41.551: [GC 41.551: [DefNew: 576K->63K(576K), 0.0002640 secs] 5317K->4807K(6224K), 0.0003088 secs]
41.557: [GC 41.557: [DefNew: 546K->44K(576K), 0.0002321 secs] 5290K->4788K(6224K), 0.0002743 secs]
41.562: [GC 41.563: [DefNew: 551K->37K(576K), 0.0002870 secs] 5295K->4781K(6224K), 0.0003343 secs]
41.568: [GC 41.568: [DefNew: 549K->34K(576K), 0.0002881 secs] 5293K->4778K(6224K), 0.0003328 secs]
41.574: [GC 41.574: [DefNew: 539K->23K(576K), 0.0002222 secs] 5283K->4767K(6224K), 0.0002665 secs]
41.579: [GC 41.579: [DefNew: 535K->19K(576K), 0.0002062 secs] 5279K->4763K(6224K), 0.0002482 secs]
41.585: [GC 41.585: [DefNew: 531K->12K(576K), 0.0002674 secs] 5275K->4757K(6224K), 0.0003108 secs]
41.590: [GC 41.590: [DefNew: 512K->0K(576K), 0.0001754 secs] 5256K->4744K(6224K), 0.0002171 secs]
41.600: [GC 41.600: [DefNew: 512K->63K(576K), 0.0003477 secs] 5256K->4882K(6224K), 0.0003937 secs]
41.609: [GC 41.609: [DefNew: 575K->63K(576K), 0.0004437 secs] 5394K->5020K(6224K), 0.0004914 secs]
41.619: [GC 41.619: [DefNew: 536K->63K(576K), 0.0004553 secs] 5492K->5168K(6224K), 0.0005885 secs]
41.623: [GC 41.623: [DefNew: 572K->64K(576K), 0.0005002 secs] 5676K->5260K(6224K), 0.0005489 secs]
41.631: [GC 41.631: [DefNew: 576K->63K(576K), 0.0004581 secs] 5772K->5383K(6224K), 0.0005034 secs]
41.640: [GC 41.640: [DefNew: 575K->63K(576K), 0.0004342 secs] 5895K->5521K(6224K), 0.0004775 secs]
41.649: [GC 41.650: [DefNew: 536K->63K(576K), 0.0004099 secs]41.650: [Tenured: 5644K->1855K(5648K), 0.0307107 secs] 5994K->1855K(6224K), 0.0312016 secs]
41.686: [GC 41.686: [DefNew: 508K->64K(576K), 0.0004811 secs] 2363K->2018K(6224K), 0.0005296 secs]
41.692: [GC 41.692: [DefNew: 576K->60K(576K), 0.0004103 secs] 2530K->2127K(6224K), 0.0004601 secs]
41.702: [GC 41.702: [DefNew: 572K->64K(576K), 0.0004743 secs] 2639K->2265K(6224K), 0.0005195 secs]
41.711: [GC 41.711: [DefNew: 576K->64K(576K), 0.0004424 secs] 2777K->2403K(6224K), 0.0004895 secs]
41.721: [GC 41.721: [DefNew: 574K->63K(576K), 0.0004847 secs] 2913K->2558K(6224K), 0.0005276 secs]
41.724: [GC 41.724: [DefNew: 575K->64K(576K), 0.0004619 secs] 3070K->2645K(6224K), 0.0005037 secs]
41.729: [GC 41.729: [DefNew: 576K->12K(576K), 0.0003152 secs] 3157K->2639K(6224K), 0.0003563 secs]
41.735: [GC 41.735: [DefNew: 524K->7K(576K), 0.0002151 secs] 3151K->2634K(6224K), 0.0002614 secs]
41.741: [GC 41.741: [DefNew: 369K->50K(576K), 0.0002635 secs] 2996K->2754K(6224K), 0.0003052 secs]
41.746: [GC 41.746: [DefNew: 492K->63K(576K), 0.0002811 secs] 3196K->2791K(6224K), 0.0003235 secs]
41.751: [GC 41.751: [DefNew: 575K->63K(576K), 0.0003175 secs] 3303K->2812K(6224K), 0.0003626 secs]
41.757: [GC 41.757: [DefNew: 566K->64K(576K), 0.0002975 secs] 3315K->2821K(6224K), 0.0003393 secs]
41.762: [GC 41.762: [DefNew: 576K->64K(576K), 0.0003361 secs] 3333K->2981K(6224K), 0.0003802 secs]
41.768: [GC 41.768: [DefNew: 576K->63K(576K), 0.0002732 secs] 3493K->2984K(6224K), 0.0003181 secs]
41.773: [GC 41.773: [DefNew: 539K->44K(576K), 0.0002449 secs] 3460K->2965K(6224K), 0.0002890 secs]
41.779: [GC 41.779: [DefNew: 554K->37K(576K), 0.0002477 secs] 3475K->2958K(6224K), 0.0002888 secs]
41.787: [GC 41.787: [DefNew: 527K->48K(576K), 0.0002056 secs] 3448K->2969K(6224K), 0.0002513 secs]
41.792: [GC 41.792: [DefNew: 560K->64K(576K), 0.0003598 secs] 3481K->3072K(6224K), 0.0004098 secs]
41.802: [GC 41.802: [DefNew: 576K->63K(576K), 0.0004299 secs] 3584K->3211K(6224K), 0.0004731 secs]
41.811: [GC 41.811: [DefNew: 575K->63K(576K), 0.0004394 secs] 3723K->3349K(6224K), 0.0004868 secs]
41.819: [GC 41.819: [DefNew: 554K->64K(576K), 0.0004807 secs] 3839K->3485K(6224K), 0.0005279 secs]
41.823: [GC 41.823: [DefNew: 572K->63K(576K), 0.0004284 secs] 3993K->3576K(6224K), 0.0004711 secs]
41.833: [GC 41.833: [DefNew: 575K->63K(576K), 0.0003637 secs] 4088K->3715K(6224K), 0.0004057 secs]
41.842: [GC 41.842: [DefNew: 575K->63K(576K), 0.0004046 secs] 4227K->3853K(6224K), 0.0004456 secs]
41.851: [GC 41.851: [DefNew: 533K->63K(576K), 0.0004791 secs] 4322K->4001K(6224K), 0.0005238 secs]
41.855: [GC 41.855: [DefNew: 552K->63K(576K), 0.0003979 secs] 4489K->4093K(6224K), 0.0004388 secs]
41.863: [GC 41.863: [DefNew: 575K->63K(576K), 0.0004381 secs] 4605K->4212K(6224K), 0.0004811 secs]
41.872: [GC 41.872: [DefNew: 575K->63K(576K), 0.0003830 secs] 4724K->4349K(6224K), 0.0004253 secs]
41.882: [GC 41.882: [DefNew: 559K->63K(576K), 0.0005113 secs] 4845K->4541K(6224K), 0.0005605 secs]
41.886: [GC 41.886: [DefNew: 575K->63K(576K), 0.0004568 secs] 5053K->4643K(6224K), 0.0004988 secs]
41.892: [GC 41.892: [DefNew: 565K->23K(576K), 0.0002980 secs] 5144K->4632K(6224K), 0.0003422 secs]
41.897: [GC 41.897: [DefNew: 535K->19K(576K), 0.0001956 secs] 5144K->4628K(6224K), 0.0002358 secs]
41.903: [GC 41.903: [DefNew: 531K->12K(576K), 0.0002046 secs] 5140K->4621K(6224K), 0.0002483 secs]
41.909: [GC 41.909: [DefNew: 524K->7K(576K), 0.0002412 secs] 5133K->4616K(6224K), 0.0002891 secs]
41.914: [GC 41.914: [DefNew: 367K->50K(576K), 0.0003213 secs] 4976K->4736K(6224K), 0.0003676 secs]
41.919: [GC 41.920: [DefNew: 495K->64K(576K), 0.0003403 secs] 5181K->4773K(6224K), 0.0003846 secs]
41.927: [GC 41.927: [DefNew: 576K->63K(576K), 0.0003614 secs] 5285K->4794K(6224K), 0.0004176 secs]
41.932: [GC 41.932: [DefNew: 566K->64K(576K), 0.0002770 secs] 5297K->4803K(6224K), 0.0003197 secs]
41.938: [GC 41.938: [DefNew: 576K->63K(576K), 0.0004355 secs] 5315K->4964K(6224K), 0.0004870 secs]
41.943: [GC 41.943: [DefNew: 575K->63K(576K), 0.0003151 secs] 5476K->4966K(6224K), 0.0003594 secs]
41.954: [GC 41.954: [DefNew: 566K->48K(576K), 0.0002249 secs] 5469K->4999K(6224K), 0.0002689 secs]
41.958: [GC 41.958: [DefNew: 556K->63K(576K), 0.0003559 secs] 5507K->5091K(6224K), 0.0003974 secs]
41.966: [GC 41.966: [DefNew: 575K->63K(576K), 0.0004272 secs] 5603K->5210K(6224K), 0.0004689 secs]
41.975: [GC 41.975: [DefNew: 575K->64K(576K), 0.0003971 secs] 5722K->5347K(6224K), 0.0004398 secs]
41.985: [GC 41.985: [DefNew: 559K->64K(576K), 0.0004380 secs] 5842K->5539K(6224K), 0.0004828 secs]
41.991: [GC 41.991: [DefNew: 571K->63K(576K), 0.0004261 secs] 6046K->5655K(6224K), 0.0004676 secs]
41.996: [GC 41.996: [DefNew: 575K->60K(576K), 0.0004270 secs]41.997: [Tenured: 5703K->1703K(5776K), 0.0312247 secs] 6167K->1703K(6352K), 0.0317577 secs]
42.037: [GC 42.037: [DefNew: 512K->63K(576K), 0.0003653 secs] 2215K->1841K(6224K), 0.0004103 secs]
42.047: [GC 42.047: [DefNew: 575K->63K(576K), 0.0004584 secs] 2353K->1979K(6224K), 0.0005084 secs]
42.056: [GC 42.056: [DefNew: 555K->63K(576K), 0.0004423 secs] 2470K->2134K(6224K), 0.0004869 secs]
42.060: [GC 42.060: [DefNew: 573K->63K(576K), 0.0004774 secs] 2644K->2226K(6224K), 0.0005255 secs]
42.068: [GC 42.068: [DefNew: 575K->63K(576K), 0.0004235 secs] 2738K->2346K(6224K), 0.0004647 secs]
42.077: [GC 42.077: [DefNew: 575K->64K(576K), 0.0004522 secs] 2858K->2483K(6224K), 0.0004988 secs]
42.083: [GC 42.083: [DefNew: 568K->64K(576K), 0.0004457 secs] 2988K->2608K(6224K), 0.0004887 secs]
42.088: [GC 42.088: [DefNew: 576K->64K(576K), 0.0003198 secs] 3120K->2770K(6224K), 0.0003647 secs]
42.094: [GC 42.094: [DefNew: 576K->64K(576K), 0.0002818 secs] 3282K->2776K(6224K), 0.0003246 secs]
42.099: [GC 42.099: [DefNew: 576K->64K(576K), 0.0002466 secs] 3288K->2777K(6224K), 0.0002905 secs]
42.105: [GC 42.105: [DefNew: 547K->44K(576K), 0.0002685 secs] 3261K->2758K(6224K), 0.0003151 secs]
42.111: [GC 42.111: [DefNew: 552K->37K(576K), 0.0002919 secs] 3266K->2751K(6224K), 0.0003394 secs]
42.116: [GC 42.116: [DefNew: 549K->34K(576K), 0.0002614 secs] 3263K->2748K(6224K), 0.0003052 secs]
42.122: [GC 42.122: [DefNew: 537K->23K(576K), 0.0002198 secs] 3252K->2738K(6224K), 0.0002634 secs]
42.127: [GC 42.128: [DefNew: 535K->19K(576K), 0.0002456 secs] 3250K->2733K(6224K), 0.0002917 secs]
42.133: [GC 42.133: [DefNew: 529K->12K(576K), 0.0002416 secs] 3244K->2726K(6224K), 0.0002833 secs]
42.138: [GC 42.138: [DefNew: 515K->0K(576K), 0.0001689 secs] 3229K->2714K(6224K), 0.0002115 secs]
42.148: [GC 42.148: [DefNew: 512K->63K(576K), 0.0003210 secs] 3226K->2852K(6224K), 0.0003651 secs]
42.157: [GC 42.157: [DefNew: 575K->63K(576K), 0.0004171 secs] 3364K->2990K(6224K), 0.0004620 secs]
42.166: [GC 42.166: [DefNew: 536K->63K(576K), 0.0004234 secs] 3463K->3138K(6224K), 0.0004685 secs]
42.170: [GC 42.170: [DefNew: 572K->64K(576K), 0.0004051 secs] 3646K->3230K(6224K), 0.0004470 secs]
42.178: [GC 42.178: [DefNew: 576K->64K(576K), 0.0004448 secs] 3742K->3354K(6224K), 0.0004899 secs]
42.188: [GC 42.188: [DefNew: 576K->64K(576K), 0.0004679 secs] 3866K->3492K(6224K), 0.0005132 secs]
42.197: [GC 42.197: [DefNew: 536K->63K(576K), 0.0004548 secs] 3965K->3678K(6224K), 0.0005028 secs]
42.203: [GC 42.203: [DefNew: 571K->63K(576K), 0.0004703 secs] 4186K->3794K(6224K), 0.0005159 secs]
42.209: [GC 42.209: [DefNew: 575K->60K(576K), 0.0004145 secs] 4306K->3903K(6224K), 0.0004598 secs]
42.218: [GC 42.218: [DefNew: 572K->64K(576K), 0.0004646 secs] 4415K->4041K(6224K), 0.0005075 secs]
42.228: [GC 42.228: [DefNew: 576K->63K(576K), 0.0003829 secs] 4553K->4179K(6224K), 0.0004264 secs]
42.238: [GC 42.238: [DefNew: 555K->63K(576K), 0.0005276 secs] 4670K->4334K(6224K), 0.0005735 secs]
42.240: [GC 42.240: [DefNew: 575K->63K(576K), 0.0004571 secs] 4846K->4413K(6224K), 0.0004982 secs]
42.246: [GC 42.246: [DefNew: 575K->4K(576K), 0.0002668 secs] 4925K->4407K(6224K), 0.0003100 secs]
42.252: [GC 42.252: [DefNew: 373K->50K(576K), 0.0003216 secs] 4776K->4529K(6224K), 0.0003685 secs]
42.257: [GC 42.257: [DefNew: 493K->64K(576K), 0.0002861 secs] 4972K->4567K(6224K), 0.0003279 secs]
42.262: [GC 42.262: [DefNew: 576K->63K(576K), 0.0002647 secs] 5079K->4588K(6224K), 0.0003052 secs]
42.268: [GC 42.268: [DefNew: 567K->64K(576K), 0.0002790 secs] 5091K->4596K(6224K), 0.0003243 secs]
42.273: [GC 42.273: [DefNew: 576K->64K(576K), 0.0003842 secs] 5108K->4757K(6224K), 0.0004311 secs]
42.279: [GC 42.279: [DefNew: 576K->63K(576K), 0.0003149 secs] 5269K->4759K(6224K), 0.0003586 secs]
42.284: [GC 42.284: [DefNew: 538K->44K(576K), 0.0002476 secs] 5234K->4740K(6224K), 0.0002896 secs]
42.290: [GC 42.290: [DefNew: 555K->37K(576K), 0.0002286 secs] 5251K->4733K(6224K), 0.0002744 secs]
42.295: [GC 42.295: [DefNew: 549K->34K(576K), 0.0002668 secs] 5245K->4730K(6224K), 0.0003084 secs]
42.304: [GC 42.304: [DefNew: 543K->48K(576K), 0.0002100 secs] 5239K->4744K(6224K), 0.0002549 secs]
42.309: [GC 42.309: [DefNew: 560K->63K(576K), 0.0003924 secs] 5256K->4848K(6224K), 0.0004395 secs]
42.319: [GC 42.319: [DefNew: 575K->63K(576K), 0.0004593 secs] 5360K->4986K(6224K), 0.0005046 secs]
42.328: [GC 42.328: [DefNew: 575K->63K(576K), 0.0003866 secs] 5498K->5124K(6224K), 0.0004294 secs]
42.336: [GC 42.336: [DefNew: 556K->64K(576K), 0.0004612 secs] 5616K->5260K(6224K), 0.0005040 secs]
42.340: [GC 42.340: [DefNew: 573K->63K(576K), 0.0004072 secs] 5769K->5352K(6224K), 0.0004475 secs]
42.349: [GC 42.349: [DefNew: 575K->63K(576K), 0.0003876 secs] 5864K->5490K(6224K), 0.0004321 secs]
42.359: [GC 42.359: [DefNew: 575K->63K(576K), 0.0004444 secs] 6002K->5628K(6224K), 0.0004891 secs]
42.368: [GC 42.368: [DefNew: 533K->63K(576K), 0.0005145 secs]42.369: [Tenured: 5712K->1971K(5776K), 0.0311710 secs] 6098K->1971K(6352K), 0.0317942 secs]
42.404: [GC 42.404: [DefNew: 506K->64K(576K), 0.0004832 secs] 2477K->2158K(6224K), 0.0005325 secs]
42.411: [GC 42.411: [DefNew: 576K->63K(576K), 0.0004167 secs] 2670K->2282K(6224K), 0.0004622 secs]
42.421: [GC 42.421: [DefNew: 575K->64K(576K), 0.0004113 secs] 2794K->2420K(6224K), 0.0004539 secs]
42.430: [GC 42.430: [DefNew: 533K->64K(576K), 0.0004658 secs] 2890K->2607K(6224K), 0.0005205 secs]
42.434: [GC 42.434: [DefNew: 576K->64K(576K), 0.0004582 secs] 3119K->2709K(6224K), 0.0005018 secs]
42.440: [GC 42.440: [DefNew: 567K->23K(576K), 0.0003172 secs] 3212K->2698K(6224K), 0.0003632 secs]
42.446: [GC 42.446: [DefNew: 535K->19K(576K), 0.0002140 secs] 3210K->2694K(6224K), 0.0002557 secs]
42.451: [GC 42.451: [DefNew: 531K->13K(576K), 0.0002102 secs] 3206K->2687K(6224K), 0.0002524 secs]
42.457: [GC 42.457: [DefNew: 525K->7K(576K), 0.0001951 secs] 3199K->2682K(6224K), 0.0002384 secs]
42.462: [GC 42.462: [DefNew: 369K->50K(576K), 0.0002647 secs] 3044K->2802K(6224K), 0.0003061 secs]
42.467: [GC 42.467: [DefNew: 493K->63K(576K), 0.0003138 secs] 3245K->2839K(6224K), 0.0003553 secs]
42.473: [GC 42.473: [DefNew: 575K->64K(576K), 0.0003323 secs] 3351K->2860K(6224K), 0.0003785 secs]
42.479: [GC 42.479: [DefNew: 565K->64K(576K), 0.0003045 secs] 3362K->2869K(6224K), 0.0003475 secs]
42.484: [GC 42.484: [DefNew: 576K->63K(576K), 0.0003389 secs] 3381K->3030K(6224K), 0.0003846 secs]
42.490: [GC 42.490: [DefNew: 575K->64K(576K), 0.0003097 secs] 3542K->3032K(6224K), 0.0003554 secs]
42.501: [GC 42.501: [DefNew: 568K->48K(576K), 0.0002459 secs] 3536K->3065K(6224K), 0.0002940 secs]
42.505: [GC 42.505: [DefNew: 556K->63K(576K), 0.0003693 secs] 3573K->3156K(6224K), 0.0004114 secs]
42.512: [GC 42.512: [DefNew: 575K->63K(576K), 0.0004409 secs] 3668K->3276K(6224K), 0.0004864 secs]
42.521: [GC 42.521: [DefNew: 575K->64K(576K), 0.0003874 secs] 3788K->3413K(6224K), 0.0004305 secs]
42.531: [GC 42.531: [DefNew: 560K->64K(576K), 0.0004815 secs] 3909K->3604K(6224K), 0.0005275 secs]
42.537: [GC 42.537: [DefNew: 571K->63K(576K), 0.0004378 secs] 4112K->3720K(6224K), 0.0004815 secs]
42.542: [GC 42.542: [DefNew: 575K->60K(576K), 0.0003766 secs] 4232K->3829K(6224K), 0.0004171 secs]
42.552: [GC 42.552: [DefNew: 572K->63K(576K), 0.0004748 secs] 4341K->3967K(6224K), 0.0005268 secs]
42.561: [GC 42.561: [DefNew: 575K->63K(576K), 0.0004433 secs] 4479K->4105K(6224K), 0.0004889 secs]
42.571: [GC 42.571: [DefNew: 575K->63K(576K), 0.0004686 secs] 4617K->4260K(6224K), 0.0005145 secs]
42.575: [GC 42.575: [DefNew: 571K->64K(576K), 0.0004100 secs] 4768K->4352K(6224K), 0.0004520 secs]
42.583: [GC 42.583: [DefNew: 576K->63K(576K), 0.0004437 secs] 4864K->4476K(6224K), 0.0004881 secs]
42.592: [GC 42.592: [DefNew: 575K->63K(576K), 0.0004958 secs] 4988K->4614K(6224K), 0.0005419 secs]
42.598: [GC 42.598: [DefNew: 575K->63K(576K), 0.0004639 secs] 5126K->4743K(6224K), 0.0005079 secs]
42.603: [GC 42.603: [DefNew: 565K->64K(576K), 0.0002877 secs] 5245K->4758K(6224K), 0.0003336 secs]
42.609: [GC 42.609: [DefNew: 576K->63K(576K), 0.0003703 secs] 5270K->4920K(6224K), 0.0004171 secs]
42.615: [GC 42.615: [DefNew: 575K->63K(576K), 0.0003147 secs] 5432K->4925K(6224K), 0.0003579 secs]
42.620: [GC 42.620: [DefNew: 575K->63K(576K), 0.0002588 secs] 5437K->4927K(6224K), 0.0003020 secs]
42.626: [GC 42.626: [DefNew: 548K->44K(576K), 0.0003068 secs] 5412K->4908K(6224K), 0.0003553 secs]
42.632: [GC 42.632: [DefNew: 555K->37K(576K), 0.0002629 secs] 5418K->4901K(6224K), 0.0003049 secs]
42.637: [GC 42.637: [DefNew: 549K->34K(576K), 0.0002265 secs] 5413K->4898K(6224K), 0.0002671 secs]
42.643: [GC 42.643: [DefNew: 536K->23K(576K), 0.0002346 secs] 5400K->4887K(6224K), 0.0002781 secs]
42.648: [GC 42.648: [DefNew: 535K->19K(576K), 0.0002518 secs] 5399K->4883K(6224K), 0.0002936 secs]
42.655: [GC 42.655: [DefNew: 527K->24K(576K), 0.0002052 secs] 5391K->4888K(6224K), 0.0002509 secs]
42.663: [GC 42.663: [DefNew: 536K->64K(576K), 0.0003360 secs] 5400K->5007K(6224K), 0.0003784 secs]
42.672: [GC 42.672: [DefNew: 576K->63K(576K), 0.0004314 secs] 5519K->5144K(6224K), 0.0004767 secs]
42.682: [GC 42.682: [DefNew: 559K->63K(576K), 0.0004780 secs] 5640K->5336K(6224K), 0.0005259 secs]
42.688: [GC 42.688: [DefNew: 571K->63K(576K), 0.0005468 secs] 5843K->5452K(6224K), 0.0005951 secs]
42.694: [GC 42.694: [DefNew: 575K->60K(576K), 0.0003920 secs] 5964K->5560K(6224K), 0.0004335 secs]
42.703: [GC 42.703: [DefNew: 572K->64K(576K), 0.0005105 secs] 6072K->5698K(6224K), 0.0005591 secs]
42.713: [GC 42.713: [DefNew: 576K->63K(576K), 0.0005032 secs]42.713: [Tenured: 5773K->1815K(5776K), 0.0311893 secs] 6210K->1815K(6352K), 0.0318131 secs]
42.754: [GC 42.754: [DefNew: 489K->63K(576K), 0.0004537 secs] 2304K->1971K(6224K), 0.0005028 secs]
42.758: [GC 42.758: [DefNew: 572K->63K(576K), 0.0004499 secs] 2479K->2062K(6224K), 0.0004975 secs]
42.765: [GC 42.766: [DefNew: 575K->64K(576K), 0.0004547 secs] 2574K->2182K(6224K), 0.0004983 secs]
42.775: [GC 42.775: [DefNew: 576K->63K(576K), 0.0004348 secs] 2694K->2319K(6224K), 0.0004812 secs]
42.784: [GC 42.784: [DefNew: 559K->63K(576K), 0.0005116 secs] 2815K->2511K(6224K), 0.0005598 secs]
42.788: [GC 42.788: [DefNew: 575K->63K(576K), 0.0004406 secs] 3023K->2613K(6224K), 0.0004813 secs]
42.794: [GC 42.794: [DefNew: 565K->23K(576K), 0.0003177 secs] 3114K->2602K(6224K), 0.0003645 secs]
42.800: [GC 42.800: [DefNew: 535K->19K(576K), 0.0002378 secs] 3114K->2598K(6224K), 0.0002828 secs]
42.805: [GC 42.805: [DefNew: 531K->13K(576K), 0.0002388 secs] 3110K->2591K(6224K), 0.0002854 secs]
42.812: [GC 42.812: [DefNew: 525K->7K(576K), 0.0002458 secs] 3103K->2586K(6224K), 0.0002940 secs]
42.817: [GC 42.817: [DefNew: 370K->50K(576K), 0.0002643 secs] 2949K->2706K(6224K), 0.0003071 secs]
42.822: [GC 42.822: [DefNew: 495K->63K(576K), 0.0003584 secs] 3150K->2743K(6224K), 0.0004057 secs]
42.828: [GC 42.828: [DefNew: 575K->63K(576K), 0.0003319 secs] 3255K->2764K(6224K), 0.0003760 secs]
42.834: [GC 42.834: [DefNew: 565K->63K(576K), 0.0003258 secs] 3266K->2773K(6224K), 0.0003754 secs]
42.839: [GC 42.839: [DefNew: 575K->64K(576K), 0.0003009 secs] 3285K->2934K(6224K), 0.0003481 secs]
42.845: [GC 42.845: [DefNew: 576K->63K(576K), 0.0003248 secs] 3446K->2937K(6224K), 0.0003714 secs]
42.856: [GC 42.856: [DefNew: 566K->48K(576K), 0.0002538 secs] 3439K->2969K(6224K), 0.0003074 secs]
42.860: [GC 42.860: [DefNew: 556K->63K(576K), 0.0003845 secs] 3477K->3061K(6224K), 0.0004379 secs]
42.867: [GC 42.867: [DefNew: 575K->63K(576K), 0.0004615 secs] 3573K->3180K(6224K), 0.0005063 secs]
42.877: [GC 42.877: [DefNew: 575K->64K(576K), 0.0004508 secs] 3692K->3317K(6224K), 0.0004994 secs]
42.886: [GC 42.886: [DefNew: 559K->63K(576K), 0.0004574 secs] 3812K->3509K(6224K), 0.0005049 secs]
42.892: [GC 42.892: [DefNew: 571K->63K(576K), 0.0004494 secs] 4017K->3625K(6224K), 0.0004938 secs]
42.898: [GC 42.898: [DefNew: 575K->60K(576K), 0.0004072 secs] 4137K->3733K(6224K), 0.0004520 secs]
42.908: [GC 42.908: [DefNew: 572K->63K(576K), 0.0004856 secs] 4245K->3871K(6224K), 0.0005309 secs]
42.917: [GC 42.917: [DefNew: 575K->63K(576K), 0.0004572 secs] 4383K->4010K(6224K), 0.0005049 secs]
42.928: [GC 42.928: [DefNew: 574K->63K(576K), 0.0005327 secs] 4520K->4165K(6224K), 0.0005827 secs]
42.932: [GC 42.932: [DefNew: 571K->64K(576K), 0.0004224 secs] 4672K->4257K(6224K), 0.0004649 secs]
42.939: [GC 42.939: [DefNew: 576K->64K(576K), 0.0004573 secs] 4769K->4380K(6224K), 0.0005029 secs]
42.949: [GC 42.949: [DefNew: 576K->63K(576K), 0.0004731 secs] 4892K->4519K(6224K), 0.0005154 secs]
42.955: [GC 42.955: [DefNew: 575K->64K(576K), 0.0004716 secs] 5031K->4647K(6224K), 0.0005141 secs]
42.960: [GC 42.960: [DefNew: 565K->64K(576K), 0.0002864 secs] 5149K->4662K(6224K), 0.0003301 secs]
42.966: [GC 42.966: [DefNew: 576K->64K(576K), 0.0003778 secs] 5174K->4824K(6224K), 0.0004247 secs]
42.971: [GC 42.971: [DefNew: 576K->64K(576K), 0.0002808 secs] 5336K->4830K(6224K), 0.0003246 secs]
42.977: [GC 42.977: [DefNew: 576K->64K(576K), 0.0002471 secs] 5342K->4831K(6224K), 0.0002900 secs]
42.982: [GC 42.982: [DefNew: 546K->44K(576K), 0.0002987 secs] 5314K->4812K(6224K), 0.0003445 secs]
42.988: [GC 42.988: [DefNew: 554K->37K(576K), 0.0002713 secs] 5323K->4805K(6224K), 0.0003156 secs]
42.994: [GC 42.994: [DefNew: 549K->34K(576K), 0.0002279 secs] 5317K->4802K(6224K), 0.0002708 secs]
42.999: [GC 42.999: [DefNew: 539K->23K(576K), 0.0002434 secs] 5307K->4792K(6224K), 0.0002896 secs]
43.005: [GC 43.005: [DefNew: 535K->18K(576K), 0.0002532 secs] 5304K->4787K(6224K), 0.0002949 secs]
43.012: [GC 43.012: [DefNew: 526K->24K(576K), 0.0002230 secs] 5295K->4792K(6224K), 0.0002710 secs]
43.019: [GC 43.019: [DefNew: 536K->63K(576K), 0.0003467 secs] 5304K->4911K(6224K), 0.0003912 secs]
43.028: [GC 43.029: [DefNew: 575K->64K(576K), 0.0003788 secs] 5423K->5049K(6224K), 0.0004205 secs]
43.038: [GC 43.038: [DefNew: 559K->64K(576K), 0.0004346 secs] 5544K->5240K(6224K), 0.0004798 secs]
43.044: [GC 43.044: [DefNew: 572K->63K(576K), 0.0004488 secs] 5749K->5356K(6224K), 0.0004918 secs]
43.050: [GC 43.050: [DefNew: 575K->60K(576K), 0.0004083 secs] 5868K->5465K(6224K), 0.0004564 secs]
43.059: [GC 43.059: [DefNew: 572K->63K(576K), 0.0004928 secs] 5977K->5603K(6224K), 0.0005385 secs]
43.069: [GC 43.069: [DefNew: 575K->63K(576K), 0.0004663 secs]43.069: [Tenured: 5677K->1815K(5776K), 0.0309858 secs] 6115K->1815K(6352K), 0.0315539 secs]
43.110: [GC 43.110: [DefNew: 489K->63K(576K), 0.0004461 secs] 2305K->1971K(6224K), 0.0004943 secs]
43.113: [GC 43.114: [DefNew: 571K->63K(576K), 0.0004627 secs] 2478K->2062K(6224K), 0.0005090 secs]
43.121: [GC 43.121: [DefNew: 575K->63K(576K), 0.0004541 secs] 2574K->2182K(6224K), 0.0004996 secs]
43.131: [GC 43.131: [DefNew: 575K->64K(576K), 0.0005027 secs] 2694K->2319K(6224K), 0.0005509 secs]
43.140: [GC 43.140: [DefNew: 559K->63K(576K), 0.0005211 secs] 2815K->2511K(6224K), 0.0005737 secs]
43.144: [GC 43.144: [DefNew: 575K->63K(576K), 0.0004805 secs] 3023K->2613K(6224K), 0.0005227 secs]
43.150: [GC 43.150: [DefNew: 565K->23K(576K), 0.0003257 secs] 3115K->2602K(6224K), 0.0003719 secs]
43.155: [GC 43.155: [DefNew: 535K->19K(576K), 0.0002603 secs] 3114K->2598K(6224K), 0.0003079 secs]
43.161: [GC 43.161: [DefNew: 531K->12K(576K), 0.0002504 secs] 3110K->2591K(6224K), 0.0002984 secs]
43.167: [GC 43.167: [DefNew: 524K->7K(576K), 0.0002367 secs] 3103K->2586K(6224K), 0.0002845 secs]
43.172: [GC 43.173: [DefNew: 368K->50K(576K), 0.0003066 secs] 2946K->2706K(6224K), 0.0003531 secs]
43.178: [GC 43.178: [DefNew: 494K->63K(576K), 0.0003611 secs] 3150K->2743K(6224K), 0.0004098 secs]
43.184: [GC 43.184: [DefNew: 575K->63K(576K), 0.0003258 secs] 3255K->2764K(6224K), 0.0003677 secs]
43.190: [GC 43.190: [DefNew: 575K->63K(576K), 0.0003197 secs] 3276K->2779K(6224K), 0.0003685 secs]
43.195: [GC 43.195: [DefNew: 575K->63K(576K), 0.0003489 secs] 3291K->2941K(6224K), 0.0003948 secs]
43.201: [GC 43.201: [DefNew: 575K->64K(576K), 0.0003286 secs] 3453K->2946K(6224K), 0.0003757 secs]
43.212: [GC 43.212: [DefNew: 555K->48K(576K), 0.0002781 secs] 3438K->2978K(6224K), 0.0003282 secs]
43.216: [GC 43.216: [DefNew: 556K->63K(576K), 0.0003521 secs] 3486K->3070K(6224K), 0.0003930 secs]
43.223: [GC 43.223: [DefNew: 575K->64K(576K), 0.0004692 secs] 3582K->3189K(6224K), 0.0005156 secs]
43.233: [GC 43.233: [DefNew: 576K->63K(576K), 0.0004913 secs] 3701K->3327K(6224K), 0.0005421 secs]
43.242: [GC 43.242: [DefNew: 562K->63K(576K), 0.0004767 secs] 3825K->3518K(6224K), 0.0005253 secs]
43.248: [GC 43.248: [DefNew: 570K->63K(576K), 0.0004959 secs] 4025K->3634K(6224K), 0.0005449 secs]
43.255: [GC 43.255: [DefNew: 575K->60K(576K), 0.0004613 secs] 4146K->3742K(6224K), 0.0005095 secs]
43.264: [GC 43.264: [DefNew: 572K->63K(576K), 0.0005127 secs] 4254K->3881K(6224K), 0.0005583 secs]
43.273: [GC 43.273: [DefNew: 575K->63K(576K), 0.0004489 secs] 4393K->4019K(6224K), 0.0004962 secs]
43.283: [GC 43.283: [DefNew: 574K->63K(576K), 0.0005289 secs] 4530K->4174K(6224K), 0.0008775 secs]
43.287: [GC 43.287: [DefNew: 570K->64K(576K), 0.0004176 secs] 4681K->4266K(6224K), 0.0004604 secs]
43.295: [GC 43.295: [DefNew: 576K->63K(576K), 0.0005167 secs] 4778K->4390K(6224K), 0.0005650 secs]
43.305: [GC 43.305: [DefNew: 575K->63K(576K), 0.0005394 secs] 4902K->4528K(6224K), 0.0005945 secs]
43.312: [GC 43.312: [DefNew: 575K->63K(576K), 0.0005884 secs] 5040K->4657K(6224K), 0.0006374 secs]
43.320: [GC 43.320: [DefNew: 575K->63K(576K), 0.0003330 secs] 5169K->4678K(6224K), 0.0003817 secs]
43.326: [GC 43.326: [DefNew: 569K->63K(576K), 0.0003395 secs] 5183K->4687K(6224K), 0.0003927 secs]
43.332: [GC 43.332: [DefNew: 575K->63K(576K), 0.0003376 secs] 5199K->4847K(6224K), 0.0003865 secs]
43.337: [GC 43.337: [DefNew: 575K->63K(576K), 0.0002913 secs] 5359K->4850K(6224K), 0.0003370 secs]
43.343: [GC 43.343: [DefNew: 541K->44K(576K), 0.0002866 secs] 5327K->4831K(6224K), 0.0003335 secs]
43.348: [GC 43.348: [DefNew: 554K->37K(576K), 0.0002604 secs] 5341K->4824K(6224K), 0.0003036 secs]
43.354: [GC 43.354: [DefNew: 549K->34K(576K), 0.0002563 secs] 5336K->4821K(6224K), 0.0003031 secs]
43.360: [GC 43.360: [DefNew: 538K->23K(576K), 0.0002613 secs] 5325K->4810K(6224K), 0.0003073 secs]
43.365: [GC 43.365: [DefNew: 535K->19K(576K), 0.0002590 secs] 5322K->4806K(6224K), 0.0003002 secs]
43.372: [GC 43.372: [DefNew: 526K->24K(576K), 0.0002391 secs] 5313K->4811K(6224K), 0.0002870 secs]
43.380: [GC 43.380: [DefNew: 536K->63K(576K), 0.0003683 secs] 5323K->4930K(6224K), 0.0004141 secs]
43.389: [GC 43.389: [DefNew: 575K->63K(576K), 0.0004249 secs] 5442K->5067K(6224K), 0.0004709 secs]
43.399: [GC 43.399: [DefNew: 561K->64K(576K), 0.0005239 secs] 5564K->5259K(6224K), 0.0005724 secs]
43.405: [GC 43.405: [DefNew: 572K->63K(576K), 0.0004784 secs] 5768K->5375K(6224K), 0.0005236 secs]
43.410: [GC 43.411: [DefNew: 575K->59K(576K), 0.0004142 secs] 5887K->5483K(6224K), 0.0004636 secs]
43.420: [GC 43.420: [DefNew: 571K->64K(576K), 0.0005309 secs] 5995K->5621K(6224K), 0.0005790 secs]
43.430: [GC 43.430: [DefNew: 576K->63K(576K), 0.0004795 secs]43.430: [Tenured: 5695K->1815K(5776K), 0.0316308 secs] 6133K->1815K(6352K), 0.0322138 secs]
43.471: [GC 43.471: [DefNew: 489K->64K(576K), 0.0004775 secs] 2305K->1971K(6224K), 0.0005287 secs]
43.475: [GC 43.475: [DefNew: 572K->63K(576K), 0.0004317 secs] 2479K->2063K(6224K), 0.0004767 secs]
43.483: [GC 43.483: [DefNew: 575K->63K(576K), 0.0005038 secs] 2575K->2182K(6224K), 0.0005511 secs]
43.493: [GC 43.493: [DefNew: 575K->64K(576K), 0.0004828 secs] 2694K->2319K(6224K), 0.0005336 secs]
43.502: [GC 43.502: [DefNew: 560K->63K(576K), 0.0004924 secs] 2816K->2511K(6224K), 0.0005487 secs]
43.506: [GC 43.506: [DefNew: 575K->64K(576K), 0.0004826 secs] 3023K->2613K(6224K), 0.0005264 secs]
43.512: [GC 43.512: [DefNew: 566K->23K(576K), 0.0002932 secs] 3116K->2602K(6224K), 0.0003363 secs]
43.517: [GC 43.517: [DefNew: 535K->19K(576K), 0.0002428 secs] 3114K->2598K(6224K), 0.0002882 secs]
43.523: [GC 43.523: [DefNew: 531K->13K(576K), 0.0002097 secs] 3110K->2592K(6224K), 0.0002546 secs]
43.528: [GC 43.529: [DefNew: 525K->7K(576K), 0.0001991 secs] 3104K->2586K(6224K), 0.0002414 secs]
43.534: [GC 43.534: [DefNew: 367K->50K(576K), 0.0002776 secs] 2946K->2706K(6224K), 0.0003219 secs]
43.539: [GC 43.539: [DefNew: 494K->63K(576K), 0.0003153 secs] 3150K->2744K(6224K), 0.0003566 secs]
43.545: [GC 43.545: [DefNew: 575K->64K(576K), 0.0003293 secs] 3256K->2765K(6224K), 0.0003724 secs]
43.550: [GC 43.550: [DefNew: 565K->63K(576K), 0.0002567 secs] 3266K->2774K(6224K), 0.0002984 secs]
43.556: [GC 43.556: [DefNew: 575K->63K(576K), 0.0003979 secs] 3286K->2934K(6224K), 0.0004487 secs]
43.563: [GC 43.563: [DefNew: 575K->63K(576K), 0.0003483 secs] 3446K->2937K(6224K), 0.0003980 secs]
"Elapsed time: 7331.525862 msecs"
(used:3M/2M [6M,31M ])
43.570: [GC 43.570: [DefNew: 575K->48K(576K), 0.0004771 secs] 3449K->2921K(6224K), 0.0005279 secs]
43.577: [GC 43.577: [DefNew: 560K->63K(576K), 0.0006591 secs] 3433K->3047K(6224K), 0.0007137 secs]
43.584: [GC 43.584: [DefNew: 562K->63K(576K), 0.0007933 secs] 3545K->3174K(6224K), 0.0008526 secs]
43.589: [GC 43.589: [DefNew: 575K->63K(576K), 0.0008951 secs] 3686K->3281K(6224K), 0.0009670 secs]
43.597: [GC 43.597: [DefNew: 575K->64K(576K), 0.0011347 secs] 3793K->3407K(6224K), 0.0012245 secs]
43.605: [GC 43.605: [DefNew: 576K->64K(576K), 0.0010975 secs] 3919K->3533K(6224K), 0.0011810 secs]
43.613: [GC 43.613: [DefNew: 576K->54K(576K), 0.0005745 secs] 4045K->3588K(6224K), 0.0006273 secs]
43.624: [GC 43.624: [DefNew: 566K->15K(576K), 0.0004570 secs] 4100K->3586K(6224K), 0.0005122 secs]
43.631: [GC 43.631: [DefNew: 524K->10K(576K), 0.0002917 secs] 4096K->3581K(6224K), 0.0003589 secs]
43.638: [GC 43.638: [DefNew: 522K->6K(576K), 0.0002465 secs] 4093K->3577K(6224K), 0.0002900 secs]
43.646: [GC 43.646: [DefNew: 461K->61K(576K), 0.0002810 secs] 4033K->3633K(6224K), 0.0003263 secs]
43.652: [GC 43.652: [DefNew: 573K->50K(576K), 0.0003099 secs] 4145K->3621K(6224K), 0.0003560 secs]
43.658: [GC 43.658: [DefNew: 562K->64K(576K), 0.0005017 secs] 4133K->3747K(6224K), 0.0005476 secs]
43.664: [GC 43.664: [DefNew: 576K->63K(576K), 0.0004728 secs] 4259K->3874K(6224K), 0.0005164 secs]
43.669: [GC 43.669: [DefNew: 575K->63K(576K), 0.0004440 secs] 4386K->3984K(6224K), 0.0004849 secs]
43.675: [GC 43.675: [DefNew: 575K->63K(576K), 0.0005122 secs] 4496K->4111K(6224K), 0.0005572 secs]
43.681: [GC 43.681: [DefNew: 575K->63K(576K), 0.0004407 secs] 4623K->4237K(6224K), 0.0004821 secs]
43.688: [GC 43.688: [DefNew: 575K->59K(576K), 0.0004262 secs] 4749K->4296K(6224K), 0.0004745 secs]
43.695: [GC 43.695: [DefNew: 571K->30K(576K), 0.0002876 secs] 4808K->4294K(6224K), 0.0003310 secs]
43.702: [GC 43.702: [DefNew: 542K->28K(576K), 0.0002325 secs] 4806K->4292K(6224K), 0.0002778 secs]
43.709: [GC 43.709: [DefNew: 530K->18K(576K), 0.0002256 secs] 4794K->4282K(6224K), 0.0002688 secs]
43.716: [GC 43.716: [DefNew: 530K->16K(576K), 0.0002793 secs] 4794K->4280K(6224K), 0.0003267 secs]
43.723: [GC 43.723: [DefNew: 528K->63K(576K), 0.0002849 secs] 4792K->4333K(6224K), 0.0003256 secs]
43.728: [GC 43.729: [DefNew: 575K->63K(576K), 0.0005029 secs] 4845K->4459K(6224K), 0.0005460 secs]
43.735: [GC 43.735: [DefNew: 575K->64K(576K), 0.0004700 secs] 4971K->4585K(6224K), 0.0005136 secs]
43.741: [GC 43.741: [DefNew: 576K->63K(576K), 0.0004874 secs] 5097K->4712K(6224K), 0.0005292 secs]
43.745: [GC 43.745: [DefNew: 555K->63K(576K), 0.0004813 secs] 5204K->4818K(6224K), 0.0005242 secs]
43.751: [GC 43.752: [DefNew: 575K->64K(576K), 0.0005372 secs] 5330K->4945K(6224K), 0.0005825 secs]
43.759: [GC 43.759: [DefNew: 576K->63K(576K), 0.0004021 secs] 5457K->5014K(6224K), 0.0004448 secs]
43.766: [GC 43.766: [DefNew: 575K->56K(576K), 0.0003290 secs] 5526K->5013K(6224K), 0.0003834 secs]
43.774: [GC 43.774: [DefNew: 568K->54K(576K), 0.0003319 secs] 5525K->5012K(6224K), 0.0003792 secs]
43.781: [GC 43.781: [DefNew: 563K->50K(576K), 0.0002851 secs] 5521K->5008K(6224K), 0.0003326 secs]
43.789: [GC 43.789: [DefNew: 537K->32K(576K), 0.0003105 secs] 5494K->4990K(6224K), 0.0003589 secs]
43.796: [GC 43.796: [DefNew: 544K->63K(576K), 0.0003696 secs] 5502K->5054K(6224K), 0.0004134 secs]
43.800: [GC 43.800: [DefNew: 575K->64K(576K), 0.0004433 secs] 5566K->5165K(6224K), 0.0004838 secs]
43.806: [GC 43.806: [DefNew: 576K->63K(576K), 0.0004927 secs] 5677K->5292K(6224K), 0.0005338 secs]
43.813: [GC 43.813: [DefNew: 575K->63K(576K), 0.0005192 secs] 5804K->5417K(6224K), 0.0005649 secs]
43.819: [GC 43.819: [DefNew: 575K->64K(576K), 0.0005350 secs] 5929K->5544K(6224K), 0.0005812 secs]
43.823: [GC 43.823: [DefNew: 576K->64K(576K), 0.0007173 secs] 6056K->5659K(6224K), 0.0007682 secs]
43.832: [GC 43.832: [DefNew: 576K->5K(576K), 0.0004057 secs]43.832: [Tenured: 5650K->1593K(5776K), 0.0328299 secs] 6171K->1593K(6352K), 0.0333371 secs]
43.872: [GC 43.873: [DefNew: 456K->64K(576K), 0.0003625 secs] 2050K->1728K(6224K), 0.0004149 secs]
43.880: [GC 43.880: [DefNew: 576K->59K(576K), 0.0004801 secs] 2240K->1847K(6224K), 0.0005431 secs]
43.888: [GC 43.888: [DefNew: 571K->57K(576K), 0.0002905 secs] 2359K->1844K(6224K), 0.0003383 secs]
43.896: [GC 43.896: [DefNew: 569K->55K(576K), 0.0003268 secs] 2356K->1843K(6224K), 0.0003755 secs]
43.903: [GC 43.903: [DefNew: 567K->63K(576K), 0.0006920 secs] 2355K->1895K(6224K), 0.0007429 secs]
43.909: [GC 43.909: [DefNew: 575K->63K(576K), 0.0005903 secs] 2407K->2022K(6224K), 0.0006387 secs]
43.914: [GC 43.914: [DefNew: 575K->63K(576K), 0.0005348 secs] 2534K->2132K(6224K), 0.0005816 secs]
43.922: [GC 43.922: [DefNew: 575K->63K(576K), 0.0005895 secs] 2644K->2259K(6224K), 0.0006387 secs]
43.929: [GC 43.929: [DefNew: 575K->63K(576K), 0.0005883 secs] 2771K->2385K(6224K), 0.0006407 secs]
43.936: [GC 43.936: [DefNew: 575K->64K(576K), 0.0005933 secs] 2897K->2509K(6224K), 0.0006437 secs]
43.944: [GC 43.944: [DefNew: 575K->25K(576K), 0.0003419 secs] 3020K->2508K(6224K), 0.0003973 secs]
43.952: [GC 43.952: [DefNew: 536K->17K(576K), 0.0003311 secs] 3019K->2501K(6224K), 0.0003846 secs]
43.959: [GC 43.959: [DefNew: 529K->16K(576K), 0.0002799 secs] 3013K->2499K(6224K), 0.0003275 secs]
43.967: [GC 43.967: [DefNew: 528K->10K(576K), 0.0002876 secs] 3011K->2494K(6224K), 0.0003793 secs]
43.974: [GC 43.974: [DefNew: 511K->0K(576K), 0.0002316 secs] 2995K->2483K(6224K), 0.0002823 secs]
43.980: [GC 43.981: [DefNew: 512K->63K(576K), 0.0004775 secs] 2995K->2609K(6224K), 0.0005272 secs]
43.987: [GC 43.987: [DefNew: 575K->63K(576K), 0.0005912 secs] 3121K->2735K(6224K), 0.0006501 secs]
43.994: [GC 43.994: [DefNew: 575K->63K(576K), 0.0005785 secs] 3247K->2862K(6224K), 0.0006303 secs]
43.998: [GC 43.998: [DefNew: 553K->64K(576K), 0.0006024 secs] 3352K->2968K(6224K), 0.0006562 secs]
44.005: [GC 44.005: [DefNew: 576K->63K(576K), 0.0006229 secs] 3480K->3094K(6224K), 0.0006774 secs]
44.012: [GC 44.012: [DefNew: 575K->63K(576K), 0.0006092 secs] 3606K->3230K(6224K), 0.0006596 secs]
44.020: [GC 44.020: [DefNew: 572K->47K(576K), 0.0003224 secs] 3738K->3228K(6224K), 0.0003739 secs]
44.027: [GC 44.027: [DefNew: 538K->32K(576K), 0.0002829 secs] 3718K->3212K(6224K), 0.0003330 secs]
44.035: [GC 44.035: [DefNew: 544K->30K(576K), 0.0002873 secs] 3724K->3210K(6224K), 0.0003365 secs]
44.042: [GC 44.042: [DefNew: 542K->28K(576K), 0.0002657 secs] 3722K->3209K(6224K), 0.0003192 secs]
44.051: [GC 44.051: [DefNew: 540K->28K(576K), 0.0005536 secs] 3721K->3208K(6224K), 0.0006025 secs]
44.055: [GC 44.055: [DefNew: 540K->63K(576K), 0.0004887 secs] 3720K->3319K(6224K), 0.0005356 secs]
44.062: [GC 44.062: [DefNew: 575K->64K(576K), 0.0005529 secs] 3831K->3445K(6224K), 0.0006037 secs]
44.069: [GC 44.069: [DefNew: 576K->63K(576K), 0.0005995 secs] 3957K->3571K(6224K), 0.0006477 secs]
44.075: [GC 44.075: [DefNew: 575K->64K(576K), 0.0006035 secs] 4083K->3698K(6224K), 0.0006526 secs]
44.080: [GC 44.080: [DefNew: 556K->64K(576K), 0.0005627 secs] 4190K->3804K(6224K), 0.0006135 secs]
44.087: [GC 44.087: [DefNew: 557K->64K(576K), 0.0006058 secs] 4298K->3934K(6224K), 0.0006570 secs]
44.094: [GC 44.094: [DefNew: 576K->59K(576K), 0.0003041 secs] 4446K->3933K(6224K), 0.0003523 secs]
44.102: [GC 44.102: [DefNew: 571K->57K(576K), 0.0002962 secs] 4445K->3931K(6224K), 0.0003442 secs]
44.110: [GC 44.110: [DefNew: 569K->55K(576K), 0.0003613 secs] 4443K->3929K(6224K), 0.0004130 secs]
44.118: [GC 44.118: [DefNew: 567K->54K(576K), 0.0003226 secs] 4441K->3928K(6224K), 0.0003724 secs]
44.127: [GC 44.127: [DefNew: 566K->41K(576K), 0.0002994 secs] 4440K->3916K(6224K), 0.0003914 secs]
44.133: [GC 44.133: [DefNew: 553K->63K(576K), 0.0005911 secs] 4428K->4042K(6224K), 0.0006443 secs]
44.138: [GC 44.138: [DefNew: 568K->64K(576K), 0.0005415 secs] 4547K->4151K(6224K), 0.0005932 secs]
44.144: [GC 44.144: [DefNew: 576K->64K(576K), 0.0006072 secs] 4663K->4278K(6224K), 0.0006587 secs]
44.150: [GC 44.150: [DefNew: 576K->63K(576K), 0.0006534 secs] 4790K->4404K(6224K), 0.0010333 secs]
44.157: [GC 44.157: [DefNew: 575K->63K(576K), 0.0006592 secs] 4916K->4531K(6224K), 0.0007128 secs]
44.164: [GC 44.164: [DefNew: 575K->53K(576K), 0.0006204 secs] 5043K->4584K(6224K), 0.0006784 secs]
44.174: [GC 44.174: [DefNew: 565K->15K(576K), 0.0003926 secs] 5096K->4583K(6224K), 0.0004476 secs]
44.183: [GC 44.183: [DefNew: 525K->10K(576K), 0.0003489 secs] 5093K->4577K(6224K), 0.0004022 secs]
44.191: [GC 44.191: [DefNew: 522K->6K(576K), 0.0006189 secs] 5089K->4574K(6224K), 0.0006728 secs]
44.199: [GC 44.199: [DefNew: 462K->61K(576K), 0.0003700 secs] 5029K->4629K(6224K), 0.0004225 secs]
44.207: [GC 44.207: [DefNew: 573K->50K(576K), 0.0003256 secs] 5141K->4618K(6224K), 0.0003773 secs]
44.214: [GC 44.214: [DefNew: 562K->63K(576K), 0.0005685 secs] 5130K->4744K(6224K), 0.0006201 secs]
44.220: [GC 44.221: [DefNew: 552K->63K(576K), 0.0005827 secs] 5232K->4868K(6224K), 0.0006355 secs]
44.226: [GC 44.226: [DefNew: 575K->64K(576K), 0.0005962 secs] 5380K->4975K(6224K), 0.0006500 secs]
44.236: [GC 44.236: [DefNew: 576K->63K(576K), 0.0006185 secs] 5487K->5102K(6224K), 0.0006699 secs]
44.244: [GC 44.244: [DefNew: 575K->63K(576K), 0.0006035 secs] 5614K->5228K(6224K), 0.0006567 secs]
44.250: [GC 44.250: [DefNew: 575K->59K(576K), 0.0004685 secs] 5740K->5288K(6224K), 0.0008505 secs]
44.259: [GC 44.259: [DefNew: 565K->17K(576K), 0.0004464 secs] 5794K->5278K(6224K), 0.0004996 secs]
44.266: [GC 44.267: [DefNew: 529K->15K(576K), 0.0002919 secs] 5790K->5276K(6224K), 0.0003439 secs]
44.275: [GC 44.275: [DefNew: 527K->10K(576K), 0.0003422 secs] 5788K->5271K(6224K), 0.0004651 secs]
44.283: [GC 44.283: [DefNew: 522K->7K(576K), 0.0004140 secs] 5783K->5267K(6224K), 0.0004715 secs]
44.290: [GC 44.291: [DefNew: 519K->63K(576K), 0.0003648 secs] 5779K->5325K(6224K), 0.0004153 secs]
44.297: [GC 44.297: [DefNew: 575K->63K(576K), 0.0006881 secs] 5837K->5451K(6224K), 0.0007429 secs]
44.304: [GC 44.304: [DefNew: 575K->64K(576K), 0.0006698 secs] 5963K->5577K(6224K), 0.0007227 secs]
44.311: [GC 44.311: [DefNew: 576K->63K(576K), 0.0010263 secs]44.312: [Tenured: 5640K->1338K(5648K), 0.0359839 secs] 6089K->1338K(6224K), 0.0371046 secs]
44.352: [GC 44.352: [DefNew: 512K->63K(576K), 0.0005346 secs] 1850K->1449K(6224K), 0.0005840 secs]
44.358: [GC 44.358: [DefNew: 575K->63K(576K), 0.0005441 secs] 1961K->1576K(6224K), 0.0005900 secs]
44.365: [GC 44.365: [DefNew: 575K->63K(576K), 0.0003399 secs] 2088K->1645K(6224K), 0.0003826 secs]
44.373: [GC 44.373: [DefNew: 575K->56K(576K), 0.0002614 secs] 2157K->1644K(6224K), 0.0003032 secs]
44.380: [GC 44.380: [DefNew: 568K->54K(576K), 0.0003026 secs] 2156K->1643K(6224K), 0.0003489 secs]
44.387: [GC 44.387: [DefNew: 565K->50K(576K), 0.0002205 secs] 2154K->1639K(6224K), 0.0002637 secs]
44.395: [GC 44.395: [DefNew: 538K->32K(576K), 0.0002683 secs] 2127K->1621K(6224K), 0.0003128 secs]
44.402: [GC 44.402: [DefNew: 544K->63K(576K), 0.0003123 secs] 2133K->1686K(6224K), 0.0003557 secs]
44.406: [GC 44.406: [DefNew: 575K->63K(576K), 0.0004601 secs] 2198K->1796K(6224K), 0.0005031 secs]
44.412: [GC 44.412: [DefNew: 575K->64K(576K), 0.0004867 secs] 2308K->1923K(6224K), 0.0005366 secs]
44.418: [GC 44.418: [DefNew: 576K->64K(576K), 0.0004432 secs] 2435K->2049K(6224K), 0.0004856 secs]
44.424: [GC 44.424: [DefNew: 576K->63K(576K), 0.0005072 secs] 2561K->2175K(6224K), 0.0005542 secs]
44.429: [GC 44.429: [DefNew: 575K->63K(576K), 0.0004885 secs] 2687K->2290K(6224K), 0.0005311 secs]
44.437: [GC 44.437: [DefNew: 575K->5K(576K), 0.0003230 secs] 2802K->2287K(6224K), 0.0003702 secs]
44.444: [GC 44.444: [DefNew: 461K->61K(576K), 0.0002333 secs] 2744K->2343K(6224K), 0.0002749 secs]
44.451: [GC 44.451: [DefNew: 573K->59K(576K), 0.0002967 secs] 2855K->2342K(6224K), 0.0003389 secs]
44.458: [GC 44.458: [DefNew: 571K->57K(576K), 0.0002376 secs] 2854K->2340K(6224K), 0.0002807 secs]
44.465: [GC 44.465: [DefNew: 569K->55K(576K), 0.0002749 secs] 2852K->2338K(6224K), 0.0003161 secs]
44.472: [GC 44.472: [DefNew: 567K->63K(576K), 0.0003522 secs] 2850K->2391K(6224K), 0.0003956 secs]
44.478: [GC 44.478: [DefNew: 575K->64K(576K), 0.0004353 secs] 2903K->2518K(6224K), 0.0004768 secs]
44.483: [GC 44.483: [DefNew: 576K->63K(576K), 0.0004693 secs] 3030K->2628K(6224K), 0.0005123 secs]
44.489: [GC 44.489: [DefNew: 575K->63K(576K), 0.0004987 secs] 3140K->2755K(6224K), 0.0005416 secs]
44.495: [GC 44.495: [DefNew: 575K->64K(576K), 0.0004642 secs] 3267K->2881K(6224K), 0.0005068 secs]
44.500: [GC 44.500: [DefNew: 576K->63K(576K), 0.0005220 secs] 3393K->3005K(6224K), 0.0005681 secs]
44.508: [GC 44.508: [DefNew: 575K->28K(576K), 0.0002778 secs] 3517K->3007K(6224K), 0.0003209 secs]
44.515: [GC 44.515: [DefNew: 532K->17K(576K), 0.0002439 secs] 3511K->2997K(6224K), 0.0002903 secs]
44.522: [GC 44.522: [DefNew: 529K->16K(576K), 0.0002684 secs] 3509K->2995K(6224K), 0.0003154 secs]
44.529: [GC 44.529: [DefNew: 528K->10K(576K), 0.0002173 secs] 3507K->2990K(6224K), 0.0002600 secs]
44.536: [GC 44.536: [DefNew: 512K->0K(576K), 0.0001845 secs] 3491K->2979K(6224K), 0.0002303 secs]
44.542: [GC 44.542: [DefNew: 512K->63K(576K), 0.0003720 secs] 3491K->3106K(6224K), 0.0004119 secs]
44.548: [GC 44.548: [DefNew: 575K->63K(576K), 0.0004784 secs] 3618K->3232K(6224K), 0.0005228 secs]
44.554: [GC 44.554: [DefNew: 575K->63K(576K), 0.0004432 secs] 3744K->3358K(6224K), 0.0004843 secs]
44.559: [GC 44.559: [DefNew: 554K->64K(576K), 0.0004212 secs] 3849K->3464K(6224K), 0.0004638 secs]
44.565: [GC 44.565: [DefNew: 576K->63K(576K), 0.0005295 secs] 3976K->3591K(6224K), 0.0005754 secs]
44.571: [GC 44.571: [DefNew: 575K->64K(576K), 0.0005545 secs] 4103K->3726K(6224K), 0.0006019 secs]
44.578: [GC 44.578: [DefNew: 571K->47K(576K), 0.0002762 secs] 4233K->3724K(6224K), 0.0003197 secs]
44.586: [GC 44.586: [DefNew: 537K->32K(576K), 0.0002353 secs] 4214K->3709K(6224K), 0.0002767 secs]
44.593: [GC 44.593: [DefNew: 544K->30K(576K), 0.0002844 secs] 4221K->3707K(6224K), 0.0003325 secs]
44.600: [GC 44.600: [DefNew: 542K->28K(576K), 0.0002698 secs] 4219K->3706K(6224K), 0.0003171 secs]
44.609: [GC 44.609: [DefNew: 540K->27K(576K), 0.0002090 secs] 4218K->3705K(6224K), 0.0002544 secs]
44.613: [GC 44.613: [DefNew: 539K->63K(576K), 0.0004131 secs] 4217K->3815K(6224K), 0.0004542 secs]
44.619: [GC 44.619: [DefNew: 575K->63K(576K), 0.0004804 secs] 4327K->3942K(6224K), 0.0005507 secs]
44.625: [GC 44.625: [DefNew: 575K->63K(576K), 0.0005362 secs] 4454K->4068K(6224K), 0.0005836 secs]
44.631: [GC 44.631: [DefNew: 575K->63K(576K), 0.0004577 secs] 4580K->4195K(6224K), 0.0004991 secs]
44.636: [GC 44.636: [DefNew: 558K->64K(576K), 0.0004621 secs] 4689K->4301K(6224K), 0.0005025 secs]
44.643: [GC 44.643: [DefNew: 558K->63K(576K), 0.0004974 secs] 4795K->4431K(6224K), 0.0005421 secs]
44.650: [GC 44.650: [DefNew: 575K->59K(576K), 0.0002628 secs] 4943K->4429K(6224K), 0.0003067 secs]
44.657: [GC 44.657: [DefNew: 571K->57K(576K), 0.0002419 secs] 4941K->4427K(6224K), 0.0002837 secs]
44.664: [GC 44.664: [DefNew: 569K->55K(576K), 0.0002876 secs] 4939K->4426K(6224K), 0.0003323 secs]
44.671: [GC 44.671: [DefNew: 567K->53K(576K), 0.0002709 secs] 4938K->4424K(6224K), 0.0003168 secs]
44.679: [GC 44.679: [DefNew: 565K->41K(576K), 0.0002298 secs] 4936K->4412K(6224K), 0.0002801 secs]
44.685: [GC 44.685: [DefNew: 553K->63K(576K), 0.0006430 secs] 4924K->4539K(6224K), 0.0006927 secs]
44.689: [GC 44.689: [DefNew: 572K->64K(576K), 0.0004802 secs] 5048K->4648K(6224K), 0.0005252 secs]
44.695: [GC 44.696: [DefNew: 576K->63K(576K), 0.0005825 secs] 5160K->4775K(6224K), 0.0006308 secs]
44.702: [GC 44.702: [DefNew: 575K->63K(576K), 0.0005125 secs] 5287K->4901K(6224K), 0.0005546 secs]
44.708: [GC 44.708: [DefNew: 575K->63K(576K), 0.0005003 secs] 5413K->5027K(6224K), 0.0005446 secs]
44.714: [GC 44.714: [DefNew: 575K->53K(576K), 0.0003892 secs] 5539K->5081K(6224K), 0.0004311 secs]
44.721: [GC 44.721: [DefNew: 565K->15K(576K), 0.0003418 secs] 5593K->5079K(6224K), 0.0003881 secs]
44.728: [GC 44.728: [DefNew: 527K->10K(576K), 0.0002662 secs] 5591K->5074K(6224K), 0.0003103 secs]
44.736: [GC 44.736: [DefNew: 522K->6K(576K), 0.0002450 secs] 5586K->5071K(6224K), 0.0002916 secs]
44.743: [GC 44.743: [DefNew: 461K->61K(576K), 0.0002809 secs] 5526K->5126K(6224K), 0.0003237 secs]
44.749: [GC 44.750: [DefNew: 573K->50K(576K), 0.0002821 secs] 5638K->5115K(6224K), 0.0003276 secs]
44.756: [GC 44.756: [DefNew: 562K->64K(576K), 0.0004930 secs] 5627K->5240K(6224K), 0.0005372 secs]
44.762: [GC 44.762: [DefNew: 576K->64K(576K), 0.0004492 secs] 5752K->5367K(6224K), 0.0004910 secs]
44.766: [GC 44.766: [DefNew: 576K->64K(576K), 0.0005036 secs] 5879K->5478K(6224K), 0.0005470 secs]
44.772: [GC 44.772: [DefNew: 576K->63K(576K), 0.0005252 secs] 5990K->5604K(6224K), 0.0005695 secs]
44.778: [GC 44.778: [DefNew: 575K->63K(576K), 0.0004807 secs]44.779: [Tenured: 5666K->1561K(5776K), 0.0311457 secs] 6116K->1561K(6352K), 0.0317376 secs]
44.816: [GC 44.816: [DefNew: 512K->59K(576K), 0.0003502 secs] 2073K->1620K(6124K), 0.0003965 secs]
44.824: [GC 44.824: [DefNew: 571K->30K(576K), 0.0003301 secs] 2132K->1619K(6124K), 0.0003774 secs]
44.831: [GC 44.831: [DefNew: 542K->29K(576K), 0.0002210 secs] 2131K->1617K(6124K), 0.0002660 secs]
44.838: [GC 44.838: [DefNew: 529K->17K(576K), 0.0002183 secs] 2117K->1606K(6124K), 0.0002622 secs]
44.845: [GC 44.845: [DefNew: 529K->16K(576K), 0.0003039 secs] 2118K->1604K(6124K), 0.0003551 secs]
44.852: [GC 44.852: [DefNew: 528K->64K(576K), 0.0003666 secs] 2116K->1657K(6124K), 0.0004178 secs]
44.858: [GC 44.858: [DefNew: 576K->64K(576K), 0.0005505 secs] 2169K->1784K(6124K), 0.0005990 secs]
44.864: [GC 44.864: [DefNew: 576K->63K(576K), 0.0004513 secs] 2296K->1910K(6124K), 0.0004943 secs]
44.870: [GC 44.870: [DefNew: 575K->63K(576K), 0.0004311 secs] 2422K->2036K(6124K), 0.0004721 secs]
44.875: [GC 44.875: [DefNew: 554K->64K(576K), 0.0004921 secs] 2527K->2142K(6124K), 0.0005392 secs]
44.881: [GC 44.881: [DefNew: 576K->63K(576K), 0.0004725 secs] 2654K->2269K(6124K), 0.0005139 secs]
44.888: [GC 44.888: [DefNew: 575K->63K(576K), 0.0004181 secs] 2781K->2339K(6124K), 0.0004646 secs]
44.895: [GC 44.895: [DefNew: 575K->56K(576K), 0.0002544 secs] 2851K->2337K(6124K), 0.0002962 secs]
44.902: [GC 44.902: [DefNew: 568K->54K(576K), 0.0002692 secs] 2849K->2336K(6124K), 0.0003117 secs]
44.909: [GC 44.909: [DefNew: 563K->50K(576K), 0.0002368 secs] 2845K->2332K(6124K), 0.0002809 secs]
44.916: [GC 44.916: [DefNew: 538K->32K(576K), 0.0002673 secs] 2820K->2314K(6124K), 0.0003102 secs]
44.924: [GC 44.924: [DefNew: 544K->63K(576K), 0.0004265 secs] 2826K->2379K(6124K), 0.0004766 secs]
44.929: [GC 44.929: [DefNew: 575K->64K(576K), 0.0005234 secs] 2891K->2490K(6124K), 0.0005712 secs]
44.935: [GC 44.935: [DefNew: 576K->64K(576K), 0.0005120 secs] 3002K->2616K(6124K), 0.0005573 secs]
44.941: [GC 44.941: [DefNew: 576K->64K(576K), 0.0004882 secs] 3128K->2742K(6124K), 0.0005331 secs]
44.947: [GC 44.947: [DefNew: 576K->63K(576K), 0.0004472 secs] 3254K->2869K(6124K), 0.0004887 secs]
44.952: [GC 44.952: [DefNew: 575K->63K(576K), 0.0005064 secs] 3381K->2984K(6124K), 0.0005494 secs]
44.959: [GC 44.959: [DefNew: 575K->5K(576K), 0.0002942 secs] 3496K->2981K(6124K), 0.0003365 secs]
44.966: [GC 44.966: [DefNew: 460K->61K(576K), 0.0002488 secs] 3435K->3036K(6124K), 0.0002924 secs]
44.973: [GC 44.973: [DefNew: 573K->59K(576K), 0.0002812 secs] 3548K->3035K(6124K), 0.0003316 secs]
44.980: [GC 44.980: [DefNew: 571K->57K(576K), 0.0002455 secs] 3547K->3033K(6124K), 0.0002865 secs]
44.988: [GC 44.988: [DefNew: 569K->55K(576K), 0.0002820 secs] 3545K->3032K(6124K), 0.0003266 secs]
44.995: [GC 44.995: [DefNew: 567K->63K(576K), 0.0003393 secs] 3544K->3084K(6124K), 0.0003801 secs]
45.001: [GC 45.001: [DefNew: 575K->63K(576K), 0.0004988 secs] 3596K->3211K(6124K), 0.0005450 secs]
45.005: [GC 45.005: [DefNew: 575K->63K(576K), 0.0004512 secs] 3723K->3321K(6124K), 0.0004927 secs]
45.011: [GC 45.011: [DefNew: 575K->63K(576K), 0.0004952 secs] 3833K->3448K(6124K), 0.0005386 secs]
45.017: [GC 45.017: [DefNew: 575K->63K(576K), 0.0004501 secs] 3960K->3574K(6124K), 0.0004919 secs]
45.023: [GC 45.023: [DefNew: 575K->63K(576K), 0.0005708 secs] 4086K->3698K(6124K), 0.0006171 secs]
45.030: [GC 45.030: [DefNew: 575K->26K(576K), 0.0002921 secs] 4209K->3699K(6124K), 0.0003390 secs]
45.037: [GC 45.037: [DefNew: 531K->17K(576K), 0.0002413 secs] 4204K->3690K(6124K), 0.0002849 secs]
45.044: [GC 45.045: [DefNew: 529K->16K(576K), 0.0002587 secs] 4202K->3688K(6124K), 0.0003034 secs]
45.052: [GC 45.052: [DefNew: 528K->10K(576K), 0.0002262 secs] 4200K->3683K(6124K), 0.0002706 secs]
45.059: [GC 45.059: [DefNew: 516K->0K(576K), 0.0001735 secs] 4189K->3672K(6124K), 0.0002148 secs]
45.065: [GC 45.065: [DefNew: 512K->64K(576K), 0.0004224 secs] 4184K->3799K(6124K), 0.0004675 secs]
45.071: [GC 45.071: [DefNew: 576K->63K(576K), 0.0004522 secs] 4311K->3924K(6124K), 0.0004937 secs]
45.077: [GC 45.077: [DefNew: 575K->63K(576K), 0.0004568 secs] 4436K->4051K(6124K), 0.0004991 secs]
45.081: [GC 45.081: [DefNew: 559K->63K(576K), 0.0004256 secs] 4546K->4157K(6124K), 0.0004665 secs]
45.087: [GC 45.087: [DefNew: 575K->63K(576K), 0.0004842 secs] 4669K->4284K(6124K), 0.0005254 secs]
45.093: [GC 45.093: [DefNew: 575K->63K(576K), 0.0005419 secs] 4796K->4419K(6124K), 0.0005861 secs]
45.101: [GC 45.101: [DefNew: 572K->47K(576K), 0.0002778 secs] 4927K->4417K(6124K), 0.0003229 secs]
45.108: [GC 45.108: [DefNew: 537K->32K(576K), 0.0002550 secs] 4906K->4402K(6124K), 0.0003005 secs]
45.115: [GC 45.115: [DefNew: 544K->30K(576K), 0.0002162 secs] 4914K->4399K(6124K), 0.0002582 secs]
45.122: [GC 45.122: [DefNew: 542K->28K(576K), 0.0005832 secs] 4911K->4398K(6124K), 0.0006323 secs]
45.131: [GC 45.131: [DefNew: 540K->28K(576K), 0.0002471 secs] 4910K->4398K(6124K), 0.0002940 secs]
45.135: [GC 45.135: [DefNew: 540K->63K(576K), 0.0004368 secs] 4910K->4508K(6124K), 0.0004802 secs]
45.141: [GC 45.141: [DefNew: 575K->63K(576K), 0.0004448 secs] 5020K->4635K(6124K), 0.0004866 secs]
45.147: [GC 45.147: [DefNew: 575K->64K(576K), 0.0004999 secs] 5147K->4761K(6124K), 0.0005404 secs]
45.154: [GC 45.154: [DefNew: 576K->63K(576K), 0.0004887 secs] 5273K->4887K(6124K), 0.0005316 secs]
45.158: [GC 45.158: [DefNew: 557K->63K(576K), 0.0004843 secs] 5381K->4993K(6124K), 0.0005265 secs]
45.165: [GC 45.165: [DefNew: 558K->63K(576K), 0.0005193 secs] 5487K->5123K(6124K), 0.0005649 secs]
45.172: [GC 45.172: [DefNew: 575K->59K(576K), 0.0002607 secs] 5635K->5122K(6124K), 0.0003036 secs]
45.179: [GC 45.179: [DefNew: 571K->57K(576K), 0.0002573 secs] 5634K->5120K(6124K), 0.0003018 secs]
45.186: [GC 45.186: [DefNew: 569K->55K(576K), 0.0003196 secs] 5632K->5118K(6124K), 0.0003651 secs]
45.194: [GC 45.194: [DefNew: 567K->54K(576K), 0.0002570 secs] 5630K->5117K(6124K), 0.0003002 secs]
45.201: [GC 45.201: [DefNew: 566K->41K(576K), 0.0002353 secs] 5629K->5105K(6124K), 0.0002776 secs]
45.207: [GC 45.207: [DefNew: 553K->63K(576K), 0.0004852 secs] 5617K->5232K(6124K), 0.0005357 secs]
45.212: [GC 45.212: [DefNew: 568K->63K(576K), 0.0007084 secs] 5737K->5340K(6124K), 0.0007612 secs]
45.218: [GC 45.218: [DefNew: 575K->63K(576K), 0.0005936 secs] 5852K->5467K(6124K), 0.0006441 secs]
45.224: [GC 45.224: [DefNew: 575K->63K(576K), 0.0005807 secs] 5979K->5593K(6124K), 0.0006272 secs]
45.231: [GC 45.231: [DefNew: 575K->63K(576K), 0.0006166 secs]45.231: [Tenured: 5656K->1551K(5676K), 0.0318667 secs] 6105K->1551K(6252K), 0.0326046 secs]
45.269: [GC 45.269: [DefNew: 512K->53K(576K), 0.0003665 secs] 2063K->1605K(5752K), 0.0004138 secs]
45.276: [GC 45.276: [DefNew: 565K->15K(576K), 0.0003410 secs] 2117K->1604K(5752K), 0.0003887 secs]
45.283: [GC 45.283: [DefNew: 526K->10K(576K), 0.0002535 secs] 2114K->1598K(5752K), 0.0002981 secs]
45.290: [GC 45.290: [DefNew: 522K->6K(576K), 0.0002067 secs] 2110K->1595K(5752K), 0.0002568 secs]
45.297: [GC 45.298: [DefNew: 461K->61K(576K), 0.0002431 secs] 2050K->1650K(5752K), 0.0002878 secs]
45.304: [GC 45.304: [DefNew: 573K->50K(576K), 0.0002432 secs] 2162K->1639K(5752K), 0.0002846 secs]
45.310: [GC 45.310: [DefNew: 562K->63K(576K), 0.0004510 secs] 2151K->1765K(5752K), 0.0004939 secs]
45.316: [GC 45.316: [DefNew: 575K->63K(576K), 0.0004928 secs] 2277K->1891K(5752K), 0.0005387 secs]
45.321: [GC 45.321: [DefNew: 575K->63K(576K), 0.0004502 secs] 2403K->2002K(5752K), 0.0004966 secs]
45.327: [GC 45.327: [DefNew: 575K->63K(576K), 0.0006460 secs] 2514K->2128K(5752K), 0.0006987 secs]
45.333: [GC 45.333: [DefNew: 575K->63K(576K), 0.0005180 secs] 2640K->2254K(5752K), 0.0005652 secs]
45.340: [GC 45.340: [DefNew: 575K->59K(576K), 0.0003935 secs] 2766K->2313K(5752K), 0.0004391 secs]
45.347: [GC 45.347: [DefNew: 571K->30K(576K), 0.0002884 secs] 2825K->2311K(5752K), 0.0003324 secs]
45.354: [GC 45.354: [DefNew: 542K->28K(576K), 0.0002214 secs] 2823K->2310K(5752K), 0.0002632 secs]
45.361: [GC 45.361: [DefNew: 529K->18K(576K), 0.0002203 secs] 2811K->2299K(5752K), 0.0002635 secs]
45.368: [GC 45.368: [DefNew: 530K->16K(576K), 0.0002555 secs] 2811K->2298K(5752K), 0.0002988 secs]
45.375: [GC 45.375: [DefNew: 528K->63K(576K), 0.0003164 secs] 2810K->2351K(5752K), 0.0003625 secs]
45.381: [GC 45.381: [DefNew: 575K->63K(576K), 0.0004800 secs] 2863K->2477K(5752K), 0.0005213 secs]
45.387: [GC 45.387: [DefNew: 575K->63K(576K), 0.0004690 secs] 2989K->2603K(5752K), 0.0005129 secs]
45.393: [GC 45.393: [DefNew: 575K->63K(576K), 0.0004807 secs] 3115K->2730K(5752K), 0.0005238 secs]
45.397: [GC 45.397: [DefNew: 554K->63K(576K), 0.0004267 secs] 3220K->2836K(5752K), 0.0004674 secs]
45.403: [GC 45.403: [DefNew: 575K->63K(576K), 0.0005075 secs] 3348K->2962K(5752K), 0.0005517 secs]
45.410: [GC 45.410: [DefNew: 575K->63K(576K), 0.0004054 secs] 3474K->3032K(5752K), 0.0004499 secs]
45.418: [GC 45.418: [DefNew: 575K->56K(576K), 0.0002687 secs] 3544K->3030K(5752K), 0.0003130 secs]
45.425: [GC 45.426: [DefNew: 568K->54K(576K), 0.0003064 secs] 3542K->3029K(5752K), 0.0003535 secs]
45.433: [GC 45.433: [DefNew: 562K->47K(576K), 0.0002502 secs] 3536K->3023K(5752K), 0.0002989 secs]
45.440: [GC 45.440: [DefNew: 539K->32K(576K), 0.0003081 secs] 3514K->3007K(5752K), 0.0003576 secs]
45.447: [GC 45.447: [DefNew: 544K->64K(576K), 0.0003098 secs] 3519K->3072K(5752K), 0.0003506 secs]
45.451: [GC 45.451: [DefNew: 576K->63K(576K), 0.0004649 secs] 3584K->3182K(5752K), 0.0005071 secs]
45.458: [GC 45.458: [DefNew: 575K->64K(576K), 0.0004812 secs] 3694K->3309K(5752K), 0.0005221 secs]
45.464: [GC 45.464: [DefNew: 576K->63K(576K), 0.0004520 secs] 3821K->3435K(5752K), 0.0004938 secs]
45.470: [GC 45.470: [DefNew: 575K->64K(576K), 0.0004503 secs] 3947K->3561K(5752K), 0.0004920 secs]
45.474: [GC 45.474: [DefNew: 576K->63K(576K), 0.0004817 secs] 4073K->3677K(5752K), 0.0005232 secs]
45.482: [GC 45.482: [DefNew: 575K->5K(576K), 0.0003133 secs] 4189K->3674K(5752K), 0.0003588 secs]
45.489: [GC 45.489: [DefNew: 462K->61K(576K), 0.0002711 secs] 4130K->3729K(5752K), 0.0003199 secs]
45.496: [GC 45.496: [DefNew: 573K->59K(576K), 0.0002967 secs] 4241K->3728K(5752K), 0.0003400 secs]
45.503: [GC 45.503: [DefNew: 571K->57K(576K), 0.0002880 secs] 4240K->3726K(5752K), 0.0003344 secs]
45.510: [GC 45.510: [DefNew: 569K->55K(576K), 0.0002804 secs] 4238K->3725K(5752K), 0.0003211 secs]
45.517: [GC 45.517: [DefNew: 567K->64K(576K), 0.0003529 secs] 4237K->3777K(5752K), 0.0003966 secs]
45.523: [GC 45.523: [DefNew: 576K->64K(576K), 0.0004564 secs] 4289K->3904K(5752K), 0.0004995 secs]
45.528: [GC 45.528: [DefNew: 576K->63K(576K), 0.0005280 secs] 4416K->4014K(5752K), 0.0005750 secs]
45.534: [GC 45.534: [DefNew: 575K->63K(576K), 0.0005327 secs] 4526K->4141K(5752K), 0.0005865 secs]
45.540: [GC 45.540: [DefNew: 575K->63K(576K), 0.0004467 secs] 4653K->4267K(5752K), 0.0004893 secs]
45.545: [GC 45.545: [DefNew: 575K->63K(576K), 0.0004797 secs] 4779K->4390K(5752K), 0.0005222 secs]
45.553: [GC 45.553: [DefNew: 574K->25K(576K), 0.0002957 secs] 4901K->4390K(5752K), 0.0003426 secs]
45.560: [GC 45.560: [DefNew: 533K->17K(576K), 0.0002463 secs] 4898K->4382K(5752K), 0.0002919 secs]
45.567: [GC 45.567: [DefNew: 529K->16K(576K), 0.0002570 secs] 4894K->4381K(5752K), 0.0003006 secs]
45.574: [GC 45.574: [DefNew: 528K->10K(576K), 0.0002226 secs] 4893K->4375K(5752K), 0.0002647 secs]
45.581: [GC 45.581: [DefNew: 512K->0K(576K), 0.0001862 secs] 4877K->4365K(5752K), 0.0002325 secs]
45.587: [GC 45.587: [DefNew: 512K->64K(576K), 0.0004822 secs] 4877K->4491K(5752K), 0.0005292 secs]
45.594: [GC 45.594: [DefNew: 576K->64K(576K), 0.0005215 secs] 5003K->4617K(5752K), 0.0005682 secs]
45.600: [GC 45.600: [DefNew: 576K->63K(576K), 0.0005288 secs] 5129K->4744K(5752K), 0.0005770 secs]
45.605: [GC 45.605: [DefNew: 554K->64K(576K), 0.0005016 secs] 5234K->4850K(5752K), 0.0005486 secs]
45.611: [GC 45.611: [DefNew: 576K->63K(576K), 0.0005932 secs] 5362K->4976K(5752K), 0.0006441 secs]
45.617: [GC 45.617: [DefNew: 575K->63K(576K), 0.0005949 secs] 5488K->5111K(5752K), 0.0006435 secs]
45.626: [GC 45.626: [DefNew: 572K->47K(576K), 0.0003173 secs] 5620K->5109K(5752K), 0.0003674 secs]
45.635: [GC 45.635: [DefNew: 540K->32K(576K), 0.0003144 secs] 5602K->5094K(5752K), 0.0003659 secs]
45.643: [GC 45.643: [DefNew: 544K->30K(576K), 0.0003259 secs] 5606K->5093K(5752K), 0.0003771 secs]
45.650: [GC 45.650: [DefNew: 542K->28K(576K), 0.0002982 secs] 5605K->5091K(5752K), 0.0003467 secs]
45.659: [GC 45.659: [DefNew: 540K->28K(576K), 0.0002682 secs] 5603K->5090K(5752K), 0.0003172 secs]
45.664: [GC 45.664: [DefNew: 540K->63K(576K), 0.0005824 secs] 5602K->5201K(5752K), 0.0006389 secs]
45.670: [GC 45.670: [DefNew: 575K->63K(576K), 0.0006242 secs]45.671: [Tenured: 5263K->1160K(5304K), 0.0341808 secs] 5713K->1160K(5880K), 0.0349909 secs]
45.711: [GC 45.711: [DefNew: 512K->63K(576K), 0.0004942 secs] 1672K->1286K(4448K), 0.0005444 secs]
45.718: [GC 45.718: [DefNew: 575K->63K(576K), 0.0006105 secs] 1798K->1413K(4448K), 0.0006599 secs]
45.722: [GC 45.722: [DefNew: 557K->64K(576K), 0.0005366 secs] 1906K->1519K(4448K), 0.0005907 secs]
45.731: [GC 45.731: [DefNew: 558K->63K(576K), 0.0007655 secs] 2013K->1649K(4448K), 0.0008262 secs]
45.739: [GC 45.739: [DefNew: 575K->59K(576K), 0.0003413 secs] 2161K->1648K(4448K), 0.0004212 secs]
45.746: [GC 45.747: [DefNew: 571K->57K(576K), 0.0003251 secs] 2160K->1645K(4448K), 0.0003736 secs]
45.754: [GC 45.754: [DefNew: 569K->55K(576K), 0.0003624 secs] 2157K->1644K(4448K), 0.0004143 secs]
45.762: [GC 45.762: [DefNew: 567K->54K(576K), 0.0003314 secs] 2156K->1643K(4448K), 0.0003817 secs]
45.770: [GC 45.770: [DefNew: 566K->41K(576K), 0.0003210 secs] 2155K->1630K(4448K), 0.0003747 secs]
45.776: [GC 45.776: [DefNew: 553K->63K(576K), 0.0006666 secs] 2142K->1757K(4448K), 0.0007260 secs]
45.781: [GC 45.781: [DefNew: 573K->63K(576K), 0.0005500 secs] 2266K->1866K(4448K), 0.0006021 secs]
45.788: [GC 45.788: [DefNew: 575K->63K(576K), 0.0005510 secs] 2378K->1993K(4448K), 0.0006004 secs]
45.794: [GC 45.794: [DefNew: 575K->63K(576K), 0.0005602 secs] 2505K->2119K(4448K), 0.0006055 secs]
45.801: [GC 45.801: [DefNew: 575K->63K(576K), 0.0005822 secs] 2631K->2245K(4448K), 0.0006313 secs]
45.807: [GC 45.807: [DefNew: 575K->53K(576K), 0.0004391 secs] 2757K->2299K(4448K), 0.0004877 secs]
45.818: [GC 45.818: [DefNew: 565K->15K(576K), 0.0003588 secs] 2811K->2297K(4448K), 0.0004075 secs]
45.827: [GC 45.827: [DefNew: 525K->10K(576K), 0.0003046 secs] 2808K->2292K(4448K), 0.0003534 secs]
45.835: [GC 45.835: [DefNew: 522K->6K(576K), 0.0002579 secs] 2804K->2288K(4448K), 0.0003057 secs]
45.842: [GC 45.842: [DefNew: 462K->61K(576K), 0.0002458 secs] 2744K->2344K(4448K), 0.0002886 secs]
45.848: [GC 45.848: [DefNew: 573K->50K(576K), 0.0002433 secs] 2856K->2333K(4448K), 0.0002847 secs]
45.854: [GC 45.854: [DefNew: 562K->64K(576K), 0.0004503 secs] 2845K->2458K(4448K), 0.0005003 secs]
45.861: [GC 45.861: [DefNew: 576K->64K(576K), 0.0004764 secs] 2970K->2585K(4448K), 0.0005219 secs]
45.865: [GC 45.865: [DefNew: 576K->64K(576K), 0.0004529 secs] 3097K->2696K(4448K), 0.0004952 secs]
45.871: [GC 45.871: [DefNew: 576K->64K(576K), 0.0004861 secs] 3208K->2822K(4448K), 0.0005274 secs]
45.877: [GC 45.877: [DefNew: 576K->63K(576K), 0.0004941 secs] 3334K->2948K(4448K), 0.0005406 secs]
45.884: [GC 45.884: [DefNew: 575K->58K(576K), 0.0003767 secs] 3460K->3007K(4448K), 0.0004213 secs]
45.891: [GC 45.891: [DefNew: 569K->30K(576K), 0.0002744 secs] 3518K->3005K(4448K), 0.0003154 secs]
45.898: [GC 45.898: [DefNew: 542K->28K(576K), 0.0002254 secs] 3517K->3004K(4448K), 0.0002707 secs]
45.905: [GC 45.905: [DefNew: 529K->18K(576K), 0.0002164 secs] 3505K->2993K(4448K), 0.0002579 secs]
45.912: [GC 45.912: [DefNew: 530K->16K(576K), 0.0002621 secs] 3505K->2991K(4448K), 0.0003066 secs]
45.918: [GC 45.918: [DefNew: 528K->63K(576K), 0.0002767 secs] 3503K->3044K(4448K), 0.0003225 secs]
45.925: [GC 45.925: [DefNew: 575K->63K(576K), 0.0005923 secs] 3556K->3171K(4448K), 0.0006404 secs]
45.932: [GC 45.932: [DefNew: 575K->64K(576K), 0.0005010 secs] 3683K->3297K(4448K), 0.0005472 secs]
45.938: [GC 45.938: [DefNew: 576K->64K(576K), 0.0005215 secs] 3809K->3423K(4448K), 0.0005680 secs]
45.942: [GC 45.942: [DefNew: 555K->64K(576K), 0.0004409 secs] 3914K->3529K(4448K), 0.0004838 secs]
45.948: [GC 45.948: [DefNew: 576K->63K(576K), 0.0004863 secs] 4041K->3656K(4448K), 0.0005270 secs]
45.955: [GC 45.955: [DefNew: 575K->64K(576K), 0.0004094 secs] 4168K->3725K(4448K), 0.0004536 secs]
45.963: [GC 45.963: [DefNew: 576K->56K(576K), 0.0002684 secs] 4237K->3724K(4448K), 0.0003106 secs]
45.970: [GC 45.970: [DefNew: 568K->54K(576K), 0.0003000 secs] 4236K->3723K(4448K), 0.0003451 secs]
45.977: [GC 45.977: [DefNew: 563K->50K(576K), 0.0002288 secs] 4232K->3719K(4448K), 0.0002713 secs]
45.984: [GC 45.984: [DefNew: 537K->32K(576K), 0.0002797 secs] 4206K->3701K(4448K), 0.0003235 secs]
45.991: [GC 45.991: [DefNew: 544K->64K(576K), 0.0003205 secs] 4213K->3765K(4448K), 0.0003638 secs]
45.996: [GC 45.996: [DefNew: 576K->64K(576K), 0.0004387 secs] 4277K->3876K(4448K), 0.0004786 secs]
46.002: [GC 46.002: [DefNew: 576K->64K(576K), 0.0005853 secs]46.002: [Tenured: 3938K->1228K(4000K), 0.0297970 secs] 4388K->1228K(4576K), 0.0304826 secs]
46.038: [GC 46.038: [DefNew: 512K->63K(576K), 0.0004308 secs] 1740K->1354K(4448K), 0.0004744 secs]
46.044: [GC 46.044: [DefNew: 575K->63K(576K), 0.0005022 secs] 1866K->1481K(4448K), 0.0005448 secs]
46.049: [GC 46.049: [DefNew: 575K->63K(576K), 0.0004893 secs] 1993K->1596K(4448K), 0.0005333 secs]
46.056: [GC 46.056: [DefNew: 575K->5K(576K), 0.0002899 secs] 2108K->1593K(4448K), 0.0003326 secs]
46.063: [GC 46.063: [DefNew: 462K->61K(576K), 0.0002675 secs] 2050K->1649K(4448K), 0.0003155 secs]
46.070: [GC 46.070: [DefNew: 573K->59K(576K), 0.0002774 secs] 2161K->1648K(4448K), 0.0003178 secs]
46.077: [GC 46.077: [DefNew: 571K->57K(576K), 0.0002442 secs] 2160K->1646K(4448K), 0.0002854 secs]
46.085: [GC 46.085: [DefNew: 569K->55K(576K), 0.0002696 secs] 2158K->1644K(4448K), 0.0003141 secs]
46.091: [GC 46.091: [DefNew: 567K->64K(576K), 0.0003535 secs] 2156K->1697K(4448K), 0.0003965 secs]
46.097: [GC 46.097: [DefNew: 576K->63K(576K), 0.0004400 secs] 2209K->1823K(4448K), 0.0004815 secs]
46.102: [GC 46.102: [DefNew: 575K->63K(576K), 0.0004543 secs] 2335K->1934K(4448K), 0.0004957 secs]
46.108: [GC 46.108: [DefNew: 575K->63K(576K), 0.0004823 secs] 2446K->2061K(4448K), 0.0005230 secs]
46.114: [GC 46.114: [DefNew: 575K->64K(576K), 0.0004608 secs] 2573K->2187K(4448K), 0.0005044 secs]
46.119: [GC 46.119: [DefNew: 576K->64K(576K), 0.0004737 secs] 2699K->2311K(4448K), 0.0005154 secs]
46.126: [GC 46.127: [DefNew: 576K->28K(576K), 0.0003032 secs] 2823K->2313K(4448K), 0.0003489 secs]
46.134: [GC 46.134: [DefNew: 535K->17K(576K), 0.0002365 secs] 2820K->2303K(4448K), 0.0002823 secs]
46.141: [GC 46.141: [DefNew: 529K->16K(576K), 0.0002588 secs] 2815K->2301K(4448K), 0.0003024 secs]
46.148: [GC 46.148: [DefNew: 528K->10K(576K), 0.0002165 secs] 2813K->2296K(4448K), 0.0002592 secs]
46.156: [GC 46.156: [DefNew: 516K->0K(576K), 0.0001964 secs] 2801K->2285K(4448K), 0.0002433 secs]
46.162: [GC 46.162: [DefNew: 512K->63K(576K), 0.0003841 secs] 2797K->2411K(4448K), 0.0004258 secs]
46.167: [GC 46.167: [DefNew: 575K->64K(576K), 0.0004392 secs] 2923K->2537K(4448K), 0.0004803 secs]
46.174: [GC 46.174: [DefNew: 576K->63K(576K), 0.0004955 secs] 3049K->2664K(4448K), 0.0005440 secs]
46.178: [GC 46.179: [DefNew: 552K->63K(576K), 0.0004230 secs] 3153K->2770K(4448K), 0.0004651 secs]
46.185: [GC 46.185: [DefNew: 575K->63K(576K), 0.0004858 secs] 3282K->2897K(4448K), 0.0005267 secs]
46.191: [GC 46.191: [DefNew: 575K->63K(576K), 0.0005606 secs] 3409K->3032K(4448K), 0.0006094 secs]
46.198: [GC 46.198: [DefNew: 572K->47K(576K), 0.0002731 secs] 3540K->3030K(4448K), 0.0003187 secs]
46.205: [GC 46.205: [DefNew: 538K->32K(576K), 0.0002419 secs] 3521K->3015K(4448K), 0.0002863 secs]
46.212: [GC 46.212: [DefNew: 544K->30K(576K), 0.0002471 secs] 3527K->3013K(4448K), 0.0002948 secs]
46.220: [GC 46.220: [DefNew: 542K->28K(576K), 0.0003091 secs] 3525K->3011K(4448K), 0.0003616 secs]
46.229: [GC 46.229: [DefNew: 540K->28K(576K), 0.0002386 secs] 3523K->3011K(4448K), 0.0002869 secs]
46.233: [GC 46.233: [DefNew: 540K->63K(576K), 0.0005961 secs] 3523K->3121K(4448K), 0.0006481 secs]
46.239: [GC 46.239: [DefNew: 575K->64K(576K), 0.0005846 secs] 3633K->3248K(4448K), 0.0006358 secs]
46.245: [GC 46.245: [DefNew: 576K->63K(576K), 0.0004699 secs] 3760K->3374K(4448K), 0.0005122 secs]
46.252: [GC 46.252: [DefNew: 575K->63K(576K), 0.0004843 secs] 3886K->3501K(4448K), 0.0005295 secs]
46.258: [GC 46.258: [DefNew: 573K->63K(576K), 0.0004890 secs] 4010K->3630K(4448K), 0.0005304 secs]
46.263: [GC 46.263: [DefNew: 535K->63K(576K), 0.0004981 secs] 4101K->3737K(4448K), 0.0005427 secs]
46.270: [GC 46.270: [DefNew: 575K->59K(576K), 0.0002583 secs] 4249K->3735K(4448K), 0.0003022 secs]
46.277: [GC 46.277: [DefNew: 571K->57K(576K), 0.0002458 secs] 4247K->3733K(4448K), 0.0002870 secs]
46.284: [GC 46.284: [DefNew: 569K->55K(576K), 0.0002765 secs] 4245K->3732K(4448K), 0.0003192 secs]
46.291: [GC 46.291: [DefNew: 567K->53K(576K), 0.0002551 secs] 4244K->3730K(4448K), 0.0002981 secs]
46.299: [GC 46.299: [DefNew: 565K->41K(576K), 0.0002417 secs] 4242K->3718K(4448K), 0.0002856 secs]
46.305: [GC 46.305: [DefNew: 553K->63K(576K), 0.0004405 secs] 4230K->3844K(4448K), 0.0004810 secs]
46.309: [GC 46.309: [DefNew: 570K->63K(576K), 0.0004515 secs]46.310: [Tenured: 3890K->1172K(4000K), 0.0305678 secs] 4351K->1172K(4576K), 0.0311105 secs]
46.347: [GC 46.347: [DefNew: 512K->63K(576K), 0.0005586 secs] 1684K->1323K(4448K), 0.0006106 secs]
46.353: [GC 46.353: [DefNew: 575K->63K(576K), 0.0008241 secs] 1835K->1449K(4448K), 0.0008798 secs]
46.360: [GC 46.360: [DefNew: 575K->63K(576K), 0.0005708 secs] 1961K->1575K(4448K), 0.0006174 secs]
46.366: [GC 46.366: [DefNew: 575K->53K(576K), 0.0003721 secs] 2087K->1629K(4448K), 0.0004152 secs]
46.373: [GC 46.373: [DefNew: 565K->15K(576K), 0.0002948 secs] 2141K->1627K(4448K), 0.0003376 secs]
46.380: [GC 46.380: [DefNew: 526K->10K(576K), 0.0002727 secs] 2138K->1622K(4448K), 0.0003192 secs]
46.388: [GC 46.388: [DefNew: 522K->6K(576K), 0.0002106 secs] 2134K->1619K(4448K), 0.0002562 secs]
46.394: [GC 46.395: [DefNew: 460K->62K(576K), 0.0002298 secs] 2072K->1674K(4448K), 0.0002719 secs]
46.401: [GC 46.401: [DefNew: 574K->50K(576K), 0.0002457 secs] 2186K->1663K(4448K), 0.0002904 secs]
46.407: [GC 46.407: [DefNew: 562K->63K(576K), 0.0004446 secs] 2175K->1789K(4448K), 0.0004856 secs]
46.413: [GC 46.413: [DefNew: 575K->63K(576K), 0.0004756 secs] 2301K->1915K(4448K), 0.0005200 secs]
46.417: [GC 46.418: [DefNew: 575K->63K(576K), 0.0004359 secs] 2427K->2026K(4448K), 0.0004758 secs]
46.424: [GC 46.424: [DefNew: 575K->63K(576K), 0.0005420 secs] 2538K->2152K(4448K), 0.0005870 secs]
46.430: [GC 46.430: [DefNew: 575K->63K(576K), 0.0005016 secs] 2664K->2279K(4448K), 0.0005497 secs]
46.437: [GC 46.437: [DefNew: 575K->58K(576K), 0.0004220 secs] 2791K->2337K(4448K), 0.0004703 secs]
46.444: [GC 46.444: [DefNew: 570K->30K(576K), 0.0004023 secs] 2849K->2335K(4448K), 0.0004464 secs]
46.451: [GC 46.451: [DefNew: 542K->28K(576K), 0.0002290 secs] 2847K->2334K(4448K), 0.0002727 secs]
46.458: [GC 46.458: [DefNew: 529K->18K(576K), 0.0002265 secs] 2835K->2323K(4448K), 0.0002720 secs]
46.465: [GC 46.465: [DefNew: 530K->16K(576K), 0.0002498 secs] 2835K->2321K(4448K), 0.0002907 secs]
46.472: [GC 46.472: [DefNew: 528K->64K(576K), 0.0002855 secs] 2833K->2374K(4448K), 0.0003270 secs]
46.478: [GC 46.478: [DefNew: 576K->64K(576K), 0.0004786 secs] 2886K->2501K(4448K), 0.0005197 secs]
46.484: [GC 46.484: [DefNew: 576K->63K(576K), 0.0004668 secs] 3013K->2627K(4448K), 0.0005091 secs]
46.490: [GC 46.490: [DefNew: 575K->63K(576K), 0.0004356 secs] 3139K->2753K(4448K), 0.0004766 secs]
46.494: [GC 46.494: [DefNew: 554K->63K(576K), 0.0004288 secs] 3244K->2859K(4448K), 0.0004698 secs]
46.500: [GC 46.500: [DefNew: 575K->63K(576K), 0.0005317 secs] 3371K->2986K(4448K), 0.0005779 secs]
46.508: [GC 46.508: [DefNew: 575K->64K(576K), 0.0003991 secs] 3498K->3056K(4448K), 0.0004410 secs]
46.515: [GC 46.515: [DefNew: 576K->56K(576K), 0.0002492 secs] 3568K->3054K(4448K), 0.0002906 secs]
46.522: [GC 46.522: [DefNew: 568K->54K(576K), 0.0002749 secs] 3566K->3053K(4448K), 0.0003191 secs]
46.529: [GC 46.529: [DefNew: 561K->47K(576K), 0.0002211 secs] 3560K->3046K(4448K), 0.0002641 secs]
46.536: [GC 46.536: [DefNew: 539K->32K(576K), 0.0003039 secs] 3538K->3031K(4448K), 0.0003517 secs]
46.543: [GC 46.543: [DefNew: 544K->63K(576K), 0.0003188 secs] 3543K->3096K(4448K), 0.0003625 secs]
46.548: [GC 46.548: [DefNew: 575K->64K(576K), 0.0004753 secs] 3608K->3207K(4448K), 0.0005192 secs]
46.554: [GC 46.554: [DefNew: 576K->63K(576K), 0.0004961 secs] 3719K->3333K(4448K), 0.0005378 secs]
46.560: [GC 46.560: [DefNew: 575K->63K(576K), 0.0004468 secs] 3845K->3459K(4448K), 0.0004883 secs]
46.566: [GC 46.567: [DefNew: 575K->63K(576K), 0.0005665 secs] 3971K->3586K(4448K), 0.0006391 secs]
46.571: [GC 46.571: [DefNew: 575K->64K(576K), 0.0004948 secs] 4098K->3701K(4448K), 0.0005394 secs]
46.579: [GC 46.579: [DefNew: 576K->5K(576K), 0.0002876 secs] 4213K->3698K(4448K), 0.0003296 secs]
46.586: [GC 46.586: [DefNew: 462K->61K(576K), 0.0002647 secs] 4155K->3753K(4448K), 0.0003115 secs]
46.593: [GC 46.593: [DefNew: 573K->59K(576K), 0.0003079 secs] 4265K->3752K(4448K), 0.0003526 secs]
46.600: [GC 46.600: [DefNew: 571K->57K(576K), 0.0002377 secs] 4264K->3750K(4448K), 0.0002777 secs]
46.607: [GC 46.607: [DefNew: 569K->55K(576K), 0.0002831 secs] 4262K->3749K(4448K), 0.0003258 secs]
46.614: [GC 46.614: [DefNew: 567K->63K(576K), 0.0003579 secs] 4261K->3801K(4448K), 0.0004019 secs]
46.620: [GC 46.620: [DefNew: 575K->63K(576K), 0.0004364 secs]46.621: [Tenured[Unloading class sun.reflect.GeneratedSerializationConstructorAccessor10]
: 3864K->1129K(3872K), 0.0307279 secs] 4313K->1129K(4448K), 0.0312422 secs]
46.655: [GC 46.655: [DefNew: 512K->63K(576K), 0.0004534 secs] 1641K->1240K(4448K), 0.0004973 secs]
46.661: [GC 46.661: [DefNew: 575K->64K(576K), 0.0005518 secs] 1752K->1367K(4448K), 0.0005962 secs]
46.668: [GC 46.668: [DefNew: 576K->64K(576K), 0.0004531 secs] 1879K->1493K(4448K), 0.0004957 secs]
46.673: [GC 46.673: [DefNew: 576K->64K(576K), 0.0005143 secs] 2005K->1616K(4448K), 0.0005612 secs]
46.680: [GC 46.680: [DefNew: 563K->17K(576K), 0.0002980 secs] 2116K->1608K(4448K), 0.0003467 secs]
46.687: [GC 46.687: [DefNew: 529K->15K(576K), 0.0002425 secs] 2120K->1606K(4448K), 0.0002892 secs]
46.695: [GC 46.695: [DefNew: 524K->10K(576K), 0.0002439 secs] 2115K->1601K(4448K), 0.0002863 secs]
46.702: [GC 46.702: [DefNew: 522K->7K(576K), 0.0002037 secs] 2113K->1598K(4448K), 0.0002456 secs]
46.709: [GC 46.709: [DefNew: 462K->62K(576K), 0.0002247 secs] 2053K->1653K(4448K), 0.0002674 secs]
46.715: [GC 46.715: [DefNew: 574K->63K(576K), 0.0003444 secs] 2165K->1705K(4448K), 0.0003848 secs]
46.721: [GC 46.721: [DefNew: 575K->63K(576K), 0.0004350 secs] 2217K->1831K(4448K), 0.0004758 secs]
46.727: [GC 46.727: [DefNew: 572K->63K(576K), 0.0004522 secs] 2340K->1961K(4448K), 0.0004942 secs]
46.731: [GC 46.731: [DefNew: 575K->64K(576K), 0.0004538 secs] 2473K->2068K(4448K), 0.0004952 secs]
46.737: [GC 46.738: [DefNew: 576K->63K(576K), 0.0005466 secs] 2580K->2195K(4448K), 0.0005938 secs]
46.743: [GC 46.743: [DefNew: 570K->63K(576K), 0.0004844 secs] 2701K->2316K(4448K), 0.0005292 secs]
46.751: [GC 46.751: [DefNew: 575K->30K(576K), 0.0003053 secs] 2828K->2321K(4448K), 0.0003529 secs]
46.758: [GC 46.758: [DefNew: 542K->29K(576K), 0.0002275 secs] 2833K->2319K(4448K), 0.0002716 secs]
46.765: [GC 46.765: [DefNew: 541K->25K(576K), 0.0002076 secs] 2831K->2315K(4448K), 0.0002508 secs]
46.772: [GC 46.772: [DefNew: 532K->18K(576K), 0.0002158 secs] 2822K->2308K(4448K), 0.0002576 secs]
46.781: [GC 46.781: [DefNew: 517K->24K(576K), 0.0001882 secs] 2807K->2314K(4448K), 0.0002306 secs]
46.785: [GC 46.785: [DefNew: 536K->63K(576K), 0.0003898 secs] 2826K->2421K(4448K), 0.0004317 secs]
46.791: [GC 46.791: [DefNew: 575K->63K(576K), 0.0004876 secs] 2933K->2547K(4448K), 0.0005279 secs]
46.797: [GC 46.797: [DefNew: 575K->63K(576K), 0.0004912 secs] 3059K->2673K(4448K), 0.0005352 secs]
46.803: [GC 46.803: [DefNew: 553K->63K(576K), 0.0004578 secs] 3163K->2799K(4448K), 0.0005146 secs]
46.807: [GC 46.807: [DefNew: 575K->64K(576K), 0.0004361 secs] 3311K->2906K(4448K), 0.0004775 secs]
46.814: [GC 46.814: [DefNew: 576K->63K(576K), 0.0005550 secs] 3418K->3040K(4448K), 0.0006017 secs]
46.821: [GC 46.822: [DefNew: 575K->55K(576K), 0.0003351 secs] 3552K->3046K(4448K), 0.0003814 secs]
46.829: [GC 46.829: [DefNew: 567K->54K(576K), 0.0002800 secs] 3558K->3045K(4448K), 0.0003261 secs]
46.836: [GC 46.836: [DefNew: 566K->50K(576K), 0.0002693 secs] 3556K->3041K(4448K), 0.0003178 secs]
46.844: [GC 46.844: [DefNew: 539K->32K(576K), 0.0002598 secs] 3530K->3023K(4448K), 0.0003055 secs]
46.851: [GC 46.851: [DefNew: 544K->32K(576K), 0.0002341 secs] 3535K->3024K(4448K), 0.0002806 secs]
46.855: [GC 46.855: [DefNew: 525K->64K(576K), 0.0003937 secs] 3516K->3130K(4448K), 0.0004344 secs]
46.862: [GC 46.862: [DefNew: 576K->64K(576K), 0.0005242 secs] 3642K->3256K(4448K), 0.0005703 secs]
46.868: [GC 46.868: [DefNew: 576K->63K(576K), 0.0005462 secs] 3768K->3382K(4448K), 0.0005922 secs]
46.874: [GC 46.874: [DefNew: 575K->64K(576K), 0.0004659 secs] 3894K->3509K(4448K), 0.0005231 secs]
46.878: [GC 46.878: [DefNew: 554K->64K(576K), 0.0006921 secs] 3999K->3615K(4448K), 0.0007473 secs]
46.886: [GC 46.886: [DefNew: 557K->63K(576K), 0.0005714 secs] 4108K->3745K(4448K), 0.0006214 secs]
46.893: [GC 46.893: [DefNew: 575K->59K(576K), 0.0002975 secs] 4257K->3744K(4448K), 0.0003448 secs]
46.900: [GC 46.900: [DefNew: 571K->57K(576K), 0.0002627 secs] 4256K->3741K(4448K), 0.0003084 secs]
46.907: [GC 46.907: [DefNew: 569K->55K(576K), 0.0002932 secs] 4253K->3740K(4448K), 0.0003380 secs]
46.914: [GC 46.914: [DefNew: 567K->54K(576K), 0.0002688 secs] 4252K->3739K(4448K), 0.0003159 secs]
46.923: [GC 46.923: [DefNew: 566K->41K(576K), 0.0002866 secs] 4251K->3726K(4448K), 0.0003374 secs]
46.929: [GC 46.930: [DefNew: 553K->63K(576K), 0.0005587 secs] 4238K->3853K(4448K), 0.0006089 secs]
46.934: [GC 46.934: [DefNew: 571K->64K(576K), 0.0005236 secs]46.935: [Tenured: 3898K->1167K(4000K), 0.0307816 secs] 4360K->1167K(4576K), 0.0314063 secs]
46.972: [GC 46.972: [DefNew: 512K->64K(576K), 0.0005059 secs] 1679K->1318K(4448K), 0.0005537 secs]
46.978: [GC 46.978: [DefNew: 576K->63K(576K), 0.0004763 secs] 1830K->1444K(4448K), 0.0005205 secs]
46.984: [GC 46.984: [DefNew: 575K->63K(576K), 0.0005914 secs] 1956K->1571K(4448K), 0.0006406 secs]
46.990: [GC 46.990: [DefNew: 575K->53K(576K), 0.0003688 secs] 2083K->1624K(4448K), 0.0004122 secs]
46.997: [GC 46.997: [DefNew: 558K->9K(576K), 0.0003388 secs] 2129K->1617K(4448K), 0.0003860 secs]
47.005: [GC 47.005: [DefNew: 521K->6K(576K), 0.0003089 secs] 2129K->1613K(4448K), 0.0003604 secs]
47.012: [GC 47.012: [DefNew: 518K->2K(576K), 0.0002290 secs] 2125K->1610K(4448K), 0.0002725 secs]
47.020: [GC 47.020: [DefNew: 470K->61K(576K), 0.0002590 secs] 2077K->1669K(4448K), 0.0003096 secs]
47.026: [GC 47.026: [DefNew: 573K->50K(576K), 0.0002618 secs] 2181K->1658K(4448K), 0.0003079 secs]
47.032: [GC 47.032: [DefNew: 562K->64K(576K), 0.0004671 secs] 2170K->1783K(4448K), 0.0005176 secs]
47.039: [GC 47.039: [DefNew: 576K->63K(576K), 0.0005282 secs] 2295K->1910K(4448K), 0.0005769 secs]
47.043: [GC 47.043: [DefNew: 575K->63K(576K), 0.0004833 secs] 2422K->2020K(4448K), 0.0005278 secs]
47.049: [GC 47.050: [DefNew: 575K->63K(576K), 0.0005330 secs] 2532K->2147K(4448K), 0.0005789 secs]
47.056: [GC 47.056: [DefNew: 575K->63K(576K), 0.0004429 secs] 2659K->2273K(4448K), 0.0004846 secs]
47.062: [GC 47.062: [DefNew: 575K->58K(576K), 0.0003514 secs] 2785K->2332K(4448K), 0.0003919 secs]
47.070: [GC 47.070: [DefNew: 570K->30K(576K), 0.0003169 secs] 2844K->2330K(4448K), 0.0003646 secs]
47.077: [GC 47.077: [DefNew: 542K->28K(576K), 0.0002555 secs] 2842K->2329K(4448K), 0.0003020 secs]
47.084: [GC 47.084: [DefNew: 530K->18K(576K), 0.0002286 secs] 2831K->2318K(4448K), 0.0002730 secs]
47.091: [GC 47.091: [DefNew: 530K->16K(576K), 0.0002758 secs] 2830K->2316K(4448K), 0.0003219 secs]
47.098: [GC 47.098: [DefNew: 528K->63K(576K), 0.0003135 secs] 2828K->2369K(4448K), 0.0003589 secs]
47.103: [GC 47.103: [DefNew: 575K->63K(576K), 0.0004996 secs] 2881K->2496K(4448K), 0.0005427 secs]
47.110: [GC 47.110: [DefNew: 575K->63K(576K), 0.0005188 secs] 3008K->2622K(4448K), 0.0005652 secs]
47.116: [GC 47.116: [DefNew: 575K->63K(576K), 0.0004537 secs] 3134K->2748K(4448K), 0.0004958 secs]
47.120: [GC 47.120: [DefNew: 554K->64K(576K), 0.0004791 secs] 3238K->2854K(4448K), 0.0005256 secs]
47.126: [GC 47.126: [DefNew: 576K->64K(576K), 0.0005543 secs] 3366K->2981K(4448K), 0.0006017 secs]
47.133: [GC 47.133: [DefNew: 576K->64K(576K), 0.0004292 secs] 3493K->3050K(4448K), 0.0004760 secs]
47.141: [GC 47.141: [DefNew: 576K->56K(576K), 0.0003133 secs] 3562K->3049K(4448K), 0.0003604 secs]
47.148: [GC 47.148: [DefNew: 568K->54K(576K), 0.0002935 secs] 3561K->3048K(4448K), 0.0003364 secs]
47.155: [GC 47.155: [DefNew: 564K->50K(576K), 0.0002689 secs] 3557K->3044K(4448K), 0.0003167 secs]
47.162: [GC 47.162: [DefNew: 537K->32K(576K), 0.0002905 secs] 3531K->3026K(4448K), 0.0003381 secs]
47.169: [GC 47.169: [DefNew: 544K->63K(576K), 0.0003836 secs] 3538K->3091K(4448K), 0.0004387 secs]
47.174: [GC 47.174: [DefNew: 575K->63K(576K), 0.0005271 secs] 3603K->3201K(4448K), 0.0005750 secs]
47.180: [GC 47.180: [DefNew: 575K->63K(576K), 0.0004867 secs] 3713K->3328K(4448K), 0.0005278 secs]
47.186: [GC 47.186: [DefNew: 575K->63K(576K), 0.0005441 secs] 3840K->3453K(4448K), 0.0005925 secs]
47.193: [GC 47.193: [DefNew: 575K->63K(576K), 0.0005139 secs] 3965K->3580K(4448K), 0.0005597 secs]
47.197: [GC 47.197: [DefNew: 575K->63K(576K), 0.0004865 secs] 4092K->3695K(4448K), 0.0005279 secs]
47.205: [GC 47.205: [DefNew: 575K->5K(576K), 0.0003239 secs] 4207K->3692K(4448K), 0.0003709 secs]
47.212: [GC 47.212: [DefNew: 461K->61K(576K), 0.0002770 secs] 4148K->3748K(4448K), 0.0003222 secs]
47.219: [GC 47.219: [DefNew: 573K->59K(576K), 0.0003297 secs] 4260K->3747K(4448K), 0.0003774 secs]
47.226: [GC 47.227: [DefNew: 571K->57K(576K), 0.0002881 secs] 4259K->3744K(4448K), 0.0003365 secs]
47.234: [GC 47.234: [DefNew: 569K->55K(576K), 0.0003296 secs] 4256K->3743K(4448K), 0.0003767 secs]
47.241: [GC 47.241: [DefNew: 567K->63K(576K), 0.0004373 secs] 4255K->3796K(4448K), 0.0004864 secs]
47.247: [GC 47.247: [DefNew: 575K->64K(576K), 0.0005673 secs] 4308K->3922K(4448K), 0.0006157 secs]
47.252: [GC 47.252: [DefNew: 576K->63K(576K), 0.0005706 secs]47.252: [Tenured: 3969K->1235K(4000K), 0.0300366 secs] 4434K->1235K(4576K), 0.0307079 secs]
47.288: [GC 47.288: [DefNew: 512K->63K(576K), 0.0004236 secs] 1747K->1362K(4448K), 0.0004675 secs]
47.294: [GC 47.294: [DefNew: 575K->63K(576K), 0.0004948 secs] 1874K->1488K(4448K), 0.0005364 secs]
47.300: [GC 47.300: [DefNew: 575K->63K(576K), 0.0004770 secs] 2000K->1612K(4448K), 0.0005220 secs]
47.307: [GC 47.307: [DefNew: 574K->26K(576K), 0.0003078 secs] 2123K->1612K(4448K), 0.0003576 secs]
47.316: [GC 47.316: [DefNew: 534K->17K(576K), 0.0002819 secs] 2120K->1604K(4448K), 0.0003349 secs]
47.323: [GC 47.323: [DefNew: 529K->16K(576K), 0.0003091 secs] 2116K->1602K(4448K), 0.0003597 secs]
47.331: [GC 47.331: [DefNew: 528K->10K(576K), 0.0002689 secs] 2114K->1597K(4448K), 0.0003178 secs]
47.338: [GC 47.338: [DefNew: 513K->0K(576K), 0.0002168 secs] 2099K->1586K(4448K), 0.0002671 secs]
47.346: [GC 47.346: [DefNew: 512K->64K(576K), 0.0005250 secs] 2098K->1713K(4448K), 0.0005788 secs]
47.353: [GC 47.353: [DefNew: 576K->63K(576K), 0.0008508 secs] 2225K->1838K(4448K), 0.0009194 secs]
47.361: [GC 47.361: [DefNew: 575K->64K(576K), 0.0006558 secs] 2350K->1965K(4448K), 0.0007097 secs]
47.368: [GC 47.368: [DefNew: 575K->63K(576K), 0.0007520 secs] 2476K->2095K(4448K), 0.0008102 secs]
47.373: [GC 47.373: [DefNew: 575K->64K(576K), 0.0005718 secs] 2607K->2202K(4448K), 0.0006216 secs]
47.380: [GC 47.380: [DefNew: 576K->64K(576K), 0.0005772 secs] 2714K->2336K(4448K), 0.0006272 secs]
47.388: [GC 47.388: [DefNew: 576K->55K(576K), 0.0003015 secs] 2848K->2342K(4448K), 0.0003485 secs]
47.395: [GC 47.395: [DefNew: 567K->54K(576K), 0.0002814 secs] 2854K->2341K(4448K), 0.0003295 secs]
47.403: [GC 47.403: [DefNew: 561K->47K(576K), 0.0002778 secs] 2848K->2335K(4448K), 0.0003274 secs]
47.411: [GC 47.411: [DefNew: 539K->32K(576K), 0.0006384 secs] 2827K->2320K(4448K), 0.0006904 secs]
47.419: [GC 47.419: [DefNew: 544K->32K(576K), 0.0003485 secs] 2832K->2320K(4448K), 0.0003958 secs]
47.423: [GC 47.424: [DefNew: 525K->63K(576K), 0.0004889 secs] 2812K->2426K(4448K), 0.0005395 secs]
47.430: [GC 47.430: [DefNew: 575K->63K(576K), 0.0005684 secs] 2938K->2553K(4448K), 0.0006154 secs]
47.437: [GC 47.437: [DefNew: 575K->63K(576K), 0.0006553 secs] 3065K->2679K(4448K), 0.0007100 secs]
47.444: [GC 47.444: [DefNew: 575K->64K(576K), 0.0005612 secs] 3191K->2805K(4448K), 0.0006107 secs]
47.448: [GC 47.448: [DefNew: 555K->63K(576K), 0.0005418 secs] 3297K->2911K(4448K), 0.0005909 secs]
47.455: [GC 47.455: [DefNew: 558K->63K(576K), 0.0005876 secs] 3405K->3041K(4448K), 0.0006397 secs]
47.465: [GC 47.466: [DefNew: 575K->59K(576K), 0.0003401 secs] 3553K->3040K(4448K), 0.0003922 secs]
47.473: [GC 47.473: [DefNew: 571K->57K(576K), 0.0003101 secs] 3552K->3038K(4448K), 0.0003596 secs]
47.481: [GC 47.481: [DefNew: 569K->55K(576K), 0.0003418 secs] 3550K->3036K(4448K), 0.0003910 secs]
47.488: [GC 47.488: [DefNew: 562K->50K(576K), 0.0002893 secs] 3544K->3031K(4448K), 0.0003417 secs]
47.496: [GC 47.496: [DefNew: 562K->39K(576K), 0.0003143 secs] 3543K->3021K(4448K), 0.0003669 secs]
47.503: [GC 47.503: [DefNew: 551K->64K(576K), 0.0009264 secs] 3533K->3147K(4448K), 0.0010055 secs]
47.509: [GC 47.509: [DefNew: 576K->63K(576K), 0.0007608 secs] 3659K->3258K(4448K), 0.0008218 secs]
47.516: [GC 47.516: [DefNew: 575K->63K(576K), 0.0007591 secs] 3770K->3385K(4448K), 0.0008164 secs]
47.523: [GC 47.523: [DefNew: 575K->64K(576K), 0.0005732 secs] 3897K->3511K(4448K), 0.0006250 secs]
47.530: [GC 47.530: [DefNew: 576K->64K(576K), 0.0006075 secs] 4023K->3637K(4448K), 0.0006593 secs]
47.536: [GC 47.536: [DefNew: 576K->53K(576K), 0.0004878 secs] 4149K->3691K(4448K), 0.0005396 secs]
47.543: [GC 47.543: [DefNew: 565K->15K(576K), 0.0003702 secs] 4203K->3690K(4448K), 0.0004207 secs]
47.551: [GC 47.551: [DefNew: 526K->10K(576K), 0.0003005 secs] 4200K->3684K(4448K), 0.0003497 secs]
47.559: [GC 47.559: [DefNew: 522K->6K(576K), 0.0003255 secs] 4196K->3681K(4448K), 0.0003759 secs]
47.567: [GC 47.567: [DefNew: 462K->61K(576K), 0.0003081 secs] 4136K->3736K(4448K), 0.0003862 secs]
47.574: [GC 47.574: [DefNew: 573K->50K(576K), 0.0003112 secs] 4248K->3725K(4448K), 0.0003622 secs]
47.580: [GC 47.580: [DefNew: 562K->63K(576K), 0.0006262 secs] 4237K->3851K(4448K), 0.0006864 secs]
47.586: [GC 47.586: [DefNew: 575K->63K(576K), 0.0006757 secs]47.587: [Tenured: 3913K->1193K(4000K), 0.0324484 secs] 4363K->1193K(4576K), 0.0332303 secs]
47.624: [GC 47.624: [DefNew: 512K->63K(576K), 0.0005145 secs] 1705K->1303K(4448K), 0.0005658 secs]
47.631: [GC 47.631: [DefNew: 575K->64K(576K), 0.0009783 secs] 1815K->1430K(4448K), 0.0010296 secs]
47.640: [GC 47.640: [DefNew: 576K->63K(576K), 0.0005927 secs] 1942K->1556K(4448K), 0.0006463 secs]
47.647: [GC 47.647: [DefNew: 575K->58K(576K), 0.0004512 secs] 2068K->1615K(4448K), 0.0005022 secs]
47.654: [GC 47.654: [DefNew: 570K->30K(576K), 0.0003675 secs] 2127K->1613K(4448K), 0.0004175 secs]
47.662: [GC 47.662: [DefNew: 542K->28K(576K), 0.0002891 secs] 2125K->1612K(4448K), 0.0003391 secs]
47.670: [GC 47.670: [DefNew: 529K->18K(576K), 0.0002743 secs] 2113K->1601K(4448K), 0.0003259 secs]
47.678: [GC 47.678: [DefNew: 530K->16K(576K), 0.0002909 secs] 2113K->1599K(4448K), 0.0003389 secs]
47.684: [GC 47.684: [DefNew: 528K->63K(576K), 0.0003348 secs] 2111K->1652K(4448K), 0.0003828 secs]
47.690: [GC 47.690: [DefNew: 575K->64K(576K), 0.0009134 secs] 2164K->1779K(4448K), 0.0009675 secs]
47.697: [GC 47.697: [DefNew: 576K->63K(576K), 0.0005383 secs] 2291K->1905K(4448K), 0.0005877 secs]
47.703: [GC 47.703: [DefNew: 575K->63K(576K), 0.0005350 secs] 2417K->2031K(4448K), 0.0005837 secs]
47.708: [GC 47.708: [DefNew: 554K->64K(576K), 0.0005498 secs] 2521K->2137K(4448K), 0.0006046 secs]
47.714: [GC 47.714: [DefNew: 576K->64K(576K), 0.0006085 secs] 2649K->2264K(4448K), 0.0006943 secs]
47.722: [GC 47.722: [DefNew: 576K->63K(576K), 0.0005337 secs] 2776K->2333K(4448K), 0.0005867 secs]
47.730: [GC 47.730: [DefNew: 575K->56K(576K), 0.0003126 secs] 2845K->2332K(4448K), 0.0003621 secs]
47.738: [GC 47.738: [DefNew: 568K->54K(576K), 0.0004660 secs] 2844K->2331K(4448K), 0.0005162 secs]
47.748: [GC 47.748: [DefNew: 564K->50K(576K), 0.0002801 secs] 2841K->2327K(4448K), 0.0003321 secs]
47.756: [GC 47.756: [DefNew: 537K->32K(576K), 0.0003211 secs] 2813K->2309K(4448K), 0.0003740 secs]
47.764: [GC 47.764: [DefNew: 544K->64K(576K), 0.0004050 secs] 2821K->2374K(4448K), 0.0004557 secs]
47.768: [GC 47.768: [DefNew: 576K->64K(576K), 0.0005431 secs] 2886K->2484K(4448K), 0.0005930 secs]
47.775: [GC 47.775: [DefNew: 576K->63K(576K), 0.0006340 secs] 2996K->2611K(4448K), 0.0006858 secs]
47.781: [GC 47.781: [DefNew: 575K->64K(576K), 0.0005381 secs] 3123K->2737K(4448K), 0.0005881 secs]
47.787: [GC 47.787: [DefNew: 576K->63K(576K), 0.0005372 secs] 3249K->2863K(4448K), 0.0005864 secs]
47.792: [GC 47.792: [DefNew: 575K->63K(576K), 0.0006233 secs] 3375K->2979K(4448K), 0.0006774 secs]
47.800: [GC 47.800: [DefNew: 575K->5K(576K), 0.0003199 secs] 3491K->2975K(4448K), 0.0003691 secs]
47.808: [GC 47.808: [DefNew: 461K->61K(576K), 0.0002694 secs] 3431K->3031K(4448K), 0.0003177 secs]
47.816: [GC 47.816: [DefNew: 573K->59K(576K), 0.0003378 secs] 3543K->3030K(4448K), 0.0003871 secs]
47.824: [GC 47.824: [DefNew: 571K->57K(576K), 0.0002953 secs] 3542K->3027K(4448K), 0.0003439 secs]
47.831: [GC 47.831: [DefNew: 569K->55K(576K), 0.0003390 secs] 3539K->3026K(4448K), 0.0003877 secs]
47.838: [GC 47.838: [DefNew: 567K->63K(576K), 0.0004175 secs] 3538K->3079K(4448K), 0.0004710 secs]
47.845: [GC 47.845: [DefNew: 575K->64K(576K), 0.0005625 secs] 3591K->3205K(4448K), 0.0006141 secs]
47.849: [GC 47.849: [DefNew: 576K->63K(576K), 0.0005380 secs] 3717K->3316K(4448K), 0.0005876 secs]
47.856: [GC 47.856: [DefNew: 575K->64K(576K), 0.0005796 secs] 3828K->3443K(4448K), 0.0006281 secs]
47.862: [GC 47.862: [DefNew: 576K->64K(576K), 0.0009167 secs] 3955K->3569K(4448K), 0.0009702 secs]
47.868: [GC 47.868: [DefNew: 576K->63K(576K), 0.0005610 secs] 4081K->3692K(4448K), 0.0006117 secs]
47.876: [GC 47.876: [DefNew: 575K->25K(576K), 0.0003157 secs] 4204K->3692K(4448K), 0.0003668 secs]
47.888: [GC 47.888: [DefNew: 535K->17K(576K), 0.0002764 secs] 4202K->3684K(4448K), 0.0003270 secs]
47.896: [GC 47.896: [DefNew: 529K->16K(576K), 0.0003233 secs] 4196K->3683K(4448K), 0.0003712 secs]
47.903: [GC 47.903: [DefNew: 528K->10K(576K), 0.0002553 secs] 4195K->3677K(4448K), 0.0003048 secs]
47.910: [GC 47.911: [DefNew: 512K->0K(576K), 0.0002107 secs] 4179K->3667K(4448K), 0.0002651 secs]
47.916: [GC 47.916: [DefNew: 512K->64K(576K), 0.0004553 secs] 4179K->3793K(4448K), 0.0005054 secs]
47.924: [GC 47.924: [DefNew: 576K->64K(576K), 0.0006557 secs] 4305K->3919K(4448K), 0.0007099 secs]
47.930: [GC 47.930: [DefNew: 576K->63K(576K), 0.0005843 secs]47.931: [Tenured: 3982K->1269K(4000K), 0.0328147 secs] 4431K->1269K(4576K), 0.0335048 secs]
47.968: [GC 47.968: [DefNew: 489K->64K(576K), 0.0005301 secs] 1758K->1375K(4448K), 0.0005922 secs]
47.974: [GC 47.974: [DefNew: 576K->63K(576K), 0.0006854 secs] 1887K->1502K(4448K), 0.0007421 secs]
47.981: [GC 47.981: [DefNew: 575K->63K(576K), 0.0006253 secs] 2014K->1637K(4448K), 0.0006790 secs]
47.989: [GC 47.989: [DefNew: 575K->50K(576K), 0.0003712 secs] 2149K->1637K(4448K), 0.0004289 secs]
47.996: [GC 47.996: [DefNew: 534K->32K(576K), 0.0002905 secs] 2122K->1620K(4448K), 0.0003454 secs]
48.004: [GC 48.004: [DefNew: 544K->30K(576K), 0.0002986 secs] 2132K->1618K(4448K), 0.0003485 secs]
48.012: [GC 48.012: [DefNew: 542K->28K(576K), 0.0002706 secs] 2130K->1616K(4448K), 0.0003191 secs]
48.020: [GC 48.020: [DefNew: 540K->28K(576K), 0.0002302 secs] 2128K->1616K(4448K), 0.0002787 secs]
48.025: [GC 48.025: [DefNew: 540K->63K(576K), 0.0005374 secs] 2128K->1726K(4448K), 0.0005901 secs]
48.031: [GC 48.031: [DefNew: 575K->64K(576K), 0.0006763 secs] 2238K->1853K(4448K), 0.0007307 secs]
48.038: [GC 48.038: [DefNew: 576K->63K(576K), 0.0006201 secs] 2365K->1979K(4448K), 0.0006748 secs]
48.045: [GC 48.045: [DefNew: 575K->63K(576K), 0.0006462 secs] 2491K->2105K(4448K), 0.0007075 secs]
48.050: [GC 48.050: [DefNew: 555K->63K(576K), 0.0007254 secs] 2596K->2211K(4448K), 0.0007849 secs]
48.057: [GC 48.057: [DefNew: 558K->63K(576K), 0.0006773 secs] 2706K->2341K(4448K), 0.0007351 secs]
48.067: [GC 48.067: [DefNew: 575K->59K(576K), 0.0003517 secs] 2853K->2340K(4448K), 0.0004011 secs]
48.074: [GC 48.074: [DefNew: 571K->57K(576K), 0.0003058 secs] 2852K->2338K(4448K), 0.0003549 secs]
48.081: [GC 48.081: [DefNew: 569K->55K(576K), 0.0003420 secs] 2850K->2336K(4448K), 0.0003907 secs]
48.089: [GC 48.089: [DefNew: 567K->53K(576K), 0.0003052 secs] 2848K->2335K(4448K), 0.0003541 secs]
48.097: [GC 48.097: [DefNew: 565K->41K(576K), 0.0002809 secs] 2847K->2323K(4448K), 0.0003296 secs]
48.103: [GC 48.103: [DefNew: 553K->63K(576K), 0.0006599 secs] 2835K->2450K(4448K), 0.0007169 secs]
48.108: [GC 48.108: [DefNew: 573K->63K(576K), 0.0007274 secs] 2959K->2558K(4448K), 0.0007943 secs]
48.115: [GC 48.115: [DefNew: 575K->63K(576K), 0.0006735 secs] 3070K->2685K(4448K), 0.0007283 secs]
48.121: [GC 48.121: [DefNew: 575K->63K(576K), 0.0006945 secs] 3197K->2811K(4448K), 0.0007506 secs]
48.128: [GC 48.128: [DefNew: 575K->63K(576K), 0.0006600 secs] 3323K->2938K(4448K), 0.0007138 secs]
48.135: [GC 48.135: [DefNew: 575K->53K(576K), 0.0004942 secs] 3450K->2991K(4448K), 0.0005475 secs]
48.143: [GC 48.143: [DefNew: 565K->15K(576K), 0.0003694 secs] 3503K->2990K(4448K), 0.0004186 secs]
48.151: [GC 48.151: [DefNew: 526K->10K(576K), 0.0003437 secs] 3500K->2984K(4448K), 0.0003954 secs]
48.162: [GC 48.163: [DefNew: 522K->6K(576K), 0.0002656 secs] 3496K->2981K(4448K), 0.0003177 secs]
48.170: [GC 48.170: [DefNew: 462K->62K(576K), 0.0002983 secs] 3437K->3036K(4448K), 0.0003478 secs]
48.178: [GC 48.178: [DefNew: 574K->50K(576K), 0.0002962 secs] 3548K->3025K(4448K), 0.0003467 secs]
48.184: [GC 48.184: [DefNew: 562K->63K(576K), 0.0005689 secs] 3537K->3151K(4448K), 0.0006181 secs]
48.191: [GC 48.191: [DefNew: 575K->63K(576K), 0.0005870 secs] 3663K->3278K(4448K), 0.0006394 secs]
48.196: [GC 48.196: [DefNew: 575K->63K(576K), 0.0005537 secs] 3790K->3389K(4448K), 0.0006024 secs]
48.202: [GC 48.202: [DefNew: 575K->63K(576K), 0.0010906 secs] 3901K->3515K(4448K), 0.0011534 secs]
48.210: [GC 48.210: [DefNew: 575K->63K(576K), 0.0005718 secs] 4027K->3641K(4448K), 0.0006242 secs]
48.216: [GC 48.216: [DefNew: 575K->58K(576K), 0.0004586 secs] 4153K->3699K(4448K), 0.0005135 secs]
48.224: [GC 48.224: [DefNew: 570K->30K(576K), 0.0003510 secs] 4211K->3697K(4448K), 0.0004028 secs]
48.231: [GC 48.231: [DefNew: 542K->28K(576K), 0.0002787 secs] 4209K->3696K(4448K), 0.0003288 secs]
48.239: [GC 48.239: [DefNew: 529K->18K(576K), 0.0003135 secs] 4197K->3685K(4448K), 0.0003667 secs]
48.246: [GC 48.246: [DefNew: 530K->16K(576K), 0.0003081 secs] 4197K->3684K(4448K), 0.0003569 secs]
48.253: [GC 48.253: [DefNew: 528K->63K(576K), 0.0003821 secs] 4196K->3737K(4448K), 0.0004319 secs]
48.262: [GC 48.262: [DefNew: 575K->64K(576K), 0.0006372 secs] 4249K->3863K(4448K), 0.0006900 secs]
48.268: [GC 48.268: [DefNew: 576K->64K(576K), 0.0005825 secs]48.269: [Tenured: 3925K->1212K(4000K), 0.0314438 secs] 4375K->1212K(4576K), 0.0321798 secs]
48.306: [GC 48.306: [DefNew: 512K->64K(576K), 0.0004860 secs] 1724K->1338K(4448K), 0.0005371 secs]
48.314: [GC 48.314: [DefNew: 575K->63K(576K), 0.0006860 secs] 1850K->1468K(4448K), 0.0007413 secs]
48.319: [GC 48.319: [DefNew: 575K->63K(576K), 0.0005274 secs] 1980K->1575K(4448K), 0.0005789 secs]
48.327: [GC 48.327: [DefNew: 572K->64K(576K), 0.0004545 secs] 2084K->1644K(4448K), 0.0005078 secs]
48.335: [GC 48.335: [DefNew: 576K->59K(576K), 0.0003509 secs] 2156K->1643K(4448K), 0.0004015 secs]
48.342: [GC 48.342: [DefNew: 571K->57K(576K), 0.0003524 secs] 2155K->1640K(4448K), 0.0004020 secs]
48.350: [GC 48.350: [DefNew: 569K->55K(576K), 0.0003168 secs] 2152K->1639K(4448K), 0.0003662 secs]
48.357: [GC 48.357: [DefNew: 567K->53K(576K), 0.0003227 secs] 2151K->1638K(4448K), 0.0003718 secs]
48.365: [GC 48.365: [DefNew: 565K->63K(576K), 0.0004542 secs] 2150K->1690K(4448K), 0.0005100 secs]
48.371: [GC 48.371: [DefNew: 555K->63K(576K), 0.0006041 secs] 2181K->1816K(4448K), 0.0006572 secs]
48.376: [GC 48.376: [DefNew: 575K->63K(576K), 0.0006979 secs] 2328K->1923K(4448K), 0.0007596 secs]
48.384: [GC 48.384: [DefNew: 575K->63K(576K), 0.0006478 secs] 2435K->2049K(4448K), 0.0007078 secs]
48.390: [GC 48.390: [DefNew: 575K->64K(576K), 0.0005884 secs] 2561K->2175K(4448K), 0.0009764 secs]
48.396: [GC 48.396: [DefNew: 576K->63K(576K), 0.0008780 secs] 2687K->2293K(4448K), 0.0009461 secs]
48.404: [GC 48.404: [DefNew: 569K->9K(576K), 0.0003526 secs] 2798K->2287K(4448K), 0.0004058 secs]
48.412: [GC 48.412: [DefNew: 521K->6K(576K), 0.0002695 secs] 2799K->2283K(4448K), 0.0003217 secs]
48.419: [GC 48.419: [DefNew: 461K->61K(576K), 0.0003531 secs] 2738K->2338K(4448K), 0.0004067 secs]
48.427: [GC 48.427: [DefNew: 573K->59K(576K), 0.0003026 secs] 2850K->2337K(4448K), 0.0003523 secs]
48.435: [GC 48.435: [DefNew: 571K->57K(576K), 0.0008915 secs] 2849K->2335K(4448K), 0.0009562 secs]
48.442: [GC 48.442: [DefNew: 569K->64K(576K), 0.0004496 secs] 2847K->2388K(4448K), 0.0004981 secs]
48.449: [GC 48.449: [DefNew: 576K->63K(576K), 0.0006008 secs] 2900K->2514K(4448K), 0.0006537 secs]
48.453: [GC 48.453: [DefNew: 573K->64K(576K), 0.0005152 secs] 3024K->2624K(4448K), 0.0005631 secs]
48.460: [GC 48.460: [DefNew: 576K->63K(576K), 0.0006193 secs] 3136K->2751K(4448K), 0.0006716 secs]
48.466: [GC 48.466: [DefNew: 575K->64K(576K), 0.0005965 secs] 3263K->2877K(4448K), 0.0006442 secs]
48.471: [GC 48.472: [DefNew: 576K->63K(576K), 0.0005501 secs] 3389K->3000K(4448K), 0.0005977 secs]
48.479: [GC 48.479: [DefNew: 575K->28K(576K), 0.0002901 secs] 3512K->3003K(4448K), 0.0003337 secs]
48.487: [GC 48.487: [DefNew: 529K->17K(576K), 0.0002765 secs] 3504K->2992K(4448K), 0.0003282 secs]
48.494: [GC 48.494: [DefNew: 529K->16K(576K), 0.0002875 secs] 3504K->2990K(4448K), 0.0003341 secs]
48.501: [GC 48.501: [DefNew: 525K->10K(576K), 0.0002713 secs] 3500K->2985K(4448K), 0.0003203 secs]
48.508: [GC 48.508: [DefNew: 511K->0K(576K), 0.0002146 secs] 3486K->2975K(4448K), 0.0002640 secs]
48.514: [GC 48.514: [DefNew: 512K->63K(576K), 0.0004465 secs] 3487K->3101K(4448K), 0.0004935 secs]
48.520: [GC 48.520: [DefNew: 575K->63K(576K), 0.0004915 secs] 3613K->3227K(4448K), 0.0005352 secs]
48.527: [GC 48.527: [DefNew: 575K->64K(576K), 0.0004486 secs] 3739K->3353K(4448K), 0.0004914 secs]
48.531: [GC 48.531: [DefNew: 557K->63K(576K), 0.0004334 secs] 3847K->3460K(4448K), 0.0004756 secs]
48.537: [GC 48.537: [DefNew: 575K->63K(576K), 0.0005233 secs] 3972K->3586K(4448K), 0.0005683 secs]
48.543: [GC 48.543: [DefNew: 575K->64K(576K), 0.0007144 secs] 4098K->3721K(4448K), 0.0007704 secs]
48.551: [GC 48.551: [DefNew: 573K->47K(576K), 0.0002968 secs] 4231K->3719K(4448K), 0.0003445 secs]
48.558: [GC 48.558: [DefNew: 538K->32K(576K), 0.0002771 secs] 4210K->3704K(4448K), 0.0003250 secs]
48.565: [GC 48.566: [DefNew: 544K->30K(576K), 0.0002729 secs] 4216K->3702K(4448K), 0.0003243 secs]
48.573: [GC 48.573: [DefNew: 542K->28K(576K), 0.0002544 secs] 4214K->3701K(4448K), 0.0002993 secs]
48.581: [GC 48.581: [DefNew: 540K->28K(576K), 0.0002300 secs] 4213K->3700K(4448K), 0.0002768 secs]
48.585: [GC 48.585: [DefNew: 540K->63K(576K), 0.0005305 secs] 4212K->3810K(4448K), 0.0005808 secs]
48.592: [GC 48.592: [DefNew: 575K->63K(576K), 0.0005015 secs]48.592: [Tenured: 3873K->1154K(4000K), 0.0303603 secs] 4322K->1154K(4576K), 0.0310292 secs]
48.629: [GC 48.629: [DefNew: 512K->63K(576K), 0.0005189 secs] 1666K->1281K(4448K), 0.0005722 secs]
48.635: [GC 48.635: [DefNew: 575K->64K(576K), 0.0005581 secs] 1793K->1407K(4448K), 0.0006073 secs]
48.639: [GC 48.639: [DefNew: 555K->63K(576K), 0.0005327 secs] 1899K->1513K(4448K), 0.0005818 secs]
48.646: [GC 48.646: [DefNew: 557K->64K(576K), 0.0005946 secs] 2007K->1643K(4448K), 0.0006435 secs]
48.654: [GC 48.654: [DefNew: 576K->59K(576K), 0.0002900 secs] 2155K->1642K(4448K), 0.0003362 secs]
48.661: [GC 48.661: [DefNew: 571K->57K(576K), 0.0002496 secs] 2154K->1640K(4448K), 0.0002938 secs]
48.668: [GC 48.668: [DefNew: 569K->55K(576K), 0.0002726 secs] 2152K->1638K(4448K), 0.0003150 secs]
48.675: [GC 48.675: [DefNew: 567K->53K(576K), 0.0002691 secs] 2150K->1637K(4448K), 0.0003174 secs]
48.683: [GC 48.683: [DefNew: 565K->41K(576K), 0.0002492 secs] 2149K->1625K(4448K), 0.0002954 secs]
48.689: [GC 48.689: [DefNew: 553K->64K(576K), 0.0004872 secs] 2137K->1752K(4448K), 0.0005331 secs]
48.693: [GC 48.694: [DefNew: 568K->63K(576K), 0.0004965 secs] 2256K->1860K(4448K), 0.0005444 secs]
48.700: [GC 48.700: [DefNew: 575K->63K(576K), 0.0004844 secs] 2372K->1987K(4448K), 0.0005254 secs]
48.706: [GC 48.706: [DefNew: 575K->63K(576K), 0.0005323 secs] 2499K->2113K(4448K), 0.0005790 secs]
48.712: [GC 48.712: [DefNew: 575K->64K(576K), 0.0005758 secs] 2625K->2240K(4448K), 0.0006238 secs]
48.718: [GC 48.718: [DefNew: 576K->53K(576K), 0.0004112 secs] 2752K->2293K(4448K), 0.0004572 secs]
48.725: [GC 48.725: [DefNew: 565K->15K(576K), 0.0003257 secs] 2805K->2292K(4448K), 0.0003716 secs]
48.733: [GC 48.733: [DefNew: 525K->10K(576K), 0.0002683 secs] 2802K->2287K(4448K), 0.0003141 secs]
48.740: [GC 48.740: [DefNew: 522K->6K(576K), 0.0002107 secs] 2799K->2283K(4448K), 0.0002543 secs]
48.747: [GC 48.747: [DefNew: 462K->62K(576K), 0.0002839 secs] 2739K->2338K(4448K), 0.0003322 secs]
48.754: [GC 48.754: [DefNew: 574K->50K(576K), 0.0002681 secs] 2850K->2327K(4448K), 0.0003138 secs]
48.760: [GC 48.760: [DefNew: 562K->63K(576K), 0.0004456 secs] 2839K->2453K(4448K), 0.0004873 secs]
48.766: [GC 48.766: [DefNew: 575K->64K(576K), 0.0005206 secs] 2965K->2580K(4448K), 0.0005657 secs]
48.770: [GC 48.770: [DefNew: 576K->64K(576K), 0.0004376 secs] 3092K->2690K(4448K), 0.0004788 secs]
48.777: [GC 48.777: [DefNew: 576K->64K(576K), 0.0005597 secs] 3202K->2817K(4448K), 0.0006061 secs]
48.783: [GC 48.783: [DefNew: 576K->63K(576K), 0.0004645 secs] 3329K->2943K(4448K), 0.0005083 secs]
48.789: [GC 48.789: [DefNew: 575K->58K(576K), 0.0004091 secs] 3455K->3002K(4448K), 0.0004565 secs]
48.797: [GC 48.797: [DefNew: 570K->30K(576K), 0.0003174 secs] 3514K->2999K(4448K), 0.0003634 secs]
48.804: [GC 48.804: [DefNew: 542K->28K(576K), 0.0002504 secs] 3511K->2998K(4448K), 0.0002969 secs]
48.811: [GC 48.811: [DefNew: 530K->18K(576K), 0.0002734 secs] 3500K->2987K(4448K), 0.0003304 secs]
48.818: [GC 48.818: [DefNew: 530K->16K(576K), 0.0002808 secs] 3499K->2986K(4448K), 0.0003275 secs]
48.825: [GC 48.825: [DefNew: 528K->64K(576K), 0.0003344 secs] 3498K->3039K(4448K), 0.0003817 secs]
48.831: [GC 48.831: [DefNew: 576K->63K(576K), 0.0005764 secs] 3551K->3165K(4448K), 0.0006246 secs]
48.837: [GC 48.837: [DefNew: 575K->64K(576K), 0.0005175 secs] 3677K->3291K(4448K), 0.0005643 secs]
48.844: [GC 48.844: [DefNew: 576K->64K(576K), 0.0004702 secs] 3803K->3418K(4448K), 0.0005131 secs]
48.848: [GC 48.848: [DefNew: 555K->63K(576K), 0.0004923 secs] 3909K->3524K(4448K), 0.0005407 secs]
48.854: [GC 48.854: [DefNew: 575K->63K(576K), 0.0004875 secs] 4036K->3651K(4448K), 0.0005292 secs]
48.861: [GC 48.861: [DefNew: 575K->63K(576K), 0.0004464 secs] 4163K->3720K(4448K), 0.0004939 secs]
48.869: [GC 48.869: [DefNew: 575K->56K(576K), 0.0003242 secs] 4232K->3719K(4448K), 0.0003720 secs]
48.876: [GC 48.876: [DefNew: 568K->54K(576K), 0.0003107 secs] 4231K->3718K(4448K), 0.0003567 secs]
48.883: [GC 48.883: [DefNew: 562K->47K(576K), 0.0002289 secs] 4226K->3711K(4448K), 0.0002732 secs]
48.890: [GC 48.890: [DefNew: 538K->32K(576K), 0.0002960 secs] 4201K->3696K(4448K), 0.0003421 secs]
48.898: [GC 48.898: [DefNew: 544K->63K(576K), 0.0003103 secs] 4208K->3760K(4448K), 0.0003523 secs]
48.902: [GC 48.902: [DefNew: 575K->63K(576K), 0.0004374 secs] 4272K->3871K(4448K), 0.0004762 secs]
48.908: [GC 48.908: [DefNew: 575K->63K(576K), 0.0005337 secs]48.908: [Tenured: 3933K->1224K(4000K), 0.0311440 secs] 4383K->1224K(4576K), 0.0317732 secs]
48.945: [GC 48.945: [DefNew: 512K->64K(576K), 0.0004667 secs] 1736K->1350K(4448K), 0.0005138 secs]
48.951: [GC 48.951: [DefNew: 576K->63K(576K), 0.0005103 secs] 1862K->1476K(4448K), 0.0005548 secs]
48.956: [GC 48.956: [DefNew: 575K->63K(576K), 0.0004858 secs] 1988K->1592K(4448K), 0.0005273 secs]
48.963: [GC 48.963: [DefNew: 575K->5K(576K), 0.0003034 secs] 2104K->1588K(4448K), 0.0003483 secs]
48.971: [GC 48.971: [DefNew: 461K->61K(576K), 0.0002332 secs] 2044K->1644K(4448K), 0.0002773 secs]
48.978: [GC 48.978: [DefNew: 573K->59K(576K), 0.0003219 secs] 2156K->1643K(4448K), 0.0003670 secs]
48.985: [GC 48.985: [DefNew: 571K->57K(576K), 0.0002643 secs] 2155K->1640K(4448K), 0.0003098 secs]
48.992: [GC 48.992: [DefNew: 569K->55K(576K), 0.0002755 secs] 2152K->1639K(4448K), 0.0003177 secs]
48.999: [GC 48.999: [DefNew: 567K->64K(576K), 0.0003800 secs] 2151K->1692K(4448K), 0.0004270 secs]
49.005: [GC 49.005: [DefNew: 576K->63K(576K), 0.0004485 secs] 2204K->1818K(4448K), 0.0004895 secs]
49.009: [GC 49.009: [DefNew: 575K->63K(576K), 0.0004363 secs] 2330K->1929K(4448K), 0.0004765 secs]
49.015: [GC 49.015: [DefNew: 575K->64K(576K), 0.0004920 secs] 2441K->2055K(4448K), 0.0005336 secs]
49.021: [GC 49.021: [DefNew: 576K->63K(576K), 0.0004339 secs] 2567K->2182K(4448K), 0.0004742 secs]
49.026: [GC 49.026: [DefNew: 575K->63K(576K), 0.0004682 secs] 2694K->2305K(4448K), 0.0005102 secs]
49.034: [GC 49.034: [DefNew: 574K->25K(576K), 0.0002753 secs] 2816K->2304K(4448K), 0.0003234 secs]
49.041: [GC 49.041: [DefNew: 532K->17K(576K), 0.0002221 secs] 2812K->2297K(4448K), 0.0002658 secs]
49.048: [GC 49.048: [DefNew: 529K->16K(576K), 0.0002971 secs] 2809K->2295K(4448K), 0.0003444 secs]
49.055: [GC 49.055: [DefNew: 528K->10K(576K), 0.0002169 secs] 2807K->2290K(4448K), 0.0002592 secs]
49.062: [GC 49.062: [DefNew: 516K->0K(576K), 0.0001938 secs] 2796K->2279K(4448K), 0.0002410 secs]
49.068: [GC 49.068: [DefNew: 512K->63K(576K), 0.0004267 secs] 2791K->2406K(4448K), 0.0004712 secs]
49.074: [GC 49.074: [DefNew: 575K->63K(576K), 0.0005086 secs] 2918K->2532K(4448K), 0.0005507 secs]
49.080: [GC 49.080: [DefNew: 575K->63K(576K), 0.0004448 secs] 3044K->2658K(4448K), 0.0004878 secs]
49.087: [GC 49.087: [DefNew: 574K->63K(576K), 0.0004599 secs] 3169K->2788K(4448K), 0.0005022 secs]
49.091: [GC 49.091: [DefNew: 575K->63K(576K), 0.0004605 secs] 3300K->2895K(4448K), 0.0005036 secs]
49.097: [GC 49.097: [DefNew: 575K->63K(576K), 0.0005261 secs] 3407K->3029K(4448K), 0.0005693 secs]
49.104: [GC 49.104: [DefNew: 575K->55K(576K), 0.0002866 secs] 3541K->3035K(4448K), 0.0003284 secs]
49.112: [GC 49.112: [DefNew: 567K->54K(576K), 0.0002436 secs] 3547K->3034K(4448K), 0.0002881 secs]
49.119: [GC 49.119: [DefNew: 562K->47K(576K), 0.0002134 secs] 3542K->3028K(4448K), 0.0002545 secs]
49.126: [GC 49.126: [DefNew: 539K->32K(576K), 0.0002671 secs] 3520K->3013K(4448K), 0.0003148 secs]
49.134: [GC 49.134: [DefNew: 544K->32K(576K), 0.0002033 secs] 3525K->3013K(4448K), 0.0002463 secs]
49.138: [GC 49.138: [DefNew: 523K->63K(576K), 0.0003960 secs] 3504K->3119K(4448K), 0.0004366 secs]
49.144: [GC 49.144: [DefNew: 575K->63K(576K), 0.0005728 secs] 3631K->3246K(4448K), 0.0006214 secs]
49.150: [GC 49.150: [DefNew: 575K->63K(576K), 0.0005337 secs] 3758K->3372K(4448K), 0.0005859 secs]
49.156: [GC 49.156: [DefNew: 575K->63K(576K), 0.0004984 secs] 3884K->3499K(4448K), 0.0005447 secs]
49.161: [GC 49.161: [DefNew: 555K->63K(576K), 0.0004944 secs] 3990K->3604K(4448K), 0.0005467 secs]
49.168: [GC 49.168: [DefNew: 557K->64K(576K), 0.0005262 secs] 4098K->3735K(4448K), 0.0005746 secs]
49.176: [GC 49.176: [DefNew: 576K->59K(576K), 0.0003136 secs] 4247K->3733K(4448K), 0.0003620 secs]
49.183: [GC 49.183: [DefNew: 571K->57K(576K), 0.0003275 secs] 4245K->3731K(4448K), 0.0003779 secs]
49.190: [GC 49.190: [DefNew: 569K->55K(576K), 0.0003258 secs] 4243K->3730K(4448K), 0.0003743 secs]
49.197: [GC 49.198: [DefNew: 563K->50K(576K), 0.0002736 secs] 4238K->3725K(4448K), 0.0003231 secs]
49.205: [GC 49.205: [DefNew: 562K->39K(576K), 0.0002807 secs] 4237K->3714K(4448K), 0.0003290 secs]
49.211: [GC 49.211: [DefNew: 551K->64K(576K), 0.0005537 secs] 4226K->3841K(4448K), 0.0006023 secs]
49.216: [GC 49.216: [DefNew: 576K->64K(576K), 0.0006888 secs]49.217: [Tenured: 3887K->1167K(4000K), 0.0318795 secs] 4353K->1167K(4576K), 0.0326659 secs]
49.254: [GC 49.254: [DefNew: 512K->64K(576K), 0.0004541 secs] 1679K->1293K(4448K), 0.0005511 secs]
49.261: [GC 49.261: [DefNew: 576K->63K(576K), 0.0005380 secs] 1805K->1419K(4448K), 0.0005872 secs]
49.267: [GC 49.267: [DefNew: 575K->63K(576K), 0.0006289 secs] 1931K->1546K(4448K), 0.0006832 secs]
49.273: [GC 49.273: [DefNew: 575K->53K(576K), 0.0004017 secs] 2058K->1599K(4448K), 0.0004473 secs]
49.281: [GC 49.281: [DefNew: 565K->15K(576K), 0.0003307 secs] 2111K->1598K(4448K), 0.0003779 secs]
49.288: [GC 49.288: [DefNew: 527K->10K(576K), 0.0003021 secs] 2110K->1593K(4448K), 0.0003515 secs]
49.296: [GC 49.296: [DefNew: 522K->6K(576K), 0.0002339 secs] 2105K->1589K(4448K), 0.0002797 secs]
49.303: [GC 49.303: [DefNew: 462K->61K(576K), 0.0003052 secs] 2045K->1645K(4448K), 0.0003544 secs]
49.309: [GC 49.309: [DefNew: 573K->50K(576K), 0.0002623 secs] 2157K->1634K(4448K), 0.0003088 secs]
49.316: [GC 49.316: [DefNew: 562K->63K(576K), 0.0004955 secs] 2146K->1759K(4448K), 0.0005421 secs]
49.322: [GC 49.322: [DefNew: 575K->64K(576K), 0.0004866 secs] 2271K->1886K(4448K), 0.0005323 secs]
49.326: [GC 49.326: [DefNew: 576K->63K(576K), 0.0004653 secs] 2398K->1997K(4448K), 0.0005072 secs]
49.332: [GC 49.333: [DefNew: 575K->63K(576K), 0.0005551 secs] 2509K->2123K(4448K), 0.0006017 secs]
49.339: [GC 49.339: [DefNew: 575K->63K(576K), 0.0005492 secs] 2635K->2249K(4448K), 0.0005995 secs]
49.346: [GC 49.346: [DefNew: 575K->58K(576K), 0.0004586 secs] 2761K->2308K(4448K), 0.0005158 secs]
49.355: [GC 49.356: [DefNew: 569K->30K(576K), 0.0003627 secs] 2819K->2306K(4448K), 0.0004132 secs]
49.364: [GC 49.364: [DefNew: 542K->28K(576K), 0.0002981 secs] 2818K->2305K(4448K), 0.0003476 secs]
49.384: [GC 49.384: [DefNew: 530K->18K(576K), 0.0002743 secs] 2806K->2294K(4448K), 0.0003243 secs]
49.392: [GC 49.392: [DefNew: 530K->16K(576K), 0.0003334 secs] 2806K->2292K(4448K), 0.0003847 secs]
49.399: [GC 49.399: [DefNew: 528K->63K(576K), 0.0003460 secs] 2804K->2345K(4448K), 0.0003965 secs]
49.405: [GC 49.405: [DefNew: 575K->63K(576K), 0.0006574 secs] 2857K->2472K(4448K), 0.0007104 secs]
49.412: [GC 49.412: [DefNew: 575K->63K(576K), 0.0005495 secs] 2984K->2597K(4448K), 0.0005977 secs]
49.418: [GC 49.418: [DefNew: 575K->64K(576K), 0.0004519 secs] 3109K->2724K(4448K), 0.0004943 secs]
49.423: [GC 49.423: [DefNew: 554K->63K(576K), 0.0009293 secs] 3215K->2830K(4448K), 0.0009910 secs]
49.429: [GC 49.430: [DefNew: 575K->63K(576K), 0.0006102 secs] 3342K->2957K(4448K), 0.0006612 secs]
49.438: [GC 49.439: [DefNew: 575K->63K(576K), 0.0005403 secs] 3469K->3026K(4448K), 0.0005928 secs]
49.446: [GC 49.446: [DefNew: 575K->56K(576K), 0.0003158 secs] 3538K->3025K(4448K), 0.0003640 secs]
49.454: [GC 49.454: [DefNew: 568K->54K(576K), 0.0003202 secs] 3537K->3024K(4448K), 0.0003680 secs]
49.462: [GC 49.462: [DefNew: 563K->50K(576K), 0.0002704 secs] 3532K->3020K(4448K), 0.0003198 secs]
49.469: [GC 49.469: [DefNew: 536K->32K(576K), 0.0003081 secs] 3506K->3002K(4448K), 0.0003567 secs]
49.476: [GC 49.476: [DefNew: 544K->64K(576K), 0.0004023 secs] 3514K->3066K(4448K), 0.0004530 secs]
49.481: [GC 49.481: [DefNew: 576K->63K(576K), 0.0005372 secs] 3578K->3177K(4448K), 0.0005858 secs]
49.487: [GC 49.487: [DefNew: 575K->63K(576K), 0.0005747 secs] 3689K->3304K(4448K), 0.0006319 secs]
49.494: [GC 49.494: [DefNew: 575K->63K(576K), 0.0004626 secs] 3816K->3430K(4448K), 0.0005056 secs]
49.500: [GC 49.500: [DefNew: 575K->63K(576K), 0.0005664 secs] 3942K->3556K(4448K), 0.0006147 secs]
49.505: [GC 49.505: [DefNew: 575K->63K(576K), 0.0004979 secs] 4068K->3671K(4448K), 0.0005424 secs]
49.513: [GC 49.513: [DefNew: 575K->5K(576K), 0.0003358 secs] 4183K->3668K(4448K), 0.0003825 secs]
49.520: [GC 49.520: [DefNew: 459K->61K(576K), 0.0003004 secs] 4122K->3724K(4448K), 0.0003498 secs]
49.527: [GC 49.527: [DefNew: 573K->59K(576K), 0.0002913 secs] 4236K->3723K(4448K), 0.0003348 secs]
49.534: [GC 49.534: [DefNew: 571K->57K(576K), 0.0002675 secs] 4235K->3720K(4448K), 0.0003123 secs]
49.542: [GC 49.542: [DefNew: 569K->55K(576K), 0.0002923 secs] 4232K->3719K(4448K), 0.0003387 secs]
49.549: [GC 49.549: [DefNew: 567K->63K(576K), 0.0003841 secs] 4231K->3772K(4448K), 0.0004304 secs]
49.555: [GC 49.555: [DefNew: 575K->64K(576K), 0.0005423 secs] 4284K->3898K(4448K), 0.0005891 secs]
49.559: [GC 49.559: [DefNew: 576K->63K(576K), 0.0005506 secs]49.560: [Tenured: 3945K->1235K(4000K), 0.0307507 secs] 4410K->1235K(4576K), 0.0314027 secs]
49.597: [GC 49.597: [DefNew: 512K->63K(576K), 0.0004374 secs] 1747K->1362K(4448K), 0.0004847 secs]
49.603: [GC 49.603: [DefNew: 575K->63K(576K), 0.0006058 secs] 1874K->1488K(4448K), 0.0006524 secs]
49.608: [GC 49.608: [DefNew: 575K->63K(576K), 0.0005562 secs] 2000K->1611K(4448K), 0.0006035 secs]
49.616: [GC 49.616: [DefNew: 574K->25K(576K), 0.0002972 secs] 2122K->1611K(4448K), 0.0003465 secs]
49.625: [GC 49.625: [DefNew: 535K->17K(576K), 0.0002894 secs] 2121K->1603K(4448K), 0.0003422 secs]
49.632: [GC 49.632: [DefNew: 529K->16K(576K), 0.0002826 secs] 2115K->1602K(4448K), 0.0003304 secs]
49.639: [GC 49.640: [DefNew: 528K->10K(576K), 0.0002148 secs] 2114K->1596K(4448K), 0.0002592 secs]
49.647: [GC 49.647: [DefNew: 512K->0K(576K), 0.0001939 secs] 2098K->1586K(4448K), 0.0002416 secs]
49.652: [GC 49.652: [DefNew: 512K->63K(576K), 0.0004344 secs] 2098K->1712K(4448K), 0.0004800 secs]
49.659: [GC 49.659: [DefNew: 575K->63K(576K), 0.0004926 secs] 2224K->1838K(4448K), 0.0005350 secs]
49.665: [GC 49.665: [DefNew: 575K->64K(576K), 0.0004458 secs] 2350K->1965K(4448K), 0.0004881 secs]
49.669: [GC 49.669: [DefNew: 556K->64K(576K), 0.0004151 secs] 2457K->2071K(4448K), 0.0004857 secs]
49.675: [GC 49.675: [DefNew: 576K->63K(576K), 0.0005834 secs] 2583K->2197K(4448K), 0.0006331 secs]
49.681: [GC 49.681: [DefNew: 575K->63K(576K), 0.0005207 secs] 2709K->2332K(4448K), 0.0005628 secs]
49.689: [GC 49.690: [DefNew: 571K->47K(576K), 0.0002971 secs] 2840K->2330K(4448K), 0.0003463 secs]
49.697: [GC 49.697: [DefNew: 537K->32K(576K), 0.0002410 secs] 2820K->2315K(4448K), 0.0002849 secs]
49.704: [GC 49.704: [DefNew: 544K->30K(576K), 0.0002164 secs] 2827K->2313K(4448K), 0.0002605 secs]
49.711: [GC 49.711: [DefNew: 542K->28K(576K), 0.0003337 secs] 2825K->2312K(4448K), 0.0003819 secs]
49.720: [GC 49.720: [DefNew: 540K->28K(576K), 0.0002247 secs] 2824K->2311K(4448K), 0.0002714 secs]
49.724: [GC 49.724: [DefNew: 540K->63K(576K), 0.0004233 secs] 2823K->2422K(4448K), 0.0004663 secs]
49.730: [GC 49.730: [DefNew: 575K->64K(576K), 0.0005445 secs] 2934K->2548K(4448K), 0.0005911 secs]
49.737: [GC 49.737: [DefNew: 576K->63K(576K), 0.0005084 secs] 3060K->2674K(4448K), 0.0005520 secs]
49.743: [GC 49.743: [DefNew: 575K->63K(576K), 0.0004932 secs] 3186K->2801K(4448K), 0.0005393 secs]
49.747: [GC 49.747: [DefNew: 555K->63K(576K), 0.0006630 secs] 3293K->2907K(4448K), 0.0007113 secs]
49.755: [GC 49.755: [DefNew: 558K->63K(576K), 0.0005466 secs] 3402K->3037K(4448K), 0.0005972 secs]
49.762: [GC 49.762: [DefNew: 575K->59K(576K), 0.0002986 secs] 3549K->3036K(4448K), 0.0003446 secs]
49.769: [GC 49.769: [DefNew: 571K->57K(576K), 0.0002737 secs] 3548K->3033K(4448K), 0.0003194 secs]
49.776: [GC 49.776: [DefNew: 569K->55K(576K), 0.0003017 secs] 3545K->3032K(4448K), 0.0003476 secs]
49.783: [GC 49.783: [DefNew: 567K->54K(576K), 0.0002722 secs] 3544K->3031K(4448K), 0.0003176 secs]
49.791: [GC 49.791: [DefNew: 566K->41K(576K), 0.0002592 secs] 3543K->3018K(4448K), 0.0003056 secs]
49.797: [GC 49.797: [DefNew: 553K->63K(576K), 0.0004446 secs] 3530K->3145K(4448K), 0.0004864 secs]
49.801: [GC 49.802: [DefNew: 570K->63K(576K), 0.0005108 secs] 3651K->3254K(4448K), 0.0005582 secs]
49.808: [GC 49.808: [DefNew: 575K->63K(576K), 0.0005117 secs] 3766K->3380K(4448K), 0.0005577 secs]
49.814: [GC 49.814: [DefNew: 575K->64K(576K), 0.0005924 secs] 3892K->3506K(4448K), 0.0006400 secs]
49.821: [GC 49.821: [DefNew: 576K->63K(576K), 0.0004806 secs] 4018K->3633K(4448K), 0.0005213 secs]
49.826: [GC 49.827: [DefNew: 575K->53K(576K), 0.0004523 secs] 4145K->3687K(4448K), 0.0005008 secs]
49.834: [GC 49.834: [DefNew: 565K->15K(576K), 0.0003100 secs] 4199K->3685K(4448K), 0.0003526 secs]
49.841: [GC 49.841: [DefNew: 525K->10K(576K), 0.0002575 secs] 4195K->3680K(4448K), 0.0002998 secs]
49.848: [GC 49.848: [DefNew: 522K->6K(576K), 0.0002133 secs] 4192K->3676K(4448K), 0.0002552 secs]
49.855: [GC 49.855: [DefNew: 462K->61K(576K), 0.0003223 secs] 4132K->3732K(4448K), 0.0003795 secs]
49.863: [GC 49.863: [DefNew: 573K->50K(576K), 0.0004325 secs] 4244K->3721K(4448K), 0.0004859 secs]
49.869: [GC 49.869: [DefNew: 562K->63K(576K), 0.0005156 secs] 4233K->3847K(4448K), 0.0005623 secs]
49.875: [GC 49.875: [DefNew: 575K->64K(576K), 0.0005509 secs]49.876: [Tenured: 3909K->1193K(4000K), 0.0306341 secs] 4359K->1193K(4576K), 0.0312840 secs]
49.911: [GC 49.911: [DefNew: 512K->63K(576K), 0.0007472 secs] 1705K->1304K(4448K), 0.0008012 secs]
49.918: [GC 49.918: [DefNew: 575K->63K(576K), 0.0006502 secs] 1816K->1430K(4448K), 0.0007067 secs]
49.926: [GC 49.926: [DefNew: 575K->63K(576K), 0.0006131 secs] 1942K->1556K(4448K), 0.0006683 secs]
49.934: [GC 49.934: [DefNew: 575K->58K(576K), 0.0009309 secs] 2068K->1615K(4448K), 0.0010099 secs]
49.943: [GC 49.943: [DefNew: 569K->30K(576K), 0.0005339 secs] 2126K->1613K(4448K), 0.0005953 secs]
49.951: [GC 49.951: [DefNew: 542K->28K(576K), 0.0002617 secs] 2125K->1611K(4448K), 0.0003115 secs]
49.960: [GC 49.960: [DefNew: 530K->18K(576K), 0.0002686 secs] 2113K->1601K(4448K), 0.0003196 secs]
49.967: [GC 49.967: [DefNew: 530K->16K(576K), 0.0002741 secs] 2113K->1599K(4448K), 0.0003229 secs]
49.974: [GC 49.974: [DefNew: 528K->64K(576K), 0.0003321 secs] 2111K->1652K(4448K), 0.0003807 secs]
49.981: [GC 49.981: [DefNew: 576K->63K(576K), 0.0006011 secs] 2164K->1778K(4448K), 0.0006524 secs]
49.988: [GC 49.988: [DefNew: 575K->63K(576K), 0.0005377 secs] 2290K->1904K(4448K), 0.0005872 secs]
49.994: [GC 49.994: [DefNew: 575K->63K(576K), 0.0005291 secs] 2416K->2031K(4448K), 0.0005771 secs]
49.999: [GC 49.999: [DefNew: 553K->64K(576K), 0.0005502 secs] 2520K->2137K(4448K), 0.0006032 secs]
50.006: [GC 50.006: [DefNew: 576K->63K(576K), 0.0005766 secs] 2649K->2264K(4448K), 0.0006274 secs]
50.014: [GC 50.014: [DefNew: 575K->64K(576K), 0.0004595 secs] 2776K->2333K(4448K), 0.0005090 secs]
50.022: [GC 50.022: [DefNew: 576K->56K(576K), 0.0003048 secs] 2845K->2332K(4448K), 0.0003537 secs]
50.030: [GC 50.030: [DefNew: 568K->54K(576K), 0.0003131 secs] 2844K->2331K(4448K), 0.0003670 secs]
50.037: [GC 50.037: [DefNew: 562K->47K(576K), 0.0002703 secs] 2838K->2324K(4448K), 0.0003202 secs]
50.045: [GC 50.045: [DefNew: 541K->32K(576K), 0.0003149 secs] 2818K->2309K(4448K), 0.0003649 secs]
50.052: [GC 50.052: [DefNew: 544K->63K(576K), 0.0004127 secs] 2821K->2373K(4448K), 0.0004676 secs]
50.057: [GC 50.057: [DefNew: 575K->63K(576K), 0.0005873 secs] 2885K->2484K(4448K), 0.0006376 secs]
50.064: [GC 50.064: [DefNew: 575K->63K(576K), 0.0006202 secs] 2996K->2611K(4448K), 0.0006710 secs]
50.070: [GC 50.070: [DefNew: 575K->63K(576K), 0.0005660 secs] 3123K->2736K(4448K), 0.0006176 secs]
50.077: [GC 50.077: [DefNew: 575K->63K(576K), 0.0006041 secs] 3248K->2863K(4448K), 0.0006560 secs]
50.081: [GC 50.081: [DefNew: 575K->63K(576K), 0.0005792 secs] 3375K->2978K(4448K), 0.0006296 secs]
50.089: [GC 50.089: [DefNew: 575K->5K(576K), 0.0003185 secs] 3490K->2975K(4448K), 0.0003658 secs]
50.097: [GC 50.097: [DefNew: 462K->61K(576K), 0.0002982 secs] 3432K->3031K(4448K), 0.0003485 secs]
50.105: [GC 50.105: [DefNew: 573K->59K(576K), 0.0003355 secs] 3543K->3029K(4448K), 0.0003912 secs]
50.112: [GC 50.112: [DefNew: 571K->57K(576K), 0.0002895 secs] 3541K->3027K(4448K), 0.0003386 secs]
50.120: [GC 50.120: [DefNew: 569K->55K(576K), 0.0003362 secs] 3539K->3026K(4448K), 0.0003854 secs]
50.127: [GC 50.127: [DefNew: 567K->63K(576K), 0.0004386 secs] 3538K->3078K(4448K), 0.0004883 secs]
50.134: [GC 50.134: [DefNew: 575K->63K(576K), 0.0005627 secs] 3590K->3205K(4448K), 0.0006136 secs]
50.138: [GC 50.138: [DefNew: 575K->64K(576K), 0.0005142 secs] 3717K->3316K(4448K), 0.0005615 secs]
50.145: [GC 50.145: [DefNew: 576K->63K(576K), 0.0005915 secs] 3828K->3442K(4448K), 0.0006423 secs]
50.151: [GC 50.151: [DefNew: 575K->64K(576K), 0.0005487 secs] 3954K->3568K(4448K), 0.0006005 secs]
50.157: [GC 50.157: [DefNew: 576K->64K(576K), 0.0005860 secs] 4080K->3692K(4448K), 0.0006364 secs]
50.165: [GC 50.165: [DefNew: 576K->25K(576K), 0.0003172 secs] 4204K->3691K(4448K), 0.0003669 secs]
50.173: [GC 50.173: [DefNew: 536K->17K(576K), 0.0002723 secs] 4203K->3684K(4448K), 0.0003274 secs]
50.180: [GC 50.180: [DefNew: 529K->16K(576K), 0.0002948 secs] 4196K->3682K(4448K), 0.0003418 secs]
50.189: [GC 50.189: [DefNew: 528K->10K(576K), 0.0002655 secs] 4194K->3677K(4448K), 0.0003144 secs]
50.196: [GC 50.196: [DefNew: 512K->0K(576K), 0.0002153 secs] 4178K->3666K(4448K), 0.0002656 secs]
50.202: [GC 50.202: [DefNew: 512K->64K(576K), 0.0004893 secs] 4178K->3793K(4448K), 0.0005403 secs]
50.209: [GC 50.209: [DefNew: 576K->64K(576K), 0.0005595 secs] 4305K->3918K(4448K), 0.0006077 secs]
50.216: [GC 50.216: [DefNew: 576K->64K(576K), 0.0006164 secs]50.216: [Tenured: 3981K->1269K(4000K), 0.0337113 secs] 4430K->1269K(4576K), 0.0344327 secs]
50.256: [GC 50.256: [DefNew: 511K->63K(576K), 0.0006151 secs] 1780K->1399K(4448K), 0.0006729 secs]
50.261: [GC 50.261: [DefNew: 575K->64K(576K), 0.0007147 secs] 1911K->1506K(4448K), 0.0007709 secs]
50.268: [GC 50.268: [DefNew: 576K->63K(576K), 0.0008832 secs] 2018K->1640K(4448K), 0.0009515 secs]
50.280: [GC 50.280: [DefNew: 575K->56K(576K), 0.0003454 secs] 2152K->1646K(4448K), 0.0003994 secs]
50.288: [GC 50.288: [DefNew: 568K->54K(576K), 0.0002974 secs] 2158K->1645K(4448K), 0.0003485 secs]
50.296: [GC 50.296: [DefNew: 566K->50K(576K), 0.0002851 secs] 2157K->1641K(4448K), 0.0003358 secs]
50.304: [GC 50.304: [DefNew: 537K->32K(576K), 0.0003210 secs] 2128K->1623K(4448K), 0.0003760 secs]
50.312: [GC 50.312: [DefNew: 544K->32K(576K), 0.0002165 secs] 2135K->1623K(4448K), 0.0002662 secs]
50.316: [GC 50.316: [DefNew: 523K->63K(576K), 0.0004511 secs] 2115K->1729K(4448K), 0.0004979 secs]
50.322: [GC 50.322: [DefNew: 575K->63K(576K), 0.0005508 secs] 2241K->1856K(4448K), 0.0005989 secs]
50.328: [GC 50.328: [DefNew: 575K->63K(576K), 0.0005588 secs] 2368K->1982K(4448K), 0.0006045 secs]
50.335: [GC 50.335: [DefNew: 575K->63K(576K), 0.0004648 secs] 2494K->2109K(4448K), 0.0005062 secs]
50.339: [GC 50.339: [DefNew: 555K->64K(576K), 0.0005143 secs] 2601K->2214K(4448K), 0.0005566 secs]
50.346: [GC 50.346: [DefNew: 557K->63K(576K), 0.0005987 secs] 2708K->2345K(4448K), 0.0006517 secs]
50.354: [GC 50.354: [DefNew: 575K->59K(576K), 0.0003166 secs] 2857K->2343K(4448K), 0.0003680 secs]
50.363: [GC 50.363: [DefNew: 571K->57K(576K), 0.0003133 secs] 2855K->2341K(4448K), 0.0003617 secs]
50.371: [GC 50.371: [DefNew: 569K->55K(576K), 0.0003295 secs] 2853K->2340K(4448K), 0.0003784 secs]
50.379: [GC 50.379: [DefNew: 567K->54K(576K), 0.0002561 secs] 2852K->2339K(4448K), 0.0003025 secs]
50.387: [GC 50.387: [DefNew: 566K->41K(576K), 0.0002728 secs] 2851K->2326K(4448K), 0.0003229 secs]
50.394: [GC 50.394: [DefNew: 553K->63K(576K), 0.0005496 secs] 2838K->2453K(4448K), 0.0005984 secs]
50.398: [GC 50.398: [DefNew: 573K->63K(576K), 0.0004391 secs] 2963K->2562K(4448K), 0.0004816 secs]
50.404: [GC 50.404: [DefNew: 575K->63K(576K), 0.0005603 secs] 3074K->2689K(4448K), 0.0006073 secs]
50.411: [GC 50.411: [DefNew: 575K->64K(576K), 0.0004983 secs] 3201K->2815K(4448K), 0.0005426 secs]
50.417: [GC 50.417: [DefNew: 576K->63K(576K), 0.0004845 secs] 3327K->2941K(4448K), 0.0005273 secs]
50.426: [GC 50.426: [DefNew: 575K->53K(576K), 0.0004626 secs] 3453K->2995K(4448K), 0.0005137 secs]
50.433: [GC 50.433: [DefNew: 565K->15K(576K), 0.0003120 secs] 3507K->2993K(4448K), 0.0003593 secs]
50.440: [GC 50.441: [DefNew: 527K->10K(576K), 0.0003140 secs] 3505K->2988K(4448K), 0.0003625 secs]
50.448: [GC 50.448: [DefNew: 522K->6K(576K), 0.0002221 secs] 3500K->2984K(4448K), 0.0002669 secs]
50.455: [GC 50.455: [DefNew: 462K->62K(576K), 0.0003277 secs] 3440K->3040K(4448K), 0.0003807 secs]
50.463: [GC 50.463: [DefNew: 574K->50K(576K), 0.0002887 secs] 3552K->3028K(4448K), 0.0006320 secs]
50.469: [GC 50.469: [DefNew: 562K->64K(576K), 0.0006070 secs] 3540K->3154K(4448K), 0.0006591 secs]
50.476: [GC 50.476: [DefNew: 576K->64K(576K), 0.0005728 secs] 3666K->3281K(4448K), 0.0006251 secs]
50.481: [GC 50.481: [DefNew: 576K->63K(576K), 0.0005963 secs] 3793K->3391K(4448K), 0.0006497 secs]
50.488: [GC 50.488: [DefNew: 575K->64K(576K), 0.0007118 secs] 3903K->3518K(4448K), 0.0007697 secs]
50.494: [GC 50.494: [DefNew: 576K->63K(576K), 0.0007211 secs] 4030K->3644K(4448K), 0.0007768 secs]
50.502: [GC 50.502: [DefNew: 575K->58K(576K), 0.0004673 secs] 4156K->3703K(4448K), 0.0005214 secs]
50.510: [GC 50.511: [DefNew: 570K->30K(576K), 0.0003354 secs] 4215K->3701K(4448K), 0.0007023 secs]
50.518: [GC 50.519: [DefNew: 542K->28K(576K), 0.0002716 secs] 4213K->3699K(4448K), 0.0003210 secs]
50.526: [GC 50.526: [DefNew: 529K->17K(576K), 0.0002853 secs] 4200K->3688K(4448K), 0.0003374 secs]
50.534: [GC 50.534: [DefNew: 529K->16K(576K), 0.0003904 secs] 4200K->3687K(4448K), 0.0004498 secs]
50.541: [GC 50.541: [DefNew: 528K->63K(576K), 0.0004134 secs] 4199K->3740K(4448K), 0.0004662 secs]
50.548: [GC 50.548: [DefNew: 575K->63K(576K), 0.0005807 secs] 4252K->3866K(4448K), 0.0006329 secs]
50.554: [GC 50.554: [DefNew: 575K->63K(576K), 0.0005637 secs]50.555: [Tenured: 3928K->1211K(4000K), 0.0311136 secs] 4378K->1211K(4576K), 0.0317823 secs]
50.593: [GC 50.593: [DefNew: 512K->64K(576K), 0.0004942 secs] 1723K->1338K(4448K), 0.0005446 secs]
50.597: [GC 50.597: [DefNew: 554K->64K(576K), 0.0006095 secs] 1829K->1444K(4448K), 0.0006631 secs]
50.604: [GC 50.604: [DefNew: 576K->64K(576K), 0.0006596 secs] 1956K->1571K(4448K), 0.0007163 secs]
50.612: [GC 50.612: [DefNew: 576K->64K(576K), 0.0006308 secs] 2083K->1640K(4448K), 0.0006924 secs]
50.620: [GC 50.620: [DefNew: 576K->56K(576K), 0.0003364 secs] 2152K->1639K(4448K), 0.0003858 secs]
50.628: [GC 50.628: [DefNew: 568K->54K(576K), 0.0003475 secs] 2151K->1638K(4448K), 0.0004053 secs]
50.635: [GC 50.635: [DefNew: 564K->50K(576K), 0.0002477 secs] 2147K->1634K(4448K), 0.0002920 secs]
50.642: [GC 50.642: [DefNew: 538K->32K(576K), 0.0002669 secs] 2122K->1616K(4448K), 0.0003161 secs]
50.649: [GC 50.649: [DefNew: 544K->63K(576K), 0.0003008 secs] 2128K->1680K(4448K), 0.0003420 secs]
50.653: [GC 50.653: [DefNew: 575K->63K(576K), 0.0004434 secs] 2192K->1791K(4448K), 0.0004893 secs]
50.659: [GC 50.659: [DefNew: 575K->64K(576K), 0.0005277 secs] 2303K->1918K(4448K), 0.0005742 secs]
50.666: [GC 50.666: [DefNew: 576K->63K(576K), 0.0004399 secs] 2430K->2043K(4448K), 0.0004824 secs]
50.672: [GC 50.672: [DefNew: 575K->63K(576K), 0.0005321 secs] 2555K->2170K(4448K), 0.0005795 secs]
50.677: [GC 50.677: [DefNew: 575K->63K(576K), 0.0004828 secs] 2682K->2285K(4448K), 0.0005248 secs]
50.685: [GC 50.685: [DefNew: 575K->5K(576K), 0.0002922 secs] 2797K->2282K(4448K), 0.0003343 secs]
50.692: [GC 50.692: [DefNew: 460K->61K(576K), 0.0002635 secs] 2737K->2338K(4448K), 0.0003102 secs]
50.699: [GC 50.699: [DefNew: 573K->59K(576K), 0.0002710 secs] 2850K->2337K(4448K), 0.0003115 secs]
50.706: [GC 50.706: [DefNew: 571K->57K(576K), 0.0002585 secs] 2849K->2334K(4448K), 0.0003036 secs]
50.713: [GC 50.713: [DefNew: 569K->55K(576K), 0.0002619 secs] 2846K->2333K(4448K), 0.0003031 secs]
50.720: [GC 50.720: [DefNew: 567K->64K(576K), 0.0003721 secs] 2845K->2386K(4448K), 0.0004157 secs]
50.726: [GC 50.726: [DefNew: 576K->63K(576K), 0.0004413 secs] 2898K->2512K(4448K), 0.0004838 secs]
50.731: [GC 50.731: [DefNew: 575K->64K(576K), 0.0004512 secs] 3024K->2623K(4448K), 0.0004915 secs]
50.737: [GC 50.737: [DefNew: 576K->63K(576K), 0.0005094 secs] 3135K->2750K(4448K), 0.0005540 secs]
50.743: [GC 50.743: [DefNew: 575K->64K(576K), 0.0005019 secs] 3262K->2875K(4448K), 0.0005469 secs]
50.749: [GC 50.749: [DefNew: 576K->63K(576K), 0.0004594 secs] 3387K->2999K(4448K), 0.0005016 secs]
50.756: [GC 50.756: [DefNew: 564K->17K(576K), 0.0003262 secs] 3500K->2991K(4448K), 0.0003742 secs]
50.763: [GC 50.763: [DefNew: 529K->15K(576K), 0.0002228 secs] 3503K->2989K(4448K), 0.0002648 secs]
50.770: [GC 50.770: [DefNew: 524K->10K(576K), 0.0002560 secs] 3498K->2984K(4448K), 0.0003003 secs]
50.777: [GC 50.777: [DefNew: 522K->7K(576K), 0.0002109 secs] 3496K->2980K(4448K), 0.0002543 secs]
50.784: [GC 50.785: [DefNew: 460K->62K(576K), 0.0002528 secs] 3434K->3035K(4448K), 0.0002990 secs]
50.790: [GC 50.790: [DefNew: 574K->63K(576K), 0.0003520 secs] 3547K->3088K(4448K), 0.0003921 secs]
50.797: [GC 50.797: [DefNew: 575K->64K(576K), 0.0005339 secs] 3600K->3214K(4448K), 0.0005805 secs]
50.801: [GC 50.801: [DefNew: 552K->64K(576K), 0.0004690 secs] 3702K->3320K(4448K), 0.0005147 secs]
50.807: [GC 50.807: [DefNew: 576K->64K(576K), 0.0005452 secs] 3832K->3446K(4448K), 0.0005923 secs]
50.814: [GC 50.814: [DefNew: 576K->63K(576K), 0.0005757 secs] 3958K->3572K(4448K), 0.0006231 secs]
50.819: [GC 50.819: [DefNew: 575K->64K(576K), 0.0005331 secs] 4084K->3696K(4448K), 0.0005783 secs]
50.827: [GC 50.827: [DefNew: 576K->28K(576K), 0.0002741 secs] 4208K->3695K(4448K), 0.0003185 secs]
50.834: [GC 50.834: [DefNew: 540K->25K(576K), 0.0002518 secs] 4207K->3692K(4448K), 0.0002978 secs]
50.841: [GC 50.841: [DefNew: 534K->18K(576K), 0.0002512 secs] 4200K->3684K(4448K), 0.0002999 secs]
50.848: [GC 50.848: [DefNew: 530K->16K(576K), 0.0002152 secs] 4196K->3682K(4448K), 0.0002569 secs]
50.860: [GC 50.860: [DefNew: 527K->24K(576K), 0.0002397 secs] 4193K->3690K(4448K), 0.0002902 secs]
50.864: [GC 50.864: [DefNew: 536K->64K(576K), 0.0004620 secs] 4202K->3797K(4448K), 0.0005096 secs]
50.870: [GC 50.871: [DefNew: 576K->63K(576K), 0.0006173 secs] 4309K->3924K(4448K), 0.0006695 secs]
50.877: [GC 50.877: [DefNew: 575K->63K(576K), 0.0005893 secs]50.878: [Tenured: 3986K->1273K(4000K), 0.0315421 secs] 4436K->1273K(4576K), 0.0322372 secs]
50.915: [GC 50.915: [DefNew: 489K->64K(576K), 0.0004728 secs] 1762K->1399K(4448K), 0.0005219 secs]
50.919: [GC 50.919: [DefNew: 576K->63K(576K), 0.0004585 secs] 1911K->1506K(4448K), 0.0005034 secs]
50.927: [GC 50.927: [DefNew: 575K->63K(576K), 0.0006517 secs] 2018K->1640K(4448K), 0.0007046 secs]
50.936: [GC 50.936: [DefNew: 575K->55K(576K), 0.0003552 secs] 2152K->1646K(4448K), 0.0004063 secs]
50.944: [GC 50.944: [DefNew: 567K->54K(576K), 0.0002908 secs] 2158K->1645K(4448K), 0.0003404 secs]
50.952: [GC 50.952: [DefNew: 566K->50K(576K), 0.0002845 secs] 2156K->1641K(4448K), 0.0003370 secs]
50.961: [GC 50.961: [DefNew: 539K->32K(576K), 0.0002950 secs] 2130K->1623K(4448K), 0.0003455 secs]
50.970: [GC 50.970: [DefNew: 544K->32K(576K), 0.0002768 secs] 2135K->1623K(4448K), 0.0003262 secs]
50.974: [GC 50.974: [DefNew: 523K->64K(576K), 0.0004830 secs] 2114K->1730K(4448K), 0.0005305 secs]
50.980: [GC 50.980: [DefNew: 576K->63K(576K), 0.0005303 secs] 2242K->1856K(4448K), 0.0005754 secs]
50.987: [GC 50.987: [DefNew: 575K->63K(576K), 0.0006244 secs] 2368K->1982K(4448K), 0.0006789 secs]
50.994: [GC 50.994: [DefNew: 575K->63K(576K), 0.0005613 secs] 2494K->2109K(4448K), 0.0006111 secs]
50.998: [GC 50.998: [DefNew: 554K->63K(576K), 0.0006536 secs] 2599K->2215K(4448K), 0.0007134 secs]
51.006: [GC 51.006: [DefNew: 557K->63K(576K), 0.0006895 secs] 2708K->2345K(4448K), 0.0007475 secs]
51.014: [GC 51.014: [DefNew: 575K->59K(576K), 0.0003410 secs] 2857K->2344K(4448K), 0.0003913 secs]
51.022: [GC 51.022: [DefNew: 571K->57K(576K), 0.0003328 secs] 2856K->2341K(4448K), 0.0003847 secs]
51.030: [GC 51.030: [DefNew: 569K->55K(576K), 0.0003654 secs] 2853K->2340K(4448K), 0.0004190 secs]
51.038: [GC 51.038: [DefNew: 562K->50K(576K), 0.0003008 secs] 2847K->2335K(4448K), 0.0003531 secs]
51.048: [GC 51.048: [DefNew: 562K->39K(576K), 0.0002985 secs] 2847K->2325K(4448K), 0.0003560 secs]
51.054: [GC 51.055: [DefNew: 551K->63K(576K), 0.0006233 secs] 2837K->2451K(4448K), 0.0006762 secs]
51.059: [GC 51.059: [DefNew: 575K->63K(576K), 0.0006079 secs] 2963K->2562K(4448K), 0.0006616 secs]
51.066: [GC 51.066: [DefNew: 575K->63K(576K), 0.0006369 secs] 3074K->2688K(4448K), 0.0006914 secs]
51.073: [GC 51.073: [DefNew: 575K->63K(576K), 0.0006077 secs] 3200K->2814K(4448K), 0.0006616 secs]
51.080: [GC 51.080: [DefNew: 575K->63K(576K), 0.0005739 secs] 3326K->2941K(4448K), 0.0006235 secs]
51.086: [GC 51.086: [DefNew: 575K->54K(576K), 0.0003894 secs] 3453K->2995K(4448K), 0.0004347 secs]
51.093: [GC 51.093: [DefNew: 566K->15K(576K), 0.0003102 secs] 3507K->2993K(4448K), 0.0003534 secs]
51.100: [GC 51.100: [DefNew: 527K->10K(576K), 0.0003214 secs] 3505K->2988K(4448K), 0.0003726 secs]
51.108: [GC 51.108: [DefNew: 522K->6K(576K), 0.0002681 secs] 3500K->2985K(4448K), 0.0003166 secs]
51.115: [GC 51.115: [DefNew: 462K->62K(576K), 0.0002879 secs] 3440K->3040K(4448K), 0.0003368 secs]
51.122: [GC 51.122: [DefNew: 574K->50K(576K), 0.0003203 secs] 3552K->3029K(4448K), 0.0003697 secs]
51.128: [GC 51.128: [DefNew: 562K->63K(576K), 0.0005216 secs] 3541K->3154K(4448K), 0.0005690 secs]
51.135: [GC 51.135: [DefNew: 575K->63K(576K), 0.0005448 secs] 3666K->3281K(4448K), 0.0005917 secs]
51.139: [GC 51.139: [DefNew: 575K->63K(576K), 0.0004475 secs] 3793K->3392K(4448K), 0.0004879 secs]
51.145: [GC 51.145: [DefNew: 575K->63K(576K), 0.0005524 secs] 3904K->3518K(4448K), 0.0006098 secs]
51.152: [GC 51.152: [DefNew: 575K->64K(576K), 0.0004555 secs] 4030K->3644K(4448K), 0.0004973 secs]
51.158: [GC 51.158: [DefNew: 576K->58K(576K), 0.0004446 secs] 4156K->3703K(4448K), 0.0004929 secs]
51.165: [GC 51.165: [DefNew: 569K->30K(576K), 0.0003330 secs] 4214K->3701K(4448K), 0.0003809 secs]
51.173: [GC 51.173: [DefNew: 542K->28K(576K), 0.0002491 secs] 4213K->3700K(4448K), 0.0002943 secs]
51.180: [GC 51.180: [DefNew: 530K->17K(576K), 0.0002693 secs] 4201K->3689K(4448K), 0.0003180 secs]
51.187: [GC 51.187: [DefNew: 529K->16K(576K), 0.0002887 secs] 4201K->3687K(4448K), 0.0003358 secs]
51.194: [GC 51.194: [DefNew: 528K->63K(576K), 0.0003027 secs] 4199K->3740K(4448K), 0.0003466 secs]
51.200: [GC 51.200: [DefNew: 575K->64K(576K), 0.0004766 secs] 4252K->3867K(4448K), 0.0005162 secs]
51.206: [GC 51.206: [DefNew: 576K->64K(576K), 0.0005038 secs]51.207: [Tenured: 3929K->1212K(4000K), 0.0324276 secs] 4379K->1212K(4576K), 0.0330312 secs]
51.245: [GC 51.245: [DefNew: 512K->64K(576K), 0.0004937 secs] 1724K->1338K(4448K), 0.0005468 secs]
51.249: [GC 51.249: [DefNew: 555K->64K(576K), 0.0005077 secs] 1829K->1444K(4448K), 0.0005550 secs]
51.256: [GC 51.256: [DefNew: 576K->63K(576K), 0.0004806 secs] 1956K->1571K(4448K), 0.0005226 secs]
51.263: [GC 51.263: [DefNew: 575K->63K(576K), 0.0004709 secs] 2083K->1641K(4448K), 0.0005191 secs]
51.270: [GC 51.270: [DefNew: 575K->56K(576K), 0.0003018 secs] 2153K->1639K(4448K), 0.0003498 secs]
51.278: [GC 51.278: [DefNew: 568K->54K(576K), 0.0002953 secs] 2151K->1638K(4448K), 0.0003409 secs]
51.285: [GC 51.285: [DefNew: 564K->50K(576K), 0.0002596 secs] 2147K->1634K(4448K), 0.0003151 secs]
51.292: [GC 51.292: [DefNew: 536K->32K(576K), 0.0002918 secs] 2120K->1616K(4448K), 0.0003392 secs]
51.299: [GC 51.299: [DefNew: 544K->63K(576K), 0.0003726 secs] 2128K->1681K(4448K), 0.0004389 secs]
51.304: [GC 51.304: [DefNew: 575K->64K(576K), 0.0004835 secs] 2193K->1791K(4448K), 0.0005285 secs]
51.310: [GC 51.310: [DefNew: 576K->63K(576K), 0.0007270 secs] 2303K->1917K(4448K), 0.0007745 secs]
51.316: [GC 51.316: [DefNew: 575K->63K(576K), 0.0005038 secs] 2429K->2044K(4448K), 0.0005500 secs]
51.323: [GC 51.323: [DefNew: 575K->63K(576K), 0.0005584 secs] 2556K->2170K(4448K), 0.0006057 secs]
51.327: [GC 51.327: [DefNew: 575K->63K(576K), 0.0004894 secs] 2682K->2286K(4448K), 0.0005315 secs]
51.335: [GC 51.335: [DefNew: 575K->6K(576K), 0.0003358 secs] 2798K->2283K(4448K), 0.0003828 secs]
51.342: [GC 51.342: [DefNew: 459K->61K(576K), 0.0002778 secs] 2736K->2338K(4448K), 0.0003268 secs]
51.350: [GC 51.350: [DefNew: 573K->59K(576K), 0.0003716 secs] 2850K->2337K(4448K), 0.0006618 secs]
51.357: [GC 51.357: [DefNew: 571K->57K(576K), 0.0002896 secs] 2849K->2334K(4448K), 0.0003373 secs]
51.364: [GC 51.364: [DefNew: 569K->55K(576K), 0.0003427 secs] 2846K->2333K(4448K), 0.0003911 secs]
51.371: [GC 51.371: [DefNew: 567K->63K(576K), 0.0003511 secs] 2845K->2386K(4448K), 0.0003939 secs]
51.378: [GC 51.378: [DefNew: 575K->63K(576K), 0.0006032 secs] 2898K->2512K(4448K), 0.0006577 secs]
51.383: [GC 51.383: [DefNew: 575K->64K(576K), 0.0009886 secs] 3024K->2623K(4448K), 0.0010456 secs]
51.390: [GC 51.390: [DefNew: 576K->63K(576K), 0.0007288 secs] 3135K->2750K(4448K), 0.0007966 secs]
51.397: [GC 51.397: [DefNew: 575K->63K(576K), 0.0006175 secs] 3262K->2876K(4448K), 0.0006768 secs]
51.403: [GC 51.403: [DefNew: 575K->64K(576K), 0.0006166 secs] 3388K->2999K(4448K), 0.0006696 secs]
51.411: [GC 51.411: [DefNew: 574K->26K(576K), 0.0003211 secs] 3510K->3000K(4448K), 0.0003768 secs]
51.419: [GC 51.419: [DefNew: 531K->17K(576K), 0.0003155 secs] 3506K->2991K(4448K), 0.0003683 secs]
51.428: [GC 51.428: [DefNew: 529K->16K(576K), 0.0002835 secs] 3503K->2990K(4448K), 0.0003323 secs]
51.435: [GC 51.435: [DefNew: 528K->10K(576K), 0.0005738 secs] 3502K->2984K(4448K), 0.0006174 secs]
51.442: [GC 51.442: [DefNew: 512K->0K(576K), 0.0002040 secs] 3486K->2974K(4448K), 0.0002522 secs]
51.448: [GC 51.448: [DefNew: 512K->64K(576K), 0.0005250 secs] 3486K->3100K(4448K), 0.0005760 secs]
51.455: [GC 51.455: [DefNew: 576K->63K(576K), 0.0005958 secs] 3612K->3226K(4448K), 0.0006541 secs]
51.462: [GC 51.462: [DefNew: 575K->63K(576K), 0.0005411 secs] 3738K->3353K(4448K), 0.0005896 secs]
51.468: [GC 51.468: [DefNew: 574K->63K(576K), 0.0005451 secs] 3863K->3483K(4448K), 0.0005929 secs]
51.473: [GC 51.473: [DefNew: 575K->64K(576K), 0.0006809 secs] 3995K->3590K(4448K), 0.0007344 secs]
51.480: [GC 51.480: [DefNew: 576K->63K(576K), 0.0006614 secs] 4102K->3724K(4448K), 0.0007157 secs]
51.488: [GC 51.488: [DefNew: 575K->56K(576K), 0.0003281 secs] 4236K->3730K(4448K), 0.0003758 secs]
51.495: [GC 51.495: [DefNew: 568K->54K(576K), 0.0002795 secs] 4242K->3729K(4448K), 0.0003271 secs]
51.502: [GC 51.502: [DefNew: 564K->50K(576K), 0.0002633 secs] 4239K->3725K(4448K), 0.0003121 secs]
51.509: [GC 51.509: [DefNew: 538K->32K(576K), 0.0002868 secs] 4213K->3707K(4448K), 0.0003341 secs]
51.517: [GC 51.517: [DefNew: 544K->32K(576K), 0.0002290 secs] 4219K->3707K(4448K), 0.0002727 secs]
51.521: [GC 51.521: [DefNew: 522K->63K(576K), 0.0004528 secs] 4197K->3813K(4448K), 0.0004996 secs]
51.528: [GC 51.528: [DefNew: 575K->63K(576K), 0.0005036 secs]51.528: [Tenured: 3876K->1155K(4000K), 0.0314740 secs] 4325K->1155K(4576K), 0.0320674 secs]
51.567: [GC 51.567: [DefNew: 512K->64K(576K), 0.0004583 secs] 1667K->1281K(4448K), 0.0005072 secs]
51.573: [GC 51.573: [DefNew: 576K->64K(576K), 0.0005551 secs] 1793K->1408K(4448K), 0.0006005 secs]
51.579: [GC 51.579: [DefNew: 573K->63K(576K), 0.0005048 secs] 1917K->1538K(4448K), 0.0005487 secs]
51.584: [GC 51.584: [DefNew: 532K->63K(576K), 0.0004898 secs] 2006K->1644K(4448K), 0.0005372 secs]
51.592: [GC 51.592: [DefNew: 575K->59K(576K), 0.0002626 secs] 2156K->1643K(4448K), 0.0003047 secs]
51.599: [GC 51.599: [DefNew: 571K->57K(576K), 0.0002814 secs] 2155K->1640K(4448K), 0.0003268 secs]
51.606: [GC 51.606: [DefNew: 569K->55K(576K), 0.0003083 secs] 2152K->1639K(4448K), 0.0003541 secs]
51.613: [GC 51.613: [DefNew: 567K->54K(576K), 0.0002472 secs] 2151K->1638K(4448K), 0.0002917 secs]
51.622: [GC 51.622: [DefNew: 566K->41K(576K), 0.0002529 secs] 2150K->1625K(4448K), 0.0002997 secs]
51.628: [GC 51.628: [DefNew: 553K->63K(576K), 0.0005113 secs] 2137K->1752K(4448K), 0.0005591 secs]
51.632: [GC 51.632: [DefNew: 565K->63K(576K), 0.0004371 secs] 2253K->1861K(4448K), 0.0004786 secs]
51.638: [GC 51.639: [DefNew: 575K->63K(576K), 0.0004764 secs] 2373K->1987K(4448K), 0.0005174 secs]
51.645: [GC 51.645: [DefNew: 575K->64K(576K), 0.0005044 secs] 2499K->2113K(4448K), 0.0005467 secs]
51.651: [GC 51.651: [DefNew: 576K->63K(576K), 0.0005353 secs] 2625K->2240K(4448K), 0.0005806 secs]
51.657: [GC 51.657: [DefNew: 575K->53K(576K), 0.0004229 secs] 2752K->2294K(4448K), 0.0004789 secs]
51.664: [GC 51.664: [DefNew: 565K->15K(576K), 0.0003581 secs] 2806K->2292K(4448K), 0.0004058 secs]
51.672: [GC 51.672: [DefNew: 526K->10K(576K), 0.0002889 secs] 2803K->2287K(4448K), 0.0003382 secs]
51.679: [GC 51.679: [DefNew: 522K->6K(576K), 0.0002495 secs] 2799K->2284K(4448K), 0.0002976 secs]
51.686: [GC 51.686: [DefNew: 462K->62K(576K), 0.0002827 secs] 2739K->2339K(4448K), 0.0003312 secs]
51.693: [GC 51.693: [DefNew: 574K->50K(576K), 0.0002694 secs] 2851K->2328K(4448K), 0.0003155 secs]
51.699: [GC 51.699: [DefNew: 562K->63K(576K), 0.0005305 secs] 2840K->2454K(4448K), 0.0005769 secs]
51.705: [GC 51.705: [DefNew: 575K->64K(576K), 0.0004615 secs] 2966K->2580K(4448K), 0.0005048 secs]
51.710: [GC 51.710: [DefNew: 576K->63K(576K), 0.0005185 secs] 3092K->2691K(4448K), 0.0005667 secs]
51.716: [GC 51.716: [DefNew: 575K->63K(576K), 0.0005538 secs] 3203K->2818K(4448K), 0.0006003 secs]
51.722: [GC 51.722: [DefNew: 575K->63K(576K), 0.0005358 secs] 3330K->2944K(4448K), 0.0005839 secs]
51.729: [GC 51.729: [DefNew: 575K->58K(576K), 0.0004817 secs] 3456K->3002K(4448K), 0.0005314 secs]
51.737: [GC 51.737: [DefNew: 570K->30K(576K), 0.0003265 secs] 3514K->3000K(4448K), 0.0003731 secs]
51.746: [GC 51.746: [DefNew: 542K->28K(576K), 0.0002721 secs] 3512K->2999K(4448K), 0.0003197 secs]
51.753: [GC 51.753: [DefNew: 530K->18K(576K), 0.0002726 secs] 3501K->2988K(4448K), 0.0003212 secs]
51.760: [GC 51.760: [DefNew: 530K->16K(576K), 0.0002804 secs] 3500K->2986K(4448K), 0.0003443 secs]
51.767: [GC 51.767: [DefNew: 528K->63K(576K), 0.0003746 secs] 3498K->3039K(4448K), 0.0004227 secs]
51.773: [GC 51.773: [DefNew: 575K->63K(576K), 0.0005383 secs] 3551K->3166K(4448K), 0.0005848 secs]
51.779: [GC 51.779: [DefNew: 575K->63K(576K), 0.0004925 secs] 3678K->3292K(4448K), 0.0005343 secs]
51.785: [GC 51.786: [DefNew: 575K->63K(576K), 0.0005290 secs] 3804K->3419K(4448K), 0.0005834 secs]
51.790: [GC 51.790: [DefNew: 555K->63K(576K), 0.0004266 secs] 3910K->3524K(4448K), 0.0004686 secs]
51.796: [GC 51.796: [DefNew: 575K->63K(576K), 0.0005457 secs] 4036K->3651K(4448K), 0.0005924 secs]
51.803: [GC 51.803: [DefNew: 575K->63K(576K), 0.0004532 secs] 4163K->3721K(4448K), 0.0005002 secs]
51.811: [GC 51.811: [DefNew: 575K->56K(576K), 0.0003271 secs] 4233K->3719K(4448K), 0.0003775 secs]
51.818: [GC 51.818: [DefNew: 568K->54K(576K), 0.0003170 secs] 4231K->3718K(4448K), 0.0003641 secs]
51.825: [GC 51.825: [DefNew: 563K->50K(576K), 0.0002813 secs] 4227K->3714K(4448K), 0.0003303 secs]
51.833: [GC 51.833: [DefNew: 535K->32K(576K), 0.0002780 secs] 4199K->3696K(4448K), 0.0003202 secs]
51.840: [GC 51.840: [DefNew: 544K->63K(576K), 0.0003042 secs] 4208K->3761K(4448K), 0.0003457 secs]
51.844: [GC 51.844: [DefNew: 575K->63K(576K), 0.0004552 secs] 4273K->3872K(4448K), 0.0004987 secs]
51.850: [GC 51.850: [DefNew: 575K->63K(576K), 0.0005083 secs]51.851: [Tenured: 3934K->1224K(4000K), 0.0321430 secs] 4384K->1224K(4576K), 0.0327506 secs]
51.889: [GC 51.889: [DefNew: 512K->64K(576K), 0.0004306 secs] 1736K->1350K(4448K), 0.0004751 secs]
51.895: [GC 51.895: [DefNew: 576K->63K(576K), 0.0004863 secs] 1862K->1477K(4448K), 0.0005284 secs]
51.899: [GC 51.899: [DefNew: 575K->64K(576K), 0.0004640 secs] 1989K->1592K(4448K), 0.0005046 secs]
51.907: [GC 51.907: [DefNew: 576K->6K(576K), 0.0003634 secs] 2104K->1589K(4448K), 0.0004151 secs]
51.915: [GC 51.915: [DefNew: 460K->61K(576K), 0.0003010 secs] 2043K->1644K(4448K), 0.0003533 secs]
51.925: [GC 51.925: [DefNew: 573K->59K(576K), 0.0003624 secs] 2156K->1643K(4448K), 0.0004143 secs]
51.933: [GC 51.933: [DefNew: 571K->57K(576K), 0.0003267 secs] 2155K->1640K(4448K), 0.0003789 secs]
51.941: [GC 51.941: [DefNew: 569K->55K(576K), 0.0003676 secs] 2152K->1639K(4448K), 0.0004225 secs]
51.949: [GC 51.949: [DefNew: 567K->63K(576K), 0.0007559 secs] 2151K->1692K(4448K), 0.0008240 secs]
51.957: [GC 51.957: [DefNew: 575K->64K(576K), 0.0007871 secs] 2204K->1819K(4448K), 0.0008476 secs]
51.962: [GC 51.962: [DefNew: 576K->64K(576K), 0.0016669 secs] 2331K->1929K(4448K), 0.0017483 secs]
51.972: [GC 51.972: [DefNew: 576K->63K(576K), 0.0006223 secs] 2441K->2056K(4448K), 0.0006765 secs]
51.979: [GC 51.979: [DefNew: 575K->63K(576K), 0.0005462 secs] 2568K->2182K(4448K), 0.0005935 secs]
51.985: [GC 51.985: [DefNew: 575K->63K(576K), 0.0005868 secs] 2694K->2305K(4448K), 0.0006368 secs]
51.993: [GC 51.993: [DefNew: 575K->26K(576K), 0.0003146 secs] 2817K->2306K(4448K), 0.0003655 secs]
52.000: [GC 52.000: [DefNew: 532K->17K(576K), 0.0002534 secs] 2812K->2297K(4448K), 0.0003003 secs]
52.007: [GC 52.007: [DefNew: 529K->16K(576K), 0.0002931 secs] 2809K->2296K(4448K), 0.0003409 secs]
52.015: [GC 52.015: [DefNew: 528K->10K(576K), 0.0002474 secs] 2808K->2290K(4448K), 0.0002940 secs]
52.022: [GC 52.022: [DefNew: 511K->0K(576K), 0.0001640 secs] 2791K->2280K(4448K), 0.0002049 secs]
52.028: [GC 52.028: [DefNew: 512K->63K(576K), 0.0004118 secs] 2792K->2406K(4448K), 0.0004573 secs]
52.034: [GC 52.034: [DefNew: 575K->63K(576K), 0.0005501 secs] 2918K->2532K(4448K), 0.0005971 secs]
52.041: [GC 52.041: [DefNew: 575K->63K(576K), 0.0004505 secs] 3044K->2659K(4448K), 0.0004920 secs]
52.045: [GC 52.045: [DefNew: 558K->63K(576K), 0.0005086 secs] 3153K->2765K(4448K), 0.0005571 secs]
52.051: [GC 52.051: [DefNew: 575K->63K(576K), 0.0004842 secs] 3277K->2892K(4448K), 0.0005254 secs]
52.057: [GC 52.057: [DefNew: 575K->64K(576K), 0.0005522 secs] 3404K->3026K(4448K), 0.0005994 secs]
52.065: [GC 52.066: [DefNew: 572K->47K(576K), 0.0003348 secs] 3535K->3024K(4448K), 0.0003857 secs]
52.073: [GC 52.073: [DefNew: 537K->32K(576K), 0.0002455 secs] 3514K->3009K(4448K), 0.0002896 secs]
52.080: [GC 52.080: [DefNew: 544K->30K(576K), 0.0003677 secs] 3521K->3007K(4448K), 0.0004192 secs]
52.087: [GC 52.088: [DefNew: 542K->28K(576K), 0.0002562 secs] 3519K->3006K(4448K), 0.0003040 secs]
52.096: [GC 52.096: [DefNew: 540K->28K(576K), 0.0002120 secs] 3518K->3005K(4448K), 0.0002574 secs]
52.100: [GC 52.100: [DefNew: 540K->63K(576K), 0.0004683 secs] 3517K->3116K(4448K), 0.0005144 secs]
52.106: [GC 52.106: [DefNew: 575K->64K(576K), 0.0005792 secs] 3628K->3242K(4448K), 0.0006290 secs]
52.113: [GC 52.113: [DefNew: 576K->63K(576K), 0.0006108 secs] 3754K->3369K(4448K), 0.0006614 secs]
52.119: [GC 52.119: [DefNew: 575K->63K(576K), 0.0005269 secs] 3881K->3495K(4448K), 0.0005749 secs]
52.126: [GC 52.126: [DefNew: 572K->63K(576K), 0.0005769 secs] 4004K->3625K(4448K), 0.0006233 secs]
52.131: [GC 52.131: [DefNew: 533K->63K(576K), 0.0004404 secs] 4094K->3731K(4448K), 0.0004835 secs]
52.138: [GC 52.138: [DefNew: 575K->59K(576K), 0.0003900 secs] 4243K->3730K(4448K), 0.0004373 secs]
52.145: [GC 52.145: [DefNew: 571K->57K(576K), 0.0002876 secs] 4242K->3728K(4448K), 0.0003334 secs]
52.152: [GC 52.152: [DefNew: 569K->55K(576K), 0.0002958 secs] 4240K->3726K(4448K), 0.0003421 secs]
52.160: [GC 52.160: [DefNew: 562K->50K(576K), 0.0002744 secs] 4233K->3721K(4448K), 0.0003236 secs]
52.168: [GC 52.168: [DefNew: 562K->39K(576K), 0.0002474 secs] 4233K->3711K(4448K), 0.0002937 secs]
52.174: [GC 52.174: [DefNew: 551K->63K(576K), 0.0004865 secs] 4223K->3838K(4448K), 0.0005311 secs]
52.179: [GC 52.179: [DefNew: 575K->63K(576K), 0.0005051 secs]52.179: [Tenured: 3884K->1167K(4000K), 0.0304617 secs] 4349K->1167K(4576K), 0.0310587 secs]
52.215: [GC 52.215: [DefNew: 512K->63K(576K), 0.0004325 secs] 1679K->1318K(4448K), 0.0004804 secs]
52.222: [GC 52.222: [DefNew: 575K->64K(576K), 0.0006075 secs] 1830K->1444K(4448K), 0.0006605 secs]
52.228: [GC 52.228: [DefNew: 576K->64K(576K), 0.0008711 secs] 1956K->1570K(4448K), 0.0009279 secs]
52.235: [GC 52.235: [DefNew: 576K->53K(576K), 0.0004866 secs] 2082K->1624K(4448K), 0.0005412 secs]
52.243: [GC 52.243: [DefNew: 565K->15K(576K), 0.0003791 secs] 2136K->1622K(4448K), 0.0004292 secs]
52.251: [GC 52.251: [DefNew: 526K->10K(576K), 0.0003131 secs] 2133K->1617K(4448K), 0.0003657 secs]
52.259: [GC 52.259: [DefNew: 522K->6K(576K), 0.0002555 secs] 2129K->1614K(4448K), 0.0003040 secs]
52.268: [GC 52.268: [DefNew: 460K->61K(576K), 0.0003036 secs] 2067K->1669K(4448K), 0.0003556 secs]
52.275: [GC 52.275: [DefNew: 573K->50K(576K), 0.0002800 secs] 2181K->1658K(4448K), 0.0003274 secs]
52.281: [GC 52.281: [DefNew: 562K->63K(576K), 0.0004927 secs] 2170K->1783K(4448K), 0.0005442 secs]
52.287: [GC 52.288: [DefNew: 575K->63K(576K), 0.0004695 secs] 2295K->1910K(4448K), 0.0005133 secs]
52.292: [GC 52.292: [DefNew: 575K->64K(576K), 0.0004939 secs] 2422K->2021K(4448K), 0.0005400 secs]
52.298: [GC 52.298: [DefNew: 576K->63K(576K), 0.0005746 secs] 2533K->2147K(4448K), 0.0006229 secs]
52.305: [GC 52.305: [DefNew: 575K->64K(576K), 0.0005134 secs] 2659K->2273K(4448K), 0.0005581 secs]
52.311: [GC 52.311: [DefNew: 576K->58K(576K), 0.0004150 secs] 2785K->2332K(4448K), 0.0004618 secs]
52.319: [GC 52.319: [DefNew: 570K->30K(576K), 0.0003166 secs] 2844K->2330K(4448K), 0.0003657 secs]
52.326: [GC 52.326: [DefNew: 542K->28K(576K), 0.0002708 secs] 2842K->2329K(4448K), 0.0003186 secs]
52.333: [GC 52.333: [DefNew: 530K->17K(576K), 0.0002381 secs] 2830K->2318K(4448K), 0.0002833 secs]
52.340: [GC 52.340: [DefNew: 529K->16K(576K), 0.0002352 secs] 2830K->2316K(4448K), 0.0002750 secs]
52.346: [GC 52.346: [DefNew: 528K->63K(576K), 0.0002854 secs] 2828K->2369K(4448K), 0.0003270 secs]
52.353: [GC 52.353: [DefNew: 575K->63K(576K), 0.0005617 secs] 2881K->2496K(4448K), 0.0006106 secs]
52.359: [GC 52.359: [DefNew: 575K->64K(576K), 0.0004739 secs] 3008K->2622K(4448K), 0.0005186 secs]
52.366: [GC 52.367: [DefNew: 576K->63K(576K), 0.0006080 secs] 3134K->2748K(4448K), 0.0006570 secs]
52.371: [GC 52.371: [DefNew: 554K->63K(576K), 0.0005153 secs] 3239K->2854K(4448K), 0.0005630 secs]
52.377: [GC 52.377: [DefNew: 575K->63K(576K), 0.0005402 secs] 3366K->2981K(4448K), 0.0005871 secs]
52.385: [GC 52.385: [DefNew: 575K->64K(576K), 0.0004211 secs] 3493K->3050K(4448K), 0.0004670 secs]
52.392: [GC 52.392: [DefNew: 576K->56K(576K), 0.0003015 secs] 3562K->3049K(4448K), 0.0003481 secs]
52.399: [GC 52.399: [DefNew: 568K->54K(576K), 0.0003030 secs] 3561K->3048K(4448K), 0.0003483 secs]
52.406: [GC 52.407: [DefNew: 563K->50K(576K), 0.0002310 secs] 3557K->3044K(4448K), 0.0002753 secs]
52.414: [GC 52.414: [DefNew: 538K->32K(576K), 0.0003188 secs] 3532K->3026K(4448K), 0.0003690 secs]
52.422: [GC 52.423: [DefNew: 544K->64K(576K), 0.0004307 secs] 3538K->3090K(4448K), 0.0004825 secs]
52.427: [GC 52.427: [DefNew: 576K->64K(576K), 0.0005703 secs] 3602K->3201K(4448K), 0.0006251 secs]
52.434: [GC 52.434: [DefNew: 576K->64K(576K), 0.0005875 secs] 3713K->3328K(4448K), 0.0006373 secs]
52.440: [GC 52.441: [DefNew: 576K->64K(576K), 0.0005594 secs] 3840K->3454K(4448K), 0.0006119 secs]
52.447: [GC 52.447: [DefNew: 576K->64K(576K), 0.0005170 secs] 3966K->3580K(4448K), 0.0005643 secs]
52.452: [GC 52.452: [DefNew: 576K->63K(576K), 0.0005010 secs] 4092K->3696K(4448K), 0.0005430 secs]
52.459: [GC 52.459: [DefNew: 575K->5K(576K), 0.0002949 secs] 4208K->3692K(4448K), 0.0003391 secs]
52.467: [GC 52.467: [DefNew: 462K->61K(576K), 0.0003199 secs] 4149K->3748K(4448K), 0.0003679 secs]
52.474: [GC 52.474: [DefNew: 573K->59K(576K), 0.0003495 secs] 4260K->3747K(4448K), 0.0003992 secs]
52.482: [GC 52.482: [DefNew: 571K->57K(576K), 0.0003382 secs] 4259K->3745K(4448K), 0.0003877 secs]
52.490: [GC 52.491: [DefNew: 569K->55K(576K), 0.0012922 secs] 4257K->3743K(4448K), 0.0013833 secs]
52.499: [GC 52.500: [DefNew: 567K->63K(576K), 0.0008861 secs] 4255K->3796K(4448K), 0.0009744 secs]
52.508: [GC 52.508: [DefNew: 575K->63K(576K), 0.0006584 secs] 4308K->3922K(4448K), 0.0007139 secs]
52.513: [GC 52.513: [DefNew: 575K->63K(576K), 0.0006604 secs]52.514: [Tenured: 3969K->1235K(4000K), 0.0345609 secs] 4434K->1235K(4576K), 0.0353310 secs]
52.554: [GC 52.554: [DefNew: 512K->63K(576K), 0.0005094 secs] 1747K->1362K(4448K), 0.0005597 secs]
52.560: [GC 52.560: [DefNew: 575K->64K(576K), 0.0006937 secs] 1874K->1488K(4448K), 0.0007472 secs]
52.567: [GC 52.567: [DefNew: 576K->63K(576K), 0.0008454 secs] 2000K->1612K(4448K), 0.0008981 secs]
52.575: [GC 52.575: [DefNew: 574K->26K(576K), 0.0003344 secs] 2123K->1612K(4448K), 0.0003861 secs]
52.583: [GC 52.583: [DefNew: 534K->17K(576K), 0.0006131 secs] 2120K->1604K(4448K), 0.0006657 secs]
52.590: [GC 52.590: [DefNew: 529K->16K(576K), 0.0002920 secs] 2116K->1602K(4448K), 0.0003388 secs]
52.598: [GC 52.598: [DefNew: 528K->10K(576K), 0.0002575 secs] 2114K->1597K(4448K), 0.0003062 secs]
52.606: [GC 52.606: [DefNew: 511K->0K(576K), 0.0002147 secs] 2097K->1586K(4448K), 0.0002636 secs]
52.612: [GC 52.612: [DefNew: 512K->64K(576K), 0.0005786 secs] 2098K->1712K(4448K), 0.0006346 secs]
52.619: [GC 52.619: [DefNew: 576K->63K(576K), 0.0007170 secs] 2224K->1838K(4448K), 0.0007738 secs]
52.625: [GC 52.625: [DefNew: 575K->63K(576K), 0.0006027 secs] 2350K->1965K(4448K), 0.0006552 secs]
52.630: [GC 52.630: [DefNew: 556K->63K(576K), 0.0006146 secs] 2457K->2071K(4448K), 0.0006690 secs]
52.637: [GC 52.637: [DefNew: 575K->63K(576K), 0.0006783 secs] 2583K->2198K(4448K), 0.0007332 secs]
52.643: [GC 52.643: [DefNew: 575K->64K(576K), 0.0006968 secs] 2710K->2333K(4448K), 0.0007774 secs]
52.651: [GC 52.651: [DefNew: 575K->50K(576K), 0.0003152 secs] 2845K->2334K(4448K), 0.0003652 secs]
52.659: [GC 52.659: [DefNew: 535K->32K(576K), 0.0003096 secs] 2819K->2316K(4448K), 0.0003604 secs]
52.667: [GC 52.667: [DefNew: 544K->30K(576K), 0.0003059 secs] 2828K->2314K(4448K), 0.0003567 secs]
52.674: [GC 52.674: [DefNew: 542K->28K(576K), 0.0002720 secs] 2826K->2313K(4448K), 0.0003215 secs]
52.683: [GC 52.683: [DefNew: 540K->28K(576K), 0.0002345 secs] 2825K->2312K(4448K), 0.0002812 secs]
52.688: [GC 52.688: [DefNew: 540K->63K(576K), 0.0005362 secs] 2824K->2422K(4448K), 0.0005891 secs]
52.695: [GC 52.695: [DefNew: 575K->64K(576K), 0.0006177 secs] 2934K->2549K(4448K), 0.0006744 secs]
52.702: [GC 52.702: [DefNew: 576K->63K(576K), 0.0006423 secs] 3061K->2675K(4448K), 0.0007008 secs]
52.708: [GC 52.708: [DefNew: 575K->63K(576K), 0.0006600 secs] 3187K->2802K(4448K), 0.0007155 secs]
52.713: [GC 52.713: [DefNew: 556K->63K(576K), 0.0005947 secs] 3294K->2907K(4448K), 0.0006479 secs]
52.721: [GC 52.721: [DefNew: 558K->63K(576K), 0.0006079 secs] 3402K->3038K(4448K), 0.0006624 secs]
52.729: [GC 52.729: [DefNew: 575K->59K(576K), 0.0003483 secs] 3550K->3036K(4448K), 0.0004004 secs]
52.736: [GC 52.736: [DefNew: 571K->57K(576K), 0.0002804 secs] 3548K->3034K(4448K), 0.0003253 secs]
52.743: [GC 52.743: [DefNew: 569K->55K(576K), 0.0002907 secs] 3546K->3033K(4448K), 0.0003355 secs]
52.751: [GC 52.751: [DefNew: 567K->54K(576K), 0.0002819 secs] 3545K->3032K(4448K), 0.0003294 secs]
52.759: [GC 52.759: [DefNew: 566K->41K(576K), 0.0003028 secs] 3544K->3019K(4448K), 0.0003523 secs]
52.766: [GC 52.766: [DefNew: 553K->63K(576K), 0.0005595 secs] 3531K->3146K(4448K), 0.0006091 secs]
52.772: [GC 52.772: [DefNew: 573K->63K(576K), 0.0005571 secs] 3656K->3255K(4448K), 0.0006110 secs]
52.779: [GC 52.779: [DefNew: 575K->63K(576K), 0.0006131 secs] 3767K->3381K(4448K), 0.0006613 secs]
52.785: [GC 52.785: [DefNew: 575K->63K(576K), 0.0006294 secs] 3893K->3507K(4448K), 0.0006826 secs]
52.792: [GC 52.792: [DefNew: 575K->64K(576K), 0.0006090 secs] 4019K->3634K(4448K), 0.0006594 secs]
52.798: [GC 52.798: [DefNew: 576K->53K(576K), 0.0005207 secs] 4146K->3688K(4448K), 0.0005725 secs]
52.806: [GC 52.806: [DefNew: 565K->15K(576K), 0.0003531 secs] 4200K->3686K(4448K), 0.0004011 secs]
52.815: [GC 52.815: [DefNew: 526K->10K(576K), 0.0003149 secs] 4197K->3681K(4448K), 0.0003687 secs]
52.822: [GC 52.822: [DefNew: 522K->6K(576K), 0.0002616 secs] 4193K->3677K(4448K), 0.0003105 secs]
52.830: [GC 52.830: [DefNew: 461K->61K(576K), 0.0003241 secs] 4132K->3733K(4448K), 0.0003758 secs]
52.837: [GC 52.837: [DefNew: 573K->50K(576K), 0.0003127 secs] 4245K->3721K(4448K), 0.0003620 secs]
52.843: [GC 52.843: [DefNew: 562K->64K(576K), 0.0005369 secs] 4233K->3847K(4448K), 0.0005858 secs]
52.850: [GC 52.850: [DefNew: 576K->64K(576K), 0.0004656 secs]52.850: [Tenured: 3910K->1193K(4000K), 0.0311858 secs] 4359K->1193K(4576K), 0.0317459 secs]
52.885: [GC 52.885: [DefNew: 512K->63K(576K), 0.0004450 secs] 1705K->1304K(4448K), 0.0004883 secs]
52.891: [GC 52.891: [DefNew: 575K->64K(576K), 0.0005215 secs] 1816K->1430K(4448K), 0.0005661 secs]
52.898: [GC 52.898: [DefNew: 576K->63K(576K), 0.0004936 secs] 1942K->1556K(4448K), 0.0005390 secs]
52.904: [GC 52.904: [DefNew: 575K->58K(576K), 0.0005466 secs] 2068K->1615K(4448K), 0.0005986 secs]
52.912: [GC 52.912: [DefNew: 570K->30K(576K), 0.0003361 secs] 2127K->1614K(4448K), 0.0003837 secs]
52.919: [GC 52.919: [DefNew: 542K->29K(576K), 0.0002190 secs] 2126K->1612K(4448K), 0.0002606 secs]
52.928: [GC 52.928: [DefNew: 528K->18K(576K), 0.0002642 secs] 2111K->1601K(4448K), 0.0003130 secs]
52.935: [GC 52.935: [DefNew: 530K->16K(576K), 0.0002689 secs] 2113K->1599K(4448K), 0.0003130 secs]
52.941: [GC 52.941: [DefNew: 528K->64K(576K), 0.0003139 secs] 2111K->1652K(4448K), 0.0003617 secs]
52.947: [GC 52.947: [DefNew: 576K->63K(576K), 0.0004935 secs] 2164K->1779K(4448K), 0.0005367 secs]
52.954: [GC 52.954: [DefNew: 575K->63K(576K), 0.0005910 secs] 2291K->1905K(4448K), 0.0006429 secs]
52.960: [GC 52.960: [DefNew: 575K->63K(576K), 0.0004661 secs] 2417K->2031K(4448K), 0.0005083 secs]
52.964: [GC 52.964: [DefNew: 554K->64K(576K), 0.0004822 secs] 2522K->2137K(4448K), 0.0005275 secs]
52.971: [GC 52.971: [DefNew: 576K->63K(576K), 0.0005745 secs] 2649K->2264K(4448K), 0.0006225 secs]
52.978: [GC 52.978: [DefNew: 575K->64K(576K), 0.0004081 secs] 2776K->2334K(4448K), 0.0004520 secs]
52.985: [GC 52.986: [DefNew: 575K->56K(576K), 0.0003552 secs] 2846K->2332K(4448K), 0.0004047 secs]
52.993: [GC 52.993: [DefNew: 568K->54K(576K), 0.0003245 secs] 2844K->2331K(4448K), 0.0003714 secs]
53.000: [GC 53.000: [DefNew: 564K->50K(576K), 0.0002524 secs] 2841K->2327K(4448K), 0.0002999 secs]
53.007: [GC 53.007: [DefNew: 537K->32K(576K), 0.0002670 secs] 2813K->2309K(4448K), 0.0003093 secs]
53.015: [GC 53.015: [DefNew: 544K->63K(576K), 0.0003178 secs] 2821K->2373K(4448K), 0.0003600 secs]
53.019: [GC 53.019: [DefNew: 575K->63K(576K), 0.0005601 secs] 2885K->2484K(4448K), 0.0006109 secs]
53.025: [GC 53.026: [DefNew: 575K->64K(576K), 0.0005705 secs] 2996K->2611K(4448K), 0.0006184 secs]
53.032: [GC 53.032: [DefNew: 576K->63K(576K), 0.0005484 secs] 3123K->2737K(4448K), 0.0006033 secs]
53.038: [GC 53.039: [DefNew: 575K->63K(576K), 0.0005812 secs] 3249K->2863K(4448K), 0.0006503 secs]
53.044: [GC 53.044: [DefNew: 575K->63K(576K), 0.0006032 secs] 3375K->2979K(4448K), 0.0006533 secs]
53.052: [GC 53.052: [DefNew: 575K->5K(576K), 0.0003379 secs] 3491K->2975K(4448K), 0.0003880 secs]
53.059: [GC 53.059: [DefNew: 461K->61K(576K), 0.0002593 secs] 3431K->3031K(4448K), 0.0003055 secs]
53.066: [GC 53.066: [DefNew: 573K->59K(576K), 0.0003061 secs] 3543K->3030K(4448K), 0.0003536 secs]
53.074: [GC 53.074: [DefNew: 571K->57K(576K), 0.0002826 secs] 3542K->3027K(4448K), 0.0003288 secs]
53.082: [GC 53.082: [DefNew: 569K->55K(576K), 0.0003437 secs] 3539K->3026K(4448K), 0.0003939 secs]
53.089: [GC 53.089: [DefNew: 567K->64K(576K), 0.0003987 secs] 3538K->3079K(4448K), 0.0004465 secs]
53.095: [GC 53.095: [DefNew: 576K->63K(576K), 0.0004488 secs] 3591K->3205K(4448K), 0.0004907 secs]
53.099: [GC 53.100: [DefNew: 575K->63K(576K), 0.0004509 secs] 3717K->3316K(4448K), 0.0004918 secs]
53.106: [GC 53.106: [DefNew: 575K->63K(576K), 0.0005709 secs] 3828K->3442K(4448K), 0.0006173 secs]
53.112: [GC 53.112: [DefNew: 575K->63K(576K), 0.0005037 secs] 3954K->3568K(4448K), 0.0005500 secs]
53.118: [GC 53.118: [DefNew: 575K->64K(576K), 0.0004722 secs] 4080K->3692K(4448K), 0.0005134 secs]
53.125: [GC 53.125: [DefNew: 564K->17K(576K), 0.0002896 secs] 4193K->3684K(4448K), 0.0003358 secs]
53.132: [GC 53.132: [DefNew: 529K->15K(576K), 0.0002589 secs] 4196K->3682K(4448K), 0.0003107 secs]
53.140: [GC 53.140: [DefNew: 525K->10K(576K), 0.0002956 secs] 4192K->3677K(4448K), 0.0003453 secs]
53.147: [GC 53.147: [DefNew: 522K->7K(576K), 0.0002627 secs] 4189K->3673K(4448K), 0.0003112 secs]
53.154: [GC 53.154: [DefNew: 460K->62K(576K), 0.0002719 secs] 4127K->3729K(4448K), 0.0003186 secs]
53.160: [GC 53.160: [DefNew: 574K->63K(576K), 0.0003968 secs] 4241K->3781K(4448K), 0.0004415 secs]
53.166: [GC 53.166: [DefNew: 575K->64K(576K), 0.0004684 secs] 4293K->3908K(4448K), 0.0005108 secs]
53.174: [GC 53.174: [DefNew: 575K->63K(576K), 0.0006982 secs]53.175: [Tenured: 3973K->1260K(4000K), 0.0306200 secs] 4419K->1260K(4576K), 0.0314305 secs]
53.209: [GC 53.209: [DefNew: 512K->63K(576K), 0.0005502 secs] 1772K->1391K(4448K), 0.0006094 secs]
53.216: [GC 53.216: [DefNew: 575K->63K(576K), 0.0005567 secs] 1903K->1518K(4448K), 0.0006031 secs]
53.222: [GC 53.222: [DefNew: 571K->63K(576K), 0.0004745 secs] 2025K->1639K(4448K), 0.0005195 secs]
53.229: [GC 53.229: [DefNew: 575K->30K(576K), 0.0002915 secs] 2151K->1643K(4448K), 0.0003375 secs]
53.236: [GC 53.236: [DefNew: 542K->28K(576K), 0.0002510 secs] 2155K->1642K(4448K), 0.0002997 secs]
53.243: [GC 53.244: [DefNew: 540K->25K(576K), 0.0002716 secs] 2154K->1639K(4448K), 0.0003217 secs]
53.252: [GC 53.252: [DefNew: 537K->18K(576K), 0.0002698 secs] 2151K->1631K(4448K), 0.0003206 secs]
"Elapsed time: 9691.390453 msecs"
Done
Performing simple garbage collection cooldown
(used:2M/2M [4M,31M ])
(used:2M/2M [4M,31M ])
