Running
************************
* Memory Stats
## test small objects, begin
************************
 Free Memory = 4963912
 Max Memory = 66650112
 Total Memory = 5177344
 Free Memory(mb) = 4.733955383300781
 Max Memory(mb) = 63.5625
 Total Memory(mb) = 4.9375
20.081: [GC 20.081: [DefNew: 895K->64K(960K), 0.0049740 secs] 895K->799K(5056K), 0.0050410 secs] [Times: user=0.00 sys=0.00, real=0.00 secs] 
20.089: [GC 20.090: [DefNew: 960K->63K(960K), 0.0062160 secs] 1695K->1692K(5056K), 0.0086570 secs] [Times: user=0.01 sys=0.00, real=0.01 secs] 
20.100: [GC 20.100: [DefNew: 959K->63K(960K), 0.0191760 secs] 2588K->2585K(5056K), 0.0192440 secs] [Times: user=0.01 sys=0.00, real=0.02 secs] 
20.120: [GC 20.120: [DefNew: 959K->63K(960K), 0.0064580 secs] 3481K->3479K(5056K), 0.0065260 secs] [Times: user=0.00 sys=0.00, real=0.00 secs] 
20.128: [GC 20.128: [DefNew: 959K->63K(960K), 0.0076280 secs]20.136: [Tenured: 4310K->4351K(4352K), 0.0478470 secs] 4375K->4374K(5312K), [Perm : 25K->25K(12288K)], 0.0556450 secs] [Times: user=0.04 sys=0.01, real=0.06 secs] 
************************
* Memory Stats
## test small objects, end
************************
 Free Memory = 3881864
 Max Memory = 66650112
 Total Memory = 8413184
 Free Memory(mb) = 3.7020339965820312
 Max Memory(mb) = 63.5625
 Total Memory(mb) = 8.0234375
************************
* Memory Stats
## null
************************
 Free Memory = 3881864
 Max Memory = 66650112
 Total Memory = 8413184
 Free Memory(mb) = 3.7020339965820312
 Max Memory(mb) = 63.5625
 Total Memory(mb) = 8.0234375

* Time Diff in ms, t=212
************************
* Memory Stats
## test small objects, begin
************************
 Free Memory = 3881864
 Max Memory = 66650112
 Total Memory = 8413184
 Free Memory(mb) = 3.7020339965820312
 Max Memory(mb) = 63.5625
 Total Memory(mb) = 8.0234375
20.288: [GC 20.288: [DefNew: 896K->63K(960K), 0.0100420 secs] 5247K->5238K(8216K), 0.0101090 secs] [Times: user=0.00 sys=0.01, real=0.01 secs] 
20.302: [GC 20.302: [DefNew: 959K->63K(960K), 0.0063420 secs] 6134K->6133K(8216K), 0.0064100 secs] [Times: user=0.00 sys=0.00, real=0.00 secs] 
20.309: [GC 20.310: [DefNew: 959K->63K(960K), 0.0163810 secs] 7029K->7027K(8216K), 0.0164490 secs] [Times: user=0.01 sys=0.00, real=0.02 secs] 
20.327: [GC 20.327: [DefNew: 959K->63K(960K), 0.0064740 secs]20.334: [Tenured: 7857K->7895K(7896K), 0.0667940 secs] 7923K->7921K(8856K), [Perm : 25K->25K(12288K)], 0.0734480 secs] [Times: user=0.05 sys=0.01, real=0.08 secs] 
************************
* Memory Stats
## test small objects, end
************************
 Free Memory = 5658104
 Max Memory = 66650112
 Total Memory = 14589952
 Free Memory(mb) = 5.395988464355469
 Max Memory(mb) = 63.5625
 Total Memory(mb) = 13.9140625
************************
* Memory Stats
## null
************************
 Free Memory = 5658104
 Max Memory = 66650112
 Total Memory = 14589952
 Free Memory(mb) = 5.395988464355469
 Max Memory(mb) = 63.5625
 Total Memory(mb) = 13.9140625

* Time Diff in ms, t=216
************************
* Memory Stats
## test small objects, begin
************************
 Free Memory = 5658104
 Max Memory = 66650112
 Total Memory = 14589952
 Free Memory(mb) = 5.395988464355469
 Max Memory(mb) = 63.5625
 Total Memory(mb) = 13.9140625
20.503: [GC 20.503: [DefNew: 826K->63K(1088K), 0.0229080 secs] 8722K->8705K(14248K), 0.0229730 secs] [Times: user=0.02 sys=0.00, real=0.02 secs] 
20.528: [GC 20.528: [DefNew: 1087K->63K(1088K), 0.0062790 secs] 9729K->9728K(14248K), 0.0063470 secs] [Times: user=0.00 sys=0.00, real=0.01 secs] 
20.536: [GC 20.536: [DefNew: 1087K->63K(1088K), 0.0072000 secs] 10752K->10749K(14248K), 0.0072660 secs] [Times: user=0.00 sys=0.00, real=0.01 secs] 
20.545: [GC 20.545: [DefNew: 1087K->63K(1088K), 0.0162080 secs] 11773K->11771K(14248K), 0.0162760 secs] [Times: user=0.01 sys=0.00, real=0.02 secs] 
20.562: [GC 20.563: [DefNew: 1087K->63K(1088K), 0.0075390 secs] 12795K->12793K(14248K), 0.0076060 secs] [Times: user=0.00 sys=0.00, real=0.00 secs] 
************************
* Memory Stats
## test small objects, end
************************
 Free Memory = 1261088
 Max Memory = 66650112
 Total Memory = 14589952
 Free Memory(mb) = 1.202667236328125
 Max Memory(mb) = 63.5625
 Total Memory(mb) = 13.9140625
************************
* Memory Stats
## null
************************
 Free Memory = 1261088
 Max Memory = 66650112
 Total Memory = 14589952
 Free Memory(mb) = 1.202667236328125
 Max Memory(mb) = 63.5625
 Total Memory(mb) = 13.9140625

* Time Diff in ms, t=168
************************
* Memory Stats
## test small string, begin
************************
 Free Memory = 1261088
 Max Memory = 66650112
 Total Memory = 14589952
 Free Memory(mb) = 1.202667236328125
 Max Memory(mb) = 63.5625
 Total Memory(mb) = 13.9140625
20.874: [GC 20.874: [DefNew: 1087K->64K(1088K), 0.0020360 secs] 13817K->13020K(14248K), 0.0021090 secs] [Times: user=0.00 sys=0.00, real=0.00 secs] 
20.878: [GC 20.878: [DefNew: 1086K->17K(1088K), 0.0006620 secs] 14042K->13026K(14248K), 0.0007220 secs] [Times: user=0.00 sys=0.00, real=0.00 secs] 
20.880: [GC 20.880: [DefNew: 1041K->32K(1088K), 0.0003290 secs] 14050K->13041K(14248K), 0.0003870 secs] [Times: user=0.00 sys=0.00, real=0.01 secs] 
20.883: [GC 20.883: [DefNew: 1053K->12K(1088K), 0.0003140 secs] 14061K->13021K(14248K), 0.0003740 secs] [Times: user=0.00 sys=0.00, real=0.00 secs] 
20.885: [GC 20.885: [DefNew: 1011K->28K(1088K), 0.0002750 secs] 14019K->13037K(14248K), 0.0003310 secs] [Times: user=0.00 sys=0.00, real=0.00 secs] 
20.887: [GC 20.887: [DefNew: 1044K->15K(1088K), 0.0002810 secs] 14053K->13024K(14248K), 0.0003410 secs] [Times: user=0.00 sys=0.00, real=0.00 secs] 
20.889: [GC 20.889: [DefNew: 1023K->34K(1088K), 0.0003000 secs] 14032K->13042K(14248K), 0.0003580 secs] [Times: user=0.00 sys=0.00, real=0.00 secs] 
20.891: [GC 20.891: [DefNew: 1030K->36K(1088K), 0.0003070 secs] 14038K->13045K(14248K), 0.0003670 secs] [Times: user=0.00 sys=0.00, real=0.00 secs] 
20.893: [GC 20.893: [DefNew: 1021K->38K(1088K), 0.0003110 secs] 14030K->13047K(14248K), 0.0003680 secs] [Times: user=0.00 sys=0.00, real=0.00 secs] 
20.895: [GC 20.895: [DefNew: 1061K->20K(1088K), 0.0002830 secs] 14070K->13029K(14248K), 0.0003410 secs] [Times: user=0.00 sys=0.00, real=0.00 secs] 
20.911: [GC 20.911: [DefNew: 1034K->21K(1088K), 0.0002670 secs] 14042K->13030K(14248K), 0.0003260 secs] [Times: user=0.00 sys=0.00, real=0.00 secs] 
20.913: [GC 20.914: [DefNew: 1017K->45K(1088K), 0.0003220 secs] 14025K->13053K(14248K), 0.0003840 secs] [Times: user=0.00 sys=0.00, real=0.00 secs] 
20.915: [GC 20.915: [DefNew: 1060K->47K(1088K), 0.0003220 secs] 14069K->13055K(14248K), 0.0003790 secs] [Times: user=0.00 sys=0.00, real=0.00 secs] 
20.917: [GC 20.917: [DefNew: 1055K->48K(1088K), 0.0003940 secs] 14063K->13081K(14248K), 0.0004530 secs] [Times: user=0.00 sys=0.00, real=0.00 secs] 
20.919: [GC 20.919: [DefNew: 1069K->25K(1088K), 0.0002890 secs] 14102K->13058K(14248K), 0.0003470 secs] [Times: user=0.00 sys=0.00, real=0.00 secs] 
20.922: [GC 20.922: [DefNew: 1029K->52K(1088K), 0.0003880 secs] 14062K->13111K(14248K), 0.0004460 secs] [Times: user=0.00 sys=0.00, real=0.00 secs] 
20.924: [GC 20.925: [DefNew: 1062K->53K(1088K), 0.0003120 secs] 14121K->13112K(14248K), 0.0003700 secs] [Times: user=0.00 sys=0.00, real=0.00 secs] 
20.932: [GC 20.932: [DefNew: 1039K->55K(1088K), 0.0003070 secs] 14098K->13114K(14248K), 0.0005000 secs] [Times: user=0.00 sys=0.00, real=0.01 secs] 
20.934: [GC 20.934: [DefNew: 1069K->57K(1088K), 0.0003450 secs] 14128K->13115K(14248K), 0.0004040 secs] [Times: user=0.00 sys=0.00, real=0.00 secs] 
20.936: [GC 20.936: [DefNew: 1069K->29K(1088K), 0.0003870 secs] 14128K->13088K(14248K), 0.0004460 secs] [Times: user=0.00 sys=0.00, real=0.00 secs] 
20.938: [GC 20.938: [DefNew: 1007K->59K(1088K), 0.0003480 secs] 14066K->13118K(14248K), 0.0004090 secs] [Times: user=0.00 sys=0.00, real=0.00 secs] 
20.942: [GC 20.942: [DefNew: 1031K->61K(1088K), 0.0003080 secs] 14090K->13120K(14248K), 0.0003670 secs] [Times: user=0.00 sys=0.00, real=0.00 secs] 
20.952: [GC 20.953: [DefNew: 1054K->62K(1088K), 0.0003170 secs] 14113K->13121K(14248K), 0.0003740 secs] [Times: user=0.00 sys=0.00, real=0.00 secs] 
20.954: [GC 20.954: [DefNew: 1078K->32K(1088K), 0.0003900 secs] 14137K->13123K(14248K), 0.0004480 secs] [Times: user=0.00 sys=0.00, real=0.00 secs] 
20.957: [GC 20.957: [DefNew: 1036K->32K(1088K), 0.0002860 secs] 14127K->13123K(14248K), 0.0003420 secs] [Times: user=0.00 sys=0.00, real=0.00 secs] 
20.959: [GC 20.959: [DefNew: 991K->33K(1088K), 0.0004040 secs] 14082K->13157K(14248K), 0.0004640 secs] [Times: user=0.00 sys=0.00, real=0.00 secs] 
20.961: [GC 20.961: [DefNew: 1044K->33K(1088K), 0.0004960 secs]20.961: [Tenured: 13192K->13226K(13288K), 0.1387610 secs] 14168K->13226K(14376K), [Perm : 25K->25K(12288K)], 0.1394660 secs] [Times: user=0.08 sys=0.00, real=0.14 secs] 
21.103: [GC 21.103: [DefNew: 1586K->103K(1728K), 0.0004840 secs] 14812K->13329K(23772K), 0.0005450 secs] [Times: user=0.00 sys=0.00, real=0.00 secs] 
21.107: [GC 21.107: [DefNew: 1663K->71K(1728K), 0.0005540 secs] 14889K->13331K(23772K), 0.0006150 secs] [Times: user=0.00 sys=0.00, real=0.00 secs] 
21.110: [GC 21.110: [DefNew: 1636K->36K(1728K), 0.0003040 secs] 14896K->13296K(23772K), 0.0003650 secs] [Times: user=0.00 sys=0.00, real=0.00 secs] 
21.112: [GC 21.112: [DefNew: 1565K->75K(1728K), 0.0003650 secs] 14825K->13335K(23772K), 0.0004240 secs] [Times: user=0.00 sys=0.00, real=0.00 secs] 
21.116: [GC 21.117: [DefNew: 1601K->77K(1728K), 0.0003660 secs] 14861K->13337K(23772K), 0.0004280 secs] [Times: user=0.00 sys=0.00, real=0.00 secs] 
21.119: [GC 21.119: [DefNew: 1638K->78K(1728K), 0.0003660 secs] 14898K->13338K(23772K), 0.0004250 secs] [Times: user=0.00 sys=0.00, real=0.00 secs] 
21.124: [GC 21.124: [DefNew: 1674K->80K(1728K), 0.0008850 secs] 14934K->13340K(23772K), 0.0009480 secs] [Times: user=0.01 sys=0.00, real=0.00 secs] 
21.127: [GC 21.127: [DefNew: 1669K->41K(1728K), 0.0003100 secs] 14929K->13301K(23772K), 0.0003690 secs] [Times: user=0.00 sys=0.00, real=0.00 secs] 
21.130: [GC 21.135: [DefNew: 1578K->83K(1728K), 0.0004880 secs] 14838K->13343K(23772K), 0.0005680 secs] [Times: user=0.00 sys=0.00, real=0.01 secs] 
21.139: [GC 21.139: [DefNew: 1607K->85K(1728K), 0.0003910 secs] 14868K->13345K(23772K), 0.0004520 secs] [Times: user=0.00 sys=0.00, real=0.00 secs] 
21.142: [GC 21.142: [DefNew: 1637K->86K(1728K), 0.0003790 secs] 14897K->13346K(23772K), 0.0004390 secs] [Times: user=0.00 sys=0.00, real=0.00 secs] 
21.145: [GC 21.146: [DefNew: 1666K->88K(1728K), 0.0003670 secs] 14926K->13348K(23772K), 0.0004280 secs] [Times: user=0.00 sys=0.00, real=0.00 secs] 
21.148: [GC 21.148: [DefNew: 1651K->45K(1728K), 0.0003200 secs] 14911K->13305K(23772K), 0.0003780 secs] [Times: user=0.00 sys=0.00, real=0.00 secs] 
21.158: [GC 21.158: [DefNew: 1634K->91K(1728K), 0.0004870 secs] 14894K->13397K(23772K), 0.0005480 secs] [Times: user=0.00 sys=0.00, real=0.00 secs] 
21.164: [GC 21.164: [DefNew: 1660K->92K(1728K), 0.0004870 secs] 14966K->13398K(23772K), 0.0005500 secs] [Times: user=0.00 sys=0.00, real=0.00 secs] 
21.167: [GC 21.167: [DefNew: 1686K->94K(1728K), 0.0005200 secs] 14992K->13447K(23772K), 0.0005840 secs] [Times: user=0.00 sys=0.00, real=0.00 secs] 
21.174: [GC 21.174: [DefNew: 1665K->48K(1728K), 0.0002950 secs] 15017K->13400K(23772K), 0.0003500 secs] [Times: user=0.00 sys=0.00, real=0.00 secs] 
21.178: [GC 21.178: [DefNew: 1642K->97K(1728K), 0.0003960 secs] 14994K->13450K(23772K), 0.0004570 secs] [Times: user=0.00 sys=0.00, real=0.00 secs] 
21.181: [GC 21.181: [DefNew: 1665K->98K(1728K), 0.0003860 secs] 15018K->13451K(23772K), 0.0004440 secs] [Times: user=0.00 sys=0.00, real=0.00 secs] 
21.184: [GC 21.184: [DefNew: 1688K->99K(1728K), 0.0004030 secs] 15041K->13452K(23772K), 0.0004630 secs] [Times: user=0.00 sys=0.00, real=0.00 secs] 
21.187: [GC 21.187: [DefNew: 1661K->50K(1728K), 0.0003260 secs] 15014K->13403K(23772K), 0.0003860 secs] [Times: user=0.00 sys=0.00, real=0.00 secs] 
21.206: [GC 21.206: [DefNew: 1632K->102K(1728K), 0.0006020 secs] 14985K->13506K(23772K), 0.0006680 secs] [Times: user=0.00 sys=0.00, real=0.00 secs] 
21.212: [GC 21.212: [DefNew: 1653K->103K(1728K), 0.0003550 secs] 15057K->13508K(23772K), 0.0004300 secs] [Times: user=0.00 sys=0.00, real=0.01 secs] 
21.215: [GC 21.215: [DefNew: 1674K->105K(1728K), 0.0005520 secs] 15078K->13561K(23772K), 0.0006160 secs] [Times: user=0.00 sys=0.00, real=0.00 secs] 
21.218: [GC 21.218: [DefNew: 1694K->106K(1728K), 0.0005000 secs] 15151K->13563K(23772K), 0.0005630 secs] [Times: user=0.00 sys=0.00, real=0.00 secs] 
21.221: [GC 21.221: [DefNew: 1607K->107K(1728K), 0.0004120 secs] 15064K->13564K(23772K), 0.0006130 secs] [Times: user=0.00 sys=0.00, real=0.00 secs] 
21.233: [GC 21.234: [DefNew: 1625K->108K(1728K), 0.0003360 secs] 15082K->13565K(23772K), 0.0003920 secs] [Times: user=0.00 sys=0.00, real=0.00 secs] 
21.237: [GC 21.237: [DefNew: 1643K->110K(1728K), 0.0004020 secs] 15100K->13566K(23772K), 0.0004620 secs] [Times: user=0.00 sys=0.00, real=0.00 secs] 
21.241: [GC 21.241: [DefNew: 1661K->111K(1728K), 0.0003900 secs] 15118K->13567K(23772K), 0.0004490 secs] [Times: user=0.00 sys=0.00, real=0.00 secs] 
21.243: [GC 21.244: [DefNew: 1679K->112K(1728K), 0.0005920 secs] 15136K->13569K(23772K), 0.0006560 secs] [Times: user=0.00 sys=0.01, real=0.00 secs] 
21.247: [GC 21.248: [DefNew: 1697K->113K(1728K), 0.0004240 secs] 15154K->13570K(23772K), 0.0004820 secs] [Times: user=0.00 sys=0.00, real=0.00 secs] 
21.250: [GC 21.250: [DefNew: 1658K->57K(1728K), 0.0003360 secs] 15115K->13514K(23772K), 0.0003930 secs] [Times: user=0.00 sys=0.00, real=0.00 secs] 
21.254: [GC 21.254: [DefNew: 1617K->115K(1728K), 0.0005650 secs] 15074K->13630K(23772K), 0.0006330 secs] [Times: user=0.00 sys=0.00, real=0.00 secs] 
21.257: [GC 21.258: [DefNew: 1633K->117K(1728K), 0.0004270 secs] 15148K->13631K(23772K), 0.0004900 secs] [Times: user=0.00 sys=0.00, real=0.00 secs] 
21.261: [GC 21.261: [DefNew: 1708K->59K(1728K), 0.0003420 secs] 15222K->13573K(23772K), 0.0004030 secs] [Times: user=0.00 sys=0.00, real=0.00 secs] 
21.263: [GC 21.263: [DefNew: 1546K->119K(1728K), 0.0004220 secs] 15061K->13634K(23772K), 0.0004810 secs] [Times: user=0.00 sys=0.00, real=0.00 secs] 
21.266: [GC 21.266: [DefNew: 1680K->120K(1728K), 0.0005890 secs] 15195K->13695K(23772K), 0.0006570 secs] [Times: user=0.00 sys=0.00, real=0.00 secs] 
21.271: [GC 21.271: [DefNew: 1696K->121K(1728K), 0.0004840 secs] 15270K->13696K(23772K), 0.0005490 secs] [Times: user=0.00 sys=0.00, real=0.00 secs] 
21.274: [GC 21.274: [DefNew: 1711K->122K(1728K), 0.0005760 secs] 15286K->13758K(23772K), 0.0006420 secs] [Times: user=0.00 sys=0.00, real=0.00 secs] 
21.277: [GC 21.277: [DefNew: 1665K->62K(1728K), 0.0003460 secs] 15301K->13698K(23772K), 0.0004050 secs] [Times: user=0.00 sys=0.00, real=0.00 secs] 
21.289: [GC 21.289: [DefNew: 1618K->124K(1728K), 0.0004180 secs] 15254K->13761K(23772K), 0.0004760 secs] [Times: user=0.00 sys=0.00, real=0.00 secs] 
21.292: [GC 21.292: [DefNew: 1631K->125K(1728K), 0.0004330 secs] 15267K->13762K(23772K), 0.0004950 secs] [Times: user=0.00 sys=0.00, real=0.00 secs] 
21.296: [GC 21.296: [DefNew: 1644K->126K(1728K), 0.0004130 secs] 15281K->13763K(23772K), 0.0004700 secs] [Times: user=0.00 sys=0.00, real=0.00 secs] 
21.299: [GC 21.299: [DefNew: 1658K->64K(1728K), 0.0005000 secs] 15294K->13764K(23772K), 0.0005630 secs] [Times: user=0.00 sys=0.00, real=0.00 secs] 
21.302: [GC 21.302: [DefNew: 1607K->64K(1728K), 0.0004850 secs] 15307K->13829K(23772K), 0.0005470 secs] [Times: user=0.00 sys=0.00, real=0.00 secs] 
21.311: [GC 21.311: [DefNew: 1620K->65K(1728K), 0.0004980 secs] 15385K->13894K(23772K), 0.0005610 secs] [Times: user=0.00 sys=0.00, real=0.00 secs] 
21.322: [GC 21.322: [DefNew: 1633K->65K(1728K), 0.0004600 secs] 15463K->13960K(23772K), 0.0005220 secs] [Times: user=0.00 sys=0.00, real=0.00 secs] 
21.325: [GC 21.326: [DefNew: 1646K->66K(1728K), 0.0004960 secs] 15541K->14027K(23772K), 0.0005590 secs] [Times: user=0.00 sys=0.00, real=0.00 secs] 
21.329: [GC 21.329: [DefNew: 1659K->66K(1728K), 0.0005030 secs] 15620K->14094K(23772K), 0.0005650 secs] [Times: user=0.00 sys=0.00, real=0.00 secs] 
21.332: [GC 21.332: [DefNew: 1605K->67K(1728K), 0.0003530 secs] 15632K->14094K(23772K), 0.0004120 secs] [Times: user=0.00 sys=0.00, real=0.00 secs] 
21.335: [GC 21.335: [DefNew: 1617K->67K(1728K), 0.0007890 secs] 15644K->14230K(23772K), 0.0008980 secs] [Times: user=0.00 sys=0.00, real=0.00 secs] 
21.339: [GC 21.339: [DefNew: 1560K->68K(1728K), 0.0004370 secs] 15723K->14298K(23772K), 0.0004950 secs] [Times: user=0.00 sys=0.00, real=0.00 secs] 
21.342: [GC 21.342: [DefNew: 1640K->68K(1728K), 0.0003550 secs] 15871K->14299K(23772K), 0.0004160 secs] [Times: user=0.00 sys=0.00, real=0.00 secs] 
21.345: [GC 21.345: [DefNew: 1652K->69K(1728K), 0.0007170 secs] 15882K->14437K(23772K), 0.0007860 secs] [Times: user=0.00 sys=0.00, real=0.00 secs] 
21.357: [GC 21.357: [DefNew: 1594K->69K(1728K), 0.0005370 secs] 15963K->14507K(23772K), 0.0005980 secs] [Times: user=0.00 sys=0.00, real=0.00 secs] 
21.360: [GC 21.360: [DefNew: 1605K->69K(1728K), 0.0007040 secs] 16043K->14648K(23772K), 0.0007740 secs] [Times: user=0.01 sys=0.00, real=0.01 secs] 
21.363: [GC 21.363: [DefNew: 1616K->70K(1728K), 0.0005390 secs] 16194K->14718K(23772K), 0.0006010 secs] [Times: user=0.00 sys=0.00, real=0.00 secs] 
21.366: [GC 21.367: [DefNew: 1627K->70K(1728K), 0.0006510 secs] 16275K->14861K(23772K), 0.0007180 secs] [Times: user=0.00 sys=0.00, real=0.00 secs] 
21.371: [GC 21.371: [DefNew: 1638K->71K(1728K), 0.0005190 secs] 16428K->14932K(23772K), 0.0005830 secs] [Times: user=0.00 sys=0.00, real=0.00 secs] 
21.374: [GC 21.374: [DefNew: 1648K->71K(1728K), 0.0007120 secs] 16510K->15077K(23772K), 0.0007820 secs] [Times: user=0.00 sys=0.00, real=0.00 secs] 
21.377: [GC 21.377: [DefNew: 1659K->72K(1728K), 0.0005230 secs] 16664K->15149K(23772K), 0.0005850 secs] [Times: user=0.00 sys=0.00, real=0.00 secs] 
21.381: [GC 21.381: [DefNew: 1670K->72K(1728K), 0.0006960 secs] 16747K->15295K(23772K), 0.0007630 secs] [Times: user=0.00 sys=0.00, real=0.00 secs] 
21.384: [GC 21.384: [DefNew: 1608K->73K(1728K), 0.0003680 secs] 16831K->15296K(23772K), 0.0004270 secs] [Times: user=0.01 sys=0.00, real=0.00 secs] 
21.387: [GC 21.387: [DefNew: 1618K->73K(1728K), 0.0005420 secs] 16841K->15370K(23772K), 0.0006070 secs] [Times: user=0.00 sys=0.00, real=0.00 secs] 
21.391: [GC 21.391: [DefNew: 1553K->74K(1728K), 0.0005310 secs] 16850K->15444K(23772K), 0.0005940 secs] [Times: user=0.00 sys=0.00, real=0.00 secs] 
21.394: [GC 21.394: [DefNew: 1562K->74K(1728K), 0.0005370 secs] 16933K->15519K(23772K), 0.0006010 secs] [Times: user=0.00 sys=0.00, real=0.00 secs] 
21.405: [GC 21.405: [DefNew: 1571K->75K(1728K), 0.0004990 secs] 17017K->15595K(23772K), 0.0005600 secs] [Times: user=0.00 sys=0.00, real=0.00 secs] 
21.408: [GC 21.408: [DefNew: 1580K->75K(1728K), 0.0005590 secs] 17101K->15671K(23772K), 0.0006520 secs] [Times: user=0.00 sys=0.00, real=0.00 secs] 
21.411: [GC 21.411: [DefNew: 1589K->75K(1728K), 0.0005410 secs] 17185K->15747K(23772K), 0.0006040 secs] [Times: user=0.00 sys=0.00, real=0.00 secs] 
21.416: [GC 21.416: [DefNew: 1599K->76K(1728K), 0.0005530 secs] 17270K->15824K(23772K), 0.0006160 secs] [Times: user=0.00 sys=0.00, real=0.00 secs] 
21.421: [GC 21.421: [DefNew: 1608K->76K(1728K), 0.0004850 secs] 17355K->15901K(23772K), 0.0005460 secs] [Times: user=0.00 sys=0.00, real=0.00 secs] 
21.424: [GC 21.424: [DefNew: 1617K->77K(1728K), 0.0006150 secs] 17441K->15978K(23772K), 0.0006830 secs] [Times: user=0.00 sys=0.00, real=0.00 secs] 
21.434: [GC 21.434: [DefNew: 1626K->77K(1728K), 0.0005480 secs] 17527K->16056K(23772K), 0.0006130 secs] [Times: user=0.00 sys=0.00, real=0.00 secs] 
21.437: [GC 21.437: [DefNew: 1635K->78K(1728K), 0.0005560 secs] 17614K->16135K(23772K), 0.0006230 secs] [Times: user=0.00 sys=0.00, real=0.00 secs] 
21.442: [GC 21.442: [DefNew: 1644K->78K(1728K), 0.0005520 secs] 17701K->16214K(23772K), 0.0006180 secs] [Times: user=0.00 sys=0.00, real=0.00 secs] 
21.445: [GC 21.445: [DefNew: 1653K->78K(1728K), 0.0005530 secs] 17788K->16293K(23772K), 0.0006170 secs] [Times: user=0.00 sys=0.00, real=0.00 secs] 
21.448: [GC 21.448: [DefNew: 1662K->79K(1728K), 0.0005590 secs] 17876K->16373K(23772K), 0.0006210 secs] [Times: user=0.00 sys=0.00, real=0.00 secs] 
21.452: [GC 21.452: [DefNew: 1671K->79K(1728K), 0.0010590 secs] 17964K->16453K(23772K), 0.0011310 secs] [Times: user=0.00 sys=0.00, real=0.01 secs] 
21.455: [GC 21.455: [DefNew: 1600K->80K(1728K), 0.0003800 secs] 17973K->16453K(23772K), 0.0004400 secs] [Times: user=0.00 sys=0.00, real=0.00 secs] 
21.460: [GC 21.460: [DefNew: 1608K->80K(1728K), 0.0007100 secs] 17981K->16614K(23772K), 0.0007780 secs] [Times: user=0.00 sys=0.00, real=0.00 secs] 
21.463: [GC 21.463: [DefNew: 1535K->80K(1728K), 0.0005690 secs] 18070K->16696K(23772K), 0.0006320 secs] [Times: user=0.00 sys=0.00, real=0.00 secs] 
21.466: [GC 21.466: [DefNew: 1624K->81K(1728K), 0.0003840 secs] 18239K->16696K(23772K), 0.0004440 secs] [Times: user=0.00 sys=0.00, real=0.00 secs] 
21.469: [GC 21.469: [DefNew: 1632K->81K(1728K), 0.0008390 secs] 18247K->16860K(23772K), 0.0009120 secs] [Times: user=0.00 sys=0.00, real=0.00 secs] 
21.480: [GC 21.480: [DefNew: 1558K->82K(1728K), 0.0005240 secs] 18337K->16942K(23772K), 0.0005880 secs] [Times: user=0.00 sys=0.00, real=0.00 secs] 
21.483: [GC 21.483: [DefNew: 1648K->82K(1728K), 0.0003900 secs] 18509K->16943K(23772K), 0.0004480 secs] [Times: user=0.00 sys=0.00, real=0.00 secs] 
21.488: [GC 21.488: [DefNew: 1656K->82K(1728K), 0.0010390 secs] 18517K->17109K(23772K), 0.0011130 secs] [Times: user=0.00 sys=0.01, real=0.00 secs] 
21.492: [GC 21.492: [DefNew: 1581K->83K(1728K), 0.0006000 secs] 18607K->17193K(23772K), 0.0006680 secs] [Times: user=0.00 sys=0.00, real=0.01 secs] 
21.495: [GC 21.495: [DefNew: 1672K->83K(1728K), 0.0003870 secs] 18782K->17193K(23772K), 0.0004470 secs] [Times: user=0.00 sys=0.00, real=0.00 secs] 
21.498: [GC 21.498: [DefNew: 1680K->84K(1728K), 0.0008010 secs] 18790K->17362K(23772K), 0.0008730 secs] [Times: user=0.00 sys=0.00, real=0.00 secs] 
21.502: [GC 21.502: [DefNew: 1604K->84K(1728K), 0.0005830 secs] 18882K->17447K(23772K), 0.0006510 secs] [Times: user=0.00 sys=0.00, real=0.00 secs] 
21.505: [GC 21.505: [DefNew: 1611K->84K(1728K), 0.0008180 secs] 18973K->17617K(23772K), 0.0008880 secs] [Times: user=0.00 sys=0.00, real=0.00 secs] 
21.508: [GC 21.508: [DefNew: 1618K->85K(1728K), 0.0005860 secs] 19151K->17702K(23772K), 0.0006510 secs] [Times: user=0.00 sys=0.00, real=0.00 secs] 
21.521: [GC 21.521: [DefNew: 1626K->85K(1728K), 0.0009210 secs] 19243K->17874K(23772K), 0.0009900 secs] [Times: user=0.00 sys=0.00, real=0.00 secs] 
************************
* Memory Stats
## test small string, done
************************
 Free Memory = 4894368
 Max Memory = 66650112
 Total Memory = 24342528
 Free Memory(mb) = 4.667633056640625
 Max Memory(mb) = 63.5625
 Total Memory(mb) = 23.21484375

* Time Diff in ms, t=652
21.525: [GC 21.525: [DefNew: 1681K->91K(1728K), 0.0005430 secs] 19469K->17879K(23772K), 0.0006020 secs] [Times: user=0.00 sys=0.00, real=0.00 secs] 
21.528: [GC 21.528: [DefNew: 1678K->20K(1728K), 0.0006020 secs] 19467K->17895K(23772K), 0.0006620 secs] [Times: user=0.01 sys=0.00, real=0.00 secs] 
21.533: [GC 21.533: [DefNew: 1612K->13K(1728K), 0.0003090 secs] 19487K->17888K(23772K), 0.0003690 secs] [Times: user=0.00 sys=0.00, real=0.00 secs] 
21.536: [GC 21.536: [DefNew: 1601K->16K(1728K), 0.0005990 secs] 19475K->17891K(23772K), 0.0006610 secs] [Times: user=0.00 sys=0.00, real=0.00 secs] 
21.538: [GC 21.538: [DefNew: 1600K->37K(1728K), 0.0003390 secs] 19475K->17912K(23772K), 0.0003990 secs] [Times: user=0.00 sys=0.00, real=0.00 secs] 
21.542: [GC 21.542: [DefNew: 1618K->21K(1728K), 0.0003150 secs] 19493K->17896K(23772K), 0.0003750 secs] [Times: user=0.00 sys=0.00, real=0.00 secs] 
21.544: [GC 21.544: [DefNew: 1605K->23K(1728K), 0.0003250 secs] 19480K->17897K(23772K), 0.0003820 secs] [Times: user=0.00 sys=0.00, real=0.00 secs] 
21.547: [GC 21.547: [DefNew: 1620K->73K(1728K), 0.0004170 secs] 19495K->17948K(23772K), 0.0004770 secs] [Times: user=0.00 sys=0.00, real=0.00 secs] 
21.550: [GC 21.550: [DefNew: 1658K->52K(1728K), 0.0003660 secs] 19533K->17927K(23772K), 0.0004240 secs] [Times: user=0.00 sys=0.00, real=0.00 secs] 
21.553: [GC 21.553: [DefNew: 1652K->27K(1728K), 0.0003280 secs] 19527K->17902K(23772K), 0.0003880 secs] [Times: user=0.00 sys=0.00, real=0.00 secs] 
21.556: [GC 21.556: [DefNew: 1602K->87K(1728K), 0.0004350 secs] 19476K->17962K(23772K), 0.0061590 secs] [Times: user=0.00 sys=0.00, real=0.01 secs] 
21.569: [GC 21.569: [DefNew: 1680K->30K(1728K), 0.0002990 secs] 19555K->17905K(23772K), 0.0003580 secs] [Times: user=0.00 sys=0.00, real=0.00 secs] 
21.572: [GC 21.572: [DefNew: 1569K->64K(1728K), 0.0003200 secs] 19444K->17938K(23772K), 0.0003740 secs] [Times: user=0.00 sys=0.00, real=0.00 secs] 
21.576: [GC 21.576: [DefNew: 1632K->66K(1728K), 0.0004180 secs] 19507K->17941K(23772K), 0.0004790 secs] [Times: user=0.00 sys=0.00, real=0.00 secs] 
21.578: [GC 21.578: [DefNew: 1661K->34K(1728K), 0.0003390 secs] 19536K->17909K(23772K), 0.0003960 secs] [Times: user=0.00 sys=0.00, real=0.00 secs] 
21.581: [GC 21.581: [DefNew: 1616K->71K(1728K), 0.0003630 secs] 19490K->17946K(23772K), 0.0004220 secs] [Times: user=0.00 sys=0.00, real=0.00 secs] 
21.585: [GC 21.585: [DefNew: 1669K->73K(1728K), 0.0005240 secs] 19544K->17948K(23772K), 0.0005850 secs] [Times: user=0.00 sys=0.00, real=0.00 secs] 
21.588: [GC 21.588: [DefNew: 1646K->113K(1728K), 0.0004610 secs] 19521K->17988K(23772K), 0.0005220 secs] [Times: user=0.01 sys=0.00, real=0.00 secs] 
21.590: [GC 21.590: [DefNew: 1694K->39K(1728K), 0.0003300 secs] 19569K->17914K(23772K), 0.0003890 secs] [Times: user=0.00 sys=0.00, real=0.00 secs] 
21.593: [GC 21.593: [DefNew: 1623K->40K(1728K), 0.0003440 secs] 19498K->17915K(23772K), 0.0004020 secs] [Times: user=0.00 sys=0.00, real=0.00 secs] 
21.596: [GC 21.596: [DefNew: 1625K->123K(1728K), 0.0004560 secs] 19500K->17998K(23772K), 0.0005170 secs] [Times: user=0.00 sys=0.00, real=0.00 secs] 
21.609: [GC 21.609: [DefNew: 1707K->84K(1728K), 0.0004030 secs] 19581K->17959K(23772K), 0.0004630 secs] [Times: user=0.00 sys=0.00, real=0.00 secs] 
21.611: [GC 21.611: [DefNew: 1619K->86K(1728K), 0.0004400 secs] 19494K->17961K(23772K), 0.0005010 secs] [Times: user=0.00 sys=0.00, real=0.00 secs] 
21.614: [GC 21.614: [DefNew: 1655K->88K(1728K), 0.0004000 secs] 19530K->17962K(23772K), 0.0004600 secs] [Times: user=0.00 sys=0.00, real=0.00 secs] 
21.617: [GC 21.617: [DefNew: 1647K->45K(1728K), 0.0003420 secs] 19521K->17919K(23772K), 0.0004010 secs] [Times: user=0.00 sys=0.00, real=0.00 secs] 
21.619: [GC 21.620: [DefNew: 1636K->91K(1728K), 0.0005490 secs] 19511K->18012K(23772K), 0.0006140 secs] [Times: user=0.00 sys=0.01, real=0.01 secs] 
21.625: [GC 21.625: [DefNew: 1668K->93K(1728K), 0.0003820 secs] 19589K->18014K(23772K), 0.0004410 secs] [Times: user=0.00 sys=0.00, real=0.00 secs] 
21.627: [GC 21.627: [DefNew: 1605K->95K(1728K), 0.0004070 secs] 19526K->18015K(23772K), 0.0004680 secs] [Times: user=0.00 sys=0.00, real=0.00 secs] 
21.630: [GC 21.630: [DefNew: 1634K->96K(1728K), 0.0004100 secs] 19554K->18017K(23772K), 0.0004700 secs] [Times: user=0.00 sys=0.00, real=0.00 secs] 
21.633: [GC 21.633: [DefNew: 1662K->98K(1728K), 0.0003900 secs] 19583K->18019K(23772K), 0.0004480 secs] [Times: user=0.00 sys=0.00, real=0.00 secs] 
21.636: [GC 21.636: [DefNew: 1691K->100K(1728K), 0.0004330 secs] 19612K->18021K(23772K), 0.0004950 secs] [Times: user=0.00 sys=0.00, real=0.00 secs] 
21.647: [GC 21.647: [DefNew: 1669K->51K(1728K), 0.0003640 secs] 19590K->17971K(23772K), 0.0004240 secs] [Times: user=0.00 sys=0.00, real=0.00 secs] 
21.649: [GC 21.650: [DefNew: 1645K->103K(1728K), 0.0005710 secs] 19566K->18075K(23772K), 0.0006360 secs] [Times: user=0.00 sys=0.00, real=0.00 secs] 
21.653: [GC 21.653: [DefNew: 1670K->105K(1728K), 0.0004010 secs] 19643K->18077K(23772K), 0.0004580 secs] [Times: user=0.00 sys=0.00, real=0.00 secs] 
21.656: [GC 21.656: [DefNew: 1695K->106K(1728K), 0.0006670 secs] 19668K->18132K(23772K), 0.0007330 secs] [Times: user=0.00 sys=0.00, real=0.00 secs] 
21.659: [GC 21.659: [DefNew: 1667K->54K(1728K), 0.0003550 secs] 19692K->18079K(23772K), 0.0004150 secs] [Times: user=0.00 sys=0.00, real=0.00 secs] 
21.662: [GC 21.662: [DefNew: 1636K->109K(1728K), 0.0004300 secs] 19662K->18135K(23772K), 0.0004900 secs] [Times: user=0.00 sys=0.00, real=0.00 secs] 
21.665: [GC 21.665: [DefNew: 1658K->111K(1728K), 0.0004420 secs] 19684K->18137K(23772K), 0.0005030 secs] [Times: user=0.00 sys=0.00, real=0.00 secs] 
21.668: [GC 21.668: [DefNew: 1681K->112K(1728K), 0.0004370 secs] 19706K->18138K(23772K), 0.0004980 secs] [Times: user=0.00 sys=0.00, real=0.00 secs] 
21.679: [GC 21.679: [DefNew: 1703K->114K(1728K), 0.0004380 secs] 19729K->18139K(23772K), 0.0004990 secs] [Times: user=0.00 sys=0.00, real=0.00 secs] 
21.682: [GC 21.682: [DefNew: 1667K->57K(1728K), 0.0003620 secs] 19693K->18083K(23772K), 0.0004210 secs] [Times: user=0.00 sys=0.00, real=0.00 secs] 
21.685: [GC 21.685: [DefNew: 1630K->116K(1728K), 0.0006810 secs] 19656K->18201K(23772K), 0.0007500 secs] [Times: user=0.00 sys=0.00, real=0.00 secs] 
21.688: [GC 21.688: [DefNew: 1649K->118K(1728K), 0.0004410 secs] 19733K->18202K(23772K), 0.0005020 secs] [Times: user=0.00 sys=0.00, real=0.00 secs] 
21.691: [GC 21.691: [DefNew: 1668K->119K(1728K), 0.0005890 secs] 19753K->18263K(23772K), 0.0006990 secs] [Times: user=0.00 sys=0.00, real=0.00 secs] 
21.696: [GC 21.696: [DefNew: 1688K->121K(1728K), 0.0004420 secs] 19832K->18265K(23772K), 0.0005040 secs] [Times: user=0.00 sys=0.00, real=0.00 secs] 
21.699: [GC 21.699: [DefNew: 1707K->122K(1728K), 0.0006110 secs] 19851K->18327K(23772K), 0.0006780 secs] [Times: user=0.00 sys=0.00, real=0.00 secs] 
21.702: [GC 21.702: [DefNew: 1664K->62K(1728K), 0.0003580 secs] 19869K->18267K(23772K), 0.0004170 secs] [Times: user=0.00 sys=0.00, real=0.00 secs] 
21.706: [GC 21.706: [DefNew: 1620K->125K(1728K), 0.0004420 secs] 19825K->18330K(23772K), 0.0005040 secs] [Times: user=0.00 sys=0.00, real=0.00 secs] 
21.709: [GC 21.709: [DefNew: 1636K->126K(1728K), 0.0004530 secs] 19842K->18331K(23772K), 0.0005150 secs] [Times: user=0.00 sys=0.00, real=0.00 secs] 
21.712: [GC 21.712: [DefNew: 1653K->127K(1728K), 0.0004770 secs] 19858K->18333K(23772K), 0.0005390 secs] [Times: user=0.00 sys=0.00, real=0.01 secs] 
21.715: [GC 21.715: [DefNew: 1669K->64K(1728K), 0.0005100 secs] 19875K->18334K(23772K), 0.0005740 secs] [Times: user=0.00 sys=0.00, real=0.00 secs] 
21.728: [GC 21.729: [DefNew: 1621K->65K(1728K), 0.0004920 secs] 19891K->18400K(23772K), 0.0005540 secs] [Times: user=0.00 sys=0.00, real=0.00 secs] 
21.731: [GC 21.731: [DefNew: 1637K->65K(1728K), 0.0005190 secs] 19972K->18466K(23772K), 0.0005840 secs] [Times: user=0.00 sys=0.00, real=0.01 secs] 
21.735: [GC 21.735: [DefNew: 1653K->66K(1728K), 0.0005200 secs] 20054K->18533K(23772K), 0.0005830 secs] [Times: user=0.00 sys=0.00, real=0.00 secs] 
21.738: [GC 21.738: [DefNew: 1602K->67K(1728K), 0.0003780 secs] 20069K->18534K(23772K), 0.0004390 secs] [Times: user=0.00 sys=0.00, real=0.00 secs] 
21.741: [GC 21.741: [DefNew: 1616K->67K(1728K), 0.0007500 secs] 20083K->18669K(23772K), 0.0008220 secs] [Times: user=0.00 sys=0.00, real=0.00 secs] 
21.744: [GC 21.744: [DefNew: 1563K->68K(1728K), 0.0005230 secs] 20165K->18738K(23772K), 0.0005870 secs] [Times: user=0.00 sys=0.00, real=0.00 secs] 
21.747: [GC 21.747: [DefNew: 1645K->68K(1728K), 0.0003790 secs] 20315K->18739K(23772K), 0.0004410 secs] [Times: user=0.00 sys=0.00, real=0.00 secs] 
21.758: [GC 21.758: [DefNew: 1659K->69K(1728K), 0.0007300 secs] 20330K->18878K(23772K), 0.0008020 secs] [Times: user=0.00 sys=0.00, real=0.00 secs] 
21.762: [GC 21.762: [DefNew: 1604K->70K(1728K), 0.0005330 secs] 20413K->18948K(23772K), 0.0005970 secs] [Times: user=0.00 sys=0.00, real=0.00 secs] 
21.765: [GC 21.765: [DefNew: 1617K->70K(1728K), 0.0006950 secs] 20496K->19090K(23772K), 0.0007640 secs] [Times: user=0.00 sys=0.00, real=0.00 secs] 
21.769: [GC 21.769: [DefNew: 1631K->71K(1728K), 0.0005180 secs] 20650K->19162K(23772K), 0.0005810 secs] [Times: user=0.00 sys=0.00, real=0.00 secs] 
21.771: [GC 21.771: [DefNew: 1644K->71K(1728K), 0.0007700 secs] 20735K->19306K(23772K), 0.0008410 secs] [Times: user=0.00 sys=0.00, real=0.01 secs] 
21.775: [GC 21.775: [DefNew: 1657K->72K(1728K), 0.0005320 secs] 20892K->19378K(23772K), 0.0005950 secs] [Times: user=0.00 sys=0.00, real=0.00 secs] 
21.778: [GC 21.778: [DefNew: 1670K->72K(1728K), 0.0007620 secs] 20977K->19525K(23772K), 0.0008340 secs] [Times: user=0.00 sys=0.00, real=0.00 secs] 
21.781: [GC 21.782: [DefNew: 1610K->73K(1728K), 0.0003910 secs] 21063K->19525K(23772K), 0.0004530 secs] [Times: user=0.00 sys=0.00, real=0.00 secs] 
21.784: [GC 21.784: [DefNew: 1623K->74K(1728K), 0.0005160 secs] 21075K->19600K(23772K), 0.0005770 secs] [Times: user=0.00 sys=0.00, real=0.00 secs] 
21.788: [GC 21.788: [DefNew: 1560K->74K(1728K), 0.0005740 secs] 21087K->19675K(23772K), 0.0006770 secs] [Times: user=0.00 sys=0.00, real=0.00 secs] 
21.791: [GC 21.791: [DefNew: 1571K->75K(1728K), 0.0006160 secs] 21172K->19750K(23772K), 0.0006810 secs] [Times: user=0.00 sys=0.00, real=0.00 secs] 
21.794: [GC 21.794: [DefNew: 1582K->75K(1728K), 0.0005890 secs] 21258K->19826K(23772K), 0.0006550 secs] [Times: user=0.00 sys=0.00, real=0.00 secs] 
21.805: [GC 21.805: [DefNew: 1594K->76K(1728K), 0.0005590 secs] 21345K->19903K(23772K), 0.0006230 secs] [Times: user=0.00 sys=0.00, real=0.00 secs] 
21.809: [GC 21.809: [DefNew: 1605K->76K(1728K), 0.0004870 secs] 21432K->19980K(23772K), 0.0005480 secs] [Times: user=0.00 sys=0.00, real=0.00 secs] 
21.812: [GC 21.812: [DefNew: 1616K->77K(1728K), 0.0005970 secs] 21520K->20058K(23772K), 0.0006630 secs] [Times: user=0.01 sys=0.00, real=0.01 secs] 
21.815: [GC 21.815: [DefNew: 1627K->77K(1728K), 0.0006060 secs] 21608K->20136K(23772K), 0.0006700 secs] [Times: user=0.00 sys=0.00, real=0.00 secs] 
21.817: [GC 21.818: [DefNew: 1638K->78K(1728K), 0.0006730 secs] 21697K->20215K(23772K), 0.0007390 secs] [Times: user=0.00 sys=0.00, real=0.00 secs] 
21.820: [GC 21.820: [DefNew: 1649K->78K(1728K), 0.0005680 secs] 21786K->20294K(23772K), 0.0006340 secs] [Times: user=0.00 sys=0.00, real=0.00 secs] 
21.823: [GC 21.824: [DefNew: 1660K->79K(1728K), 0.0012180 secs] 21876K->20374K(23772K), 0.0012890 secs] [Times: user=0.00 sys=0.00, real=0.00 secs] 
21.836: [GC 21.836: [DefNew: 1671K->79K(1728K), 0.0006110 secs] 21966K->20454K(23772K), 0.0006780 secs] [Times: user=0.00 sys=0.00, real=0.00 secs] 
21.839: [GC 21.839: [DefNew: 1602K->80K(1728K), 0.0004080 secs] 21977K->20455K(23772K), 0.0005490 secs] [Times: user=0.00 sys=0.00, real=0.00 secs] 
21.842: [GC 21.842: [DefNew: 1612K->80K(1728K), 0.0008510 secs] 21987K->20617K(23772K), 0.0009240 secs] [Times: user=0.00 sys=0.00, real=0.00 secs] 
21.845: [GC 21.845: [DefNew: 1541K->81K(1728K), 0.0005870 secs] 22077K->20698K(23772K), 0.0006790 secs] [Times: user=0.00 sys=0.00, real=0.00 secs] 
21.848: [GC 21.848: [DefNew: 1631K->81K(1728K), 0.0004170 secs] 22249K->20699K(23772K), 0.0004750 secs] [Times: user=0.00 sys=0.00, real=0.00 secs] 
21.851: [GC 21.851: [DefNew: 1641K->82K(1728K), 0.0008280 secs] 22259K->20864K(23772K), 0.0009920 secs] [Times: user=0.00 sys=0.00, real=0.00 secs] 
21.854: [GC 21.854: [DefNew: 1569K->82K(1728K), 0.0006040 secs] 22351K->20947K(23772K), 0.0006710 secs] [Times: user=0.00 sys=0.00, real=0.00 secs] 
21.858: [GC 21.859: [DefNew: 1661K->83K(1728K), 0.0004190 secs] 22526K->20947K(23772K), 0.0004790 secs] [Times: user=0.00 sys=0.00, real=0.00 secs] 
21.861: [GC 21.861: [DefNew: 1671K->83K(1728K), 0.0008490 secs] 22536K->21115K(23772K), 0.0009230 secs] [Times: user=0.00 sys=0.00, real=0.00 secs] 
21.865: [GC 21.865: [DefNew: 1597K->84K(1728K), 0.0006060 secs] 22629K->21200K(23772K), 0.0006710 secs] [Times: user=0.00 sys=0.00, real=0.00 secs] 
21.878: [GC 21.878: [DefNew: 1606K->84K(1728K), 0.0007290 secs] 22722K->21370K(23772K), 0.0007970 secs] [Times: user=0.00 sys=0.00, real=0.00 secs] 
21.881: [GC 21.881: [DefNew: 1615K->85K(1728K), 0.0006040 secs] 22900K->21455K(23772K), 0.0006710 secs] [Times: user=0.00 sys=0.00, real=0.00 secs] 
21.884: [GC 21.884: [DefNew: 1624K->85K(1728K), 0.0007310 secs] 22994K->21627K(23772K), 0.0016450 secs] [Times: user=0.00 sys=0.00, real=0.00 secs] 
21.888: [GC 21.888: [DefNew: 1633K->86K(1728K), 0.0006080 secs] 23175K->21714K(23772K), 0.0007280 secs] [Times: user=0.00 sys=0.00, real=0.00 secs] 
21.891: [GC 21.891: [DefNew: 1642K->86K(1728K), 0.0011930 secs] 23270K->21887K(23772K), 0.0012630 secs] [Times: user=0.00 sys=0.00, real=0.01 secs] 
21.895: [GC 21.895: [DefNew: 1651K->87K(1728K), 0.0006150 secs] 23452K->21975K(23772K), 0.0007120 secs] [Times: user=0.00 sys=0.00, real=0.00 secs] 
21.899: [GC 21.899: [DefNew: 1660K->87K(1728K), 0.0011580 secs]21.900: [Tenured: 22062K->13348K(22220K), 0.1252040 secs] 23548K->13348K(23948K), [Perm : 25K->24K(12288K)], 0.1265030 secs] [Times: user=0.09 sys=0.00, real=0.13 secs] 
22.028: [GC 22.028: [DefNew: 1581K->88K(1728K), 0.0018650 secs] 14929K->13611K(23948K), 0.0019390 secs] [Times: user=0.00 sys=0.00, real=0.00 secs] 
22.032: [GC 22.032: [DefNew: 1678K->88K(1728K), 0.0007470 secs] 15201K->13788K(23948K), 0.0008420 secs] [Times: user=0.01 sys=0.00, real=0.01 secs] 
22.035: [GC 22.035: [DefNew: 1687K->88K(1728K), 0.0005270 secs] 15387K->13878K(23948K), 0.0005920 secs] [Times: user=0.00 sys=0.00, real=0.00 secs] 
22.038: [GC 22.038: [DefNew: 1517K->89K(1728K), 0.0009710 secs] 15307K->13968K(23948K), 0.0010400 secs] [Times: user=0.00 sys=0.00, real=0.00 secs] 
22.050: [GC 22.050: [DefNew: 1524K->89K(1728K), 0.0004600 secs] 15403K->14058K(23948K), 0.0005250 secs] [Times: user=0.00 sys=0.00, real=0.00 secs] 
22.052: [GC 22.052: [DefNew: 1531K->90K(1728K), 0.0005290 secs] 15500K->14149K(23948K), 0.0005940 secs] [Times: user=0.00 sys=0.00, real=0.00 secs] 
22.055: [GC 22.055: [DefNew: 1539K->90K(1728K), 0.0006140 secs] 15597K->14240K(23948K), 0.0006840 secs] [Times: user=0.00 sys=0.00, real=0.00 secs] 
22.060: [GC 22.060: [DefNew: 1546K->91K(1728K), 0.0005110 secs] 15695K->14331K(23948K), 0.0005750 secs] [Times: user=0.00 sys=0.00, real=0.00 secs] 
22.063: [GC 22.063: [DefNew: 1553K->91K(1728K), 0.0005520 secs] 15793K->14423K(23948K), 0.0006150 secs] [Times: user=0.00 sys=0.00, real=0.00 secs] 
22.066: [GC 22.066: [DefNew: 1560K->91K(1728K), 0.0005360 secs] 15892K->14515K(23948K), 0.0006050 secs] [Times: user=0.00 sys=0.00, real=0.00 secs] 
22.069: [GC 22.069: [DefNew: 1567K->92K(1728K), 0.0005320 secs] 15991K->14608K(23948K), 0.0005980 secs] [Times: user=0.00 sys=0.00, real=0.00 secs] 
22.072: [GC 22.072: [DefNew: 1574K->92K(1728K), 0.0099530 secs] 16091K->14701K(23948K), 0.0100260 secs] [Times: user=0.00 sys=0.00, real=0.02 secs] 
22.084: [GC 22.084: [DefNew: 1582K->93K(1728K), 0.0005400 secs] 16191K->14795K(23948K), 0.0007190 secs] [Times: user=0.00 sys=0.01, real=0.00 secs] 
22.087: [GC 22.087: [DefNew: 1589K->93K(1728K), 0.0005420 secs] 16291K->14889K(23948K), 0.0006070 secs] [Times: user=0.00 sys=0.00, real=0.00 secs] 
22.090: [GC 22.090: [DefNew: 1596K->94K(1728K), 0.0005490 secs] 16392K->14983K(23948K), 0.0006140 secs] [Times: user=0.00 sys=0.00, real=0.00 secs] 
22.093: [GC 22.093: [DefNew: 1603K->94K(1728K), 0.0005590 secs] 16493K->15078K(23948K), 0.0006250 secs] [Times: user=0.00 sys=0.00, real=0.00 secs] 
22.096: [GC 22.096: [DefNew: 1610K->94K(1728K), 0.0022770 secs] 16595K->15173K(23948K), 0.0023470 secs] [Times: user=0.01 sys=0.00, real=0.00 secs] 
22.101: [GC 22.101: [DefNew: 1618K->95K(1728K), 0.0005540 secs] 16697K->15269K(23948K), 0.0006210 secs] [Times: user=0.00 sys=0.00, real=0.00 secs] 
22.104: [GC 22.104: [DefNew: 1625K->95K(1728K), 0.0005500 secs] 16799K->15365K(23948K), 0.0006160 secs] [Times: user=0.00 sys=0.00, real=0.00 secs] 
22.107: [GC 22.107: [DefNew: 1632K->96K(1728K), 0.0005580 secs] 16902K->15462K(23948K), 0.0006250 secs] [Times: user=0.00 sys=0.00, real=0.00 secs] 
22.114: [GC 22.115: [DefNew: 1639K->96K(1728K), 0.0005610 secs] 17005K->15559K(23948K), 0.0006310 secs] [Times: user=0.00 sys=0.00, real=0.00 secs] 
22.117: [GC 22.117: [DefNew: 1646K->97K(1728K), 0.0005680 secs] 17109K->15656K(23948K), 0.0006350 secs] [Times: user=0.00 sys=0.00, real=0.00 secs] 
22.124: [GC 22.124: [DefNew: 1653K->97K(1728K), 0.0005620 secs] 17213K->15754K(23948K), 0.0006290 secs] [Times: user=0.00 sys=0.00, real=0.00 secs] 
22.127: [GC 22.127: [DefNew: 1661K->97K(1728K), 0.0006730 secs] 17318K->15852K(23948K), 0.0007430 secs] [Times: user=0.00 sys=0.00, real=0.00 secs] 
22.134: [GC 22.134: [DefNew: 1668K->98K(1728K), 0.0005600 secs] 17423K->15951K(23948K), 0.0006280 secs] [Times: user=0.00 sys=0.00, real=0.00 secs] 
22.137: [GC 22.137: [DefNew: 1675K->98K(1728K), 0.0005670 secs] 17528K->16050K(23948K), 0.0006700 secs] [Times: user=0.00 sys=0.00, real=0.00 secs] 
22.141: [GC 22.141: [DefNew: 1682K->99K(1728K), 0.0006130 secs] 17634K->16149K(23948K), 0.0006780 secs] [Times: user=0.00 sys=0.00, real=0.00 secs] 
22.144: [GC 22.144: [DefNew: 1689K->99K(1728K), 0.0005810 secs] 17740K->16249K(23948K), 0.0006470 secs] [Times: user=0.00 sys=0.01, real=0.00 secs] 
22.147: [GC 22.147: [DefNew: 1696K->99K(1728K), 0.0005880 secs] 17847K->16350K(23948K), 0.0006550 secs] [Times: user=0.00 sys=0.00, real=0.00 secs] 
22.152: [GC 22.152: [DefNew: 1603K->100K(1728K), 0.0003990 secs] 17854K->16350K(23948K), 0.0004580 secs] [Times: user=0.00 sys=0.00, real=0.01 secs] 
22.155: [GC 22.155: [DefNew: 1610K->100K(1728K), 0.0009560 secs] 17860K->16552K(23948K), 0.0010260 secs] [Times: user=0.00 sys=0.00, real=0.00 secs] 
22.166: [GC 22.166: [DefNew: 1515K->101K(1728K), 0.0005820 secs] 17966K->16653K(23948K), 0.0006520 secs] [Times: user=0.00 sys=0.00, real=0.00 secs] 
22.169: [GC 22.169: [DefNew: 1622K->101K(1728K), 0.0004250 secs] 18174K->16654K(23948K), 0.0004860 secs] [Times: user=0.00 sys=0.00, real=0.00 secs] 
22.173: [GC 22.173: [DefNew: 1628K->101K(1728K), 0.0007430 secs] 18181K->16858K(23948K), 0.0008110 secs] [Times: user=0.00 sys=0.00, real=0.00 secs] 
22.176: [GC 22.176: [DefNew: 1532K->102K(1728K), 0.0005980 secs] 18289K->16960K(23948K), 0.0006640 secs] [Times: user=0.00 sys=0.00, real=0.00 secs] 
22.179: [GC 22.179: [DefNew: 1640K->102K(1728K), 0.0004290 secs] 18499K->16961K(23948K), 0.0004900 secs] [Times: user=0.00 sys=0.00, real=0.00 secs] 
22.182: [GC 22.182: [DefNew: 1647K->103K(1728K), 0.0008700 secs] 18505K->17167K(23948K), 0.0009410 secs] [Times: user=0.00 sys=0.00, real=0.00 secs] 
22.186: [GC 22.186: [DefNew: 1550K->103K(1728K), 0.0006090 secs] 18614K->17271K(23948K), 0.0006790 secs] [Times: user=0.00 sys=0.00, real=0.00 secs] 
22.197: [GC 22.197: [DefNew: 1659K->103K(1728K), 0.0004440 secs] 18827K->17271K(23948K), 0.0005060 secs] [Times: user=0.00 sys=0.00, real=0.00 secs] 
22.201: [GC 22.201: [DefNew: 1665K->104K(1728K), 0.0007000 secs] 18833K->17480K(23948K), 0.0007660 secs] [Times: user=0.00 sys=0.00, real=0.00 secs] 
22.205: [GC 22.205: [DefNew: 1567K->104K(1728K), 0.0006680 secs] 18943K->17585K(23948K), 0.0007340 secs] [Times: user=0.00 sys=0.00, real=0.00 secs] 
22.208: [GC 22.208: [DefNew: 1677K->105K(1728K), 0.0004560 secs] 19158K->17585K(23948K), 0.0005160 secs] [Times: user=0.01 sys=0.00, real=0.00 secs] 
22.210: [GC 22.211: [DefNew: 1684K->105K(1728K), 0.0009280 secs] 19165K->17796K(23948K), 0.0009990 secs] [Times: user=0.00 sys=0.00, real=0.00 secs] 
22.214: [GC 22.214: [DefNew: 1698K->113K(1728K), 0.0005150 secs] 19390K->17804K(23948K), 0.0005750 secs] [Times: user=0.00 sys=0.00, real=0.00 secs] 
22.218: [GC 22.218: [DefNew: 1710K->23K(1728K), 0.0005420 secs] 19402K->17820K(23948K), 0.0006030 secs] [Times: user=0.00 sys=0.00, real=0.00 secs] 
22.220: [GC 22.220: [DefNew: 1614K->15K(1728K), 0.0003010 secs] 19411K->17811K(23948K), 0.0003600 secs] [Times: user=0.00 sys=0.00, real=0.00 secs] 
22.223: [GC 22.223: [DefNew: 1587K->34K(1728K), 0.0003310 secs] 19383K->17831K(23948K), 0.0003910 secs] [Times: user=0.00 sys=0.00, real=0.00 secs] 
22.226: [GC 22.226: [DefNew: 1597K->39K(1728K), 0.0003390 secs] 19394K->17836K(23948K), 0.0003980 secs] [Times: user=0.00 sys=0.00, real=0.00 secs] 
22.228: [GC 22.229: [DefNew: 1613K->43K(1728K), 0.0003550 secs] 19410K->17840K(23948K), 0.0004140 secs] [Times: user=0.00 sys=0.00, real=0.00 secs] 
22.231: [GC 22.231: [DefNew: 1628K->70K(1728K), 0.0004090 secs] 19425K->17867K(23948K), 0.0004690 secs] [Times: user=0.00 sys=0.00, real=0.00 secs] 
22.243: [GC 22.243: [DefNew: 1658K->25K(1728K), 0.0004820 secs] 19455K->17822K(23948K), 0.0005410 secs] [Times: user=0.00 sys=0.00, real=0.00 secs] 
22.246: [GC 22.246: [DefNew: 1616K->53K(1728K), 0.0003580 secs] 19413K->17850K(23948K), 0.0004180 secs] [Times: user=0.00 sys=0.00, real=0.00 secs] 
22.248: [GC 22.248: [DefNew: 1599K->56K(1728K), 0.0003670 secs] 19396K->17853K(23948K), 0.0004240 secs] [Times: user=0.00 sys=0.00, real=0.00 secs] 
22.251: [GC 22.251: [DefNew: 1655K->29K(1728K), 0.0003280 secs] 19452K->17826K(23948K), 0.0003880 secs] [Times: user=0.00 sys=0.00, real=0.00 secs] 
22.256: [GC 22.256: [DefNew: 1614K->31K(1728K), 0.0003440 secs] 19411K->17828K(23948K), 0.0004030 secs] [Times: user=0.00 sys=0.00, real=0.00 secs] 
22.258: [GC 22.258: [DefNew: 1590K->64K(1728K), 0.0003690 secs] 19387K->17861K(23948K), 0.0004290 secs] [Times: user=0.00 sys=0.00, real=0.00 secs] 
22.261: [GC 22.261: [DefNew: 1653K->67K(1728K), 0.0003780 secs] 19450K->17864K(23948K), 0.0004390 secs] [Times: user=0.00 sys=0.00, real=0.00 secs] 
22.264: [GC 22.264: [DefNew: 1646K->104K(1728K), 0.0004250 secs] 19443K->17901K(23948K), 0.0004860 secs] [Times: user=0.00 sys=0.00, real=0.00 secs] 
22.267: [GC 22.267: [DefNew: 1703K->36K(1728K), 0.0004370 secs] 19500K->17833K(23948K), 0.0004950 secs] [Times: user=0.00 sys=0.00, real=0.00 secs] 
22.277: [GC 22.277: [DefNew: 1614K->111K(1728K), 0.0004070 secs] 19411K->17908K(23948K), 0.0004680 secs] [Times: user=0.00 sys=0.00, real=0.00 secs] 
22.281: [GC 22.281: [DefNew: 1700K->76K(1728K), 0.0003420 secs] 19496K->17873K(23948K), 0.0003980 secs] [Times: user=0.00 sys=0.00, real=0.00 secs] 
22.285: [GC 22.285: [DefNew: 1632K->78K(1728K), 0.0003920 secs] 19429K->17875K(23948K), 0.0004540 secs] [Times: user=0.00 sys=0.00, real=0.00 secs] 
22.287: [GC 22.287: [DefNew: 1677K->80K(1728K), 0.0003960 secs] 19474K->17877K(23948K), 0.0004550 secs] [Times: user=0.00 sys=0.00, real=0.00 secs] 
22.290: [GC 22.290: [DefNew: 1679K->41K(1728K), 0.0003450 secs] 19476K->17838K(23948K), 0.0004070 secs] [Times: user=0.00 sys=0.00, real=0.00 secs] 
22.293: [GC 22.294: [DefNew: 1595K->84K(1728K), 0.0003960 secs] 19392K->17881K(23948K), 0.0004570 secs] [Times: user=0.00 sys=0.00, real=0.00 secs] 
22.297: [GC 22.297: [DefNew: 1631K->86K(1728K), 0.0003280 secs] 19428K->17883K(23948K), 0.0003840 secs] [Times: user=0.00 sys=0.00, real=0.00 secs] 
22.299: [GC 22.299: [DefNew: 1667K->88K(1728K), 0.0003990 secs] 19464K->17885K(23948K), 0.0004590 secs] [Times: user=0.00 sys=0.00, real=0.00 secs] 
22.302: [GC 22.302: [DefNew: 1658K->45K(1728K), 0.0003400 secs] 19455K->17842K(23948K), 0.0004000 secs] [Times: user=0.00 sys=0.00, real=0.00 secs] 
22.305: [GC 22.306: [DefNew: 1555K->92K(1728K), 0.0004040 secs] 19352K->17889K(23948K), 0.0004650 secs] [Times: user=0.00 sys=0.00, real=0.00 secs] 
22.308: [GC 22.308: [DefNew: 1677K->93K(1728K), 0.0005010 secs] 19474K->17937K(23948K), 0.0005640 secs] [Times: user=0.00 sys=0.00, real=0.00 secs] 
22.311: [GC 22.311: [DefNew: 1662K->48K(1728K), 0.0003490 secs] 19506K->17891K(23948K), 0.0004100 secs] [Times: user=0.00 sys=0.00, real=0.00 secs] 
22.322: [GC 22.322: [DefNew: 1645K->97K(1728K), 0.0005180 secs] 19488K->17941K(23948K), 0.0005800 secs] [Times: user=0.00 sys=0.00, real=0.00 secs] 
22.326: [GC 22.326: [DefNew: 1673K->99K(1728K), 0.0004190 secs] 19517K->17943K(23948K), 0.0004810 secs] [Times: user=0.00 sys=0.00, real=0.00 secs] 
22.328: [GC 22.329: [DefNew: 1651K->50K(1728K), 0.0003480 secs] 19495K->17894K(23948K), 0.0004090 secs] [Times: user=0.00 sys=0.00, real=0.00 secs] 
22.331: [GC 22.331: [DefNew: 1628K->102K(1728K), 0.0005310 secs] 19472K->17997K(23948K), 0.0005930 secs] [Times: user=0.00 sys=0.00, real=0.00 secs] 
22.335: [GC 22.335: [DefNew: 1653K->104K(1728K), 0.0004300 secs] 19548K->17999K(23948K), 0.0004910 secs] [Times: user=0.00 sys=0.00, real=0.00 secs] 
22.338: [GC 22.338: [DefNew: 1679K->105K(1728K), 0.0006280 secs] 19574K->18053K(23948K), 0.0006950 secs] [Times: user=0.00 sys=0.00, real=0.00 secs] 
22.341: [GC 22.341: [DefNew: 1704K->107K(1728K), 0.0005660 secs] 19652K->18055K(23948K), 0.0006310 secs] [Times: user=0.00 sys=0.00, real=0.00 secs] 
22.344: [GC 22.344: [DefNew: 1620K->108K(1728K), 0.0004230 secs] 19568K->18056K(23948K), 0.0004840 secs] [Times: user=0.00 sys=0.00, real=0.00 secs] 
22.347: [GC 22.347: [DefNew: 1643K->110K(1728K), 0.0004260 secs] 19590K->18058K(23948K), 0.0004860 secs] [Times: user=0.00 sys=0.00, real=0.00 secs] 
22.350: [GC 22.350: [DefNew: 1665K->111K(1728K), 0.0005680 secs] 19613K->18059K(23948K), 0.0006290 secs] [Times: user=0.00 sys=0.00, real=0.00 secs] 
22.361: [GC 22.361: [DefNew: 1687K->113K(1728K), 0.0004030 secs] 19635K->18061K(23948K), 0.0004620 secs] [Times: user=0.00 sys=0.00, real=0.00 secs] 
22.363: [GC 22.363: [DefNew: 1709K->114K(1728K), 0.0004410 secs] 19657K->18062K(23948K), 0.0007030 secs] [Times: user=0.00 sys=0.00, real=0.00 secs] 
22.368: [GC 22.368: [DefNew: 1673K->58K(1728K), 0.0003160 secs] 19621K->18005K(23948K), 0.0003890 secs] [Times: user=0.00 sys=0.01, real=0.00 secs] 
22.370: [GC 22.370: [DefNew: 1636K->117K(1728K), 0.0005560 secs] 19584K->18123K(23948K), 0.0006220 secs] [Times: user=0.00 sys=0.00, real=0.00 secs] 
22.373: [GC 22.373: [DefNew: 1655K->118K(1728K), 0.0004740 secs] 19662K->18125K(23948K), 0.0005380 secs] [Times: user=0.00 sys=0.00, real=0.00 secs] 
22.377: [GC 22.377: [DefNew: 1674K->120K(1728K), 0.0005430 secs] 19681K->18186K(23948K), 0.0006100 secs] [Times: user=0.00 sys=0.00, real=0.00 secs] 
22.379: [GC 22.379: [DefNew: 1693K->121K(1728K), 0.0004850 secs] 19760K->18188K(23948K), 0.0005480 secs] [Times: user=0.00 sys=0.00, real=0.01 secs] 
22.382: [GC 22.382: [DefNew: 1713K->122K(1728K), 0.0005850 secs] 19779K->18250K(23948K), 0.0006520 secs] [Times: user=0.00 sys=0.00, real=0.00 secs] 
22.386: [GC 22.386: [DefNew: 1670K->62K(1728K), 0.0003660 secs] 19798K->18190K(23948K), 0.0004240 secs] [Times: user=0.00 sys=0.00, real=0.00 secs] 
22.388: [GC 22.388: [DefNew: 1625K->125K(1728K), 0.0005500 secs] 19753K->18253K(23948K), 0.0006120 secs] [Times: user=0.00 sys=0.00, real=0.00 secs] 
22.391: [GC 22.391: [DefNew: 1642K->126K(1728K), 0.0005060 secs] 19770K->18254K(23948K), 0.0005670 secs] [Times: user=0.00 sys=0.00, real=0.00 secs] 
22.395: [GC 22.395: [DefNew: 1658K->64K(1728K), 0.0004550 secs] 19786K->18256K(23948K), 0.0005170 secs] [Times: user=0.00 sys=0.00, real=0.00 secs] 
22.406: [GC 22.406: [DefNew: 1611K->64K(1728K), 0.0004520 secs] 19803K->18321K(23948K), 0.0005150 secs] [Times: user=0.00 sys=0.00, real=0.00 secs] 
22.409: [GC 22.409: [DefNew: 1626K->65K(1728K), 0.0004500 secs] 19883K->18387K(23948K), 0.0005110 secs] [Times: user=0.00 sys=0.00, real=0.00 secs] 
22.412: [GC 22.412: [DefNew: 1642K->66K(1728K), 0.0004520 secs] 19964K->18454K(23948K), 0.0005130 secs] [Times: user=0.00 sys=0.00, real=0.00 secs] 
22.416: [GC 22.416: [DefNew: 1658K->66K(1728K), 0.0004610 secs] 20046K->18521K(23948K), 0.0005230 secs] [Times: user=0.00 sys=0.00, real=0.00 secs] 
22.419: [GC 22.419: [DefNew: 1607K->67K(1728K), 0.0003710 secs] 20061K->18521K(23948K), 0.0004320 secs] [Times: user=0.00 sys=0.00, real=0.00 secs] 
22.421: [GC 22.421: [DefNew: 1621K->67K(1728K), 0.0007270 secs] 20076K->18657K(23948K), 0.0007950 secs] [Times: user=0.00 sys=0.00, real=0.00 secs] 
22.425: [GC 22.425: [DefNew: 1567K->68K(1728K), 0.0003930 secs] 20158K->18726K(23948K), 0.0004500 secs] [Times: user=0.00 sys=0.00, real=0.00 secs] 
22.428: [GC 22.428: [DefNew: 1650K->69K(1728K), 0.0003810 secs] 20308K->18727K(23948K), 0.0004420 secs] [Times: user=0.00 sys=0.01, real=0.00 secs] 
22.431: [GC 22.431: [DefNew: 1664K->69K(1728K), 0.0006260 secs] 20323K->18867K(23948K), 0.0006960 secs] [Times: user=0.00 sys=0.00, real=0.00 secs] 
22.434: [GC 22.434: [DefNew: 1609K->70K(1728K), 0.0004640 secs] 20406K->18938K(23948K), 0.0005240 secs] [Times: user=0.00 sys=0.00, real=0.00 secs] 
22.438: [GC 22.438: [DefNew: 1622K->70K(1728K), 0.0007300 secs] 20490K->19079K(23948K), 0.0008030 secs] [Times: user=0.00 sys=0.00, real=0.00 secs] 
22.449: [GC 22.449: [DefNew: 1635K->71K(1728K), 0.0004450 secs] 20645K->19151K(23948K), 0.0005060 secs] [Times: user=0.00 sys=0.00, real=0.00 secs] 
22.452: [GC 22.452: [DefNew: 1649K->71K(1728K), 0.0006670 secs] 20729K->19296K(23948K), 0.0007410 secs] [Times: user=0.00 sys=0.00, real=0.01 secs] 
22.455: [GC 22.455: [DefNew: 1662K->72K(1728K), 0.0005690 secs] 20886K->19369K(23948K), 0.0006340 secs] [Times: user=0.00 sys=0.00, real=0.00 secs] 
22.458: [GC 22.458: [DefNew: 1529K->73K(1728K), 0.0004800 secs] 20826K->19442K(23948K), 0.0005410 secs] [Times: user=0.00 sys=0.00, real=0.00 secs] 
22.462: [GC 22.462: [DefNew: 1540K->73K(1728K), 0.0004840 secs] 20910K->19516K(23948K), 0.0005460 secs] [Times: user=0.00 sys=0.00, real=0.00 secs] 
22.465: [GC 22.465: [DefNew: 1551K->74K(1728K), 0.0005250 secs] 20995K->19591K(23948K), 0.0005890 secs] [Times: user=0.00 sys=0.00, real=0.00 secs] 
22.468: [GC 22.468: [DefNew: 1563K->74K(1728K), 0.0005290 secs] 21080K->19666K(23948K), 0.0005930 secs] [Times: user=0.00 sys=0.00, real=0.00 secs] 
22.470: [GC 22.470: [DefNew: 1574K->75K(1728K), 0.0005030 secs] 21166K->19742K(23948K), 0.0005670 secs] [Times: user=0.00 sys=0.00, real=0.00 secs] 
22.482: [GC 22.482: [DefNew: 1585K->75K(1728K), 0.0005060 secs] 21252K->19818K(23948K), 0.0005700 secs] [Times: user=0.00 sys=0.00, real=0.00 secs] 
22.485: [GC 22.485: [DefNew: 1596K->76K(1728K), 0.0005340 secs] 21339K->19895K(23948K), 0.0006010 secs] [Times: user=0.00 sys=0.00, real=0.00 secs] 
22.488: [GC 22.488: [DefNew: 1607K->76K(1728K), 0.0006940 secs] 21426K->19972K(23948K), 0.0007610 secs] [Times: user=0.00 sys=0.00, real=0.00 secs] 
22.491: [GC 22.491: [DefNew: 1618K->77K(1728K), 0.0005610 secs] 21514K->20050K(23948K), 0.0006270 secs] [Times: user=0.00 sys=0.00, real=0.00 secs] 
22.494: [GC 22.494: [DefNew: 1629K->77K(1728K), 0.0005050 secs] 21602K->20128K(23948K), 0.0005680 secs] [Times: user=0.00 sys=0.00, real=0.00 secs] 
22.498: [GC 22.498: [DefNew: 1640K->78K(1728K), 0.0005080 secs] 21691K->20207K(23948K), 0.0005750 secs] [Times: user=0.00 sys=0.00, real=0.00 secs] 
22.501: [GC 22.501: [DefNew: 1651K->78K(1728K), 0.0005150 secs] 21780K->20286K(23948K), 0.0005790 secs] [Times: user=0.00 sys=0.00, real=0.00 secs] 
22.504: [GC 22.504: [DefNew: 1662K->79K(1728K), 0.0005100 secs] 21870K->20366K(23948K), 0.0005740 secs] [Times: user=0.00 sys=0.00, real=0.00 secs] 
22.513: [GC 22.513: [DefNew: 1673K->79K(1728K), 0.0005230 secs] 21961K->20447K(23948K), 0.0005880 secs] [Times: user=0.00 sys=0.00, real=0.00 secs] 
22.519: [GC 22.519: [DefNew: 1604K->80K(1728K), 0.0003490 secs] 21971K->20447K(23948K), 0.0004060 secs] [Times: user=0.00 sys=0.00, real=0.00 secs] 
22.521: [GC 22.521: [DefNew: 1614K->80K(1728K), 0.0009840 secs] 21981K->20609K(23948K), 0.0010560 secs] [Times: user=0.00 sys=0.00, real=0.00 secs] 
22.525: [GC 22.525: [DefNew: 1543K->81K(1728K), 0.0005350 secs] 22071K->20691K(23948K), 0.0005990 secs] [Times: user=0.00 sys=0.00, real=0.00 secs] 
22.529: [GC 22.529: [DefNew: 1633K->81K(1728K), 0.0003980 secs] 22244K->20692K(23948K), 0.0004580 secs] [Times: user=0.00 sys=0.00, real=0.00 secs] 
22.531: [GC 22.532: [DefNew: 1644K->82K(1728K), 0.0007660 secs] 22254K->20857K(23948K), 0.0008390 secs] [Times: user=0.01 sys=0.00, real=0.01 secs] 
22.536: [GC 22.536: [DefNew: 1571K->82K(1728K), 0.0005380 secs] 22345K->20940K(23948K), 0.0006360 secs] [Times: user=0.00 sys=0.00, real=0.00 secs] 
22.539: [GC 22.539: [DefNew: 1663K->83K(1728K), 0.0004110 secs] 22521K->20941K(23948K), 0.0004720 secs] [Times: user=0.00 sys=0.00, real=0.00 secs] 
22.542: [GC 22.542: [DefNew: 1673K->83K(1728K), 0.0007320 secs] 22531K->21109K(23948K), 0.0008020 secs] [Times: user=0.00 sys=0.00, real=0.00 secs] 
22.545: [GC 22.545: [DefNew: 1599K->84K(1728K), 0.0005350 secs] 22624K->21193K(23948K), 0.0006070 secs] [Times: user=0.00 sys=0.00, real=0.00 secs] 
22.549: [GC 22.549: [DefNew: 1608K->84K(1728K), 0.0007430 secs] 22717K->21363K(23948K), 0.0008130 secs] [Times: user=0.00 sys=0.00, real=0.00 secs] 
22.552: [GC 22.552: [DefNew: 1617K->85K(1728K), 0.0005630 secs] 22896K->21449K(23948K), 0.0006290 secs] [Times: user=0.00 sys=0.00, real=0.01 secs] 
22.555: [GC 22.555: [DefNew: 1626K->85K(1728K), 0.0008550 secs] 22990K->21621K(23948K), 0.0009270 secs] [Times: user=0.00 sys=0.00, real=0.00 secs] 
22.559: [GC 22.559: [DefNew: 1635K->86K(1728K), 0.0005590 secs] 23170K->21708K(23948K), 0.0006240 secs] [Times: user=0.00 sys=0.00, real=0.00 secs] 
22.571: [GC 22.571: [DefNew: 1644K->86K(1728K), 0.0006640 secs] 23266K->21881K(23948K), 0.0008120 secs] [Times: user=0.00 sys=0.00, real=0.01 secs] 
22.574: [GC 22.575: [DefNew: 1653K->87K(1728K), 0.0005920 secs] 23448K->21969K(23948K), 0.0006600 secs] [Times: user=0.00 sys=0.00, real=0.00 secs] 
22.578: [GC 22.579: [DefNew: 1662K->87K(1728K), 0.0007690 secs] 23544K->22145K(23948K), 0.0008370 secs] [Times: user=0.00 sys=0.00, real=0.00 secs] 
22.582: [GC 22.582: [DefNew: 1671K->88K(1728K), 0.0006260 secs] 23728K->22233K(23948K), 0.0006910 secs] [Times: user=0.00 sys=0.00, real=0.00 secs] 
22.591: [GC 22.591: [DefNew: 1680K->88K(1728K), 0.0010050 secs]22.592: [Tenured: 22322K->13456K(22400K), 0.0950850 secs] 23825K->13456K(24128K), [Perm : 24K->24K(12288K)], 0.0962530 secs] [Times: user=0.07 sys=0.00, real=0.10 secs] 
22.690: [GC 22.690: [DefNew: 1511K->177K(1728K), 0.0006260 secs] 14968K->13634K(24128K), 0.0006930 secs] [Times: user=0.00 sys=0.00, real=0.00 secs] 
22.693: [GC 22.693: [DefNew: 1697K->179K(1728K), 0.0007810 secs] 15153K->13724K(24128K), 0.0008530 secs] [Times: user=0.00 sys=0.00, real=0.00 secs] 
22.696: [GC 22.696: [DefNew: 1616K->179K(1728K), 0.0007400 secs] 15161K->13725K(24128K), 0.0008110 secs] [Times: user=0.00 sys=0.00, real=0.00 secs] 
22.698: [GC 22.699: [DefNew: 1623K->180K(1728K), 0.0009240 secs] 15169K->13726K(24128K), 0.0009910 secs] [Times: user=0.00 sys=0.00, real=0.00 secs] 
22.702: [GC 22.702: [DefNew: 1631K->181K(1728K), 0.0005320 secs] 15176K->13726K(24128K), 0.0005980 secs] [Times: user=0.00 sys=0.00, real=0.00 secs] 
22.705: [GC 22.705: [DefNew: 1638K->182K(1728K), 0.0005410 secs] 15184K->13727K(24128K), 0.0006090 secs] [Times: user=0.00 sys=0.00, real=0.00 secs] 
22.708: [GC 22.708: [DefNew: 1646K->183K(1728K), 0.0018930 secs] 15191K->13728K(24128K), 0.0019660 secs] [Times: user=0.00 sys=0.00, real=0.00 secs] 
22.734: [GC 22.735: [DefNew: 1654K->184K(1728K), 0.0005850 secs] 15199K->13729K(24128K), 0.0007810 secs] [Times: user=0.00 sys=0.00, real=0.00 secs] 
22.738: [GC 22.738: [DefNew: 1661K->184K(1728K), 0.0009120 secs] 15206K->13730K(24128K), 0.0009860 secs] [Times: user=0.00 sys=0.00, real=0.00 secs] 
22.742: [GC 22.742: [DefNew: 1669K->185K(1728K), 0.0006210 secs] 15214K->13731K(24128K), 0.0006910 secs] [Times: user=0.00 sys=0.00, real=0.00 secs] 
22.745: [GC 22.745: [DefNew: 1676K->186K(1728K), 0.0005370 secs] 15222K->13731K(24128K), 0.0006040 secs] [Times: user=0.00 sys=0.00, real=0.00 secs] 
22.747: [GC 22.747: [DefNew: 1684K->187K(1728K), 0.0049960 secs] 15229K->13732K(24128K), 0.0050690 secs] [Times: user=0.01 sys=0.00, real=0.01 secs] 
22.754: [GC 22.755: [DefNew: 1691K->188K(1728K), 0.0005610 secs] 15237K->13733K(24128K), 0.0006300 secs] [Times: user=0.00 sys=0.00, real=0.00 secs] 
22.757: [GC 22.757: [DefNew: 1699K->189K(1728K), 0.0005490 secs] 15244K->13734K(24128K), 0.0006140 secs] [Times: user=0.00 sys=0.00, real=0.00 secs] 
22.760: [GC 22.761: [DefNew: 1707K->189K(1728K), 0.0005510 secs] 15252K->13735K(24128K), 0.0006170 secs] [Times: user=0.00 sys=0.00, real=0.00 secs] 
22.763: [GC 22.763: [DefNew: 1714K->190K(1728K), 0.0005480 secs] 15260K->13736K(24128K), 0.0006130 secs] [Times: user=0.00 sys=0.00, real=0.00 secs] 
22.766: [GC 22.766: [DefNew: 1722K->191K(1728K), 0.0005450 secs] 15267K->13737K(24128K), 0.0006120 secs] [Times: user=0.00 sys=0.00, real=0.00 secs] 
22.775: [GC 22.775: [DefNew: 1633K->96K(1728K), 0.0004260 secs] 15179K->13641K(24128K), 0.0004860 secs] [Times: user=0.00 sys=0.00, real=0.00 secs] 
22.778: [GC 22.778: [DefNew: 1544K->96K(1728K), 0.0008250 secs] 15089K->13835K(24128K), 0.0008980 secs] [Times: user=0.00 sys=0.00, real=0.00 secs] 
22.781: [GC 22.781: [DefNew: 1453K->97K(1728K), 0.0005510 secs] 15192K->13932K(24128K), 0.0006150 secs] [Times: user=0.00 sys=0.00, real=0.00 secs] 
22.784: [GC 22.784: [DefNew: 1556K->97K(1728K), 0.0004360 secs] 15391K->13932K(24128K), 0.0004970 secs] [Times: user=0.01 sys=0.00, real=0.00 secs] 
22.786: [GC 22.786: [DefNew: 1562K->97K(1728K), 0.0008270 secs] 15398K->14128K(24128K), 0.0008970 secs] [Times: user=0.00 sys=0.00, real=0.00 secs] 
22.798: [GC 22.798: [DefNew: 1471K->98K(1728K), 0.0005570 secs] 15501K->14227K(24128K), 0.0006260 secs] [Times: user=0.00 sys=0.00, real=0.00 secs] 
22.802: [GC 22.802: [DefNew: 1575K->98K(1728K), 0.0004180 secs] 15704K->14227K(24128K), 0.0004790 secs] [Times: user=0.00 sys=0.00, real=0.00 secs] 
22.806: [GC 22.806: [DefNew: 1581K->98K(1728K), 0.0007210 secs] 15710K->14425K(24128K), 0.0007870 secs] [Times: user=0.00 sys=0.00, real=0.00 secs] 
22.809: [GC 22.809: [DefNew: 1488K->99K(1728K), 0.0005330 secs] 15815K->14525K(24128K), 0.0005970 secs] [Times: user=0.00 sys=0.00, real=0.00 secs] 
22.812: [GC 22.812: [DefNew: 1593K->99K(1728K), 0.0004410 secs] 16019K->14525K(24128K), 0.0005020 secs] [Times: user=0.00 sys=0.00, real=0.00 secs] 
22.815: [GC 22.815: [DefNew: 1599K->100K(1728K), 0.0008570 secs] 16025K->14726K(24128K), 0.0009280 secs] [Times: user=0.00 sys=0.00, real=0.00 secs] 
22.818: [GC 22.818: [DefNew: 1505K->100K(1728K), 0.0005700 secs] 16131K->14826K(24128K), 0.0006380 secs] [Times: user=0.00 sys=0.00, real=0.00 secs] 
22.822: [GC 22.822: [DefNew: 1612K->100K(1728K), 0.0003660 secs] 16338K->14827K(24128K), 0.0004220 secs] [Times: user=0.00 sys=0.00, real=0.00 secs] 
22.825: [GC 22.825: [DefNew: 1618K->101K(1728K), 0.0010360 secs] 16345K->15030K(24128K), 0.0011090 secs] [Times: user=0.00 sys=0.00, real=0.00 secs] 
22.828: [GC 22.828: [DefNew: 1523K->101K(1728K), 0.0013070 secs] 16452K->15132K(24128K), 0.0013800 secs] [Times: user=0.00 sys=0.00, real=0.00 secs] 
22.832: [GC 22.832: [DefNew: 1630K->102K(1728K), 0.0005140 secs] 16661K->15132K(24128K), 0.0005740 secs] [Times: user=0.00 sys=0.00, real=0.00 secs] 
22.835: [GC 22.835: [DefNew: 1637K->102K(1728K), 0.0009110 secs] 16667K->15337K(24128K), 0.0009830 secs] [Times: user=0.00 sys=0.00, real=0.00 secs] 
22.846: [GC 22.847: [DefNew: 1540K->102K(1728K), 0.0005870 secs] 16775K->15440K(24128K), 0.0006570 secs] [Times: user=0.00 sys=0.00, real=0.00 secs] 
22.850: [GC 22.850: [DefNew: 1546K->103K(1728K), 0.0008590 secs] 16884K->15647K(24128K), 0.0009310 secs] [Times: user=0.00 sys=0.00, real=0.00 secs] 
22.854: [GC 22.854: [DefNew: 1551K->103K(1728K), 0.0007080 secs] 17095K->15751K(24128K), 0.0007800 secs] [Times: user=0.00 sys=0.00, real=0.00 secs] 
22.857: [GC 22.857: [DefNew: 1557K->103K(1728K), 0.0008810 secs] 17204K->15959K(24128K), 0.0009530 secs] [Times: user=0.00 sys=0.00, real=0.00 secs] 
22.860: [GC 22.861: [DefNew: 1562K->104K(1728K), 0.0006060 secs] 17418K->16063K(24128K), 0.0006760 secs] [Times: user=0.00 sys=0.00, real=0.00 secs] 
22.864: [GC 22.864: [DefNew: 1568K->104K(1728K), 0.0008940 secs] 17527K->16273K(24128K), 0.0009680 secs] [Times: user=0.01 sys=0.00, real=0.00 secs] 
22.867: [GC 22.867: [DefNew: 1573K->105K(1728K), 0.0006060 secs] 17742K->16378K(24128K), 0.0006740 secs] [Times: user=0.00 sys=0.00, real=0.00 secs] 
22.878: [GC 22.879: [DefNew: 1579K->105K(1728K), 0.0008640 secs] 17852K->16589K(24128K), 0.0009370 secs] [Times: user=0.00 sys=0.00, real=0.00 secs] 
22.883: [GC 22.883: [DefNew: 1640K->112K(1728K), 0.0005110 secs] 18124K->16597K(24128K), 0.0005720 secs] [Times: user=0.00 sys=0.00, real=0.00 secs] 
22.886: [GC 22.886: [DefNew: 1648K->34K(1728K), 0.0005600 secs] 18132K->16624K(24128K), 0.0006190 secs] [Times: user=0.00 sys=0.00, real=0.00 secs] 
22.889: [GC 22.889: [DefNew: 1564K->14K(1728K), 0.0003020 secs] 18154K->16604K(24128K), 0.0003620 secs] [Times: user=0.00 sys=0.00, real=0.00 secs] 
22.891: [GC 22.891: [DefNew: 1538K->17K(1728K), 0.0002990 secs] 18128K->16606K(24128K), 0.0003820 secs] [Times: user=0.00 sys=0.00, real=0.00 secs] 
22.894: [GC 22.894: [DefNew: 1550K->19K(1728K), 0.0003090 secs] 18140K->16609K(24128K), 0.0003710 secs] [Times: user=0.00 sys=0.00, real=0.00 secs] 
22.897: [GC 22.897: [DefNew: 1546K->63K(1728K), 0.0003690 secs] 18135K->16653K(24128K), 0.0004300 secs] [Times: user=0.00 sys=0.00, real=0.00 secs] 
22.900: [GC 22.900: [DefNew: 1576K->69K(1728K), 0.0003840 secs] 18166K->16658K(24128K), 0.0004420 secs] [Times: user=0.00 sys=0.00, real=0.01 secs] 
22.903: [GC 22.903: [DefNew: 1604K->74K(1728K), 0.0003720 secs] 18194K->16663K(24128K), 0.0004310 secs] [Times: user=0.00 sys=0.00, real=0.00 secs] 
22.905: [GC 22.905: [DefNew: 1610K->78K(1728K), 0.0003870 secs] 18199K->16668K(24128K), 0.0004800 secs] [Times: user=0.00 sys=0.00, real=0.00 secs] 
22.908: [GC 22.908: [DefNew: 1598K->83K(1728K), 0.0007290 secs] 18187K->16673K(24128K), 0.0007940 secs] [Times: user=0.01 sys=0.00, real=0.00 secs] 
22.910: [GC 22.911: [DefNew: 1597K->29K(1728K), 0.0003310 secs] 18187K->16619K(24128K), 0.0003900 secs] [Times: user=0.00 sys=0.00, real=0.00 secs] 
22.920: [GC 22.920: [DefNew: 1556K->91K(1728K), 0.0004110 secs] 18146K->16681K(24128K), 0.0004730 secs] [Times: user=0.00 sys=0.00, real=0.00 secs] 
22.925: [GC 22.926: [DefNew: 1623K->31K(1728K), 0.0002790 secs] 18213K->16621K(24128K), 0.0003380 secs] [Times: user=0.00 sys=0.00, real=0.00 secs] 
22.928: [GC 22.928: [DefNew: 1560K->99K(1728K), 0.0003910 secs] 18150K->16688K(24128K), 0.0004490 secs] [Times: user=0.00 sys=0.00, real=0.00 secs] 
22.931: [GC 22.931: [DefNew: 1617K->34K(1728K), 0.0003320 secs] 18207K->16624K(24128K), 0.0003920 secs] [Times: user=0.00 sys=0.00, real=0.00 secs] 
22.934: [GC 22.934: [DefNew: 1535K->106K(1728K), 0.0004380 secs] 18125K->16695K(24128K), 0.0005000 secs] [Times: user=0.00 sys=0.00, real=0.00 secs] 
22.936: [GC 22.936: [DefNew: 1619K->73K(1728K), 0.0003740 secs] 18209K->16662K(24128K), 0.0004340 secs] [Times: user=0.00 sys=0.00, real=0.00 secs] 
22.939: [GC 22.939: [DefNew: 1557K->75K(1728K), 0.0003820 secs] 18147K->16664K(24128K), 0.0004400 secs] [Times: user=0.00 sys=0.00, real=0.00 secs] 
22.942: [GC 22.942: [DefNew: 1601K->77K(1728K), 0.0003850 secs] 18191K->16667K(24128K), 0.0004440 secs] [Times: user=0.00 sys=0.00, real=0.00 secs] 
22.954: [GC 22.954: [DefNew: 1606K->39K(1728K), 0.0004240 secs] 18196K->16629K(24128K), 0.0004850 secs] [Times: user=0.00 sys=0.00, real=0.00 secs] 
22.957: [GC 22.957: [DefNew: 1527K->81K(1728K), 0.0003390 secs] 18117K->16671K(24128K), 0.0003970 secs] [Times: user=0.00 sys=0.00, real=0.00 secs] 
22.959: [GC 22.959: [DefNew: 1563K->83K(1728K), 0.0003860 secs] 18153K->16672K(24128K), 0.0004460 secs] [Times: user=0.00 sys=0.00, real=0.00 secs] 
22.962: [GC 22.962: [DefNew: 1599K->85K(1728K), 0.0003990 secs] 18189K->16674K(24128K), 0.0004590 secs] [Times: user=0.00 sys=0.00, real=0.00 secs] 
22.965: [GC 22.965: [DefNew: 1592K->43K(1728K), 0.0003400 secs] 18182K->16633K(24128K), 0.0004010 secs] [Times: user=0.00 sys=0.00, real=0.00 secs] 
22.968: [GC 22.969: [DefNew: 1494K->88K(1728K), 0.0003910 secs] 18084K->16678K(24128K), 0.0004530 secs] [Times: user=0.00 sys=0.00, real=0.00 secs] 
22.971: [GC 22.971: [DefNew: 1613K->135K(1728K), 0.0004720 secs] 18203K->16725K(24128K), 0.0005330 secs] [Times: user=0.00 sys=0.00, real=0.00 secs] 
22.975: [GC 22.975: [DefNew: 1644K->46K(1728K), 0.0003400 secs] 18234K->16635K(24128K), 0.0004040 secs] [Times: user=0.00 sys=0.00, real=0.00 secs] 
22.977: [GC 22.977: [DefNew: 1537K->47K(1728K), 0.0003410 secs] 18126K->16636K(24128K), 0.0004010 secs] [Times: user=0.00 sys=0.00, real=0.00 secs] 
22.980: [GC 22.980: [DefNew: 1564K->47K(1728K), 0.0003680 secs] 18154K->16637K(24128K), 0.0004280 secs] [Times: user=0.00 sys=0.00, real=0.01 secs] 
22.983: [GC 22.983: [DefNew: 1544K->145K(1728K), 0.0005210 secs] 18133K->16735K(24128K), 0.0005860 secs] [Times: user=0.00 sys=0.00, real=0.00 secs] 
22.986: [GC 22.986: [DefNew: 1617K->98K(1728K), 0.0004200 secs] 18207K->16688K(24128K), 0.0004800 secs] [Times: user=0.00 sys=0.00, real=0.00 secs] 
22.989: [GC 22.989: [DefNew: 1594K->150K(1728K), 0.0005100 secs] 18184K->16740K(24128K), 0.0005730 secs] [Times: user=0.00 sys=0.00, real=0.00 secs] 
22.994: [GC 22.994: [DefNew: 1670K->102K(1728K), 0.0003730 secs] 18259K->16691K(24128K), 0.0004280 secs] [Times: user=0.00 sys=0.00, real=0.00 secs] 
22.996: [GC 22.996: [DefNew: 1541K->103K(1728K), 0.0004090 secs] 18131K->16693K(24128K), 0.0004690 secs] [Times: user=0.00 sys=0.01, real=0.00 secs] 
23.007: [GC 23.007: [DefNew: 1564K->104K(1728K), 0.0004130 secs] 18153K->16694K(24128K), 0.0004750 secs] [Times: user=0.00 sys=0.00, real=0.00 secs] 
23.010: [GC 23.010: [DefNew: 1586K->106K(1728K), 0.0004190 secs] 18175K->16696K(24128K), 0.0004810 secs] [Times: user=0.00 sys=0.00, real=0.00 secs] 
23.013: [GC 23.013: [DefNew: 1608K->107K(1728K), 0.0004370 secs] 18198K->16697K(24128K), 0.0004980 secs] [Times: user=0.00 sys=0.00, real=0.00 secs] 
23.016: [GC 23.016: [DefNew: 1630K->109K(1728K), 0.0004120 secs] 18220K->16699K(24128K), 0.0004730 secs] [Times: user=0.00 sys=0.00, real=0.00 secs] 
23.019: [GC 23.019: [DefNew: 1597K->55K(1728K), 0.0003450 secs] 18186K->16645K(24128K), 0.0004040 secs] [Times: user=0.00 sys=0.00, real=0.00 secs] 
23.022: [GC 23.022: [DefNew: 1562K->168K(1728K), 0.0005310 secs] 18152K->16757K(24128K), 0.0005990 secs] [Times: user=0.00 sys=0.00, real=0.00 secs] 
23.034: [GC 23.034: [DefNew: 1637K->113K(1728K), 0.0004290 secs] 18227K->16703K(24128K), 0.0004900 secs] [Times: user=0.00 sys=0.00, real=0.00 secs] 
23.037: [GC 23.037: [DefNew: 1600K->172K(1728K), 0.0006470 secs] 18190K->16762K(24128K), 0.0007260 secs] [Times: user=0.00 sys=0.00, real=0.00 secs] 
23.040: [GC 23.040: [DefNew: 1677K->116K(1728K), 0.0004380 secs] 18267K->16706K(24128K), 0.0004990 secs] [Times: user=0.00 sys=0.00, real=0.00 secs] 
23.043: [GC 23.043: [DefNew: 1639K->176K(1728K), 0.0006140 secs] 18228K->16766K(24128K), 0.0006830 secs] [Times: user=0.01 sys=0.00, real=0.00 secs] 
23.047: [GC 23.047: [DefNew: 1657K->59K(1728K), 0.0003630 secs] 18247K->16649K(24128K), 0.0004240 secs] [Times: user=0.00 sys=0.00, real=0.00 secs] 
23.050: [GC 23.050: [DefNew: 1557K->120K(1728K), 0.0004370 secs] 18147K->16710K(24128K), 0.0004990 secs] [Times: user=0.00 sys=0.00, real=0.00 secs] 
23.052: [GC 23.052: [DefNew: 1573K->121K(1728K), 0.0004460 secs] 18163K->16711K(24128K), 0.0005070 secs] [Times: user=0.00 sys=0.00, real=0.00 secs] 
23.055: [GC 23.056: [DefNew: 1590K->122K(1728K), 0.0004770 secs] 18179K->16712K(24128K), 0.0005400 secs] [Times: user=0.01 sys=0.00, real=0.00 secs] 
23.060: [GC 23.060: [DefNew: 1606K->124K(1728K), 0.0004490 secs] 18196K->16713K(24128K), 0.0005100 secs] [Times: user=0.00 sys=0.00, real=0.00 secs] 
23.063: [GC 23.063: [DefNew: 1623K->125K(1728K), 0.0004480 secs] 18212K->16715K(24128K), 0.0005080 secs] [Times: user=0.00 sys=0.00, real=0.00 secs] 
23.067: [GC 23.067: [DefNew: 1639K->126K(1728K), 0.0004530 secs] 18229K->16716K(24128K), 0.0005150 secs] [Times: user=0.00 sys=0.00, real=0.00 secs] 
23.078: [GC 23.078: [DefNew: 1656K->127K(1728K), 0.0004610 secs] 18245K->16717K(24128K), 0.0005250 secs] [Times: user=0.00 sys=0.00, real=0.00 secs] 
23.080: [GC 23.081: [DefNew: 1607K->64K(1728K), 0.0003640 secs] 18197K->16654K(24128K), 0.0004250 secs] [Times: user=0.00 sys=0.00, real=0.00 secs] 
23.083: [GC 23.083: [DefNew: 1558K->130K(1728K), 0.0005840 secs] 18148K->16785K(24128K), 0.0006500 secs] [Times: user=0.00 sys=0.00, real=0.00 secs] 
23.088: [GC 23.088: [DefNew: 1572K->131K(1728K), 0.0004590 secs] 18227K->16786K(24128K), 0.0005210 secs] [Times: user=0.00 sys=0.00, real=0.00 secs] 
23.090: [GC 23.091: [DefNew: 1652K->66K(1728K), 0.0003640 secs] 18307K->16721K(24128K), 0.0004230 secs] [Times: user=0.00 sys=0.00, real=0.00 secs] 
23.093: [GC 23.093: [DefNew: 1601K->133K(1728K), 0.0005990 secs] 18256K->16855K(24128K), 0.0006680 secs] [Times: user=0.00 sys=0.00, real=0.00 secs] 
23.099: [GC 23.099: [DefNew: 1615K->135K(1728K), 0.0005570 secs] 18337K->16856K(24128K), 0.0006210 secs] [Times: user=0.00 sys=0.00, real=0.00 secs] 
23.101: [GC 23.101: [DefNew: 1629K->136K(1728K), 0.0006110 secs] 18351K->16926K(24128K), 0.0006810 secs] [Times: user=0.00 sys=0.00, real=0.00 secs] 
23.106: [GC 23.106: [DefNew: 1643K->137K(1728K), 0.0003700 secs] 18433K->16927K(24128K), 0.0004280 secs] [Times: user=0.00 sys=0.00, real=0.00 secs] 
23.109: [GC 23.109: [DefNew: 1657K->138K(1728K), 0.0006120 secs] 18447K->16997K(24128K), 0.0006820 secs] [Times: user=0.00 sys=0.00, real=0.00 secs] 
23.112: [GC 23.112: [DefNew: 1671K->139K(1728K), 0.0004960 secs] 18530K->16998K(24128K), 0.0005600 secs] [Times: user=0.00 sys=0.00, real=0.01 secs] 
23.123: [GC 23.123: [DefNew: 1544K->140K(1728K), 0.0004210 secs] 18403K->16999K(24128K), 0.0004810 secs] [Times: user=0.00 sys=0.00, real=0.00 secs] 
23.128: [GC 23.128: [DefNew: 1555K->141K(1728K), 0.0004900 secs] 18414K->17000K(24128K), 0.0005840 secs] [Times: user=0.00 sys=0.00, real=0.00 secs] 
23.131: [GC 23.131: [DefNew: 1567K->142K(1728K), 0.0004650 secs] 18426K->17001K(24128K), 0.0005280 secs] [Times: user=0.00 sys=0.00, real=0.00 secs] 
23.134: [GC 23.134: [DefNew: 1579K->143K(1728K), 0.0004740 secs] 18438K->17003K(24128K), 0.0005380 secs] [Times: user=0.00 sys=0.00, real=0.00 secs] 
23.137: [GC 23.138: [DefNew: 1590K->145K(1728K), 0.0004670 secs] 18449K->17004K(24128K), 0.0005300 secs] [Times: user=0.00 sys=0.00, real=0.00 secs] 
23.141: [GC 23.141: [DefNew: 1602K->146K(1728K), 0.0003920 secs] 18461K->17005K(24128K), 0.0004500 secs] [Times: user=0.00 sys=0.00, real=0.00 secs] 
23.144: [GC 23.144: [DefNew: 1613K->147K(1728K), 0.0005010 secs] 18472K->17006K(24128K), 0.0005640 secs] [Times: user=0.00 sys=0.00, real=0.00 secs] 
23.148: [GC 23.148: [DefNew: 1625K->148K(1728K), 0.0005080 secs] 18484K->17007K(24128K), 0.0005720 secs] [Times: user=0.01 sys=0.00, real=0.00 secs] 
23.150: [GC 23.151: [DefNew: 1637K->149K(1728K), 0.0004870 secs] 18496K->17008K(24128K), 0.0005510 secs] [Times: user=0.00 sys=0.00, real=0.00 secs] 
23.161: [GC 23.162: [DefNew: 1648K->150K(1728K), 0.0004900 secs] 18507K->17009K(24128K), 0.0005550 secs] [Times: user=0.00 sys=0.00, real=0.00 secs] 
23.164: [GC 23.164: [DefNew: 1660K->151K(1728K), 0.0004830 secs] 18519K->17010K(24128K), 0.0005460 secs] [Times: user=0.00 sys=0.00, real=0.00 secs] 
23.167: [GC 23.167: [DefNew: 1671K->152K(1728K), 0.0004870 secs] 18530K->17011K(24128K), 0.0005810 secs] [Times: user=0.01 sys=0.00, real=0.00 secs] 
23.172: [GC 23.172: [DefNew: 1683K->153K(1728K), 0.0004590 secs] 18542K->17012K(24128K), 0.0005210 secs] [Times: user=0.00 sys=0.00, real=0.00 secs] 
23.175: [GC 23.175: [DefNew: 1617K->77K(1728K), 0.0003890 secs] 18476K->16936K(24128K), 0.0004490 secs] [Times: user=0.00 sys=0.00, real=0.00 secs] 
23.178: [GC 23.179: [DefNew: 1551K->155K(1728K), 0.0006740 secs] 18410K->17092K(24128K), 0.0007470 secs] [Times: user=0.00 sys=0.00, real=0.00 secs] 
23.182: [GC 23.182: [DefNew: 1560K->156K(1728K), 0.0005790 secs] 18497K->17093K(24128K), 0.0006430 secs] [Times: user=0.00 sys=0.00, real=0.00 secs] 
23.185: [GC 23.185: [DefNew: 1648K->78K(1728K), 0.0003840 secs] 18585K->17015K(24128K), 0.0004440 secs] [Times: user=0.00 sys=0.00, real=0.00 secs] 
23.187: [GC 23.188: [DefNew: 1580K->158K(1728K), 0.0007180 secs] 18517K->17174K(24128K), 0.0007890 secs] [Times: user=0.00 sys=0.00, real=0.00 secs] 
23.190: [GC 23.190: [DefNew: 1590K->159K(1728K), 0.0005020 secs] 18606K->17175K(24128K), 0.0005650 secs] [Times: user=0.00 sys=0.00, real=0.00 secs] 
23.193: [GC 23.194: [DefNew: 1679K->80K(1728K), 0.0003970 secs] 18695K->17096K(24128K), 0.0004580 secs] [Times: user=0.00 sys=0.00, real=0.00 secs] 
23.208: [GC 23.208: [DefNew: 1610K->161K(1728K), 0.0017940 secs] 18626K->17257K(24128K), 0.0018680 secs] [Times: user=0.00 sys=0.01, real=0.00 secs] 
23.213: [GC 23.213: [DefNew: 1619K->162K(1728K), 0.0005180 secs] 18716K->17258K(24128K), 0.0005830 secs] [Times: user=0.00 sys=0.00, real=0.00 secs] 
23.216: [GC 23.216: [DefNew: 1629K->163K(1728K), 0.0007360 secs] 18725K->17341K(24128K), 0.0008080 secs] [Times: user=0.01 sys=0.00, real=0.00 secs] 
23.220: [GC 23.220: [DefNew: 1638K->164K(1728K), 0.0006300 secs] 18816K->17342K(24128K), 0.0006980 secs] [Times: user=0.00 sys=0.00, real=0.01 secs] 
23.222: [GC 23.223: [DefNew: 1648K->165K(1728K), 0.0007390 secs] 18826K->17425K(24128K), 0.0008120 secs] [Times: user=0.00 sys=0.00, real=0.00 secs] 
23.226: [GC 23.226: [DefNew: 1657K->166K(1728K), 0.0005240 secs] 18918K->17426K(24128K), 0.0005910 secs] [Times: user=0.00 sys=0.00, real=0.00 secs] 
23.230: [GC 23.230: [DefNew: 1667K->166K(1728K), 0.0007200 secs] 18927K->17511K(24128K), 0.0007910 secs] [Times: user=0.00 sys=0.00, real=0.00 secs] 
23.241: [GC 23.241: [DefNew: 1676K->168K(1728K), 0.0005230 secs] 19020K->17512K(24128K), 0.0005890 secs] [Times: user=0.00 sys=0.00, real=0.00 secs] 
23.245: [GC 23.245: [DefNew: 1686K->168K(1728K), 0.0006470 secs] 19030K->17597K(24128K), 0.0007510 secs] [Times: user=0.00 sys=0.00, real=0.00 secs] 
23.248: [GC 23.248: [DefNew: 1695K->169K(1728K), 0.0006210 secs] 19124K->17598K(24128K), 0.0006890 secs] [Times: user=0.00 sys=0.00, real=0.00 secs] 
23.251: [GC 23.251: [DefNew: 1705K->170K(1728K), 0.0007640 secs] 19133K->17684K(24128K), 0.0008330 secs] [Times: user=0.01 sys=0.00, real=0.01 secs] 
23.254: [GC 23.254: [DefNew: 1628K->85K(1728K), 0.0004180 secs] 19142K->17599K(24128K), 0.0004790 secs] [Times: user=0.00 sys=0.00, real=0.00 secs] 
23.257: [GC 23.257: [DefNew: 1551K->172K(1728K), 0.0005600 secs] 19065K->17686K(24128K), 0.0006270 secs] [Times: user=0.00 sys=0.00, real=0.00 secs] 
23.261: [GC 23.261: [DefNew: 1559K->173K(1728K), 0.0004730 secs] 19072K->17687K(24128K), 0.0005380 secs] [Times: user=0.00 sys=0.00, real=0.00 secs] 
23.263: [GC 23.263: [DefNew: 1566K->174K(1728K), 0.0005570 secs] 19080K->17688K(24128K), 0.0006240 secs] [Times: user=0.01 sys=0.00, real=0.00 secs] 
23.266: [GC 23.266: [DefNew: 1574K->175K(1728K), 0.0005390 secs] 19088K->17689K(24128K), 0.0006040 secs] [Times: user=0.00 sys=0.00, real=0.00 secs] 
23.269: [GC 23.269: [DefNew: 1581K->176K(1728K), 0.0006150 secs] 19095K->17689K(24128K), 0.0006840 secs] [Times: user=0.00 sys=0.00, real=0.00 secs] 
23.272: [GC 23.272: [DefNew: 1589K->176K(1728K), 0.0005450 secs] 19103K->17690K(24128K), 0.0006100 secs] [Times: user=0.00 sys=0.00, real=0.00 secs] 
23.275: [GC 23.275: [DefNew: 1597K->177K(1728K), 0.0005340 secs] 19110K->17691K(24128K), 0.0005980 secs] [Times: user=0.00 sys=0.00, real=0.00 secs] 
23.287: [GC 23.287: [DefNew: 1604K->178K(1728K), 0.0005560 secs] 19118K->17692K(24128K), 0.0007150 secs] [Times: user=0.00 sys=0.00, real=0.00 secs] 
23.290: [GC 23.291: [DefNew: 1612K->179K(1728K), 0.0004610 secs] 19126K->17693K(24128K), 0.0005220 secs] [Times: user=0.00 sys=0.00, real=0.00 secs] 
23.293: [GC 23.293: [DefNew: 1619K->180K(1728K), 0.0005470 secs] 19133K->17694K(24128K), 0.0006120 secs] [Times: user=0.00 sys=0.00, real=0.00 secs] 
23.296: [GC 23.296: [DefNew: 1627K->181K(1728K), 0.0005750 secs] 19141K->17694K(24128K), 0.0006410 secs] [Times: user=0.00 sys=0.00, real=0.00 secs] 
23.299: [GC 23.299: [DefNew: 1635K->181K(1728K), 0.0005480 secs] 19148K->17695K(24128K), 0.0006140 secs] [Times: user=0.00 sys=0.00, real=0.00 secs] 
23.302: [GC 23.302: [DefNew: 1642K->182K(1728K), 0.0005360 secs] 19156K->17696K(24128K), 0.0006030 secs] [Times: user=0.00 sys=0.00, real=0.00 secs] 
23.305: [GC 23.306: [DefNew: 1650K->183K(1728K), 0.0005570 secs] 19164K->17697K(24128K), 0.0006250 secs] [Times: user=0.00 sys=0.00, real=0.00 secs] 
23.309: [GC 23.309: [DefNew: 1657K->184K(1728K), 0.0006050 secs] 19171K->17698K(24128K), 0.0006710 secs] [Times: user=0.00 sys=0.00, real=0.00 secs] 
23.312: [GC 23.312: [DefNew: 1665K->185K(1728K), 0.0005560 secs] 19179K->17699K(24128K), 0.0006220 secs] [Times: user=0.00 sys=0.00, real=0.00 secs] 
23.315: [GC 23.315: [DefNew: 1673K->186K(1728K), 0.0007160 secs] 19186K->17700K(24128K), 0.0007840 secs] [Times: user=0.00 sys=0.00, real=0.00 secs] 
23.318: [GC 23.318: [DefNew: 1680K->187K(1728K), 0.0006050 secs] 19194K->17700K(24128K), 0.0006730 secs] [Times: user=0.00 sys=0.00, real=0.00 secs] 
23.330: [GC 23.330: [DefNew: 1688K->187K(1728K), 0.0005540 secs] 19202K->17701K(24128K), 0.0006230 secs] [Times: user=0.00 sys=0.00, real=0.00 secs] 
23.334: [GC 23.334: [DefNew: 1695K->188K(1728K), 0.0005670 secs] 19209K->17702K(24128K), 0.0006340 secs] [Times: user=0.00 sys=0.00, real=0.00 secs] 
23.337: [GC 23.337: [DefNew: 1703K->189K(1728K), 0.0005670 secs] 19217K->17703K(24128K), 0.0006340 secs] [Times: user=0.00 sys=0.00, real=0.00 secs] 
23.341: [GC 23.341: [DefNew: 1710K->190K(1728K), 0.0005640 secs] 19224K->17704K(24128K), 0.0006320 secs] [Times: user=0.00 sys=0.00, real=0.00 secs] 
23.344: [GC 23.344: [DefNew: 1718K->191K(1728K), 0.0005530 secs] 19232K->17705K(24128K), 0.0006190 secs] [Times: user=0.00 sys=0.00, real=0.00 secs] 
23.347: [GC 23.347: [DefNew: 1726K->96K(1728K), 0.0005660 secs] 19240K->17705K(24128K), 0.0006330 secs] [Times: user=0.00 sys=0.00, real=0.00 secs] 
23.351: [GC 23.351: [DefNew: 1541K->96K(1728K), 0.0004300 secs] 19151K->17706K(24128K), 0.0004910 secs] [Times: user=0.00 sys=0.00, real=0.00 secs] 
23.353: [GC 23.354: [DefNew: 1547K->96K(1728K), 0.0008430 secs] 19157K->17900K(24128K), 0.0009150 secs] [Times: user=0.00 sys=0.00, real=0.00 secs] 
23.356: [GC 23.356: [DefNew: 1456K->97K(1728K), 0.0005670 secs] 19260K->17997K(24128K), 0.0006320 secs] [Times: user=0.00 sys=0.00, real=0.00 secs] 
23.360: [GC 23.360: [DefNew: 1559K->97K(1728K), 0.0004210 secs] 19460K->17998K(24128K), 0.0005020 secs] [Times: user=0.00 sys=0.00, real=0.01 secs] 
23.371: [GC 23.371: [DefNew: 1566K->97K(1728K), 0.0008520 secs] 19466K->18194K(24128K), 0.0009240 secs] [Times: user=0.00 sys=0.00, real=0.00 secs] 
23.374: [GC 23.374: [DefNew: 1474K->98K(1728K), 0.0006650 secs] 19570K->18293K(24128K), 0.0007340 secs] [Times: user=0.00 sys=0.00, real=0.00 secs] 
23.377: [GC 23.377: [DefNew: 1578K->98K(1728K), 0.0004300 secs] 19773K->18293K(24128K), 0.0004910 secs] [Times: user=0.00 sys=0.00, real=0.00 secs] 
23.381: [GC 23.381: [DefNew: 1584K->99K(1728K), 0.0009520 secs] 19779K->18492K(24128K), 0.0010230 secs] [Times: user=0.00 sys=0.00, real=0.00 secs] 
23.384: [GC 23.384: [DefNew: 1491K->99K(1728K), 0.0005840 secs] 19884K->18591K(24128K), 0.0006510 secs] [Times: user=0.00 sys=0.00, real=0.00 secs] 
23.387: [GC 23.387: [DefNew: 1596K->100K(1728K), 0.0004240 secs] 20089K->18592K(24128K), 0.0004830 secs] [Times: user=0.00 sys=0.00, real=0.00 secs] 
23.390: [GC 23.390: [DefNew: 1603K->100K(1728K), 0.0008720 secs] 20095K->18793K(24128K), 0.0009440 secs] [Times: user=0.00 sys=0.00, real=0.00 secs] 
23.402: [GC 23.402: [DefNew: 1509K->100K(1728K), 0.0006030 secs] 20201K->18894K(24128K), 0.0006730 secs] [Times: user=0.00 sys=0.00, real=0.00 secs] 
23.405: [GC 23.405: [DefNew: 1615K->101K(1728K), 0.0004320 secs] 20409K->18894K(24128K), 0.0004930 secs] [Times: user=0.00 sys=0.00, real=0.00 secs] 
23.408: [GC 23.408: [DefNew: 1621K->101K(1728K), 0.0008760 secs] 20415K->19097K(24128K), 0.0009480 secs] [Times: user=0.00 sys=0.00, real=0.00 secs] 
23.412: [GC 23.412: [DefNew: 1526K->101K(1728K), 0.0006250 secs] 20522K->19199K(24128K), 0.0006960 secs] [Times: user=0.01 sys=0.00, real=0.01 secs] 
23.415: [GC 23.415: [DefNew: 1634K->102K(1728K), 0.0005410 secs] 20732K->19200K(24128K), 0.0006010 secs] [Times: user=0.00 sys=0.00, real=0.00 secs] 
23.417: [GC 23.417: [DefNew: 1435K->102K(1728K), 0.0006000 secs] 20533K->19303K(24128K), 0.0006680 secs] [Times: user=0.00 sys=0.00, real=0.00 secs] 
23.421: [GC 23.421: [DefNew: 1542K->102K(1728K), 0.0007440 secs] 20743K->19509K(24128K), 0.0008140 secs] [Times: user=0.00 sys=0.00, real=0.00 secs] 
23.424: [GC 23.424: [DefNew: 1548K->103K(1728K), 0.0006790 secs] 20954K->19613K(24128K), 0.0007490 secs] [Times: user=0.00 sys=0.00, real=0.00 secs] 
23.427: [GC 23.427: [DefNew: 1554K->103K(1728K), 0.0009980 secs] 21063K->19820K(24128K), 0.0010700 secs] [Times: user=0.00 sys=0.00, real=0.00 secs] 
23.431: [GC 23.432: [DefNew: 1559K->104K(1728K), 0.0005440 secs] 21276K->19925K(24128K), 0.0006210 secs] [Times: user=0.00 sys=0.00, real=0.01 secs] 
23.435: [GC 23.435: [DefNew: 1565K->104K(1728K), 0.0011740 secs] 21386K->20134K(24128K), 0.0012440 secs] [Times: user=0.01 sys=0.00, real=0.00 secs] 
23.439: [GC 23.439: [DefNew: 1570K->104K(1728K), 0.0006240 secs] 21600K->20239K(24128K), 0.0006930 secs] [Times: user=0.00 sys=0.00, real=0.00 secs] 
23.450: [GC 23.450: [DefNew: 1576K->105K(1728K), 0.0008910 secs] 21710K->20449K(24128K), 0.0009880 secs] [Times: user=0.00 sys=0.00, real=0.00 secs] 
23.454: [GC 23.454: [DefNew: 1639K->111K(1728K), 0.0005000 secs] 21983K->20455K(24128K), 0.0005620 secs] [Times: user=0.00 sys=0.00, real=0.00 secs] 
23.457: [GC 23.457: [DefNew: 1643K->28K(1728K), 0.0004690 secs] 21988K->20478K(24128K), 0.0005300 secs] [Times: user=0.00 sys=0.00, real=0.00 secs] 
23.460: [GC 23.460: [DefNew: 1554K->38K(1728K), 0.0003700 secs] 22005K->20488K(24128K), 0.0004290 secs] [Times: user=0.00 sys=0.00, real=0.01 secs] 
23.463: [GC 23.463: [DefNew: 1566K->31K(1728K), 0.0003410 secs] 22017K->20481K(24128K), 0.0004380 secs] [Times: user=0.00 sys=0.00, real=0.00 secs] 
23.466: [GC 23.466: [DefNew: 1560K->54K(1728K), 0.0003780 secs] 22010K->20504K(24128K), 0.0004380 secs] [Times: user=0.00 sys=0.00, real=0.00 secs] 
23.469: [GC 23.469: [DefNew: 1552K->40K(1728K), 0.0003370 secs] 22002K->20490K(24128K), 0.0003960 secs] [Times: user=0.00 sys=0.00, real=0.00 secs] 
23.480: [GC 23.481: [DefNew: 1566K->44K(1728K), 0.0003520 secs] 22016K->20494K(24128K), 0.0004120 secs] [Times: user=0.00 sys=0.00, real=0.01 secs] 
23.483: [GC 23.483: [DefNew: 1563K->71K(1728K), 0.0003920 secs] 22013K->20521K(24128K), 0.0004530 secs] [Times: user=0.00 sys=0.00, real=0.00 secs] 
23.486: [GC 23.486: [DefNew: 1603K->50K(1728K), 0.0004580 secs] 22053K->20501K(24128K), 0.0005180 secs] [Times: user=0.00 sys=0.00, real=0.00 secs] 
23.489: [GC 23.489: [DefNew: 1573K->80K(1728K), 0.0004060 secs] 22024K->20531K(24128K), 0.0004670 secs] [Times: user=0.00 sys=0.00, real=0.00 secs] 
23.492: [GC 23.493: [DefNew: 1578K->56K(1728K), 0.0003370 secs] 22028K->20507K(24128K), 0.0003940 secs] [Times: user=0.00 sys=0.00, real=0.00 secs] 
23.495: [GC 23.495: [DefNew: 1572K->59K(1728K), 0.0003780 secs] 22022K->20509K(24128K), 0.0004350 secs] [Times: user=0.00 sys=0.00, real=0.00 secs] 
23.497: [GC 23.497: [DefNew: 1583K->93K(1728K), 0.0004330 secs] 22033K->20543K(24128K), 0.0004930 secs] [Times: user=0.00 sys=0.00, real=0.00 secs] 
23.500: [GC 23.500: [DefNew: 1618K->96K(1728K), 0.0009060 secs] 22068K->20547K(24128K), 0.0009760 secs] [Times: user=0.01 sys=0.00, real=0.01 secs] 
23.504: [GC 23.504: [DefNew: 1615K->67K(1728K), 0.0003920 secs] 22066K->20517K(24128K), 0.0004530 secs] [Times: user=0.00 sys=0.00, real=0.00 secs] 
23.507: [GC 23.507: [DefNew: 1572K->69K(1728K), 0.0003950 secs] 22022K->20519K(24128K), 0.0004540 secs] [Times: user=0.00 sys=0.00, real=0.00 secs] 
23.509: [GC 23.509: [DefNew: 1589K->35K(1728K), 0.0003490 secs] 22039K->20486K(24128K), 0.0004080 secs] [Times: user=0.00 sys=0.00, real=0.00 secs] 
23.512: [GC 23.512: [DefNew: 1531K->73K(1728K), 0.0003470 secs] 21981K->20524K(24128K), 0.0004050 secs] [Times: user=0.00 sys=0.00, real=0.00 secs] 
23.515: [GC 23.515: [DefNew: 1575K->76K(1728K), 0.0004920 secs] 22025K->20526K(24128K), 0.0005510 secs] [Times: user=0.00 sys=0.00, real=0.00 secs] 
23.526: [GC 23.526: [DefNew: 1580K->39K(1728K), 0.0003560 secs] 22030K->20489K(24128K), 0.0004170 secs] [Times: user=0.00 sys=0.00, real=0.00 secs] 
23.528: [GC 23.528: [DefNew: 1503K->80K(1728K), 0.0004070 secs] 21953K->20530K(24128K), 0.0004690 secs] [Times: user=0.00 sys=0.00, real=0.00 secs] 
23.531: [GC 23.531: [DefNew: 1539K->81K(1728K), 0.0004010 secs] 21989K->20532K(24128K), 0.0004600 secs] [Times: user=0.00 sys=0.00, real=0.00 secs] 
23.535: [GC 23.535: [DefNew: 1575K->83K(1728K), 0.0004050 secs] 22025K->20534K(24128K), 0.0004660 secs] [Times: user=0.00 sys=0.00, real=0.00 secs] 
23.537: [GC 23.537: [DefNew: 1611K->85K(1728K), 0.0004100 secs] 22061K->20535K(24128K), 0.0004720 secs] [Times: user=0.00 sys=0.00, real=0.00 secs] 
23.540: [GC 23.540: [DefNew: 1604K->43K(1728K), 0.0003410 secs] 22054K->20494K(24128K), 0.0004060 secs] [Times: user=0.00 sys=0.00, real=0.01 secs] 
23.543: [GC 23.544: [DefNew: 1505K->89K(1728K), 0.0004120 secs] 21955K->20539K(24128K), 0.0004930 secs] [Times: user=0.01 sys=0.00, real=0.00 secs] 
23.546: [GC 23.546: [DefNew: 1624K->136K(1728K), 0.0004950 secs] 22074K->20586K(24128K), 0.0005550 secs] [Times: user=0.00 sys=0.00, real=0.00 secs] 
23.556: [GC 23.556: [DefNew: 1656K->46K(1728K), 0.0006160 secs] 22106K->20496K(24128K), 0.0006810 secs] [Times: user=0.00 sys=0.00, real=0.00 secs] 
23.558: [GC 23.558: [DefNew: 1547K->47K(1728K), 0.0003680 secs] 21997K->20497K(24128K), 0.0004280 secs] [Times: user=0.00 sys=0.00, real=0.00 secs] 
23.563: [GC 23.563: [DefNew: 1575K->48K(1728K), 0.0003240 secs] 22025K->20498K(24128K), 0.0003800 secs] [Times: user=0.00 sys=0.00, real=0.00 secs] 
23.565: [GC 23.566: [DefNew: 1554K->146K(1728K), 0.0005040 secs] 22004K->20596K(24128K), 0.0005670 secs] [Times: user=0.00 sys=0.00, real=0.00 secs] 
23.568: [GC 23.568: [DefNew: 1628K->99K(1728K), 0.0004250 secs] 22078K->20549K(24128K), 0.0004850 secs] [Times: user=0.00 sys=0.00, real=0.00 secs] 
23.571: [GC 23.571: [DefNew: 1604K->151K(1728K), 0.0005220 secs] 22054K->20601K(24128K), 0.0005850 secs] [Times: user=0.00 sys=0.00, real=0.00 secs] 
23.574: [GC 23.574: [DefNew: 1680K->102K(1728K), 0.0005960 secs] 22130K->20552K(24128K), 0.0006620 secs] [Times: user=0.00 sys=0.00, real=0.00 secs] 
23.577: [GC 23.577: [DefNew: 1551K->104K(1728K), 0.0004320 secs] 22001K->20554K(24128K), 0.0004930 secs] [Times: user=0.00 sys=0.00, real=0.00 secs] 
23.580: [GC 23.580: [DefNew: 1573K->105K(1728K), 0.0004510 secs] 22023K->20555K(24128K), 0.0005110 secs] [Times: user=0.01 sys=0.00, real=0.01 secs] 
23.582: [GC 23.582: [DefNew: 1595K->107K(1728K), 0.0004390 secs] 22045K->20557K(24128K), 0.0005000 secs] [Times: user=0.00 sys=0.00, real=0.00 secs] 
23.586: [GC 23.586: [DefNew: 1617K->108K(1728K), 0.0005350 secs] 22067K->20558K(24128K), 0.0005970 secs] [Times: user=0.00 sys=0.00, real=0.00 secs] 
23.589: [GC 23.589: [DefNew: 1639K->110K(1728K), 0.0004370 secs] 22090K->20560K(24128K), 0.0004980 secs] [Times: user=0.00 sys=0.00, real=0.00 secs] 
23.592: [GC 23.592: [DefNew: 1606K->55K(1728K), 0.0003890 secs] 22056K->20505K(24128K), 0.0004480 secs] [Times: user=0.01 sys=0.00, real=0.01 secs] 
23.600: [GC 23.600: [DefNew: 1571K->169K(1728K), 0.0005960 secs] 22021K->20619K(24128K), 0.0006620 secs] [Times: user=0.00 sys=0.00, real=0.00 secs] 
23.606: [GC 23.606: [DefNew: 1646K->114K(1728K), 0.0003940 secs] 22097K->20564K(24128K), 0.0004540 secs] [Times: user=0.00 sys=0.00, real=0.00 secs] 
23.610: [GC 23.610: [DefNew: 1609K->173K(1728K), 0.0004850 secs] 22059K->20623K(24128K), 0.0005470 secs] [Times: user=0.00 sys=0.00, real=0.00 secs] 
23.612: [GC 23.612: [DefNew: 1686K->116K(1728K), 0.0004760 secs] 22136K->20567K(24128K), 0.0005400 secs] [Times: user=0.00 sys=0.00, real=0.00 secs] 
23.616: [GC 23.616: [DefNew: 1648K->177K(1728K), 0.0005570 secs] 22098K->20627K(24128K), 0.0006240 secs] [Times: user=0.00 sys=0.01, real=0.00 secs] 
23.619: [GC 23.619: [DefNew: 1666K->59K(1728K), 0.0003690 secs] 22116K->20510K(24128K), 0.0004300 secs] [Times: user=0.00 sys=0.00, real=0.00 secs] 
23.621: [GC 23.622: [DefNew: 1565K->120K(1728K), 0.0004590 secs] 22015K->20571K(24128K), 0.0005200 secs] [Times: user=0.00 sys=0.00, real=0.00 secs] 
23.625: [GC 23.625: [DefNew: 1582K->122K(1728K), 0.0004400 secs] 22032K->20572K(24128K), 0.0005010 secs] [Times: user=0.00 sys=0.00, real=0.00 secs] 
23.627: [GC 23.627: [DefNew: 1598K->123K(1728K), 0.0004630 secs] 22048K->20573K(24128K), 0.0005240 secs] [Times: user=0.00 sys=0.00, real=0.00 secs] 
23.630: [GC 23.630: [DefNew: 1614K->124K(1728K), 0.0005310 secs] 22065K->20574K(24128K), 0.0005940 secs] [Times: user=0.00 sys=0.00, real=0.00 secs] 
23.633: [GC 23.633: [DefNew: 1631K->126K(1728K), 0.0004890 secs] 22081K->20576K(24128K), 0.0005520 secs] [Times: user=0.00 sys=0.00, real=0.00 secs] 
23.636: [GC 23.636: [DefNew: 1647K->127K(1728K), 0.0005680 secs] 22097K->20577K(24128K), 0.0006320 secs] [Times: user=0.00 sys=0.00, real=0.00 secs] 
23.639: [GC 23.639: [DefNew: 1599K->64K(1728K), 0.0003760 secs] 22050K->20514K(24128K), 0.0004360 secs] [Times: user=0.00 sys=0.00, real=0.00 secs] 
23.648: [GC 23.648: [DefNew: 1550K->129K(1728K), 0.0005950 secs] 22001K->20644K(24128K), 0.0006650 secs] [Times: user=0.00 sys=0.00, real=0.00 secs] 
23.653: [GC 23.653: [DefNew: 1564K->130K(1728K), 0.0005290 secs] 22079K->20645K(24128K), 0.0005900 secs] [Times: user=0.00 sys=0.00, real=0.00 secs] 
23.656: [GC 23.656: [DefNew: 1644K->66K(1728K), 0.0003620 secs] 22159K->20581K(24128K), 0.0004200 secs] [Times: user=0.00 sys=0.00, real=0.00 secs] 
23.659: [GC 23.659: [DefNew: 1593K->133K(1728K), 0.0006210 secs] 22108K->20714K(24128K), 0.0006880 secs] [Times: user=0.00 sys=0.00, real=0.00 secs] 
23.662: [GC 23.662: [DefNew: 1607K->134K(1728K), 0.0004800 secs] 22189K->20716K(24128K), 0.0005430 secs] [Times: user=0.00 sys=0.00, real=0.00 secs] 
23.665: [GC 23.665: [DefNew: 1621K->135K(1728K), 0.0005850 secs] 22203K->20784K(24128K), 0.0006510 secs] [Times: user=0.00 sys=0.00, real=0.00 secs] 
23.668: [GC 23.668: [DefNew: 1635K->136K(1728K), 0.0004920 secs] 22285K->20786K(24128K), 0.0005530 secs] [Times: user=0.00 sys=0.00, real=0.00 secs] 
23.671: [GC 23.671: [DefNew: 1649K->137K(1728K), 0.0006240 secs] 22298K->20856K(24128K), 0.0006930 secs] [Times: user=0.00 sys=0.00, real=0.00 secs] 
23.682: [GC 23.682: [DefNew: 1663K->139K(1728K), 0.0004730 secs] 22381K->20857K(24128K), 0.0005360 secs] [Times: user=0.00 sys=0.00, real=0.00 secs] 
23.685: [GC 23.685: [DefNew: 1537K->140K(1728K), 0.0004190 secs] 22255K->20858K(24128K), 0.0004780 secs] [Times: user=0.00 sys=0.00, real=0.00 secs] 
23.688: [GC 23.689: [DefNew: 1548K->141K(1728K), 0.0004800 secs] 22267K->20859K(24128K), 0.0014550 secs] [Times: user=0.00 sys=0.00, real=0.00 secs] 
23.691: [GC 23.691: [DefNew: 1560K->142K(1728K), 0.0004800 secs] 22278K->20860K(24128K), 0.0005420 secs] [Times: user=0.00 sys=0.00, real=0.00 secs] 
23.694: [GC 23.694: [DefNew: 1572K->143K(1728K), 0.0005260 secs] 22290K->20861K(24128K), 0.0005910 secs] [Times: user=0.00 sys=0.00, real=0.00 secs] 
23.696: [GC 23.697: [DefNew: 1583K->144K(1728K), 0.0004910 secs] 22301K->20862K(24128K), 0.0005530 secs] [Times: user=0.00 sys=0.00, real=0.00 secs] 
23.699: [GC 23.699: [DefNew: 1595K->145K(1728K), 0.0004950 secs] 22313K->20863K(24128K), 0.0005570 secs] [Times: user=0.00 sys=0.00, real=0.00 secs] 
23.702: [GC 23.702: [DefNew: 1606K->146K(1728K), 0.0005920 secs] 22325K->20864K(24128K), 0.0006580 secs] [Times: user=0.00 sys=0.00, real=0.00 secs] 
23.706: [GC 23.706: [DefNew: 1618K->147K(1728K), 0.0004970 secs] 22336K->20865K(24128K), 0.0005600 secs] [Times: user=0.00 sys=0.00, real=0.00 secs] 
23.708: [GC 23.708: [DefNew: 1630K->148K(1728K), 0.0004930 secs] 22348K->20866K(24128K), 0.0005540 secs] [Times: user=0.00 sys=0.00, real=0.00 secs] 
23.732: [GC 23.732: [DefNew: 1641K->149K(1728K), 0.0004480 secs] 22359K->20867K(24128K), 0.0005100 secs] [Times: user=0.00 sys=0.00, real=0.00 secs] 
23.736: [GC 23.736: [DefNew: 1653K->150K(1728K), 0.0004310 secs] 22371K->20868K(24128K), 0.0004920 secs] [Times: user=0.00 sys=0.00, real=0.00 secs] 
23.740: [GC 23.740: [DefNew: 1664K->151K(1728K), 0.0004400 secs] 22383K->20870K(24128K), 0.0005000 secs] [Times: user=0.00 sys=0.00, real=0.00 secs] 
23.743: [GC 23.743: [DefNew: 1676K->152K(1728K), 0.0005060 secs] 22394K->20871K(24128K), 0.0005680 secs] [Times: user=0.00 sys=0.00, real=0.00 secs] 
23.746: [GC 23.746: [DefNew: 1688K->153K(1728K), 0.0005100 secs] 22406K->20872K(24128K), 0.0005740 secs] [Times: user=0.00 sys=0.00, real=0.00 secs] 
23.749: [GC 23.749: [DefNew: 1622K->77K(1728K), 0.0004080 secs] 22340K->20795K(24128K), 0.0004700 secs] [Times: user=0.00 sys=0.00, real=0.00 secs] 
23.752: [GC 23.752: [DefNew: 1555K->155K(1728K), 0.0006990 secs] 22273K->20951K(24128K), 0.0007860 secs] [Times: user=0.00 sys=0.01, real=0.01 secs] 
23.755: [GC 23.755: [DefNew: 1564K->156K(1728K), 0.0005460 secs] 22360K->20952K(24128K), 0.0006100 secs] [Times: user=0.00 sys=0.00, real=0.00 secs] 
23.766: [GC 23.766: [DefNew: 1653K->79K(1728K), 0.0003760 secs] 22449K->20875K(24128K), 0.0004350 secs] [Times: user=0.00 sys=0.00, real=0.00 secs] 
23.769: [GC 23.769: [DefNew: 1584K->158K(1728K), 0.0008160 secs] 22381K->21034K(24128K), 0.0008880 secs] [Times: user=0.00 sys=0.00, real=0.00 secs] 
23.773: [GC 23.773: [DefNew: 1594K->159K(1728K), 0.0004590 secs] 22469K->21035K(24128K), 0.0005200 secs] [Times: user=0.00 sys=0.00, real=0.00 secs] 
23.777: [GC 23.777: [DefNew: 1684K->80K(1728K), 0.0003900 secs] 22559K->20955K(24128K), 0.0004480 secs] [Times: user=0.00 sys=0.00, real=0.00 secs] 
23.779: [GC 23.779: [DefNew: 1614K->161K(1728K), 0.0010240 secs] 22489K->21118K(24128K), 0.0010930 secs] [Times: user=0.00 sys=0.00, real=0.01 secs] 
23.782: [GC 23.783: [DefNew: 1623K->162K(1728K), 0.0005260 secs] 22580K->21119K(24128K), 0.0005910 secs] [Times: user=0.00 sys=0.00, real=0.00 secs] 
23.785: [GC 23.785: [DefNew: 1633K->163K(1728K), 0.0008450 secs] 22589K->21201K(24128K), 0.0009550 secs] [Times: user=0.00 sys=0.00, real=0.00 secs] 
23.797: [GC 23.797: [DefNew: 1642K->164K(1728K), 0.0004730 secs] 22681K->21202K(24128K), 0.0005360 secs] [Times: user=0.00 sys=0.00, real=0.00 secs] 
23.800: [GC 23.800: [DefNew: 1652K->165K(1728K), 0.0007210 secs] 22690K->21286K(24128K), 0.0007940 secs] [Times: user=0.00 sys=0.00, real=0.01 secs] 
23.803: [GC 23.803: [DefNew: 1661K->166K(1728K), 0.0005310 secs] 22782K->21287K(24128K), 0.0005950 secs] [Times: user=0.00 sys=0.00, real=0.00 secs] 
23.805: [GC 23.806: [DefNew: 1671K->167K(1728K), 0.0007760 secs] 22792K->21371K(24128K), 0.0008470 secs] [Times: user=0.00 sys=0.00, real=0.00 secs] 
23.809: [GC 23.809: [DefNew: 1680K->168K(1728K), 0.0005400 secs] 22885K->21372K(24128K), 0.0006060 secs] [Times: user=0.00 sys=0.00, real=0.00 secs] 
23.812: [GC 23.813: [DefNew: 1690K->169K(1728K), 0.0007640 secs] 22894K->21458K(24128K), 0.0008460 secs] [Times: user=0.00 sys=0.00, real=0.01 secs] 
23.816: [GC 23.816: [DefNew: 1699K->170K(1728K), 0.0005680 secs] 22989K->21459K(24128K), 0.0006540 secs] [Times: user=0.00 sys=0.01, real=0.00 secs] 
23.819: [GC 23.819: [DefNew: 1538K->171K(1728K), 0.0005530 secs] 22827K->21460K(24128K), 0.0006180 secs] [Times: user=0.00 sys=0.00, real=0.00 secs] 
23.821: [GC 23.821: [DefNew: 1545K->172K(1728K), 0.0005420 secs] 22834K->21461K(24128K), 0.0006070 secs] [Times: user=0.00 sys=0.00, real=0.00 secs] 
23.824: [GC 23.824: [DefNew: 1553K->172K(1728K), 0.0006420 secs] 22842K->21462K(24128K), 0.0007100 secs] [Times: user=0.00 sys=0.00, real=0.00 secs] 
23.827: [GC 23.827: [DefNew: 1560K->173K(1728K), 0.0005350 secs] 22850K->21462K(24128K), 0.0006010 secs] [Times: user=0.00 sys=0.00, real=0.00 secs] 
23.839: [GC 23.839: [DefNew: 1568K->174K(1728K), 0.0005570 secs] 22857K->21463K(24128K), 0.0006260 secs] [Times: user=0.00 sys=0.00, real=0.00 secs] 
23.841: [GC 23.842: [DefNew: 1576K->175K(1728K), 0.0005540 secs] 22865K->21464K(24128K), 0.0006210 secs] [Times: user=0.00 sys=0.00, real=0.00 secs] 
23.845: [GC 23.845: [DefNew: 1583K->176K(1728K), 0.0005350 secs] 22872K->21465K(24128K), 0.0005970 secs] [Times: user=0.00 sys=0.00, real=0.00 secs] 
23.848: [GC 23.848: [DefNew: 1591K->177K(1728K), 0.0005440 secs] 22880K->21466K(24128K), 0.0006120 secs] [Times: user=0.00 sys=0.00, real=0.00 secs] 
23.851: [GC 23.851: [DefNew: 1598K->177K(1728K), 0.0005640 secs] 22888K->21467K(24128K), 0.0006290 secs] [Times: user=0.00 sys=0.00, real=0.00 secs] 
23.854: [GC 23.854: [DefNew: 1606K->178K(1728K), 0.0005520 secs] 22895K->21467K(24128K), 0.0006220 secs] [Times: user=0.00 sys=0.00, real=0.00 secs] 
23.857: [GC 23.857: [DefNew: 1614K->179K(1728K), 0.0005980 secs] 22903K->21468K(24128K), 0.0006660 secs] [Times: user=0.00 sys=0.00, real=0.00 secs] 
23.860: [GC 23.860: [DefNew: 1621K->180K(1728K), 0.0006050 secs] 22910K->21469K(24128K), 0.0006730 secs] [Times: user=0.00 sys=0.00, real=0.01 secs] 
23.863: [GC 23.863: [DefNew: 1629K->181K(1728K), 0.0005700 secs] 22918K->21470K(24128K), 0.0006360 secs] [Times: user=0.00 sys=0.00, real=0.00 secs] 
23.866: [GC 23.866: [DefNew: 1636K->182K(1728K), 0.0005570 secs] 22926K->21471K(24128K), 0.0006250 secs] [Times: user=0.00 sys=0.00, real=0.00 secs] 
23.869: [GC 23.869: [DefNew: 1644K->183K(1728K), 0.0006760 secs] 22933K->21472K(24128K), 0.0007450 secs] [Times: user=0.00 sys=0.00, real=0.00 secs] 
23.880: [GC 23.881: [DefNew: 1652K->183K(1728K), 0.0005660 secs] 22941K->21472K(24128K), 0.0006300 secs] [Times: user=0.00 sys=0.00, real=0.00 secs] 
23.883: [GC 23.883: [DefNew: 1659K->184K(1728K), 0.0005720 secs] 22948K->21473K(24128K), 0.0006360 secs] [Times: user=0.00 sys=0.00, real=0.00 secs] 
23.887: [GC 23.887: [DefNew: 1667K->185K(1728K), 0.0006010 secs] 22956K->21474K(24128K), 0.0006700 secs] [Times: user=0.00 sys=0.00, real=0.00 secs] 
23.892: [GC 23.892: [DefNew: 1674K->186K(1728K), 0.0010060 secs] 22964K->21475K(24128K), 0.0010760 secs] [Times: user=0.00 sys=0.00, real=0.01 secs] 
23.895: [GC 23.895: [DefNew: 1682K->187K(1728K), 0.0005720 secs] 22971K->21476K(24128K), 0.0006400 secs] [Times: user=0.00 sys=0.00, real=0.00 secs] 
23.898: [GC 23.898: [DefNew: 1690K->188K(1728K), 0.0005680 secs] 22979K->21477K(24128K), 0.0006330 secs] [Times: user=0.00 sys=0.00, real=0.00 secs] 
23.901: [GC 23.901: [DefNew: 1697K->188K(1728K), 0.0005830 secs] 22986K->21478K(24128K), 0.0006520 secs] [Times: user=0.00 sys=0.00, real=0.00 secs] 
23.904: [GC 23.904: [DefNew: 1705K->189K(1728K), 0.0005790 secs] 22994K->21478K(24128K), 0.0006460 secs] [Times: user=0.00 sys=0.00, real=0.00 secs] 
23.907: [GC 23.907: [DefNew: 1712K->190K(1728K), 0.0006230 secs] 23002K->21479K(24128K), 0.0006890 secs] [Times: user=0.00 sys=0.00, real=0.00 secs] 
23.911: [GC 23.911: [DefNew: 1720K->191K(1728K), 0.0005970 secs] 23009K->21480K(24128K), 0.0006640 secs] [Times: user=0.00 sys=0.00, real=0.00 secs] 
23.914: [GC 23.914: [DefNew: 1631K->96K(1728K), 0.0004740 secs] 22921K->21385K(24128K), 0.0005370 secs] [Times: user=0.00 sys=0.00, real=0.00 secs] 
23.925: [GC 23.925: [DefNew: 1542K->96K(1728K), 0.0007760 secs] 22831K->21578K(24128K), 0.0008480 secs] [Times: user=0.00 sys=0.00, real=0.00 secs] 
23.927: [GC 23.928: [DefNew: 1452K->96K(1728K), 0.0006570 secs] 22934K->21675K(24128K), 0.0007280 secs] [Times: user=0.01 sys=0.00, real=0.00 secs] 
23.932: [GC 23.932: [DefNew: 1554K->97K(1728K), 0.0003950 secs] 23133K->21676K(24128K), 0.0006260 secs] [Times: user=0.00 sys=0.00, real=0.01 secs] 
23.935: [GC 23.935: [DefNew: 1561K->97K(1728K), 0.0008470 secs] 23140K->21871K(24128K), 0.0009180 secs] [Times: user=0.00 sys=0.00, real=0.00 secs] 
23.938: [GC 23.938: [DefNew: 1469K->98K(1728K), 0.0006370 secs] 23243K->21970K(24128K), 0.0007050 secs] [Times: user=0.00 sys=0.00, real=0.00 secs] 
23.941: [GC 23.941: [DefNew: 1573K->98K(1728K), 0.0004480 secs] 23445K->21970K(24128K), 0.0005110 secs] [Times: user=0.00 sys=0.00, real=0.00 secs] 
23.944: [GC 23.944: [DefNew: 1579K->98K(1728K), 0.0008700 secs] 23451K->22168K(24128K), 0.0009420 secs] [Times: user=0.00 sys=0.00, real=0.00 secs] 
23.954: [GC 23.954: [DefNew: 1486K->99K(1728K), 0.0006750 secs] 23556K->22268K(24128K), 0.0007460 secs] [Times: user=0.00 sys=0.00, real=0.00 secs] 
23.959: [GC 23.959: [DefNew: 1591K->99K(1728K), 0.0004090 secs] 23760K->22268K(24128K), 0.0004680 secs] [Times: user=0.00 sys=0.00, real=0.00 secs] 
23.962: [GC 23.962: [DefNew: 1598K->99K(1728K), 0.0009260 secs] 23767K->22468K(24128K), 0.0009970 secs] [Times: user=0.00 sys=0.00, real=0.00 secs] 
23.965: [GC 23.965: [DefNew: 1504K->100K(1728K), 0.0007120 secs]23.966: [Tenured: 22468K->13602K(22528K), 0.0985280 secs] 23872K->13602K(24256K), [Perm : 24K->24K(12288K)], 0.0993950 secs] [Times: user=0.07 sys=0.00, real=0.10 secs] 
24.066: [GC 24.066: [DefNew: 1510K->100K(1728K), 0.0009110 secs] 15113K->13904K(24400K), 0.0009810 secs] [Times: user=0.00 sys=0.00, real=0.00 secs] 
24.070: [GC 24.070: [DefNew: 1616K->101K(1728K), 0.0012900 secs] 15420K->14106K(24400K), 0.0013630 secs] [Times: user=0.00 sys=0.00, real=0.00 secs] 
24.073: [GC 24.073: [DefNew: 1521K->101K(1728K), 0.0005670 secs] 15527K->14208K(24400K), 0.0006340 secs] [Times: user=0.00 sys=0.00, real=0.00 secs] 
24.085: [GC 24.085: [DefNew: 1629K->102K(1728K), 0.0004490 secs] 15736K->14209K(24400K), 0.0005090 secs] [Times: user=0.00 sys=0.00, real=0.00 secs] 
24.088: [GC 24.088: [DefNew: 1635K->102K(1728K), 0.0008550 secs] 15742K->14414K(24400K), 0.0009480 secs] [Times: user=0.00 sys=0.00, real=0.00 secs] 
24.091: [GC 24.091: [DefNew: 1539K->102K(1728K), 0.0005870 secs] 15850K->14517K(24400K), 0.0006530 secs] [Times: user=0.00 sys=0.00, real=0.00 secs] 
24.094: [GC 24.094: [DefNew: 1544K->103K(1728K), 0.0013420 secs] 15958K->14723K(24400K), 0.0014150 secs] [Times: user=0.00 sys=0.00, real=0.00 secs] 
24.098: [GC 24.098: [DefNew: 1550K->103K(1728K), 0.0005960 secs] 16170K->14827K(24400K), 0.0006660 secs] [Times: user=0.00 sys=0.00, real=0.00 secs] 
24.101: [GC 24.101: [DefNew: 1555K->103K(1728K), 0.0007510 secs] 16279K->15034K(24400K), 0.0008200 secs] [Times: user=0.00 sys=0.00, real=0.00 secs] 
24.104: [GC 24.104: [DefNew: 1561K->104K(1728K), 0.0005920 secs] 16492K->15139K(24400K), 0.0006960 secs] [Times: user=0.01 sys=0.00, real=0.00 secs] 
24.107: [GC 24.107: [DefNew: 1566K->104K(1728K), 0.0008710 secs] 16601K->15348K(24400K), 0.0009420 secs] [Times: user=0.00 sys=0.00, real=0.00 secs] 
24.110: [GC 24.110: [DefNew: 1572K->104K(1728K), 0.0006100 secs] 16816K->15454K(24400K), 0.0006760 secs] [Times: user=0.00 sys=0.00, real=0.00 secs] 
24.113: [GC 24.113: [DefNew: 1577K->105K(1728K), 0.0008940 secs] 16926K->15664K(24400K), 0.0009620 secs] [Times: user=0.00 sys=0.00, real=0.00 secs] 
24.125: [GC 24.125: [DefNew: 1637K->116K(1728K), 0.0004970 secs] 17196K->15675K(24400K), 0.0005560 secs] [Times: user=0.00 sys=0.00, real=0.00 secs] 
24.127: [GC 24.127: [DefNew: 1644K->31K(1728K), 0.0005610 secs] 17203K->15696K(24400K), 0.0006210 secs] [Times: user=0.00 sys=0.00, real=0.00 secs] 
24.130: [GC 24.130: [DefNew: 1562K->27K(1728K), 0.0003120 secs] 17227K->15692K(24400K), 0.0003710 secs] [Times: user=0.00 sys=0.00, real=0.00 secs] 
24.133: [GC 24.133: [DefNew: 1540K->32K(1728K), 0.0003230 secs] 17205K->15697K(24400K), 0.0003840 secs] [Times: user=0.00 sys=0.00, real=0.00 secs] 
24.136: [GC 24.136: [DefNew: 1562K->18K(1728K), 0.0004400 secs] 17227K->15683K(24400K), 0.0005010 secs] [Times: user=0.01 sys=0.00, real=0.00 secs] 
24.138: [GC 24.138: [DefNew: 1539K->41K(1728K), 0.0003330 secs] 17204K->15706K(24400K), 0.0003920 secs] [Times: user=0.00 sys=0.00, real=0.00 secs] 
24.143: [GC 24.143: [DefNew: 1559K->67K(1728K), 0.0003580 secs] 17225K->15732K(24400K), 0.0004160 secs] [Times: user=0.00 sys=0.00, real=0.00 secs] 
24.145: [GC 24.145: [DefNew: 1593K->24K(1728K), 0.0003080 secs] 17258K->15689K(24400K), 0.0003670 secs] [Times: user=0.00 sys=0.00, real=0.00 secs] 
24.148: [GC 24.148: [DefNew: 1558K->51K(1728K), 0.0070990 secs] 17223K->15716K(24400K), 0.0071730 secs] [Times: user=0.01 sys=0.00, real=0.01 secs] 
24.158: [GC 24.159: [DefNew: 1544K->54K(1728K), 0.0003490 secs] 17209K->15719K(24400K), 0.0004110 secs] [Times: user=0.00 sys=0.00, real=0.00 secs] 
24.161: [GC 24.161: [DefNew: 1572K->86K(1728K), 0.0004260 secs] 17237K->15751K(24400K), 0.0004870 secs] [Times: user=0.00 sys=0.00, real=0.00 secs] 
24.164: [GC 24.164: [DefNew: 1620K->90K(1728K), 0.0006770 secs] 17285K->15755K(24400K), 0.0007420 secs] [Times: user=0.00 sys=0.00, real=0.00 secs] 
24.166: [GC 24.166: [DefNew: 1601K->31K(1728K), 0.0003160 secs] 17266K->15696K(24400K), 0.0003750 secs] [Times: user=0.00 sys=0.00, real=0.00 secs] 
24.169: [GC 24.169: [DefNew: 1540K->97K(1728K), 0.0004110 secs] 17205K->15762K(24400K), 0.0004720 secs] [Times: user=0.00 sys=0.00, real=0.00 secs] 
24.171: [GC 24.171: [DefNew: 1631K->67K(1728K), 0.0003960 secs] 17296K->15732K(24400K), 0.0004560 secs] [Times: user=0.00 sys=0.00, real=0.00 secs] 
24.176: [GC 24.176: [DefNew: 1586K->70K(1728K), 0.0003700 secs] 17251K->15735K(24400K), 0.0004320 secs] [Times: user=0.00 sys=0.00, real=0.00 secs] 
24.178: [GC 24.179: [DefNew: 1604K->36K(1728K), 0.0003280 secs] 17269K->15701K(24400K), 0.0003870 secs] [Times: user=0.00 sys=0.00, real=0.00 secs] 
24.181: [GC 24.181: [DefNew: 1544K->74K(1728K), 0.0003660 secs] 17209K->15739K(24400K), 0.0004250 secs] [Times: user=0.00 sys=0.00, real=0.00 secs] 
24.184: [GC 24.184: [DefNew: 1588K->76K(1728K), 0.0043360 secs] 17253K->15741K(24400K), 0.0044120 secs] [Times: user=0.00 sys=0.00, real=0.00 secs] 
24.195: [GC 24.196: [DefNew: 1593K->39K(1728K), 0.0003290 secs] 17258K->15704K(24400K), 0.0003890 secs] [Times: user=0.00 sys=0.00, real=0.00 secs] 
24.198: [GC 24.198: [DefNew: 1515K->80K(1728K), 0.0003840 secs] 17180K->15745K(24400K), 0.0004450 secs] [Times: user=0.00 sys=0.00, real=0.00 secs] 
24.201: [GC 24.201: [DefNew: 1551K->82K(1728K), 0.0004210 secs] 17216K->15747K(24400K), 0.0004790 secs] [Times: user=0.00 sys=0.00, real=0.00 secs] 
24.204: [GC 24.204: [DefNew: 1587K->84K(1728K), 0.0004090 secs] 17252K->15749K(24400K), 0.0004710 secs] [Times: user=0.00 sys=0.00, real=0.00 secs] 
24.206: [GC 24.206: [DefNew: 1580K->43K(1728K), 0.0003370 secs] 17245K->15708K(24400K), 0.0003950 secs] [Times: user=0.00 sys=0.00, real=0.00 secs] 
24.209: [GC 24.210: [DefNew: 1571K->132K(1728K), 0.0004620 secs] 17236K->15797K(24400K), 0.0005240 secs] [Times: user=0.00 sys=0.00, real=0.00 secs] 
24.212: [GC 24.212: [DefNew: 1647K->89K(1728K), 0.0004210 secs] 17313K->15755K(24400K), 0.0004820 secs] [Times: user=0.00 sys=0.00, real=0.00 secs] 
24.216: [GC 24.216: [DefNew: 1544K->91K(1728K), 0.0004130 secs] 17209K->15756K(24400K), 0.0004730 secs] [Times: user=0.00 sys=0.00, real=0.00 secs] 
24.218: [GC 24.218: [DefNew: 1573K->93K(1728K), 0.0003930 secs] 17238K->15758K(24400K), 0.0004530 secs] [Times: user=0.00 sys=0.00, real=0.00 secs] 
24.222: [GC 24.222: [DefNew: 1601K->95K(1728K), 0.0004060 secs] 17266K->15760K(24400K), 0.0004690 secs] [Times: user=0.00 sys=0.00, real=0.00 secs] 
24.225: [GC 24.226: [DefNew: 1630K->96K(1728K), 0.0004030 secs] 17295K->15761K(24400K), 0.0004630 secs] [Times: user=0.00 sys=0.00, real=0.00 secs] 
24.228: [GC 24.228: [DefNew: 1610K->49K(1728K), 0.0003360 secs] 17275K->15714K(24400K), 0.0003960 secs] [Times: user=0.00 sys=0.00, real=0.00 secs] 
24.230: [GC 24.230: [DefNew: 1488K->99K(1728K), 0.0004990 secs] 17153K->15764K(24400K), 0.0005570 secs] [Times: user=0.00 sys=0.00, real=0.00 secs] 
24.233: [GC 24.234: [DefNew: 1611K->152K(1728K), 0.0005050 secs] 17276K->15817K(24400K), 0.0005690 secs] [Times: user=0.00 sys=0.00, real=0.00 secs] 
24.245: [GC 24.245: [DefNew: 1687K->103K(1728K), 0.0003470 secs] 17352K->15768K(24400K), 0.0004040 secs] [Times: user=0.00 sys=0.00, real=0.00 secs] 
24.248: [GC 24.248: [DefNew: 1557K->104K(1728K), 0.0004250 secs] 17222K->15769K(24400K), 0.0004850 secs] [Times: user=0.01 sys=0.00, real=0.00 secs] 
24.250: [GC 24.250: [DefNew: 1579K->106K(1728K), 0.0004120 secs] 17244K->15771K(24400K), 0.0004710 secs] [Times: user=0.00 sys=0.00, real=0.00 secs] 
24.256: [GC 24.256: [DefNew: 1602K->107K(1728K), 0.0004310 secs] 17267K->15772K(24400K), 0.0004900 secs] [Times: user=0.00 sys=0.00, real=0.00 secs] 
24.258: [GC 24.258: [DefNew: 1624K->108K(1728K), 0.0004140 secs] 17289K->15774K(24400K), 0.0004730 secs] [Times: user=0.00 sys=0.00, real=0.00 secs] 
24.261: [GC 24.261: [DefNew: 1591K->55K(1728K), 0.0003470 secs] 17256K->15720K(24400K), 0.0004080 secs] [Times: user=0.00 sys=0.00, real=0.00 secs] 
24.264: [GC 24.264: [DefNew: 1556K->167K(1728K), 0.0007120 secs] 17221K->15832K(24400K), 0.0007820 secs] [Times: user=0.00 sys=0.00, real=0.00 secs] 
24.267: [GC 24.267: [DefNew: 1631K->113K(1728K), 0.0004350 secs] 17296K->15778K(24400K), 0.0004970 secs] [Times: user=0.00 sys=0.00, real=0.00 secs] 
24.278: [GC 24.278: [DefNew: 1594K->171K(1728K), 0.0005260 secs] 17259K->15836K(24400K), 0.0005930 secs] [Times: user=0.00 sys=0.00, real=0.00 secs] 
24.281: [GC 24.281: [DefNew: 1671K->115K(1728K), 0.0004290 secs] 17336K->15780K(24400K), 0.0004910 secs] [Times: user=0.00 sys=0.00, real=0.00 secs] 
24.285: [GC 24.285: [DefNew: 1633K->175K(1728K), 0.0005880 secs] 17298K->15840K(24400K), 0.0006530 secs] [Times: user=0.00 sys=0.00, real=0.00 secs] 
24.288: [GC 24.288: [DefNew: 1711K->118K(1728K), 0.0005900 secs] 17376K->15783K(24400K), 0.0006560 secs] [Times: user=0.00 sys=0.00, real=0.00 secs] 
24.290: [GC 24.290: [DefNew: 1551K->119K(1728K), 0.0004320 secs] 17216K->15784K(24400K), 0.0004920 secs] [Times: user=0.00 sys=0.00, real=0.00 secs] 
24.293: [GC 24.293: [DefNew: 1568K->121K(1728K), 0.0004700 secs] 17233K->15786K(24400K), 0.0005330 secs] [Times: user=0.00 sys=0.00, real=0.00 secs] 
24.297: [GC 24.297: [DefNew: 1584K->122K(1728K), 0.0005280 secs] 17249K->15787K(24400K), 0.0005910 secs] [Times: user=0.00 sys=0.00, real=0.00 secs] 
24.299: [GC 24.299: [DefNew: 1601K->123K(1728K), 0.0004410 secs] 17266K->15788K(24400K), 0.0005000 secs] [Times: user=0.00 sys=0.00, real=0.00 secs] 
24.302: [GC 24.303: [DefNew: 1617K->125K(1728K), 0.0004230 secs] 17282K->15790K(24400K), 0.0004830 secs] [Times: user=0.00 sys=0.00, real=0.00 secs] 
24.306: [GC 24.306: [DefNew: 1634K->126K(1728K), 0.0004430 secs] 17299K->15791K(24400K), 0.0005060 secs] [Times: user=0.00 sys=0.00, real=0.00 secs] 
24.308: [GC 24.309: [DefNew: 1650K->127K(1728K), 0.0004540 secs] 17315K->15792K(24400K), 0.0005170 secs] [Times: user=0.00 sys=0.00, real=0.00 secs] 
24.311: [GC 24.311: [DefNew: 1602K->64K(1728K), 0.0003600 secs] 17267K->15729K(24400K), 0.0004190 secs] [Times: user=0.00 sys=0.00, real=0.00 secs] 
24.314: [GC 24.314: [DefNew: 1553K->129K(1728K), 0.0006010 secs] 17218K->15859K(24400K), 0.0007610 secs] [Times: user=0.00 sys=0.00, real=0.00 secs] 
24.325: [GC 24.326: [DefNew: 1567K->131K(1728K), 0.0004530 secs] 17297K->15861K(24400K), 0.0005160 secs] [Times: user=0.00 sys=0.00, real=0.00 secs] 
24.329: [GC 24.329: [DefNew: 1647K->66K(1728K), 0.0003430 secs] 17377K->15796K(24400K), 0.0004000 secs] [Times: user=0.00 sys=0.00, real=0.00 secs] 
24.331: [GC 24.331: [DefNew: 1596K->133K(1728K), 0.0005960 secs] 17326K->15930K(24400K), 0.0006640 secs] [Times: user=0.00 sys=0.00, real=0.00 secs] 
24.334: [GC 24.334: [DefNew: 1610K->134K(1728K), 0.0004760 secs] 17407K->15931K(24400K), 0.0005390 secs] [Times: user=0.00 sys=0.00, real=0.00 secs] 
24.337: [GC 24.337: [DefNew: 1624K->135K(1728K), 0.0006010 secs] 17420K->16000K(24400K), 0.0006690 secs] [Times: user=0.00 sys=0.00, real=0.00 secs] 
24.340: [GC 24.340: [DefNew: 1638K->137K(1728K), 0.0004700 secs] 17502K->16001K(24400K), 0.0005330 secs] [Times: user=0.00 sys=0.00, real=0.00 secs] 
24.343: [GC 24.343: [DefNew: 1652K->138K(1728K), 0.0006690 secs] 17516K->16071K(24400K), 0.0007380 secs] [Times: user=0.00 sys=0.00, real=0.00 secs] 
24.347: [GC 24.347: [DefNew: 1666K->139K(1728K), 0.0005580 secs] 17599K->16072K(24400K), 0.0006230 secs] [Times: user=0.00 sys=0.00, real=0.00 secs] 
24.349: [GC 24.349: [DefNew: 1539K->140K(1728K), 0.0004610 secs] 17473K->16073K(24400K), 0.0005230 secs] [Times: user=0.00 sys=0.00, real=0.00 secs] 
24.352: [GC 24.352: [DefNew: 1551K->141K(1728K), 0.0004880 secs] 17484K->16074K(24400K), 0.0006440 secs] [Times: user=0.00 sys=0.00, real=0.01 secs] 
24.354: [GC 24.354: [DefNew: 1562K->142K(1728K), 0.0005030 secs] 17496K->16076K(24400K), 0.0005670 secs] [Times: user=0.00 sys=0.00, real=0.00 secs] 
24.358: [GC 24.358: [DefNew: 1574K->143K(1728K), 0.0004710 secs] 17507K->16077K(24400K), 0.0005360 secs] [Times: user=0.00 sys=0.00, real=0.00 secs] 
24.369: [GC 24.369: [DefNew: 1586K->144K(1728K), 0.0003770 secs] 17519K->16078K(24400K), 0.0004340 secs] [Times: user=0.00 sys=0.00, real=0.00 secs] 
24.371: [GC 24.371: [DefNew: 1597K->145K(1728K), 0.0004740 secs] 17531K->16079K(24400K), 0.0005330 secs] [Times: user=0.00 sys=0.00, real=0.00 secs] 
24.374: [GC 24.374: [DefNew: 1609K->146K(1728K), 0.0004820 secs] 17542K->16080K(24400K), 0.0005460 secs] [Times: user=0.00 sys=0.00, real=0.00 secs] 
24.378: [GC 24.378: [DefNew: 1620K->147K(1728K), 0.0004770 secs] 17554K->16081K(24400K), 0.0005400 secs] [Times: user=0.00 sys=0.00, real=0.00 secs] 
24.381: [GC 24.381: [DefNew: 1632K->148K(1728K), 0.0004700 secs] 17565K->16082K(24400K), 0.0005340 secs] [Times: user=0.00 sys=0.00, real=0.00 secs] 
24.384: [GC 24.384: [DefNew: 1644K->149K(1728K), 0.0004970 secs] 17577K->16083K(24400K), 0.0005590 secs] [Times: user=0.01 sys=0.00, real=0.00 secs] 
24.387: [GC 24.387: [DefNew: 1655K->150K(1728K), 0.0004940 secs] 17589K->16084K(24400K), 0.0005580 secs] [Times: user=0.00 sys=0.00, real=0.00 secs] 
24.390: [GC 24.390: [DefNew: 1667K->152K(1728K), 0.0004860 secs] 17600K->16085K(24400K), 0.0005490 secs] [Times: user=0.00 sys=0.00, real=0.00 secs] 
24.404: [GC 24.405: [DefNew: 1678K->153K(1728K), 0.0004900 secs] 17612K->16086K(24400K), 0.0005540 secs] [Times: user=0.00 sys=0.00, real=0.00 secs] 
24.407: [GC 24.408: [DefNew: 1613K->77K(1728K), 0.0003790 secs] 17546K->16010K(24400K), 0.0004610 secs] [Times: user=0.00 sys=0.00, real=0.00 secs] 
24.410: [GC 24.410: [DefNew: 1546K->154K(1728K), 0.0006720 secs] 17480K->16165K(24400K), 0.0007410 secs] [Times: user=0.00 sys=0.00, real=0.00 secs] 
24.413: [GC 24.413: [DefNew: 1556K->156K(1728K), 0.0005960 secs] 17567K->16166K(24400K), 0.0006610 secs] [Times: user=0.00 sys=0.00, real=0.00 secs] 
24.417: [GC 24.417: [DefNew: 1644K->78K(1728K), 0.0003730 secs] 17655K->16089K(24400K), 0.0004300 secs] [Times: user=0.00 sys=0.00, real=0.00 secs] 
24.420: [GC 24.420: [DefNew: 1576K->157K(1728K), 0.0010110 secs] 17587K->16247K(24400K), 0.0010840 secs] [Times: user=0.01 sys=0.00, real=0.01 secs] 
24.423: [GC 24.423: [DefNew: 1585K->158K(1728K), 0.0004950 secs] 17675K->16248K(24400K), 0.0005600 secs] [Times: user=0.00 sys=0.00, real=0.00 secs] 
24.425: [GC 24.425: [DefNew: 1675K->80K(1728K), 0.0003980 secs] 17765K->16170K(24400K), 0.0004570 secs] [Times: user=0.00 sys=0.00, real=0.00 secs] 
24.437: [GC 24.437: [DefNew: 1606K->160K(1728K), 0.0006340 secs] 17695K->16331K(24400K), 0.0007030 secs] [Times: user=0.00 sys=0.00, real=0.00 secs] 
24.440: [GC 24.440: [DefNew: 1615K->161K(1728K), 0.0005310 secs] 17785K->16332K(24400K), 0.0005960 secs] [Times: user=0.01 sys=0.00, real=0.01 secs] 
24.442: [GC 24.442: [DefNew: 1624K->162K(1728K), 0.0012220 secs] 17795K->16414K(24400K), 0.0012910 secs] [Times: user=0.00 sys=0.00, real=0.00 secs] 
24.447: [GC 24.447: [DefNew: 1634K->163K(1728K), 0.0004770 secs] 17886K->16415K(24400K), 0.0005390 secs] [Times: user=0.00 sys=0.00, real=0.00 secs] 
24.450: [GC 24.450: [DefNew: 1643K->164K(1728K), 0.0007040 secs] 17895K->16498K(24400K), 0.0007750 secs] [Times: user=0.00 sys=0.00, real=0.00 secs] 
24.453: [GC 24.453: [DefNew: 1653K->165K(1728K), 0.0005110 secs] 17987K->16499K(24400K), 0.0005760 secs] [Times: user=0.00 sys=0.00, real=0.00 secs] 
24.456: [GC 24.456: [DefNew: 1662K->166K(1728K), 0.0007820 secs] 17996K->16583K(24400K), 0.0008540 secs] [Times: user=0.01 sys=0.00, real=0.00 secs] 
24.460: [GC 24.460: [DefNew: 1672K->167K(1728K), 0.0005370 secs] 18089K->16584K(24400K), 0.0006030 secs] [Times: user=0.00 sys=0.00, real=0.01 secs] 
24.462: [GC 24.462: [DefNew: 1681K->168K(1728K), 0.0007160 secs] 18099K->16669K(24400K), 0.0007860 secs] [Times: user=0.00 sys=0.00, real=0.00 secs] 
24.465: [GC 24.465: [DefNew: 1691K->169K(1728K), 0.0005170 secs] 18192K->16670K(24400K), 0.0005820 secs] [Times: user=0.00 sys=0.00, real=0.00 secs] 
24.469: [GC 24.472: [DefNew: 1700K->170K(1728K), 0.0007760 secs] 18202K->16756K(24400K), 0.0008670 secs] [Times: user=0.00 sys=0.00, real=0.01 secs] 
24.481: [GC 24.482: [DefNew: 1624K->85K(1728K), 0.0004170 secs] 18211K->16672K(24400K), 0.0004780 secs] [Times: user=0.00 sys=0.00, real=0.00 secs] 
24.484: [GC 24.484: [DefNew: 1547K->172K(1728K), 0.0005560 secs] 18134K->16758K(24400K), 0.0006200 secs] [Times: user=0.01 sys=0.00, real=0.00 secs] 
24.487: [GC 24.487: [DefNew: 1555K->173K(1728K), 0.0005200 secs] 18141K->16759K(24400K), 0.0005850 secs] [Times: user=0.00 sys=0.00, real=0.00 secs] 
24.489: [GC 24.490: [DefNew: 1562K->173K(1728K), 0.0005380 secs] 18149K->16760K(24400K), 0.0006050 secs] [Times: user=0.00 sys=0.00, real=0.00 secs] 
24.493: [GC 24.493: [DefNew: 1570K->174K(1728K), 0.0005010 secs] 18157K->16761K(24400K), 0.0005640 secs] [Times: user=0.00 sys=0.00, real=0.00 secs] 
24.495: [GC 24.495: [DefNew: 1578K->175K(1728K), 0.0005350 secs] 18164K->16762K(24400K), 0.0005980 secs] [Times: user=0.00 sys=0.00, real=0.00 secs] 
24.498: [GC 24.499: [DefNew: 1585K->176K(1728K), 0.0005320 secs] 18172K->16763K(24400K), 0.0005990 secs] [Times: user=0.00 sys=0.00, real=0.00 secs] 
24.501: [GC 24.501: [DefNew: 1593K->177K(1728K), 0.0006510 secs] 18179K->16763K(24400K), 0.0007190 secs] [Times: user=0.00 sys=0.00, real=0.00 secs] 
24.505: [GC 24.505: [DefNew: 1600K->178K(1728K), 0.0005310 secs] 18187K->16764K(24400K), 0.0005930 secs] [Times: user=0.00 sys=0.00, real=0.00 secs] 
24.516: [GC 24.516: [DefNew: 1608K->179K(1728K), 0.0005460 secs] 18195K->16765K(24400K), 0.0006140 secs] [Times: user=0.00 sys=0.00, real=0.00 secs] 
24.519: [GC 24.519: [DefNew: 1616K->179K(1728K), 0.0005730 secs] 18202K->16766K(24400K), 0.0006410 secs] [Times: user=0.01 sys=0.00, real=0.01 secs] 
24.522: [GC 24.522: [DefNew: 1623K->180K(1728K), 0.0005460 secs] 18210K->16767K(24400K), 0.0006100 secs] [Times: user=0.00 sys=0.00, real=0.00 secs] 
24.525: [GC 24.525: [DefNew: 1631K->181K(1728K), 0.0006120 secs] 18217K->16768K(24400K), 0.0006810 secs] [Times: user=0.00 sys=0.00, real=0.00 secs] 
24.529: [GC 24.529: [DefNew: 1638K->182K(1728K), 0.0005590 secs] 18225K->16769K(24400K), 0.0006260 secs] [Times: user=0.00 sys=0.00, real=0.00 secs] 
24.532: [GC 24.532: [DefNew: 1646K->183K(1728K), 0.0009170 secs] 18233K->16769K(24400K), 0.0009910 secs] [Times: user=0.01 sys=0.00, real=0.01 secs] 
24.535: [GC 24.535: [DefNew: 1654K->184K(1728K), 0.0005480 secs] 18240K->16770K(24400K), 0.0006150 secs] [Times: user=0.00 sys=0.00, real=0.00 secs] 
24.538: [GC 24.538: [DefNew: 1661K->184K(1728K), 0.0005330 secs] 18248K->16771K(24400K), 0.0005970 secs] [Times: user=0.00 sys=0.00, real=0.00 secs] 
24.541: [GC 24.541: [DefNew: 1669K->185K(1728K), 0.0005520 secs] 18255K->16772K(24400K), 0.0006190 secs] [Times: user=0.00 sys=0.00, real=0.00 secs] 
24.544: [GC 24.544: [DefNew: 1676K->186K(1728K), 0.0005400 secs] 18263K->16773K(24400K), 0.0006060 secs] [Times: user=0.00 sys=0.00, real=0.00 secs] 
24.547: [GC 24.547: [DefNew: 1684K->187K(1728K), 0.0005830 secs] 18271K->16774K(24400K), 0.0006480 secs] [Times: user=0.00 sys=0.00, real=0.00 secs] 
24.551: [GC 24.551: [DefNew: 1691K->188K(1728K), 0.0006440 secs] 18278K->16774K(24400K), 0.0007130 secs] [Times: user=0.00 sys=0.00, real=0.00 secs] 
24.554: [GC 24.554: [DefNew: 1699K->189K(1728K), 0.0005630 secs] 18286K->16775K(24400K), 0.0006290 secs] [Times: user=0.00 sys=0.00, real=0.00 secs] 
24.565: [GC 24.565: [DefNew: 1707K->189K(1728K), 0.0005370 secs] 18293K->16776K(24400K), 0.0006030 secs] [Times: user=0.00 sys=0.00, real=0.00 secs] 
24.568: [GC 24.568: [DefNew: 1714K->190K(1728K), 0.0007120 secs] 18301K->16777K(24400K), 0.0007810 secs] [Times: user=0.00 sys=0.00, real=0.00 secs] 
24.571: [GC 24.571: [DefNew: 1722K->191K(1728K), 0.0005570 secs] 18309K->16778K(24400K), 0.0006240 secs] [Times: user=0.00 sys=0.00, real=0.00 secs] 
24.573: [GC 24.573: [DefNew: 1633K->96K(1728K), 0.0004230 secs] 18220K->16682K(24400K), 0.0004820 secs] [Times: user=0.00 sys=0.00, real=0.00 secs] 
24.576: [GC 24.576: [DefNew: 1544K->96K(1728K), 0.0010590 secs] 18130K->16876K(24400K), 0.0011330 secs] [Times: user=0.01 sys=0.00, real=0.00 secs] 
24.580: [GC 24.581: [DefNew: 1453K->97K(1728K), 0.0005300 secs] 18233K->16973K(24400K), 0.0005950 secs] [Times: user=0.00 sys=0.00, real=0.00 secs] 
24.583: [GC 24.583: [DefNew: 1556K->97K(1728K), 0.0004240 secs] 18433K->16974K(24400K), 0.0004850 secs] [Times: user=0.00 sys=0.00, real=0.00 secs] 
24.586: [GC 24.586: [DefNew: 1562K->97K(1728K), 0.0008430 secs] 18439K->17169K(24400K), 0.0009140 secs] [Times: user=0.00 sys=0.00, real=0.00 secs] 
24.589: [GC 24.589: [DefNew: 1471K->98K(1728K), 0.0005630 secs] 18543K->17268K(24400K), 0.0006300 secs] [Times: user=0.00 sys=0.00, real=0.00 secs] 
24.602: [GC 24.602: [DefNew: 1575K->98K(1728K), 0.0003670 secs] 18745K->17268K(24400K), 0.0004260 secs] [Times: user=0.00 sys=0.00, real=0.00 secs] 
24.605: [GC 24.605: [DefNew: 1581K->98K(1728K), 0.0007480 secs] 18751K->17466K(24400K), 0.0008160 secs] [Times: user=0.00 sys=0.00, real=0.00 secs] 
24.607: [GC 24.608: [DefNew: 1488K->99K(1728K), 0.0006040 secs] 18856K->17566K(24400K), 0.0006720 secs] [Times: user=0.01 sys=0.00, real=0.00 secs] 
24.611: [GC 24.611: [DefNew: 1593K->99K(1728K), 0.0004300 secs] 19060K->17567K(24400K), 0.0004910 secs] [Times: user=0.00 sys=0.00, real=0.00 secs] 
24.613: [GC 24.613: [DefNew: 1599K->100K(1728K), 0.0008420 secs] 19067K->17767K(24400K), 0.0009130 secs] [Times: user=0.00 sys=0.00, real=0.00 secs] 
24.617: [GC 24.617: [DefNew: 1505K->100K(1728K), 0.0005100 secs] 19173K->17868K(24400K), 0.0005760 secs] [Times: user=0.00 sys=0.00, real=0.00 secs] 
24.621: [GC 24.621: [DefNew: 1612K->100K(1728K), 0.0004330 secs] 19379K->17868K(24400K), 0.0004950 secs] [Times: user=0.00 sys=0.00, real=0.00 secs] 
24.625: [GC 24.625: [DefNew: 1618K->101K(1728K), 0.0007990 secs] 19386K->18071K(24400K), 0.0008670 secs] [Times: user=0.00 sys=0.00, real=0.00 secs] 
24.628: [GC 24.628: [DefNew: 1523K->101K(1728K), 0.0006220 secs] 19493K->18173K(24400K), 0.0006880 secs] [Times: user=0.00 sys=0.00, real=0.00 secs] 
24.631: [GC 24.631: [DefNew: 1630K->102K(1728K), 0.0004720 secs] 19702K->18173K(24400K), 0.0005380 secs] [Times: user=0.00 sys=0.00, real=0.00 secs] 
24.643: [GC 24.643: [DefNew: 1637K->102K(1728K), 0.0009200 secs] 19708K->18378K(24400K), 0.0009910 secs] [Times: user=0.00 sys=0.00, real=0.00 secs] 
24.646: [GC 24.646: [DefNew: 1540K->102K(1728K), 0.0006910 secs] 19817K->18481K(24400K), 0.0007620 secs] [Times: user=0.00 sys=0.00, real=0.00 secs] 
24.649: [GC 24.649: [DefNew: 1546K->103K(1728K), 0.0009210 secs] 19925K->18688K(24400K), 0.0009910 secs] [Times: user=0.00 sys=0.00, real=0.00 secs] 
24.652: [GC 24.652: [DefNew: 1551K->103K(1728K), 0.0006320 secs] 20137K->18792K(24400K), 0.0007010 secs] [Times: user=0.01 sys=0.00, real=0.01 secs] 
24.655: [GC 24.655: [DefNew: 1557K->103K(1728K), 0.0010510 secs] 20246K->19000K(24400K), 0.0011190 secs] [Times: user=0.00 sys=0.00, real=0.00 secs] 
24.658: [GC 24.658: [DefNew: 1562K->104K(1728K), 0.0006140 secs] 20459K->19105K(24400K), 0.0006810 secs] [Times: user=0.00 sys=0.00, real=0.00 secs] 
24.662: [GC 24.662: [DefNew: 1568K->104K(1728K), 0.0008810 secs] 20568K->19314K(24400K), 0.0009540 secs] [Times: user=0.00 sys=0.00, real=0.00 secs] 
24.665: [GC 24.665: [DefNew: 1573K->105K(1728K), 0.0006100 secs] 20783K->19419K(24400K), 0.0006780 secs] [Times: user=0.00 sys=0.00, real=0.00 secs] 
24.668: [GC 24.668: [DefNew: 1579K->105K(1728K), 0.0046320 secs] 20894K->19630K(24400K), 0.0047050 secs] [Times: user=0.00 sys=0.00, real=0.01 secs] 
24.679: [GC 24.679: [DefNew: 1640K->112K(1728K), 0.0008080 secs] 21165K->19638K(24400K), 0.0008740 secs] [Times: user=0.01 sys=0.00, real=0.01 secs] 
24.682: [GC 24.682: [DefNew: 1648K->34K(1728K), 0.0005840 secs] 21174K->19665K(24400K), 0.0006440 secs] [Times: user=0.00 sys=0.00, real=0.00 secs] 
24.685: [GC 24.685: [DefNew: 1564K->14K(1728K), 0.0003050 secs] 21195K->19645K(24400K), 0.0003650 secs] [Times: user=0.00 sys=0.00, real=0.00 secs] 
24.689: [GC 24.689: [DefNew: 1538K->17K(1728K), 0.0003130 secs] 21169K->19648K(24400K), 0.0003740 secs] [Times: user=0.00 sys=0.00, real=0.00 secs] 
24.692: [GC 24.692: [DefNew: 1550K->19K(1728K), 0.0003490 secs] 21181K->19650K(24400K), 0.0004100 secs] [Times: user=0.01 sys=0.00, real=0.01 secs] 
24.695: [GC 24.695: [DefNew: 1546K->63K(1728K), 0.0003830 secs] 21177K->19694K(24400K), 0.0004450 secs] [Times: user=0.00 sys=0.00, real=0.00 secs] 
24.697: [GC 24.697: [DefNew: 1576K->69K(1728K), 0.0003870 secs] 21207K->19700K(24400K), 0.0004470 secs] [Times: user=0.00 sys=0.00, real=0.00 secs] 
24.701: [GC 24.701: [DefNew: 1604K->74K(1728K), 0.0003640 secs] 21235K->19705K(24400K), 0.0004220 secs] [Times: user=0.00 sys=0.00, real=0.00 secs] 
24.704: [GC 24.704: [DefNew: 1610K->78K(1728K), 0.0010100 secs] 21241K->19709K(24400K), 0.0010760 secs] [Times: user=0.01 sys=0.00, real=0.00 secs] 
24.707: [GC 24.707: [DefNew: 1598K->83K(1728K), 0.0004110 secs] 21229K->19714K(24400K), 0.0004710 secs] [Times: user=0.00 sys=0.00, real=0.00 secs] 
24.709: [GC 24.709: [DefNew: 1597K->29K(1728K), 0.0003420 secs] 21228K->19660K(24400K), 0.0004040 secs] [Times: user=0.00 sys=0.00, real=0.00 secs] 
24.712: [GC 24.713: [DefNew: 1556K->91K(1728K), 0.0005030 secs] 21187K->19722K(24400K), 0.0005650 secs] [Times: user=0.00 sys=0.00, real=0.00 secs] 
24.715: [GC 24.715: [DefNew: 1623K->31K(1728K), 0.0003320 secs] 21254K->19662K(24400K), 0.0003910 secs] [Times: user=0.00 sys=0.00, real=0.00 secs] 
24.739: [GC 24.739: [DefNew: 1560K->99K(1728K), 0.0004270 secs] 21191K->19730K(24400K), 0.0004890 secs] [Times: user=0.00 sys=0.00, real=0.00 secs] 
24.742: [GC 24.742: [DefNew: 1617K->34K(1728K), 0.0003500 secs] 21248K->19665K(24400K), 0.0004100 secs] [Times: user=0.00 sys=0.00, real=0.00 secs] 
24.745: [GC 24.745: [DefNew: 1535K->106K(1728K), 0.0004470 secs] 21166K->19737K(24400K), 0.0005090 secs] [Times: user=0.00 sys=0.00, real=0.00 secs] 
24.747: [GC 24.747: [DefNew: 1619K->73K(1728K), 0.0004490 secs] 21250K->19704K(24400K), 0.0005110 secs] [Times: user=0.00 sys=0.00, real=0.00 secs] 
24.758: [GC 24.758: [DefNew: 1557K->75K(1728K), 0.0003980 secs] 21188K->19706K(24400K), 0.0004590 secs] [Times: user=0.00 sys=0.00, real=0.00 secs] 
24.762: [GC 24.762: [DefNew: 1601K->77K(1728K), 0.0003460 secs] 21232K->19708K(24400K), 0.0004020 secs] [Times: user=0.00 sys=0.00, real=0.00 secs] 
24.766: [GC 24.766: [DefNew: 1606K->39K(1728K), 0.0003030 secs] 21237K->19670K(24400K), 0.0003610 secs] [Times: user=0.00 sys=0.00, real=0.00 secs] 
24.768: [GC 24.768: [DefNew: 1527K->81K(1728K), 0.0003800 secs] 21158K->19712K(24400K), 0.0004410 secs] [Times: user=0.00 sys=0.00, real=0.00 secs] 
24.771: [GC 24.771: [DefNew: 1563K->83K(1728K), 0.0004260 secs] 21194K->19714K(24400K), 0.0004840 secs] [Times: user=0.00 sys=0.00, real=0.00 secs] 
24.774: [GC 24.774: [DefNew: 1599K->85K(1728K), 0.0004120 secs] 21230K->19716K(24400K), 0.0004740 secs] [Times: user=0.00 sys=0.00, real=0.00 secs] 
24.777: [GC 24.777: [DefNew: 1592K->43K(1728K), 0.0003500 secs] 21223K->19674K(24400K), 0.0004100 secs] [Times: user=0.00 sys=0.00, real=0.00 secs] 
24.779: [GC 24.779: [DefNew: 1494K->88K(1728K), 0.0005010 secs] 21125K->19719K(24400K), 0.0005600 secs] [Times: user=0.00 sys=0.00, real=0.00 secs] 
24.782: [GC 24.783: [DefNew: 1613K->135K(1728K), 0.0004980 secs] 21244K->19766K(24400K), 0.0005610 secs] [Times: user=0.00 sys=0.00, real=0.00 secs] 
24.785: [GC 24.785: [DefNew: 1644K->46K(1728K), 0.0003510 secs] 21275K->19677K(24400K), 0.0004110 secs] [Times: user=0.00 sys=0.00, real=0.00 secs] 
24.788: [GC 24.788: [DefNew: 1537K->47K(1728K), 0.0007110 secs] 21168K->19678K(24400K), 0.0007770 secs] [Times: user=0.01 sys=0.00, real=0.00 secs] 
24.793: [GC 24.793: [DefNew: 1564K->47K(1728K), 0.0003360 secs] 21195K->19678K(24400K), 0.0003930 secs] [Times: user=0.00 sys=0.00, real=0.00 secs] 
24.795: [GC 24.795: [DefNew: 1544K->145K(1728K), 0.0005070 secs] 21175K->19776K(24400K), 0.0005700 secs] [Times: user=0.00 sys=0.00, real=0.00 secs] 
24.807: [GC 24.807: [DefNew: 1617K->98K(1728K), 0.0004250 secs] 21248K->19729K(24400K), 0.0004880 secs] [Times: user=0.00 sys=0.00, real=0.00 secs] 
24.809: [GC 24.810: [DefNew: 1594K->150K(1728K), 0.0005150 secs] 21225K->19781K(24400K), 0.0005790 secs] [Times: user=0.00 sys=0.00, real=0.00 secs] 
24.814: [GC 24.814: [DefNew: 1670K->102K(1728K), 0.0003950 secs] 21301K->19732K(24400K), 0.0004520 secs] [Times: user=0.00 sys=0.00, real=0.00 secs] 
24.816: [GC 24.816: [DefNew: 1541K->103K(1728K), 0.0004190 secs] 21172K->19734K(24400K), 0.0004800 secs] [Times: user=0.00 sys=0.01, real=0.00 secs] 
24.819: [GC 24.819: [DefNew: 1564K->104K(1728K), 0.0004230 secs] 21195K->19735K(24400K), 0.0004850 secs] [Times: user=0.00 sys=0.00, real=0.00 secs] 
24.821: [GC 24.821: [DefNew: 1586K->106K(1728K), 0.0004570 secs] 21217K->19737K(24400K), 0.0005190 secs] [Times: user=0.00 sys=0.00, real=0.00 secs] 
24.825: [GC 24.825: [DefNew: 1608K->107K(1728K), 0.0004030 secs] 21239K->19738K(24400K), 0.0004620 secs] [Times: user=0.00 sys=0.00, real=0.00 secs] 
24.838: [GC 24.838: [DefNew: 1630K->109K(1728K), 0.0004410 secs] 21261K->19740K(24400K), 0.0005040 secs] [Times: user=0.00 sys=0.00, real=0.00 secs] 
24.840: [GC 24.840: [DefNew: 1597K->55K(1728K), 0.0003590 secs] 21228K->19686K(24400K), 0.0004190 secs] [Times: user=0.00 sys=0.00, real=0.00 secs] 
24.844: [GC 24.844: [DefNew: 1562K->168K(1728K), 0.0005140 secs] 21193K->19799K(24400K), 0.0005790 secs] [Times: user=0.00 sys=0.00, real=0.00 secs] 
24.847: [GC 24.847: [DefNew: 1637K->113K(1728K), 0.0004500 secs] 21268K->19744K(24400K), 0.0005110 secs] [Times: user=0.00 sys=0.00, real=0.00 secs] 
24.850: [GC 24.850: [DefNew: 1600K->172K(1728K), 0.0005560 secs] 21231K->19803K(24400K), 0.0006210 secs] [Times: user=0.00 sys=0.00, real=0.00 secs] 
24.853: [GC 24.853: [DefNew: 1677K->116K(1728K), 0.0004490 secs] 21308K->19747K(24400K), 0.0005100 secs] [Times: user=0.00 sys=0.00, real=0.00 secs] 
24.856: [GC 24.856: [DefNew: 1639K->176K(1728K), 0.0014880 secs] 21270K->19807K(24400K), 0.0015600 secs] [Times: user=0.00 sys=0.00, real=0.00 secs] 
24.859: [GC 24.859: [DefNew: 1657K->59K(1728K), 0.0003690 secs] 21288K->19690K(24400K), 0.0004290 secs] [Times: user=0.00 sys=0.00, real=0.00 secs] 
24.862: [GC 24.862: [DefNew: 1557K->120K(1728K), 0.0005630 secs] 21188K->19751K(24400K), 0.0006690 secs] [Times: user=0.00 sys=0.00, real=0.00 secs] 
24.865: [GC 24.866: [DefNew: 1573K->121K(1728K), 0.0004540 secs] 21204K->19752K(24400K), 0.0005170 secs] [Times: user=0.00 sys=0.00, real=0.00 secs] 
24.868: [GC 24.869: [DefNew: 1590K->122K(1728K), 0.0004150 secs] 21221K->19753K(24400K), 0.0004740 secs] [Times: user=0.00 sys=0.00, real=0.00 secs] 
24.871: [GC 24.871: [DefNew: 1606K->124K(1728K), 0.0004700 secs] 21237K->19755K(24400K), 0.0005310 secs] [Times: user=0.00 sys=0.00, real=0.00 secs] 
24.874: [GC 24.874: [DefNew: 1623K->125K(1728K), 0.0004620 secs] 21254K->19756K(24400K), 0.0005230 secs] [Times: user=0.00 sys=0.00, real=0.00 secs] 
24.887: [GC 24.887: [DefNew: 1639K->126K(1728K), 0.0004500 secs] 21270K->19757K(24400K), 0.0005100 secs] [Times: user=0.00 sys=0.00, real=0.00 secs] 
24.890: [GC 24.890: [DefNew: 1656K->127K(1728K), 0.0004730 secs] 21287K->19758K(24400K), 0.0005360 secs] [Times: user=0.00 sys=0.00, real=0.00 secs] 
24.892: [GC 24.893: [DefNew: 1607K->64K(1728K), 0.0004020 secs] 21238K->19695K(24400K), 0.0004610 secs] [Times: user=0.00 sys=0.00, real=0.00 secs] 
24.895: [GC 24.895: [DefNew: 1558K->130K(1728K), 0.0006070 secs] 21189K->19826K(24400K), 0.0007000 secs] [Times: user=0.00 sys=0.00, real=0.00 secs] 
24.898: [GC 24.898: [DefNew: 1572K->131K(1728K), 0.0004570 secs] 21268K->19827K(24400K), 0.0005180 secs] [Times: user=0.00 sys=0.00, real=0.00 secs] 
24.903: [GC 24.903: [DefNew: 1652K->66K(1728K), 0.0003740 secs] 21348K->19762K(24400K), 0.0004330 secs] [Times: user=0.00 sys=0.00, real=0.00 secs] 
24.906: [GC 24.906: [DefNew: 1601K->133K(1728K), 0.0006170 secs] 21297K->19896K(24400K), 0.0006870 secs] [Times: user=0.00 sys=0.00, real=0.00 secs] 
24.909: [GC 24.909: [DefNew: 1615K->135K(1728K), 0.0004680 secs] 21378K->19898K(24400K), 0.0005300 secs] [Times: user=0.00 sys=0.00, real=0.00 secs] 
24.911: [GC 24.911: [DefNew: 1629K->136K(1728K), 0.0006580 secs] 21392K->19967K(24400K), 0.0007250 secs] [Times: user=0.01 sys=0.00, real=0.01 secs] 
24.923: [GC 24.923: [DefNew: 1643K->137K(1728K), 0.0005180 secs] 21474K->19968K(24400K), 0.0005830 secs] [Times: user=0.00 sys=0.00, real=0.00 secs] 
24.926: [GC 24.926: [DefNew: 1657K->138K(1728K), 0.0007000 secs] 21488K->20038K(24400K), 0.0007700 secs] [Times: user=0.00 sys=0.00, real=0.00 secs] 
24.929: [GC 24.930: [DefNew: 1671K->139K(1728K), 0.0004720 secs] 21571K->20040K(24400K), 0.0005360 secs] [Times: user=0.00 sys=0.00, real=0.00 secs] 
24.932: [GC 24.933: [DefNew: 1544K->140K(1728K), 0.0004870 secs] 21444K->20041K(24400K), 0.0005860 secs] [Times: user=0.00 sys=0.00, real=0.01 secs] 
24.937: [GC 24.937: [DefNew: 1555K->141K(1728K), 0.0004770 secs] 21456K->20042K(24400K), 0.0005410 secs] [Times: user=0.00 sys=0.00, real=0.00 secs] 
24.939: [GC 24.940: [DefNew: 1567K->142K(1728K), 0.0005080 secs] 21467K->20043K(24400K), 0.0005730 secs] [Times: user=0.01 sys=0.00, real=0.01 secs] 
24.942: [GC 24.942: [DefNew: 1579K->143K(1728K), 0.0004900 secs] 21479K->20044K(24400K), 0.0005540 secs] [Times: user=0.00 sys=0.00, real=0.00 secs] 
24.945: [GC 24.945: [DefNew: 1590K->145K(1728K), 0.0004950 secs] 21491K->20045K(24400K), 0.0005590 secs] [Times: user=0.00 sys=0.00, real=0.00 secs] 
24.948: [GC 24.948: [DefNew: 1602K->146K(1728K), 0.0005560 secs] 21502K->20046K(24400K), 0.0006440 secs] [Times: user=0.00 sys=0.00, real=0.00 secs] 
24.951: [GC 24.951: [DefNew: 1613K->147K(1728K), 0.0006030 secs] 21514K->20047K(24400K), 0.0006670 secs] [Times: user=0.00 sys=0.00, real=0.00 secs] 
24.953: [GC 24.954: [DefNew: 1625K->148K(1728K), 0.0005400 secs] 21525K->20048K(24400K), 0.0006080 secs] [Times: user=0.00 sys=0.00, real=0.00 secs] 
24.965: [GC 24.965: [DefNew: 1637K->149K(1728K), 0.0004950 secs] 21537K->20049K(24400K), 0.0005580 secs] [Times: user=0.00 sys=0.00, real=0.00 secs] 
24.968: [GC 24.968: [DefNew: 1648K->150K(1728K), 0.0013030 secs] 21549K->20050K(24400K), 0.0013760 secs] [Times: user=0.00 sys=0.00, real=0.00 secs] 
24.971: [GC 24.972: [DefNew: 1660K->151K(1728K), 0.0005230 secs] 21560K->20051K(24400K), 0.0006240 secs] [Times: user=0.01 sys=0.00, real=0.01 secs] 
24.974: [GC 24.974: [DefNew: 1671K->152K(1728K), 0.0005010 secs] 21572K->20052K(24400K), 0.0005630 secs] [Times: user=0.00 sys=0.00, real=0.00 secs] 
24.978: [GC 24.978: [DefNew: 1683K->153K(1728K), 0.0005060 secs] 21583K->20053K(24400K), 0.0005710 secs] [Times: user=0.00 sys=0.00, real=0.00 secs] 
24.981: [GC 24.981: [DefNew: 1617K->77K(1728K), 0.0004040 secs] 21518K->19977K(24400K), 0.0004640 secs] [Times: user=0.00 sys=0.00, real=0.00 secs] 
24.983: [GC 24.984: [DefNew: 1551K->155K(1728K), 0.0011130 secs] 21451K->20133K(24400K), 0.0011840 secs] [Times: user=0.01 sys=0.00, real=0.00 secs] 
24.987: [GC 24.987: [DefNew: 1560K->156K(1728K), 0.0005100 secs] 21538K->20134K(24400K), 0.0005740 secs] [Times: user=0.00 sys=0.00, real=0.00 secs] 
24.989: [GC 24.989: [DefNew: 1648K->78K(1728K), 0.0003970 secs] 21626K->20056K(24400K), 0.0004570 secs] [Times: user=0.00 sys=0.00, real=0.00 secs] 
24.992: [GC 24.992: [DefNew: 1580K->158K(1728K), 0.0007010 secs] 21558K->20215K(24400K), 0.0010040 secs] [Times: user=0.00 sys=0.01, real=0.01 secs] 
24.996: [GC 24.996: [DefNew: 1590K->159K(1728K), 0.0006200 secs] 21647K->20216K(24400K), 0.0006840 secs] [Times: user=0.00 sys=0.00, real=0.00 secs] 
25.008: [GC 25.008: [DefNew: 1679K->80K(1728K), 0.0004380 secs] 21737K->20137K(24400K), 0.0005000 secs] [Times: user=0.01 sys=0.00, real=0.00 secs] 
25.010: [GC 25.010: [DefNew: 1610K->161K(1728K), 0.0007190 secs] 21667K->20299K(24400K), 0.0007890 secs] [Times: user=0.00 sys=0.00, real=0.00 secs] 
25.016: [GC 25.016: [DefNew: 1619K->162K(1728K), 0.0005530 secs] 21757K->20300K(24400K), 0.0006200 secs] [Times: user=0.00 sys=0.00, real=0.00 secs] 
25.019: [GC 25.019: [DefNew: 1629K->163K(1728K), 0.0007240 secs] 21766K->20382K(24400K), 0.0007950 secs] [Times: user=0.00 sys=0.00, real=0.00 secs] 
25.022: [GC 25.022: [DefNew: 1638K->164K(1728K), 0.0005280 secs] 21858K->20383K(24400K), 0.0005970 secs] [Times: user=0.00 sys=0.00, real=0.00 secs] 
25.026: [GC 25.026: [DefNew: 1648K->165K(1728K), 0.0007230 secs] 21867K->20466K(24400K), 0.0008670 secs] [Times: user=0.00 sys=0.00, real=0.00 secs] 
25.029: [GC 25.029: [DefNew: 1657K->166K(1728K), 0.0006390 secs] 21959K->20467K(24400K), 0.0007060 secs] [Times: user=0.00 sys=0.00, real=0.00 secs] 
25.031: [GC 25.031: [DefNew: 1667K->166K(1728K), 0.0007740 secs] 21969K->20552K(24400K), 0.0008430 secs] [Times: user=0.01 sys=0.00, real=0.01 secs] 
25.034: [GC 25.035: [DefNew: 1676K->168K(1728K), 0.0005230 secs] 22062K->20553K(24400K), 0.0005860 secs] [Times: user=0.00 sys=0.00, real=0.00 secs] 
25.038: [GC 25.038: [DefNew: 1686K->168K(1728K), 0.0007280 secs] 22071K->20638K(24400K), 0.0008010 secs] [Times: user=0.00 sys=0.00, real=0.00 secs] 
25.049: [GC 25.050: [DefNew: 1695K->169K(1728K), 0.0005410 secs] 22165K->20639K(24400K), 0.0006080 secs] [Times: user=0.00 sys=0.00, real=0.00 secs] 
25.053: [GC 25.053: [DefNew: 1705K->170K(1728K), 0.0007230 secs] 22174K->20725K(24400K), 0.0007930 secs] [Times: user=0.00 sys=0.00, real=0.00 secs] 
25.055: [GC 25.056: [DefNew: 1628K->85K(1728K), 0.0004580 secs] 22183K->20641K(24400K), 0.0005180 secs] [Times: user=0.00 sys=0.00, real=0.00 secs] 
25.059: [GC 25.059: [DefNew: 1551K->172K(1728K), 0.0005470 secs] 22106K->20727K(24400K), 0.0006360 secs] [Times: user=0.00 sys=0.00, real=0.01 secs] 
25.062: [GC 25.062: [DefNew: 1559K->173K(1728K), 0.0006540 secs] 22114K->20728K(24400K), 0.0007200 secs] [Times: user=0.00 sys=0.00, real=0.00 secs] 
25.065: [GC 25.065: [DefNew: 1566K->174K(1728K), 0.0005460 secs] 22121K->20729K(24400K), 0.0006110 secs] [Times: user=0.00 sys=0.00, real=0.00 secs] 
25.077: [GC 25.077: [DefNew: 1574K->175K(1728K), 0.0005350 secs] 22129K->20730K(24400K), 0.0006010 secs] [Times: user=0.00 sys=0.00, real=0.00 secs] 
25.080: [GC 25.080: [DefNew: 1581K->176K(1728K), 0.0005620 secs] 22136K->20731K(24400K), 0.0006280 secs] [Times: user=0.01 sys=0.00, real=0.01 secs] 
25.082: [GC 25.082: [DefNew: 1589K->176K(1728K), 0.0005500 secs] 22144K->20732K(24400K), 0.0006160 secs] [Times: user=0.00 sys=0.00, real=0.00 secs] 
25.085: [GC 25.085: [DefNew: 1597K->177K(1728K), 0.0005790 secs] 22152K->20732K(24400K), 0.0006480 secs] [Times: user=0.00 sys=0.00, real=0.00 secs] 
25.089: [GC 25.089: [DefNew: 1604K->178K(1728K), 0.0006040 secs] 22159K->20733K(24400K), 0.0006740 secs] [Times: user=0.00 sys=0.00, real=0.00 secs] 
25.091: [GC 25.091: [DefNew: 1612K->179K(1728K), 0.0005600 secs] 22167K->20734K(24400K), 0.0006230 secs] [Times: user=0.00 sys=0.00, real=0.00 secs] 
25.094: [GC 25.094: [DefNew: 1619K->180K(1728K), 0.0005600 secs] 22174K->20735K(24400K), 0.0006250 secs] [Times: user=0.00 sys=0.00, real=0.00 secs] 
25.099: [GC 25.099: [DefNew: 1627K->181K(1728K), 0.0005640 secs] 22182K->20736K(24400K), 0.0006300 secs] [Times: user=0.00 sys=0.00, real=0.00 secs] 
25.101: [GC 25.101: [DefNew: 1635K->181K(1728K), 0.0007810 secs] 22190K->20737K(24400K), 0.0008530 secs] [Times: user=0.00 sys=0.00, real=0.00 secs] 
25.104: [GC 25.104: [DefNew: 1642K->182K(1728K), 0.0005560 secs] 22197K->20737K(24400K), 0.0006230 secs] [Times: user=0.00 sys=0.00, real=0.00 secs] 
25.107: [GC 25.108: [DefNew: 1650K->183K(1728K), 0.0017040 secs] 22205K->20738K(24400K), 0.0017770 secs] [Times: user=0.00 sys=0.00, real=0.00 secs] 
25.120: [GC 25.120: [DefNew: 1657K->184K(1728K), 0.0005660 secs] 22212K->20739K(24400K), 0.0006330 secs] [Times: user=0.00 sys=0.00, real=0.00 secs] 
25.123: [GC 25.123: [DefNew: 1665K->185K(1728K), 0.0005680 secs] 22220K->20740K(24400K), 0.0006330 secs] [Times: user=0.00 sys=0.00, real=0.00 secs] 
25.128: [GC 25.128: [DefNew: 1673K->186K(1728K), 0.0005790 secs] 22228K->20741K(24400K), 0.0006460 secs] [Times: user=0.00 sys=0.00, real=0.00 secs] 
25.131: [GC 25.131: [DefNew: 1680K->187K(1728K), 0.0005830 secs] 22235K->20742K(24400K), 0.0006500 secs] [Times: user=0.00 sys=0.00, real=0.00 secs] 
25.134: [GC 25.134: [DefNew: 1688K->187K(1728K), 0.0005700 secs] 22243K->20742K(24400K), 0.0006360 secs] [Times: user=0.00 sys=0.00, real=0.00 secs] 
25.138: [GC 25.138: [DefNew: 1695K->188K(1728K), 0.0005700 secs] 22250K->20743K(24400K), 0.0006370 secs] [Times: user=0.00 sys=0.00, real=0.00 secs] 
25.141: [GC 25.141: [DefNew: 1703K->189K(1728K), 0.0005640 secs] 22258K->20744K(24400K), 0.0006300 secs] [Times: user=0.00 sys=0.00, real=0.00 secs] 
25.144: [GC 25.144: [DefNew: 1710K->190K(1728K), 0.0019530 secs] 22266K->20745K(24400K), 0.0020260 secs] [Times: user=0.00 sys=0.01, real=0.00 secs] 
25.149: [GC 25.149: [DefNew: 1718K->191K(1728K), 0.0006600 secs] 22273K->20746K(24400K), 0.0007300 secs] [Times: user=0.00 sys=0.00, real=0.00 secs] 
25.152: [GC 25.152: [DefNew: 1726K->96K(1728K), 0.0006130 secs] 22281K->20747K(24400K), 0.0006800 secs] [Times: user=0.00 sys=0.00, real=0.01 secs] 
25.154: [GC 25.154: [DefNew: 1541K->96K(1728K), 0.0004370 secs] 22192K->20747K(24400K), 0.0004960 secs] [Times: user=0.00 sys=0.00, real=0.00 secs] 
25.166: [GC 25.166: [DefNew: 1547K->96K(1728K), 0.0007230 secs] 22198K->20941K(24400K), 0.0007920 secs] [Times: user=0.00 sys=0.00, real=0.00 secs] 
25.169: [GC 25.169: [DefNew: 1456K->97K(1728K), 0.0005830 secs] 22301K->21039K(24400K), 0.0006500 secs] [Times: user=0.00 sys=0.00, real=0.00 secs] 
25.173: [GC 25.173: [DefNew: 1559K->97K(1728K), 0.0003960 secs] 22501K->21039K(24400K), 0.0004540 secs] [Times: user=0.00 sys=0.00, real=0.00 secs] 
25.176: [GC 25.176: [DefNew: 1566K->97K(1728K), 0.0009200 secs] 22508K->21235K(24400K), 0.0010380 secs] [Times: user=0.00 sys=0.00, real=0.00 secs] 
25.179: [GC 25.179: [DefNew: 1474K->98K(1728K), 0.0009010 secs] 22611K->21334K(24400K), 0.0009710 secs] [Times: user=0.01 sys=0.00, real=0.01 secs] 
25.182: [GC 25.182: [DefNew: 1578K->98K(1728K), 0.0004460 secs] 22814K->21334K(24400K), 0.0005060 secs] [Times: user=0.00 sys=0.00, real=0.00 secs] 
25.194: [GC 25.194: [DefNew: 1584K->99K(1728K), 0.0007030 secs] 22820K->21533K(24400K), 0.0007700 secs] [Times: user=0.00 sys=0.00, real=0.00 secs] 
25.197: [GC 25.197: [DefNew: 1491K->99K(1728K), 0.0006440 secs] 22925K->21633K(24400K), 0.0007130 secs] [Times: user=0.00 sys=0.00, real=0.00 secs] 
25.201: [GC 25.201: [DefNew: 1596K->100K(1728K), 0.0004680 secs] 23130K->21633K(24400K), 0.0005700 secs] [Times: user=0.00 sys=0.00, real=0.00 secs] 
25.203: [GC 25.203: [DefNew: 1603K->100K(1728K), 0.0009150 secs] 23136K->21834K(24400K), 0.0009850 secs] [Times: user=0.00 sys=0.00, real=0.00 secs] 
25.206: [GC 25.206: [DefNew: 1508K->100K(1728K), 0.0006050 secs] 23243K->21935K(24400K), 0.0006720 secs] [Times: user=0.00 sys=0.00, real=0.00 secs] 
25.210: [GC 25.210: [DefNew: 1615K->101K(1728K), 0.0004480 secs] 23450K->21935K(24400K), 0.0005100 secs] [Times: user=0.00 sys=0.00, real=0.00 secs] 
25.214: [GC 25.214: [DefNew: 1621K->101K(1728K), 0.0008610 secs] 23456K->22139K(24400K), 0.0009320 secs] [Times: user=0.00 sys=0.00, real=0.00 secs] 
25.217: [GC 25.217: [DefNew: 1526K->101K(1728K), 0.0006150 secs] 23563K->22241K(24400K), 0.0007800 secs] [Times: user=0.00 sys=0.00, real=0.00 secs] 
25.220: [GC 25.220: [DefNew: 1634K->102K(1728K), 0.0004580 secs] 23773K->22241K(24400K), 0.0005180 secs] [Times: user=0.00 sys=0.00, real=0.00 secs] 
25.223: [GC 25.223: [DefNew: 1435K->102K(1728K), 0.0006090 secs] 23574K->22344K(24400K), 0.0006770 secs] [Times: user=0.00 sys=0.00, real=0.00 secs] 
25.225: [GC 25.226: [DefNew: 1542K->102K(1728K), 0.0009010 secs] 23784K->22550K(24400K), 0.0009720 secs] [Times: user=0.00 sys=0.00, real=0.00 secs] 
25.238: [GC 25.238: [DefNew: 1548K->103K(1728K), 0.0007090 secs] 23996K->22654K(24400K), 0.0007790 secs] [Times: user=0.00 sys=0.00, real=0.00 secs] 
25.241: [GC 25.241: [DefNew: 1554K->103K(1728K), 0.0010510 secs]25.242: [Tenured: 22758K->13924K(22880K), 0.0925870 secs] 24104K->13924K(24608K), [Perm : 24K->24K(12288K)], 0.0938050 secs] [Times: user=0.08 sys=0.00, real=0.09 secs] 
25.336: [GC 25.336: [DefNew: 1455K->104K(1792K), 0.0008820 secs] 15380K->14235K(25000K), 0.0009530 secs] [Times: user=0.00 sys=0.00, real=0.00 secs] 
25.339: [GC 25.340: [DefNew: 1669K->104K(1792K), 0.0008090 secs] 15801K->14236K(25000K), 0.0008700 secs] [Times: user=0.00 sys=0.00, real=0.01 secs] 
25.342: [GC 25.343: [DefNew: 1675K->104K(1792K), 0.0008740 secs] 15807K->14446K(25000K), 0.0009450 secs] [Times: user=0.00 sys=0.00, real=0.00 secs] 
25.346: [GC 25.346: [DefNew: 1577K->105K(1792K), 0.0005900 secs] 15918K->14551K(25000K), 0.0006570 secs] [Times: user=0.00 sys=0.00, real=0.00 secs] 
25.357: [GC 25.357: [DefNew: 1703K->119K(1792K), 0.0004960 secs] 16150K->14566K(25000K), 0.0005570 secs] [Times: user=0.00 sys=0.00, real=0.00 secs] 
25.360: [GC 25.360: [DefNew: 1717K->20K(1792K), 0.0009180 secs] 16164K->14572K(25000K), 0.0009780 secs] [Times: user=0.00 sys=0.00, real=0.01 secs] 
25.363: [GC 25.363: [DefNew: 1614K->27K(1792K), 0.0003110 secs] 16166K->14579K(25000K), 0.0003710 secs] [Times: user=0.00 sys=0.00, real=0.00 secs] 
25.366: [GC 25.366: [DefNew: 1606K->33K(1792K), 0.0002930 secs] 16158K->14585K(25000K), 0.0003500 secs] [Times: user=0.00 sys=0.00, real=0.00 secs] 
25.369: [GC 25.369: [DefNew: 1628K->56K(1792K), 0.0003510 secs] 16180K->14608K(25000K), 0.0004120 secs] [Times: user=0.00 sys=0.00, real=0.00 secs] 
25.371: [GC 25.371: [DefNew: 1654K->62K(1792K), 0.0004060 secs] 16206K->14614K(25000K), 0.0004660 secs] [Times: user=0.00 sys=0.00, real=0.00 secs] 
25.374: [GC 25.374: [DefNew: 1645K->68K(1792K), 0.0003610 secs] 16197K->14620K(25000K), 0.0004230 secs] [Times: user=0.00 sys=0.00, real=0.00 secs] 
25.377: [GC 25.377: [DefNew: 1639K->49K(1792K), 0.0003850 secs] 16191K->14601K(25000K), 0.0004440 secs] [Times: user=0.00 sys=0.00, real=0.00 secs] 
25.379: [GC 25.379: [DefNew: 1630K->78K(1792K), 0.0003680 secs] 16182K->14630K(25000K), 0.0004280 secs] [Times: user=0.00 sys=0.00, real=0.00 secs] 
25.382: [GC 25.382: [DefNew: 1647K->55K(1792K), 0.0003500 secs] 16199K->14607K(25000K), 0.0004080 secs] [Times: user=0.00 sys=0.00, real=0.00 secs] 
25.385: [GC 25.385: [DefNew: 1654K->58K(1792K), 0.0003520 secs] 16206K->14610K(25000K), 0.0004120 secs] [Times: user=0.00 sys=0.00, real=0.00 secs] 
25.387: [GC 25.387: [DefNew: 1617K->61K(1792K), 0.0003600 secs] 16169K->14613K(25000K), 0.0004180 secs] [Times: user=0.00 sys=0.00, real=0.00 secs] 
25.390: [GC 25.390: [DefNew: 1659K->32K(1792K), 0.0014890 secs] 16211K->14584K(25000K), 0.0015590 secs] [Times: user=0.00 sys=0.00, real=0.00 secs] 
25.394: [GC 25.394: [DefNew: 1599K->33K(1792K), 0.0003140 secs] 16151K->14585K(25000K), 0.0003740 secs] [Times: user=0.00 sys=0.00, real=0.00 secs] 
25.405: [GC 25.405: [DefNew: 1626K->103K(1792K), 0.0004000 secs] 16178K->14655K(25000K), 0.0004590 secs] [Times: user=0.00 sys=0.00, real=0.00 secs] 
25.407: [GC 25.407: [DefNew: 1683K->35K(1792K), 0.0003140 secs] 16235K->14587K(25000K), 0.0003720 secs] [Times: user=0.00 sys=0.00, real=0.00 secs] 
25.410: [GC 25.410: [DefNew: 1632K->36K(1792K), 0.0003240 secs] 16184K->14589K(25000K), 0.0003850 secs] [Times: user=0.00 sys=0.00, real=0.00 secs] 
25.413: [GC 25.413: [DefNew: 1570K->75K(1792K), 0.0003760 secs] 16123K->14628K(25000K), 0.0004360 secs] [Times: user=0.00 sys=0.00, real=0.00 secs] 
25.415: [GC 25.415: [DefNew: 1615K->77K(1792K), 0.0003740 secs] 16167K->14630K(25000K), 0.0004320 secs] [Times: user=0.00 sys=0.00, real=0.00 secs] 
25.418: [GC 25.418: [DefNew: 1659K->80K(1792K), 0.0003780 secs] 16211K->14632K(25000K), 0.0004380 secs] [Times: user=0.00 sys=0.00, real=0.00 secs] 
25.423: [GC 25.423: [DefNew: 1662K->41K(1792K), 0.0003060 secs] 16214K->14593K(25000K), 0.0003650 secs] [Times: user=0.00 sys=0.00, real=0.00 secs] 
25.425: [GC 25.425: [DefNew: 1579K->84K(1792K), 0.0003850 secs] 16131K->14636K(25000K), 0.0004450 secs] [Times: user=0.00 sys=0.00, real=0.00 secs] 
25.428: [GC 25.428: [DefNew: 1615K->85K(1792K), 0.0004040 secs] 16168K->14638K(25000K), 0.0004630 secs] [Times: user=0.01 sys=0.00, real=0.00 secs] 
25.430: [GC 25.430: [DefNew: 1651K->87K(1792K), 0.0003900 secs] 16204K->14640K(25000K), 0.0004490 secs] [Times: user=0.00 sys=0.00, real=0.00 secs] 
25.433: [GC 25.433: [DefNew: 1643K->44K(1792K), 0.0003300 secs] 16195K->14597K(25000K), 0.0003920 secs] [Times: user=0.00 sys=0.00, real=0.00 secs] 
25.436: [GC 25.436: [DefNew: 1632K->137K(1792K), 0.0082060 secs] 16184K->14689K(25000K), 0.0082800 secs] [Times: user=0.01 sys=0.00, real=0.01 secs] 
25.447: [GC 25.447: [DefNew: 1710K->93K(1792K), 0.0003970 secs] 16262K->14645K(25000K), 0.0004580 secs] [Times: user=0.00 sys=0.00, real=0.00 secs] 
25.450: [GC 25.450: [DefNew: 1601K->95K(1792K), 0.0004890 secs] 16154K->14647K(25000K), 0.0005480 secs] [Times: user=0.00 sys=0.00, real=0.00 secs] 
25.454: [GC 25.454: [DefNew: 1630K->96K(1792K), 0.0003870 secs] 16182K->14648K(25000K), 0.0004470 secs] [Times: user=0.00 sys=0.00, real=0.00 secs] 
25.456: [GC 25.456: [DefNew: 1659K->98K(1792K), 0.0003930 secs] 16211K->14650K(25000K), 0.0004530 secs] [Times: user=0.00 sys=0.00, real=0.00 secs] 
25.459: [GC 25.459: [DefNew: 1688K->100K(1792K), 0.0003990 secs] 16240K->14652K(25000K), 0.0004570 secs] [Times: user=0.00 sys=0.00, real=0.00 secs] 
25.462: [GC 25.462: [DefNew: 1665K->50K(1792K), 0.0003300 secs] 16218K->14603K(25000K), 0.0003910 secs] [Times: user=0.00 sys=0.00, real=0.00 secs] 
25.465: [GC 25.465: [DefNew: 1641K->154K(1792K), 0.0005400 secs] 16194K->14707K(25000K), 0.0006040 secs] [Times: user=0.00 sys=0.00, real=0.00 secs] 
25.468: [GC 25.468: [DefNew: 1718K->104K(1792K), 0.0004360 secs] 16271K->14657K(25000K), 0.0004980 secs] [Times: user=0.01 sys=0.00, real=0.00 secs] 
25.479: [GC 25.479: [DefNew: 1692K->159K(1792K), 0.0005200 secs] 16244K->14711K(25000K), 0.0005850 secs] [Times: user=0.00 sys=0.00, real=0.00 secs] 
25.482: [GC 25.482: [DefNew: 1717K->54K(1792K), 0.0003660 secs] 16269K->14606K(25000K), 0.0004260 secs] [Times: user=0.00 sys=0.00, real=0.00 secs] 
25.486: [GC 25.486: [DefNew: 1633K->109K(1792K), 0.0003920 secs] 16185K->14661K(25000K), 0.0004500 secs] [Times: user=0.00 sys=0.00, real=0.00 secs] 
25.488: [GC 25.488: [DefNew: 1655K->111K(1792K), 0.0004140 secs] 16207K->14663K(25000K), 0.0004730 secs] [Times: user=0.00 sys=0.00, real=0.00 secs] 
25.491: [GC 25.491: [DefNew: 1677K->112K(1792K), 0.0004180 secs] 16230K->14664K(25000K), 0.0004780 secs] [Times: user=0.00 sys=0.00, real=0.00 secs] 
25.494: [GC 25.494: [DefNew: 1700K->114K(1792K), 0.0004250 secs] 16252K->14666K(25000K), 0.0005220 secs] [Times: user=0.00 sys=0.00, real=0.00 secs] 
25.497: [GC 25.497: [DefNew: 1664K->57K(1792K), 0.0003400 secs] 16216K->14609K(25000K), 0.0004030 secs] [Times: user=0.00 sys=0.00, real=0.00 secs] 
25.499: [GC 25.499: [DefNew: 1627K->175K(1792K), 0.0006670 secs] 16179K->14727K(25000K), 0.0007340 secs] [Times: user=0.00 sys=0.00, real=0.01 secs] 
25.504: [GC 25.504: [DefNew: 1705K->118K(1792K), 0.0010180 secs] 16257K->14670K(25000K), 0.0010860 secs] [Times: user=0.01 sys=0.00, real=0.00 secs] 
25.507: [GC 25.507: [DefNew: 1665K->179K(1792K), 0.0005450 secs] 16218K->14731K(25000K), 0.0006090 secs] [Times: user=0.00 sys=0.00, real=0.00 secs] 
25.510: [GC 25.510: [DefNew: 1744K->120K(1792K), 0.0004310 secs] 16296K->14673K(25000K), 0.0004930 secs] [Times: user=0.00 sys=0.00, real=0.00 secs] 
25.521: [GC 25.521: [DefNew: 1704K->183K(1792K), 0.0005390 secs] 16256K->14735K(25000K), 0.0006060 secs] [Times: user=0.00 sys=0.00, real=0.00 secs] 
25.524: [GC 25.525: [DefNew: 1722K->61K(1792K), 0.0003360 secs] 16274K->14614K(25000K), 0.0003940 secs] [Times: user=0.00 sys=0.00, real=0.00 secs] 
25.527: [GC 25.527: [DefNew: 1617K->125K(1792K), 0.0004420 secs] 16169K->14677K(25000K), 0.0005030 secs] [Times: user=0.00 sys=0.00, real=0.00 secs] 
25.530: [GC 25.530: [DefNew: 1634K->126K(1792K), 0.0004380 secs] 16186K->14678K(25000K), 0.0004990 secs] [Times: user=0.00 sys=0.00, real=0.00 secs] 
25.532: [GC 25.532: [DefNew: 1650K->127K(1792K), 0.0004650 secs] 16202K->14679K(25000K), 0.0005280 secs] [Times: user=0.00 sys=0.00, real=0.00 secs] 
25.536: [GC 25.536: [DefNew: 1667K->128K(1792K), 0.0004650 secs] 16219K->14680K(25000K), 0.0005280 secs] [Times: user=0.00 sys=0.00, real=0.00 secs] 
25.538: [GC 25.539: [DefNew: 1683K->130K(1792K), 0.0004400 secs] 16235K->14682K(25000K), 0.0005020 secs] [Times: user=0.00 sys=0.00, real=0.00 secs] 
25.542: [GC 25.542: [DefNew: 1699K->131K(1792K), 0.0004360 secs] 16252K->14683K(25000K), 0.0004990 secs] [Times: user=0.00 sys=0.00, real=0.00 secs] 
25.545: [GC 25.545: [DefNew: 1716K->132K(1792K), 0.0004860 secs] 16268K->14684K(25000K), 0.0005490 secs] [Times: user=0.00 sys=0.00, real=0.00 secs] 
25.548: [GC 25.548: [DefNew: 1665K->67K(1792K), 0.0003710 secs] 16218K->14619K(25000K), 0.0004310 secs] [Times: user=0.01 sys=0.00, real=0.00 secs] 
25.550: [GC 25.550: [DefNew: 1614K->134K(1792K), 0.0005910 secs] 16166K->14754K(25000K), 0.0006570 secs] [Times: user=0.00 sys=0.00, real=0.00 secs] 
25.561: [GC 25.561: [DefNew: 1628K->136K(1792K), 0.0004550 secs] 16247K->14755K(25000K), 0.0005180 secs] [Times: user=0.00 sys=0.00, real=0.00 secs] 
25.567: [GC 25.567: [DefNew: 1710K->68K(1792K), 0.0002990 secs] 16330K->14688K(25000K), 0.0003550 secs] [Times: user=0.00 sys=0.00, real=0.00 secs] 
25.569: [GC 25.569: [DefNew: 1657K->138K(1792K), 0.0006060 secs] 16276K->14827K(25000K), 0.0006730 secs] [Times: user=0.00 sys=0.00, real=0.00 secs] 
25.572: [GC 25.572: [DefNew: 1671K->139K(1792K), 0.0005190 secs] 16359K->14828K(25000K), 0.0005820 secs] [Times: user=0.00 sys=0.00, real=0.00 secs] 
25.575: [GC 25.576: [DefNew: 1685K->140K(1792K), 0.0009450 secs] 16373K->14900K(25000K), 0.0010160 secs] [Times: user=0.01 sys=0.00, real=0.00 secs] 
25.579: [GC 25.579: [DefNew: 1698K->142K(1792K), 0.0004570 secs] 16458K->14901K(25000K), 0.0005190 secs] [Times: user=0.00 sys=0.00, real=0.00 secs] 
25.582: [GC 25.582: [DefNew: 1712K->143K(1792K), 0.0006250 secs] 16472K->14973K(25000K), 0.0006910 secs] [Times: user=0.00 sys=0.00, real=0.00 secs] 
25.586: [GC 25.586: [DefNew: 1726K->144K(1792K), 0.0004630 secs] 16557K->14975K(25000K), 0.0005260 secs] [Times: user=0.00 sys=0.00, real=0.00 secs] 
25.589: [GC 25.589: [DefNew: 1740K->145K(1792K), 0.0006420 secs] 16571K->15048K(25000K), 0.0007100 secs] [Times: user=0.00 sys=0.00, real=0.00 secs] 
25.592: [GC 25.592: [DefNew: 1681K->73K(1792K), 0.0006680 secs] 16584K->14976K(25000K), 0.0007310 secs] [Times: user=0.01 sys=0.00, real=0.01 secs] 
25.595: [GC 25.595: [DefNew: 1620K->147K(1792K), 0.0005290 secs] 16524K->15051K(25000K), 0.0005960 secs] [Times: user=0.00 sys=0.00, real=0.00 secs] 
25.607: [GC 25.607: [DefNew: 1632K->148K(1792K), 0.0004780 secs] 16535K->15052K(25000K), 0.0005410 secs] [Times: user=0.00 sys=0.00, real=0.00 secs] 
25.610: [GC 25.610: [DefNew: 1644K->149K(1792K), 0.0004730 secs] 16547K->15053K(25000K), 0.0005370 secs] [Times: user=0.00 sys=0.00, real=0.00 secs] 
25.613: [GC 25.613: [DefNew: 1655K->150K(1792K), 0.0004770 secs] 16559K->15054K(25000K), 0.0005400 secs] [Times: user=0.00 sys=0.00, real=0.00 secs] 
25.616: [GC 25.616: [DefNew: 1667K->152K(1792K), 0.0004710 secs] 16570K->15055K(25000K), 0.0005360 secs] [Times: user=0.00 sys=0.00, real=0.00 secs] 
25.619: [GC 25.619: [DefNew: 1678K->153K(1792K), 0.0004810 secs] 16582K->15056K(25000K), 0.0005410 secs] [Times: user=0.00 sys=0.00, real=0.00 secs] 
25.622: [GC 25.622: [DefNew: 1690K->154K(1792K), 0.0004830 secs] 16593K->15057K(25000K), 0.0005450 secs] [Times: user=0.00 sys=0.00, real=0.00 secs] 
25.626: [GC 25.626: [DefNew: 1702K->155K(1792K), 0.0004290 secs] 16605K->15058K(25000K), 0.0004890 secs] [Times: user=0.00 sys=0.00, real=0.00 secs] 
25.629: [GC 25.629: [DefNew: 1713K->156K(1792K), 0.0004820 secs] 16617K->15059K(25000K), 0.0005430 secs] [Times: user=0.00 sys=0.00, real=0.00 secs] 
25.631: [GC 25.631: [DefNew: 1725K->157K(1792K), 0.0005100 secs] 16628K->15060K(25000K), 0.0005740 secs] [Times: user=0.00 sys=0.00, real=0.01 secs] 
25.634: [GC 25.634: [DefNew: 1736K->158K(1792K), 0.0005170 secs] 16640K->15061K(25000K), 0.0005820 secs] [Times: user=0.00 sys=0.00, real=0.00 secs] 
25.637: [GC 25.637: [DefNew: 1748K->159K(1792K), 0.0004980 secs] 16651K->15062K(25000K), 0.0005610 secs] [Times: user=0.00 sys=0.00, real=0.00 secs] 
25.640: [GC 25.640: [DefNew: 1679K->80K(1792K), 0.0003890 secs] 16583K->14983K(25000K), 0.0007640 secs] [Times: user=0.00 sys=0.00, real=0.01 secs] 
25.651: [GC 25.651: [DefNew: 1610K->161K(1792K), 0.0006930 secs] 16513K->15145K(25000K), 0.0007650 secs] [Times: user=0.00 sys=0.00, real=0.00 secs] 
25.654: [GC 25.654: [DefNew: 1619K->162K(1792K), 0.0005150 secs] 16603K->15146K(25000K), 0.0005800 secs] [Times: user=0.00 sys=0.00, real=0.00 secs] 
25.658: [GC 25.658: [DefNew: 1710K->81K(1792K), 0.0003900 secs] 16695K->15065K(25000K), 0.0004520 secs] [Times: user=0.00 sys=0.00, real=0.00 secs] 
25.661: [GC 25.661: [DefNew: 1639K->164K(1792K), 0.0008170 secs] 16623K->15230K(25000K), 0.0008870 secs] [Times: user=0.00 sys=0.00, real=0.00 secs] 
25.664: [GC 25.664: [DefNew: 1649K->165K(1792K), 0.0005070 secs] 16715K->15231K(25000K), 0.0005730 secs] [Times: user=0.00 sys=0.01, real=0.00 secs] 
25.667: [GC 25.668: [DefNew: 1741K->83K(1792K), 0.0003860 secs] 16808K->15149K(25000K), 0.0004460 secs] [Times: user=0.00 sys=0.00, real=0.00 secs] 
25.671: [GC 25.671: [DefNew: 1669K->167K(1792K), 0.0007130 secs] 16735K->15316K(25000K), 0.0008000 secs] [Times: user=0.00 sys=0.00, real=0.00 secs] 
25.684: [GC 25.684: [DefNew: 1678K->168K(1792K), 0.0005360 secs] 16828K->15318K(25000K), 0.0006040 secs] [Times: user=0.00 sys=0.00, real=0.00 secs] 
25.687: [GC 25.687: [DefNew: 1688K->169K(1792K), 0.0007440 secs] 16838K->15403K(25000K), 0.0008170 secs] [Times: user=0.00 sys=0.00, real=0.00 secs] 
25.690: [GC 25.690: [DefNew: 1697K->170K(1792K), 0.0005260 secs] 16932K->15404K(25000K), 0.0005890 secs] [Times: user=0.00 sys=0.00, real=0.00 secs] 
25.693: [GC 25.693: [DefNew: 1707K->170K(1792K), 0.0007360 secs] 16941K->15490K(25000K), 0.0008040 secs] [Times: user=0.00 sys=0.00, real=0.00 secs] 
25.697: [GC 25.697: [DefNew: 1716K->172K(1792K), 0.0005360 secs] 17036K->15491K(25000K), 0.0005990 secs] [Times: user=0.00 sys=0.00, real=0.00 secs] 
25.700: [GC 25.700: [DefNew: 1726K->172K(1792K), 0.0010300 secs] 17046K->15579K(25000K), 0.0011000 secs] [Times: user=0.00 sys=0.00, real=0.00 secs] 
25.704: [GC 25.704: [DefNew: 1735K->173K(1792K), 0.0006480 secs] 17141K->15580K(25000K), 0.0007160 secs] [Times: user=0.00 sys=0.00, real=0.00 secs] 
25.708: [GC 25.708: [DefNew: 1745K->174K(1792K), 0.0044200 secs] 17151K->15668K(25000K), 0.0044920 secs] [Times: user=0.01 sys=0.00, real=0.01 secs] 
25.734: [GC 25.734: [DefNew: 1754K->175K(1792K), 0.0005340 secs] 17248K->15669K(25000K), 0.0005990 secs] [Times: user=0.00 sys=0.00, real=0.00 secs] 
25.738: [GC 25.738: [DefNew: 1764K->176K(1792K), 0.0007190 secs] 17257K->15758K(25000K), 0.0007880 secs] [Times: user=0.00 sys=0.00, real=0.00 secs] 
25.741: [GC 25.741: [DefNew: 1773K->177K(1792K), 0.0005580 secs] 17355K->15759K(25000K), 0.0006220 secs] [Times: user=0.00 sys=0.00, real=0.00 secs] 
25.744: [GC 25.744: [DefNew: 1604K->178K(1792K), 0.0010010 secs] 17186K->15760K(25000K), 0.0010730 secs] [Times: user=0.00 sys=0.00, real=0.00 secs] 
25.748: [GC 25.748: [DefNew: 1612K->179K(1792K), 0.0005430 secs] 17194K->15761K(25000K), 0.0006070 secs] [Times: user=0.01 sys=0.00, real=0.00 secs] 
25.750: [GC 25.750: [DefNew: 1619K->180K(1792K), 0.0005380 secs] 17201K->15762K(25000K), 0.0006020 secs] [Times: user=0.00 sys=0.00, real=0.00 secs] 
25.758: [GC 25.758: [DefNew: 1627K->181K(1792K), 0.0005670 secs] 17209K->15763K(25000K), 0.0006340 secs] [Times: user=0.00 sys=0.00, real=0.00 secs] 
25.761: [GC 25.761: [DefNew: 1635K->181K(1792K), 0.0006370 secs] 17216K->15763K(25000K), 0.0007050 secs] [Times: user=0.00 sys=0.00, real=0.00 secs] 
25.768: [GC 25.768: [DefNew: 1642K->182K(1792K), 0.0005200 secs] 17224K->15764K(25000K), 0.0005820 secs] [Times: user=0.00 sys=0.01, real=0.00 secs] 
25.771: [GC 25.771: [DefNew: 1650K->183K(1792K), 0.0005480 secs] 17232K->15765K(25000K), 0.0006120 secs] [Times: user=0.00 sys=0.00, real=0.00 secs] 
25.775: [GC 25.775: [DefNew: 1657K->184K(1792K), 0.0004930 secs] 17239K->15766K(25000K), 0.0005550 secs] [Times: user=0.00 sys=0.00, real=0.00 secs] 
25.778: [GC 25.778: [DefNew: 1665K->185K(1792K), 0.0005510 secs] 17247K->15767K(25000K), 0.0006180 secs] [Times: user=0.00 sys=0.00, real=0.00 secs] 
25.781: [GC 25.781: [DefNew: 1673K->186K(1792K), 0.0005540 secs] 17254K->15768K(25000K), 0.0006190 secs] [Times: user=0.00 sys=0.00, real=0.00 secs] 
25.784: [GC 25.784: [DefNew: 1680K->187K(1792K), 0.0005750 secs] 17262K->15768K(25000K), 0.0006410 secs] [Times: user=0.00 sys=0.00, real=0.00 secs] 
25.786: [GC 25.787: [DefNew: 1688K->187K(1792K), 0.0005970 secs] 17270K->15769K(25000K), 0.0006620 secs] [Times: user=0.00 sys=0.00, real=0.00 secs] 
25.796: [GC 25.796: [DefNew: 1695K->188K(1792K), 0.0006800 secs] 17277K->15770K(25000K), 0.0007490 secs] [Times: user=0.01 sys=0.00, real=0.00 secs] 
25.801: [GC 25.801: [DefNew: 1703K->189K(1792K), 0.0005940 secs] 17285K->15771K(25000K), 0.0006610 secs] [Times: user=0.00 sys=0.00, real=0.00 secs] 
25.805: [GC 25.805: [DefNew: 1710K->190K(1792K), 0.0005180 secs] 17292K->15772K(25000K), 0.0005820 secs] [Times: user=0.00 sys=0.00, real=0.00 secs] 
25.809: [GC 25.809: [DefNew: 1718K->191K(1792K), 0.0004780 secs] 17300K->15773K(25000K), 0.0005450 secs] [Times: user=0.00 sys=0.00, real=0.00 secs] 
25.812: [GC 25.812: [DefNew: 1726K->96K(1792K), 0.0005800 secs] 17308K->15774K(25000K), 0.0006460 secs] [Times: user=0.00 sys=0.00, real=0.01 secs] 
25.814: [GC 25.815: [DefNew: 1637K->96K(1792K), 0.0005590 secs] 17315K->15870K(25000K), 0.0006240 secs] [Times: user=0.00 sys=0.00, real=0.00 secs] 
25.818: [GC 25.818: [DefNew: 1644K->96K(1792K), 0.0005520 secs] 17419K->15968K(25000K), 0.0006170 secs] [Times: user=0.00 sys=0.00, real=0.00 secs] 
25.821: [GC 25.821: [DefNew: 1652K->97K(1792K), 0.0005700 secs] 17523K->16065K(25000K), 0.0006380 secs] [Times: user=0.00 sys=0.00, real=0.00 secs] 
25.825: [GC 25.825: [DefNew: 1659K->97K(1792K), 0.0005490 secs] 17627K->16164K(25000K), 0.0006160 secs] [Times: user=0.00 sys=0.00, real=0.00 secs] 
25.828: [GC 25.829: [DefNew: 1666K->98K(1792K), 0.0005660 secs] 17732K->16262K(25000K), 0.0006320 secs] [Times: user=0.00 sys=0.00, real=0.00 secs] 
25.831: [GC 25.831: [DefNew: 1673K->98K(1792K), 0.0005690 secs] 17837K->16361K(25000K), 0.0006350 secs] [Times: user=0.00 sys=0.00, real=0.00 secs] 
25.834: [GC 25.834: [DefNew: 1680K->99K(1792K), 0.0005940 secs] 17943K->16460K(25000K), 0.0006600 secs] [Times: user=0.00 sys=0.00, real=0.00 secs] 
25.848: [GC 25.848: [DefNew: 1687K->99K(1792K), 0.0005470 secs] 18049K->16560K(25000K), 0.0006470 secs] [Times: user=0.00 sys=0.00, real=0.00 secs] 
25.851: [GC 25.851: [DefNew: 1695K->99K(1792K), 0.0005930 secs] 18156K->16661K(25000K), 0.0006600 secs] [Times: user=0.00 sys=0.00, real=0.00 secs] 
25.855: [GC 25.855: [DefNew: 1602K->100K(1792K), 0.0004290 secs] 18163K->16661K(25000K), 0.0004910 secs] [Times: user=0.00 sys=0.00, real=0.00 secs] 
25.858: [GC 25.858: [DefNew: 1608K->100K(1792K), 0.0008770 secs] 18169K->16862K(25000K), 0.0009480 secs] [Times: user=0.00 sys=0.00, real=0.00 secs] 
25.861: [GC 25.861: [DefNew: 1513K->101K(1792K), 0.0006780 secs] 18275K->16964K(25000K), 0.0007470 secs] [Times: user=0.00 sys=0.00, real=0.00 secs] 
25.863: [GC 25.864: [DefNew: 1620K->101K(1792K), 0.0006900 secs] 18483K->16964K(25000K), 0.0007590 secs] [Times: user=0.00 sys=0.00, real=0.00 secs] 
25.866: [GC 25.867: [DefNew: 1626K->101K(1792K), 0.0008560 secs] 18490K->17168K(25000K), 0.0009270 secs] [Times: user=0.00 sys=0.00, real=0.00 secs] 
25.870: [GC 25.870: [DefNew: 1531K->102K(1792K), 0.0006000 secs] 18597K->17270K(25000K), 0.0006680 secs] [Times: user=0.00 sys=0.00, real=0.00 secs] 
25.882: [GC 25.882: [DefNew: 1639K->102K(1792K), 0.0004520 secs] 18807K->17271K(25000K), 0.0005120 secs] [Times: user=0.00 sys=0.00, real=0.00 secs] 
25.885: [GC 25.886: [DefNew: 1645K->102K(1792K), 0.0008840 secs] 18814K->17477K(25000K), 0.0009540 secs] [Times: user=0.00 sys=0.00, real=0.00 secs] 
25.889: [GC 25.889: [DefNew: 1548K->103K(1792K), 0.0006010 secs] 18923K->17581K(25000K), 0.0006680 secs] [Times: user=0.00 sys=0.00, real=0.00 secs] 
25.892: [GC 25.892: [DefNew: 1657K->103K(1792K), 0.0004680 secs] 19135K->17581K(25000K), 0.0005300 secs] [Times: user=0.00 sys=0.00, real=0.01 secs] 
25.894: [GC 25.894: [DefNew: 1664K->104K(1792K), 0.0009750 secs] 19141K->17789K(25000K), 0.0010460 secs] [Times: user=0.00 sys=0.00, real=0.00 secs] 
25.900: [GC 25.900: [DefNew: 1565K->104K(1792K), 0.0006390 secs] 19251K->17894K(25000K), 0.0007080 secs] [Times: user=0.01 sys=0.00, real=0.01 secs] 
25.903: [GC 25.903: [DefNew: 1676K->104K(1792K), 0.0004490 secs] 19466K->17895K(25000K), 0.0005100 secs] [Times: user=0.00 sys=0.00, real=0.00 secs] 
25.906: [GC 25.906: [DefNew: 1682K->105K(1792K), 0.0008770 secs] 19473K->18105K(25000K), 0.0009480 secs] [Times: user=0.00 sys=0.00, real=0.00 secs] 
25.914: [GC 25.914: [DefNew: 1704K->117K(1792K), 0.0005220 secs] 19704K->18117K(25000K), 0.0005840 secs] [Times: user=0.00 sys=0.00, real=0.00 secs] 
25.917: [GC 25.917: [DefNew: 1715K->10K(1792K), 0.0005490 secs] 19716K->18117K(25000K), 0.0006060 secs] [Times: user=0.00 sys=0.00, real=0.00 secs] 
25.925: [GC 25.925: [DefNew: 1599K->42K(1792K), 0.0003020 secs] 19705K->18148K(25000K), 0.0003560 secs] [Times: user=0.00 sys=0.00, real=0.00 secs] 
25.927: [GC 25.927: [DefNew: 1625K->33K(1792K), 0.0003770 secs] 19732K->18139K(25000K), 0.0004360 secs] [Times: user=0.00 sys=0.00, real=0.00 secs] 
25.932: [GC 25.932: [DefNew: 1619K->38K(1792K), 0.0003080 secs] 19725K->18144K(25000K), 0.0003680 secs] [Times: user=0.00 sys=0.00, real=0.01 secs] 
25.934: [GC 25.934: [DefNew: 1635K->21K(1792K), 0.0003190 secs] 19742K->18127K(25000K), 0.0003790 secs] [Times: user=0.00 sys=0.00, real=0.00 secs] 
25.937: [GC 25.937: [DefNew: 1621K->23K(1792K), 0.0003160 secs] 19727K->18129K(25000K), 0.0003740 secs] [Times: user=0.00 sys=0.00, real=0.00 secs] 
25.941: [GC 25.941: [DefNew: 1585K->49K(1792K), 0.0003270 secs] 19691K->18155K(25000K), 0.0003840 secs] [Times: user=0.00 sys=0.00, real=0.00 secs] 
25.943: [GC 25.943: [DefNew: 1643K->79K(1792K), 0.0003960 secs] 19749K->18185K(25000K), 0.0004540 secs] [Times: user=0.00 sys=0.00, real=0.00 secs] 
25.946: [GC 25.946: [DefNew: 1660K->56K(1792K), 0.0003650 secs] 19766K->18162K(25000K), 0.0004220 secs] [Times: user=0.00 sys=0.00, real=0.00 secs] 
25.949: [GC 25.949: [DefNew: 1637K->29K(1792K), 0.0003790 secs] 19743K->18135K(25000K), 0.0004380 secs] [Times: user=0.00 sys=0.00, real=0.00 secs] 
25.952: [GC 25.952: [DefNew: 1629K->61K(1792K), 0.0003890 secs] 19735K->18167K(25000K), 0.0004500 secs] [Times: user=0.00 sys=0.00, real=0.01 secs] 
25.954: [GC 25.954: [DefNew: 1638K->96K(1792K), 0.0004200 secs] 19744K->18202K(25000K), 0.0004780 secs] [Times: user=0.00 sys=0.00, real=0.00 secs] 
25.962: [GC 25.963: [DefNew: 1672K->100K(1792K), 0.0004240 secs] 19778K->18206K(25000K), 0.0004870 secs] [Times: user=0.00 sys=0.00, real=0.00 secs] 
25.968: [GC 25.968: [DefNew: 1667K->69K(1792K), 0.0003720 secs] 19773K->18175K(25000K), 0.0004330 secs] [Times: user=0.00 sys=0.00, real=0.00 secs] 
25.973: [GC 25.973: [DefNew: 1620K->71K(1792K), 0.0003840 secs] 19727K->18177K(25000K), 0.0004450 secs] [Times: user=0.00 sys=0.00, real=0.00 secs] 
25.975: [GC 25.976: [DefNew: 1637K->37K(1792K), 0.0003360 secs] 19743K->18143K(25000K), 0.0003940 secs] [Times: user=0.00 sys=0.00, real=0.00 secs] 
25.978: [GC 25.978: [DefNew: 1575K->76K(1792K), 0.0003740 secs] 19681K->18182K(25000K), 0.0004330 secs] [Times: user=0.00 sys=0.00, real=0.00 secs] 
25.981: [GC 25.981: [DefNew: 1619K->78K(1792K), 0.0003890 secs] 19725K->18184K(25000K), 0.0004490 secs] [Times: user=0.00 sys=0.00, real=0.00 secs] 
25.984: [GC 25.984: [DefNew: 1663K->80K(1792K), 0.0058230 secs] 19770K->18186K(25000K), 0.0058940 secs] [Times: user=0.00 sys=0.00, real=0.00 secs] 
25.993: [GC 25.993: [DefNew: 1667K->41K(1792K), 0.0003220 secs] 19773K->18147K(25000K), 0.0003800 secs] [Times: user=0.00 sys=0.00, real=0.00 secs] 
25.998: [GC 25.998: [DefNew: 1583K->84K(1792K), 0.0004300 secs] 19690K->18190K(25000K), 0.0004890 secs] [Times: user=0.00 sys=0.00, real=0.00 secs] 
26.001: [GC 26.001: [DefNew: 1619K->86K(1792K), 0.0004110 secs] 19726K->18192K(25000K), 0.0004720 secs] [Times: user=0.00 sys=0.00, real=0.00 secs] 
26.007: [GC 26.007: [DefNew: 1655K->88K(1792K), 0.0003760 secs] 19762K->18194K(25000K), 0.0004340 secs] [Times: user=0.00 sys=0.00, real=0.00 secs] 
26.009: [GC 26.009: [DefNew: 1647K->45K(1792K), 0.0003390 secs] 19753K->18151K(25000K), 0.0003970 secs] [Times: user=0.00 sys=0.00, real=0.00 secs] 
26.012: [GC 26.012: [DefNew: 1636K->137K(1792K), 0.0004890 secs] 19742K->18243K(25000K), 0.0005560 secs] [Times: user=0.00 sys=0.00, real=0.00 secs] 
26.015: [GC 26.015: [DefNew: 1714K->93K(1792K), 0.0004140 secs] 19820K->18199K(25000K), 0.0004730 secs] [Times: user=0.00 sys=0.00, real=0.00 secs] 
26.018: [GC 26.018: [DefNew: 1605K->95K(1792K), 0.0004580 secs] 19711K->18201K(25000K), 0.0005190 secs] [Times: user=0.00 sys=0.00, real=0.00 secs] 
26.022: [GC 26.022: [DefNew: 1634K->96K(1792K), 0.0003580 secs] 19740K->18203K(25000K), 0.0004160 secs] [Times: user=0.00 sys=0.00, real=0.00 secs] 
26.025: [GC 26.025: [DefNew: 1662K->98K(1792K), 0.0004190 secs] 19769K->18204K(25000K), 0.0004780 secs] [Times: user=0.00 sys=0.00, real=0.00 secs] 
26.027: [GC 26.027: [DefNew: 1691K->100K(1792K), 0.0005560 secs] 19797K->18206K(25000K), 0.0006170 secs] [Times: user=0.00 sys=0.00, real=0.00 secs] 
26.030: [GC 26.030: [DefNew: 1669K->51K(1792K), 0.0003580 secs] 19775K->18157K(25000K), 0.0004160 secs] [Times: user=0.00 sys=0.00, real=0.00 secs] 
26.042: [GC 26.042: [DefNew: 1645K->155K(1792K), 0.0004770 secs] 19751K->18261K(25000K), 0.0005390 secs] [Times: user=0.00 sys=0.00, real=0.00 secs] 
26.045: [GC 26.045: [DefNew: 1722K->105K(1792K), 0.0004220 secs] 19828K->18211K(25000K), 0.0005280 secs] [Times: user=0.00 sys=0.00, real=0.00 secs] 
26.048: [GC 26.048: [DefNew: 1695K->159K(1792K), 0.0005630 secs] 19802K->18266K(25000K), 0.0006260 secs] [Times: user=0.00 sys=0.00, real=0.00 secs] 
26.051: [GC 26.051: [DefNew: 1720K->54K(1792K), 0.0003750 secs] 19826K->18160K(25000K), 0.0004360 secs] [Times: user=0.00 sys=0.00, real=0.00 secs] 
26.053: [GC 26.054: [DefNew: 1636K->109K(1792K), 0.0004290 secs] 19743K->18216K(25000K), 0.0004910 secs] [Times: user=0.00 sys=0.00, real=0.00 secs] 
26.057: [GC 26.057: [DefNew: 1658K->111K(1792K), 0.0004060 secs] 19765K->18217K(25000K), 0.0004670 secs] [Times: user=0.00 sys=0.00, real=0.00 secs] 
26.059: [GC 26.060: [DefNew: 1681K->112K(1792K), 0.0009140 secs] 19787K->18219K(25000K), 0.0009830 secs] [Times: user=0.00 sys=0.00, real=0.01 secs] 
26.063: [GC 26.063: [DefNew: 1703K->114K(1792K), 0.0004760 secs] 19809K->18220K(25000K), 0.0005400 secs] [Times: user=0.00 sys=0.00, real=0.00 secs] 
26.066: [GC 26.066: [DefNew: 1667K->57K(1792K), 0.0003600 secs] 19773K->18164K(25000K), 0.0004180 secs] [Times: user=0.00 sys=0.00, real=0.00 secs] 
26.068: [GC 26.068: [DefNew: 1630K->175K(1792K), 0.0005540 secs] 19736K->18281K(25000K), 0.0006190 secs] [Times: user=0.00 sys=0.00, real=0.00 secs] 
26.071: [GC 26.071: [DefNew: 1708K->118K(1792K), 0.0004740 secs] 19814K->18224K(25000K), 0.0005360 secs] [Times: user=0.00 sys=0.00, real=0.00 secs] 
26.083: [GC 26.083: [DefNew: 1668K->179K(1792K), 0.0005520 secs] 19775K->18285K(25000K), 0.0006200 secs] [Times: user=0.00 sys=0.00, real=0.00 secs] 
26.086: [GC 26.086: [DefNew: 1747K->121K(1792K), 0.0004460 secs] 19854K->18227K(25000K), 0.0005070 secs] [Times: user=0.00 sys=0.00, real=0.00 secs] 
26.089: [GC 26.089: [DefNew: 1707K->183K(1792K), 0.0005170 secs] 19813K->18289K(25000K), 0.0005790 secs] [Times: user=0.00 sys=0.00, real=0.00 secs] 
26.093: [GC 26.093: [DefNew: 1725K->62K(1792K), 0.0003520 secs] 19831K->18168K(25000K), 0.0004100 secs] [Times: user=0.00 sys=0.00, real=0.00 secs] 
26.095: [GC 26.095: [DefNew: 1620K->125K(1792K), 0.0007710 secs] 19726K->18231K(25000K), 0.0008410 secs] [Times: user=0.00 sys=0.00, real=0.00 secs] 
26.098: [GC 26.098: [DefNew: 1636K->126K(1792K), 0.0005860 secs] 19743K->18232K(25000K), 0.0006500 secs] [Times: user=0.00 sys=0.00, real=0.00 secs] 
26.102: [GC 26.102: [DefNew: 1653K->127K(1792K), 0.0004550 secs] 19759K->18234K(25000K), 0.0005150 secs] [Times: user=0.00 sys=0.00, real=0.00 secs] 
26.104: [GC 26.104: [DefNew: 1669K->129K(1792K), 0.0004510 secs] 19776K->18235K(25000K), 0.0005130 secs] [Times: user=0.00 sys=0.00, real=0.00 secs] 
26.107: [GC 26.107: [DefNew: 1686K->130K(1792K), 0.0004480 secs] 19792K->18236K(25000K), 0.0005090 secs] [Times: user=0.00 sys=0.00, real=0.00 secs] 
26.110: [GC 26.110: [DefNew: 1702K->131K(1792K), 0.0004580 secs] 19808K->18237K(25000K), 0.0005190 secs] [Times: user=0.00 sys=0.00, real=0.00 secs] 
26.113: [GC 26.113: [DefNew: 1719K->132K(1792K), 0.0004630 secs] 19825K->18239K(25000K), 0.0005260 secs] [Times: user=0.00 sys=0.00, real=0.00 secs] 
26.116: [GC 26.116: [DefNew: 1668K->67K(1792K), 0.0003950 secs] 19774K->18173K(25000K), 0.0004540 secs] [Times: user=0.01 sys=0.00, real=0.00 secs] 
26.126: [GC 26.127: [DefNew: 1616K->135K(1792K), 0.0006120 secs] 19723K->18308K(25000K), 0.0006820 secs] [Times: user=0.00 sys=0.00, real=0.00 secs] 
26.130: [GC 26.130: [DefNew: 1630K->136K(1792K), 0.0004690 secs] 19804K->18310K(25000K), 0.0005320 secs] [Times: user=0.00 sys=0.00, real=0.00 secs] 
26.134: [GC 26.134: [DefNew: 1713K->68K(1792K), 0.0003500 secs] 19887K->18242K(25000K), 0.0004060 secs] [Times: user=0.00 sys=0.00, real=0.00 secs] 
26.136: [GC 26.136: [DefNew: 1659K->138K(1792K), 0.0016550 secs] 19833K->18381K(25000K), 0.0017260 secs] [Times: user=0.00 sys=0.00, real=0.00 secs] 
26.140: [GC 26.140: [DefNew: 1673K->139K(1792K), 0.0004670 secs] 19916K->18383K(25000K), 0.0005300 secs] [Times: user=0.00 sys=0.00, real=0.00 secs] 
26.143: [GC 26.143: [DefNew: 1687K->141K(1792K), 0.0006350 secs] 19930K->18454K(25000K), 0.0007030 secs] [Times: user=0.00 sys=0.00, real=0.00 secs] 
26.150: [GC 26.150: [DefNew: 1701K->142K(1792K), 0.0004830 secs] 20015K->18455K(25000K), 0.0005460 secs] [Times: user=0.00 sys=0.00, real=0.00 secs] 
26.152: [GC 26.153: [DefNew: 1715K->143K(1792K), 0.0006890 secs] 20029K->18528K(25000K), 0.0007580 secs] [Times: user=0.00 sys=0.00, real=0.00 secs] 
26.165: [GC 26.165: [DefNew: 1729K->144K(1792K), 0.0004800 secs] 20114K->18529K(25000K), 0.0005410 secs] [Times: user=0.00 sys=0.00, real=0.00 secs] 
26.168: [GC 26.168: [DefNew: 1743K->145K(1792K), 0.0005910 secs] 20128K->18603K(25000K), 0.0006570 secs] [Times: user=0.00 sys=0.00, real=0.00 secs] 
26.171: [GC 26.171: [DefNew: 1683K->73K(1792K), 0.0003810 secs] 20141K->18531K(25000K), 0.0004390 secs] [Times: user=0.00 sys=0.00, real=0.00 secs] 
26.174: [GC 26.174: [DefNew: 1623K->147K(1792K), 0.0004920 secs] 20081K->18606K(25000K), 0.0005870 secs] [Times: user=0.00 sys=0.00, real=0.00 secs] 
26.177: [GC 26.177: [DefNew: 1634K->149K(1792K), 0.0006600 secs] 20092K->18607K(25000K), 0.0007260 secs] [Times: user=0.00 sys=0.00, real=0.00 secs] 
26.180: [GC 26.180: [DefNew: 1646K->150K(1792K), 0.0011660 secs] 20104K->18608K(25000K), 0.0012390 secs] [Times: user=0.00 sys=0.01, real=0.01 secs] 
26.185: [GC 26.185: [DefNew: 1657K->151K(1792K), 0.0004120 secs] 20116K->18609K(25000K), 0.0004720 secs] [Times: user=0.00 sys=0.00, real=0.00 secs] 
26.187: [GC 26.189: [DefNew: 1669K->152K(1792K), 0.0004490 secs] 20127K->18610K(25000K), 0.0005230 secs] [Times: user=0.00 sys=0.00, real=0.00 secs] 
26.191: [GC 26.191: [DefNew: 1681K->153K(1792K), 0.0004970 secs] 20139K->18611K(25000K), 0.0005600 secs] [Times: user=0.00 sys=0.00, real=0.00 secs] 
26.195: [GC 26.195: [DefNew: 1692K->154K(1792K), 0.0005040 secs] 20150K->18612K(25000K), 0.0005660 secs] [Times: user=0.00 sys=0.00, real=0.00 secs] 
26.207: [GC 26.208: [DefNew: 1704K->155K(1792K), 0.0004770 secs] 20162K->18613K(25000K), 0.0005390 secs] [Times: user=0.00 sys=0.00, real=0.00 secs] 
26.210: [GC 26.210: [DefNew: 1715K->156K(1792K), 0.0006000 secs] 20174K->18614K(25000K), 0.0006630 secs] [Times: user=0.00 sys=0.00, real=0.00 secs] 
26.213: [GC 26.213: [DefNew: 1727K->157K(1792K), 0.0004680 secs] 20185K->18615K(25000K), 0.0005300 secs] [Times: user=0.00 sys=0.00, real=0.00 secs] 
26.216: [GC 26.216: [DefNew: 1739K->158K(1792K), 0.0005080 secs] 20197K->18616K(25000K), 0.0005720 secs] [Times: user=0.00 sys=0.00, real=0.00 secs] 
26.219: [GC 26.219: [DefNew: 1750K->159K(1792K), 0.0005040 secs] 20208K->18617K(25000K), 0.0005650 secs] [Times: user=0.00 sys=0.00, real=0.00 secs] 
26.222: [GC 26.222: [DefNew: 1682K->80K(1792K), 0.0003980 secs] 20140K->18538K(25000K), 0.0004590 secs] [Times: user=0.00 sys=0.00, real=0.00 secs] 
26.227: [GC 26.227: [DefNew: 1612K->161K(1792K), 0.0008070 secs] 20070K->18700K(25000K), 0.0008770 secs] [Times: user=0.00 sys=0.00, real=0.00 secs] 
26.230: [GC 26.230: [DefNew: 1621K->162K(1792K), 0.0005160 secs] 20160K->18701K(25000K), 0.0005790 secs] [Times: user=0.00 sys=0.00, real=0.00 secs] 
26.232: [GC 26.232: [DefNew: 1713K->81K(1792K), 0.0003920 secs] 20251K->18620K(25000K), 0.0004510 secs] [Times: user=0.00 sys=0.00, real=0.00 secs] 
26.235: [GC 26.235: [DefNew: 1641K->164K(1792K), 0.0007620 secs] 20180K->18785K(25000K), 0.0008310 secs] [Times: user=0.01 sys=0.00, real=0.00 secs] 
26.247: [GC 26.247: [DefNew: 1651K->165K(1792K), 0.0005270 secs] 20272K->18786K(25000K), 0.0005920 secs] [Times: user=0.00 sys=0.00, real=0.00 secs] 
26.254: [GC 26.254: [DefNew: 1744K->83K(1792K), 0.0004370 secs] 20365K->18704K(25000K), 0.0004990 secs] [Times: user=0.00 sys=0.00, real=0.00 secs] 
26.257: [GC 26.257: [DefNew: 1671K->167K(1792K), 0.0007320 secs] 20292K->18872K(25000K), 0.0008030 secs] [Times: user=0.00 sys=0.00, real=0.00 secs] 
26.260: [GC 26.260: [DefNew: 1680K->168K(1792K), 0.0006410 secs] 20385K->18873K(25000K), 0.0007090 secs] [Times: user=0.00 sys=0.00, real=0.01 secs] 
26.263: [GC 26.263: [DefNew: 1690K->169K(1792K), 0.0007660 secs] 20395K->18958K(25000K), 0.0008360 secs] [Times: user=0.01 sys=0.00, real=0.00 secs] 
26.267: [GC 26.267: [DefNew: 1699K->170K(1792K), 0.0005380 secs] 20489K->18959K(25000K), 0.0006030 secs] [Times: user=0.00 sys=0.00, real=0.00 secs] 
26.279: [GC 26.280: [DefNew: 1709K->171K(1792K), 0.0006530 secs] 20498K->19046K(25000K), 0.0007190 secs] [Times: user=0.00 sys=0.00, real=0.01 secs] 
26.282: [GC 26.282: [DefNew: 1718K->172K(1792K), 0.0005200 secs] 20593K->19047K(25000K), 0.0005850 secs] [Times: user=0.00 sys=0.00, real=0.00 secs] 
26.286: [GC 26.287: [DefNew: 1728K->173K(1792K), 0.0007490 secs] 20603K->19134K(25000K), 0.0008170 secs] [Times: user=0.00 sys=0.00, real=0.00 secs] 
26.290: [GC 26.290: [DefNew: 1737K->174K(1792K), 0.0005500 secs] 20699K->19135K(25000K), 0.0006130 secs] [Times: user=0.00 sys=0.00, real=0.00 secs] 
26.293: [GC 26.293: [DefNew: 1747K->174K(1792K), 0.0007540 secs] 20708K->19223K(25000K), 0.0008230 secs] [Times: user=0.00 sys=0.00, real=0.00 secs] 
26.297: [GC 26.297: [DefNew: 1756K->176K(1792K), 0.0005440 secs] 20805K->19225K(25000K), 0.0006120 secs] [Times: user=0.00 sys=0.00, real=0.00 secs] 
26.300: [GC 26.300: [DefNew: 1766K->176K(1792K), 0.0007790 secs] 20815K->19314K(25000K), 0.0008500 secs] [Times: user=0.00 sys=0.00, real=0.01 secs] 
26.303: [GC 26.303: [DefNew: 1775K->177K(1792K), 0.0005610 secs] 20913K->19315K(25000K), 0.0006250 secs] [Times: user=0.00 sys=0.00, real=0.00 secs] 
26.307: [GC 26.307: [DefNew: 1606K->178K(1792K), 0.0005500 secs] 20743K->19316K(25000K), 0.0006150 secs] [Times: user=0.00 sys=0.00, real=0.00 secs] 
26.310: [GC 26.310: [DefNew: 1614K->179K(1792K), 0.0005510 secs] 20751K->19317K(25000K), 0.0006170 secs] [Times: user=0.00 sys=0.00, real=0.00 secs] 
26.312: [GC 26.313: [DefNew: 1621K->180K(1792K), 0.0005650 secs] 20759K->19317K(25000K), 0.0006310 secs] [Times: user=0.00 sys=0.00, real=0.00 secs] 
26.316: [GC 26.316: [DefNew: 1629K->181K(1792K), 0.0005830 secs] 20766K->19318K(25000K), 0.0006480 secs] [Times: user=0.01 sys=0.00, real=0.00 secs] 
26.318: [GC 26.318: [DefNew: 1636K->182K(1792K), 0.0005630 secs] 20774K->19319K(25000K), 0.0006280 secs] [Times: user=0.00 sys=0.00, real=0.00 secs] 
26.331: [GC 26.331: [DefNew: 1644K->183K(1792K), 0.0017700 secs] 20781K->19320K(25000K), 0.0018380 secs] [Times: user=0.00 sys=0.00, real=0.01 secs] 
26.334: [GC 26.335: [DefNew: 1652K->183K(1792K), 0.0005740 secs] 20789K->19321K(25000K), 0.0006380 secs] [Times: user=0.00 sys=0.00, real=0.00 secs] 
26.338: [GC 26.338: [DefNew: 1659K->184K(1792K), 0.0005620 secs] 20797K->19322K(25000K), 0.0006260 secs] [Times: user=0.00 sys=0.00, real=0.00 secs] 
26.340: [GC 26.341: [DefNew: 1667K->185K(1792K), 0.0005680 secs] 20804K->19322K(25000K), 0.0006330 secs] [Times: user=0.00 sys=0.00, real=0.00 secs] 
26.343: [GC 26.343: [DefNew: 1674K->186K(1792K), 0.0006640 secs] 20812K->19323K(25000K), 0.0007300 secs] [Times: user=0.00 sys=0.00, real=0.00 secs] 
26.347: [GC 26.347: [DefNew: 1682K->187K(1792K), 0.0005520 secs] 20819K->19324K(25000K), 0.0006180 secs] [Times: user=0.00 sys=0.00, real=0.00 secs] 
26.350: [GC 26.350: [DefNew: 1690K->188K(1792K), 0.0005580 secs] 20827K->19325K(25000K), 0.0006260 secs] [Times: user=0.00 sys=0.00, real=0.00 secs] 
26.353: [GC 26.353: [DefNew: 1697K->188K(1792K), 0.0005810 secs] 20835K->19326K(25000K), 0.0006460 secs] [Times: user=0.00 sys=0.00, real=0.00 secs] 
26.357: [GC 26.357: [DefNew: 1705K->189K(1792K), 0.0005550 secs] 20842K->19327K(25000K), 0.0006190 secs] [Times: user=0.00 sys=0.00, real=0.00 secs] 
26.359: [GC 26.360: [DefNew: 1712K->190K(1792K), 0.0006100 secs] 20850K->19327K(25000K), 0.0006760 secs] [Times: user=0.00 sys=0.00, real=0.01 secs] 
26.372: [GC 26.372: [DefNew: 1720K->191K(1792K), 0.0006050 secs] 20857K->19328K(25000K), 0.0006760 secs] [Times: user=0.00 sys=0.00, real=0.01 secs] 
26.375: [GC 26.375: [DefNew: 1728K->96K(1792K), 0.0005780 secs] 20865K->19329K(25000K), 0.0006430 secs] [Times: user=0.00 sys=0.00, real=0.00 secs] 
26.378: [GC 26.378: [DefNew: 1639K->96K(1792K), 0.0005630 secs] 20873K->19426K(25000K), 0.0006300 secs] [Times: user=0.00 sys=0.00, real=0.00 secs] 
26.381: [GC 26.381: [DefNew: 1646K->97K(1792K), 0.0006740 secs] 20976K->19524K(25000K), 0.0007440 secs] [Times: user=0.00 sys=0.00, real=0.00 secs] 
26.384: [GC 26.385: [DefNew: 1653K->97K(1792K), 0.0005860 secs] 21080K->19621K(25000K), 0.0006500 secs] [Times: user=0.00 sys=0.00, real=0.00 secs] 
26.389: [GC 26.389: [DefNew: 1661K->97K(1792K), 0.0005870 secs] 21185K->19720K(25000K), 0.0006560 secs] [Times: user=0.00 sys=0.00, real=0.00 secs] 
26.392: [GC 26.392: [DefNew: 1668K->98K(1792K), 0.0006160 secs] 21290K->19818K(25000K), 0.0006820 secs] [Times: user=0.00 sys=0.00, real=0.01 secs] 
26.395: [GC 26.395: [DefNew: 1675K->98K(1792K), 0.0005930 secs] 21395K->19917K(25000K), 0.0006600 secs] [Times: user=0.00 sys=0.00, real=0.00 secs] 
26.398: [GC 26.398: [DefNew: 1682K->99K(1792K), 0.0007070 secs] 21501K->20017K(25000K), 0.0007760 secs] [Times: user=0.00 sys=0.00, real=0.00 secs] 
26.410: [GC 26.410: [DefNew: 1689K->99K(1792K), 0.0006080 secs] 21607K->20117K(25000K), 0.0006780 secs] [Times: user=0.00 sys=0.00, real=0.00 secs] 
26.413: [GC 26.413: [DefNew: 1696K->99K(1792K), 0.0006020 secs] 21714K->20217K(25000K), 0.0006690 secs] [Times: user=0.00 sys=0.00, real=0.00 secs] 
26.418: [GC 26.418: [DefNew: 1603K->100K(1792K), 0.0003660 secs] 21721K->20218K(25000K), 0.0004210 secs] [Times: user=0.00 sys=0.00, real=0.00 secs] 
26.420: [GC 26.420: [DefNew: 1610K->100K(1792K), 0.0008680 secs] 21727K->20419K(25000K), 0.0009370 secs] [Times: user=0.00 sys=0.00, real=0.00 secs] 
26.428: [GC 26.428: [DefNew: 1515K->101K(1792K), 0.0006740 secs] 21834K->20521K(25000K), 0.0007450 secs] [Times: user=0.00 sys=0.00, real=0.00 secs] 
26.439: [GC 26.439: [DefNew: 1622K->101K(1792K), 0.0004580 secs] 22042K->20521K(25000K), 0.0005190 secs] [Times: user=0.00 sys=0.00, real=0.00 secs] 
26.442: [GC 26.443: [DefNew: 1628K->101K(1792K), 0.0008250 secs] 22048K->20725K(25000K), 0.0008960 secs] [Times: user=0.00 sys=0.00, real=0.00 secs] 
26.446: [GC 26.446: [DefNew: 1532K->102K(1792K), 0.0006180 secs] 22156K->20828K(25000K), 0.0006850 secs] [Times: user=0.00 sys=0.00, real=0.00 secs] 
26.449: [GC 26.449: [DefNew: 1640K->102K(1792K), 0.0004620 secs] 22366K->20828K(25000K), 0.0005230 secs] [Times: user=0.00 sys=0.00, real=0.00 secs] 
26.452: [GC 26.452: [DefNew: 1647K->103K(1792K), 0.0010830 secs] 22373K->21034K(25000K), 0.0011570 secs] [Times: user=0.01 sys=0.00, real=0.01 secs] 
26.455: [GC 26.455: [DefNew: 1550K->103K(1792K), 0.0006100 secs] 22481K->21138K(25000K), 0.0006770 secs] [Times: user=0.00 sys=0.00, real=0.00 secs] 
26.461: [GC 26.461: [DefNew: 1659K->103K(1792K), 0.0004510 secs] 22694K->21139K(25000K), 0.0005130 secs] [Times: user=0.00 sys=0.00, real=0.00 secs] 
26.463: [GC 26.463: [DefNew: 1665K->104K(1792K), 0.0009170 secs] 22701K->21347K(25000K), 0.0009870 secs] [Times: user=0.01 sys=0.00, real=0.00 secs] 
26.467: [GC 26.467: [DefNew: 1567K->104K(1792K), 0.0006260 secs] 22811K->21452K(25000K), 0.0006940 secs] [Times: user=0.00 sys=0.00, real=0.00 secs] 
26.470: [GC 26.470: [DefNew: 1677K->105K(1792K), 0.0004570 secs] 23026K->21453K(25000K), 0.0005170 secs] [Times: user=0.00 sys=0.00, real=0.00 secs] 
26.481: [GC 26.481: [DefNew: 1684K->105K(1792K), 0.0009650 secs] 23032K->21664K(25000K), 0.0010360 secs] [Times: user=0.00 sys=0.00, real=0.00 secs] 
26.484: [GC 26.485: [DefNew: 1698K->113K(1792K), 0.0005500 secs] 23257K->21671K(25000K), 0.0006100 secs] [Times: user=0.00 sys=0.00, real=0.00 secs] 
26.487: [GC 26.487: [DefNew: 1710K->23K(1792K), 0.0006150 secs] 23269K->21687K(25000K), 0.0006750 secs] [Times: user=0.00 sys=0.00, real=0.00 secs] 
26.492: [GC 26.492: [DefNew: 1614K->15K(1792K), 0.0003470 secs] 23278K->21679K(25000K), 0.0004090 secs] [Times: user=0.00 sys=0.00, real=0.01 secs] 
26.494: [GC 26.494: [DefNew: 1587K->34K(1792K), 0.0003490 secs] 23251K->21699K(25000K), 0.0004070 secs] [Times: user=0.00 sys=0.00, real=0.00 secs] 
26.497: [GC 26.497: [DefNew: 1597K->39K(1792K), 0.0003560 secs] 23261K->21703K(25000K), 0.0004150 secs] [Times: user=0.00 sys=0.00, real=0.00 secs] 
26.500: [GC 26.500: [DefNew: 1613K->43K(1792K), 0.0003900 secs] 23277K->21707K(25000K), 0.0004690 secs] [Times: user=0.00 sys=0.00, real=0.01 secs] 
26.502: [GC 26.502: [DefNew: 1628K->70K(1792K), 0.0003970 secs] 23292K->21734K(25000K), 0.0004550 secs] [Times: user=0.00 sys=0.00, real=0.00 secs] 
26.505: [GC 26.505: [DefNew: 1658K->25K(1792K), 0.0003450 secs] 23322K->21689K(25000K), 0.0004040 secs] [Times: user=0.00 sys=0.00, real=0.00 secs] 
26.508: [GC 26.508: [DefNew: 1616K->53K(1792K), 0.0003810 secs] 23281K->21717K(25000K), 0.0004390 secs] [Times: user=0.00 sys=0.00, real=0.00 secs] 
26.511: [GC 26.511: [DefNew: 1599K->56K(1792K), 0.0003800 secs] 23263K->21720K(25000K), 0.0004390 secs] [Times: user=0.00 sys=0.00, real=0.00 secs] 
26.513: [GC 26.514: [DefNew: 1655K->29K(1792K), 0.0003420 secs] 23319K->21694K(25000K), 0.0004030 secs] [Times: user=0.00 sys=0.00, real=0.00 secs] 
26.525: [GC 26.525: [DefNew: 1614K->31K(1792K), 0.0003050 secs] 23279K->21695K(25000K), 0.0003610 secs] [Times: user=0.00 sys=0.00, real=0.00 secs] 
26.528: [GC 26.528: [DefNew: 1590K->64K(1792K), 0.0003930 secs] 23254K->21729K(25000K), 0.0004510 secs] [Times: user=0.00 sys=0.00, real=0.00 secs] 
26.531: [GC 26.531: [DefNew: 1653K->67K(1792K), 0.0004010 secs] 23317K->21731K(25000K), 0.0004610 secs] [Times: user=0.00 sys=0.00, real=0.00 secs] 
26.533: [GC 26.534: [DefNew: 1646K->104K(1792K), 0.0004420 secs] 23311K->21768K(25000K), 0.0005050 secs] [Times: user=0.00 sys=0.00, real=0.00 secs] 
26.536: [GC 26.536: [DefNew: 1703K->36K(1792K), 0.0003550 secs] 23368K->21700K(25000K), 0.0004130 secs] [Times: user=0.00 sys=0.00, real=0.00 secs] 
26.539: [GC 26.539: [DefNew: 1614K->111K(1792K), 0.0004590 secs] 23278K->21775K(25000K), 0.0005200 secs] [Times: user=0.00 sys=0.00, real=0.00 secs] 
26.542: [GC 26.542: [DefNew: 1700K->76K(1792K), 0.0004000 secs] 23364K->21740K(25000K), 0.0004610 secs] [Times: user=0.00 sys=0.00, real=0.00 secs] 
26.545: [GC 26.545: [DefNew: 1632K->78K(1792K), 0.0004050 secs] 23297K->21743K(25000K), 0.0004650 secs] [Times: user=0.00 sys=0.00, real=0.00 secs] 
26.547: [GC 26.548: [DefNew: 1677K->80K(1792K), 0.0004760 secs] 23341K->21745K(25000K), 0.0005360 secs] [Times: user=0.00 sys=0.00, real=0.00 secs] 
26.551: [GC 26.551: [DefNew: 1679K->41K(1792K), 0.0003610 secs] 23344K->21705K(25000K), 0.0004210 secs] [Times: user=0.00 sys=0.00, real=0.00 secs] 
26.553: [GC 26.553: [DefNew: 1595K->84K(1792K), 0.0004110 secs] 23260K->21749K(25000K), 0.0004690 secs] [Times: user=0.00 sys=0.00, real=0.00 secs] 
26.556: [GC 26.556: [DefNew: 1631K->86K(1792K), 0.0045430 secs] 23296K->21751K(25000K), 0.0046140 secs] [Times: user=0.01 sys=0.00, real=0.01 secs] 
26.568: [GC 26.568: [DefNew: 1667K->88K(1792K), 0.0004010 secs] 23332K->21752K(25000K), 0.0009540 secs] [Times: user=0.01 sys=0.00, real=0.00 secs] 
26.571: [GC 26.571: [DefNew: 1658K->45K(1792K), 0.0003570 secs] 23322K->21709K(25000K), 0.0004170 secs] [Times: user=0.00 sys=0.00, real=0.00 secs] 
26.574: [GC 26.574: [DefNew: 1555K->92K(1792K), 0.0004300 secs] 23219K->21756K(25000K), 0.0004880 secs] [Times: user=0.00 sys=0.00, real=0.00 secs] 
26.576: [GC 26.576: [DefNew: 1677K->140K(1792K), 0.0005970 secs] 23342K->21805K(25000K), 0.0006610 secs] [Times: user=0.00 sys=0.00, real=0.00 secs] 
26.579: [GC 26.579: [DefNew: 1709K->48K(1792K), 0.0003590 secs] 23373K->21712K(25000K), 0.0004190 secs] [Times: user=0.00 sys=0.00, real=0.00 secs] 
26.583: [GC 26.583: [DefNew: 1645K->97K(1792K), 0.0004370 secs] 23309K->21761K(25000K), 0.0004980 secs] [Times: user=0.00 sys=0.00, real=0.00 secs] 
26.586: [GC 26.586: [DefNew: 1673K->99K(1792K), 0.0004320 secs] 23337K->21763K(25000K), 0.0004940 secs] [Times: user=0.00 sys=0.00, real=0.00 secs] 
26.588: [GC 26.588: [DefNew: 1651K->50K(1792K), 0.0003620 secs] 23316K->21714K(25000K), 0.0004210 secs] [Times: user=0.00 sys=0.00, real=0.00 secs] 
26.592: [GC 26.592: [DefNew: 1628K->153K(1792K), 0.0005340 secs] 23292K->21817K(25000K), 0.0006000 secs] [Times: user=0.00 sys=0.00, real=0.00 secs] 
26.595: [GC 26.595: [DefNew: 1704K->104K(1792K), 0.0004310 secs] 23369K->21768K(25000K), 0.0004910 secs] [Times: user=0.00 sys=0.00, real=0.00 secs] 
26.606: [GC 26.606: [DefNew: 1679K->158K(1792K), 0.0005420 secs] 23343K->21822K(25000K), 0.0006090 secs] [Times: user=0.00 sys=0.00, real=0.00 secs] 
26.609: [GC 26.610: [DefNew: 1757K->107K(1792K), 0.0005550 secs] 23421K->21771K(25000K), 0.0006190 secs] [Times: user=0.00 sys=0.00, real=0.00 secs] 
26.613: [GC 26.613: [DefNew: 1620K->108K(1792K), 0.0004480 secs] 23285K->21772K(25000K), 0.0005100 secs] [Times: user=0.00 sys=0.00, real=0.00 secs] 
26.616: [GC 26.616: [DefNew: 1643K->110K(1792K), 0.0004610 secs] 23307K->21774K(25000K), 0.0005230 secs] [Times: user=0.01 sys=0.00, real=0.00 secs] 
26.618: [GC 26.618: [DefNew: 1665K->111K(1792K), 0.0004480 secs] 23329K->21775K(25000K), 0.0005080 secs] [Times: user=0.00 sys=0.00, real=0.00 secs] 
26.621: [GC 26.621: [DefNew: 1687K->113K(1792K), 0.0004470 secs] 23351K->21777K(25000K), 0.0005090 secs] [Times: user=0.00 sys=0.00, real=0.00 secs] 
26.624: [GC 26.625: [DefNew: 1709K->114K(1792K), 0.0004140 secs] 23373K->21778K(25000K), 0.0004830 secs] [Times: user=0.00 sys=0.00, real=0.00 secs] 
26.628: [GC 26.628: [DefNew: 1673K->58K(1792K), 0.0004400 secs] 23337K->21722K(25000K), 0.0005020 secs] [Times: user=0.01 sys=0.00, real=0.00 secs] 
26.632: [GC 26.632: [DefNew: 1636K->176K(1792K), 0.0006040 secs] 23300K->21840K(25000K), 0.0006700 secs] [Times: user=0.00 sys=0.00, real=0.01 secs] 
26.634: [GC 26.634: [DefNew: 1714K->118K(1792K), 0.0004720 secs] 23378K->21783K(25000K), 0.0005320 secs] [Times: user=0.00 sys=0.00, real=0.00 secs] 
26.637: [GC 26.637: [DefNew: 1674K->180K(1792K), 0.0005800 secs] 23338K->21844K(25000K), 0.0006460 secs] [Times: user=0.00 sys=0.00, real=0.00 secs] 
26.649: [GC 26.649: [DefNew: 1753K->121K(1792K), 0.0004020 secs] 23418K->21785K(25000K), 0.0004590 secs] [Times: user=0.00 sys=0.00, real=0.00 secs] 
26.652: [GC 26.652: [DefNew: 1713K->184K(1792K), 0.0005860 secs] 23377K->21848K(25000K), 0.0006530 secs] [Times: user=0.00 sys=0.00, real=0.01 secs] 
26.655: [GC 26.655: [DefNew: 1731K->62K(1792K), 0.0003830 secs] 23395K->21726K(25000K), 0.0004440 secs] [Times: user=0.00 sys=0.00, real=0.00 secs] 
26.658: [GC 26.658: [DefNew: 1625K->125K(1792K), 0.0004490 secs] 23290K->21789K(25000K), 0.0005100 secs] [Times: user=0.00 sys=0.00, real=0.00 secs] 
26.662: [GC 26.662: [DefNew: 1642K->126K(1792K), 0.0004610 secs] 23306K->21791K(25000K), 0.0005200 secs] [Times: user=0.00 sys=0.00, real=0.00 secs] 
26.665: [GC 26.665: [DefNew: 1658K->128K(1792K), 0.0004580 secs] 23323K->21792K(25000K), 0.0005190 secs] [Times: user=0.00 sys=0.00, real=0.00 secs] 
26.668: [GC 26.668: [DefNew: 1675K->129K(1792K), 0.0008150 secs] 23339K->21793K(25000K), 0.0008850 secs] [Times: user=0.01 sys=0.00, real=0.00 secs] 
26.671: [GC 26.671: [DefNew: 1691K->130K(1792K), 0.0004770 secs] 23355K->21794K(25000K), 0.0005400 secs] [Times: user=0.00 sys=0.00, real=0.00 secs] 
26.682: [GC 26.682: [DefNew: 1708K->131K(1792K), 0.0004660 secs] 23372K->21796K(25000K), 0.0005290 secs] [Times: user=0.00 sys=0.00, real=0.00 secs] 
26.685: [GC 26.685: [DefNew: 1724K->133K(1792K), 0.0004790 secs] 23388K->21797K(25000K), 0.0005420 secs] [Times: user=0.00 sys=0.00, real=0.00 secs] 
26.688: [GC 26.688: [DefNew: 1673K->67K(1792K), 0.0004120 secs] 23338K->21731K(25000K), 0.0004720 secs] [Times: user=0.00 sys=0.00, real=0.00 secs] 
26.693: [GC 26.693: [DefNew: 1621K->135K(1792K), 0.0007260 secs] 23286K->21867K(25000K), 0.0007980 secs] [Times: user=0.00 sys=0.00, real=0.00 secs] 
26.696: [GC 26.696: [DefNew: 1635K->136K(1792K), 0.0005130 secs] 23367K->21868K(25000K), 0.0005760 secs] [Times: user=0.00 sys=0.00, real=0.00 secs] 
26.699: [GC 26.699: [DefNew: 1718K->69K(1792K), 0.0003830 secs] 23450K->21801K(25000K), 0.0004400 secs] [Times: user=0.00 sys=0.00, real=0.00 secs] 
26.702: [GC 26.702: [DefNew: 1664K->139K(1792K), 0.0006350 secs] 23396K->21940K(25000K), 0.0007020 secs] [Times: user=0.00 sys=0.00, real=0.00 secs] 
26.705: [GC 26.705: [DefNew: 1678K->140K(1792K), 0.0004870 secs] 23480K->21941K(25000K), 0.0005490 secs] [Times: user=0.00 sys=0.00, real=0.00 secs] 
26.709: [GC 26.710: [DefNew: 1692K->141K(1792K), 0.0007670 secs] 23494K->22013K(25000K), 0.0008390 secs] [Times: user=0.00 sys=0.00, real=0.00 secs] 
26.734: [GC 26.734: [DefNew: 1706K->142K(1792K), 0.0004860 secs] 23578K->22014K(25000K), 0.0005450 secs] [Times: user=0.00 sys=0.00, real=0.00 secs] 
26.738: [GC 26.738: [DefNew: 1720K->143K(1792K), 0.0006680 secs] 23592K->22087K(25000K), 0.0007580 secs] [Times: user=0.00 sys=0.00, real=0.00 secs] 
26.744: [GC 26.744: [DefNew: 1734K->145K(1792K), 0.0004720 secs] 23678K->22089K(25000K), 0.0005340 secs] [Times: user=0.00 sys=0.00, real=0.00 secs] 
26.747: [GC 26.747: [DefNew: 1602K->146K(1792K), 0.0004940 secs] 23546K->22090K(25000K), 0.0005560 secs] [Times: user=0.00 sys=0.00, real=0.00 secs] 
26.758: [GC 26.758: [DefNew: 1613K->147K(1792K), 0.0005070 secs] 23558K->22091K(25000K), 0.0005710 secs] [Times: user=0.00 sys=0.00, real=0.00 secs] 
26.761: [GC 26.761: [DefNew: 1625K->148K(1792K), 0.0005000 secs] 23569K->22092K(25000K), 0.0005970 secs] [Times: user=0.00 sys=0.00, real=0.00 secs] 
26.765: [GC 26.765: [DefNew: 1637K->149K(1792K), 0.0004780 secs] 23581K->22093K(25000K), 0.0005400 secs] [Times: user=0.00 sys=0.00, real=0.00 secs] 
26.768: [GC 26.768: [DefNew: 1648K->150K(1792K), 0.0005330 secs] 23592K->22094K(25000K), 0.0005980 secs] [Times: user=0.01 sys=0.00, real=0.00 secs] 
26.770: [GC 26.770: [DefNew: 1660K->151K(1792K), 0.0005170 secs] 23604K->22095K(25000K), 0.0005760 secs] [Times: user=0.00 sys=0.00, real=0.00 secs] 
26.774: [GC 26.774: [DefNew: 1671K->152K(1792K), 0.0005180 secs] 23616K->22096K(25000K), 0.0005850 secs] [Times: user=0.00 sys=0.00, real=0.00 secs] 
26.778: [GC 26.778: [DefNew: 1683K->153K(1792K), 0.0005750 secs] 23627K->22097K(25000K), 0.0006420 secs] [Times: user=0.00 sys=0.00, real=0.00 secs] 
26.780: [GC 26.780: [DefNew: 1695K->154K(1792K), 0.0005130 secs] 23639K->22098K(25000K), 0.0005770 secs] [Times: user=0.00 sys=0.00, real=0.00 secs] 
26.784: [GC 26.784: [DefNew: 1706K->155K(1792K), 0.0005430 secs] 23650K->22099K(25000K), 0.0006050 secs] [Times: user=0.00 sys=0.00, real=0.00 secs] 
26.786: [GC 26.786: [DefNew: 1718K->156K(1792K), 0.0005220 secs] 23662K->22100K(25000K), 0.0005860 secs] [Times: user=0.00 sys=0.00, real=0.00 secs] 
26.789: [GC 26.789: [DefNew: 1729K->157K(1792K), 0.0005260 secs] 23674K->22101K(25000K), 0.0005900 secs] [Times: user=0.00 sys=0.00, real=0.00 secs] 
26.801: [GC 26.801: [DefNew: 1741K->158K(1792K), 0.0004300 secs] 23685K->22102K(25000K), 0.0004900 secs] [Times: user=0.00 sys=0.00, real=0.00 secs] 
26.805: [GC 26.805: [DefNew: 1753K->159K(1792K), 0.0004370 secs] 23697K->22103K(25000K), 0.0004970 secs] [Times: user=0.00 sys=0.00, real=0.00 secs] 
26.808: [GC 26.808: [DefNew: 1684K->80K(1792K), 0.0004180 secs] 23628K->22024K(25000K), 0.0004790 secs] [Times: user=0.00 sys=0.01, real=0.00 secs] 
26.811: [GC 26.811: [DefNew: 1614K->161K(1792K), 0.0007290 secs] 23558K->22186K(25000K), 0.0008000 secs] [Times: user=0.00 sys=0.00, real=0.00 secs] 
26.815: [GC 26.815: [DefNew: 1623K->162K(1792K), 0.0005280 secs] 23648K->22187K(25000K), 0.0005920 secs] [Times: user=0.00 sys=0.00, real=0.00 secs] 
26.818: [GC 26.818: [DefNew: 1715K->81K(1792K), 0.0004080 secs] 23740K->22106K(25000K), 0.0004680 secs] [Times: user=0.00 sys=0.00, real=0.00 secs] 
26.821: [GC 26.821: [DefNew: 1644K->164K(1792K), 0.0006600 secs] 23668K->22271K(25000K), 0.0007240 secs] [Times: user=0.00 sys=0.00, real=0.00 secs] 
26.824: [GC 26.824: [DefNew: 1653K->165K(1792K), 0.0005280 secs] 23760K->22272K(25000K), 0.0005940 secs] [Times: user=0.00 sys=0.00, real=0.00 secs] 
26.827: [GC 26.827: [DefNew: 1746K->83K(1792K), 0.0004110 secs] 23853K->22190K(25000K), 0.0004710 secs] [Times: user=0.00 sys=0.00, real=0.00 secs] 
26.830: [GC 26.830: [DefNew: 1673K->167K(1792K), 0.0008380 secs] 23780K->22358K(25000K), 0.0009090 secs] [Times: user=0.00 sys=0.00, real=0.00 secs] 
26.834: [GC 26.834: [DefNew: 1683K->168K(1792K), 0.0005360 secs] 23874K->22359K(25000K), 0.0005990 secs] [Times: user=0.00 sys=0.00, real=0.00 secs] 
26.845: [GC 26.845: [DefNew: 1692K->169K(1792K), 0.0007420 secs] 23883K->22445K(25000K), 0.0008140 secs] [Times: user=0.00 sys=0.00, real=0.00 secs] 
26.848: [GC 26.849: [DefNew: 1701K->170K(1792K), 0.0005470 secs] 23977K->22446K(25000K), 0.0006110 secs] [Times: user=0.00 sys=0.00, real=0.00 secs] 
26.851: [GC 26.851: [DefNew: 1711K->171K(1792K), 0.0008070 secs] 23987K->22532K(25000K), 0.0008780 secs] [Times: user=0.00 sys=0.00, real=0.01 secs] 
26.856: [GC 26.856: [DefNew: 1720K->172K(1792K), 0.0005820 secs] 24082K->22533K(25000K), 0.0006490 secs] [Times: user=0.00 sys=0.00, real=0.00 secs] 
26.859: [GC 26.859: [DefNew: 1730K->173K(1792K), 0.0007720 secs] 24091K->22621K(25000K), 0.0008420 secs] [Times: user=0.00 sys=0.00, real=0.00 secs] 
26.862: [GC 26.862: [DefNew: 1739K->174K(1792K), 0.0005640 secs] 24188K->22622K(25000K), 0.0006330 secs] [Times: user=0.00 sys=0.00, real=0.00 secs] 
26.866: [GC 26.866: [DefNew: 1749K->175K(1792K), 0.0007800 secs] 24197K->22710K(25000K), 0.0008530 secs] [Times: user=0.00 sys=0.00, real=0.00 secs] 
26.876: [GC 26.877: [DefNew: 1758K->176K(1792K), 0.0005870 secs] 24294K->22711K(25000K), 0.0006520 secs] [Times: user=0.00 sys=0.00, real=0.00 secs] 
26.881: [GC 26.881: [DefNew: 1768K->177K(1792K), 0.0007250 secs] 24304K->22801K(25000K), 0.0007940 secs] [Times: user=0.00 sys=0.00, real=0.00 secs] 
26.885: [GC 26.885: [DefNew: 1688K->89K(1792K), 0.0003440 secs] 24313K->22713K(25000K), 0.0003970 secs] [Times: user=0.00 sys=0.00, real=0.00 secs] 
26.887: [GC 26.888: [DefNew: 1608K->179K(1792K), 0.0005950 secs] 24232K->22803K(25000K), 0.0006600 secs] [Times: user=0.00 sys=0.00, real=0.00 secs] 
26.890: [GC 26.890: [DefNew: 1616K->179K(1792K), 0.0005780 secs] 24240K->22804K(25000K), 0.0006420 secs] [Times: user=0.00 sys=0.00, real=0.00 secs] 
26.893: [GC 26.893: [DefNew: 1623K->180K(1792K), 0.0007240 secs] 24247K->22804K(25000K), 0.0007960 secs] [Times: user=0.00 sys=0.00, real=0.00 secs] 
26.898: [GC 26.898: [DefNew: 1631K->181K(1792K), 0.0006110 secs] 24255K->22805K(25000K), 0.0006770 secs] [Times: user=0.00 sys=0.00, real=0.00 secs] 
26.900: [GC 26.900: [DefNew: 1638K->182K(1792K), 0.0005750 secs] 24263K->22806K(25000K), 0.0006390 secs] [Times: user=0.00 sys=0.00, real=0.00 secs] 
26.903: [GC 26.903: [DefNew: 1646K->183K(1792K), 0.0005830 secs] 24270K->22807K(25000K), 0.0006470 secs] [Times: user=0.00 sys=0.00, real=0.00 secs] 
26.906: [GC 26.907: [DefNew: 1654K->184K(1792K), 0.0005780 secs] 24278K->22808K(25000K), 0.0006460 secs] [Times: user=0.00 sys=0.00, real=0.00 secs] 
26.918: [GC 26.918: [DefNew: 1661K->184K(1792K), 0.0005870 secs] 24285K->22809K(25000K), 0.0006540 secs] [Times: user=0.00 sys=0.00, real=0.00 secs] 
26.921: [GC 26.921: [DefNew: 1669K->185K(1792K), 0.0005790 secs] 24293K->22809K(25000K), 0.0006440 secs] [Times: user=0.00 sys=0.00, real=0.00 secs] 
26.924: [GC 26.924: [DefNew: 1676K->186K(1792K), 0.0006210 secs] 24301K->22810K(25000K), 0.0006930 secs] [Times: user=0.00 sys=0.00, real=0.00 secs] 
26.927: [GC 26.927: [DefNew: 1684K->187K(1792K), 0.0005800 secs] 24308K->22811K(25000K), 0.0006460 secs] [Times: user=0.00 sys=0.00, real=0.00 secs] 
26.930: [GC 26.930: [DefNew: 1691K->188K(1792K), 0.0005920 secs] 24316K->22812K(25000K), 0.0006580 secs] [Times: user=0.00 sys=0.00, real=0.00 secs] 
26.933: [GC 26.933: [DefNew: 1699K->189K(1792K), 0.0007780 secs] 24323K->22813K(25000K), 0.0008500 secs] [Times: user=0.00 sys=0.00, real=0.00 secs] 
26.937: [GC 26.937: [DefNew: 1707K->189K(1792K), 0.0005760 secs] 24331K->22814K(25000K), 0.0006400 secs] [Times: user=0.00 sys=0.00, real=0.00 secs] 
26.940: [GC 26.940: [DefNew: 1714K->190K(1792K), 0.0005930 secs] 24338K->22815K(25000K), 0.0006590 secs] [Times: user=0.00 sys=0.00, real=0.00 secs] 
26.943: [GC 26.943: [DefNew: 1722K->191K(1792K), 0.0005820 secs] 24346K->22815K(25000K), 0.0006480 secs] [Times: user=0.00 sys=0.00, real=0.00 secs] 
26.947: [GC 26.947: [DefNew: 1729K->96K(1792K), 0.0007380 secs] 24354K->22816K(25000K), 0.0008090 secs] [Times: user=0.00 sys=0.01, real=0.00 secs] 
26.950: [GC 26.951: [DefNew: 1641K->96K(1792K), 0.0006500 secs] 24361K->22913K(25000K), 0.0007200 secs] [Times: user=0.00 sys=0.00, real=0.00 secs] 
26.962: [GC 26.962: [DefNew: 1648K->97K(1792K), 0.0005850 secs] 24465K->23011K(25000K), 0.0006500 secs] [Times: user=0.00 sys=0.00, real=0.00 secs] 
26.967: [GC 26.967: [DefNew: 1655K->97K(1792K), 0.0006460 secs] 24569K->23109K(25000K), 0.0007130 secs] [Times: user=0.00 sys=0.00, real=0.01 secs] 
26.970: [GC 26.970: [DefNew: 1662K->97K(1792K), 0.0006740 secs] 24674K->23207K(25000K), 0.0007410 secs] [Times: user=0.00 sys=0.00, real=0.00 secs] 
26.974: [GC 26.974: [DefNew: 1670K->98K(1792K), 0.0006410 secs]26.974: [Tenured: 23207K->14126K(23208K), 0.0929400 secs] 24779K->14126K(25000K), [Perm : 24K->24K(12288K)], 0.0937330 secs] [Times: user=0.07 sys=0.01, real=0.09 secs] 
27.070: [GC 27.070: [DefNew: 1578K->98K(1792K), 0.0010250 secs] 15705K->14520K(25340K), 0.0010960 secs] [Times: user=0.00 sys=0.00, real=0.00 secs] 
27.073: [GC 27.073: [DefNew: 1684K->99K(1792K), 0.0005710 secs] 16106K->14620K(25340K), 0.0006740 secs] [Times: user=0.00 sys=0.00, real=0.00 secs] 
27.085: [GC 27.085: [DefNew: 1691K->99K(1792K), 0.0005090 secs] 16212K->14720K(25340K), 0.0005750 secs] [Times: user=0.00 sys=0.00, real=0.00 secs] 
27.089: [GC 27.089: [DefNew: 1698K->100K(1792K), 0.0005850 secs] 16319K->14820K(25340K), 0.0006500 secs] [Times: user=0.00 sys=0.00, real=0.00 secs] 
27.091: [GC 27.091: [DefNew: 1605K->100K(1792K), 0.0004100 secs] 16326K->14821K(25340K), 0.0004700 secs] [Times: user=0.00 sys=0.00, real=0.00 secs] 
27.095: [GC 27.096: [DefNew: 1611K->100K(1792K), 0.0008990 secs] 16332K->15023K(25340K), 0.0009710 secs] [Times: user=0.01 sys=0.00, real=0.00 secs] 
27.099: [GC 27.099: [DefNew: 1516K->101K(1792K), 0.0005720 secs] 16439K->15124K(25340K), 0.0006390 secs] [Times: user=0.00 sys=0.00, real=0.00 secs] 
27.102: [GC 27.102: [DefNew: 1623K->101K(1792K), 0.0004440 secs] 16647K->15125K(25340K), 0.0005060 secs] [Times: user=0.00 sys=0.00, real=0.00 secs] 
27.105: [GC 27.105: [DefNew: 1630K->101K(1792K), 0.0008030 secs] 16653K->15329K(25340K), 0.0008750 secs] [Times: user=0.00 sys=0.00, real=0.00 secs] 
27.108: [GC 27.108: [DefNew: 1534K->102K(1792K), 0.0005910 secs] 16761K->15432K(25340K), 0.0006570 secs] [Times: user=0.00 sys=0.00, real=0.01 secs] 
27.111: [GC 27.111: [DefNew: 1642K->102K(1792K), 0.0004280 secs] 16972K->15432K(25340K), 0.0004880 secs] [Times: user=0.00 sys=0.00, real=0.00 secs] 
27.113: [GC 27.114: [DefNew: 1648K->103K(1792K), 0.0080900 secs] 16978K->15639K(25340K), 0.0081640 secs] [Times: user=0.00 sys=0.00, real=0.01 secs] 
27.124: [GC 27.124: [DefNew: 1551K->103K(1792K), 0.0006850 secs] 17087K->15742K(25340K), 0.0007540 secs] [Times: user=0.00 sys=0.00, real=0.00 secs] 
27.127: [GC 27.127: [DefNew: 1661K->104K(1792K), 0.0004330 secs] 17300K->15743K(25340K), 0.0004960 secs] [Times: user=0.00 sys=0.00, real=0.00 secs] 
27.130: [GC 27.130: [DefNew: 1667K->104K(1792K), 0.0009590 secs] 17306K->15952K(25340K), 0.0010310 secs] [Times: user=0.00 sys=0.00, real=0.00 secs] 
27.133: [GC 27.133: [DefNew: 1569K->104K(1792K), 0.0006100 secs] 17417K->16057K(25340K), 0.0006750 secs] [Times: user=0.00 sys=0.00, real=0.00 secs] 
27.140: [GC 27.140: [DefNew: 1679K->105K(1792K), 0.0004700 secs] 17632K->16057K(25340K), 0.0005320 secs] [Times: user=0.00 sys=0.00, real=0.01 secs] 
27.142: [GC 27.143: [DefNew: 1686K->105K(1792K), 0.0008630 secs] 17638K->16268K(25340K), 0.0009340 secs] [Times: user=0.00 sys=0.00, real=0.00 secs] 
27.146: [GC 27.146: [DefNew: 1703K->114K(1792K), 0.0005400 secs] 17866K->16277K(25340K), 0.0005990 secs] [Times: user=0.00 sys=0.00, real=0.00 secs] 
27.157: [GC 27.158: [DefNew: 1711K->12K(1792K), 0.0004350 secs] 17874K->16281K(25340K), 0.0004920 secs] [Times: user=0.00 sys=0.00, real=0.00 secs] 
27.161: [GC 27.161: [DefNew: 1603K->15K(1792K), 0.0003020 secs] 17872K->16284K(25340K), 0.0003630 secs] [Times: user=0.00 sys=0.00, real=0.00 secs] 
27.163: [GC 27.163: [DefNew: 1586K->36K(1792K), 0.0003270 secs] 17855K->16305K(25340K), 0.0003860 secs] [Times: user=0.00 sys=0.00, real=0.00 secs] 
27.166: [GC 27.166: [DefNew: 1631K->20K(1792K), 0.0003080 secs] 17900K->16289K(25340K), 0.0003680 secs] [Times: user=0.00 sys=0.00, real=0.00 secs] 
27.181: [GC 27.182: [DefNew: 1618K->66K(1792K), 0.0003320 secs] 17887K->16335K(25340K), 0.0003910 secs] [Times: user=0.00 sys=0.00, real=0.00 secs] 
27.184: [GC 27.184: [DefNew: 1644K->71K(1792K), 0.0005540 secs] 17913K->16340K(25340K), 0.0006160 secs] [Times: user=0.00 sys=0.00, real=0.00 secs] 
27.186: [GC 27.187: [DefNew: 1668K->77K(1792K), 0.0003810 secs] 17937K->16346K(25340K), 0.0004400 secs] [Times: user=0.00 sys=0.00, real=0.00 secs] 
27.190: [GC 27.190: [DefNew: 1671K->81K(1792K), 0.0003870 secs] 17940K->16350K(25340K), 0.0004480 secs] [Times: user=0.00 sys=0.00, real=0.00 secs] 
27.192: [GC 27.192: [DefNew: 1654K->86K(1792K), 0.0004850 secs] 17923K->16355K(25340K), 0.0005430 secs] [Times: user=0.00 sys=0.00, real=0.00 secs] 
27.195: [GC 27.195: [DefNew: 1680K->60K(1792K), 0.0003550 secs] 17949K->16329K(25340K), 0.0004130 secs] [Times: user=0.00 sys=0.00, real=0.00 secs] 
27.206: [GC 27.206: [DefNew: 1637K->31K(1792K), 0.0003220 secs] 17906K->16300K(25340K), 0.0003830 secs] [Times: user=0.00 sys=0.00, real=0.00 secs] 
27.209: [GC 27.209: [DefNew: 1611K->65K(1792K), 0.0004700 secs] 17880K->16334K(25340K), 0.0005320 secs] [Times: user=0.00 sys=0.00, real=0.00 secs] 
27.211: [GC 27.211: [DefNew: 1640K->34K(1792K), 0.0003240 secs] 17909K->16303K(25340K), 0.0003830 secs] [Times: user=0.00 sys=0.00, real=0.00 secs] 
27.215: [GC 27.215: [DefNew: 1596K->70K(1792K), 0.0003810 secs] 17865K->16339K(25340K), 0.0004420 secs] [Times: user=0.00 sys=0.00, real=0.00 secs] 
27.218: [GC 27.218: [DefNew: 1649K->72K(1792K), 0.0003780 secs] 17918K->16341K(25340K), 0.0004380 secs] [Times: user=0.00 sys=0.00, real=0.00 secs] 
27.221: [GC 27.222: [DefNew: 1665K->37K(1792K), 0.0003350 secs] 17934K->16306K(25340K), 0.0003960 secs] [Times: user=0.00 sys=0.00, real=0.00 secs] 
27.224: [GC 27.224: [DefNew: 1601K->77K(1792K), 0.0003800 secs] 17870K->16346K(25340K), 0.0004390 secs] [Times: user=0.00 sys=0.00, real=0.00 secs] 
27.235: [GC 27.235: [DefNew: 1646K->79K(1792K), 0.0003910 secs] 17915K->16348K(25340K), 0.0004500 secs] [Times: user=0.00 sys=0.00, real=0.00 secs] 
27.238: [GC 27.238: [DefNew: 1649K->40K(1792K), 0.0003290 secs] 17918K->16309K(25340K), 0.0003900 secs] [Times: user=0.00 sys=0.00, real=0.00 secs] 
27.242: [GC 27.242: [DefNew: 1567K->83K(1792K), 0.0003920 secs] 17836K->16352K(25340K), 0.0004540 secs] [Times: user=0.00 sys=0.00, real=0.00 secs] 
27.245: [GC 27.245: [DefNew: 1603K->85K(1792K), 0.0003940 secs] 17872K->16354K(25340K), 0.0004550 secs] [Times: user=0.00 sys=0.00, real=0.00 secs] 
27.248: [GC 27.248: [DefNew: 1639K->87K(1792K), 0.0004040 secs] 17908K->16356K(25340K), 0.0004640 secs] [Times: user=0.00 sys=0.00, real=0.01 secs] 
27.251: [GC 27.251: [DefNew: 1675K->89K(1792K), 0.0003980 secs] 17944K->16358K(25340K), 0.0004570 secs] [Times: user=0.00 sys=0.00, real=0.00 secs] 
27.254: [GC 27.255: [DefNew: 1666K->45K(1792K), 0.0003360 secs] 17935K->16314K(25340K), 0.0003980 secs] [Times: user=0.00 sys=0.00, real=0.00 secs] 
27.257: [GC 27.257: [DefNew: 1562K->92K(1792K), 0.0004020 secs] 17831K->16361K(25340K), 0.0004630 secs] [Times: user=0.00 sys=0.00, real=0.00 secs] 
27.260: [GC 27.260: [DefNew: 1685K->141K(1792K), 0.0005120 secs] 17954K->16410K(25340K), 0.0005760 secs] [Times: user=0.01 sys=0.00, real=0.01 secs] 
27.263: [GC 27.263: [DefNew: 1716K->48K(1792K), 0.0003410 secs] 17985K->16317K(25340K), 0.0004030 secs] [Times: user=0.00 sys=0.00, real=0.00 secs] 
27.273: [GC 27.285: [DefNew: 1603K->49K(1792K), 0.0003360 secs] 17872K->16318K(25340K), 0.0004070 secs] [Times: user=0.00 sys=0.00, real=0.01 secs] 
27.288: [GC 27.288: [DefNew: 1631K->49K(1792K), 0.0005120 secs] 17900K->16318K(25340K), 0.0005750 secs] [Times: user=0.00 sys=0.00, real=0.01 secs] 
27.291: [GC 27.291: [DefNew: 1608K->151K(1792K), 0.0005080 secs] 17877K->16420K(25340K), 0.0005720 secs] [Times: user=0.00 sys=0.00, real=0.00 secs] 
27.294: [GC 27.294: [DefNew: 1684K->102K(1792K), 0.0004100 secs] 17953K->16371K(25340K), 0.0004700 secs] [Times: user=0.00 sys=0.00, real=0.00 secs] 
27.296: [GC 27.296: [DefNew: 1658K->156K(1792K), 0.0006060 secs] 17927K->16425K(25340K), 0.0006730 secs] [Times: user=0.00 sys=0.00, real=0.00 secs] 
27.299: [GC 27.299: [DefNew: 1736K->106K(1792K), 0.0004650 secs] 18005K->16374K(25340K), 0.0005250 secs] [Times: user=0.00 sys=0.00, real=0.00 secs] 
27.303: [GC 27.303: [DefNew: 1602K->107K(1792K), 0.0004200 secs] 17870K->16376K(25340K), 0.0004830 secs] [Times: user=0.00 sys=0.00, real=0.00 secs] 
27.306: [GC 27.306: [DefNew: 1624K->108K(1792K), 0.0004230 secs] 17893K->16377K(25340K), 0.0004820 secs] [Times: user=0.00 sys=0.00, real=0.00 secs] 
27.308: [GC 27.308: [DefNew: 1646K->110K(1792K), 0.0004200 secs] 17915K->16379K(25340K), 0.0005620 secs] [Times: user=0.00 sys=0.00, real=0.00 secs] 
27.311: [GC 27.311: [DefNew: 1668K->111K(1792K), 0.0004110 secs] 17937K->16380K(25340K), 0.0004720 secs] [Times: user=0.00 sys=0.00, real=0.00 secs] 
27.323: [GC 27.323: [DefNew: 1690K->113K(1792K), 0.0004220 secs] 17959K->16382K(25340K), 0.0005170 secs] [Times: user=0.00 sys=0.00, real=0.00 secs] 
27.326: [GC 27.327: [DefNew: 1712K->114K(1792K), 0.0009680 secs] 17981K->16383K(25340K), 0.0010390 secs] [Times: user=0.00 sys=0.00, real=0.00 secs] 
27.330: [GC 27.330: [DefNew: 1676K->58K(1792K), 0.0003520 secs] 17945K->16327K(25340K), 0.0004140 secs] [Times: user=0.00 sys=0.00, real=0.00 secs] 
27.333: [GC 27.333: [DefNew: 1639K->176K(1792K), 0.0005450 secs] 17908K->16445K(25340K), 0.0006130 secs] [Times: user=0.00 sys=0.00, real=0.00 secs] 
27.336: [GC 27.336: [DefNew: 1717K->119K(1792K), 0.0004370 secs] 17986K->16388K(25340K), 0.0004990 secs] [Times: user=0.00 sys=0.00, real=0.00 secs] 
27.339: [GC 27.339: [DefNew: 1677K->180K(1792K), 0.0005590 secs] 17946K->16449K(25340K), 0.0006230 secs] [Times: user=0.00 sys=0.00, real=0.00 secs] 
27.343: [GC 27.343: [DefNew: 1757K->121K(1792K), 0.0004350 secs] 18025K->16390K(25340K), 0.0004950 secs] [Times: user=0.00 sys=0.00, real=0.00 secs] 
27.346: [GC 27.346: [DefNew: 1716K->184K(1792K), 0.0005650 secs] 17984K->16453K(25340K), 0.0006320 secs] [Times: user=0.00 sys=0.00, real=0.00 secs] 
27.349: [GC 27.349: [DefNew: 1734K->62K(1792K), 0.0003570 secs] 18003K->16331K(25340K), 0.0004170 secs] [Times: user=0.00 sys=0.00, real=0.00 secs] 
27.352: [GC 27.352: [DefNew: 1628K->125K(1792K), 0.0007720 secs] 17897K->16394K(25340K), 0.0008420 secs] [Times: user=0.01 sys=0.00, real=0.00 secs] 
27.355: [GC 27.355: [DefNew: 1645K->127K(1792K), 0.0005130 secs] 17914K->16396K(25340K), 0.0005770 secs] [Times: user=0.00 sys=0.00, real=0.00 secs] 
27.357: [GC 27.357: [DefNew: 1661K->128K(1792K), 0.0004380 secs] 17930K->16397K(25340K), 0.0004990 secs] [Times: user=0.00 sys=0.00, real=0.00 secs] 
27.369: [GC 27.369: [DefNew: 1677K->129K(1792K), 0.0003920 secs] 17946K->16398K(25340K), 0.0004520 secs] [Times: user=0.00 sys=0.00, real=0.00 secs] 
27.372: [GC 27.372: [DefNew: 1694K->130K(1792K), 0.0004660 secs] 17963K->16399K(25340K), 0.0005280 secs] [Times: user=0.01 sys=0.00, real=0.00 secs] 
27.374: [GC 27.374: [DefNew: 1710K->132K(1792K), 0.0004950 secs] 17979K->16401K(25340K), 0.0005570 secs] [Times: user=0.00 sys=0.00, real=0.00 secs] 
27.379: [GC 27.379: [DefNew: 1727K->133K(1792K), 0.0004480 secs] 17996K->16402K(25340K), 0.0005120 secs] [Times: user=0.00 sys=0.00, real=0.00 secs] 
27.387: [GC 27.387: [DefNew: 1676K->67K(1792K), 0.0003670 secs] 17945K->16336K(25340K), 0.0004290 secs] [Times: user=0.00 sys=0.00, real=0.00 secs] 
27.398: [GC 27.398: [DefNew: 1624K->135K(1792K), 0.0005080 secs] 17893K->16472K(25340K), 0.0005720 secs] [Times: user=0.00 sys=0.00, real=0.00 secs] 
27.401: [GC 27.401: [DefNew: 1638K->137K(1792K), 0.0004610 secs] 17975K->16473K(25340K), 0.0005240 secs] [Times: user=0.00 sys=0.00, real=0.00 secs] 
27.405: [GC 27.405: [DefNew: 1721K->69K(1792K), 0.0003730 secs] 18058K->16406K(25340K), 0.0004340 secs] [Times: user=0.00 sys=0.00, real=0.00 secs] 
27.407: [GC 27.408: [DefNew: 1667K->139K(1792K), 0.0006470 secs] 18004K->16545K(25340K), 0.0007150 secs] [Times: user=0.01 sys=0.00, real=0.01 secs] 
27.410: [GC 27.410: [DefNew: 1681K->140K(1792K), 0.0004590 secs] 18087K->16547K(25340K), 0.0005230 secs] [Times: user=0.00 sys=0.00, real=0.00 secs] 
27.414: [GC 27.414: [DefNew: 1695K->141K(1792K), 0.0006240 secs] 18101K->16618K(25340K), 0.0006950 secs] [Times: user=0.00 sys=0.00, real=0.00 secs] 
27.417: [GC 27.417: [DefNew: 1709K->142K(1792K), 0.0004740 secs] 18186K->16620K(25340K), 0.0005380 secs] [Times: user=0.00 sys=0.00, real=0.00 secs] 
27.420: [GC 27.421: [DefNew: 1723K->143K(1792K), 0.0006420 secs] 18200K->16693K(25340K), 0.0007130 secs] [Times: user=0.00 sys=0.00, real=0.00 secs] 
27.433: [GC 27.433: [DefNew: 1736K->145K(1792K), 0.0004250 secs] 18286K->16694K(25340K), 0.0004840 secs] [Times: user=0.00 sys=0.00, real=0.00 secs] 
27.436: [GC 27.436: [DefNew: 1604K->146K(1792K), 0.0005060 secs] 18153K->16695K(25340K), 0.0005680 secs] [Times: user=0.01 sys=0.00, real=0.00 secs] 
27.439: [GC 27.439: [DefNew: 1616K->147K(1792K), 0.0004680 secs] 18165K->16696K(25340K), 0.0005290 secs] [Times: user=0.00 sys=0.00, real=0.00 secs] 
27.441: [GC 27.441: [DefNew: 1627K->148K(1792K), 0.0004840 secs] 18177K->16697K(25340K), 0.0005450 secs] [Times: user=0.00 sys=0.00, real=0.00 secs] 
27.445: [GC 27.445: [DefNew: 1639K->149K(1792K), 0.0004820 secs] 18188K->16698K(25340K), 0.0005470 secs] [Times: user=0.00 sys=0.00, real=0.00 secs] 
27.448: [GC 27.448: [DefNew: 1651K->150K(1792K), 0.0008790 secs] 18200K->16699K(25340K), 0.0009530 secs] [Times: user=0.00 sys=0.00, real=0.01 secs] 
27.451: [GC 27.451: [DefNew: 1662K->151K(1792K), 0.0004980 secs] 18211K->16700K(25340K), 0.0005610 secs] [Times: user=0.00 sys=0.00, real=0.00 secs] 
27.455: [GC 27.455: [DefNew: 1674K->152K(1792K), 0.0005510 secs] 18223K->16701K(25340K), 0.0006190 secs] [Times: user=0.00 sys=0.00, real=0.00 secs] 
27.457: [GC 27.457: [DefNew: 1685K->153K(1792K), 0.0004870 secs] 18235K->16702K(25340K), 0.0005510 secs] [Times: user=0.00 sys=0.00, real=0.00 secs] 
27.460: [GC 27.460: [DefNew: 1697K->154K(1792K), 0.0004950 secs] 18246K->16703K(25340K), 0.0005580 secs] [Times: user=0.00 sys=0.00, real=0.00 secs] 
27.463: [GC 27.463: [DefNew: 1709K->155K(1792K), 0.0006140 secs] 18258K->16705K(25340K), 0.0006800 secs] [Times: user=0.00 sys=0.00, real=0.00 secs] 
27.467: [GC 27.467: [DefNew: 1720K->156K(1792K), 0.0005000 secs] 18269K->16706K(25340K), 0.0005640 secs] [Times: user=0.00 sys=0.00, real=0.00 secs] 
27.478: [GC 27.478: [DefNew: 1732K->157K(1792K), 0.0004970 secs] 18281K->16707K(25340K), 0.0005630 secs] [Times: user=0.00 sys=0.00, real=0.00 secs] 
27.481: [GC 27.481: [DefNew: 1743K->158K(1792K), 0.0005010 secs] 18293K->16708K(25340K), 0.0005660 secs] [Times: user=0.00 sys=0.00, real=0.00 secs] 
27.486: [GC 27.486: [DefNew: 1755K->160K(1792K), 0.0004510 secs] 18304K->16709K(25340K), 0.0005100 secs] [Times: user=0.00 sys=0.00, real=0.00 secs] 
27.488: [GC 27.488: [DefNew: 1686K->80K(1792K), 0.0003830 secs] 18235K->16629K(25340K), 0.0004420 secs] [Times: user=0.00 sys=0.00, real=0.00 secs] 
27.491: [GC 27.491: [DefNew: 1616K->161K(1792K), 0.0007020 secs] 18165K->16792K(25340K), 0.0007720 secs] [Times: user=0.00 sys=0.00, real=0.00 secs] 
27.494: [GC 27.494: [DefNew: 1626K->162K(1792K), 0.0005090 secs] 18256K->16793K(25340K), 0.0005740 secs] [Times: user=0.00 sys=0.00, real=0.00 secs] 
27.497: [GC 27.498: [DefNew: 1717K->82K(1792K), 0.0003990 secs] 18347K->16712K(25340K), 0.0004600 secs] [Times: user=0.00 sys=0.00, real=0.00 secs] 
27.500: [GC 27.501: [DefNew: 1646K->164K(1792K), 0.0006730 secs] 18276K->16877K(25340K), 0.0007430 secs] [Times: user=0.00 sys=0.00, real=0.00 secs] 
27.503: [GC 27.503: [DefNew: 1655K->165K(1792K), 0.0005580 secs] 18368K->16878K(25340K), 0.0006230 secs] [Times: user=0.00 sys=0.00, real=0.00 secs] 
27.507: [GC 27.507: [DefNew: 1748K->83K(1792K), 0.0003970 secs] 18461K->16796K(25340K), 0.0004580 secs] [Times: user=0.00 sys=0.00, real=0.00 secs] 
27.510: [GC 27.510: [DefNew: 1675K->167K(1792K), 0.0007200 secs] 18388K->16964K(25340K), 0.0007890 secs] [Times: user=0.00 sys=0.00, real=0.00 secs] 
27.513: [GC 27.513: [DefNew: 1685K->168K(1792K), 0.0006060 secs] 18481K->16965K(25340K), 0.0006720 secs] [Times: user=0.00 sys=0.00, real=0.00 secs] 
27.525: [GC 27.526: [DefNew: 1694K->169K(1792K), 0.0007300 secs] 18491K->17051K(25340K), 0.0008020 secs] [Times: user=0.00 sys=0.00, real=0.00 secs] 
27.529: [GC 27.529: [DefNew: 1704K->170K(1792K), 0.0005140 secs] 18585K->17052K(25340K), 0.0005770 secs] [Times: user=0.00 sys=0.00, real=0.00 secs] 
27.532: [GC 27.532: [DefNew: 1713K->171K(1792K), 0.0007670 secs] 18594K->17138K(25340K), 0.0008380 secs] [Times: user=0.00 sys=0.00, real=0.00 secs] 
27.537: [GC 27.537: [DefNew: 1723K->172K(1792K), 0.0005290 secs] 18690K->17139K(25340K), 0.0005950 secs] [Times: user=0.00 sys=0.00, real=0.00 secs] 
27.540: [GC 27.540: [DefNew: 1732K->173K(1792K), 0.0008300 secs] 18699K->17227K(25340K), 0.0009010 secs] [Times: user=0.00 sys=0.00, real=0.00 secs] 
27.543: [GC 27.544: [DefNew: 1742K->174K(1792K), 0.0005700 secs] 18795K->17228K(25340K), 0.0006360 secs] [Times: user=0.00 sys=0.00, real=0.00 secs] 
27.547: [GC 27.547: [DefNew: 1751K->175K(1792K), 0.0007560 secs] 18805K->17316K(25340K), 0.0008250 secs] [Times: user=0.00 sys=0.00, real=0.00 secs] 
27.553: [GC 27.553: [DefNew: 1761K->176K(1792K), 0.0005380 secs] 18902K->17318K(25340K), 0.0006040 secs] [Times: user=0.00 sys=0.00, real=0.00 secs] 
27.557: [GC 27.557: [DefNew: 1770K->177K(1792K), 0.0007520 secs] 18912K->17407K(25340K), 0.0008240 secs] [Times: user=0.00 sys=0.00, real=0.00 secs] 
27.569: [GC 27.569: [DefNew: 1690K->89K(1792K), 0.0003230 secs] 18921K->17319K(25340K), 0.0003780 secs] [Times: user=0.00 sys=0.00, real=0.00 secs] 
27.571: [GC 27.571: [DefNew: 1610K->179K(1792K), 0.0005450 secs] 18840K->17409K(25340K), 0.0006100 secs] [Times: user=0.00 sys=0.00, real=0.00 secs] 
27.574: [GC 27.574: [DefNew: 1617K->180K(1792K), 0.0005460 secs] 18848K->17410K(25340K), 0.0006120 secs] [Times: user=0.00 sys=0.00, real=0.00 secs] 
27.579: [GC 27.579: [DefNew: 1625K->180K(1792K), 0.0006160 secs] 18855K->17411K(25340K), 0.0006840 secs] [Times: user=0.00 sys=0.00, real=0.00 secs] 
27.581: [GC 27.581: [DefNew: 1633K->181K(1792K), 0.0005520 secs] 18863K->17411K(25340K), 0.0006180 secs] [Times: user=0.00 sys=0.00, real=0.00 secs] 
27.585: [GC 27.585: [DefNew: 1640K->182K(1792K), 0.0005250 secs] 18870K->17412K(25340K), 0.0005890 secs] [Times: user=0.00 sys=0.00, real=0.00 secs] 
27.588: [GC 27.588: [DefNew: 1648K->183K(1792K), 0.0005680 secs] 18878K->17413K(25340K), 0.0006340 secs] [Times: user=0.00 sys=0.00, real=0.00 secs] 
27.591: [GC 27.591: [DefNew: 1655K->184K(1792K), 0.0006450 secs] 18886K->17414K(25340K), 0.0007140 secs] [Times: user=0.00 sys=0.00, real=0.00 secs] 
27.602: [GC 27.603: [DefNew: 1663K->185K(1792K), 0.0005620 secs] 18893K->17415K(25340K), 0.0006290 secs] [Times: user=0.00 sys=0.00, real=0.00 secs] 
27.606: [GC 27.606: [DefNew: 1671K->185K(1792K), 0.0005100 secs] 18901K->17416K(25340K), 0.0005750 secs] [Times: user=0.00 sys=0.00, real=0.00 secs] 
27.609: [GC 27.609: [DefNew: 1678K->186K(1792K), 0.0005540 secs] 18908K->17417K(25340K), 0.0006190 secs] [Times: user=0.00 sys=0.00, real=0.00 secs] 
27.612: [GC 27.612: [DefNew: 1686K->187K(1792K), 0.0005610 secs] 18916K->17417K(25340K), 0.0006250 secs] [Times: user=0.00 sys=0.00, real=0.00 secs] 
27.615: [GC 27.615: [DefNew: 1693K->188K(1792K), 0.0014380 secs] 18924K->17418K(25340K), 0.0015100 secs] [Times: user=0.00 sys=0.00, real=0.00 secs] 
27.619: [GC 27.619: [DefNew: 1701K->189K(1792K), 0.0005760 secs] 18931K->17419K(25340K), 0.0006420 secs] [Times: user=0.00 sys=0.00, real=0.00 secs] 
27.622: [GC 27.622: [DefNew: 1709K->190K(1792K), 0.0005650 secs] 18939K->17420K(25340K), 0.0011630 secs] [Times: user=0.00 sys=0.00, real=0.00 secs] 
27.625: [GC 27.625: [DefNew: 1716K->191K(1792K), 0.0006060 secs] 18946K->17421K(25340K), 0.0007650 secs] [Times: user=0.00 sys=0.00, real=0.00 secs] 
27.628: [GC 27.628: [DefNew: 1724K->191K(1792K), 0.0005670 secs] 18954K->17422K(25340K), 0.0007060 secs] [Times: user=0.00 sys=0.00, real=0.00 secs] 
27.631: [GC 27.631: [DefNew: 1731K->96K(1792K), 0.0005680 secs] 18962K->17422K(25340K), 0.0006350 secs] [Times: user=0.00 sys=0.00, real=0.00 secs] 
27.634: [GC 27.634: [DefNew: 1643K->96K(1792K), 0.0005650 secs] 18969K->17520K(25340K), 0.0006320 secs] [Times: user=0.00 sys=0.00, real=0.00 secs] 
27.646: [GC 27.647: [DefNew: 1650K->97K(1792K), 0.0005810 secs] 19073K->17617K(25340K), 0.0006490 secs] [Times: user=0.00 sys=0.00, real=0.00 secs] 
27.650: [GC 27.650: [DefNew: 1657K->97K(1792K), 0.0005800 secs] 19177K->17715K(25340K), 0.0006470 secs] [Times: user=0.00 sys=0.00, real=0.00 secs] 
27.653: [GC 27.653: [DefNew: 1664K->98K(1792K), 0.0005520 secs] 19282K->17814K(25340K), 0.0006160 secs] [Times: user=0.00 sys=0.00, real=0.00 secs] 
27.656: [GC 27.656: [DefNew: 1671K->98K(1792K), 0.0005800 secs] 19387K->17913K(25340K), 0.0006460 secs] [Times: user=0.00 sys=0.00, real=0.00 secs] 
27.659: [GC 27.659: [DefNew: 1678K->98K(1792K), 0.0005860 secs] 19493K->18012K(25340K), 0.0006530 secs] [Times: user=0.00 sys=0.00, real=0.00 secs] 
27.662: [GC 27.663: [DefNew: 1686K->99K(1792K), 0.0007020 secs] 19599K->18112K(25340K), 0.0008090 secs] [Times: user=0.00 sys=0.00, real=0.00 secs] 
27.666: [GC 27.666: [DefNew: 1693K->99K(1792K), 0.0007110 secs] 19706K->18212K(25340K), 0.0007780 secs] [Times: user=0.00 sys=0.00, real=0.00 secs] 
27.678: [GC 27.678: [DefNew: 1600K->100K(1792K), 0.0003760 secs] 19712K->18212K(25340K), 0.0004350 secs] [Times: user=0.00 sys=0.00, real=0.00 secs] 
27.681: [GC 27.681: [DefNew: 1606K->100K(1792K), 0.0008690 secs] 19719K->18413K(25340K), 0.0009410 secs] [Times: user=0.00 sys=0.00, real=0.00 secs] 
27.684: [GC 27.684: [DefNew: 1512K->100K(1792K), 0.0006270 secs] 19825K->18515K(25340K), 0.0006960 secs] [Times: user=0.00 sys=0.00, real=0.00 secs] 
27.686: [GC 27.686: [DefNew: 1618K->101K(1792K), 0.0004690 secs] 20033K->18515K(25340K), 0.0005280 secs] [Times: user=0.00 sys=0.00, real=0.00 secs] 
27.689: [GC 27.690: [DefNew: 1625K->101K(1792K), 0.0008800 secs] 20039K->18719K(25340K), 0.0009520 secs] [Times: user=0.00 sys=0.00, real=0.00 secs] 
27.693: [GC 27.693: [DefNew: 1529K->102K(1792K), 0.0005840 secs] 20146K->18821K(25340K), 0.0006510 secs] [Times: user=0.00 sys=0.00, real=0.00 secs] 
27.696: [GC 27.696: [DefNew: 1637K->102K(1792K), 0.0004540 secs] 20356K->18821K(25340K), 0.0005150 secs] [Times: user=0.00 sys=0.00, real=0.00 secs] 
27.699: [GC 27.699: [DefNew: 1643K->102K(1792K), 0.0009930 secs] 20363K->19027K(25340K), 0.0010640 secs] [Times: user=0.00 sys=0.00, real=0.01 secs] 
27.702: [GC 27.702: [DefNew: 1546K->103K(1792K), 0.0006070 secs] 20471K->19131K(25340K), 0.0006740 secs] [Times: user=0.00 sys=0.00, real=0.00 secs] 
27.705: [GC 27.705: [DefNew: 1656K->103K(1792K), 0.0004490 secs] 20684K->19131K(25340K), 0.0005100 secs] [Times: user=0.00 sys=0.00, real=0.00 secs] 
27.729: [GC 27.729: [DefNew: 1662K->103K(1792K), 0.0009540 secs] 20690K->19339K(25340K), 0.0010270 secs] [Times: user=0.00 sys=0.00, real=0.00 secs] 
27.732: [GC 27.733: [DefNew: 1564K->104K(1792K), 0.0006210 secs] 20800K->19444K(25340K), 0.0006870 secs] [Times: user=0.00 sys=0.00, real=0.00 secs] 
27.735: [GC 27.735: [DefNew: 1674K->104K(1792K), 0.0004370 secs] 21014K->19445K(25340K), 0.0004960 secs] [Times: user=0.00 sys=0.00, real=0.00 secs] 
27.739: [GC 27.739: [DefNew: 1680K->105K(1792K), 0.0009030 secs] 21021K->19655K(25340K), 0.0009750 secs] [Times: user=0.01 sys=0.00, real=0.01 secs] 
************************
* Memory Stats
## wait for garbage collection, iter=0
************************
 Free Memory = 4416752
 Max Memory = 66650112
 Total Memory = 25948160
 Free Memory(mb) = 4.2121429443359375
 Max Memory(mb) = 63.5625
 Total Memory(mb) = 24.74609375

* Time Diff in ms, t=652
************************
* Memory Stats
## wait for garbage collection, iter=1
************************
 Free Memory = 4412640
 Max Memory = 66650112
 Total Memory = 25948160
 Free Memory(mb) = 4.208221435546875
 Max Memory(mb) = 63.5625
 Total Memory(mb) = 24.74609375

* Time Diff in ms, t=652
************************
* Memory Stats
## wait for garbage collection, iter=2
************************
 Free Memory = 4408544
 Max Memory = 66650112
 Total Memory = 25948160
 Free Memory(mb) = 4.204315185546875
 Max Memory(mb) = 63.5625
 Total Memory(mb) = 24.74609375

* Time Diff in ms, t=652
************************
* Memory Stats
## wait for garbage collection, iter=3
************************
 Free Memory = 4404216
 Max Memory = 66650112
 Total Memory = 25948160
 Free Memory(mb) = 4.200187683105469
 Max Memory(mb) = 63.5625
 Total Memory(mb) = 24.74609375

* Time Diff in ms, t=652
************************
* Memory Stats
## wait for garbage collection, iter=4
************************
 Free Memory = 4401976
 Max Memory = 66650112
 Total Memory = 25948160
 Free Memory(mb) = 4.198051452636719
 Max Memory(mb) = 63.5625
 Total Memory(mb) = 24.74609375

* Time Diff in ms, t=652
************************
* Memory Stats
## wait for garbage collection, iter=5
************************
 Free Memory = 4397864
 Max Memory = 66650112
 Total Memory = 25948160
 Free Memory(mb) = 4.194129943847656
 Max Memory(mb) = 63.5625
 Total Memory(mb) = 24.74609375

* Time Diff in ms, t=652
************************
* Memory Stats
## wait for garbage collection, iter=6
************************
 Free Memory = 4393640
 Max Memory = 66650112
 Total Memory = 25948160
 Free Memory(mb) = 4.190101623535156
 Max Memory(mb) = 63.5625
 Total Memory(mb) = 24.74609375

* Time Diff in ms, t=652
************************
* Memory Stats
## wait for garbage collection, iter=7
************************
 Free Memory = 4389480
 Max Memory = 66650112
 Total Memory = 25948160
 Free Memory(mb) = 4.186134338378906
 Max Memory(mb) = 63.5625
 Total Memory(mb) = 24.74609375

* Time Diff in ms, t=652
************************
* Memory Stats
## wait for garbage collection, iter=8
************************
 Free Memory = 4385040
 Max Memory = 66650112
 Total Memory = 25948160
 Free Memory(mb) = 4.1819000244140625
 Max Memory(mb) = 63.5625
 Total Memory(mb) = 24.74609375

* Time Diff in ms, t=652
************************
* Memory Stats
## wait for garbage collection, iter=9
************************
 Free Memory = 4382800
 Max Memory = 66650112
 Total Memory = 25948160
 Free Memory(mb) = 4.1797637939453125
 Max Memory(mb) = 63.5625
 Total Memory(mb) = 24.74609375

* Time Diff in ms, t=652
************************
* Memory Stats
## wait for garbage collection, iter=10
************************
 Free Memory = 4378688
 Max Memory = 66650112
 Total Memory = 25948160
 Free Memory(mb) = 4.17584228515625
 Max Memory(mb) = 63.5625
 Total Memory(mb) = 24.74609375

* Time Diff in ms, t=652
************************
* Memory Stats
## wait for garbage collection, iter=11
************************
 Free Memory = 4374432
 Max Memory = 66650112
 Total Memory = 25948160
 Free Memory(mb) = 4.171783447265625
 Max Memory(mb) = 63.5625
 Total Memory(mb) = 24.74609375

* Time Diff in ms, t=652
************************
* Memory Stats
## wait for garbage collection, iter=12
************************
 Free Memory = 4370256
 Max Memory = 66650112
 Total Memory = 25948160
 Free Memory(mb) = 4.1678009033203125
 Max Memory(mb) = 63.5625
 Total Memory(mb) = 24.74609375

* Time Diff in ms, t=652
************************
* Memory Stats
## wait for garbage collection, iter=13
************************
 Free Memory = 4365800
 Max Memory = 66650112
 Total Memory = 25948160
 Free Memory(mb) = 4.163551330566406
 Max Memory(mb) = 63.5625
 Total Memory(mb) = 24.74609375

* Time Diff in ms, t=652
************************
* Memory Stats
## wait for garbage collection, iter=14
************************
 Free Memory = 4363512
 Max Memory = 66650112
 Total Memory = 25948160
 Free Memory(mb) = 4.161369323730469
 Max Memory(mb) = 63.5625
 Total Memory(mb) = 24.74609375

* Time Diff in ms, t=652
************************
* Memory Stats
## wait for garbage collection, iter=15
************************
 Free Memory = 4359416
 Max Memory = 66650112
 Total Memory = 25948160
 Free Memory(mb) = 4.157463073730469
 Max Memory(mb) = 63.5625
 Total Memory(mb) = 24.74609375

* Time Diff in ms, t=652
************************
* Memory Stats
## wait for garbage collection, iter=16
************************
 Free Memory = 4355160
 Max Memory = 66650112
 Total Memory = 25948160
 Free Memory(mb) = 4.153404235839844
 Max Memory(mb) = 63.5625
 Total Memory(mb) = 24.74609375

* Time Diff in ms, t=652
************************
* Memory Stats
## wait for garbage collection, iter=17
************************
 Free Memory = 4350984
 Max Memory = 66650112
 Total Memory = 25948160
 Free Memory(mb) = 4.149421691894531
 Max Memory(mb) = 63.5625
 Total Memory(mb) = 24.74609375

* Time Diff in ms, t=652
************************
* Memory Stats
## wait for garbage collection, iter=18
************************
 Free Memory = 4346528
 Max Memory = 66650112
 Total Memory = 25948160
 Free Memory(mb) = 4.145172119140625
 Max Memory(mb) = 63.5625
 Total Memory(mb) = 24.74609375

* Time Diff in ms, t=652
************************
* Memory Stats
## wait for garbage collection, iter=19
************************
 Free Memory = 4342432
 Max Memory = 66650112
 Total Memory = 25948160
 Free Memory(mb) = 4.141265869140625
 Max Memory(mb) = 63.5625
 Total Memory(mb) = 24.74609375

* Time Diff in ms, t=652
size of objs=100000
************************
* Memory Stats
## End of program
************************
 Free Memory = 4340336
 Max Memory = 66650112
 Total Memory = 25948160
 Free Memory(mb) = 4.1392669677734375
 Max Memory(mb) = 63.5625
 Total Memory(mb) = 24.74609375
Done
Heap
 def new generation   total 1792K, used 1587K [0x8c030000, 0x8c220000, 0x8c510000)
  eden space 1600K,  92% used [0x8c030000, 0x8c1a2788, 0x8c1c0000)
  from space 192K,  54% used [0x8c1f0000, 0x8c20a490, 0x8c220000)
  to   space 192K,   0% used [0x8c1c0000, 0x8c1c0000, 0x8c1f0000)
 tenured generation   total 23548K, used 19550K [0x8c510000, 0x8dc0f000, 0x90030000)
   the space 23548K,  83% used [0x8c510000, 0x8d827a10, 0x8d827c00, 0x8dc0f000)
 compacting perm gen  total 12288K, used 24K [0x90030000, 0x90c30000, 0x94030000)
   the space 12288K,   0% used [0x90030000, 0x900361c0, 0x90036200, 0x90c30000)
    ro space 8192K,  74% used [0x94030000, 0x94623488, 0x94623600, 0x94830000)
    rw space 12288K,  58% used [0x94830000, 0x94f3db20, 0x94f3dc00, 0x95430000)
