/home/bbrown/src/openjdk/openjdk6_test/hotspot/src/share/vm/asm
/home/bbrown/src/openjdk/openjdk6_test/hotspot/src/share/vm/c1
/home/bbrown/src/openjdk/openjdk6_test/hotspot/src/share/vm/ci
/home/bbrown/src/openjdk/openjdk6_test/hotspot/src/share/vm/classfile
/home/bbrown/src/openjdk/openjdk6_test/hotspot/src/share/vm/code
/home/bbrown/src/openjdk/openjdk6_test/hotspot/src/share/vm/compiler
/home/bbrown/src/openjdk/openjdk6_test/hotspot/src/share/vm/gc_implementation
/home/bbrown/src/openjdk/openjdk6_test/hotspot/src/share/vm/gc_implementation/concurrentMarkSweep
/home/bbrown/src/openjdk/openjdk6_test/hotspot/src/share/vm/gc_implementation/shared
/home/bbrown/src/openjdk/openjdk6_test/hotspot/src/share/vm/gc_implementation/g1
/home/bbrown/src/openjdk/openjdk6_test/hotspot/src/share/vm/gc_implementation/parallelScavenge
/home/bbrown/src/openjdk/openjdk6_test/hotspot/src/share/vm/gc_implementation/parNew
/home/bbrown/src/openjdk/openjdk6_test/hotspot/src/share/vm/gc_interface
/home/bbrown/src/openjdk/openjdk6_test/hotspot/src/share/vm/interpreter
/home/bbrown/src/openjdk/openjdk6_test/hotspot/src/share/vm/libadt
/home/bbrown/src/openjdk/openjdk6_test/hotspot/src/share/vm/memory
/home/bbrown/src/openjdk/openjdk6_test/hotspot/src/share/vm/oops
/home/bbrown/src/openjdk/openjdk6_test/hotspot/src/share/vm/opto
/home/bbrown/src/openjdk/openjdk6_test/hotspot/src/share/vm/prims
/home/bbrown/src/openjdk/openjdk6_test/hotspot/src/share/vm/runtime
/home/bbrown/src/openjdk/openjdk6_test/hotspot/src/share/vm/services
/home/bbrown/src/openjdk/openjdk6_test/hotspot/src/share/vm/shark
/home/bbrown/src/openjdk/openjdk6_test/hotspot/src/share/vm/utilities
