"c:\projects\tools\home\projects\aaageneralprojects\jvmnotebook\clojure\perf_memory\src\build\classes;c:\projects\tools\home\projects\aaageneralprojects\jvmnotebook\clojure\perf_memory\src\clj;c:\projects\tools\home\projects\aaageneralprojects\jvmnotebook\clojure\perf_memory\lib\clojure-1.0.0.jar"
0.094: [GC 0.094: [DefNew: 512K->64K(576K), 0.0032332 secs] 512K->140K(1984K), 0.0033380 secs]
0.124: [GC 0.124: [DefNew: 573K->28K(576K), 0.0016258 secs] 649K->163K(1984K), 0.0017256 secs]
0.150: [GC 0.150: [DefNew: 540K->22K(576K), 0.0015385 secs] 675K->157K(1984K), 0.0016582 secs]
0.183: [GC 0.183: [DefNew: 345K->64K(576K), 0.0014853 secs] 481K->216K(1984K), 0.0015864 secs]
0.251: [GC 0.251: [DefNew: 576K->64K(576K), 0.0091727 secs] 728K->346K(1984K), 0.0093306 secs]
0.294: [GC 0.294: [DefNew: 576K->63K(576K), 0.0093895 secs] 858K->420K(1984K), 0.0094387 secs]
0.326: [GC 0.326: [DefNew: 575K->15K(576K), 0.0139536 secs] 932K->433K(1984K), 0.0140047 secs]
0.361: [GC 0.361: [DefNew: 527K->29K(576K), 0.0059787 secs] 945K->446K(1984K), 0.0060257 secs]
0.389: [GC 0.389: [DefNew: 541K->31K(576K), 0.0062236 secs] 958K->449K(1984K), 0.0062710 secs]
0.418: [GC 0.418: [DefNew: 543K->36K(576K), 0.0060062 secs] 961K->453K(1984K), 0.0060524 secs]
0.445: [GC 0.445: [DefNew: 548K->25K(576K), 0.0062907 secs] 965K->457K(1984K), 0.0063392 secs]
0.474: [GC 0.474: [DefNew: 537K->32K(576K), 0.0063183 secs] 969K->463K(1984K), 0.0063661 secs]
0.501: [GC 0.501: [DefNew: 544K->26K(576K), 0.0062451 secs] 975K->470K(1984K), 0.0062924 secs]
0.530: [GC 0.530: [DefNew: 538K->28K(576K), 0.0064578 secs] 982K->471K(1984K), 0.0065054 secs]
0.568: [GC 0.568: [DefNew: 540K->31K(576K), 0.0062911 secs] 983K->474K(1984K), 0.0063406 secs]
0.596: [GC 0.596: [DefNew: 543K->36K(576K), 0.0061724 secs] 986K->480K(1984K), 0.0062201 secs]
0.622: [GC 0.622: [DefNew: 548K->32K(576K), 0.0062291 secs] 992K->482K(1984K), 0.0062773 secs]
0.651: [GC 0.651: [DefNew: 544K->35K(576K), 0.0060158 secs] 994K->488K(1984K), 0.0060630 secs]
0.680: [GC 0.680: [DefNew: 547K->37K(576K), 0.0061328 secs] 1000K->495K(1984K), 0.0061820 secs]
0.709: [GC 0.709: [DefNew: 549K->37K(576K), 0.0064019 secs] 1007K->501K(1984K), 0.0064547 secs]
0.737: [GC 0.737: [DefNew: 548K->33K(576K), 0.0063423 secs] 1013K->505K(1984K), 0.0063917 secs]
0.765: [GC 0.765: [DefNew: 545K->32K(576K), 0.0061989 secs] 1017K->509K(1984K), 0.0062477 secs]
0.798: [GC 0.798: [DefNew: 544K->42K(576K), 0.0072252 secs] 1021K->522K(1984K), 0.0072766 secs]
0.826: [GC 0.826: [DefNew: 554K->36K(576K), 0.0068975 secs] 1034K->533K(1984K), 0.0069460 secs]
0.858: [GC 0.858: [DefNew: 548K->31K(576K), 0.0011738 secs] 1045K->536K(1984K), 0.0012222 secs]
0.885: [GC 0.885: [DefNew: 543K->44K(576K), 0.0063437 secs] 1048K->549K(1984K), 0.0063937 secs]
0.908: [GC 0.908: [DefNew: 556K->64K(576K), 0.0019203 secs] 1061K->602K(1984K), 0.0019692 secs]
0.936: [GC 0.936: [DefNew: 576K->12K(576K), 0.0010148 secs] 1114K->585K(1984K), 0.0010612 secs]
0.956: [GC 0.956: [DefNew: 524K->38K(576K), 0.0008679 secs] 1097K->611K(1984K), 0.0009149 secs]
0.974: [GC 0.974: [DefNew: 550K->58K(576K), 0.0013685 secs] 1123K->639K(1984K), 0.0014175 secs]
0.990: [GC 0.990: [DefNew: 570K->43K(576K), 0.0007407 secs] 1151K->650K(1984K), 0.0007868 secs]
1.004: [GC 1.004: [DefNew: 555K->27K(576K), 0.0019277 secs] 1162K->664K(1984K), 0.0019764 secs]
1.020: [GC 1.020: [DefNew: 539K->62K(576K), 0.0011807 secs] 1176K->699K(1984K), 0.0012292 secs]
1.043: [GC 1.043: [DefNew: 558K->39K(576K), 0.0008811 secs] 1195K->728K(1984K), 0.0009372 secs]
1.070: [GC 1.070: [DefNew: 551K->52K(576K), 0.0017782 secs] 1240K->745K(1984K), 0.0018266 secs]
1.101: [GC 1.101: [DefNew: 564K->19K(576K), 0.0013683 secs] 1257K->752K(1984K), 0.0014172 secs]
1.126: [GC 1.127: [DefNew: 531K->47K(576K), 0.0010128 secs] 1264K->781K(1984K), 0.0010614 secs]
1.147: [GC 1.147: [DefNew: 559K->47K(576K), 0.0011081 secs] 1293K->810K(1984K), 0.0011644 secs]
1.169: [GC 1.169: [DefNew: 559K->59K(576K), 0.0012701 secs] 1322K->864K(1984K), 0.0013183 secs]
1.183: [GC 1.183: [DefNew: 571K->19K(576K), 0.0005577 secs] 1376K->844K(1984K), 0.0007306 secs]
1.199: [GC 1.199: [DefNew: 531K->23K(576K), 0.0004099 secs] 1356K->849K(1984K), 0.0004564 secs]
1.220: [GC 1.220: [DefNew: 535K->53K(576K), 0.0011004 secs] 1361K->879K(1984K), 0.0011472 secs]
1.241: [GC 1.241: [DefNew: 565K->20K(576K), 0.0006826 secs] 1391K->854K(1984K), 0.0007291 secs]
P4
3000 3000
1.279: [GC 1.279: [DefNew: 532K->63K(576K), 0.0013494 secs] 1366K->1007K(1984K), 0.0013982 secs]
1.292: [GC 1.292: [DefNew: 575K->63K(576K), 0.0008751 secs] 1519K->1082K(1984K), 0.0009237 secs]
1.302: [GC 1.303: [DefNew: 575K->3K(576K), 0.0005169 secs] 1594K->1085K(1984K), 0.0005626 secs]
1.312: [GC 1.312: [DefNew: 515K->6K(576K), 0.0001957 secs] 1597K->1088K(1984K), 0.0002422 secs]
1.321: [GC 1.321: [DefNew: 518K->9K(576K), 0.0002116 secs] 1600K->1091K(1984K), 0.0002581 secs]
1.329: [GC 1.329: [DefNew: 521K->12K(576K), 0.0003077 secs] 1603K->1094K(1984K), 0.0003500 secs]
1.337: [GC 1.337: [DefNew: 524K->15K(576K), 0.0002347 secs] 1606K->1097K(1984K), 0.0002835 secs]
1.345: [GC 1.345: [DefNew: 527K->18K(576K), 0.0002198 secs] 1609K->1100K(1984K), 0.0002652 secs]
1.353: [GC 1.353: [DefNew: 530K->20K(576K), 0.0002098 secs] 1612K->1103K(1984K), 0.0002521 secs]
1.362: [GC 1.362: [DefNew: 532K->24K(576K), 0.0002338 secs] 1615K->1106K(1984K), 0.0002799 secs]
1.370: [GC 1.370: [DefNew: 536K->26K(576K), 0.0002380 secs] 1618K->1109K(1984K), 0.0002836 secs]
1.378: [GC 1.378: [DefNew: 538K->29K(576K), 0.0002160 secs] 1621K->1112K(1984K), 0.0002588 secs]
1.386: [GC 1.386: [DefNew: 541K->32K(576K), 0.0002435 secs] 1624K->1114K(1984K), 0.0002882 secs]
1.394: [GC 1.394: [DefNew: 544K->32K(576K), 0.0002418 secs] 1626K->1117K(1984K), 0.0002842 secs]
1.402: [GC 1.402: [DefNew: 544K->40K(576K), 0.0002781 secs] 1629K->1128K(1984K), 0.0003255 secs]
1.410: [GC 1.410: [DefNew: 552K->33K(576K), 0.0002574 secs] 1640K->1130K(1984K), 0.0003013 secs]
1.418: [GC 1.418: [DefNew: 545K->33K(576K), 0.0002638 secs] 1642K->1133K(1984K), 0.0003105 secs]
1.427: [GC 1.427: [DefNew: 545K->33K(576K), 0.0002512 secs] 1645K->1136K(1984K), 0.0002964 secs]
1.435: [GC 1.435: [DefNew: 545K->33K(576K), 0.0002738 secs] 1648K->1139K(1984K), 0.0003212 secs]
1.443: [GC 1.443: [DefNew: 545K->33K(576K), 0.0002262 secs] 1651K->1142K(1984K), 0.0002682 secs]
1.451: [GC 1.451: [DefNew: 545K->33K(576K), 0.0002725 secs] 1654K->1145K(1984K), 0.0003172 secs]
1.459: [GC 1.459: [DefNew: 545K->33K(576K), 0.0002357 secs] 1657K->1148K(1984K), 0.0002786 secs]
1.468: [GC 1.468: [DefNew: 545K->33K(576K), 0.0002679 secs] 1660K->1151K(1984K), 0.0003147 secs]
1.476: [GC 1.476: [DefNew: 545K->26K(576K), 0.0002468 secs] 1663K->1154K(1984K), 0.0002892 secs]
1.484: [GC 1.484: [DefNew: 538K->29K(576K), 0.0002308 secs] 1666K->1157K(1984K), 0.0002746 secs]
1.492: [GC 1.492: [DefNew: 541K->32K(576K), 0.0002281 secs] 1669K->1160K(1984K), 0.0002704 secs]
1.500: [GC 1.500: [DefNew: 544K->32K(576K), 0.0002542 secs] 1672K->1163K(1984K), 0.0002993 secs]
1.508: [GC 1.508: [DefNew: 544K->32K(576K), 0.0002862 secs] 1675K->1165K(1984K), 0.0003336 secs]
1.516: [GC 1.516: [DefNew: 544K->47K(576K), 0.0002814 secs] 1677K->1184K(1984K), 0.0003277 secs]
1.525: [GC 1.525: [DefNew: 559K->32K(576K), 0.0003040 secs] 1696K->1186K(1984K), 0.0003519 secs]
1.533: [GC 1.533: [DefNew: 544K->33K(576K), 0.0002310 secs] 1698K->1190K(1984K), 0.0002742 secs]
1.541: [GC 1.541: [DefNew: 545K->32K(576K), 0.0002345 secs] 1702K->1192K(1984K), 0.0002806 secs]
1.550: [GC 1.550: [DefNew: 544K->33K(576K), 0.0002396 secs] 1704K->1195K(1984K), 0.0002845 secs]
1.558: [GC 1.558: [DefNew: 545K->32K(576K), 0.0002387 secs] 1707K->1198K(1984K), 0.0002840 secs]
1.566: [GC 1.566: [DefNew: 544K->17K(576K), 0.0002319 secs] 1710K->1201K(1984K), 0.0002736 secs]
1.574: [GC 1.574: [DefNew: 529K->20K(576K), 0.0002261 secs] 1713K->1204K(1984K), 0.0002719 secs]
1.582: [GC 1.582: [DefNew: 532K->23K(576K), 0.0002303 secs] 1716K->1207K(1984K), 0.0002760 secs]
1.590: [GC 1.590: [DefNew: 535K->26K(576K), 0.0002673 secs] 1719K->1210K(1984K), 0.0003174 secs]
1.598: [GC 1.598: [DefNew: 538K->29K(576K), 0.0002225 secs] 1722K->1213K(1984K), 0.0002637 secs]
1.607: [GC 1.607: [DefNew: 541K->32K(576K), 0.0002472 secs] 1725K->1216K(1984K), 0.0002933 secs]
1.615: [GC 1.615: [DefNew: 544K->32K(576K), 0.0002502 secs] 1728K->1219K(1984K), 0.0002954 secs]
1.622: [GC 1.622: [DefNew: 544K->62K(576K), 0.0002822 secs] 1731K->1252K(1984K), 0.0003292 secs]
1.630: [GC 1.630: [DefNew: 574K->3K(576K), 0.0002847 secs] 1764K->1255K(1984K), 0.0003267 secs]
1.638: [GC 1.638: [DefNew: 515K->5K(576K), 0.0001874 secs] 1767K->1258K(1984K), 0.0002319 secs]
1.646: [GC 1.646: [DefNew: 517K->9K(576K), 0.0001762 secs] 1770K->1261K(1984K), 0.0002179 secs]
1.654: [GC 1.654: [DefNew: 521K->12K(576K), 0.0002069 secs] 1773K->1264K(1984K), 0.0002535 secs]
1.663: [GC 1.663: [DefNew: 524K->14K(576K), 0.0001921 secs] 1776K->1267K(1984K), 0.0002339 secs]
1.671: [GC 1.671: [DefNew: 526K->18K(576K), 0.0002233 secs] 1779K->1270K(1984K), 0.0002693 secs]
1.679: [GC 1.679: [DefNew: 530K->20K(576K), 0.0002030 secs] 1782K->1273K(1984K), 0.0002466 secs]
1.687: [GC 1.687: [DefNew: 532K->24K(576K), 0.0002833 secs] 1785K->1276K(1984K), 0.0003303 secs]
1.695: [GC 1.695: [DefNew: 536K->26K(576K), 0.0002280 secs] 1788K->1279K(1984K), 0.0002725 secs]
1.704: [GC 1.704: [DefNew: 538K->29K(576K), 0.0002416 secs] 1791K->1282K(1984K), 0.0002864 secs]
1.712: [GC 1.712: [DefNew: 541K->32K(576K), 0.0002705 secs] 1794K->1285K(1984K), 0.0003181 secs]
1.720: [GC 1.720: [DefNew: 544K->32K(576K), 0.0002774 secs] 1797K->1288K(1984K), 0.0003245 secs]
1.728: [GC 1.728: [DefNew: 544K->33K(576K), 0.0002624 secs] 1800K->1291K(1984K), 0.0003083 secs]
1.736: [GC 1.736: [DefNew: 545K->32K(576K), 0.0002694 secs] 1803K->1294K(1984K), 0.0003223 secs]
1.744: [GC 1.744: [DefNew: 544K->32K(576K), 0.0002830 secs] 1806K->1297K(1984K), 0.0003298 secs]
1.753: [GC 1.753: [DefNew: 544K->32K(576K), 0.0002493 secs] 1809K->1300K(1984K), 0.0002941 secs]
1.761: [GC 1.761: [DefNew: 544K->32K(576K), 0.0002531 secs] 1812K->1303K(1984K), 0.0002981 secs]
1.769: [GC 1.769: [DefNew: 544K->32K(576K), 0.0002461 secs] 1815K->1306K(1984K), 0.0002886 secs]
1.777: [GC 1.777: [DefNew: 544K->32K(576K), 0.0002769 secs] 1818K->1309K(1984K), 0.0003226 secs]
1.785: [GC 1.785: [DefNew: 544K->32K(576K), 0.0002424 secs] 1821K->1311K(1984K), 0.0002857 secs]
1.793: [GC 1.793: [DefNew: 544K->32K(576K), 0.0002904 secs] 1823K->1314K(1984K), 0.0003386 secs]
1.802: [GC 1.802: [DefNew: 544K->32K(576K), 0.0002669 secs] 1826K->1317K(1984K), 0.0003124 secs]
1.810: [GC 1.810: [DefNew: 544K->32K(576K), 0.0002617 secs] 1829K->1320K(1984K), 0.0003070 secs]
1.818: [GC 1.818: [DefNew: 544K->32K(576K), 0.0002461 secs] 1832K->1323K(1984K), 0.0002894 secs]
1.826: [GC 1.826: [DefNew: 544K->32K(576K), 0.0002741 secs] 1835K->1326K(1984K), 0.0003209 secs]
1.833: [GC 1.833: [DefNew: 493K->32K(576K), 0.0004178 secs] 1787K->1329K(1984K), 0.0004605 secs]
1.841: [GC 1.841: [DefNew: 544K->64K(576K), 0.0003217 secs] 1841K->1393K(1984K), 0.0003687 secs]
1.849: [GC 1.849: [DefNew: 576K->2K(576K), 0.0002429 secs] 1905K->1395K(1984K), 0.0002870 secs]
1.857: [GC 1.857: [DefNew: 514K->5K(576K), 0.0001971 secs] 1907K->1398K(1984K), 0.0002429 secs]
1.865: [GC 1.865: [DefNew: 517K->8K(576K), 0.0001614 secs] 1910K->1401K(1984K), 0.0002012 secs]
1.873: [GC 1.873: [DefNew: 520K->11K(576K), 0.0002063 secs] 1913K->1404K(1984K), 0.0002506 secs]
1.880: [GC 1.880: [DefNew: 523K->14K(576K), 0.0001920 secs] 1916K->1407K(1984K), 0.0002328 secs]
1.888: [GC 1.888: [DefNew: 526K->17K(576K), 0.0001991 secs] 1919K->1410K(1984K), 0.0002408 secs]
1.896: [GC 1.896: [DefNew: 529K->19K(576K), 0.0002164 secs] 1922K->1412K(1984K), 0.0002612 secs]
1.904: [GC 1.905: [DefNew: 531K->22K(576K), 0.0002438 secs] 1924K->1415K(1984K), 0.0002916 secs]
1.912: [GC 1.912: [DefNew: 534K->25K(576K), 0.0002067 secs] 1927K->1418K(1984K), 0.0002472 secs]
1.920: [GC 1.921: [DefNew: 537K->28K(576K), 0.0002498 secs] 1930K->1421K(1984K), 0.0002948 secs]
1.929: [GC 1.929: [DefNew: 540K->31K(576K), 0.0002476 secs] 1933K->1424K(1984K), 0.0002928 secs]
1.937: [GC 1.937: [DefNew: 543K->33K(576K), 0.0002442 secs] 1936K->1426K(1984K), 0.0002892 secs]
1.945: [GC 1.945: [DefNew: 545K->34K(576K), 0.0002388 secs] 1938K->1430K(1984K), 0.0002893 secs]
1.953: [GC 1.953: [DefNew: 546K->34K(576K), 0.0002581 secs]1.953: [Tenured[Unloading class user$eval__19]
[Unloading class user$eval__12]
[Unloading class user$eval__16]
[Unloading class user$eval__1]
: 1398K->1354K(1408K), 0.0264139 secs] 1942K->1354K(1984K), 0.0267827 secs]
1.987: [GC 1.987: [DefNew: 512K->3K(576K), 0.0002372 secs] 1866K->1358K(2836K), 0.0002833 secs]
1.995: [GC 1.995: [DefNew: 515K->5K(576K), 0.0002442 secs] 1870K->1360K(2836K), 0.0002909 secs]
2.003: [GC 2.003: [DefNew: 517K->8K(576K), 0.0001884 secs] 1872K->1363K(2836K), 0.0002325 secs]
2.011: [GC 2.011: [DefNew: 520K->11K(576K), 0.0002049 secs] 1875K->1366K(2836K), 0.0002510 secs]
2.020: [GC 2.020: [DefNew: 523K->14K(576K), 0.0002076 secs] 1878K->1369K(2836K), 0.0002525 secs]
2.028: [GC 2.028: [DefNew: 526K->17K(576K), 0.0002293 secs] 1881K->1372K(2836K), 0.0002762 secs]
2.037: [GC 2.037: [DefNew: 529K->20K(576K), 0.0002064 secs] 1884K->1374K(2836K), 0.0002506 secs]
2.044: [GC 2.045: [DefNew: 532K->22K(576K), 0.0002233 secs] 1886K->1377K(2836K), 0.0002694 secs]
2.053: [GC 2.053: [DefNew: 534K->25K(576K), 0.0002209 secs] 1889K->1380K(2836K), 0.0002643 secs]
2.060: [GC 2.060: [DefNew: 537K->28K(576K), 0.0002339 secs] 1892K->1382K(2836K), 0.0002794 secs]
2.068: [GC 2.068: [DefNew: 540K->31K(576K), 0.0002348 secs] 1894K->1385K(2836K), 0.0002784 secs]
2.076: [GC 2.076: [DefNew: 543K->33K(576K), 0.0002612 secs] 1897K->1388K(2836K), 0.0003085 secs]
2.085: [GC 2.085: [DefNew: 545K->33K(576K), 0.0002898 secs] 1900K->1390K(2836K), 0.0003412 secs]
2.093: [GC 2.093: [DefNew: 545K->32K(576K), 0.0003082 secs] 1902K->1393K(2836K), 0.0003635 secs]
2.101: [GC 2.102: [DefNew: 544K->32K(576K), 0.0002716 secs] 1905K->1396K(2836K), 0.0003196 secs]
2.110: [GC 2.110: [DefNew: 544K->32K(576K), 0.0002572 secs] 1908K->1398K(2836K), 0.0003030 secs]
2.117: [GC 2.117: [DefNew: 544K->32K(576K), 0.0002570 secs] 1910K->1401K(2836K), 0.0003024 secs]
2.125: [GC 2.125: [DefNew: 544K->32K(576K), 0.0002796 secs] 1913K->1403K(2836K), 0.0003282 secs]
2.133: [GC 2.133: [DefNew: 544K->31K(576K), 0.0002530 secs] 1915K->1406K(2836K), 0.0002987 secs]
2.141: [GC 2.141: [DefNew: 543K->34K(576K), 0.0002498 secs] 1918K->1409K(2836K), 0.0002961 secs]
2.149: [GC 2.149: [DefNew: 546K->34K(576K), 0.0002535 secs] 1921K->1411K(2836K), 0.0002977 secs]
2.157: [GC 2.157: [DefNew: 546K->33K(576K), 0.0002654 secs] 1923K->1413K(2836K), 0.0003123 secs]
2.165: [GC 2.165: [DefNew: 545K->33K(576K), 0.0002401 secs] 1925K->1416K(2836K), 0.0002830 secs]
2.173: [GC 2.173: [DefNew: 545K->33K(576K), 0.0002592 secs] 1928K->1418K(2836K), 0.0003048 secs]
2.181: [GC 2.181: [DefNew: 545K->33K(576K), 0.0002706 secs] 1930K->1421K(2836K), 0.0003182 secs]
2.190: [GC 2.190: [DefNew: 545K->33K(576K), 0.0002800 secs] 1933K->1423K(2836K), 0.0003290 secs]
2.198: [GC 2.198: [DefNew: 545K->33K(576K), 0.0002721 secs] 1935K->1426K(2836K), 0.0003201 secs]
2.206: [GC 2.206: [DefNew: 545K->32K(576K), 0.0002702 secs] 1938K->1428K(2836K), 0.0003178 secs]
2.214: [GC 2.214: [DefNew: 544K->32K(576K), 0.0002529 secs] 1940K->1431K(2836K), 0.0002985 secs]
2.222: [GC 2.222: [DefNew: 544K->32K(576K), 0.0002705 secs] 1943K->1433K(2836K), 0.0003169 secs]
2.230: [GC 2.230: [DefNew: 544K->32K(576K), 0.0002677 secs] 1945K->1435K(2836K), 0.0003141 secs]
2.237: [GC 2.237: [DefNew: 544K->32K(576K), 0.0002450 secs] 1947K->1438K(2836K), 0.0002890 secs]
2.245: [GC 2.245: [DefNew: 544K->32K(576K), 0.0002663 secs] 1950K->1440K(2836K), 0.0003141 secs]
2.253: [GC 2.253: [DefNew: 544K->31K(576K), 0.0002477 secs] 1952K->1443K(2836K), 0.0002917 secs]
2.261: [GC 2.261: [DefNew: 543K->33K(576K), 0.0002303 secs] 1955K->1445K(2836K), 0.0002726 secs]
2.269: [GC 2.269: [DefNew: 545K->34K(576K), 0.0002582 secs] 1957K->1447K(2836K), 0.0003036 secs]
2.276: [GC 2.276: [DefNew: 546K->34K(576K), 0.0002949 secs] 1959K->1450K(2836K), 0.0003443 secs]
2.284: [GC 2.284: [DefNew: 546K->33K(576K), 0.0002611 secs] 1962K->1452K(2836K), 0.0003075 secs]
2.292: [GC 2.292: [DefNew: 545K->33K(576K), 0.0002503 secs] 1964K->1454K(2836K), 0.0003643 secs]
2.300: [GC 2.300: [DefNew: 545K->33K(576K), 0.0002634 secs] 1966K->1457K(2836K), 0.0003091 secs]
2.308: [GC 2.308: [DefNew: 545K->33K(576K), 0.0002679 secs] 1969K->1459K(2836K), 0.0003139 secs]
2.316: [GC 2.316: [DefNew: 545K->33K(576K), 0.0002487 secs] 1971K->1461K(2836K), 0.0002928 secs]
2.323: [GC 2.323: [DefNew: 545K->33K(576K), 0.0002532 secs] 1973K->1464K(2836K), 0.0003025 secs]
2.331: [GC 2.332: [DefNew: 545K->33K(576K), 0.0002623 secs] 1976K->1466K(2836K), 0.0003163 secs]
2.338: [GC 2.338: [DefNew: 545K->32K(576K), 0.0003430 secs] 1978K->1591K(2836K), 0.0003952 secs]
2.346: [GC 2.346: [DefNew: 544K->32K(576K), 0.0003385 secs] 2103K->1593K(2836K), 0.0003904 secs]
2.353: [GC 2.353: [DefNew: 544K->31K(576K), 0.0002516 secs] 2105K->1595K(2836K), 0.0002948 secs]
2.361: [GC 2.361: [DefNew: 543K->34K(576K), 0.0002440 secs] 2107K->1597K(2836K), 0.0002882 secs]
2.369: [GC 2.369: [DefNew: 546K->34K(576K), 0.0002602 secs] 2109K->1600K(2836K), 0.0003057 secs]
2.377: [GC 2.377: [DefNew: 546K->32K(576K), 0.0002595 secs] 2112K->1602K(2836K), 0.0003052 secs]
2.384: [GC 2.384: [DefNew: 544K->31K(576K), 0.0002487 secs] 2114K->1604K(2836K), 0.0002932 secs]
2.392: [GC 2.392: [DefNew: 543K->33K(576K), 0.0002538 secs] 2116K->1606K(2836K), 0.0002990 secs]
2.401: [GC 2.401: [DefNew: 545K->34K(576K), 0.0002690 secs] 2118K->1609K(2836K), 0.0003170 secs]
2.409: [GC 2.409: [DefNew: 546K->34K(576K), 0.0002688 secs] 2121K->1611K(2836K), 0.0003153 secs]
2.417: [GC 2.417: [DefNew: 546K->33K(576K), 0.0002451 secs] 2123K->1614K(2836K), 0.0002884 secs]
2.424: [GC 2.424: [DefNew: 545K->33K(576K), 0.0002611 secs] 2126K->1615K(2836K), 0.0003075 secs]
2.432: [GC 2.432: [DefNew: 545K->33K(576K), 0.0002789 secs] 2127K->1618K(2836K), 0.0003263 secs]
2.440: [GC 2.440: [DefNew: 545K->33K(576K), 0.0002598 secs] 2130K->1620K(2836K), 0.0003032 secs]
2.448: [GC 2.448: [DefNew: 545K->33K(576K), 0.0002607 secs] 2132K->1623K(2836K), 0.0003058 secs]
2.455: [GC 2.455: [DefNew: 545K->31K(576K), 0.0002665 secs] 2135K->1625K(2836K), 0.0003292 secs]
2.463: [GC 2.463: [DefNew: 543K->33K(576K), 0.0002366 secs] 2137K->1627K(2836K), 0.0002797 secs]
2.471: [GC 2.471: [DefNew: 545K->33K(576K), 0.0002574 secs] 2139K->1629K(2836K), 0.0003032 secs]
2.478: [GC 2.478: [DefNew: 545K->34K(576K), 0.0002541 secs] 2141K->1631K(2836K), 0.0002989 secs]
2.486: [GC 2.486: [DefNew: 546K->33K(576K), 0.0002595 secs] 2143K->1634K(2836K), 0.0003048 secs]
2.494: [GC 2.494: [DefNew: 545K->33K(576K), 0.0002597 secs] 2146K->1636K(2836K), 0.0003055 secs]
2.502: [GC 2.502: [DefNew: 545K->33K(576K), 0.0002324 secs] 2148K->1638K(2836K), 0.0002733 secs]
2.510: [GC 2.510: [DefNew: 545K->33K(576K), 0.0002514 secs] 2150K->1640K(2836K), 0.0002958 secs]
2.517: [GC 2.517: [DefNew: 545K->33K(576K), 0.0002608 secs] 2152K->1642K(2836K), 0.0003070 secs]
2.525: [GC 2.525: [DefNew: 545K->33K(576K), 0.0002639 secs] 2154K->1644K(2836K), 0.0003121 secs]
2.533: [GC 2.533: [DefNew: 545K->33K(576K), 0.0002693 secs] 2156K->1647K(2836K), 0.0003174 secs]
2.541: [GC 2.541: [DefNew: 545K->33K(576K), 0.0002677 secs] 2159K->1649K(2836K), 0.0003154 secs]
2.549: [GC 2.549: [DefNew: 545K->32K(576K), 0.0002551 secs] 2161K->1650K(2836K), 0.0002994 secs]
2.557: [GC 2.557: [DefNew: 544K->32K(576K), 0.0002806 secs] 2162K->1652K(2836K), 0.0003299 secs]
2.564: [GC 2.564: [DefNew: 544K->32K(576K), 0.0002650 secs] 2164K->1654K(2836K), 0.0003130 secs]
2.572: [GC 2.572: [DefNew: 544K->32K(576K), 0.0002728 secs] 2166K->1657K(2836K), 0.0003209 secs]
2.582: [GC 2.582: [DefNew: 544K->32K(576K), 0.0002704 secs] 2169K->1659K(2836K), 0.0003183 secs]
2.590: [GC 2.590: [DefNew: 544K->32K(576K), 0.0002839 secs] 2171K->1661K(2836K), 0.0003321 secs]
2.597: [GC 2.597: [DefNew: 544K->31K(576K), 0.0002537 secs] 2173K->1663K(2836K), 0.0002992 secs]
2.605: [GC 2.605: [DefNew: 543K->31K(576K), 0.0002543 secs] 2175K->1665K(2836K), 0.0002977 secs]
2.613: [GC 2.613: [DefNew: 543K->31K(576K), 0.0002510 secs] 2177K->1667K(2836K), 0.0002964 secs]
2.621: [GC 2.621: [DefNew: 543K->31K(576K), 0.0002604 secs] 2179K->1669K(2836K), 0.0003136 secs]
2.628: [GC 2.628: [DefNew: 543K->31K(576K), 0.0002684 secs] 2181K->1671K(2836K), 0.0003206 secs]
2.636: [GC 2.636: [DefNew: 543K->30K(576K), 0.0002691 secs] 2183K->1673K(2836K), 0.0003159 secs]
2.645: [GC 2.645: [DefNew: 542K->30K(576K), 0.0002740 secs] 2185K->1675K(2836K), 0.0003218 secs]
2.653: [GC 2.653: [DefNew: 542K->30K(576K), 0.0002613 secs] 2187K->1677K(2836K), 0.0003088 secs]
2.661: [GC 2.661: [DefNew: 542K->30K(576K), 0.0002447 secs] 2189K->1679K(2836K), 0.0002890 secs]
2.669: [GC 2.669: [DefNew: 542K->30K(576K), 0.0002439 secs] 2191K->1681K(2836K), 0.0002875 secs]
2.676: [GC 2.676: [DefNew: 542K->31K(576K), 0.0002336 secs] 2193K->1683K(2836K), 0.0002763 secs]
2.684: [GC 2.684: [DefNew: 543K->31K(576K), 0.0002591 secs] 2195K->1685K(2836K), 0.0003059 secs]
2.692: [GC 2.692: [DefNew: 543K->30K(576K), 0.0002788 secs] 2197K->1687K(2836K), 0.0003263 secs]
2.699: [GC 2.699: [DefNew: 542K->30K(576K), 0.0002754 secs] 2199K->1689K(2836K), 0.0003239 secs]
2.707: [GC 2.707: [DefNew: 542K->30K(576K), 0.0002753 secs] 2201K->1691K(2836K), 0.0003230 secs]
2.715: [GC 2.715: [DefNew: 542K->29K(576K), 0.0002880 secs] 2203K->1693K(2836K), 0.0003407 secs]
2.723: [GC 2.723: [DefNew: 541K->29K(576K), 0.0002945 secs] 2205K->1695K(2836K), 0.0003436 secs]
2.731: [GC 2.731: [DefNew: 541K->29K(576K), 0.0002664 secs] 2207K->1697K(2836K), 0.0003137 secs]
2.739: [GC 2.739: [DefNew: 541K->29K(576K), 0.0002724 secs] 2209K->1698K(2836K), 0.0003188 secs]
2.747: [GC 2.747: [DefNew: 541K->29K(576K), 0.0002508 secs] 2210K->1700K(2836K), 0.0002961 secs]
2.754: [GC 2.754: [DefNew: 541K->29K(576K), 0.0002612 secs] 2212K->1702K(2836K), 0.0003041 secs]
2.762: [GC 2.762: [DefNew: 541K->29K(576K), 0.0002645 secs] 2214K->1704K(2836K), 0.0003222 secs]
2.770: [GC 2.770: [DefNew: 541K->29K(576K), 0.0002642 secs] 2216K->1706K(2836K), 0.0003114 secs]
2.777: [GC 2.777: [DefNew: 541K->28K(576K), 0.0002584 secs] 2218K->1708K(2836K), 0.0003052 secs]
2.785: [GC 2.785: [DefNew: 540K->28K(576K), 0.0002154 secs] 2220K->1709K(2836K), 0.0002555 secs]
2.793: [GC 2.793: [DefNew: 540K->28K(576K), 0.0002700 secs] 2221K->1711K(2836K), 0.0003191 secs]
2.801: [GC 2.801: [DefNew: 540K->28K(576K), 0.0002659 secs] 2223K->1713K(2836K), 0.0003135 secs]
2.810: [GC 2.810: [DefNew: 540K->27K(576K), 0.0002643 secs] 2225K->1715K(2836K), 0.0003132 secs]
2.818: [GC 2.818: [DefNew: 539K->27K(576K), 0.0002508 secs] 2227K->1717K(2836K), 0.0002971 secs]
2.826: [GC 2.826: [DefNew: 539K->27K(576K), 0.0002588 secs] 2229K->1719K(2836K), 0.0003060 secs]
2.834: [GC 2.834: [DefNew: 539K->27K(576K), 0.0002677 secs] 2231K->1721K(2836K), 0.0003159 secs]
2.842: [GC 2.842: [DefNew: 539K->27K(576K), 0.0002748 secs] 2233K->1722K(2836K), 0.0003250 secs]
2.850: [GC 2.850: [DefNew: 539K->27K(576K), 0.0002664 secs] 2234K->1724K(2836K), 0.0003137 secs]
2.857: [GC 2.857: [DefNew: 539K->27K(576K), 0.0002294 secs] 2236K->1726K(2836K), 0.0002718 secs]
2.865: [GC 2.865: [DefNew: 539K->27K(576K), 0.0002579 secs] 2238K->1728K(2836K), 0.0003038 secs]
2.874: [GC 2.874: [DefNew: 539K->27K(576K), 0.0002656 secs] 2240K->1730K(2836K), 0.0003153 secs]
2.883: [GC 2.883: [DefNew: 539K->27K(576K), 0.0002646 secs] 2242K->1731K(2836K), 0.0003133 secs]
2.890: [GC 2.890: [DefNew: 539K->27K(576K), 0.0002485 secs] 2243K->1733K(2836K), 0.0002939 secs]
2.898: [GC 2.898: [DefNew: 539K->27K(576K), 0.0002151 secs] 2245K->1735K(2836K), 0.0002566 secs]
2.906: [GC 2.906: [DefNew: 539K->27K(576K), 0.0002621 secs] 2247K->1737K(2836K), 0.0003092 secs]
2.914: [GC 2.914: [DefNew: 539K->27K(576K), 0.0002440 secs] 2249K->1739K(2836K), 0.0002904 secs]
2.921: [GC 2.921: [DefNew: 539K->27K(576K), 0.0002544 secs] 2251K->1740K(2836K), 0.0002995 secs]
2.929: [GC 2.929: [DefNew: 539K->27K(576K), 0.0002440 secs] 2252K->1742K(2836K), 0.0002899 secs]
2.937: [GC 2.937: [DefNew: 539K->26K(576K), 0.0002588 secs] 2254K->1744K(2836K), 0.0003061 secs]
2.944: [GC 2.944: [DefNew: 538K->26K(576K), 0.0002680 secs] 2256K->1745K(2836K), 0.0003099 secs]
2.952: [GC 2.952: [DefNew: 538K->26K(576K), 0.0002425 secs] 2257K->1747K(2836K), 0.0002878 secs]
2.959: [GC 2.959: [DefNew: 538K->26K(576K), 0.0002412 secs] 2259K->1748K(2836K), 0.0002846 secs]
2.967: [GC 2.967: [DefNew: 538K->26K(576K), 0.0003167 secs] 2260K->1750K(2836K), 0.0003649 secs]
2.975: [GC 2.975: [DefNew: 538K->26K(576K), 0.0002310 secs] 2262K->1752K(2836K), 0.0002757 secs]
2.982: [GC 2.982: [DefNew: 538K->26K(576K), 0.0002275 secs] 2264K->1754K(2836K), 0.0002705 secs]
2.990: [GC 2.990: [DefNew: 538K->26K(576K), 0.0002472 secs] 2266K->1756K(2836K), 0.0002941 secs]
2.998: [GC 2.998: [DefNew: 538K->26K(576K), 0.0002537 secs] 2268K->1757K(2836K), 0.0003010 secs]
3.006: [GC 3.006: [DefNew: 538K->26K(576K), 0.0002429 secs] 2269K->1759K(2836K), 0.0002854 secs]
3.013: [GC 3.013: [DefNew: 538K->25K(576K), 0.0002566 secs] 2271K->1761K(2836K), 0.0003037 secs]
3.021: [GC 3.021: [DefNew: 537K->25K(576K), 0.0002359 secs] 2273K->1762K(2836K), 0.0002814 secs]
3.028: [GC 3.028: [DefNew: 537K->25K(576K), 0.0002521 secs] 2274K->1764K(2836K), 0.0003002 secs]
3.036: [GC 3.036: [DefNew: 537K->25K(576K), 0.0002256 secs] 2276K->1765K(2836K), 0.0002663 secs]
3.044: [GC 3.044: [DefNew: 537K->25K(576K), 0.0002544 secs] 2277K->1767K(2836K), 0.0003020 secs]
3.051: [GC 3.051: [DefNew: 537K->25K(576K), 0.0002263 secs] 2279K->1769K(2836K), 0.0003018 secs]
3.059: [GC 3.059: [DefNew: 537K->25K(576K), 0.0002577 secs] 2281K->1770K(2836K), 0.0003070 secs]
3.067: [GC 3.067: [DefNew: 537K->25K(576K), 0.0002159 secs] 2282K->1772K(2836K), 0.0002579 secs]
3.074: [GC 3.074: [DefNew: 537K->25K(576K), 0.0002589 secs] 2284K->1774K(2836K), 0.0003053 secs]
3.082: [GC 3.082: [DefNew: 537K->25K(576K), 0.0002279 secs] 2286K->1776K(2836K), 0.0002721 secs]
3.090: [GC 3.090: [DefNew: 537K->25K(576K), 0.0002631 secs] 2288K->1777K(2836K), 0.0003124 secs]
3.097: [GC 3.097: [DefNew: 537K->25K(576K), 0.0002062 secs] 2289K->1779K(2836K), 0.0002467 secs]
3.105: [GC 3.105: [DefNew: 537K->25K(576K), 0.0002509 secs] 2291K->1781K(2836K), 0.0002974 secs]
3.112: [GC 3.112: [DefNew: 537K->25K(576K), 0.0002292 secs] 2293K->1782K(2836K), 0.0002734 secs]
3.120: [GC 3.120: [DefNew: 537K->24K(576K), 0.0003157 secs] 2294K->1783K(2836K), 0.0003959 secs]
3.127: [GC 3.127: [DefNew: 536K->24K(576K), 0.0002976 secs] 2295K->1785K(2836K), 0.0003461 secs]
3.135: [GC 3.135: [DefNew: 536K->24K(576K), 0.0002405 secs] 2297K->1787K(2836K), 0.0002857 secs]
3.143: [GC 3.143: [DefNew: 536K->25K(576K), 0.0002515 secs] 2299K->1789K(2836K), 0.0002977 secs]
3.150: [GC 3.150: [DefNew: 537K->25K(576K), 0.0002232 secs] 2301K->1791K(2836K), 0.0002659 secs]
3.159: [GC 3.159: [DefNew: 537K->25K(576K), 0.0002712 secs] 2303K->1792K(2836K), 0.0003192 secs]
3.168: [GC 3.168: [DefNew: 537K->25K(576K), 0.0002768 secs] 2304K->1794K(2836K), 0.0003269 secs]
3.176: [GC 3.176: [DefNew: 537K->25K(576K), 0.0002547 secs] 2306K->1796K(2836K), 0.0003020 secs]
3.185: [GC 3.185: [DefNew: 537K->25K(576K), 0.0002720 secs] 2308K->1797K(2836K), 0.0003211 secs]
3.192: [GC 3.193: [DefNew: 537K->24K(576K), 0.0002265 secs] 2309K->1799K(2836K), 0.0002705 secs]
3.201: [GC 3.201: [DefNew: 536K->24K(576K), 0.0002660 secs] 2311K->1800K(2836K), 0.0003134 secs]
3.209: [GC 3.209: [DefNew: 536K->24K(576K), 0.0002528 secs] 2312K->1802K(2836K), 0.0003003 secs]
3.217: [GC 3.217: [DefNew: 536K->24K(576K), 0.0002561 secs] 2314K->1804K(2836K), 0.0003037 secs]
3.224: [GC 3.224: [DefNew: 536K->24K(576K), 0.0002099 secs] 2316K->1805K(2836K), 0.0002511 secs]
3.232: [GC 3.232: [DefNew: 536K->25K(576K), 0.0002593 secs] 2317K->1807K(2836K), 0.0003072 secs]
3.239: [GC 3.239: [DefNew: 537K->25K(576K), 0.0002526 secs] 2319K->1809K(2836K), 0.0002974 secs]
3.247: [GC 3.247: [DefNew: 537K->25K(576K), 0.0002574 secs] 2321K->1811K(2836K), 0.0003042 secs]
3.254: [GC 3.254: [DefNew: 537K->25K(576K), 0.0002150 secs] 2323K->1812K(2836K), 0.0002564 secs]
3.261: [GC 3.261: [DefNew: 537K->25K(576K), 0.0002359 secs] 2324K->1814K(2836K), 0.0002800 secs]
3.269: [GC 3.269: [DefNew: 537K->24K(576K), 0.0002438 secs] 2326K->1815K(2836K), 0.0002895 secs]
3.277: [GC 3.277: [DefNew: 536K->24K(576K), 0.0002598 secs] 2327K->1817K(2836K), 0.0003073 secs]
3.284: [GC 3.284: [DefNew: 536K->24K(576K), 0.0002259 secs] 2329K->1818K(2836K), 0.0002685 secs]
3.292: [GC 3.292: [DefNew: 536K->24K(576K), 0.0002379 secs] 2330K->1820K(2836K), 0.0002948 secs]
3.299: [GC 3.299: [DefNew: 536K->24K(576K), 0.0002492 secs] 2332K->1822K(2836K), 0.0002934 secs]
3.307: [GC 3.307: [DefNew: 536K->25K(576K), 0.0002442 secs] 2334K->1824K(2836K), 0.0002907 secs]
3.315: [GC 3.315: [DefNew: 537K->25K(576K), 0.0002321 secs] 2336K->1826K(2836K), 0.0002760 secs]
3.322: [GC 3.322: [DefNew: 537K->25K(576K), 0.0002410 secs] 2338K->1827K(2836K), 0.0002858 secs]
3.329: [GC 3.329: [DefNew: 537K->25K(576K), 0.0002371 secs] 2339K->1829K(2836K), 0.0002844 secs]
3.337: [GC 3.337: [DefNew: 537K->25K(576K), 0.0002577 secs] 2341K->1831K(2836K), 0.0003044 secs]
3.345: [GC 3.345: [DefNew: 537K->25K(576K), 0.0002479 secs] 2343K->1832K(2836K), 0.0002950 secs]
3.353: [GC 3.353: [DefNew: 537K->24K(576K), 0.0002484 secs] 2344K->1834K(2836K), 0.0002938 secs]
3.360: [GC 3.360: [DefNew: 536K->24K(576K), 0.0002270 secs] 2346K->1835K(2836K), 0.0002690 secs]
3.367: [GC 3.367: [DefNew: 536K->24K(576K), 0.0002912 secs] 2347K->1837K(2836K), 0.0003385 secs]
3.375: [GC 3.375: [DefNew: 536K->25K(576K), 0.0002398 secs] 2349K->1839K(2836K), 0.0003257 secs]
3.383: [GC 3.383: [DefNew: 537K->25K(576K), 0.0002187 secs] 2351K->1840K(2836K), 0.0002621 secs]
3.391: [GC 3.391: [DefNew: 537K->25K(576K), 0.0002522 secs] 2352K->1842K(2836K), 0.0003042 secs]
3.399: [GC 3.399: [DefNew: 537K->25K(576K), 0.0002762 secs] 2354K->1844K(2836K), 0.0003265 secs]
3.406: [GC 3.407: [DefNew: 537K->25K(576K), 0.0002519 secs] 2356K->1846K(2836K), 0.0002988 secs]
3.414: [GC 3.414: [DefNew: 537K->25K(576K), 0.0002911 secs] 2358K->1847K(2836K), 0.0003329 secs]
3.421: [GC 3.421: [DefNew: 537K->25K(576K), 0.0002340 secs] 2359K->1849K(2836K), 0.0002784 secs]
3.428: [GC 3.428: [DefNew: 537K->24K(576K), 0.0002163 secs] 2361K->1850K(2836K), 0.0002654 secs]
3.436: [GC 3.436: [DefNew: 536K->24K(576K), 0.0002471 secs] 2362K->1852K(2836K), 0.0003022 secs]
3.444: [GC 3.444: [DefNew: 536K->24K(576K), 0.0002125 secs] 2364K->1853K(2836K), 0.0002527 secs]
3.451: [GC 3.451: [DefNew: 536K->24K(576K), 0.0002498 secs] 2365K->1855K(2836K), 0.0002962 secs]
3.459: [GC 3.459: [DefNew: 536K->25K(576K), 0.0002335 secs] 2367K->1857K(2836K), 0.0002756 secs]
3.466: [GC 3.466: [DefNew: 537K->25K(576K), 0.0002548 secs] 2369K->1859K(2836K), 0.0003043 secs]
3.474: [GC 3.474: [DefNew: 537K->25K(576K), 0.0002369 secs] 2371K->1861K(2836K), 0.0002830 secs]
3.481: [GC 3.481: [DefNew: 537K->25K(576K), 0.0002526 secs] 2373K->1862K(2836K), 0.0003006 secs]
3.489: [GC 3.489: [DefNew: 537K->25K(576K), 0.0002348 secs] 2374K->1864K(2836K), 0.0002800 secs]
3.496: [GC 3.496: [DefNew: 537K->25K(576K), 0.0002424 secs] 2376K->1865K(2836K), 0.0002879 secs]
3.504: [GC 3.504: [DefNew: 537K->24K(576K), 0.0002204 secs] 2377K->1867K(2836K), 0.0002623 secs]
3.511: [GC 3.511: [DefNew: 536K->24K(576K), 0.0002318 secs] 2379K->1868K(2836K), 0.0002763 secs]
3.519: [GC 3.519: [DefNew: 536K->24K(576K), 0.0002431 secs] 2380K->1870K(2836K), 0.0002893 secs]
3.527: [GC 3.527: [DefNew: 536K->24K(576K), 0.0002761 secs] 2382K->1872K(2836K), 0.0003269 secs]
3.534: [GC 3.534: [DefNew: 536K->24K(576K), 0.0002561 secs] 2384K->1874K(2836K), 0.0003043 secs]
3.542: [GC 3.542: [DefNew: 536K->25K(576K), 0.0002465 secs] 2386K->1875K(2836K), 0.0002949 secs]
3.549: [GC 3.549: [DefNew: 537K->25K(576K), 0.0002403 secs] 2387K->1877K(2836K), 0.0002838 secs]
3.557: [GC 3.557: [DefNew: 537K->25K(576K), 0.0002270 secs] 2389K->1879K(2836K), 0.0002706 secs]
3.565: [GC 3.565: [DefNew: 537K->25K(576K), 0.0002805 secs] 2391K->1881K(2836K), 0.0003269 secs]
3.573: [GC 3.573: [DefNew: 537K->25K(576K), 0.0002582 secs] 2393K->1882K(2836K), 0.0003052 secs]
3.580: [GC 3.580: [DefNew: 537K->25K(576K), 0.0002053 secs] 2394K->1884K(2836K), 0.0002466 secs]
3.587: [GC 3.588: [DefNew: 537K->24K(576K), 0.0002292 secs] 2396K->1885K(2836K), 0.0002725 secs]
3.595: [GC 3.595: [DefNew: 536K->24K(576K), 0.0002980 secs] 2397K->1887K(2836K), 0.0003448 secs]
3.603: [GC 3.603: [DefNew: 536K->24K(576K), 0.0002233 secs] 2399K->1888K(2836K), 0.0003418 secs]
3.611: [GC 3.611: [DefNew: 536K->24K(576K), 0.0002436 secs] 2400K->1890K(2836K), 0.0002959 secs]
3.618: [GC 3.618: [DefNew: 536K->25K(576K), 0.0002474 secs] 2402K->1892K(2836K), 0.0002944 secs]
3.626: [GC 3.626: [DefNew: 537K->25K(576K), 0.0002401 secs] 2404K->1894K(2836K), 0.0002857 secs]
3.634: [GC 3.634: [DefNew: 537K->25K(576K), 0.0002524 secs] 2406K->1895K(2836K), 0.0002996 secs]
3.641: [GC 3.641: [DefNew: 537K->24K(576K), 0.0002340 secs] 2407K->1896K(2836K), 0.0002778 secs]
3.648: [GC 3.648: [DefNew: 536K->24K(576K), 0.0002296 secs] 2408K->1898K(2836K), 0.0002741 secs]
3.656: [GC 3.656: [DefNew: 536K->24K(576K), 0.0002505 secs] 2410K->1899K(2836K), 0.0002980 secs]
3.661: [GC 3.661: [DefNew: 536K->23K(576K), 0.0004119 secs] 2411K->2147K(2836K), 0.0004545 secs]
3.668: [GC 3.668: [DefNew: 535K->23K(576K), 0.0002383 secs] 2659K->2148K(2836K), 0.0002837 secs]
3.675: [GC 3.675: [DefNew: 535K->23K(576K), 0.0002134 secs] 2660K->2150K(2836K), 0.0002592 secs]
3.683: [GC 3.683: [DefNew: 535K->23K(576K), 0.0002501 secs] 2662K->2151K(2836K), 0.0002967 secs]
3.690: [GC 3.690: [DefNew: 535K->23K(576K), 0.0002310 secs] 2663K->2153K(2836K), 0.0002768 secs]
3.698: [GC 3.698: [DefNew: 535K->23K(576K), 0.0002128 secs] 2665K->2155K(2836K), 0.0002542 secs]
3.705: [GC 3.705: [DefNew: 535K->24K(576K), 0.0002430 secs] 2667K->2156K(2836K), 0.0002895 secs]
3.713: [GC 3.713: [DefNew: 536K->23K(576K), 0.0002660 secs] 2668K->2158K(2836K), 0.0003156 secs]
3.720: [GC 3.720: [DefNew: 535K->23K(576K), 0.0002477 secs] 2670K->2159K(2836K), 0.0002993 secs]
3.728: [GC 3.728: [DefNew: 535K->22K(576K), 0.0002088 secs] 2671K->2160K(2836K), 0.0002512 secs]
3.735: [GC 3.735: [DefNew: 534K->22K(576K), 0.0002795 secs] 2672K->2162K(2836K), 0.0003264 secs]
3.743: [GC 3.743: [DefNew: 534K->22K(576K), 0.0002407 secs] 2674K->2164K(2836K), 0.0002864 secs]
3.751: [GC 3.751: [DefNew: 534K->23K(576K), 0.0002086 secs] 2676K->2166K(2836K), 0.0002495 secs]
3.758: [GC 3.758: [DefNew: 535K->23K(576K), 0.0002220 secs] 2678K->2167K(2836K), 0.0002653 secs]
3.765: [GC 3.765: [DefNew: 535K->23K(576K), 0.0002168 secs] 2679K->2169K(2836K), 0.0002591 secs]
3.772: [GC 3.772: [DefNew: 535K->23K(576K), 0.0002012 secs] 2681K->2170K(2836K), 0.0002495 secs]
3.780: [GC 3.780: [DefNew: 535K->23K(576K), 0.0002609 secs] 2682K->2171K(2836K), 0.0003084 secs]
3.787: [GC 3.787: [DefNew: 535K->23K(576K), 0.0003083 secs] 2683K->2173K(2836K), 0.0003567 secs]
3.795: [GC 3.795: [DefNew: 535K->24K(576K), 0.0002172 secs] 2685K->2175K(2836K), 0.0002590 secs]
3.803: [GC 3.803: [DefNew: 536K->24K(576K), 0.0002605 secs] 2687K->2177K(2836K), 0.0003075 secs]
3.811: [GC 3.811: [DefNew: 536K->24K(576K), 0.0002492 secs] 2689K->2178K(2836K), 0.0003155 secs]
3.819: [GC 3.819: [DefNew: 536K->23K(576K), 0.0002449 secs] 2690K->2180K(2836K), 0.0002919 secs]
3.826: [GC 3.826: [DefNew: 535K->23K(576K), 0.0002336 secs] 2692K->2181K(2836K), 0.0002792 secs]
3.834: [GC 3.834: [DefNew: 535K->23K(576K), 0.0002327 secs] 2693K->2182K(2836K), 0.0002781 secs]
3.841: [GC 3.842: [DefNew: 535K->24K(576K), 0.0002661 secs] 2694K->2184K(2836K), 0.0003130 secs]
3.849: [GC 3.849: [DefNew: 536K->24K(576K), 0.0002696 secs] 2696K->2186K(2836K), 0.0003191 secs]
3.857: [GC 3.857: [DefNew: 536K->24K(576K), 0.0002703 secs] 2698K->2188K(2836K), 0.0003203 secs]
3.865: [GC 3.865: [DefNew: 536K->23K(576K), 0.0002403 secs] 2700K->2189K(2836K), 0.0002862 secs]
3.872: [GC 3.872: [DefNew: 535K->23K(576K), 0.0002495 secs] 2701K->2191K(2836K), 0.0002968 secs]
3.880: [GC 3.880: [DefNew: 535K->23K(576K), 0.0002212 secs] 2703K->2192K(2836K), 0.0002627 secs]
3.887: [GC 3.887: [DefNew: 535K->23K(576K), 0.0002162 secs] 2704K->2193K(2836K), 0.0002598 secs]
3.894: [GC 3.894: [DefNew: 535K->24K(576K), 0.0002347 secs] 2705K->2195K(2836K), 0.0002801 secs]
3.903: [GC 3.903: [DefNew: 536K->24K(576K), 0.0002707 secs] 2707K->2197K(2836K), 0.0003186 secs]
3.910: [GC 3.910: [DefNew: 536K->24K(576K), 0.0002134 secs] 2709K->2199K(2836K), 0.0002541 secs]
3.918: [GC 3.918: [DefNew: 536K->23K(576K), 0.0002530 secs] 2711K->2200K(2836K), 0.0003065 secs]
3.925: [GC 3.925: [DefNew: 535K->23K(576K), 0.0002081 secs] 2712K->2202K(2836K), 0.0002503 secs]
3.933: [GC 3.933: [DefNew: 535K->23K(576K), 0.0002479 secs] 2714K->2203K(2836K), 0.0002946 secs]
3.941: [GC 3.941: [DefNew: 535K->23K(576K), 0.0002536 secs] 2715K->2205K(2836K), 0.0003005 secs]
3.948: [GC 3.948: [DefNew: 535K->24K(576K), 0.0002522 secs] 2717K->2206K(2836K), 0.0002998 secs]
3.956: [GC 3.956: [DefNew: 536K->24K(576K), 0.0002223 secs] 2718K->2208K(2836K), 0.0002644 secs]
3.964: [GC 3.964: [DefNew: 536K->24K(576K), 0.0002547 secs] 2720K->2210K(2836K), 0.0003020 secs]
3.971: [GC 3.971: [DefNew: 536K->23K(576K), 0.0002130 secs] 2722K->2211K(2836K), 0.0002552 secs]
3.978: [GC 3.978: [DefNew: 535K->23K(576K), 0.0002059 secs] 2723K->2213K(2836K), 0.0002477 secs]
3.985: [GC 3.985: [DefNew: 535K->23K(576K), 0.0002169 secs] 2725K->2214K(2836K), 0.0002604 secs]
3.992: [GC 3.992: [DefNew: 535K->23K(576K), 0.0002181 secs] 2726K->2216K(2836K), 0.0002608 secs]
4.000: [GC 4.000: [DefNew: 535K->24K(576K), 0.0002314 secs] 2728K->2217K(2836K), 0.0002754 secs]
4.007: [GC 4.008: [DefNew: 536K->24K(576K), 0.0002213 secs] 2729K->2219K(2836K), 0.0002647 secs]
4.015: [GC 4.015: [DefNew: 536K->24K(576K), 0.0002390 secs] 2731K->2221K(2836K), 0.0002838 secs]
4.022: [GC 4.022: [DefNew: 536K->24K(576K), 0.0002113 secs] 2733K->2223K(2836K), 0.0002536 secs]
4.030: [GC 4.030: [DefNew: 536K->24K(576K), 0.0002632 secs] 2735K->2224K(2836K), 0.0003108 secs]
4.037: [GC 4.037: [DefNew: 536K->24K(576K), 0.0002267 secs] 2736K->2225K(2836K), 0.0002717 secs]
4.045: [GC 4.045: [DefNew: 536K->24K(576K), 0.0003148 secs] 2737K->2227K(2836K), 0.0003606 secs]
4.052: [GC 4.052: [DefNew: 536K->24K(576K), 0.0002332 secs] 2739K->2228K(2836K), 0.0002773 secs]
4.060: [GC 4.060: [DefNew: 536K->24K(576K), 0.0002531 secs] 2740K->2230K(2836K), 0.0003052 secs]
4.067: [GC 4.068: [DefNew: 536K->24K(576K), 0.0002183 secs] 2742K->2232K(2836K), 0.0002600 secs]
4.075: [GC 4.075: [DefNew: 536K->24K(576K), 0.0002270 secs] 2744K->2234K(2836K), 0.0002713 secs]
4.083: [GC 4.083: [DefNew: 536K->24K(576K), 0.0002380 secs] 2746K->2236K(2836K), 0.0002811 secs]
4.090: [GC 4.090: [DefNew: 536K->24K(576K), 0.0002517 secs] 2748K->2237K(2836K), 0.0002982 secs]
4.098: [GC 4.098: [DefNew: 536K->24K(576K), 0.0002473 secs] 2749K->2239K(2836K), 0.0002935 secs]
4.106: [GC 4.106: [DefNew: 536K->24K(576K), 0.0002550 secs] 2751K->2240K(2836K), 0.0003029 secs]
4.113: [GC 4.113: [DefNew: 536K->24K(576K), 0.0002476 secs] 2752K->2241K(2836K), 0.0002945 secs]
4.121: [GC 4.121: [DefNew: 536K->24K(576K), 0.0002506 secs] 2753K->2243K(2836K), 0.0002975 secs]
4.128: [GC 4.128: [DefNew: 536K->24K(576K), 0.0002285 secs] 2755K->2245K(2836K), 0.0002727 secs]
4.136: [GC 4.136: [DefNew: 536K->24K(576K), 0.0002579 secs] 2757K->2247K(2836K), 0.0003049 secs]
4.144: [GC 4.144: [DefNew: 536K->24K(576K), 0.0002275 secs] 2759K->2248K(2836K), 0.0002716 secs]
4.152: [GC 4.152: [DefNew: 536K->24K(576K), 0.0002534 secs] 2760K->2250K(2836K), 0.0003011 secs]
4.159: [GC 4.159: [DefNew: 536K->24K(576K), 0.0002168 secs] 2762K->2251K(2836K), 0.0002587 secs]
4.166: [GC 4.166: [DefNew: 536K->24K(576K), 0.0002440 secs] 2763K->2253K(2836K), 0.0002911 secs]
4.174: [GC 4.174: [DefNew: 536K->24K(576K), 0.0002339 secs] 2765K->2254K(2836K), 0.0002790 secs]
4.182: [GC 4.182: [DefNew: 536K->24K(576K), 0.0002520 secs] 2766K->2256K(2836K), 0.0002975 secs]
4.189: [GC 4.189: [DefNew: 536K->24K(576K), 0.0002297 secs] 2768K->2258K(2836K), 0.0002815 secs]
4.197: [GC 4.197: [DefNew: 536K->24K(576K), 0.0002228 secs] 2770K->2260K(2836K), 0.0002664 secs]
4.204: [GC 4.204: [DefNew: 536K->24K(576K), 0.0002365 secs] 2772K->2261K(2836K), 0.0002787 secs]
4.211: [GC 4.211: [DefNew: 536K->23K(576K), 0.0002744 secs] 2773K->2262K(2836K), 0.0003255 secs]
4.219: [GC 4.219: [DefNew: 535K->24K(576K), 0.0002446 secs] 2774K->2264K(2836K), 0.0002963 secs]
4.226: [GC 4.226: [DefNew: 536K->24K(576K), 0.0002409 secs] 2776K->2265K(2836K), 0.0002862 secs]
4.234: [GC 4.234: [DefNew: 536K->24K(576K), 0.0002514 secs] 2777K->2267K(2836K), 0.0002995 secs]
4.241: [GC 4.241: [DefNew: 536K->24K(576K), 0.0002423 secs] 2779K->2269K(2836K), 0.0002880 secs]
4.249: [GC 4.249: [DefNew: 536K->23K(576K), 0.0002472 secs] 2781K->2270K(2836K), 0.0002943 secs]
4.257: [GC 4.257: [DefNew: 535K->23K(576K), 0.0002318 secs] 2782K->2272K(2836K), 0.0002776 secs]
4.264: [GC 4.264: [DefNew: 535K->23K(576K), 0.0002572 secs] 2784K->2273K(2836K), 0.0003060 secs]
4.272: [GC 4.272: [DefNew: 535K->23K(576K), 0.0002398 secs]4.272: [Tenured: 2251K->2024K(2260K), 0.0271688 secs] 2785K->2024K(2836K), 0.0275299 secs]
4.307: [GC 4.307: [DefNew: 512K->2K(576K), 0.0002521 secs] 2536K->2026K(3952K), 0.0002991 secs]
4.315: [GC 4.315: [DefNew: 514K->3K(576K), 0.0001700 secs] 2538K->2028K(3952K), 0.0002135 secs]
4.323: [GC 4.323: [DefNew: 515K->5K(576K), 0.0002328 secs] 2540K->2029K(3952K), 0.0002813 secs]
4.331: [GC 4.331: [DefNew: 517K->6K(576K), 0.0001981 secs] 2541K->2031K(3952K), 0.0002441 secs]
4.339: [GC 4.339: [DefNew: 518K->8K(576K), 0.0002079 secs] 2543K->2032K(3952K), 0.0002554 secs]
4.346: [GC 4.346: [DefNew: 520K->9K(576K), 0.0001808 secs] 2544K->2033K(3952K), 0.0002216 secs]
4.354: [GC 4.354: [DefNew: 521K->11K(576K), 0.0001879 secs] 2545K->2035K(3952K), 0.0002315 secs]
4.361: [GC 4.361: [DefNew: 523K->13K(576K), 0.0001977 secs] 2547K->2037K(3952K), 0.0002433 secs]
4.369: [GC 4.369: [DefNew: 525K->14K(576K), 0.0002105 secs] 2549K->2039K(3952K), 0.0002566 secs]
4.376: [GC 4.376: [DefNew: 526K->16K(576K), 0.0002242 secs] 2551K->2040K(3952K), 0.0002867 secs]
4.384: [GC 4.384: [DefNew: 528K->17K(576K), 0.0002000 secs] 2552K->2042K(3952K), 0.0002437 secs]
4.391: [GC 4.391: [DefNew: 529K->19K(576K), 0.0002055 secs] 2554K->2043K(3952K), 0.0002503 secs]
4.398: [GC 4.398: [DefNew: 531K->20K(576K), 0.0002000 secs] 2555K->2044K(3952K), 0.0002424 secs]
4.407: [GC 4.407: [DefNew: 532K->22K(576K), 0.0002549 secs] 2556K->2046K(3952K), 0.0003026 secs]
4.414: [GC 4.414: [DefNew: 534K->24K(576K), 0.0002526 secs] 2558K->2048K(3952K), 0.0002962 secs]
4.422: [GC 4.422: [DefNew: 536K->24K(576K), 0.0002209 secs] 2560K->2050K(3952K), 0.0002647 secs]
4.430: [GC 4.430: [DefNew: 536K->24K(576K), 0.0002556 secs] 2562K->2051K(3952K), 0.0003033 secs]
4.438: [GC 4.438: [DefNew: 536K->23K(576K), 0.0002495 secs] 2563K->2053K(3952K), 0.0002972 secs]
4.446: [GC 4.446: [DefNew: 535K->23K(576K), 0.0002260 secs] 2565K->2054K(3952K), 0.0002704 secs]
4.453: [GC 4.453: [DefNew: 535K->23K(576K), 0.0002310 secs] 2566K->2056K(3952K), 0.0002763 secs]
4.461: [GC 4.461: [DefNew: 535K->24K(576K), 0.0002237 secs] 2568K->2057K(3952K), 0.0002674 secs]
4.469: [GC 4.469: [DefNew: 536K->24K(576K), 0.0002584 secs] 2569K->2059K(3952K), 0.0003063 secs]
4.476: [GC 4.476: [DefNew: 536K->24K(576K), 0.0002304 secs] 2571K->2061K(3952K), 0.0002761 secs]
4.484: [GC 4.485: [DefNew: 536K->24K(576K), 0.0002535 secs] 2573K->2062K(3952K), 0.0003014 secs]
4.492: [GC 4.492: [DefNew: 536K->23K(576K), 0.0002256 secs] 2574K->2064K(3952K), 0.0002713 secs]
4.499: [GC 4.499: [DefNew: 535K->23K(576K), 0.0002509 secs] 2576K->2065K(3952K), 0.0002976 secs]
4.507: [GC 4.507: [DefNew: 535K->23K(576K), 0.0002119 secs] 2577K->2067K(3952K), 0.0002542 secs]
4.514: [GC 4.514: [DefNew: 535K->24K(576K), 0.0002160 secs] 2579K->2068K(3952K), 0.0002590 secs]
4.521: [GC 4.521: [DefNew: 536K->24K(576K), 0.0002512 secs] 2580K->2070K(3952K), 0.0002980 secs]
4.529: [GC 4.529: [DefNew: 536K->24K(576K), 0.0002423 secs] 2582K->2072K(3952K), 0.0002894 secs]
4.537: [GC 4.537: [DefNew: 536K->24K(576K), 0.0002483 secs] 2584K->2073K(3952K), 0.0002959 secs]
4.544: [GC 4.544: [DefNew: 536K->23K(576K), 0.0002350 secs] 2585K->2075K(3952K), 0.0002812 secs]
4.551: [GC 4.551: [DefNew: 535K->23K(576K), 0.0002373 secs] 2587K->2076K(3952K), 0.0002791 secs]
4.559: [GC 4.559: [DefNew: 535K->23K(576K), 0.0002369 secs] 2588K->2078K(3952K), 0.0002822 secs]
4.566: [GC 4.566: [DefNew: 535K->24K(576K), 0.0002218 secs] 2590K->2079K(3952K), 0.0002638 secs]
4.574: [GC 4.574: [DefNew: 536K->24K(576K), 0.0002168 secs] 2591K->2081K(3952K), 0.0002594 secs]
4.581: [GC 4.581: [DefNew: 536K->23K(576K), 0.0002215 secs] 2593K->2083K(3952K), 0.0002758 secs]
4.589: [GC 4.589: [DefNew: 535K->23K(576K), 0.0002528 secs] 2595K->2084K(3952K), 0.0002999 secs]
4.596: [GC 4.596: [DefNew: 535K->23K(576K), 0.0002038 secs] 2596K->2086K(3952K), 0.0002446 secs]
4.604: [GC 4.604: [DefNew: 535K->23K(576K), 0.0002188 secs] 2598K->2087K(3952K), 0.0002633 secs]
4.611: [GC 4.611: [DefNew: 535K->23K(576K), 0.0002465 secs] 2599K->2089K(3952K), 0.0002939 secs]
4.619: [GC 4.619: [DefNew: 535K->23K(576K), 0.0002329 secs] 2601K->2090K(3952K), 0.0002784 secs]
4.626: [GC 4.627: [DefNew: 535K->23K(576K), 0.0002306 secs] 2602K->2092K(3952K), 0.0002753 secs]
4.634: [GC 4.634: [DefNew: 535K->23K(576K), 0.0002276 secs] 2604K->2094K(3952K), 0.0002729 secs]
4.641: [GC 4.641: [DefNew: 535K->23K(576K), 0.0002460 secs] 2606K->2095K(3952K), 0.0002979 secs]
4.649: [GC 4.649: [DefNew: 535K->22K(576K), 0.0002507 secs] 2607K->2096K(3952K), 0.0002991 secs]
4.656: [GC 4.657: [DefNew: 534K->23K(576K), 0.0002328 secs] 2608K->2098K(3952K), 0.0002785 secs]
4.664: [GC 4.664: [DefNew: 535K->23K(576K), 0.0002195 secs] 2610K->2099K(3952K), 0.0002640 secs]
4.671: [GC 4.671: [DefNew: 535K->23K(576K), 0.0002468 secs] 2611K->2101K(3952K), 0.0002915 secs]
4.679: [GC 4.679: [DefNew: 535K->23K(576K), 0.0002303 secs] 2613K->2103K(3952K), 0.0002753 secs]
4.686: [GC 4.686: [DefNew: 535K->23K(576K), 0.0002335 secs] 2615K->2104K(3952K), 0.0002789 secs]
4.694: [GC 4.694: [DefNew: 535K->22K(576K), 0.0002286 secs] 2616K->2105K(3952K), 0.0002738 secs]
4.702: [GC 4.702: [DefNew: 534K->22K(576K), 0.0002289 secs] 2617K->2107K(3952K), 0.0002735 secs]
4.709: [GC 4.709: [DefNew: 534K->23K(576K), 0.0002166 secs] 2619K->2109K(3952K), 0.0002602 secs]
4.717: [GC 4.717: [DefNew: 535K->23K(576K), 0.0002465 secs] 2621K->2110K(3952K), 0.0002942 secs]
4.724: [GC 4.724: [DefNew: 535K->23K(576K), 0.0002049 secs] 2622K->2112K(3952K), 0.0002464 secs]
4.731: [GC 4.731: [DefNew: 535K->22K(576K), 0.0002490 secs] 2624K->2113K(3952K), 0.0002929 secs]
4.739: [GC 4.739: [DefNew: 534K->22K(576K), 0.0002470 secs] 2625K->2114K(3952K), 0.0002935 secs]
4.746: [GC 4.747: [DefNew: 534K->22K(576K), 0.0002388 secs] 2626K->2116K(3952K), 0.0002857 secs]
4.754: [GC 4.754: [DefNew: 534K->23K(576K), 0.0002068 secs] 2628K->2118K(3952K), 0.0002498 secs]
4.761: [GC 4.761: [DefNew: 535K->23K(576K), 0.0002216 secs] 2630K->2119K(3952K), 0.0002658 secs]
4.768: [GC 4.768: [DefNew: 535K->22K(576K), 0.0002264 secs] 2631K->2120K(3952K), 0.0002691 secs]
4.776: [GC 4.776: [DefNew: 534K->22K(576K), 0.0002103 secs] 2632K->2122K(3952K), 0.0002525 secs]
4.783: [GC 4.783: [DefNew: 534K->22K(576K), 0.0002477 secs] 2634K->2123K(3952K), 0.0003113 secs]
4.791: [GC 4.791: [DefNew: 534K->22K(576K), 0.0002204 secs] 2635K->2125K(3952K), 0.0002656 secs]
4.799: [GC 4.799: [DefNew: 534K->22K(576K), 0.0002621 secs] 2637K->2127K(3952K), 0.0003118 secs]
4.807: [GC 4.807: [DefNew: 534K->22K(576K), 0.0003073 secs] 2639K->2128K(3952K), 0.0003555 secs]
4.815: [GC 4.815: [DefNew: 534K->22K(576K), 0.0002223 secs] 2640K->2129K(3952K), 0.0002661 secs]
4.822: [GC 4.822: [DefNew: 534K->22K(576K), 0.0002287 secs] 2641K->2131K(3952K), 0.0002733 secs]
4.829: [GC 4.829: [DefNew: 534K->22K(576K), 0.0002315 secs] 2643K->2133K(3952K), 0.0002772 secs]
4.837: [GC 4.837: [DefNew: 534K->22K(576K), 0.0002136 secs] 2645K->2134K(3952K), 0.0002698 secs]
4.844: [GC 4.844: [DefNew: 534K->22K(576K), 0.0002494 secs] 2646K->2135K(3952K), 0.0002964 secs]
4.852: [GC 4.852: [DefNew: 534K->22K(576K), 0.0002216 secs] 2647K->2136K(3952K), 0.0002656 secs]
4.861: [GC 4.861: [DefNew: 534K->22K(576K), 0.0002676 secs] 2648K->2138K(3952K), 0.0003189 secs]
4.869: [GC 4.869: [DefNew: 534K->22K(576K), 0.0002403 secs] 2650K->2140K(3952K), 0.0002884 secs]
4.876: [GC 4.876: [DefNew: 534K->22K(576K), 0.0002320 secs] 2652K->2141K(3952K), 0.0002774 secs]
4.883: [GC 4.883: [DefNew: 534K->22K(576K), 0.0002039 secs] 2653K->2142K(3952K), 0.0002453 secs]
4.891: [GC 4.891: [DefNew: 534K->22K(576K), 0.0002338 secs] 2654K->2144K(3952K), 0.0002795 secs]
4.898: [GC 4.898: [DefNew: 534K->22K(576K), 0.0002129 secs] 2656K->2146K(3952K), 0.0002559 secs]
4.906: [GC 4.906: [DefNew: 534K->22K(576K), 0.0002420 secs] 2658K->2147K(3952K), 0.0002892 secs]
4.913: [GC 4.913: [DefNew: 534K->21K(576K), 0.0002014 secs] 2659K->2148K(3952K), 0.0002421 secs]
4.921: [GC 4.921: [DefNew: 533K->22K(576K), 0.0002258 secs] 2660K->2149K(3952K), 0.0002712 secs]
4.928: [GC 4.928: [DefNew: 534K->22K(576K), 0.0002253 secs] 2661K->2151K(3952K), 0.0002690 secs]
4.936: [GC 4.936: [DefNew: 534K->22K(576K), 0.0002318 secs] 2663K->2153K(3952K), 0.0002782 secs]
4.943: [GC 4.943: [DefNew: 534K->21K(576K), 0.0002342 secs] 2665K->2154K(3952K), 0.0002797 secs]
4.951: [GC 4.951: [DefNew: 533K->21K(576K), 0.0002430 secs] 2666K->2155K(3952K), 0.0002944 secs]
4.958: [GC 4.958: [DefNew: 533K->21K(576K), 0.0002059 secs] 2667K->2157K(3952K), 0.0002483 secs]
4.966: [GC 4.966: [DefNew: 533K->22K(576K), 0.0002451 secs] 2669K->2158K(3952K), 0.0002918 secs]
4.973: [GC 4.973: [DefNew: 534K->21K(576K), 0.0002108 secs] 2670K->2160K(3952K), 0.0002525 secs]
4.980: [GC 4.980: [DefNew: 533K->20K(576K), 0.0002326 secs] 2672K->2161K(3952K), 0.0002769 secs]
4.988: [GC 4.988: [DefNew: 532K->21K(576K), 0.0002069 secs] 2673K->2162K(3952K), 0.0002487 secs]
4.995: [GC 4.995: [DefNew: 533K->21K(576K), 0.0002358 secs] 2674K->2164K(3952K), 0.0002812 secs]
5.002: [GC 5.002: [DefNew: 533K->21K(576K), 0.0002117 secs] 2676K->2165K(3952K), 0.0002552 secs]
5.009: [GC 5.009: [DefNew: 533K->20K(576K), 0.0002197 secs] 2677K->2166K(3952K), 0.0002632 secs]
5.017: [GC 5.017: [DefNew: 532K->20K(576K), 0.0002138 secs] 2678K->2168K(3952K), 0.0002568 secs]
5.024: [GC 5.024: [DefNew: 532K->21K(576K), 0.0002211 secs] 2680K->2169K(3952K), 0.0002654 secs]
5.032: [GC 5.032: [DefNew: 533K->20K(576K), 0.0002417 secs] 2681K->2170K(3952K), 0.0002887 secs]
5.039: [GC 5.039: [DefNew: 532K->20K(576K), 0.0002361 secs] 2682K->2171K(3952K), 0.0002824 secs]
5.047: [GC 5.047: [DefNew: 532K->20K(576K), 0.0002313 secs] 2683K->2173K(3952K), 0.0002784 secs]
5.054: [GC 5.054: [DefNew: 532K->20K(576K), 0.0002376 secs] 2685K->2174K(3952K), 0.0002846 secs]
5.062: [GC 5.062: [DefNew: 532K->20K(576K), 0.0002386 secs] 2686K->2175K(3952K), 0.0002895 secs]
5.069: [GC 5.069: [DefNew: 532K->20K(576K), 0.0002039 secs] 2687K->2177K(3952K), 0.0002458 secs]
5.076: [GC 5.076: [DefNew: 532K->19K(576K), 0.0002183 secs] 2689K->2178K(3952K), 0.0002637 secs]
5.084: [GC 5.084: [DefNew: 531K->19K(576K), 0.0002064 secs] 2690K->2179K(3952K), 0.0002491 secs]
5.091: [GC 5.091: [DefNew: 531K->20K(576K), 0.0002773 secs] 2691K->2181K(3952K), 0.0003246 secs]
5.098: [GC 5.098: [DefNew: 532K->19K(576K), 0.0002144 secs] 2693K->2182K(3952K), 0.0002573 secs]
5.105: [GC 5.106: [DefNew: 531K->19K(576K), 0.0002211 secs] 2694K->2183K(3952K), 0.0002665 secs]
5.114: [GC 5.114: [DefNew: 531K->19K(576K), 0.0002502 secs] 2695K->2184K(3952K), 0.0003005 secs]
5.121: [GC 5.121: [DefNew: 531K->19K(576K), 0.0002409 secs] 2696K->2185K(3952K), 0.0002889 secs]
5.128: [GC 5.128: [DefNew: 531K->18K(576K), 0.0001999 secs] 2697K->2186K(3952K), 0.0002417 secs]
5.136: [GC 5.136: [DefNew: 530K->19K(576K), 0.0002276 secs] 2698K->2188K(3952K), 0.0002736 secs]
5.143: [GC 5.143: [DefNew: 531K->19K(576K), 0.0002248 secs] 2700K->2189K(3952K), 0.0002699 secs]
5.150: [GC 5.150: [DefNew: 531K->18K(576K), 0.0002305 secs] 2701K->2190K(3952K), 0.0002789 secs]
5.158: [GC 5.158: [DefNew: 530K->18K(576K), 0.0002528 secs] 2702K->2192K(3952K), 0.0003003 secs]
5.165: [GC 5.165: [DefNew: 530K->19K(576K), 0.0002029 secs] 2704K->2193K(3952K), 0.0002464 secs]
5.172: [GC 5.172: [DefNew: 531K->18K(576K), 0.0002318 secs] 2705K->2194K(3952K), 0.0002791 secs]
5.179: [GC 5.179: [DefNew: 530K->18K(576K), 0.0002252 secs] 2706K->2195K(3952K), 0.0002849 secs]
5.187: [GC 5.187: [DefNew: 530K->17K(576K), 0.0002196 secs] 2707K->2196K(3952K), 0.0002652 secs]
5.194: [GC 5.194: [DefNew: 529K->18K(576K), 0.0001993 secs] 2708K->2197K(3952K), 0.0002408 secs]
5.201: [GC 5.201: [DefNew: 530K->18K(576K), 0.0002435 secs] 2709K->2198K(3952K), 0.0002926 secs]
5.209: [GC 5.209: [DefNew: 530K->17K(576K), 0.0002357 secs] 2710K->2199K(3952K), 0.0002833 secs]
5.216: [GC 5.216: [DefNew: 529K->18K(576K), 0.0002619 secs] 2711K->2201K(3952K), 0.0003318 secs]
5.224: [GC 5.224: [DefNew: 530K->17K(576K), 0.0002418 secs] 2713K->2201K(3952K), 0.0002895 secs]
5.231: [GC 5.231: [DefNew: 529K->17K(576K), 0.0004633 secs] 2713K->2203K(3952K), 0.0005194 secs]
5.252: [GC 5.252: [DefNew: 529K->17K(576K), 0.0002464 secs] 2715K->2204K(3952K), 0.0002963 secs]
5.260: [GC 5.260: [DefNew: 529K->16K(576K), 0.0002405 secs] 2716K->2205K(3952K), 0.0002866 secs]
5.268: [GC 5.268: [DefNew: 528K->17K(576K), 0.0002474 secs] 2717K->2206K(3952K), 0.0002956 secs]
5.275: [GC 5.275: [DefNew: 529K->16K(576K), 0.0002597 secs] 2718K->2207K(3952K), 0.0003104 secs]
5.283: [GC 5.283: [DefNew: 528K->16K(576K), 0.0002572 secs] 2719K->2208K(3952K), 0.0003079 secs]
5.291: [GC 5.291: [DefNew: 528K->17K(576K), 0.0002553 secs] 2720K->2209K(3952K), 0.0003083 secs]
5.299: [GC 5.299: [DefNew: 529K->16K(576K), 0.0005535 secs] 2721K->2210K(3952K), 0.0006022 secs]
5.308: [GC 5.308: [DefNew: 528K->16K(576K), 0.0002500 secs] 2722K->2212K(3952K), 0.0002991 secs]
5.315: [GC 5.315: [DefNew: 528K->16K(576K), 0.0002302 secs] 2724K->2212K(3952K), 0.0002783 secs]
5.323: [GC 5.323: [DefNew: 528K->16K(576K), 0.0002499 secs] 2724K->2214K(3952K), 0.0003016 secs]
5.331: [GC 5.331: [DefNew: 528K->15K(576K), 0.0002408 secs] 2726K->2214K(3952K), 0.0002893 secs]
5.338: [GC 5.338: [DefNew: 527K->16K(576K), 0.0002664 secs] 2726K->2216K(3952K), 0.0003165 secs]
5.347: [GC 5.347: [DefNew: 528K->16K(576K), 0.0005513 secs] 2728K->2217K(3952K), 0.0006027 secs]
5.357: [GC 5.357: [DefNew: 528K->16K(576K), 0.0002426 secs] 2729K->2218K(3952K), 0.0002920 secs]
5.366: [GC 5.366: [DefNew: 528K->16K(576K), 0.0002516 secs] 2730K->2219K(3952K), 0.0003017 secs]
5.377: [GC 5.377: [DefNew: 528K->15K(576K), 0.0002421 secs] 2731K->2220K(3952K), 0.0002912 secs]
5.385: [GC 5.385: [DefNew: 527K->16K(576K), 0.0002517 secs] 2732K->2221K(3952K), 0.0003016 secs]
5.393: [GC 5.393: [DefNew: 528K->15K(576K), 0.0002371 secs] 2733K->2222K(3952K), 0.0002858 secs]
5.402: [GC 5.402: [DefNew: 527K->16K(576K), 0.0002376 secs] 2734K->2223K(3952K), 0.0002855 secs]
5.410: [GC 5.410: [DefNew: 528K->16K(576K), 0.0002397 secs] 2735K->2224K(3952K), 0.0002894 secs]
5.419: [GC 5.419: [DefNew: 528K->16K(576K), 0.0006482 secs] 2736K->2225K(3952K), 0.0007009 secs]
5.426: [GC 5.426: [DefNew: 528K->16K(576K), 0.0002768 secs] 2737K->2226K(3952K), 0.0003271 secs]
5.434: [GC 5.434: [DefNew: 528K->15K(576K), 0.0002426 secs] 2738K->2227K(3952K), 0.0002924 secs]
5.444: [GC 5.445: [DefNew: 527K->16K(576K), 0.0002423 secs] 2739K->2228K(3952K), 0.0002936 secs]
5.452: [GC 5.452: [DefNew: 528K->15K(576K), 0.0002488 secs] 2740K->2229K(3952K), 0.0002994 secs]
5.460: [GC 5.460: [DefNew: 527K->16K(576K), 0.0002399 secs] 2741K->2230K(3952K), 0.0002877 secs]
5.468: [GC 5.468: [DefNew: 528K->15K(576K), 0.0002473 secs] 2742K->2231K(3952K), 0.0003354 secs]
5.476: [GC 5.476: [DefNew: 527K->15K(576K), 0.0002479 secs] 2743K->2232K(3952K), 0.0002975 secs]
5.486: [GC 5.486: [DefNew: 527K->15K(576K), 0.0002427 secs] 2744K->2233K(3952K), 0.0002930 secs]
5.494: [GC 5.494: [DefNew: 527K->15K(576K), 0.0002423 secs] 2745K->2234K(3952K), 0.0002918 secs]
5.502: [GC 5.502: [DefNew: 527K->16K(576K), 0.0002401 secs] 2746K->2236K(3952K), 0.0002894 secs]
5.510: [GC 5.510: [DefNew: 528K->15K(576K), 0.0002411 secs] 2748K->2236K(3952K), 0.0002925 secs]
5.519: [GC 5.519: [DefNew: 527K->16K(576K), 0.0002364 secs] 2748K->2238K(3952K), 0.0002862 secs]
5.526: [GC 5.526: [DefNew: 528K->15K(576K), 0.0002565 secs] 2750K->2238K(3952K), 0.0003190 secs]
5.534: [GC 5.534: [DefNew: 527K->15K(576K), 0.0002420 secs] 2750K->2239K(3952K), 0.0002924 secs]
5.543: [GC 5.543: [DefNew: 527K->15K(576K), 0.0002401 secs] 2751K->2240K(3952K), 0.0002896 secs]
5.551: [GC 5.552: [DefNew: 527K->15K(576K), 0.0002555 secs] 2752K->2241K(3952K), 0.0003087 secs]
5.560: [GC 5.560: [DefNew: 527K->15K(576K), 0.0002457 secs] 2753K->2242K(3952K), 0.0002957 secs]
5.568: [GC 5.568: [DefNew: 527K->15K(576K), 0.0002463 secs] 2754K->2243K(3952K), 0.0002963 secs]
5.576: [GC 5.576: [DefNew: 527K->15K(576K), 0.0002547 secs] 2755K->2244K(3952K), 0.0003053 secs]
5.584: [GC 5.584: [DefNew: 527K->15K(576K), 0.0002437 secs] 2756K->2245K(3952K), 0.0002963 secs]
5.592: [GC 5.592: [DefNew: 527K->15K(576K), 0.0002415 secs] 2757K->2246K(3952K), 0.0002912 secs]
5.600: [GC 5.600: [DefNew: 527K->15K(576K), 0.0002662 secs] 2758K->2247K(3952K), 0.0003171 secs]
5.609: [GC 5.609: [DefNew: 527K->15K(576K), 0.0002480 secs] 2759K->2248K(3952K), 0.0002989 secs]
5.616: [GC 5.616: [DefNew: 527K->14K(576K), 0.0002314 secs] 2760K->2249K(3952K), 0.0002787 secs]
5.624: [GC 5.624: [DefNew: 526K->15K(576K), 0.0002385 secs] 2761K->2250K(3952K), 0.0002880 secs]
5.631: [GC 5.631: [DefNew: 527K->15K(576K), 0.0002294 secs] 2762K->2251K(3952K), 0.0002756 secs]
5.639: [GC 5.639: [DefNew: 527K->14K(576K), 0.0002311 secs] 2763K->2252K(3952K), 0.0002781 secs]
5.646: [GC 5.646: [DefNew: 526K->14K(576K), 0.0002292 secs] 2764K->2253K(3952K), 0.0002776 secs]
5.655: [GC 5.655: [DefNew: 526K->15K(576K), 0.0002421 secs] 2765K->2254K(3952K), 0.0002931 secs]
5.662: [GC 5.662: [DefNew: 527K->14K(576K), 0.0002162 secs] 2766K->2255K(3952K), 0.0002632 secs]
5.671: [GC 5.671: [DefNew: 526K->14K(576K), 0.0002486 secs] 2767K->2256K(3952K), 0.0002973 secs]
5.678: [GC 5.678: [DefNew: 526K->14K(576K), 0.0002166 secs] 2768K->2256K(3952K), 0.0002632 secs]
5.687: [GC 5.687: [DefNew: 526K->14K(576K), 0.0002358 secs] 2768K->2258K(3952K), 0.0002844 secs]
5.694: [GC 5.694: [DefNew: 526K->14K(576K), 0.0002353 secs] 2770K->2258K(3952K), 0.0002843 secs]
5.702: [GC 5.702: [DefNew: 526K->14K(576K), 0.0002389 secs] 2770K->2260K(3952K), 0.0002878 secs]
5.710: [GC 5.710: [DefNew: 526K->14K(576K), 0.0002256 secs] 2772K->2260K(3952K), 0.0002725 secs]
5.718: [GC 5.718: [DefNew: 526K->14K(576K), 0.0002315 secs] 2772K->2262K(3952K), 0.0002820 secs]
5.725: [GC 5.725: [DefNew: 526K->13K(576K), 0.0002189 secs] 2774K->2262K(3952K), 0.0002651 secs]
5.735: [GC 5.735: [DefNew: 525K->14K(576K), 0.0002499 secs] 2774K->2264K(3952K), 0.0003003 secs]
5.742: [GC 5.742: [DefNew: 526K->14K(576K), 0.0002608 secs] 2776K->2265K(3952K), 0.0003105 secs]
5.751: [GC 5.751: [DefNew: 526K->14K(576K), 0.0002505 secs] 2777K->2265K(3952K), 0.0003025 secs]
5.759: [GC 5.759: [DefNew: 526K->14K(576K), 0.0002396 secs] 2777K->2266K(3952K), 0.0002902 secs]
5.767: [GC 5.767: [DefNew: 526K->14K(576K), 0.0002411 secs] 2778K->2267K(3952K), 0.0002911 secs]
5.774: [GC 5.775: [DefNew: 526K->14K(576K), 0.0002383 secs] 2779K->2268K(3952K), 0.0002881 secs]
5.782: [GC 5.782: [DefNew: 526K->14K(576K), 0.0002325 secs] 2780K->2269K(3952K), 0.0002808 secs]
5.790: [GC 5.790: [DefNew: 526K->14K(576K), 0.0002422 secs] 2781K->2270K(3952K), 0.0002915 secs]
5.799: [GC 5.799: [DefNew: 526K->14K(576K), 0.0002646 secs] 2782K->2271K(3952K), 0.0003147 secs]
5.807: [GC 5.807: [DefNew: 526K->14K(576K), 0.0002424 secs] 2783K->2272K(3952K), 0.0002932 secs]
5.814: [GC 5.815: [DefNew: 526K->14K(576K), 0.0002329 secs] 2784K->2273K(3952K), 0.0002828 secs]
5.823: [GC 5.823: [DefNew: 526K->14K(576K), 0.0002514 secs] 2785K->2274K(3952K), 0.0003020 secs]
5.831: [GC 5.831: [DefNew: 526K->14K(576K), 0.0002461 secs] 2786K->2275K(3952K), 0.0002959 secs]
5.839: [GC 5.839: [DefNew: 526K->14K(576K), 0.0002452 secs] 2787K->2276K(3952K), 0.0002945 secs]
5.849: [GC 5.849: [DefNew: 526K->14K(576K), 0.0002405 secs] 2788K->2276K(3952K), 0.0002896 secs]
5.858: [GC 5.858: [DefNew: 526K->13K(576K), 0.0002698 secs] 2788K->2277K(3952K), 0.0003218 secs]
5.865: [GC 5.865: [DefNew: 525K->14K(576K), 0.0002383 secs] 2789K->2278K(3952K), 0.0002873 secs]
5.873: [GC 5.873: [DefNew: 526K->14K(576K), 0.0002905 secs] 2790K->2279K(3952K), 0.0003434 secs]
5.881: [GC 5.881: [DefNew: 526K->14K(576K), 0.0002542 secs] 2791K->2280K(3952K), 0.0003404 secs]
5.889: [GC 5.889: [DefNew: 526K->13K(576K), 0.0002398 secs] 2792K->2281K(3952K), 0.0003026 secs]
5.897: [GC 5.897: [DefNew: 525K->13K(576K), 0.0002422 secs] 2793K->2282K(3952K), 0.0002905 secs]
5.906: [GC 5.906: [DefNew: 525K->13K(576K), 0.0002413 secs] 2794K->2282K(3952K), 0.0002934 secs]
5.915: [GC 5.915: [DefNew: 525K->13K(576K), 0.0002480 secs] 2794K->2284K(3952K), 0.0003078 secs]
5.922: [GC 5.922: [DefNew: 525K->13K(576K), 0.0002396 secs] 2796K->2284K(3952K), 0.0002907 secs]
5.931: [GC 5.931: [DefNew: 525K->13K(576K), 0.0002542 secs] 2796K->2286K(3952K), 0.0003043 secs]
5.938: [GC 5.938: [DefNew: 525K->13K(576K), 0.0002444 secs] 2798K->2286K(3952K), 0.0002944 secs]
5.947: [GC 5.947: [DefNew: 525K->13K(576K), 0.0002608 secs] 2798K->2287K(3952K), 0.0003111 secs]
5.955: [GC 5.955: [DefNew: 525K->13K(576K), 0.0002384 secs] 2799K->2288K(3952K), 0.0002887 secs]
5.963: [GC 5.963: [DefNew: 525K->13K(576K), 0.0002437 secs] 2800K->2289K(3952K), 0.0002946 secs]
5.971: [GC 5.971: [DefNew: 525K->13K(576K), 0.0002419 secs] 2801K->2290K(3952K), 0.0002927 secs]
5.978: [GC 5.978: [DefNew: 525K->14K(576K), 0.0002612 secs] 2802K->2291K(3952K), 0.0003137 secs]
5.987: [GC 5.988: [DefNew: 526K->13K(576K), 0.0002311 secs] 2803K->2291K(3952K), 0.0002792 secs]
5.995: [GC 5.995: [DefNew: 525K->14K(576K), 0.0002388 secs] 2803K->2293K(3952K), 0.0002897 secs]
6.003: [GC 6.003: [DefNew: 526K->13K(576K), 0.0002559 secs] 2805K->2293K(3952K), 0.0003048 secs]
6.010: [GC 6.010: [DefNew: 525K->14K(576K), 0.0002054 secs] 2805K->2295K(3952K), 0.0002502 secs]
6.018: [GC 6.018: [DefNew: 526K->13K(576K), 0.0002191 secs] 2807K->2295K(3952K), 0.0002662 secs]
6.025: [GC 6.025: [DefNew: 525K->14K(576K), 0.0002064 secs] 2807K->2297K(3952K), 0.0002817 secs]
6.033: [GC 6.033: [DefNew: 526K->13K(576K), 0.0002370 secs] 2809K->2297K(3952K), 0.0002861 secs]
6.041: [GC 6.041: [DefNew: 525K->14K(576K), 0.0002391 secs] 2809K->2298K(3952K), 0.0002899 secs]
6.050: [GC 6.050: [DefNew: 526K->13K(576K), 0.0002383 secs] 2810K->2299K(3952K), 0.0002881 secs]
6.060: [GC 6.061: [DefNew: 525K->14K(576K), 0.0002369 secs] 2811K->2300K(3952K), 0.0002862 secs]
6.068: [GC 6.068: [DefNew: 526K->13K(576K), 0.0002341 secs] 2812K->2301K(3952K), 0.0002836 secs]
6.076: [GC 6.076: [DefNew: 525K->14K(576K), 0.0003211 secs] 2813K->2302K(3952K), 0.0003725 secs]
6.083: [GC 6.083: [DefNew: 526K->13K(576K), 0.0002515 secs] 2814K->2302K(3952K), 0.0003008 secs]
6.092: [GC 6.092: [DefNew: 525K->14K(576K), 0.0002375 secs] 2814K->2304K(3952K), 0.0002865 secs]
6.099: [GC 6.099: [DefNew: 526K->13K(576K), 0.0002270 secs] 2816K->2304K(3952K), 0.0002734 secs]
6.106: [GC 6.106: [DefNew: 525K->13K(576K), 0.0002363 secs] 2816K->2305K(3952K), 0.0002870 secs]
6.117: [GC 6.117: [DefNew: 525K->13K(576K), 0.0002484 secs] 2817K->2306K(3952K), 0.0002983 secs]
6.126: [GC 6.126: [DefNew: 525K->13K(576K), 0.0002498 secs] 2818K->2306K(3952K), 0.0003011 secs]
6.135: [GC 6.135: [DefNew: 525K->13K(576K), 0.0002501 secs] 2818K->2308K(3952K), 0.0003028 secs]
6.142: [GC 6.142: [DefNew: 525K->13K(576K), 0.0002357 secs] 2820K->2308K(3952K), 0.0002844 secs]
6.150: [GC 6.151: [DefNew: 525K->13K(576K), 0.0002460 secs] 2820K->2310K(3952K), 0.0002973 secs]
6.158: [GC 6.158: [DefNew: 525K->13K(576K), 0.0002310 secs] 2822K->2310K(3952K), 0.0002795 secs]
6.166: [GC 6.166: [DefNew: 525K->13K(576K), 0.0002457 secs] 2822K->2311K(3952K), 0.0002954 secs]
6.173: [GC 6.173: [DefNew: 525K->13K(576K), 0.0002366 secs] 2823K->2312K(3952K), 0.0002860 secs]
6.181: [GC 6.181: [DefNew: 525K->13K(576K), 0.0002523 secs] 2824K->2313K(3952K), 0.0003045 secs]
6.188: [GC 6.188: [DefNew: 525K->13K(576K), 0.0002301 secs] 2825K->2313K(3952K), 0.0002779 secs]
6.196: [GC 6.196: [DefNew: 525K->13K(576K), 0.0002416 secs] 2825K->2315K(3952K), 0.0002925 secs]
6.204: [GC 6.204: [DefNew: 525K->13K(576K), 0.0002323 secs] 2827K->2315K(3952K), 0.0002825 secs]
6.212: [GC 6.212: [DefNew: 525K->13K(576K), 0.0002331 secs] 2827K->2317K(3952K), 0.0002825 secs]
6.220: [GC 6.220: [DefNew: 525K->13K(576K), 0.0002377 secs] 2829K->2317K(3952K), 0.0002858 secs]
6.228: [GC 6.228: [DefNew: 525K->13K(576K), 0.0002406 secs] 2829K->2318K(3952K), 0.0002902 secs]
6.236: [GC 6.236: [DefNew: 525K->13K(576K), 0.0002423 secs] 2830K->2319K(3952K), 0.0002927 secs]
6.244: [GC 6.244: [DefNew: 525K->13K(576K), 0.0002402 secs] 2831K->2319K(3952K), 0.0002906 secs]
6.251: [GC 6.251: [DefNew: 525K->13K(576K), 0.0002430 secs] 2831K->2321K(3952K), 0.0002921 secs]
6.258: [GC 6.259: [DefNew: 525K->13K(576K), 0.0002510 secs] 2833K->2321K(3952K), 0.0003020 secs]
6.267: [GC 6.267: [DefNew: 525K->13K(576K), 0.0003060 secs] 2833K->2322K(3952K), 0.0003621 secs]
6.275: [GC 6.275: [DefNew: 525K->13K(576K), 0.0002508 secs] 2834K->2323K(3952K), 0.0003055 secs]
6.283: [GC 6.283: [DefNew: 525K->13K(576K), 0.0002723 secs] 2835K->2324K(3952K), 0.0003257 secs]
6.291: [GC 6.291: [DefNew: 525K->13K(576K), 0.0002391 secs] 2836K->2325K(3952K), 0.0002890 secs]
6.298: [GC 6.298: [DefNew: 525K->13K(576K), 0.0002386 secs] 2837K->2326K(3952K), 0.0002881 secs]
6.306: [GC 6.306: [DefNew: 525K->13K(576K), 0.0002449 secs] 2838K->2326K(3952K), 0.0002955 secs]
6.313: [GC 6.313: [DefNew: 525K->13K(576K), 0.0002376 secs] 2838K->2328K(3952K), 0.0002875 secs]
6.321: [GC 6.321: [DefNew: 525K->13K(576K), 0.0002363 secs] 2840K->2328K(3952K), 0.0002870 secs]
6.329: [GC 6.329: [DefNew: 525K->12K(576K), 0.0002366 secs] 2840K->2329K(3952K), 0.0002847 secs]
6.337: [GC 6.337: [DefNew: 524K->13K(576K), 0.0002394 secs] 2841K->2330K(3952K), 0.0002897 secs]
6.345: [GC 6.345: [DefNew: 525K->12K(576K), 0.0002342 secs] 2842K->2330K(3952K), 0.0002839 secs]
6.352: [GC 6.353: [DefNew: 524K->13K(576K), 0.0002372 secs] 2842K->2332K(3952K), 0.0002877 secs]
6.361: [GC 6.361: [DefNew: 525K->12K(576K), 0.0002419 secs] 2844K->2332K(3952K), 0.0002930 secs]
6.369: [GC 6.369: [DefNew: 524K->13K(576K), 0.0002453 secs] 2844K->2333K(3952K), 0.0003334 secs]
6.377: [GC 6.377: [DefNew: 525K->12K(576K), 0.0002425 secs] 2845K->2334K(3952K), 0.0002932 secs]
6.385: [GC 6.385: [DefNew: 524K->13K(576K), 0.0002597 secs] 2846K->2335K(3952K), 0.0003085 secs]
6.392: [GC 6.392: [DefNew: 525K->13K(576K), 0.0002169 secs] 2847K->2336K(3952K), 0.0002635 secs]
6.400: [GC 6.400: [DefNew: 525K->12K(576K), 0.0002362 secs] 2848K->2337K(3952K), 0.0002856 secs]
6.408: [GC 6.408: [DefNew: 524K->12K(576K), 0.0002284 secs] 2849K->2337K(3952K), 0.0002770 secs]
6.415: [GC 6.415: [DefNew: 524K->12K(576K), 0.0002266 secs] 2849K->2338K(3952K), 0.0002754 secs]
6.423: [GC 6.423: [DefNew: 524K->13K(576K), 0.0002276 secs] 2850K->2339K(3952K), 0.0002765 secs]
6.430: [GC 6.431: [DefNew: 525K->12K(576K), 0.0002409 secs] 2851K->2340K(3952K), 0.0002912 secs]
6.438: [GC 6.438: [DefNew: 524K->12K(576K), 0.0002328 secs] 2852K->2341K(3952K), 0.0002814 secs]
6.445: [GC 6.445: [DefNew: 524K->12K(576K), 0.0002337 secs] 2853K->2341K(3952K), 0.0002846 secs]
6.455: [GC 6.455: [DefNew: 524K->13K(576K), 0.0003825 secs] 2853K->2343K(3952K), 0.0004546 secs]
6.463: [GC 6.464: [DefNew: 525K->12K(576K), 0.0002984 secs] 2855K->2343K(3952K), 0.0003570 secs]
6.472: [GC 6.472: [DefNew: 524K->12K(576K), 0.0003072 secs] 2855K->2344K(3952K), 0.0003679 secs]
6.481: [GC 6.481: [DefNew: 524K->13K(576K), 0.0002833 secs] 2856K->2345K(3952K), 0.0003380 secs]
6.489: [GC 6.489: [DefNew: 525K->12K(576K), 0.0002334 secs] 2857K->2346K(3952K), 0.0002837 secs]
6.497: [GC 6.497: [DefNew: 524K->12K(576K), 0.0002900 secs] 2858K->2347K(3952K), 0.0003461 secs]
6.506: [GC 6.506: [DefNew: 524K->12K(576K), 0.0003318 secs] 2859K->2347K(3952K), 0.0003963 secs]
6.514: [GC 6.514: [DefNew: 524K->12K(576K), 0.0002661 secs] 2859K->2348K(3952K), 0.0003208 secs]
6.521: [GC 6.521: [DefNew: 524K->12K(576K), 0.0002405 secs] 2860K->2349K(3952K), 0.0002911 secs]
6.529: [GC 6.529: [DefNew: 524K->12K(576K), 0.0002320 secs] 2861K->2350K(3952K), 0.0002812 secs]
6.536: [GC 6.536: [DefNew: 524K->12K(576K), 0.0002305 secs] 2862K->2350K(3952K), 0.0002806 secs]
6.544: [GC 6.544: [DefNew: 524K->12K(576K), 0.0002249 secs] 2862K->2352K(3952K), 0.0002720 secs]
6.552: [GC 6.552: [DefNew: 524K->12K(576K), 0.0002327 secs] 2864K->2352K(3952K), 0.0002803 secs]
6.560: [GC 6.560: [DefNew: 524K->12K(576K), 0.0002106 secs] 2864K->2354K(3952K), 0.0002563 secs]
6.566: [GC 6.566: [DefNew: 524K->12K(576K), 0.0001725 secs] 2866K->2354K(3952K), 0.0002134 secs]
6.573: [GC 6.573: [DefNew: 524K->12K(576K), 0.0001915 secs] 2866K->2355K(3952K), 0.0002339 secs]
6.580: [GC 6.580: [DefNew: 524K->12K(576K), 0.0002048 secs] 2867K->2356K(3952K), 0.0002516 secs]
6.587: [GC 6.587: [DefNew: 524K->12K(576K), 0.0002345 secs] 2868K->2356K(3952K), 0.0002778 secs]
6.595: [GC 6.595: [DefNew: 524K->12K(576K), 0.0002157 secs] 2868K->2358K(3952K), 0.0002627 secs]
6.602: [GC 6.602: [DefNew: 524K->11K(576K), 0.0002257 secs] 2870K->2358K(3952K), 0.0002729 secs]
6.609: [GC 6.609: [DefNew: 523K->12K(576K), 0.0001922 secs] 2870K->2359K(3952K), 0.0002341 secs]
6.616: [GC 6.616: [DefNew: 524K->12K(576K), 0.0001811 secs] 2871K->2360K(3952K), 0.0002230 secs]
6.623: [GC 6.623: [DefNew: 524K->12K(576K), 0.0002125 secs] 2872K->2361K(3952K), 0.0002612 secs]
6.630: [GC 6.630: [DefNew: 524K->12K(576K), 0.0001761 secs] 2873K->2361K(3952K), 0.0002166 secs]
6.637: [GC 6.637: [DefNew: 524K->12K(576K), 0.0002143 secs] 2873K->2362K(3952K), 0.0002597 secs]
6.644: [GC 6.644: [DefNew: 524K->12K(576K), 0.0001739 secs] 2874K->2363K(3952K), 0.0002143 secs]
6.652: [GC 6.652: [DefNew: 524K->11K(576K), 0.0002210 secs] 2875K->2364K(3952K), 0.0002672 secs]
6.659: [GC 6.659: [DefNew: 523K->12K(576K), 0.0001886 secs] 2876K->2365K(3952K), 0.0002302 secs]
6.666: [GC 6.666: [DefNew: 524K->11K(576K), 0.0001822 secs] 2877K->2365K(3952K), 0.0002235 secs]
6.673: [GC 6.673: [DefNew: 523K->12K(576K), 0.0002156 secs] 2877K->2367K(3952K), 0.0002626 secs]
6.680: [GC 6.680: [DefNew: 524K->12K(576K), 0.0002079 secs] 2879K->2367K(3952K), 0.0002543 secs]
6.687: [GC 6.688: [DefNew: 524K->12K(576K), 0.0001991 secs] 2879K->2368K(3952K), 0.0002424 secs]
6.694: [GC 6.694: [DefNew: 524K->12K(576K), 0.0001803 secs] 2880K->2369K(3952K), 0.0002196 secs]
6.701: [GC 6.701: [DefNew: 524K->11K(576K), 0.0001894 secs] 2881K->2369K(3952K), 0.0002319 secs]
6.708: [GC 6.708: [DefNew: 523K->12K(576K), 0.0001835 secs] 2881K->2370K(3952K), 0.0002258 secs]
6.715: [GC 6.715: [DefNew: 524K->11K(576K), 0.0002403 secs] 2882K->2371K(3952K), 0.0002856 secs]
6.722: [GC 6.722: [DefNew: 523K->12K(576K), 0.0001942 secs] 2883K->2372K(3952K), 0.0002363 secs]
6.729: [GC 6.729: [DefNew: 524K->11K(576K), 0.0002199 secs] 2884K->2373K(3952K), 0.0002665 secs]
6.737: [GC 6.737: [DefNew: 523K->12K(576K), 0.0002065 secs] 2885K->2374K(3952K), 0.0002545 secs]
6.744: [GC 6.744: [DefNew: 524K->12K(576K), 0.0002189 secs] 2886K->2374K(3952K), 0.0002642 secs]
6.751: [GC 6.751: [DefNew: 524K->12K(576K), 0.0002224 secs] 2886K->2375K(3952K), 0.0002693 secs]
6.758: [GC 6.758: [DefNew: 524K->12K(576K), 0.0002269 secs] 2887K->2376K(3952K), 0.0002763 secs]
6.765: [GC 6.765: [DefNew: 524K->11K(576K), 0.0002225 secs] 2888K->2376K(3952K), 0.0002675 secs]
6.772: [GC 6.772: [DefNew: 523K->12K(576K), 0.0002273 secs] 2888K->2378K(3952K), 0.0002732 secs]
6.780: [GC 6.780: [DefNew: 524K->11K(576K), 0.0002217 secs] 2890K->2378K(3952K), 0.0002686 secs]
6.787: [GC 6.787: [DefNew: 523K->12K(576K), 0.0001826 secs] 2890K->2379K(3952K), 0.0002324 secs]
6.794: [GC 6.794: [DefNew: 524K->11K(576K), 0.0002169 secs] 2891K->2380K(3952K), 0.0002627 secs]
6.801: [GC 6.801: [DefNew: 523K->12K(576K), 0.0002035 secs] 2892K->2381K(3952K), 0.0002491 secs]
6.810: [GC 6.810: [DefNew: 524K->12K(576K), 0.0002225 secs] 2893K->2382K(3952K), 0.0002689 secs]
6.817: [GC 6.817: [DefNew: 524K->11K(576K), 0.0002082 secs] 2894K->2382K(3952K), 0.0002538 secs]
6.824: [GC 6.824: [DefNew: 523K->12K(576K), 0.0002273 secs] 2894K->2383K(3952K), 0.0002744 secs]
6.831: [GC 6.831: [DefNew: 524K->11K(576K), 0.0002277 secs] 2895K->2384K(3952K), 0.0002771 secs]
6.839: [GC 6.839: [DefNew: 523K->12K(576K), 0.0002152 secs] 2896K->2385K(3952K), 0.0002656 secs]
6.846: [GC 6.846: [DefNew: 524K->11K(576K), 0.0002081 secs] 2897K->2385K(3952K), 0.0002530 secs]
6.853: [GC 6.853: [DefNew: 523K->12K(576K), 0.0002259 secs] 2897K->2386K(3952K), 0.0002748 secs]
6.860: [GC 6.860: [DefNew: 524K->12K(576K), 0.0001849 secs] 2898K->2387K(3952K), 0.0002263 secs]
6.867: [GC 6.867: [DefNew: 524K->11K(576K), 0.0002224 secs] 2899K->2387K(3952K), 0.0002723 secs]
6.874: [GC 6.874: [DefNew: 523K->12K(576K), 0.0002159 secs] 2899K->2389K(3952K), 0.0002620 secs]
6.881: [GC 6.881: [DefNew: 524K->11K(576K), 0.0001764 secs] 2901K->2389K(3952K), 0.0002160 secs]
6.889: [GC 6.889: [DefNew: 523K->12K(576K), 0.0002295 secs] 2901K->2390K(3952K), 0.0002774 secs]
6.896: [GC 6.896: [DefNew: 524K->11K(576K), 0.0002084 secs] 2902K->2391K(3952K), 0.0002532 secs]
6.903: [GC 6.903: [DefNew: 523K->11K(576K), 0.0002587 secs] 2903K->2391K(3952K), 0.0003056 secs]
6.911: [GC 6.911: [DefNew: 523K->11K(576K), 0.0002154 secs] 2903K->2393K(3952K), 0.0002609 secs]
6.917: [GC 6.918: [DefNew: 523K->11K(576K), 0.0002123 secs] 2905K->2393K(3952K), 0.0002588 secs]
6.925: [GC 6.925: [DefNew: 523K->12K(576K), 0.0001826 secs] 2905K->2394K(3952K), 0.0002246 secs]
6.932: [GC 6.932: [DefNew: 524K->11K(576K), 0.0001980 secs] 2906K->2395K(3952K), 0.0002420 secs]
6.939: [GC 6.939: [DefNew: 523K->11K(576K), 0.0001655 secs] 2907K->2395K(3952K), 0.0002050 secs]
6.946: [GC 6.946: [DefNew: 523K->11K(576K), 0.0001895 secs] 2907K->2396K(3952K), 0.0002321 secs]
6.953: [GC 6.953: [DefNew: 523K->11K(576K), 0.0002139 secs] 2908K->2397K(3952K), 0.0002604 secs]
6.960: [GC 6.960: [DefNew: 523K->12K(576K), 0.0001895 secs] 2909K->2398K(3952K), 0.0002321 secs]
6.967: [GC 6.967: [DefNew: 524K->11K(576K), 0.0001867 secs] 2910K->2398K(3952K), 0.0002298 secs]
6.974: [GC 6.974: [DefNew: 523K->12K(576K), 0.0001845 secs] 2910K->2399K(3952K), 0.0002269 secs]
6.981: [GC 6.981: [DefNew: 524K->11K(576K), 0.0001894 secs] 2911K->2400K(3952K), 0.0002313 secs]
6.988: [GC 6.988: [DefNew: 523K->11K(576K), 0.0002537 secs] 2912K->2400K(3952K), 0.0003010 secs]
6.995: [GC 6.995: [DefNew: 523K->11K(576K), 0.0002306 secs] 2912K->2402K(3952K), 0.0002769 secs]
7.002: [GC 7.002: [DefNew: 523K->11K(576K), 0.0002010 secs] 2914K->2402K(3952K), 0.0002459 secs]
7.010: [GC 7.010: [DefNew: 523K->12K(576K), 0.0002127 secs] 2914K->2403K(3952K), 0.0002592 secs]
7.016: [GC 7.016: [DefNew: 524K->11K(576K), 0.0002016 secs] 2915K->2404K(3952K), 0.0002466 secs]
7.024: [GC 7.024: [DefNew: 523K->11K(576K), 0.0002075 secs] 2916K->2404K(3952K), 0.0002532 secs]
7.031: [GC 7.031: [DefNew: 523K->11K(576K), 0.0002224 secs] 2916K->2405K(3952K), 0.0002691 secs]
7.038: [GC 7.038: [DefNew: 523K->11K(576K), 0.0001800 secs] 2917K->2406K(3952K), 0.0002210 secs]
7.045: [GC 7.045: [DefNew: 523K->11K(576K), 0.0002214 secs] 2918K->2407K(3952K), 0.0002685 secs]
7.053: [GC 7.054: [DefNew: 523K->11K(576K), 0.0002303 secs] 2919K->2407K(3952K), 0.0002769 secs]
7.061: [GC 7.061: [DefNew: 523K->11K(576K), 0.0002171 secs] 2919K->2408K(3952K), 0.0002638 secs]
7.068: [GC 7.068: [DefNew: 523K->11K(576K), 0.0002296 secs] 2920K->2409K(3952K), 0.0002767 secs]
7.075: [GC 7.075: [DefNew: 523K->11K(576K), 0.0002294 secs] 2921K->2409K(3952K), 0.0002783 secs]
7.083: [GC 7.083: [DefNew: 523K->11K(576K), 0.0002322 secs] 2921K->2411K(3952K), 0.0002794 secs]
7.090: [GC 7.090: [DefNew: 523K->11K(576K), 0.0002404 secs] 2923K->2411K(3952K), 0.0002907 secs]
7.098: [GC 7.098: [DefNew: 523K->11K(576K), 0.0002219 secs] 2923K->2411K(3952K), 0.0002714 secs]
7.106: [GC 7.106: [DefNew: 523K->11K(576K), 0.0002388 secs] 2923K->2413K(3952K), 0.0002880 secs]
7.113: [GC 7.113: [DefNew: 523K->11K(576K), 0.0002090 secs] 2925K->2413K(3952K), 0.0002545 secs]
7.121: [GC 7.121: [DefNew: 523K->11K(576K), 0.0002137 secs] 2925K->2414K(3952K), 0.0002592 secs]
7.128: [GC 7.128: [DefNew: 523K->11K(576K), 0.0001735 secs] 2926K->2415K(3952K), 0.0002139 secs]
7.134: [GC 7.134: [DefNew: 523K->11K(576K), 0.0001799 secs] 2927K->2415K(3952K), 0.0002207 secs]
7.142: [GC 7.142: [DefNew: 523K->11K(576K), 0.0002029 secs] 2927K->2416K(3952K), 0.0002484 secs]
7.148: [GC 7.149: [DefNew: 523K->11K(576K), 0.0001926 secs] 2928K->2417K(3952K), 0.0002370 secs]
7.156: [GC 7.156: [DefNew: 523K->11K(576K), 0.0002391 secs] 2929K->2418K(3952K), 0.0002894 secs]
7.163: [GC 7.163: [DefNew: 523K->11K(576K), 0.0001704 secs] 2930K->2419K(3952K), 0.0002108 secs]
7.170: [GC 7.170: [DefNew: 523K->11K(576K), 0.0002215 secs] 2931K->2419K(3952K), 0.0002678 secs]
7.177: [GC 7.177: [DefNew: 523K->11K(576K), 0.0001799 secs] 2931K->2420K(3952K), 0.0002203 secs]
7.184: [GC 7.184: [DefNew: 523K->11K(576K), 0.0001967 secs] 2932K->2421K(3952K), 0.0002412 secs]
7.191: [GC 7.191: [DefNew: 523K->11K(576K), 0.0002410 secs] 2933K->2422K(3952K), 0.0003002 secs]
7.198: [GC 7.198: [DefNew: 523K->11K(576K), 0.0002355 secs] 2934K->2422K(3952K), 0.0002852 secs]
7.208: [GC 7.208: [DefNew: 523K->11K(576K), 0.0003096 secs] 2934K->2423K(3952K), 0.0003754 secs]
7.218: [GC 7.218: [DefNew: 523K->11K(576K), 0.0002388 secs] 2935K->2424K(3952K), 0.0002885 secs]
7.225: [GC 7.226: [DefNew: 523K->11K(576K), 0.0002404 secs] 2936K->2424K(3952K), 0.0002915 secs]
7.233: [GC 7.233: [DefNew: 523K->11K(576K), 0.0002302 secs] 2936K->2426K(3952K), 0.0002791 secs]
7.240: [GC 7.240: [DefNew: 523K->11K(576K), 0.0002168 secs] 2938K->2426K(3952K), 0.0002635 secs]
7.247: [GC 7.247: [DefNew: 523K->11K(576K), 0.0001998 secs] 2938K->2426K(3952K), 0.0002458 secs]
7.255: [GC 7.255: [DefNew: 523K->11K(576K), 0.0002232 secs] 2938K->2428K(3952K), 0.0002692 secs]
7.261: [GC 7.261: [DefNew: 523K->11K(576K), 0.0001821 secs] 2940K->2428K(3952K), 0.0002237 secs]
7.269: [GC 7.269: [DefNew: 523K->11K(576K), 0.0001957 secs] 2940K->2429K(3952K), 0.0002397 secs]
7.276: [GC 7.276: [DefNew: 523K->11K(576K), 0.0001937 secs] 2941K->2430K(3952K), 0.0002377 secs]
7.283: [GC 7.283: [DefNew: 523K->11K(576K), 0.0002322 secs] 2942K->2430K(3952K), 0.0002770 secs]
7.290: [GC 7.290: [DefNew: 523K->11K(576K), 0.0002487 secs] 2942K->2431K(3952K), 0.0002976 secs]
7.297: [GC 7.297: [DefNew: 523K->11K(576K), 0.0002207 secs] 2943K->2432K(3952K), 0.0002728 secs]
7.305: [GC 7.305: [DefNew: 523K->11K(576K), 0.0002821 secs] 2944K->2433K(3952K), 0.0003340 secs]
7.312: [GC 7.312: [DefNew: 523K->11K(576K), 0.0001904 secs] 2945K->2433K(3952K), 0.0002328 secs]
7.319: [GC 7.319: [DefNew: 523K->11K(576K), 0.0002239 secs] 2945K->2434K(3952K), 0.0002732 secs]
7.326: [GC 7.327: [DefNew: 523K->11K(576K), 0.0002205 secs] 2946K->2435K(3952K), 0.0002667 secs]
7.333: [GC 7.333: [DefNew: 523K->11K(576K), 0.0001749 secs] 2947K->2435K(3952K), 0.0002154 secs]
7.341: [GC 7.341: [DefNew: 523K->11K(576K), 0.0002181 secs] 2947K->2437K(3952K), 0.0002650 secs]
7.348: [GC 7.348: [DefNew: 523K->11K(576K), 0.0002581 secs] 2949K->2437K(3952K), 0.0003084 secs]
7.355: [GC 7.355: [DefNew: 523K->10K(576K), 0.0002391 secs] 2949K->2437K(3952K), 0.0002924 secs]
7.363: [GC 7.363: [DefNew: 522K->11K(576K), 0.0002106 secs] 2949K->2439K(3952K), 0.0002566 secs]
7.370: [GC 7.370: [DefNew: 523K->11K(576K), 0.0002392 secs] 2951K->2439K(3952K), 0.0002892 secs]
7.378: [GC 7.379: [DefNew: 523K->11K(576K), 0.0002278 secs] 2951K->2440K(3952K), 0.0002755 secs]
7.385: [GC 7.385: [DefNew: 523K->11K(576K), 0.0001772 secs] 2952K->2441K(3952K), 0.0002183 secs]
7.392: [GC 7.392: [DefNew: 523K->10K(576K), 0.0001934 secs] 2953K->2441K(3952K), 0.0002367 secs]
7.400: [GC 7.400: [DefNew: 522K->11K(576K), 0.0002188 secs] 2953K->2442K(3952K), 0.0002659 secs]
7.407: [GC 7.407: [DefNew: 523K->11K(576K), 0.0001868 secs] 2954K->2443K(3952K), 0.0002305 secs]
7.414: [GC 7.414: [DefNew: 523K->11K(576K), 0.0002180 secs] 2955K->2444K(3952K), 0.0002632 secs]
7.421: [GC 7.421: [DefNew: 523K->11K(576K), 0.0001833 secs] 2956K->2444K(3952K), 0.0002237 secs]
7.428: [GC 7.428: [DefNew: 523K->11K(576K), 0.0002006 secs] 2956K->2445K(3952K), 0.0002440 secs]
7.435: [GC 7.435: [DefNew: 523K->11K(576K), 0.0002157 secs] 2957K->2446K(3952K), 0.0003122 secs]
7.442: [GC 7.442: [DefNew: 523K->11K(576K), 0.0001777 secs] 2958K->2446K(3952K), 0.0002176 secs]
7.449: [GC 7.449: [DefNew: 523K->11K(576K), 0.0002119 secs] 2958K->2447K(3952K), 0.0002567 secs]
7.456: [GC 7.456: [DefNew: 523K->11K(576K), 0.0002107 secs] 2959K->2448K(3952K), 0.0002561 secs]
7.463: [GC 7.463: [DefNew: 523K->11K(576K), 0.0001930 secs] 2960K->2448K(3952K), 0.0002368 secs]
7.470: [GC 7.470: [DefNew: 523K->11K(576K), 0.0002021 secs] 2960K->2450K(3952K), 0.0002466 secs]
7.477: [GC 7.477: [DefNew: 523K->11K(576K), 0.0001721 secs] 2962K->2450K(3952K), 0.0002125 secs]
7.484: [GC 7.484: [DefNew: 523K->10K(576K), 0.0002220 secs] 2962K->2451K(3952K), 0.0002682 secs]
7.491: [GC 7.491: [DefNew: 522K->11K(576K), 0.0001849 secs] 2963K->2452K(3952K), 0.0002257 secs]
7.498: [GC 7.498: [DefNew: 523K->11K(576K), 0.0001970 secs] 2964K->2452K(3952K), 0.0002568 secs]
7.505: [GC 7.505: [DefNew: 523K->11K(576K), 0.0001815 secs] 2964K->2453K(3952K), 0.0002228 secs]
7.512: [GC 7.512: [DefNew: 523K->11K(576K), 0.0002413 secs] 2965K->2454K(3952K), 0.0002886 secs]
7.519: [GC 7.519: [DefNew: 523K->10K(576K), 0.0001970 secs] 2966K->2454K(3952K), 0.0002407 secs]
7.527: [GC 7.527: [DefNew: 522K->11K(576K), 0.0002419 secs] 2966K->2455K(3952K), 0.0002910 secs]
7.535: [GC 7.535: [DefNew: 523K->11K(576K), 0.0003881 secs] 2967K->2456K(3952K), 0.0004616 secs]
7.546: [GC 7.546: [DefNew: 523K->11K(576K), 0.0002893 secs] 2968K->2457K(3952K), 0.0003444 secs]
7.554: [GC 7.554: [DefNew: 523K->11K(576K), 0.0002481 secs] 2969K->2457K(3952K), 0.0002963 secs]
7.562: [GC 7.562: [DefNew: 523K->10K(576K), 0.0002367 secs] 2969K->2458K(3952K), 0.0002874 secs]
7.569: [GC 7.570: [DefNew: 522K->11K(576K), 0.0003238 secs] 2970K->2459K(3952K), 0.0003874 secs]
7.578: [GC 7.578: [DefNew: 523K->11K(576K), 0.0003742 secs] 2971K->2459K(3952K), 0.0004426 secs]
7.587: [GC 7.587: [DefNew: 523K->10K(576K), 0.0011177 secs] 2971K->2460K(3952K), 0.0011887 secs]
7.595: [GC 7.595: [DefNew: 522K->11K(576K), 0.0003042 secs] 2972K->2461K(3952K), 0.0003650 secs]
7.603: [GC 7.603: [DefNew: 523K->10K(576K), 0.0003044 secs] 2973K->2461K(3952K), 0.0003621 secs]
7.611: [GC 7.611: [DefNew: 522K->11K(576K), 0.0002418 secs] 2973K->2462K(3952K), 0.0002916 secs]
7.618: [GC 7.618: [DefNew: 523K->11K(576K), 0.0002497 secs] 2974K->2463K(3952K), 0.0003007 secs]
7.626: [GC 7.626: [DefNew: 523K->10K(576K), 0.0002363 secs] 2975K->2463K(3952K), 0.0002865 secs]
7.633: [GC 7.633: [DefNew: 522K->11K(576K), 0.0002371 secs] 2975K->2464K(3952K), 0.0002854 secs]
7.641: [GC 7.641: [DefNew: 523K->10K(576K), 0.0002316 secs] 2976K->2465K(3952K), 0.0002792 secs]
7.648: [GC 7.648: [DefNew: 522K->11K(576K), 0.0002406 secs] 2977K->2466K(3952K), 0.0002893 secs]
7.657: [GC 7.657: [DefNew: 523K->11K(576K), 0.0002387 secs] 2978K->2466K(3952K), 0.0002890 secs]
7.664: [GC 7.664: [DefNew: 523K->10K(576K), 0.0002432 secs] 2978K->2467K(3952K), 0.0002942 secs]
7.672: [GC 7.672: [DefNew: 522K->11K(576K), 0.0002400 secs] 2979K->2468K(3952K), 0.0002883 secs]
7.680: [GC 7.680: [DefNew: 523K->11K(576K), 0.0002306 secs] 2980K->2468K(3952K), 0.0002801 secs]
7.687: [GC 7.687: [DefNew: 523K->11K(576K), 0.0002342 secs] 2980K->2470K(3952K), 0.0002838 secs]
7.695: [GC 7.695: [DefNew: 523K->11K(576K), 0.0002348 secs] 2982K->2470K(3952K), 0.0002827 secs]
7.703: [GC 7.703: [DefNew: 523K->10K(576K), 0.0002457 secs] 2982K->2470K(3952K), 0.0002952 secs]
7.710: [GC 7.711: [DefNew: 522K->11K(576K), 0.0002393 secs] 2982K->2472K(3952K), 0.0002879 secs]
7.718: [GC 7.718: [DefNew: 523K->11K(576K), 0.0002329 secs] 2984K->2472K(3952K), 0.0002825 secs]
7.725: [GC 7.725: [DefNew: 523K->10K(576K), 0.0002468 secs] 2984K->2473K(3952K), 0.0002971 secs]
7.732: [GC 7.732: [DefNew: 522K->11K(576K), 0.0002326 secs] 2985K->2474K(3952K), 0.0002820 secs]
7.739: [GC 7.739: [DefNew: 523K->10K(576K), 0.0002385 secs] 2986K->2474K(3952K), 0.0002868 secs]
7.747: [GC 7.747: [DefNew: 522K->11K(576K), 0.0002498 secs] 2986K->2475K(3952K), 0.0002997 secs]
7.754: [GC 7.754: [DefNew: 523K->11K(576K), 0.0002374 secs] 2987K->2476K(3952K), 0.0002861 secs]
7.762: [GC 7.762: [DefNew: 523K->10K(576K), 0.0002363 secs] 2988K->2477K(3952K), 0.0002869 secs]
7.770: [GC 7.770: [DefNew: 522K->11K(576K), 0.0002265 secs] 2989K->2477K(3952K), 0.0002743 secs]
7.777: [GC 7.777: [DefNew: 523K->11K(576K), 0.0002316 secs] 2989K->2478K(3952K), 0.0002813 secs]
7.785: [GC 7.785: [DefNew: 523K->11K(576K), 0.0002438 secs] 2990K->2479K(3952K), 0.0002919 secs]
7.792: [GC 7.792: [DefNew: 523K->11K(576K), 0.0002427 secs] 2991K->2479K(3952K), 0.0002940 secs]
7.800: [GC 7.800: [DefNew: 523K->10K(576K), 0.0002495 secs] 2991K->2480K(3952K), 0.0003187 secs]
7.808: [GC 7.808: [DefNew: 522K->11K(576K), 0.0002332 secs] 2992K->2481K(3952K), 0.0002820 secs]
7.815: [GC 7.815: [DefNew: 523K->11K(576K), 0.0002347 secs] 2993K->2481K(3952K), 0.0002835 secs]
7.823: [GC 7.823: [DefNew: 523K->11K(576K), 0.0002568 secs] 2993K->2483K(3952K), 0.0003085 secs]
7.831: [GC 7.831: [DefNew: 523K->11K(576K), 0.0002452 secs] 2995K->2483K(3952K), 0.0002966 secs]
7.839: [GC 7.839: [DefNew: 523K->10K(576K), 0.0002310 secs] 2995K->2483K(3952K), 0.0002796 secs]
7.847: [GC 7.847: [DefNew: 522K->11K(576K), 0.0002477 secs] 2995K->2485K(3952K), 0.0002962 secs]
7.854: [GC 7.854: [DefNew: 523K->11K(576K), 0.0002560 secs] 2997K->2485K(3952K), 0.0003074 secs]
7.863: [GC 7.864: [DefNew: 523K->11K(576K), 0.0002619 secs] 2997K->2486K(3952K), 0.0003135 secs]
7.871: [GC 7.871: [DefNew: 523K->11K(576K), 0.0002378 secs] 2998K->2487K(3952K), 0.0002869 secs]
7.878: [GC 7.878: [DefNew: 523K->10K(576K), 0.0002441 secs] 2999K->2487K(3952K), 0.0002924 secs]
7.885: [GC 7.886: [DefNew: 522K->11K(576K), 0.0002374 secs] 2999K->2488K(3952K), 0.0002867 secs]
7.893: [GC 7.893: [DefNew: 523K->11K(576K), 0.0002375 secs] 3000K->2489K(3952K), 0.0002861 secs]
7.902: [GC 7.902: [DefNew: 523K->11K(576K), 0.0002410 secs] 3001K->2490K(3952K), 0.0002917 secs]
7.909: [GC 7.909: [DefNew: 523K->11K(576K), 0.0002400 secs] 3002K->2490K(3952K), 0.0002899 secs]
7.917: [GC 7.917: [DefNew: 523K->10K(576K), 0.0002438 secs] 3002K->2491K(3952K), 0.0002933 secs]
7.925: [GC 7.925: [DefNew: 522K->11K(576K), 0.0002400 secs] 3003K->2492K(3952K), 0.0002891 secs]
7.933: [GC 7.933: [DefNew: 523K->11K(576K), 0.0002365 secs] 3004K->2492K(3952K), 0.0002871 secs]
7.940: [GC 7.940: [DefNew: 523K->11K(576K), 0.0002413 secs] 3004K->2494K(3952K), 0.0002906 secs]
7.948: [GC 7.948: [DefNew: 523K->11K(576K), 0.0002347 secs] 3006K->2494K(3952K), 0.0002846 secs]
7.955: [GC 7.955: [DefNew: 523K->11K(576K), 0.0002399 secs] 3006K->2494K(3952K), 0.0002890 secs]
7.963: [GC 7.963: [DefNew: 523K->11K(576K), 0.0002517 secs] 3006K->2496K(3952K), 0.0003020 secs]
7.970: [GC 7.970: [DefNew: 523K->11K(576K), 0.0002388 secs] 3008K->2496K(3952K), 0.0002894 secs]
7.977: [GC 7.977: [DefNew: 523K->10K(576K), 0.0002415 secs] 3008K->2497K(3952K), 0.0003118 secs]
7.985: [GC 7.985: [DefNew: 522K->11K(576K), 0.0002353 secs] 3009K->2498K(3952K), 0.0002849 secs]
7.992: [GC 7.992: [DefNew: 523K->11K(576K), 0.0002338 secs] 3010K->2498K(3952K), 0.0002839 secs]
7.999: [GC 8.000: [DefNew: 523K->11K(576K), 0.0002507 secs] 3010K->2499K(3952K), 0.0002994 secs]
8.007: [GC 8.007: [DefNew: 523K->11K(576K), 0.0002357 secs] 3011K->2500K(3952K), 0.0002846 secs]
8.014: [GC 8.014: [DefNew: 523K->10K(576K), 0.0002431 secs] 3012K->2501K(3952K), 0.0002940 secs]
8.022: [GC 8.022: [DefNew: 522K->11K(576K), 0.0002254 secs] 3013K->2501K(3952K), 0.0002718 secs]
8.030: [GC 8.030: [DefNew: 523K->11K(576K), 0.0002438 secs] 3013K->2502K(3952K), 0.0002957 secs]
8.037: [GC 8.038: [DefNew: 523K->11K(576K), 0.0002811 secs] 3014K->2503K(3952K), 0.0003347 secs]
8.046: [GC 8.046: [DefNew: 523K->11K(576K), 0.0002403 secs] 3015K->2503K(3952K), 0.0002894 secs]
8.053: [GC 8.053: [DefNew: 523K->10K(576K), 0.0002486 secs] 3015K->2504K(3952K), 0.0002990 secs]
8.063: [GC 8.063: [DefNew: 522K->11K(576K), 0.0002347 secs] 3016K->2505K(3952K), 0.0002861 secs]
8.071: [GC 8.071: [DefNew: 523K->11K(576K), 0.0002211 secs] 3017K->2505K(3952K), 0.0002689 secs]
8.082: [GC 8.082: [DefNew: 523K->11K(576K), 0.0002390 secs] 3017K->2507K(3952K), 0.0002895 secs]
8.090: [GC 8.090: [DefNew: 523K->11K(576K), 0.0002447 secs] 3019K->2507K(3952K), 0.0002960 secs]
8.098: [GC 8.098: [DefNew: 523K->10K(576K), 0.0002335 secs] 3019K->2508K(3952K), 0.0002840 secs]
8.108: [GC 8.108: [DefNew: 522K->11K(576K), 0.0002314 secs] 3020K->2509K(3952K), 0.0002813 secs]
8.115: [GC 8.115: [DefNew: 523K->11K(576K), 0.0002383 secs] 3021K->2509K(3952K), 0.0002884 secs]
8.123: [GC 8.123: [DefNew: 523K->11K(576K), 0.0002475 secs] 3021K->2510K(3952K), 0.0003000 secs]
8.130: [GC 8.130: [DefNew: 523K->11K(576K), 0.0002002 secs] 3022K->2511K(3952K), 0.0002440 secs]
8.138: [GC 8.138: [DefNew: 523K->10K(576K), 0.0002331 secs] 3023K->2511K(3952K), 0.0002817 secs]
8.145: [GC 8.145: [DefNew: 522K->11K(576K), 0.0002423 secs] 3023K->2512K(3952K), 0.0002938 secs]
8.154: [GC 8.154: [DefNew: 523K->11K(576K), 0.0003366 secs] 3024K->2513K(3952K), 0.0003974 secs]
8.163: [GC 8.163: [DefNew: 523K->11K(576K), 0.0002427 secs] 3025K->2514K(3952K), 0.0003028 secs]
8.172: [GC 8.172: [DefNew: 523K->11K(576K), 0.0002606 secs] 3026K->2514K(3952K), 0.0003132 secs]
8.179: [GC 8.179: [DefNew: 523K->10K(576K), 0.0002359 secs] 3026K->2515K(3952K), 0.0002843 secs]
8.181: [GC 8.181: [DefNew: 128K->10K(576K), 0.0002299 secs] 2632K->2515K(3952K), 0.0002818 secs]
8.182: [GC 8.182: [DefNew: 522K->10K(576K), 0.0007152 secs] 3027K->3007K(3952K), 0.0007742 secs]
8.191: [GC 8.191: [DefNew: 522K->9K(576K), 0.0002273 secs] 3519K->3008K(3952K), 0.0002758 secs]
8.198: [GC 8.198: [DefNew: 521K->9K(576K), 0.0002442 secs] 3520K->3009K(3952K), 0.0002954 secs]
8.206: [GC 8.206: [DefNew: 521K->10K(576K), 0.0002366 secs] 3521K->3010K(3952K), 0.0002856 secs]
8.214: [GC 8.214: [DefNew: 522K->9K(576K), 0.0002386 secs] 3522K->3010K(3952K), 0.0002883 secs]
8.225: [GC 8.225: [DefNew: 521K->9K(576K), 0.0002229 secs] 3522K->3011K(3952K), 0.0002705 secs]
8.234: [GC 8.234: [DefNew: 521K->9K(576K), 0.0002365 secs] 3523K->3012K(3952K), 0.0002863 secs]
8.241: [GC 8.241: [DefNew: 521K->9K(576K), 0.0002276 secs] 3524K->3012K(3952K), 0.0002765 secs]
8.249: [GC 8.249: [DefNew: 521K->10K(576K), 0.0002296 secs] 3524K->3014K(3952K), 0.0002793 secs]
8.256: [GC 8.256: [DefNew: 522K->9K(576K), 0.0002390 secs] 3526K->3014K(3952K), 0.0002873 secs]
8.265: [GC 8.265: [DefNew: 521K->9K(576K), 0.0002219 secs] 3526K->3014K(3952K), 0.0002691 secs]
8.272: [GC 8.272: [DefNew: 521K->9K(576K), 0.0002312 secs] 3526K->3016K(3952K), 0.0002802 secs]
8.280: [GC 8.280: [DefNew: 521K->9K(576K), 0.0002153 secs] 3528K->3016K(3952K), 0.0002631 secs]
8.288: [GC 8.288: [DefNew: 521K->10K(576K), 0.0002299 secs] 3528K->3017K(3952K), 0.0002793 secs]
8.308: [GC 8.308: [DefNew: 522K->10K(576K), 0.0002332 secs] 3529K->3018K(3952K), 0.0002819 secs]
8.316: [GC 8.316: [DefNew: 522K->10K(576K), 0.0002359 secs] 3530K->3018K(3952K), 0.0002855 secs]
8.324: [GC 8.324: [DefNew: 522K->11K(576K), 0.0003019 secs] 3530K->3019K(3952K), 0.0003602 secs]
8.332: [GC 8.332: [DefNew: 523K->11K(576K), 0.0003500 secs] 3531K->3020K(3952K), 0.0004168 secs]
8.340: [GC 8.340: [DefNew: 523K->11K(576K), 0.0002459 secs] 3532K->3021K(3952K), 0.0002979 secs]
8.348: [GC 8.348: [DefNew: 523K->11K(576K), 0.0002694 secs] 3533K->3021K(3952K), 0.0003209 secs]
8.356: [GC 8.357: [DefNew: 523K->11K(576K), 0.0002397 secs] 3533K->3022K(3952K), 0.0002903 secs]
8.366: [GC 8.366: [DefNew: 523K->11K(576K), 0.0002392 secs] 3534K->3023K(3952K), 0.0002898 secs]
8.374: [GC 8.374: [DefNew: 523K->11K(576K), 0.0002350 secs] 3535K->3023K(3952K), 0.0002856 secs]
8.381: [GC 8.382: [DefNew: 523K->10K(576K), 0.0002327 secs] 3535K->3024K(3952K), 0.0002828 secs]
8.390: [GC 8.390: [DefNew: 522K->11K(576K), 0.0002414 secs] 3536K->3025K(3952K), 0.0002915 secs]
8.397: [GC 8.397: [DefNew: 523K->11K(576K), 0.0002139 secs] 3537K->3025K(3952K), 0.0002612 secs]
8.405: [GC 8.405: [DefNew: 523K->11K(576K), 0.0002414 secs] 3537K->3027K(3952K), 0.0002922 secs]
8.413: [GC 8.413: [DefNew: 523K->11K(576K), 0.0002137 secs] 3539K->3027K(3952K), 0.0002614 secs]
8.421: [GC 8.421: [DefNew: 523K->10K(576K), 0.0002344 secs] 3539K->3028K(3952K), 0.0002842 secs]
8.429: [GC 8.429: [DefNew: 522K->11K(576K), 0.0002138 secs] 3540K->3029K(3952K), 0.0002602 secs]
8.437: [GC 8.437: [DefNew: 523K->11K(576K), 0.0002468 secs] 3541K->3029K(3952K), 0.0002986 secs]
8.445: [GC 8.445: [DefNew: 523K->11K(576K), 0.0002360 secs] 3541K->3030K(3952K), 0.0002864 secs]
8.452: [GC 8.452: [DefNew: 523K->11K(576K), 0.0002604 secs] 3542K->3031K(3952K), 0.0003147 secs]
8.460: [GC 8.460: [DefNew: 523K->10K(576K), 0.0002233 secs] 3543K->3031K(3952K), 0.0002695 secs]
8.467: [GC 8.467: [DefNew: 522K->11K(576K), 0.0005038 secs] 3543K->3032K(3952K), 0.0005561 secs]
8.474: [GC 8.475: [DefNew: 523K->11K(576K), 0.0002339 secs] 3544K->3033K(3952K), 0.0002835 secs]
8.483: [GC 8.483: [DefNew: 523K->11K(576K), 0.0002287 secs] 3545K->3034K(3952K), 0.0002763 secs]
8.490: [GC 8.490: [DefNew: 523K->11K(576K), 0.0001789 secs] 3546K->3034K(3952K), 0.0002273 secs]
8.497: [GC 8.497: [DefNew: 523K->10K(576K), 0.0002369 secs] 3546K->3035K(3952K), 0.0002940 secs]
8.505: [GC 8.505: [DefNew: 522K->11K(576K), 0.0002284 secs] 3547K->3036K(3952K), 0.0002779 secs]
8.512: [GC 8.512: [DefNew: 523K->11K(576K), 0.0002216 secs] 3548K->3036K(3952K), 0.0002689 secs]
8.519: [GC 8.519: [DefNew: 523K->11K(576K), 0.0002546 secs] 3548K->3038K(3952K), 0.0003020 secs]
8.527: [GC 8.527: [DefNew: 523K->11K(576K), 0.0002081 secs] 3550K->3038K(3952K), 0.0002534 secs]
8.533: [GC 8.533: [DefNew: 523K->10K(576K), 0.0001792 secs] 3550K->3038K(3952K), 0.0002192 secs]
8.541: [GC 8.541: [DefNew: 522K->11K(576K), 0.0002216 secs] 3550K->3040K(3952K), 0.0002683 secs]
8.549: [GC 8.549: [DefNew: 523K->11K(576K), 0.0002228 secs] 3552K->3040K(3952K), 0.0002750 secs]
8.556: [GC 8.556: [DefNew: 523K->11K(576K), 0.0002044 secs] 3552K->3041K(3952K), 0.0002503 secs]
8.563: [GC 8.563: [DefNew: 523K->11K(576K), 0.0002019 secs] 3553K->3042K(3952K), 0.0002466 secs]
8.570: [GC 8.570: [DefNew: 523K->11K(576K), 0.0001767 secs] 3554K->3042K(3952K), 0.0002176 secs]
8.577: [GC 8.577: [DefNew: 523K->11K(576K), 0.0001965 secs] 3554K->3043K(3952K), 0.0002396 secs]
8.583: [GC 8.583: [DefNew: 523K->11K(576K), 0.0001772 secs] 3555K->3044K(3952K), 0.0002183 secs]
8.591: [GC 8.591: [DefNew: 523K->10K(576K), 0.0002020 secs] 3556K->3045K(3952K), 0.0002522 secs]
8.598: [GC 8.598: [DefNew: 522K->11K(576K), 0.0001708 secs] 3557K->3045K(3952K), 0.0002109 secs]
8.604: [GC 8.604: [DefNew: 523K->11K(576K), 0.0001906 secs] 3557K->3046K(3952K), 0.0002325 secs]
8.611: [GC 8.611: [DefNew: 523K->11K(576K), 0.0002139 secs] 3558K->3047K(3952K), 0.0002554 secs]
8.618: [GC 8.618: [DefNew: 523K->11K(576K), 0.0002105 secs] 3559K->3047K(3952K), 0.0002561 secs]
8.625: [GC 8.625: [DefNew: 523K->10K(576K), 0.0002024 secs] 3559K->3048K(3952K), 0.0002480 secs]
8.632: [GC 8.632: [DefNew: 522K->11K(576K), 0.0001826 secs] 3560K->3049K(3952K), 0.0002241 secs]
8.640: [GC 8.640: [DefNew: 523K->11K(576K), 0.0001997 secs] 3561K->3049K(3952K), 0.0002439 secs]
8.647: [GC 8.647: [DefNew: 523K->11K(576K), 0.0001777 secs] 3561K->3051K(3952K), 0.0002198 secs]
8.654: [GC 8.654: [DefNew: 523K->11K(576K), 0.0002189 secs] 3563K->3051K(3952K), 0.0002663 secs]
8.661: [GC 8.661: [DefNew: 523K->10K(576K), 0.0002004 secs] 3563K->3052K(3952K), 0.0002442 secs]
8.668: [GC 8.668: [DefNew: 522K->11K(576K), 0.0001958 secs] 3564K->3053K(3952K), 0.0002393 secs]
8.675: [GC 8.675: [DefNew: 523K->11K(576K), 0.0001965 secs] 3565K->3053K(3952K), 0.0002414 secs]
8.682: [GC 8.682: [DefNew: 523K->11K(576K), 0.0002093 secs] 3565K->3054K(3952K), 0.0002548 secs]
8.689: [GC 8.689: [DefNew: 523K->11K(576K), 0.0001900 secs] 3566K->3055K(3952K), 0.0002320 secs]
8.696: [GC 8.696: [DefNew: 523K->10K(576K), 0.0001825 secs] 3567K->3055K(3952K), 0.0002232 secs]
8.703: [GC 8.703: [DefNew: 522K->11K(576K), 0.0002150 secs] 3567K->3056K(3952K), 0.0002607 secs]
8.710: [GC 8.710: [DefNew: 523K->11K(576K), 0.0001887 secs] 3568K->3057K(3952K), 0.0002299 secs]
8.717: [GC 8.717: [DefNew: 523K->11K(576K), 0.0002065 secs] 3569K->3058K(3952K), 0.0002513 secs]
8.724: [GC 8.724: [DefNew: 523K->11K(576K), 0.0001701 secs] 3570K->3058K(3952K), 0.0002095 secs]
8.730: [GC 8.731: [DefNew: 523K->10K(576K), 0.0002167 secs] 3570K->3059K(3952K), 0.0002626 secs]
8.738: [GC 8.738: [DefNew: 522K->11K(576K), 0.0001805 secs] 3571K->3060K(3952K), 0.0002210 secs]
8.744: [GC 8.744: [DefNew: 523K->11K(576K), 0.0001910 secs] 3572K->3060K(3952K), 0.0002343 secs]
8.752: [GC 8.752: [DefNew: 523K->11K(576K), 0.0002075 secs] 3572K->3061K(3952K), 0.0002534 secs]
8.759: [GC 8.759: [DefNew: 523K->11K(576K), 0.0001818 secs] 3573K->3062K(3952K), 0.0002228 secs]
8.766: [GC 8.766: [DefNew: 523K->10K(576K), 0.0002423 secs] 3574K->3062K(3952K), 0.0002924 secs]
8.773: [GC 8.773: [DefNew: 522K->11K(576K), 0.0002173 secs] 3574K->3064K(3952K), 0.0002629 secs]
8.780: [GC 8.780: [DefNew: 523K->11K(576K), 0.0002145 secs] 3576K->3064K(3952K), 0.0002597 secs]
8.787: [GC 8.787: [DefNew: 523K->11K(576K), 0.0001836 secs] 3576K->3065K(3952K), 0.0002242 secs]
8.795: [GC 8.795: [DefNew: 523K->11K(576K), 0.0002316 secs] 3577K->3066K(3952K), 0.0002915 secs]
8.802: [GC 8.802: [DefNew: 523K->11K(576K), 0.0002024 secs] 3578K->3066K(3952K), 0.0002465 secs]
8.810: [GC 8.810: [DefNew: 523K->11K(576K), 0.0002210 secs] 3578K->3067K(3952K), 0.0002676 secs]
8.817: [GC 8.817: [DefNew: 523K->11K(576K), 0.0001706 secs] 3579K->3068K(3952K), 0.0002103 secs]
8.823: [GC 8.824: [DefNew: 523K->11K(576K), 0.0001987 secs] 3580K->3069K(3952K), 0.0002433 secs]
8.830: [GC 8.830: [DefNew: 523K->11K(576K), 0.0001743 secs] 3581K->3069K(3952K), 0.0002144 secs]
8.837: [GC 8.837: [DefNew: 523K->11K(576K), 0.0002033 secs] 3581K->3070K(3952K), 0.0002486 secs]
8.844: [GC 8.844: [DefNew: 523K->11K(576K), 0.0001934 secs] 3582K->3071K(3952K), 0.0002358 secs]
8.851: [GC 8.851: [DefNew: 523K->11K(576K), 0.0001744 secs] 3583K->3071K(3952K), 0.0002141 secs]
8.858: [GC 8.859: [DefNew: 523K->10K(576K), 0.0002168 secs] 3583K->3072K(3952K), 0.0002636 secs]
8.865: [GC 8.866: [DefNew: 522K->11K(576K), 0.0001998 secs] 3584K->3073K(3952K), 0.0002442 secs]
8.873: [GC 8.873: [DefNew: 523K->11K(576K), 0.0001994 secs] 3585K->3073K(3952K), 0.0002442 secs]
8.880: [GC 8.880: [DefNew: 523K->11K(576K), 0.0001876 secs] 3585K->3075K(3952K), 0.0002298 secs]
8.886: [GC 8.887: [DefNew: 523K->11K(576K), 0.0001807 secs] 3587K->3075K(3952K), 0.0002217 secs]
8.894: [GC 8.894: [DefNew: 523K->10K(576K), 0.0001976 secs] 3587K->3076K(3952K), 0.0002424 secs]
8.901: [GC 8.901: [DefNew: 522K->11K(576K), 0.0002160 secs] 3588K->3077K(3952K), 0.0002625 secs]
8.908: [GC 8.908: [DefNew: 523K->11K(576K), 0.0001817 secs] 3589K->3077K(3952K), 0.0002224 secs]
8.915: [GC 8.915: [DefNew: 523K->11K(576K), 0.0002134 secs] 3589K->3078K(3952K), 0.0002595 secs]
8.922: [GC 8.922: [DefNew: 523K->11K(576K), 0.0001784 secs] 3590K->3079K(3952K), 0.0002185 secs]
8.929: [GC 8.929: [DefNew: 523K->10K(576K), 0.0001830 secs] 3591K->3079K(3952K), 0.0002234 secs]
8.936: [GC 8.936: [DefNew: 522K->11K(576K), 0.0002063 secs] 3591K->3080K(3952K), 0.0002520 secs]
8.943: [GC 8.943: [DefNew: 523K->11K(576K), 0.0001797 secs] 3592K->3081K(3952K), 0.0002203 secs]
8.950: [GC 8.950: [DefNew: 523K->11K(576K), 0.0002043 secs] 3593K->3082K(3952K), 0.0002495 secs]
8.957: [GC 8.957: [DefNew: 523K->11K(576K), 0.0001781 secs] 3594K->3082K(3952K), 0.0002188 secs]
8.964: [GC 8.964: [DefNew: 523K->10K(576K), 0.0002311 secs] 3594K->3083K(3952K), 0.0002755 secs]
8.971: [GC 8.971: [DefNew: 522K->11K(576K), 0.0002087 secs] 3595K->3084K(3952K), 0.0002542 secs]
8.978: [GC 8.978: [DefNew: 523K->11K(576K), 0.0001795 secs] 3596K->3084K(3952K), 0.0002208 secs]
8.985: [GC 8.985: [DefNew: 523K->11K(576K), 0.0002109 secs] 3596K->3085K(3952K), 0.0002571 secs]
8.992: [GC 8.992: [DefNew: 523K->11K(576K), 0.0001893 secs] 3597K->3086K(3952K), 0.0002300 secs]
8.999: [GC 8.999: [DefNew: 523K->10K(576K), 0.0001976 secs] 3598K->3086K(3952K), 0.0002484 secs]
9.006: [GC 9.006: [DefNew: 522K->11K(576K), 0.0001853 secs] 3598K->3088K(3952K), 0.0002266 secs]
9.013: [GC 9.013: [DefNew: 523K->11K(576K), 0.0001802 secs] 3600K->3088K(3952K), 0.0002213 secs]
9.020: [GC 9.020: [DefNew: 523K->10K(576K), 0.0002032 secs] 3600K->3089K(3952K), 0.0002485 secs]
9.027: [GC 9.027: [DefNew: 522K->11K(576K), 0.0001932 secs] 3601K->3089K(3952K), 0.0002445 secs]
9.034: [GC 9.034: [DefNew: 523K->10K(576K), 0.0001757 secs] 3601K->3090K(3952K), 0.0002167 secs]
9.041: [GC 9.041: [DefNew: 522K->11K(576K), 0.0001980 secs] 3602K->3091K(3952K), 0.0002404 secs]
9.047: [GC 9.048: [DefNew: 523K->11K(576K), 0.0002039 secs] 3603K->3091K(3952K), 0.0002494 secs]
9.054: [GC 9.054: [DefNew: 523K->10K(576K), 0.0001885 secs] 3603K->3092K(3952K), 0.0002303 secs]
9.062: [GC 9.062: [DefNew: 522K->11K(576K), 0.0002096 secs] 3604K->3093K(3952K), 0.0002555 secs]
9.068: [GC 9.068: [DefNew: 523K->11K(576K), 0.0002025 secs] 3605K->3093K(3952K), 0.0002474 secs]
9.076: [GC 9.076: [DefNew: 523K->11K(576K), 0.0002203 secs] 3605K->3095K(3952K), 0.0002662 secs]
9.083: [GC 9.083: [DefNew: 523K->11K(576K), 0.0001713 secs] 3607K->3095K(3952K), 0.0002118 secs]
9.090: [GC 9.090: [DefNew: 523K->10K(576K), 0.0002078 secs] 3607K->3096K(3952K), 0.0002532 secs]
9.097: [GC 9.097: [DefNew: 522K->11K(576K), 0.0001772 secs] 3608K->3097K(3952K), 0.0002187 secs]
9.104: [GC 9.104: [DefNew: 523K->11K(576K), 0.0001788 secs] 3609K->3097K(3952K), 0.0002201 secs]
9.111: [GC 9.111: [DefNew: 523K->11K(576K), 0.0002173 secs] 3609K->3098K(3952K), 0.0002687 secs]
9.118: [GC 9.118: [DefNew: 523K->11K(576K), 0.0001974 secs] 3610K->3099K(3952K), 0.0002401 secs]
9.125: [GC 9.125: [DefNew: 523K->10K(576K), 0.0002084 secs] 3611K->3099K(3952K), 0.0002527 secs]
9.132: [GC 9.132: [DefNew: 522K->11K(576K), 0.0001858 secs] 3611K->3100K(3952K), 0.0002275 secs]
9.138: [GC 9.138: [DefNew: 523K->11K(576K), 0.0001901 secs] 3612K->3101K(3952K), 0.0002323 secs]
9.146: [GC 9.146: [DefNew: 523K->11K(576K), 0.0001913 secs] 3613K->3102K(3952K), 0.0002344 secs]
9.153: [GC 9.153: [DefNew: 523K->11K(576K), 0.0002034 secs] 3614K->3102K(3952K), 0.0002490 secs]
9.159: [GC 9.159: [DefNew: 523K->10K(576K), 0.0001846 secs] 3614K->3103K(3952K), 0.0002255 secs]
9.167: [GC 9.167: [DefNew: 522K->11K(576K), 0.0002024 secs] 3615K->3104K(3952K), 0.0002475 secs]
9.173: [GC 9.173: [DefNew: 523K->11K(576K), 0.0002147 secs] 3616K->3104K(3952K), 0.0002616 secs]
9.180: [GC 9.180: [DefNew: 523K->10K(576K), 0.0002050 secs] 3616K->3105K(3952K), 0.0002490 secs]
9.188: [GC 9.188: [DefNew: 522K->11K(576K), 0.0002042 secs] 3617K->3106K(3952K), 0.0002484 secs]
9.194: [GC 9.194: [DefNew: 523K->10K(576K), 0.0001757 secs] 3618K->3106K(3952K), 0.0002157 secs]
9.202: [GC 9.202: [DefNew: 522K->11K(576K), 0.0002199 secs] 3618K->3108K(3952K), 0.0002663 secs]
9.209: [GC 9.209: [DefNew: 523K->11K(576K), 0.0001776 secs] 3620K->3108K(3952K), 0.0002171 secs]
9.215: [GC 9.216: [DefNew: 523K->10K(576K), 0.0002110 secs] 3620K->3109K(3952K), 0.0002567 secs]
9.223: [GC 9.223: [DefNew: 522K->11K(576K), 0.0001796 secs] 3621K->3110K(3952K), 0.0002198 secs]
9.229: [GC 9.229: [DefNew: 523K->11K(576K), 0.0002207 secs] 3622K->3110K(3952K), 0.0002687 secs]
9.237: [GC 9.237: [DefNew: 523K->11K(576K), 0.0001929 secs] 3622K->3111K(3952K), 0.0002359 secs]
9.243: [GC 9.243: [DefNew: 523K->11K(576K), 0.0002039 secs] 3623K->3112K(3952K), 0.0002457 secs]
9.250: [GC 9.250: [DefNew: 523K->10K(576K), 0.0002045 secs] 3624K->3112K(3952K), 0.0002496 secs]
9.257: [GC 9.257: [DefNew: 522K->11K(576K), 0.0001757 secs] 3624K->3113K(3952K), 0.0002164 secs]
9.264: [GC 9.264: [DefNew: 523K->11K(576K), 0.0002172 secs] 3625K->3114K(3952K), 0.0002637 secs]
9.271: [GC 9.271: [DefNew: 523K->11K(576K), 0.0002007 secs] 3626K->3115K(3952K), 0.0002438 secs]
9.278: [GC 9.278: [DefNew: 523K->11K(576K), 0.0002056 secs] 3627K->3115K(3952K), 0.0002503 secs]
9.285: [GC 9.285: [DefNew: 523K->10K(576K), 0.0001834 secs] 3627K->3116K(3952K), 0.0002256 secs]
9.293: [GC 9.293: [DefNew: 522K->11K(576K), 0.0002198 secs] 3628K->3117K(3952K), 0.0002663 secs]
9.300: [GC 9.300: [DefNew: 523K->11K(576K), 0.0001802 secs] 3629K->3117K(3952K), 0.0002220 secs]
9.307: [GC 9.307: [DefNew: 523K->10K(576K), 0.0001965 secs] 3629K->3118K(3952K), 0.0002390 secs]
9.314: [GC 9.314: [DefNew: 522K->11K(576K), 0.0001945 secs] 3630K->3119K(3952K), 0.0002379 secs]
9.321: [GC 9.321: [DefNew: 523K->10K(576K), 0.0001845 secs] 3631K->3119K(3952K), 0.0002271 secs]
9.328: [GC 9.328: [DefNew: 522K->11K(576K), 0.0002282 secs] 3631K->3121K(3952K), 0.0002776 secs]
9.335: [GC 9.335: [DefNew: 523K->11K(576K), 0.0002219 secs] 3633K->3121K(3952K), 0.0002684 secs]
9.342: [GC 9.342: [DefNew: 523K->10K(576K), 0.0002117 secs] 3633K->3121K(3952K), 0.0002576 secs]
9.349: [GC 9.349: [DefNew: 522K->11K(576K), 0.0001931 secs] 3633K->3123K(3952K), 0.0002344 secs]
9.356: [GC 9.356: [DefNew: 523K->11K(576K), 0.0001926 secs] 3635K->3123K(3952K), 0.0002345 secs]
9.364: [GC 9.364: [DefNew: 523K->11K(576K), 0.0002104 secs] 3635K->3124K(3952K), 0.0002568 secs]
9.370: [GC 9.371: [DefNew: 523K->11K(576K), 0.0002142 secs] 3636K->3125K(3952K), 0.0002606 secs]
9.377: [GC 9.377: [DefNew: 523K->10K(576K), 0.0001736 secs] 3637K->3125K(3952K), 0.0002144 secs]
9.385: [GC 9.385: [DefNew: 522K->11K(576K), 0.0001973 secs] 3637K->3126K(3952K), 0.0002421 secs]
9.391: [GC 9.391: [DefNew: 523K->11K(576K), 0.0002193 secs] 3638K->3127K(3952K), 0.0002699 secs]
9.398: [GC 9.398: [DefNew: 523K->10K(576K), 0.0002026 secs] 3639K->3127K(3952K), 0.0002445 secs]
9.406: [GC 9.406: [DefNew: 522K->11K(576K), 0.0002219 secs] 3639K->3128K(3952K), 0.0002687 secs]
9.413: [GC 9.413: [DefNew: 523K->10K(576K), 0.0001795 secs] 3640K->3128K(3952K), 0.0002196 secs]
9.420: [GC 9.420: [DefNew: 522K->11K(576K), 0.0002151 secs] 3640K->3130K(3952K), 0.0002617 secs]
9.427: [GC 9.427: [DefNew: 523K->11K(576K), 0.0001726 secs] 3642K->3130K(3952K), 0.0002128 secs]
9.434: [GC 9.434: [DefNew: 523K->10K(576K), 0.0002026 secs] 3642K->3130K(3952K), 0.0002459 secs]
9.441: [GC 9.441: [DefNew: 522K->11K(576K), 0.0001784 secs] 3642K->3132K(3952K), 0.0002190 secs]
9.448: [GC 9.448: [DefNew: 523K->10K(576K), 0.0001842 secs] 3644K->3132K(3952K), 0.0002267 secs]
9.455: [GC 9.455: [DefNew: 522K->10K(576K), 0.0001927 secs] 3644K->3133K(3952K), 0.0002364 secs]
9.462: [GC 9.462: [DefNew: 522K->11K(576K), 0.0001889 secs] 3645K->3134K(3952K), 0.0002314 secs]
9.469: [GC 9.469: [DefNew: 523K->10K(576K), 0.0002143 secs] 3646K->3134K(3952K), 0.0002593 secs]
9.476: [GC 9.476: [DefNew: 522K->11K(576K), 0.0001759 secs] 3646K->3135K(3952K), 0.0002169 secs]
9.483: [GC 9.483: [DefNew: 523K->11K(576K), 0.0002161 secs] 3647K->3136K(3952K), 0.0002625 secs]
9.490: [GC 9.490: [DefNew: 523K->10K(576K), 0.0001980 secs] 3648K->3136K(3952K), 0.0002425 secs]
9.497: [GC 9.497: [DefNew: 522K->11K(576K), 0.0002202 secs] 3648K->3137K(3952K), 0.0002671 secs]
9.504: [GC 9.504: [DefNew: 523K->10K(576K), 0.0001726 secs] 3649K->3138K(3952K), 0.0002135 secs]
9.511: [GC 9.511: [DefNew: 522K->10K(576K), 0.0002499 secs] 3650K->3139K(3952K), 0.0002995 secs]
9.518: [GC 9.518: [DefNew: 522K->11K(576K), 0.0001694 secs] 3651K->3139K(3952K), 0.0002084 secs]
9.525: [GC 9.525: [DefNew: 523K->10K(576K), 0.0001961 secs] 3651K->3140K(3952K), 0.0002392 secs]
9.532: [GC 9.532: [DefNew: 522K->10K(576K), 0.0001864 secs] 3652K->3141K(3952K), 0.0002284 secs]
9.539: [GC 9.539: [DefNew: 522K->11K(576K), 0.0001955 secs] 3653K->3141K(3952K), 0.0002410 secs]
9.546: [GC 9.546: [DefNew: 523K->10K(576K), 0.0002258 secs] 3653K->3142K(3952K), 0.0002746 secs]
9.553: [GC 9.553: [DefNew: 522K->10K(576K), 0.0002089 secs] 3654K->3143K(3952K), 0.0002539 secs]
9.560: [GC 9.560: [DefNew: 522K->10K(576K), 0.0002123 secs] 3655K->3143K(3952K), 0.0002585 secs]
9.567: [GC 9.567: [DefNew: 522K->11K(576K), 0.0002072 secs] 3655K->3145K(3952K), 0.0002520 secs]
9.574: [GC 9.574: [DefNew: 523K->11K(576K), 0.0001811 secs] 3657K->3145K(3952K), 0.0002225 secs]
9.581: [GC 9.581: [DefNew: 523K->10K(576K), 0.0001810 secs] 3657K->3145K(3952K), 0.0002364 secs]
9.588: [GC 9.588: [DefNew: 522K->11K(576K), 0.0002014 secs] 3657K->3146K(3952K), 0.0002470 secs]
9.595: [GC 9.595: [DefNew: 523K->10K(576K), 0.0001780 secs] 3658K->3147K(3952K), 0.0002182 secs]
9.602: [GC 9.602: [DefNew: 522K->11K(576K), 0.0002213 secs] 3659K->3148K(3952K), 0.0002692 secs]
9.610: [GC 9.610: [DefNew: 523K->11K(576K), 0.0002245 secs] 3660K->3148K(3952K), 0.0002722 secs]
9.618: [GC 9.618: [DefNew: 523K->10K(576K), 0.0001875 secs] 3660K->3149K(3952K), 0.0002306 secs]
9.625: [GC 9.625: [DefNew: 522K->11K(576K), 0.0002168 secs] 3661K->3150K(3952K), 0.0002636 secs]
9.632: [GC 9.632: [DefNew: 523K->11K(576K), 0.0001769 secs] 3662K->3150K(3952K), 0.0002181 secs]
9.640: [GC 9.640: [DefNew: 523K->10K(576K), 0.0002273 secs] 3662K->3151K(3952K), 0.0002748 secs]
9.647: [GC 9.647: [DefNew: 522K->11K(576K), 0.0001725 secs] 3663K->3152K(3952K), 0.0002122 secs]
9.655: [GC 9.655: [DefNew: 523K->10K(576K), 0.0002260 secs] 3664K->3152K(3952K), 0.0002739 secs]
9.662: [GC 9.662: [DefNew: 522K->11K(576K), 0.0002092 secs] 3664K->3154K(3952K), 0.0002555 secs]
9.669: [GC 9.669: [DefNew: 523K->11K(576K), 0.0002061 secs] 3666K->3154K(3952K), 0.0002516 secs]
9.677: [GC 9.677: [DefNew: 523K->10K(576K), 0.0002291 secs] 3666K->3154K(3952K), 0.0002761 secs]
9.685: [GC 9.685: [DefNew: 522K->11K(576K), 0.0002182 secs] 3666K->3156K(3952K), 0.0002649 secs]
9.691: [GC 9.691: [DefNew: 523K->11K(576K), 0.0001871 secs] 3668K->3156K(3952K), 0.0002294 secs]
9.698: [GC 9.698: [DefNew: 523K->10K(576K), 0.0001874 secs] 3668K->3157K(3952K), 0.0002304 secs]
9.706: [GC 9.706: [DefNew: 522K->10K(576K), 0.0003041 secs] 3669K->3158K(3952K), 0.0003527 secs]
9.714: [GC 9.714: [DefNew: 522K->10K(576K), 0.0002362 secs] 3670K->3158K(3952K), 0.0002849 secs]
9.721: [GC 9.721: [DefNew: 522K->11K(576K), 0.0002040 secs] 3670K->3159K(3952K), 0.0002492 secs]
9.728: [GC 9.728: [DefNew: 523K->10K(576K), 0.0001879 secs] 3671K->3160K(3952K), 0.0002315 secs]
9.736: [GC 9.736: [DefNew: 522K->10K(576K), 0.0002177 secs] 3672K->3161K(3952K), 0.0002650 secs]
9.743: [GC 9.743: [DefNew: 522K->11K(576K), 0.0001935 secs] 3673K->3161K(3952K), 0.0002383 secs]
9.750: [GC 9.750: [DefNew: 523K->10K(576K), 0.0002084 secs] 3673K->3162K(3952K), 0.0002538 secs]
9.757: [GC 9.757: [DefNew: 522K->10K(576K), 0.0001962 secs] 3674K->3163K(3952K), 0.0002387 secs]
9.764: [GC 9.764: [DefNew: 522K->11K(576K), 0.0001925 secs] 3675K->3163K(3952K), 0.0002358 secs]
9.771: [GC 9.771: [DefNew: 523K->10K(576K), 0.0002080 secs] 3675K->3164K(3952K), 0.0002538 secs]
9.778: [GC 9.778: [DefNew: 522K->10K(576K), 0.0002063 secs] 3676K->3165K(3952K), 0.0002517 secs]
9.785: [GC 9.785: [DefNew: 522K->11K(576K), 0.0001723 secs] 3677K->3165K(3952K), 0.0002190 secs]
9.793: [GC 9.793: [DefNew: 523K->10K(576K), 0.0002412 secs] 3677K->3166K(3952K), 0.0002928 secs]
9.800: [GC 9.801: [DefNew: 522K->11K(576K), 0.0002327 secs] 3678K->3167K(3952K), 0.0002803 secs]
9.808: [GC 9.808: [DefNew: 523K->10K(576K), 0.0002113 secs] 3679K->3167K(3952K), 0.0002584 secs]
9.815: [GC 9.815: [DefNew: 522K->11K(576K), 0.0001771 secs] 3679K->3169K(3952K), 0.0002186 secs]
9.821: [GC 9.822: [DefNew: 523K->11K(576K), 0.0002037 secs] 3681K->3169K(3952K), 0.0002493 secs]
9.828: [GC 9.828: [DefNew: 523K->10K(576K), 0.0001906 secs] 3681K->3170K(3952K), 0.0002332 secs]
9.835: [GC 9.835: [DefNew: 522K->11K(576K), 0.0001910 secs] 3682K->3170K(3952K), 0.0002317 secs]
9.843: [GC 9.843: [DefNew: 523K->10K(576K), 0.0002190 secs] 3682K->3171K(3952K), 0.0002665 secs]
9.850: [GC 9.850: [DefNew: 522K->11K(576K), 0.0001845 secs] 3683K->3172K(3952K), 0.0002259 secs]
9.857: [GC 9.857: [DefNew: 523K->11K(576K), 0.0001852 secs] 3684K->3172K(3952K), 0.0002273 secs]
9.863: [GC 9.863: [DefNew: 523K->10K(576K), 0.0002070 secs] 3684K->3173K(3952K), 0.0002473 secs]
9.871: [GC 9.871: [DefNew: 522K->11K(576K), 0.0002308 secs] 3685K->3174K(3952K), 0.0002793 secs]
9.877: [GC 9.877: [DefNew: 523K->11K(576K), 0.0001719 secs] 3686K->3174K(3952K), 0.0002117 secs]
9.885: [GC 9.885: [DefNew: 523K->11K(576K), 0.0002233 secs] 3686K->3176K(3952K), 0.0002686 secs]
9.891: [GC 9.891: [DefNew: 523K->11K(576K), 0.0002181 secs] 3688K->3176K(3952K), 0.0002594 secs]
9.898: [GC 9.898: [DefNew: 523K->10K(576K), 0.0001782 secs] 3688K->3176K(3952K), 0.0002180 secs]
9.906: [GC 9.906: [DefNew: 522K->11K(576K), 0.0002121 secs] 3688K->3178K(3952K), 0.0002592 secs]
9.913: [GC 9.913: [DefNew: 523K->11K(576K), 0.0001848 secs] 3690K->3178K(3952K), 0.0002263 secs]
9.920: [GC 9.920: [DefNew: 523K->10K(576K), 0.0002000 secs] 3690K->3179K(3952K), 0.0002428 secs]
9.927: [GC 9.927: [DefNew: 522K->11K(576K), 0.0002062 secs] 3691K->3180K(3952K), 0.0002508 secs]
9.934: [GC 9.934: [DefNew: 523K->10K(576K), 0.0001974 secs] 3692K->3180K(3952K), 0.0002418 secs]
9.941: [GC 9.941: [DefNew: 522K->11K(576K), 0.0001810 secs] 3692K->3181K(3952K), 0.0002231 secs]
9.947: [GC 9.947: [DefNew: 523K->11K(576K), 0.0001807 secs] 3693K->3182K(3952K), 0.0002224 secs]
9.955: [GC 9.955: [DefNew: 523K->10K(576K), 0.0002140 secs] 3694K->3182K(3952K), 0.0002595 secs]
9.962: [GC 9.962: [DefNew: 522K->11K(576K), 0.0002044 secs] 3694K->3183K(3952K), 0.0002494 secs]
9.969: [GC 9.969: [DefNew: 523K->11K(576K), 0.0001966 secs] 3695K->3184K(3952K), 0.0002399 secs]
9.976: [GC 9.976: [DefNew: 523K->10K(576K), 0.0001784 secs] 3696K->3185K(3952K), 0.0002184 secs]
9.983: [GC 9.983: [DefNew: 522K->11K(576K), 0.0002131 secs] 3697K->3185K(3952K), 0.0002602 secs]
9.990: [GC 9.990: [DefNew: 523K->10K(576K), 0.0001789 secs] 3697K->3186K(3952K), 0.0002273 secs]
9.997: [GC 9.997: [DefNew: 522K->11K(576K), 0.0002170 secs] 3698K->3187K(3952K), 0.0002618 secs]
10.004: [GC 10.004: [DefNew: 523K->11K(576K), 0.0001764 secs] 3699K->3187K(3952K), 0.0002167 secs]
10.010: [GC 10.010: [DefNew: 523K->10K(576K), 0.0001847 secs] 3699K->3188K(3952K), 0.0002275 secs]
10.018: [GC 10.018: [DefNew: 522K->11K(576K), 0.0001897 secs] 3700K->3189K(3952K), 0.0002333 secs]
10.024: [GC 10.025: [DefNew: 523K->10K(576K), 0.0002055 secs] 3701K->3189K(3952K), 0.0002507 secs]
10.032: [GC 10.032: [DefNew: 522K->10K(576K), 0.0001899 secs] 3701K->3191K(3952K), 0.0002326 secs]
10.038: [GC 10.038: [DefNew: 522K->11K(576K), 0.0001723 secs] 3703K->3191K(3952K), 0.0002123 secs]
10.045: [GC 10.045: [DefNew: 523K->10K(576K), 0.0002073 secs] 3703K->3191K(3952K), 0.0002539 secs]
10.052: [GC 10.052: [DefNew: 522K->11K(576K), 0.0001812 secs] 3703K->3193K(3952K), 0.0002230 secs]
10.059: [GC 10.059: [DefNew: 523K->11K(576K), 0.0002186 secs] 3705K->3193K(3952K), 0.0002691 secs]
10.066: [GC 10.066: [DefNew: 523K->10K(576K), 0.0001838 secs] 3705K->3194K(3952K), 0.0002247 secs]
10.073: [GC 10.073: [DefNew: 522K->11K(576K), 0.0002034 secs] 3706K->3195K(3952K), 0.0002484 secs]
10.080: [GC 10.080: [DefNew: 523K->10K(576K), 0.0002108 secs] 3707K->3195K(3952K), 0.0002536 secs]
10.088: [GC 10.088: [DefNew: 522K->11K(576K), 0.0002425 secs] 3707K->3196K(3952K), 0.0002932 secs]
10.095: [GC 10.095: [DefNew: 523K->11K(576K), 0.0002298 secs] 3708K->3196K(3952K), 0.0002799 secs]
10.104: [GC 10.104: [DefNew: 523K->10K(576K), 0.0002399 secs] 3708K->3197K(3952K), 0.0002885 secs]
10.111: [GC 10.111: [DefNew: 522K->11K(576K), 0.0002365 secs] 3709K->3198K(3952K), 0.0002849 secs]
10.119: [GC 10.119: [DefNew: 523K->10K(576K), 0.0002457 secs] 3710K->3198K(3952K), 0.0002952 secs]
10.127: [GC 10.127: [DefNew: 522K->10K(576K), 0.0002515 secs] 3710K->3200K(3952K), 0.0003023 secs]
10.134: [GC 10.134: [DefNew: 522K->10K(576K), 0.0002437 secs] 3712K->3200K(3952K), 0.0002932 secs]
10.141: [GC 10.141: [DefNew: 522K->10K(576K), 0.0002408 secs] 3712K->3200K(3952K), 0.0002909 secs]
10.149: [GC 10.149: [DefNew: 522K->11K(576K), 0.0002431 secs] 3712K->3202K(3952K), 0.0002927 secs]
10.156: [GC 10.156: [DefNew: 523K->10K(576K), 0.0002403 secs] 3714K->3202K(3952K), 0.0002910 secs]
10.164: [GC 10.164: [DefNew: 522K->10K(576K), 0.0004848 secs] 3714K->3202K(3952K), 0.0005358 secs]
10.171: [GC 10.171: [DefNew: 522K->11K(576K), 0.0002411 secs] 3714K->3204K(3952K), 0.0002911 secs]
10.178: [GC 10.178: [DefNew: 523K->10K(576K), 0.0002377 secs] 3716K->3204K(3952K), 0.0002870 secs]
10.186: [GC 10.186: [DefNew: 522K->10K(576K), 0.0002433 secs] 3716K->3205K(3952K), 0.0002954 secs]
10.194: [GC 10.194: [DefNew: 522K->11K(576K), 0.0002362 secs] 3717K->3206K(3952K), 0.0002856 secs]
10.201: [GC 10.201: [DefNew: 523K->10K(576K), 0.0002473 secs] 3718K->3206K(3952K), 0.0002973 secs]
10.209: [GC 10.209: [DefNew: 522K->10K(576K), 0.0002397 secs] 3718K->3207K(3952K), 0.0002894 secs]
10.218: [GC 10.218: [DefNew: 522K->10K(576K), 0.0002414 secs] 3719K->3208K(3952K), 0.0002924 secs]
10.225: [GC 10.225: [DefNew: 522K->10K(576K), 0.0002324 secs] 3720K->3208K(3952K), 0.0002816 secs]
10.234: [GC 10.234: [DefNew: 522K->11K(576K), 0.0002390 secs] 3720K->3209K(3952K), 0.0002877 secs]
10.241: [GC 10.241: [DefNew: 523K->10K(576K), 0.0002340 secs] 3721K->3210K(3952K), 0.0002827 secs]
10.249: [GC 10.249: [DefNew: 522K->10K(576K), 0.0002506 secs] 3722K->3211K(3952K), 0.0003010 secs]
10.257: [GC 10.257: [DefNew: 522K->10K(576K), 0.0002352 secs] 3723K->3211K(3952K), 0.0003085 secs]
10.264: [GC 10.265: [DefNew: 522K->10K(576K), 0.0002453 secs] 3723K->3211K(3952K), 0.0002963 secs]
10.272: [GC 10.272: [DefNew: 522K->10K(576K), 0.0002480 secs] 3723K->3213K(3952K), 0.0002982 secs]
10.280: [GC 10.280: [DefNew: 522K->10K(576K), 0.0002528 secs] 3725K->3213K(3952K), 0.0003061 secs]
10.287: [GC 10.287: [DefNew: 522K->10K(576K), 0.0002414 secs] 3725K->3214K(3952K), 0.0002906 secs]
10.295: [GC 10.295: [DefNew: 522K->10K(576K), 0.0002472 secs] 3726K->3215K(3952K), 0.0002965 secs]
10.304: [GC 10.304: [DefNew: 522K->10K(576K), 0.0002401 secs] 3727K->3215K(3952K), 0.0002920 secs]
10.312: [GC 10.312: [DefNew: 522K->10K(576K), 0.0002230 secs] 3727K->3216K(3952K), 0.0002715 secs]
10.318: [GC 10.318: [DefNew: 522K->10K(576K), 0.0001703 secs] 3728K->3217K(3952K), 0.0002104 secs]
10.325: [GC 10.325: [DefNew: 522K->10K(576K), 0.0001886 secs] 3729K->3217K(3952K), 0.0002318 secs]
10.332: [GC 10.332: [DefNew: 522K->10K(576K), 0.0001808 secs] 3729K->3218K(3952K), 0.0002215 secs]
10.339: [GC 10.339: [DefNew: 522K->10K(576K), 0.0002099 secs] 3730K->3219K(3952K), 0.0002549 secs]
10.346: [GC 10.346: [DefNew: 522K->10K(576K), 0.0002095 secs] 3731K->3219K(3952K), 0.0002553 secs]
10.353: [GC 10.353: [DefNew: 522K->10K(576K), 0.0002361 secs] 3731K->3220K(3952K), 0.0002878 secs]
10.360: [GC 10.360: [DefNew: 522K->10K(576K), 0.0002036 secs] 3732K->3221K(3952K), 0.0002480 secs]
10.367: [GC 10.367: [DefNew: 522K->10K(576K), 0.0002117 secs] 3733K->3222K(3952K), 0.0002588 secs]
10.375: [GC 10.375: [DefNew: 522K->10K(576K), 0.0002249 secs] 3734K->3222K(3952K), 0.0002721 secs]
10.382: [GC 10.382: [DefNew: 522K->10K(576K), 0.0001857 secs] 3734K->3223K(3952K), 0.0002281 secs]
10.390: [GC 10.390: [DefNew: 522K->10K(576K), 0.0002200 secs] 3735K->3224K(3952K), 0.0002673 secs]
10.396: [GC 10.396: [DefNew: 522K->10K(576K), 0.0002069 secs] 3736K->3224K(3952K), 0.0002537 secs]
10.404: [GC 10.404: [DefNew: 522K->9K(576K), 0.0002234 secs] 3736K->3224K(3952K), 0.0002701 secs]
10.411: [GC 10.411: [DefNew: 521K->10K(576K), 0.0001894 secs] 3736K->3226K(3952K), 0.0002614 secs]
10.420: [GC 10.420: [DefNew: 522K->10K(576K), 0.0002293 secs] 3738K->3226K(3952K), 0.0002777 secs]
10.427: [GC 10.427: [DefNew: 522K->10K(576K), 0.0002060 secs] 3738K->3227K(3952K), 0.0002518 secs]
10.434: [GC 10.434: [DefNew: 522K->10K(576K), 0.0002029 secs] 3739K->3228K(3952K), 0.0002492 secs]
10.441: [GC 10.441: [DefNew: 522K->9K(576K), 0.0002178 secs] 3740K->3228K(3952K), 0.0002637 secs]
10.448: [GC 10.448: [DefNew: 521K->10K(576K), 0.0002320 secs] 3740K->3229K(3952K), 0.0002806 secs]
10.455: [GC 10.455: [DefNew: 522K->10K(576K), 0.0001870 secs] 3741K->3230K(3952K), 0.0002299 secs]
10.462: [GC 10.462: [DefNew: 522K->9K(576K), 0.0002230 secs] 3742K->3230K(3952K), 0.0002715 secs]
10.469: [GC 10.469: [DefNew: 521K->10K(576K), 0.0002214 secs] 3742K->3231K(3952K), 0.0002688 secs]
10.476: [GC 10.476: [DefNew: 522K->10K(576K), 0.0002043 secs] 3743K->3232K(3952K), 0.0002501 secs]
10.483: [GC 10.483: [DefNew: 522K->10K(576K), 0.0002186 secs] 3744K->3232K(3952K), 0.0002647 secs]
10.491: [GC 10.491: [DefNew: 522K->10K(576K), 0.0002136 secs] 3744K->3233K(3952K), 0.0002604 secs]
10.498: [GC 10.498: [DefNew: 522K->9K(576K), 0.0002502 secs] 3745K->3233K(3952K), 0.0003014 secs]
10.505: [GC 10.505: [DefNew: 521K->10K(576K), 0.0002018 secs] 3745K->3235K(3952K), 0.0002472 secs]
10.512: [GC 10.512: [DefNew: 522K->10K(576K), 0.0002136 secs] 3747K->3235K(3952K), 0.0002597 secs]
10.519: [GC 10.519: [DefNew: 522K->9K(576K), 0.0002069 secs] 3747K->3235K(3952K), 0.0002553 secs]
10.526: [GC 10.526: [DefNew: 521K->10K(576K), 0.0002062 secs] 3747K->3237K(3952K), 0.0002516 secs]
10.533: [GC 10.533: [DefNew: 522K->10K(576K), 0.0002155 secs] 3749K->3237K(3952K), 0.0002626 secs]
10.540: [GC 10.540: [DefNew: 522K->9K(576K), 0.0002325 secs] 3749K->3237K(3952K), 0.0002824 secs]
10.547: [GC 10.547: [DefNew: 521K->10K(576K), 0.0002460 secs] 3749K->3239K(3952K), 0.0002990 secs]
10.554: [GC 10.554: [DefNew: 522K->9K(576K), 0.0002142 secs] 3751K->3239K(3952K), 0.0002601 secs]
10.561: [GC 10.561: [DefNew: 521K->10K(576K), 0.0002148 secs] 3751K->3240K(3952K), 0.0002625 secs]
10.568: [GC 10.568: [DefNew: 522K->10K(576K), 0.0001874 secs] 3752K->3241K(3952K), 0.0002296 secs]
10.576: [GC 10.576: [DefNew: 522K->9K(576K), 0.0002236 secs] 3753K->3241K(3952K), 0.0002705 secs]
10.583: [GC 10.583: [DefNew: 521K->10K(576K), 0.0002143 secs] 3753K->3242K(3952K), 0.0002605 secs]
10.590: [GC 10.590: [DefNew: 522K->10K(576K), 0.0002122 secs] 3754K->3242K(3952K), 0.0002565 secs]
10.597: [GC 10.597: [DefNew: 522K->9K(576K), 0.0002075 secs] 3754K->3243K(3952K), 0.0002622 secs]
10.605: [GC 10.605: [DefNew: 521K->10K(576K), 0.0002237 secs] 3755K->3244K(3952K), 0.0002705 secs]
10.612: [GC 10.612: [DefNew: 522K->9K(576K), 0.0001828 secs] 3756K->3244K(3952K), 0.0002242 secs]
10.619: [GC 10.619: [DefNew: 521K->9K(576K), 0.0002206 secs] 3756K->3245K(3952K), 0.0002660 secs]
10.626: [GC 10.626: [DefNew: 521K->10K(576K), 0.0002192 secs] 3757K->3246K(3952K), 0.0002659 secs]
10.633: [GC 10.633: [DefNew: 522K->9K(576K), 0.0001900 secs] 3758K->3246K(3952K), 0.0002329 secs]
10.640: [GC 10.640: [DefNew: 521K->10K(576K), 0.0002018 secs] 3758K->3247K(3952K), 0.0002485 secs]
10.647: [GC 10.647: [DefNew: 522K->10K(576K), 0.0002149 secs] 3759K->3248K(3952K), 0.0003106 secs]
10.655: [GC 10.655: [DefNew: 522K->9K(576K), 0.0002584 secs] 3760K->3248K(3952K), 0.0003064 secs]
10.662: [GC 10.662: [DefNew: 521K->10K(576K), 0.0002082 secs] 3760K->3249K(3952K), 0.0002542 secs]
10.669: [GC 10.669: [DefNew: 522K->10K(576K), 0.0002216 secs] 3761K->3250K(3952K), 0.0002681 secs]
10.676: [GC 10.676: [DefNew: 522K->9K(576K), 0.0002373 secs] 3762K->3250K(3952K), 0.0002873 secs]
10.684: [GC 10.684: [DefNew: 521K->10K(576K), 0.0002226 secs] 3762K->3251K(3952K), 0.0002704 secs]
10.690: [GC 10.690: [DefNew: 522K->9K(576K), 0.0001758 secs] 3763K->3252K(3952K), 0.0002164 secs]
10.697: [GC 10.697: [DefNew: 521K->9K(576K), 0.0001901 secs] 3764K->3252K(3952K), 0.0002324 secs]
10.704: [GC 10.705: [DefNew: 521K->10K(576K), 0.0001888 secs] 3764K->3253K(3952K), 0.0002319 secs]
10.711: [GC 10.711: [DefNew: 522K->9K(576K), 0.0002196 secs] 3765K->3254K(3952K), 0.0002617 secs]
10.718: [GC 10.718: [DefNew: 521K->9K(576K), 0.0002033 secs] 3766K->3254K(3952K), 0.0002483 secs]
10.725: [GC 10.726: [DefNew: 521K->10K(576K), 0.0001783 secs] 3766K->3255K(3952K), 0.0002190 secs]
10.733: [GC 10.733: [DefNew: 522K->9K(576K), 0.0002140 secs] 3767K->3256K(3952K), 0.0002600 secs]
10.740: [GC 10.740: [DefNew: 521K->10K(576K), 0.0001871 secs] 3768K->3256K(3952K), 0.0002303 secs]
10.747: [GC 10.747: [DefNew: 522K->10K(576K), 0.0001923 secs] 3768K->3257K(3952K), 0.0002353 secs]
10.754: [GC 10.754: [DefNew: 522K->9K(576K), 0.0002306 secs] 3769K->3257K(3952K), 0.0002784 secs]
10.761: [GC 10.761: [DefNew: 521K->10K(576K), 0.0002234 secs] 3769K->3259K(3952K), 0.0002696 secs]
10.768: [GC 10.768: [DefNew: 522K->9K(576K), 0.0001828 secs] 3771K->3259K(3952K), 0.0002237 secs]
10.775: [GC 10.775: [DefNew: 521K->9K(576K), 0.0002337 secs] 3771K->3259K(3952K), 0.0002823 secs]
10.784: [GC 10.784: [DefNew: 521K->10K(576K), 0.0002256 secs] 3771K->3261K(3952K), 0.0002736 secs]
10.791: [GC 10.791: [DefNew: 522K->9K(576K), 0.0002608 secs] 3773K->3261K(3952K), 0.0003126 secs]
10.799: [GC 10.799: [DefNew: 521K->9K(576K), 0.0002249 secs] 3773K->3261K(3952K), 0.0002727 secs]
10.807: [GC 10.807: [DefNew: 521K->10K(576K), 0.0002281 secs] 3773K->3263K(3952K), 0.0002764 secs]
10.814: [GC 10.814: [DefNew: 522K->9K(576K), 0.0002114 secs] 3775K->3263K(3952K), 0.0002568 secs]
10.820: [GC 10.821: [DefNew: 521K->9K(576K), 0.0001764 secs] 3775K->3263K(3952K), 0.0002170 secs]
10.828: [GC 10.828: [DefNew: 521K->10K(576K), 0.0002223 secs] 3775K->3264K(3952K), 0.0002682 secs]
10.835: [GC 10.835: [DefNew: 522K->9K(576K), 0.0002090 secs] 3776K->3265K(3952K), 0.0002546 secs]
10.842: [GC 10.842: [DefNew: 521K->10K(576K), 0.0002028 secs] 3777K->3266K(3952K), 0.0002478 secs]
10.849: [GC 10.849: [DefNew: 522K->10K(576K), 0.0002417 secs] 3778K->3266K(3952K), 0.0002890 secs]
10.857: [GC 10.857: [DefNew: 522K->9K(576K), 0.0002239 secs] 3778K->3267K(3952K), 0.0002713 secs]
10.864: [GC 10.864: [DefNew: 521K->10K(576K), 0.0001767 secs] 3779K->3268K(3952K), 0.0002182 secs]
10.870: [GC 10.871: [DefNew: 522K->9K(576K), 0.0001964 secs] 3780K->3268K(3952K), 0.0002397 secs]
10.877: [GC 10.877: [DefNew: 521K->9K(576K), 0.0001910 secs] 3780K->3269K(3952K), 0.0002337 secs]
10.884: [GC 10.884: [DefNew: 521K->10K(576K), 0.0001835 secs] 3781K->3270K(3952K), 0.0002260 secs]
10.891: [GC 10.891: [DefNew: 522K->9K(576K), 0.0002019 secs] 3782K->3270K(3952K), 0.0002460 secs]
10.898: [GC 10.898: [DefNew: 521K->9K(576K), 0.0001734 secs] 3782K->3271K(3952K), 0.0002144 secs]
10.906: [GC 10.906: [DefNew: 521K->10K(576K), 0.0002130 secs] 3783K->3272K(3952K), 0.0002597 secs]
10.913: [GC 10.913: [DefNew: 522K->9K(576K), 0.0002181 secs] 3784K->3272K(3952K), 0.0002637 secs]
10.920: [GC 10.920: [DefNew: 521K->9K(576K), 0.0002104 secs] 3784K->3272K(3952K), 0.0002568 secs]
10.927: [GC 10.927: [DefNew: 521K->10K(576K), 0.0001775 secs] 3784K->3274K(3952K), 0.0002185 secs]
10.934: [GC 10.934: [DefNew: 522K->9K(576K), 0.0002076 secs] 3786K->3274K(3952K), 0.0002526 secs]
10.941: [GC 10.941: [DefNew: 521K->10K(576K), 0.0001778 secs] 3786K->3275K(3952K), 0.0002181 secs]
10.948: [GC 10.948: [DefNew: 522K->10K(576K), 0.0001967 secs] 3787K->3276K(3952K), 0.0002392 secs]
10.955: [GC 10.955: [DefNew: 522K->9K(576K), 0.0001699 secs] 3788K->3276K(3952K), 0.0002100 secs]
10.961: [GC 10.962: [DefNew: 521K->10K(576K), 0.0001836 secs] 3788K->3277K(3952K), 0.0002260 secs]
10.969: [GC 10.969: [DefNew: 522K->9K(576K), 0.0002094 secs] 3789K->3277K(3952K), 0.0002537 secs]
10.976: [GC 10.976: [DefNew: 521K->9K(576K), 0.0001993 secs] 3789K->3278K(3952K), 0.0002447 secs]
10.983: [GC 10.983: [DefNew: 521K->10K(576K), 0.0002208 secs] 3790K->3279K(3952K), 0.0002710 secs]
10.989: [GC 10.990: [DefNew: 522K->9K(576K), 0.0001899 secs] 3791K->3279K(3952K), 0.0002318 secs]
10.997: [GC 10.997: [DefNew: 521K->9K(576K), 0.0002168 secs] 3791K->3280K(3952K), 0.0002630 secs]
11.004: [GC 11.004: [DefNew: 521K->10K(576K), 0.0002136 secs] 3792K->3281K(3952K), 0.0002587 secs]
11.010: [GC 11.010: [DefNew: 522K->9K(576K), 0.0001897 secs] 3793K->3281K(3952K), 0.0002315 secs]
11.017: [GC 11.017: [DefNew: 521K->9K(576K), 0.0002250 secs] 3793K->3282K(3952K), 0.0002715 secs]
11.025: [GC 11.025: [DefNew: 521K->10K(576K), 0.0002187 secs] 3794K->3283K(3952K), 0.0002655 secs]
11.031: [GC 11.032: [DefNew: 522K->9K(576K), 0.0001811 secs] 3795K->3283K(3952K), 0.0002229 secs]
11.039: [GC 11.039: [DefNew: 521K->9K(576K), 0.0002050 secs] 3795K->3284K(3952K), 0.0002501 secs]
11.047: [GC 11.047: [DefNew: 521K->10K(576K), 0.0002254 secs] 3796K->3285K(3952K), 0.0002730 secs]
11.054: [GC 11.054: [DefNew: 522K->9K(576K), 0.0002048 secs] 3797K->3285K(3952K), 0.0002504 secs]
11.061: [GC 11.061: [DefNew: 521K->10K(576K), 0.0002210 secs] 3797K->3286K(3952K), 0.0002685 secs]
11.068: [GC 11.068: [DefNew: 522K->9K(576K), 0.0002103 secs] 3798K->3287K(3952K), 0.0002556 secs]
11.075: [GC 11.075: [DefNew: 521K->9K(576K), 0.0001991 secs] 3799K->3287K(3952K), 0.0002438 secs]
11.082: [GC 11.082: [DefNew: 521K->10K(576K), 0.0001881 secs] 3799K->3288K(3952K), 0.0002313 secs]
11.089: [GC 11.089: [DefNew: 522K->9K(576K), 0.0002196 secs] 3800K->3289K(3952K), 0.0002656 secs]
11.096: [GC 11.096: [DefNew: 521K->9K(576K), 0.0002072 secs] 3801K->3289K(3952K), 0.0002530 secs]
11.103: [GC 11.103: [DefNew: 521K->10K(576K), 0.0002241 secs] 3801K->3290K(3952K), 0.0002761 secs]
11.110: [GC 11.110: [DefNew: 522K->9K(576K), 0.0002309 secs] 3802K->3290K(3952K), 0.0002769 secs]
11.117: [GC 11.117: [DefNew: 521K->9K(576K), 0.0003175 secs] 3802K->3291K(3952K), 0.0003646 secs]
11.124: [GC 11.124: [DefNew: 521K->10K(576K), 0.0002144 secs] 3803K->3292K(3952K), 0.0002606 secs]
11.132: [GC 11.132: [DefNew: 522K->9K(576K), 0.0002854 secs] 3804K->3292K(3952K), 0.0003395 secs]
11.140: [GC 11.140: [DefNew: 521K->9K(576K), 0.0002770 secs] 3804K->3293K(3952K), 0.0003305 secs]
11.148: [GC 11.148: [DefNew: 521K->10K(576K), 0.0002342 secs] 3805K->3294K(3952K), 0.0002831 secs]
11.155: [GC 11.155: [DefNew: 522K->9K(576K), 0.0002102 secs] 3806K->3294K(3952K), 0.0002556 secs]
11.162: [GC 11.162: [DefNew: 521K->10K(576K), 0.0001775 secs] 3806K->3295K(3952K), 0.0002172 secs]
11.169: [GC 11.169: [DefNew: 522K->10K(576K), 0.0002146 secs] 3807K->3296K(3952K), 0.0002611 secs]
11.176: [GC 11.176: [DefNew: 522K->9K(576K), 0.0002017 secs] 3808K->3296K(3952K), 0.0002481 secs]
11.184: [GC 11.184: [DefNew: 521K->10K(576K), 0.0002253 secs] 3808K->3297K(3952K), 0.0002737 secs]
11.191: [GC 11.191: [DefNew: 522K->9K(576K), 0.0002313 secs] 3809K->3298K(3952K), 0.0003508 secs]
11.199: [GC 11.199: [DefNew: 521K->9K(576K), 0.0002359 secs] 3810K->3298K(3952K), 0.0002843 secs]
11.207: [GC 11.207: [DefNew: 521K->10K(576K), 0.0003100 secs] 3810K->3299K(3952K), 0.0003700 secs]
11.217: [GC 11.217: [DefNew: 522K->9K(576K), 0.0002513 secs] 3811K->3300K(3952K), 0.0003037 secs]
11.225: [GC 11.225: [DefNew: 521K->9K(576K), 0.0002189 secs] 3812K->3300K(3952K), 0.0002662 secs]
11.232: [GC 11.232: [DefNew: 521K->10K(576K), 0.0001876 secs] 3812K->3301K(3952K), 0.0002306 secs]
11.239: [GC 11.239: [DefNew: 522K->9K(576K), 0.0002118 secs] 3813K->3302K(3952K), 0.0002583 secs]
11.245: [GC 11.246: [DefNew: 521K->9K(576K), 0.0001996 secs] 3814K->3302K(3952K), 0.0002447 secs]
11.253: [GC 11.253: [DefNew: 521K->10K(576K), 0.0001921 secs] 3814K->3303K(3952K), 0.0002349 secs]
11.259: [GC 11.259: [DefNew: 522K->9K(576K), 0.0001915 secs] 3815K->3303K(3952K), 0.0002346 secs]
11.267: [GC 11.267: [DefNew: 521K->9K(576K), 0.0001905 secs] 3815K->3304K(3952K), 0.0002335 secs]
11.274: [GC 11.274: [DefNew: 521K->10K(576K), 0.0002192 secs] 3816K->3305K(3952K), 0.0002659 secs]
11.281: [GC 11.281: [DefNew: 522K->9K(576K), 0.0002201 secs] 3817K->3305K(3952K), 0.0002662 secs]
11.288: [GC 11.288: [DefNew: 521K->10K(576K), 0.0002087 secs] 3817K->3306K(3952K), 0.0002552 secs]
11.296: [GC 11.296: [DefNew: 522K->9K(576K), 0.0002187 secs] 3818K->3307K(3952K), 0.0002653 secs]
11.303: [GC 11.303: [DefNew: 521K->9K(576K), 0.0001903 secs] 3819K->3307K(3952K), 0.0002343 secs]
11.311: [GC 11.311: [DefNew: 521K->10K(576K), 0.0002359 secs] 3819K->3308K(3952K), 0.0002845 secs]
11.318: [GC 11.318: [DefNew: 522K->9K(576K), 0.0002339 secs] 3820K->3309K(3952K), 0.0002843 secs]
11.326: [GC 11.326: [DefNew: 521K->9K(576K), 0.0002339 secs] 3821K->3309K(3952K), 0.0002847 secs]
11.334: [GC 11.334: [DefNew: 521K->10K(576K), 0.0002320 secs] 3821K->3310K(3952K), 0.0002795 secs]
11.342: [GC 11.342: [DefNew: 522K->9K(576K), 0.0002353 secs] 3822K->3311K(3952K), 0.0002857 secs]
11.350: [GC 11.350: [DefNew: 521K->9K(576K), 0.0002304 secs] 3823K->3311K(3952K), 0.0002800 secs]
11.358: [GC 11.358: [DefNew: 521K->10K(576K), 0.0003267 secs] 3823K->3312K(3952K), 0.0003792 secs]
11.366: [GC 11.366: [DefNew: 522K->9K(576K), 0.0002351 secs] 3824K->3313K(3952K), 0.0002843 secs]
11.374: [GC 11.374: [DefNew: 521K->9K(576K), 0.0004017 secs] 3825K->3313K(3952K), 0.0005837 secs]
11.383: [GC 11.384: [DefNew: 521K->10K(576K), 0.0002460 secs] 3825K->3314K(3952K), 0.0002955 secs]
11.391: [GC 11.391: [DefNew: 522K->9K(576K), 0.0002357 secs] 3826K->3315K(3952K), 0.0002847 secs]
11.398: [GC 11.398: [DefNew: 521K->9K(576K), 0.0002333 secs] 3827K->3315K(3952K), 0.0002816 secs]
11.407: [GC 11.407: [DefNew: 521K->10K(576K), 0.0002417 secs] 3827K->3316K(3952K), 0.0002915 secs]
11.415: [GC 11.415: [DefNew: 522K->9K(576K), 0.0002616 secs] 3828K->3316K(3952K), 0.0003507 secs]
11.422: [GC 11.422: [DefNew: 521K->9K(576K), 0.0002243 secs] 3828K->3317K(3952K), 0.0002724 secs]
11.431: [GC 11.431: [DefNew: 521K->9K(576K), 0.0002518 secs] 3829K->3318K(3952K), 0.0003034 secs]
11.439: [GC 11.439: [DefNew: 521K->9K(576K), 0.0002278 secs] 3830K->3318K(3952K), 0.0002755 secs]
11.447: [GC 11.447: [DefNew: 521K->10K(576K), 0.0002507 secs] 3830K->3319K(3952K), 0.0003017 secs]
11.454: [GC 11.454: [DefNew: 522K->9K(576K), 0.0002286 secs] 3831K->3320K(3952K), 0.0002772 secs]
11.462: [GC 11.462: [DefNew: 521K->9K(576K), 0.0002669 secs] 3832K->3320K(3952K), 0.0003221 secs]
11.470: [GC 11.470: [DefNew: 521K->10K(576K), 0.0002877 secs] 3832K->3321K(3952K), 0.0003406 secs]
11.479: [GC 11.479: [DefNew: 522K->9K(576K), 0.0002442 secs] 3833K->3322K(3952K), 0.0002940 secs]
11.486: [GC 11.486: [DefNew: 521K->9K(576K), 0.0002365 secs] 3834K->3322K(3952K), 0.0002866 secs]
11.495: [GC 11.495: [DefNew: 521K->10K(576K), 0.0002298 secs] 3834K->3323K(3952K), 0.0002772 secs]
11.502: [GC 11.502: [DefNew: 522K->9K(576K), 0.0002445 secs] 3835K->3324K(3952K), 0.0002957 secs]
11.509: [GC 11.509: [DefNew: 521K->9K(576K), 0.0002234 secs] 3836K->3324K(3952K), 0.0002708 secs]
11.516: [GC 11.516: [DefNew: 521K->10K(576K), 0.0002153 secs] 3836K->3325K(3952K), 0.0002616 secs]
11.523: [GC 11.523: [DefNew: 522K->9K(576K), 0.0001783 secs] 3837K->3326K(3952K), 0.0002178 secs]
11.530: [GC 11.530: [DefNew: 521K->9K(576K), 0.0002041 secs] 3838K->3326K(3952K), 0.0002503 secs]
11.537: [GC 11.537: [DefNew: 521K->10K(576K), 0.0001855 secs] 3838K->3327K(3952K), 0.0002280 secs]
11.544: [GC 11.544: [DefNew: 522K->9K(576K), 0.0002060 secs] 3839K->3327K(3952K), 0.0002519 secs]
11.552: [GC 11.552: [DefNew: 521K->9K(576K), 0.0002309 secs] 3839K->3328K(3952K), 0.0002801 secs]
11.559: [GC 11.559: [DefNew: 521K->9K(576K), 0.0002159 secs] 3840K->3329K(3952K), 0.0002621 secs]
11.566: [GC 11.566: [DefNew: 521K->9K(576K), 0.0001967 secs] 3841K->3329K(3952K), 0.0002407 secs]
11.573: [GC 11.573: [DefNew: 521K->10K(576K), 0.0002053 secs] 3841K->3330K(3952K), 0.0002511 secs]
11.580: [GC 11.580: [DefNew: 522K->9K(576K), 0.0002224 secs] 3842K->3331K(3952K), 0.0002694 secs]
11.587: [GC 11.587: [DefNew: 521K->9K(576K), 0.0002081 secs] 3843K->3331K(3952K), 0.0002554 secs]
11.595: [GC 11.596: [DefNew: 521K->10K(576K), 0.0002227 secs] 3843K->3332K(3952K), 0.0002699 secs]
11.603: [GC 11.603: [DefNew: 522K->9K(576K), 0.0002140 secs] 3844K->3333K(3952K), 0.0002599 secs]
11.610: [GC 11.610: [DefNew: 521K->9K(576K), 0.0002239 secs] 3845K->3333K(3952K), 0.0002723 secs]
11.617: [GC 11.617: [DefNew: 521K->10K(576K), 0.0002313 secs] 3845K->3334K(3952K), 0.0002786 secs]
11.624: [GC 11.624: [DefNew: 522K->9K(576K), 0.0002140 secs] 3846K->3335K(3952K), 0.0002593 secs]
11.631: [GC 11.631: [DefNew: 521K->9K(576K), 0.0002080 secs] 3847K->3335K(3952K), 0.0002533 secs]
11.638: [GC 11.638: [DefNew: 521K->10K(576K), 0.0001946 secs] 3847K->3336K(3952K), 0.0002379 secs]
11.645: [GC 11.645: [DefNew: 522K->9K(576K), 0.0002182 secs] 3848K->3337K(3952K), 0.0002643 secs]
11.652: [GC 11.652: [DefNew: 521K->9K(576K), 0.0002161 secs] 3849K->3337K(3952K), 0.0002692 secs]
11.659: [GC 11.659: [DefNew: 521K->10K(576K), 0.0002008 secs] 3849K->3338K(3952K), 0.0002442 secs]
11.667: [GC 11.667: [DefNew: 522K->9K(576K), 0.0002411 secs] 3850K->3338K(3952K), 0.0002904 secs]
11.674: [GC 11.674: [DefNew: 521K->9K(576K), 0.0002194 secs] 3850K->3339K(3952K), 0.0002657 secs]
11.681: [GC 11.681: [DefNew: 521K->10K(576K), 0.0002127 secs] 3851K->3340K(3952K), 0.0002589 secs]
11.688: [GC 11.688: [DefNew: 522K->9K(576K), 0.0002128 secs] 3852K->3340K(3952K), 0.0002774 secs]
11.695: [GC 11.695: [DefNew: 521K->9K(576K), 0.0002782 secs] 3852K->3341K(3952K), 0.0003255 secs]
11.702: [GC 11.703: [DefNew: 521K->9K(576K), 0.0002240 secs] 3853K->3342K(3952K), 0.0002724 secs]
11.709: [GC 11.709: [DefNew: 521K->9K(576K), 0.0002015 secs] 3854K->3342K(3952K), 0.0002449 secs]
11.716: [GC 11.716: [DefNew: 521K->9K(576K), 0.0002143 secs] 3854K->3343K(3952K), 0.0002611 secs]
11.723: [GC 11.723: [DefNew: 521K->9K(576K), 0.0002199 secs] 3855K->3344K(3952K), 0.0002832 secs]
11.731: [GC 11.731: [DefNew: 521K->9K(576K), 0.0002210 secs] 3856K->3344K(3952K), 0.0002682 secs]
11.738: [GC 11.738: [DefNew: 521K->10K(576K), 0.0002083 secs] 3856K->3345K(3952K), 0.0002531 secs]
11.745: [GC 11.745: [DefNew: 522K->9K(576K), 0.0002214 secs] 3857K->3346K(3952K), 0.0004132 secs]
11.752: [GC 11.752: [DefNew: 521K->9K(576K), 0.0002052 secs] 3858K->3346K(3952K), 0.0002491 secs]
11.759: [GC 11.759: [DefNew: 521K->10K(576K), 0.0002154 secs] 3858K->3347K(3952K), 0.0002626 secs]
11.766: [GC 11.766: [DefNew: 522K->9K(576K), 0.0002107 secs] 3859K->3347K(3952K), 0.0002571 secs]
11.773: [GC 11.773: [DefNew: 521K->9K(576K), 0.0001744 secs] 3859K->3348K(3952K), 0.0002148 secs]
11.780: [GC 11.780: [DefNew: 521K->10K(576K), 0.0002327 secs] 3860K->3349K(3952K), 0.0002800 secs]
11.787: [GC 11.787: [DefNew: 522K->9K(576K), 0.0001999 secs] 3861K->3349K(3952K), 0.0002420 secs]
11.795: [GC 11.795: [DefNew: 521K->9K(576K), 0.0002753 secs] 3861K->3350K(3952K), 0.0003234 secs]
11.802: [GC 11.802: [DefNew: 521K->10K(576K), 0.0001830 secs] 3862K->3351K(3952K), 0.0002258 secs]
11.810: [GC 11.810: [DefNew: 522K->9K(576K), 0.0002149 secs] 3863K->3351K(3952K), 0.0002610 secs]
11.816: [GC 11.816: [DefNew: 521K->9K(576K), 0.0001764 secs] 3863K->3352K(3952K), 0.0002165 secs]
11.824: [GC 11.824: [DefNew: 521K->10K(576K), 0.0002035 secs] 3864K->3353K(3952K), 0.0002487 secs]
11.830: [GC 11.830: [DefNew: 522K->9K(576K), 0.0002024 secs] 3865K->3353K(3952K), 0.0002471 secs]
11.837: [GC 11.837: [DefNew: 521K->9K(576K), 0.0001838 secs] 3865K->3354K(3952K), 0.0002255 secs]
11.845: [GC 11.845: [DefNew: 521K->10K(576K), 0.0002215 secs] 3866K->3355K(3952K), 0.0002688 secs]
11.852: [GC 11.852: [DefNew: 522K->9K(576K), 0.0002053 secs] 3867K->3355K(3952K), 0.0002502 secs]
11.859: [GC 11.859: [DefNew: 521K->9K(576K), 0.0002077 secs] 3867K->3355K(3952K), 0.0002536 secs]
11.866: [GC 11.866: [DefNew: 521K->9K(576K), 0.0001848 secs] 3867K->3357K(3952K), 0.0002333 secs]
11.873: [GC 11.873: [DefNew: 521K->9K(576K), 0.0002193 secs] 3869K->3357K(3952K), 0.0002665 secs]
11.880: [GC 11.880: [DefNew: 521K->9K(576K), 0.0002064 secs] 3869K->3357K(3952K), 0.0002501 secs]
11.887: [GC 11.887: [DefNew: 521K->9K(576K), 0.0002202 secs] 3869K->3358K(3952K), 0.0002677 secs]
11.894: [GC 11.894: [DefNew: 521K->9K(576K), 0.0001752 secs] 3870K->3359K(3952K), 0.0002168 secs]
11.902: [GC 11.902: [DefNew: 521K->9K(576K), 0.0002342 secs] 3871K->3359K(3952K), 0.0002846 secs]
11.909: [GC 11.909: [DefNew: 521K->9K(576K), 0.0002172 secs] 3871K->3360K(3952K), 0.0002617 secs]
11.917: [GC 11.917: [DefNew: 521K->9K(576K), 0.0002208 secs] 3872K->3361K(3952K), 0.0002674 secs]
11.923: [GC 11.924: [DefNew: 521K->10K(576K), 0.0001780 secs] 3873K->3362K(3952K), 0.0002193 secs]
11.930: [GC 11.930: [DefNew: 522K->9K(576K), 0.0001997 secs] 3874K->3362K(3952K), 0.0002423 secs]
11.937: [GC 11.937: [DefNew: 521K->9K(576K), 0.0002161 secs] 3874K->3363K(3952K), 0.0002629 secs]
11.945: [GC 11.945: [DefNew: 521K->10K(576K), 0.0001783 secs] 3875K->3364K(3952K), 0.0002195 secs]
11.951: [GC 11.951: [DefNew: 522K->9K(576K), 0.0001916 secs] 3876K->3364K(3952K), 0.0002343 secs]
11.958: [GC 11.958: [DefNew: 521K->9K(576K), 0.0001754 secs] 3876K->3364K(3952K), 0.0002165 secs]
11.965: [GC 11.965: [DefNew: 521K->10K(576K), 0.0001970 secs] 3876K->3366K(3952K), 0.0002488 secs]
11.972: [GC 11.972: [DefNew: 522K->9K(576K), 0.0001807 secs] 3878K->3366K(3952K), 0.0002207 secs]
11.979: [GC 11.979: [DefNew: 521K->9K(576K), 0.0001999 secs] 3878K->3366K(3952K), 0.0002447 secs]
11.986: [GC 11.986: [DefNew: 521K->10K(576K), 0.0002290 secs] 3878K->3368K(3952K), 0.0002774 secs]
11.993: [GC 11.993: [DefNew: 522K->9K(576K), 0.0001836 secs] 3880K->3368K(3952K), 0.0002263 secs]
12.000: [GC 12.000: [DefNew: 521K->9K(576K), 0.0002131 secs] 3880K->3368K(3952K), 0.0002599 secs]
12.007: [GC 12.007: [DefNew: 521K->10K(576K), 0.0001823 secs] 3880K->3369K(3952K), 0.0002244 secs]
12.014: [GC 12.014: [DefNew: 522K->9K(576K), 0.0001907 secs] 3881K->3370K(3952K), 0.0002330 secs]
12.020: [GC 12.020: [DefNew: 521K->9K(576K), 0.0001733 secs] 3882K->3370K(3952K), 0.0002137 secs]
12.028: [GC 12.028: [DefNew: 521K->9K(576K), 0.0002146 secs] 3882K->3371K(3952K), 0.0002613 secs]
12.035: [GC 12.035: [DefNew: 521K->9K(576K), 0.0001784 secs] 3883K->3372K(3952K), 0.0002197 secs]
12.042: [GC 12.042: [DefNew: 521K->9K(576K), 0.0001837 secs] 3884K->3372K(3952K), 0.0002253 secs]
12.049: [GC 12.049: [DefNew: 521K->9K(576K), 0.0002386 secs] 3884K->3373K(3952K), 0.0002867 secs]
12.056: [GC 12.056: [DefNew: 521K->9K(576K), 0.0003328 secs] 3885K->3374K(3952K), 0.0003797 secs]
12.063: [GC 12.063: [DefNew: 521K->9K(576K), 0.0001941 secs] 3886K->3374K(3952K), 0.0002382 secs]
12.070: [GC 12.070: [DefNew: 521K->9K(576K), 0.0002222 secs] 3886K->3375K(3952K), 0.0002696 secs]
12.076: [GC 12.077: [DefNew: 521K->9K(576K), 0.0001903 secs]12.077: [Tenured: 3366K->3100K(3376K), 0.0302698 secs] 3887K->3100K(3952K), 0.0305721 secs]
12.114: [GC 12.114: [DefNew: 512K->1K(576K), 0.0002138 secs] 3612K->3101K(5744K), 0.0002610 secs]
12.121: [GC 12.121: [DefNew: 513K->1K(576K), 0.0002239 secs] 3613K->3102K(5744K), 0.0002715 secs]
12.128: [GC 12.128: [DefNew: 513K->2K(576K), 0.0001959 secs] 3614K->3102K(5744K), 0.0002420 secs]
12.135: [GC 12.135: [DefNew: 514K->3K(576K), 0.0002061 secs] 3614K->3103K(5744K), 0.0002627 secs]
12.142: [GC 12.142: [DefNew: 515K->3K(576K), 0.0002443 secs] 3615K->3104K(5744K), 0.0002879 secs]
12.149: [GC 12.149: [DefNew: 515K->4K(576K), 0.0002099 secs] 3616K->3104K(5744K), 0.0002556 secs]
12.157: [GC 12.157: [DefNew: 516K->5K(576K), 0.0002053 secs] 3616K->3105K(5744K), 0.0002523 secs]
12.164: [GC 12.164: [DefNew: 517K->5K(576K), 0.0001946 secs] 3617K->3106K(5744K), 0.0002418 secs]
12.170: [GC 12.171: [DefNew: 517K->5K(576K), 0.0002108 secs] 3618K->3106K(5744K), 0.0002581 secs]
12.178: [GC 12.178: [DefNew: 517K->7K(576K), 0.0002061 secs] 3618K->3107K(5744K), 0.0002516 secs]
12.185: [GC 12.185: [DefNew: 519K->7K(576K), 0.0002309 secs] 3619K->3107K(5744K), 0.0002817 secs]
12.192: [GC 12.192: [DefNew: 519K->7K(576K), 0.0001894 secs] 3619K->3108K(5744K), 0.0002319 secs]
12.199: [GC 12.199: [DefNew: 519K->9K(576K), 0.0002177 secs] 3620K->3109K(5744K), 0.0002645 secs]
12.206: [GC 12.206: [DefNew: 521K->9K(576K), 0.0002179 secs] 3621K->3109K(5744K), 0.0002659 secs]
12.213: [GC 12.213: [DefNew: 521K->9K(576K), 0.0002109 secs] 3621K->3110K(5744K), 0.0002564 secs]
12.221: [GC 12.221: [DefNew: 521K->10K(576K), 0.0002263 secs] 3622K->3111K(5744K), 0.0002746 secs]
12.228: [GC 12.228: [DefNew: 522K->9K(576K), 0.0002124 secs] 3623K->3111K(5744K), 0.0002596 secs]
12.235: [GC 12.235: [DefNew: 521K->9K(576K), 0.0002080 secs] 3623K->3112K(5744K), 0.0002526 secs]
12.242: [GC 12.242: [DefNew: 521K->9K(576K), 0.0002181 secs] 3624K->3113K(5744K), 0.0004782 secs]
12.249: [GC 12.250: [DefNew: 521K->9K(576K), 0.0002168 secs] 3625K->3113K(5744K), 0.0002635 secs]
12.256: [GC 12.256: [DefNew: 521K->10K(576K), 0.0001727 secs] 3625K->3114K(5744K), 0.0002131 secs]
12.264: [GC 12.264: [DefNew: 522K->9K(576K), 0.0002259 secs] 3626K->3115K(5744K), 0.0002727 secs]
12.271: [GC 12.271: [DefNew: 521K->9K(576K), 0.0002064 secs] 3627K->3115K(5744K), 0.0002522 secs]
12.278: [GC 12.278: [DefNew: 521K->10K(576K), 0.0002044 secs] 3627K->3116K(5744K), 0.0002548 secs]
12.285: [GC 12.285: [DefNew: 522K->9K(576K), 0.0002161 secs] 3628K->3117K(5744K), 0.0002615 secs]
12.292: [GC 12.292: [DefNew: 521K->9K(576K), 0.0002121 secs] 3629K->3117K(5744K), 0.0002593 secs]
12.299: [GC 12.299: [DefNew: 521K->10K(576K), 0.0001902 secs] 3629K->3118K(5744K), 0.0002340 secs]
12.306: [GC 12.306: [DefNew: 522K->9K(576K), 0.0002251 secs] 3630K->3118K(5744K), 0.0002727 secs]
12.313: [GC 12.314: [DefNew: 521K->9K(576K), 0.0002307 secs] 3630K->3119K(5744K), 0.0002802 secs]
12.321: [GC 12.321: [DefNew: 521K->10K(576K), 0.0002499 secs] 3631K->3120K(5744K), 0.0003012 secs]
12.328: [GC 12.328: [DefNew: 522K->9K(576K), 0.0002227 secs] 3632K->3120K(5744K), 0.0002686 secs]
12.335: [GC 12.335: [DefNew: 521K->9K(576K), 0.0001699 secs] 3632K->3121K(5744K), 0.0002099 secs]
12.342: [GC 12.342: [DefNew: 521K->10K(576K), 0.0002003 secs] 3633K->3122K(5744K), 0.0002450 secs]
12.349: [GC 12.349: [DefNew: 522K->9K(576K), 0.0001786 secs] 3634K->3122K(5744K), 0.0002207 secs]
12.356: [GC 12.356: [DefNew: 521K->9K(576K), 0.0002312 secs] 3634K->3123K(5744K), 0.0002774 secs]
12.363: [GC 12.363: [DefNew: 521K->10K(576K), 0.0001826 secs] 3635K->3124K(5744K), 0.0002241 secs]
12.370: [GC 12.370: [DefNew: 522K->9K(576K), 0.0002087 secs] 3636K->3124K(5744K), 0.0002546 secs]
12.377: [GC 12.378: [DefNew: 521K->10K(576K), 0.0002058 secs] 3636K->3125K(5744K), 0.0002518 secs]
12.385: [GC 12.385: [DefNew: 522K->9K(576K), 0.0002230 secs] 3637K->3126K(5744K), 0.0002703 secs]
12.392: [GC 12.392: [DefNew: 521K->9K(576K), 0.0001882 secs] 3638K->3126K(5744K), 0.0002304 secs]
12.399: [GC 12.399: [DefNew: 521K->10K(576K), 0.0002145 secs] 3638K->3127K(5744K), 0.0002609 secs]
12.407: [GC 12.407: [DefNew: 522K->9K(576K), 0.0002235 secs] 3639K->3128K(5744K), 0.0002712 secs]
12.414: [GC 12.414: [DefNew: 521K->9K(576K), 0.0001809 secs] 3640K->3128K(5744K), 0.0002230 secs]
12.421: [GC 12.421: [DefNew: 521K->10K(576K), 0.0002295 secs] 3640K->3129K(5744K), 0.0002765 secs]
12.428: [GC 12.428: [DefNew: 522K->9K(576K), 0.0002099 secs] 3641K->3130K(5744K), 0.0002550 secs]
12.435: [GC 12.435: [DefNew: 521K->9K(576K), 0.0001922 secs] 3642K->3130K(5744K), 0.0002359 secs]
12.442: [GC 12.442: [DefNew: 521K->10K(576K), 0.0002124 secs] 3642K->3131K(5744K), 0.0002594 secs]
12.449: [GC 12.449: [DefNew: 522K->9K(576K), 0.0002157 secs] 3643K->3131K(5744K), 0.0002612 secs]
12.456: [GC 12.456: [DefNew: 521K->9K(576K), 0.0002004 secs] 3643K->3132K(5744K), 0.0002445 secs]
12.464: [GC 12.464: [DefNew: 521K->10K(576K), 0.0002203 secs] 3644K->3133K(5744K), 0.0002678 secs]
12.471: [GC 12.471: [DefNew: 522K->9K(576K), 0.0002051 secs] 3645K->3133K(5744K), 0.0002505 secs]
12.478: [GC 12.478: [DefNew: 521K->9K(576K), 0.0002418 secs] 3645K->3134K(5744K), 0.0002872 secs]
12.485: [GC 12.485: [DefNew: 521K->10K(576K), 0.0002308 secs] 3646K->3135K(5744K), 0.0002784 secs]
12.492: [GC 12.492: [DefNew: 522K->9K(576K), 0.0002059 secs] 3647K->3135K(5744K), 0.0002510 secs]
12.499: [GC 12.499: [DefNew: 521K->9K(576K), 0.0002157 secs] 3647K->3136K(5744K), 0.0002632 secs]
12.506: [GC 12.507: [DefNew: 521K->9K(576K), 0.0001750 secs] 3648K->3137K(5744K), 0.0002162 secs]
12.513: [GC 12.513: [DefNew: 521K->9K(576K), 0.0002202 secs] 3649K->3137K(5744K), 0.0002673 secs]
12.520: [GC 12.520: [DefNew: 521K->10K(576K), 0.0002182 secs] 3649K->3138K(5744K), 0.0002626 secs]
12.528: [GC 12.528: [DefNew: 522K->9K(576K), 0.0002092 secs] 3650K->3139K(5744K), 0.0002545 secs]
12.534: [GC 12.534: [DefNew: 521K->9K(576K), 0.0001978 secs] 3651K->3139K(5744K), 0.0002425 secs]
12.542: [GC 12.542: [DefNew: 521K->10K(576K), 0.0002142 secs] 3651K->3140K(5744K), 0.0002603 secs]
12.548: [GC 12.548: [DefNew: 522K->9K(576K), 0.0001968 secs] 3652K->3141K(5744K), 0.0002403 secs]
12.555: [GC 12.555: [DefNew: 521K->9K(576K), 0.0001855 secs] 3653K->3141K(5744K), 0.0002281 secs]
12.563: [GC 12.563: [DefNew: 521K->10K(576K), 0.0002344 secs] 3653K->3142K(5744K), 0.0002830 secs]
12.570: [GC 12.570: [DefNew: 522K->9K(576K), 0.0002113 secs] 3654K->3142K(5744K), 0.0002560 secs]
12.577: [GC 12.577: [DefNew: 521K->9K(576K), 0.0001913 secs] 3654K->3143K(5744K), 0.0002352 secs]
12.584: [GC 12.584: [DefNew: 521K->10K(576K), 0.0002052 secs] 3655K->3144K(5744K), 0.0002514 secs]
12.591: [GC 12.591: [DefNew: 522K->9K(576K), 0.0002007 secs] 3656K->3144K(5744K), 0.0002457 secs]
12.597: [GC 12.598: [DefNew: 521K->9K(576K), 0.0001769 secs] 3656K->3145K(5744K), 0.0002171 secs]
12.605: [GC 12.605: [DefNew: 521K->10K(576K), 0.0001878 secs] 3657K->3146K(5744K), 0.0002303 secs]
12.612: [GC 12.612: [DefNew: 522K->9K(576K), 0.0002093 secs] 3658K->3146K(5744K), 0.0002545 secs]
12.618: [GC 12.618: [DefNew: 521K->9K(576K), 0.0001727 secs] 3658K->3147K(5744K), 0.0002132 secs]
12.626: [GC 12.626: [DefNew: 521K->9K(576K), 0.0002382 secs] 3659K->3148K(5744K), 0.0002888 secs]
12.633: [GC 12.633: [DefNew: 521K->9K(576K), 0.0002237 secs] 3660K->3148K(5744K), 0.0002715 secs]
12.640: [GC 12.640: [DefNew: 521K->9K(576K), 0.0001899 secs] 3660K->3148K(5744K), 0.0002333 secs]
12.647: [GC 12.647: [DefNew: 521K->9K(576K), 0.0001759 secs] 3660K->3150K(5744K), 0.0002168 secs]
12.654: [GC 12.654: [DefNew: 521K->9K(576K), 0.0001974 secs] 3662K->3150K(5744K), 0.0002417 secs]
12.660: [GC 12.660: [DefNew: 521K->9K(576K), 0.0001757 secs] 3662K->3150K(5744K), 0.0002164 secs]
12.668: [GC 12.668: [DefNew: 521K->9K(576K), 0.0002190 secs] 3662K->3151K(5744K), 0.0002670 secs]
12.674: [GC 12.675: [DefNew: 521K->9K(576K), 0.0001702 secs] 3663K->3152K(5744K), 0.0002102 secs]
12.682: [GC 12.682: [DefNew: 521K->9K(576K), 0.0002034 secs] 3664K->3152K(5744K), 0.0002489 secs]
12.689: [GC 12.689: [DefNew: 521K->9K(576K), 0.0002077 secs] 3664K->3153K(5744K), 0.0002529 secs]
12.696: [GC 12.696: [DefNew: 521K->9K(576K), 0.0001713 secs] 3665K->3154K(5744K), 0.0002117 secs]
12.702: [GC 12.702: [DefNew: 521K->9K(576K), 0.0001853 secs] 3666K->3154K(5744K), 0.0002269 secs]
12.709: [GC 12.709: [DefNew: 521K->9K(576K), 0.0001789 secs] 3666K->3155K(5744K), 0.0002189 secs]
12.716: [GC 12.716: [DefNew: 521K->9K(576K), 0.0001921 secs] 3667K->3156K(5744K), 0.0002363 secs]
12.723: [GC 12.723: [DefNew: 521K->9K(576K), 0.0001789 secs] 3668K->3156K(5744K), 0.0002288 secs]
12.730: [GC 12.730: [DefNew: 521K->9K(576K), 0.0002141 secs] 3668K->3157K(5744K), 0.0002762 secs]
12.737: [GC 12.737: [DefNew: 521K->9K(576K), 0.0001699 secs] 3669K->3157K(5744K), 0.0002101 secs]
12.744: [GC 12.744: [DefNew: 521K->10K(576K), 0.0002112 secs] 3669K->3158K(5744K), 0.0002567 secs]
12.751: [GC 12.751: [DefNew: 522K->9K(576K), 0.0001793 secs] 3670K->3159K(5744K), 0.0002201 secs]
12.758: [GC 12.758: [DefNew: 521K->9K(576K), 0.0001805 secs] 3671K->3159K(5744K), 0.0002217 secs]
12.764: [GC 12.765: [DefNew: 521K->9K(576K), 0.0002020 secs] 3671K->3160K(5744K), 0.0002462 secs]
12.771: [GC 12.771: [DefNew: 521K->9K(576K), 0.0001810 secs] 3672K->3161K(5744K), 0.0002216 secs]
12.779: [GC 12.779: [DefNew: 521K->9K(576K), 0.0001993 secs] 3673K->3161K(5744K), 0.0002442 secs]
12.786: [GC 12.786: [DefNew: 521K->9K(576K), 0.0002143 secs] 3673K->3162K(5744K), 0.0002616 secs]
12.793: [GC 12.793: [DefNew: 521K->9K(576K), 0.0001858 secs] 3674K->3163K(5744K), 0.0002356 secs]
12.801: [GC 12.801: [DefNew: 521K->9K(576K), 0.0002211 secs] 3675K->3163K(5744K), 0.0002682 secs]
12.808: [GC 12.808: [DefNew: 521K->9K(576K), 0.0002136 secs] 3675K->3164K(5744K), 0.0002605 secs]
12.815: [GC 12.815: [DefNew: 521K->9K(576K), 0.0002198 secs] 3676K->3164K(5744K), 0.0002677 secs]
12.822: [GC 12.822: [DefNew: 521K->9K(576K), 0.0002190 secs] 3676K->3165K(5744K), 0.0002663 secs]
12.829: [GC 12.829: [DefNew: 521K->9K(576K), 0.0002134 secs] 3677K->3166K(5744K), 0.0002599 secs]
12.837: [GC 12.837: [DefNew: 521K->9K(576K), 0.0002185 secs] 3678K->3166K(5744K), 0.0002652 secs]
12.845: [GC 12.845: [DefNew: 521K->9K(576K), 0.0002110 secs] 3678K->3167K(5744K), 0.0002570 secs]
12.853: [GC 12.853: [DefNew: 521K->9K(576K), 0.0002254 secs] 3679K->3168K(5744K), 0.0002735 secs]
12.860: [GC 12.860: [DefNew: 521K->9K(576K), 0.0002135 secs] 3680K->3168K(5744K), 0.0002596 secs]
12.867: [GC 12.867: [DefNew: 521K->9K(576K), 0.0002189 secs] 3680K->3169K(5744K), 0.0002675 secs]
12.875: [GC 12.875: [DefNew: 521K->9K(576K), 0.0002234 secs] 3681K->3170K(5744K), 0.0002714 secs]
12.882: [GC 12.882: [DefNew: 521K->9K(576K), 0.0001790 secs] 3682K->3170K(5744K), 0.0002202 secs]
12.889: [GC 12.889: [DefNew: 521K->9K(576K), 0.0002058 secs] 3682K->3170K(5744K), 0.0002511 secs]
12.897: [GC 12.897: [DefNew: 521K->9K(576K), 0.0002186 secs] 3682K->3171K(5744K), 0.0002650 secs]
12.905: [GC 12.905: [DefNew: 521K->9K(576K), 0.0002178 secs] 3683K->3172K(5744K), 0.0002648 secs]
12.912: [GC 12.912: [DefNew: 521K->9K(576K), 0.0001794 secs] 3684K->3172K(5744K), 0.0002212 secs]
12.920: [GC 12.920: [DefNew: 521K->9K(576K), 0.0002343 secs] 3684K->3173K(5744K), 0.0002831 secs]
12.928: [GC 12.928: [DefNew: 521K->9K(576K), 0.0002290 secs] 3685K->3174K(5744K), 0.0002786 secs]
12.936: [GC 12.936: [DefNew: 521K->9K(576K), 0.0002277 secs] 3686K->3174K(5744K), 0.0002776 secs]
12.944: [GC 12.944: [DefNew: 521K->9K(576K), 0.0002263 secs] 3686K->3175K(5744K), 0.0002739 secs]
12.950: [GC 12.950: [DefNew: 521K->9K(576K), 0.0001809 secs] 3687K->3176K(5744K), 0.0002222 secs]
12.958: [GC 12.958: [DefNew: 521K->9K(576K), 0.0003042 secs] 3688K->3176K(5744K), 0.0003642 secs]
12.967: [GC 12.967: [DefNew: 521K->9K(576K), 0.0002541 secs] 3688K->3177K(5744K), 0.0003079 secs]
12.975: [GC 12.975: [DefNew: 521K->9K(576K), 0.0002415 secs] 3689K->3177K(5744K), 0.0002926 secs]
12.982: [GC 12.982: [DefNew: 521K->9K(576K), 0.0002296 secs] 3689K->3178K(5744K), 0.0002779 secs]
12.990: [GC 12.990: [DefNew: 521K->9K(576K), 0.0002232 secs] 3690K->3179K(5744K), 0.0002706 secs]
12.997: [GC 12.997: [DefNew: 521K->9K(576K), 0.0002270 secs] 3691K->3179K(5744K), 0.0002763 secs]
13.004: [GC 13.004: [DefNew: 521K->9K(576K), 0.0002183 secs] 3691K->3180K(5744K), 0.0002645 secs]
13.012: [GC 13.012: [DefNew: 521K->9K(576K), 0.0002246 secs] 3692K->3181K(5744K), 0.0002725 secs]
13.019: [GC 13.020: [DefNew: 521K->9K(576K), 0.0002340 secs] 3693K->3181K(5744K), 0.0002842 secs]
13.027: [GC 13.027: [DefNew: 521K->9K(576K), 0.0001986 secs] 3693K->3181K(5744K), 0.0002439 secs]
13.034: [GC 13.034: [DefNew: 521K->9K(576K), 0.0001907 secs] 3693K->3183K(5744K), 0.0002332 secs]
13.040: [GC 13.040: [DefNew: 521K->9K(576K), 0.0001759 secs] 3695K->3183K(5744K), 0.0002169 secs]
13.047: [GC 13.047: [DefNew: 521K->9K(576K), 0.0002131 secs] 3695K->3183K(5744K), 0.0002585 secs]
13.054: [GC 13.054: [DefNew: 521K->9K(576K), 0.0001838 secs] 3695K->3184K(5744K), 0.0002263 secs]
13.062: [GC 13.062: [DefNew: 521K->9K(576K), 0.0002317 secs] 3696K->3185K(5744K), 0.0002814 secs]
13.070: [GC 13.070: [DefNew: 521K->9K(576K), 0.0002283 secs] 3697K->3185K(5744K), 0.0002816 secs]
13.078: [GC 13.078: [DefNew: 521K->9K(576K), 0.0002430 secs] 3697K->3186K(5744K), 0.0002935 secs]
13.085: [GC 13.085: [DefNew: 521K->9K(576K), 0.0002236 secs] 3698K->3187K(5744K), 0.0002706 secs]
13.095: [GC 13.095: [DefNew: 521K->9K(576K), 0.0002276 secs] 3699K->3187K(5744K), 0.0002762 secs]
13.103: [GC 13.103: [DefNew: 521K->9K(576K), 0.0002239 secs] 3699K->3188K(5744K), 0.0002709 secs]
13.110: [GC 13.110: [DefNew: 521K->9K(576K), 0.0002142 secs] 3700K->3189K(5744K), 0.0002679 secs]
13.117: [GC 13.117: [DefNew: 521K->9K(576K), 0.0001701 secs] 3701K->3189K(5744K), 0.0002097 secs]
13.125: [GC 13.125: [DefNew: 521K->9K(576K), 0.0002869 secs] 3701K->3190K(5744K), 0.0003386 secs]
13.132: [GC 13.132: [DefNew: 521K->9K(576K), 0.0002196 secs] 3702K->3190K(5744K), 0.0002664 secs]
13.139: [GC 13.139: [DefNew: 521K->9K(576K), 0.0002136 secs] 3702K->3191K(5744K), 0.0002605 secs]
13.146: [GC 13.146: [DefNew: 521K->9K(576K), 0.0001765 secs] 3703K->3192K(5744K), 0.0002170 secs]
13.153: [GC 13.153: [DefNew: 521K->9K(576K), 0.0002069 secs] 3704K->3192K(5744K), 0.0002530 secs]
13.160: [GC 13.160: [DefNew: 521K->9K(576K), 0.0001816 secs] 3704K->3193K(5744K), 0.0002225 secs]
13.167: [GC 13.167: [DefNew: 521K->9K(576K), 0.0001803 secs] 3705K->3194K(5744K), 0.0002229 secs]
13.174: [GC 13.174: [DefNew: 521K->9K(576K), 0.0002145 secs] 3706K->3194K(5744K), 0.0002613 secs]
13.181: [GC 13.181: [DefNew: 521K->9K(576K), 0.0001835 secs] 3706K->3194K(5744K), 0.0002273 secs]
13.190: [GC 13.190: [DefNew: 521K->9K(576K), 0.0002869 secs] 3706K->3195K(5744K), 0.0003360 secs]
13.197: [GC 13.197: [DefNew: 521K->9K(576K), 0.0001946 secs] 3707K->3196K(5744K), 0.0002380 secs]
13.204: [GC 13.204: [DefNew: 521K->9K(576K), 0.0001899 secs] 3708K->3196K(5744K), 0.0002321 secs]
13.211: [GC 13.211: [DefNew: 521K->9K(576K), 0.0001892 secs] 3708K->3197K(5744K), 0.0002320 secs]
13.218: [GC 13.218: [DefNew: 521K->9K(576K), 0.0001985 secs] 3709K->3198K(5744K), 0.0002433 secs]
13.225: [GC 13.225: [DefNew: 521K->9K(576K), 0.0001720 secs] 3710K->3198K(5744K), 0.0002132 secs]
13.233: [GC 13.233: [DefNew: 521K->9K(576K), 0.0002240 secs] 3710K->3199K(5744K), 0.0002711 secs]
13.240: [GC 13.240: [DefNew: 521K->9K(576K), 0.0001778 secs] 3711K->3200K(5744K), 0.0002194 secs]
13.247: [GC 13.247: [DefNew: 521K->9K(576K), 0.0001900 secs] 3712K->3200K(5744K), 0.0002340 secs]
13.254: [GC 13.254: [DefNew: 521K->9K(576K), 0.0001970 secs] 3712K->3201K(5744K), 0.0002414 secs]
13.261: [GC 13.261: [DefNew: 521K->9K(576K), 0.0001993 secs] 3713K->3201K(5744K), 0.0002429 secs]
13.267: [GC 13.267: [DefNew: 521K->9K(576K), 0.0001829 secs] 3713K->3202K(5744K), 0.0002239 secs]
13.274: [GC 13.274: [DefNew: 521K->9K(576K), 0.0004629 secs] 3714K->3203K(5744K), 0.0005304 secs]
13.282: [GC 13.282: [DefNew: 521K->9K(576K), 0.0002055 secs] 3715K->3203K(5744K), 0.0002498 secs]
13.289: [GC 13.289: [DefNew: 521K->9K(576K), 0.0002020 secs] 3715K->3204K(5744K), 0.0002474 secs]
13.296: [GC 13.296: [DefNew: 521K->9K(576K), 0.0002000 secs] 3716K->3204K(5744K), 0.0002455 secs]
13.303: [GC 13.303: [DefNew: 521K->9K(576K), 0.0002146 secs] 3716K->3205K(5744K), 0.0002597 secs]
13.311: [GC 13.311: [DefNew: 521K->9K(576K), 0.0002387 secs] 3717K->3205K(5744K), 0.0002878 secs]
13.318: [GC 13.318: [DefNew: 521K->9K(576K), 0.0002372 secs] 3717K->3206K(5744K), 0.0002870 secs]
13.326: [GC 13.326: [DefNew: 521K->9K(576K), 0.0002336 secs] 3718K->3207K(5744K), 0.0002827 secs]
13.333: [GC 13.333: [DefNew: 521K->9K(576K), 0.0002338 secs] 3719K->3207K(5744K), 0.0002824 secs]
13.341: [GC 13.341: [DefNew: 521K->9K(576K), 0.0002393 secs] 3719K->3208K(5744K), 0.0002990 secs]
13.348: [GC 13.348: [DefNew: 521K->9K(576K), 0.0002348 secs] 3720K->3209K(5744K), 0.0002838 secs]
13.355: [GC 13.355: [DefNew: 521K->9K(576K), 0.0002332 secs] 3721K->3209K(5744K), 0.0002823 secs]
13.363: [GC 13.363: [DefNew: 521K->9K(576K), 0.0002363 secs] 3721K->3210K(5744K), 0.0002852 secs]
13.371: [GC 13.371: [DefNew: 521K->9K(576K), 0.0002418 secs] 3722K->3211K(5744K), 0.0002936 secs]
13.379: [GC 13.379: [DefNew: 521K->9K(576K), 0.0002429 secs] 3723K->3211K(5744K), 0.0002940 secs]
13.386: [GC 13.386: [DefNew: 521K->9K(576K), 0.0002351 secs] 3723K->3212K(5744K), 0.0002848 secs]
13.394: [GC 13.394: [DefNew: 521K->9K(576K), 0.0002348 secs] 3724K->3212K(5744K), 0.0002835 secs]
13.402: [GC 13.402: [DefNew: 521K->9K(576K), 0.0002360 secs] 3724K->3213K(5744K), 0.0002862 secs]
13.409: [GC 13.409: [DefNew: 521K->8K(576K), 0.0002284 secs] 3725K->3213K(5744K), 0.0002762 secs]
13.417: [GC 13.417: [DefNew: 520K->9K(576K), 0.0002379 secs] 3725K->3214K(5744K), 0.0002875 secs]
13.424: [GC 13.424: [DefNew: 521K->9K(576K), 0.0002362 secs] 3726K->3215K(5744K), 0.0002848 secs]
13.431: [GC 13.431: [DefNew: 521K->8K(576K), 0.0002353 secs] 3727K->3215K(5744K), 0.0002853 secs]
13.438: [GC 13.438: [DefNew: 520K->9K(576K), 0.0002376 secs] 3727K->3216K(5744K), 0.0002865 secs]
13.446: [GC 13.446: [DefNew: 521K->9K(576K), 0.0002351 secs] 3728K->3216K(5744K), 0.0002846 secs]
13.453: [GC 13.453: [DefNew: 521K->8K(576K), 0.0002363 secs] 3728K->3217K(5744K), 0.0002845 secs]
13.461: [GC 13.461: [DefNew: 520K->9K(576K), 0.0002347 secs] 3729K->3218K(5744K), 0.0002837 secs]
13.468: [GC 13.468: [DefNew: 521K->9K(576K), 0.0002308 secs] 3730K->3218K(5744K), 0.0002788 secs]
13.475: [GC 13.475: [DefNew: 521K->8K(576K), 0.0002366 secs] 3730K->3218K(5744K), 0.0002855 secs]
13.484: [GC 13.484: [DefNew: 520K->9K(576K), 0.0002806 secs] 3730K->3220K(5744K), 0.0003367 secs]
13.491: [GC 13.491: [DefNew: 521K->9K(576K), 0.0002426 secs] 3732K->3220K(5744K), 0.0002922 secs]
13.499: [GC 13.499: [DefNew: 521K->9K(576K), 0.0002549 secs] 3732K->3220K(5744K), 0.0003059 secs]
13.507: [GC 13.507: [DefNew: 521K->9K(576K), 0.0002499 secs] 3732K->3221K(5744K), 0.0002990 secs]
13.514: [GC 13.514: [DefNew: 521K->9K(576K), 0.0002279 secs] 3733K->3222K(5744K), 0.0002768 secs]
13.521: [GC 13.522: [DefNew: 521K->9K(576K), 0.0002215 secs] 3734K->3222K(5744K), 0.0002684 secs]
13.531: [GC 13.531: [DefNew: 521K->9K(576K), 0.0002311 secs] 3734K->3223K(5744K), 0.0002801 secs]
13.539: [GC 13.539: [DefNew: 521K->9K(576K), 0.0002361 secs] 3735K->3224K(5744K), 0.0002857 secs]
13.547: [GC 13.547: [DefNew: 521K->9K(576K), 0.0002276 secs] 3736K->3224K(5744K), 0.0002780 secs]
13.554: [GC 13.554: [DefNew: 521K->9K(576K), 0.0001877 secs] 3736K->3225K(5744K), 0.0002350 secs]
13.562: [GC 13.562: [DefNew: 521K->9K(576K), 0.0002081 secs] 3737K->3225K(5744K), 0.0002539 secs]
13.569: [GC 13.569: [DefNew: 521K->9K(576K), 0.0001720 secs] 3737K->3226K(5744K), 0.0002124 secs]
13.576: [GC 13.576: [DefNew: 521K->9K(576K), 0.0001880 secs] 3738K->3227K(5744K), 0.0002318 secs]
13.582: [GC 13.582: [DefNew: 521K->9K(576K), 0.0001753 secs] 3739K->3227K(5744K), 0.0002156 secs]
13.589: [GC 13.589: [DefNew: 521K->9K(576K), 0.0002082 secs] 3739K->3228K(5744K), 0.0002546 secs]
13.596: [GC 13.596: [DefNew: 521K->8K(576K), 0.0002008 secs] 3740K->3228K(5744K), 0.0002469 secs]
13.604: [GC 13.604: [DefNew: 520K->9K(576K), 0.0002154 secs] 3740K->3229K(5744K), 0.0002619 secs]
13.611: [GC 13.611: [DefNew: 521K->9K(576K), 0.0002301 secs] 3741K->3229K(5744K), 0.0002835 secs]
13.619: [GC 13.619: [DefNew: 521K->8K(576K), 0.0002159 secs] 3741K->3230K(5744K), 0.0002622 secs]
13.626: [GC 13.626: [DefNew: 520K->9K(576K), 0.0001833 secs] 3742K->3231K(5744K), 0.0002330 secs]
13.632: [GC 13.632: [DefNew: 521K->9K(576K), 0.0001722 secs] 3743K->3231K(5744K), 0.0002125 secs]
13.639: [GC 13.639: [DefNew: 521K->8K(576K), 0.0001986 secs] 3743K->3231K(5744K), 0.0002432 secs]
13.646: [GC 13.646: [DefNew: 520K->9K(576K), 0.0001827 secs] 3743K->3233K(5744K), 0.0002243 secs]
13.654: [GC 13.654: [DefNew: 521K->9K(576K), 0.0002222 secs] 3745K->3233K(5744K), 0.0002705 secs]
13.661: [GC 13.661: [DefNew: 521K->8K(576K), 0.0001846 secs] 3745K->3233K(5744K), 0.0002273 secs]
13.668: [GC 13.668: [DefNew: 520K->9K(576K), 0.0001824 secs] 3745K->3234K(5744K), 0.0002246 secs]
13.675: [GC 13.675: [DefNew: 521K->9K(576K), 0.0002122 secs] 3746K->3235K(5744K), 0.0002581 secs]
13.681: [GC 13.681: [DefNew: 521K->8K(576K), 0.0001891 secs] 3747K->3235K(5744K), 0.0002321 secs]
13.689: [GC 13.689: [DefNew: 520K->9K(576K), 0.0001952 secs] 3747K->3236K(5744K), 0.0002404 secs]
13.695: [GC 13.695: [DefNew: 521K->9K(576K), 0.0001985 secs] 3748K->3236K(5744K), 0.0002439 secs]
13.702: [GC 13.702: [DefNew: 521K->8K(576K), 0.0001921 secs] 3748K->3237K(5744K), 0.0002358 secs]
13.709: [GC 13.709: [DefNew: 520K->8K(576K), 0.0002138 secs] 3749K->3238K(5744K), 0.0002601 secs]
13.717: [GC 13.717: [DefNew: 520K->9K(576K), 0.0002171 secs] 3750K->3238K(5744K), 0.0002648 secs]
13.723: [GC 13.724: [DefNew: 521K->9K(576K), 0.0001797 secs] 3750K->3239K(5744K), 0.0002214 secs]
13.731: [GC 13.731: [DefNew: 521K->8K(576K), 0.0002113 secs] 3751K->3239K(5744K), 0.0002580 secs]
13.737: [GC 13.737: [DefNew: 520K->9K(576K), 0.0001700 secs] 3751K->3240K(5744K), 0.0002099 secs]
13.744: [GC 13.744: [DefNew: 521K->9K(576K), 0.0001964 secs] 3752K->3240K(5744K), 0.0002423 secs]
13.751: [GC 13.751: [DefNew: 521K->8K(576K), 0.0001736 secs] 3752K->3241K(5744K), 0.0002131 secs]
13.758: [GC 13.758: [DefNew: 520K->9K(576K), 0.0001748 secs] 3753K->3242K(5744K), 0.0002159 secs]
13.765: [GC 13.765: [DefNew: 521K->9K(576K), 0.0001959 secs] 3754K->3242K(5744K), 0.0002402 secs]
13.772: [GC 13.772: [DefNew: 521K->8K(576K), 0.0001747 secs] 3754K->3242K(5744K), 0.0002152 secs]
13.779: [GC 13.779: [DefNew: 520K->9K(576K), 0.0002125 secs] 3754K->3244K(5744K), 0.0002590 secs]
13.786: [GC 13.786: [DefNew: 521K->9K(576K), 0.0001686 secs] 3756K->3244K(5744K), 0.0002081 secs]
13.794: [GC 13.794: [DefNew: 521K->8K(576K), 0.0002373 secs] 3756K->3244K(5744K), 0.0003032 secs]
13.801: [GC 13.801: [DefNew: 520K->9K(576K), 0.0002166 secs] 3756K->3245K(5744K), 0.0002638 secs]
13.808: [GC 13.808: [DefNew: 521K->9K(576K), 0.0002202 secs] 3757K->3246K(5744K), 0.0002665 secs]
13.815: [GC 13.815: [DefNew: 521K->8K(576K), 0.0002599 secs] 3758K->3246K(5744K), 0.0003054 secs]
13.822: [GC 13.823: [DefNew: 520K->9K(576K), 0.0001932 secs] 3758K->3247K(5744K), 0.0002386 secs]
13.829: [GC 13.829: [DefNew: 521K->9K(576K), 0.0001731 secs] 3759K->3247K(5744K), 0.0002128 secs]
13.836: [GC 13.836: [DefNew: 521K->8K(576K), 0.0001724 secs] 3759K->3248K(5744K), 0.0002198 secs]
13.843: [GC 13.843: [DefNew: 520K->8K(576K), 0.0001913 secs] 3760K->3249K(5744K), 0.0002348 secs]
13.850: [GC 13.850: [DefNew: 520K->9K(576K), 0.0001732 secs] 3761K->3249K(5744K), 0.0002134 secs]
13.856: [GC 13.857: [DefNew: 521K->9K(576K), 0.0002106 secs] 3761K->3250K(5744K), 0.0002573 secs]
13.863: [GC 13.863: [DefNew: 521K->8K(576K), 0.0002200 secs] 3762K->3250K(5744K), 0.0002615 secs]
13.871: [GC 13.871: [DefNew: 520K->9K(576K), 0.0002143 secs] 3762K->3251K(5744K), 0.0002609 secs]
13.878: [GC 13.878: [DefNew: 521K->9K(576K), 0.0001760 secs] 3763K->3251K(5744K), 0.0002179 secs]
13.884: [GC 13.884: [DefNew: 521K->8K(576K), 0.0001829 secs] 3763K->3252K(5744K), 0.0002257 secs]
13.892: [GC 13.892: [DefNew: 520K->9K(576K), 0.0002129 secs] 3764K->3253K(5744K), 0.0002586 secs]
13.898: [GC 13.898: [DefNew: 521K->9K(576K), 0.0007643 secs] 3765K->3253K(5744K), 0.0008157 secs]
13.906: [GC 13.906: [DefNew: 521K->8K(576K), 0.0002127 secs] 3765K->3254K(5744K), 0.0002586 secs]
13.913: [GC 13.913: [DefNew: 520K->9K(576K), 0.0001780 secs] 3766K->3255K(5744K), 0.0002192 secs]
13.920: [GC 13.920: [DefNew: 521K->9K(576K), 0.0001795 secs] 3767K->3255K(5744K), 0.0002210 secs]
13.927: [GC 13.927: [DefNew: 521K->8K(576K), 0.0002026 secs] 3767K->3255K(5744K), 0.0002474 secs]
13.934: [GC 13.934: [DefNew: 520K->9K(576K), 0.0002071 secs] 3767K->3256K(5744K), 0.0002541 secs]
13.941: [GC 13.941: [DefNew: 521K->9K(576K), 0.0001733 secs] 3768K->3257K(5744K), 0.0002136 secs]
13.947: [GC 13.947: [DefNew: 521K->8K(576K), 0.0002129 secs] 3769K->3257K(5744K), 0.0002546 secs]
13.954: [GC 13.954: [DefNew: 520K->8K(576K), 0.0001839 secs] 3769K->3258K(5744K), 0.0002258 secs]
13.961: [GC 13.961: [DefNew: 520K->9K(576K), 0.0001747 secs] 3770K->3258K(5744K), 0.0002153 secs]
13.968: [GC 13.968: [DefNew: 521K->8K(576K), 0.0001999 secs] 3770K->3259K(5744K), 0.0002451 secs]
13.975: [GC 13.975: [DefNew: 520K->8K(576K), 0.0001728 secs] 3771K->3259K(5744K), 0.0002127 secs]
13.982: [GC 13.982: [DefNew: 520K->9K(576K), 0.0001869 secs] 3771K->3260K(5744K), 0.0002302 secs]
13.988: [GC 13.988: [DefNew: 521K->9K(576K), 0.0001705 secs] 3772K->3261K(5744K), 0.0002104 secs]
13.996: [GC 13.996: [DefNew: 521K->8K(576K), 0.0002203 secs] 3773K->3261K(5744K), 0.0002669 secs]
14.003: [GC 14.003: [DefNew: 520K->8K(576K), 0.0001775 secs] 3773K->3262K(5744K), 0.0002557 secs]
14.010: [GC 14.010: [DefNew: 520K->9K(576K), 0.0001749 secs] 3774K->3262K(5744K), 0.0002163 secs]
14.017: [GC 14.017: [DefNew: 521K->8K(576K), 0.0002129 secs] 3774K->3263K(5744K), 0.0002586 secs]
14.025: [GC 14.025: [DefNew: 520K->9K(576K), 0.0002018 secs] 3775K->3264K(5744K), 0.0002479 secs]
14.032: [GC 14.032: [DefNew: 521K->9K(576K), 0.0001693 secs] 3776K->3264K(5744K), 0.0002085 secs]
14.038: [GC 14.038: [DefNew: 521K->8K(576K), 0.0001701 secs] 3776K->3264K(5744K), 0.0002096 secs]
14.045: [GC 14.045: [DefNew: 520K->8K(576K), 0.0002020 secs] 3776K->3265K(5744K), 0.0002485 secs]
14.052: [GC 14.052: [DefNew: 520K->9K(576K), 0.0001751 secs] 3777K->3266K(5744K), 0.0002154 secs]
14.059: [GC 14.059: [DefNew: 521K->8K(576K), 0.0001912 secs] 3778K->3266K(5744K), 0.0002355 secs]
14.065: [GC 14.065: [DefNew: 520K->8K(576K), 0.0001643 secs] 3778K->3267K(5744K), 0.0002037 secs]
14.072: [GC 14.073: [DefNew: 520K->9K(576K), 0.0001905 secs] 3779K->3268K(5744K), 0.0002338 secs]
14.079: [GC 14.079: [DefNew: 521K->8K(576K), 0.0001915 secs] 3780K->3268K(5744K), 0.0002327 secs]
14.086: [GC 14.086: [DefNew: 520K->8K(576K), 0.0001666 secs] 3780K->3268K(5744K), 0.0002055 secs]
14.093: [GC 14.093: [DefNew: 520K->9K(576K), 0.0002196 secs] 3780K->3269K(5744K), 0.0002672 secs]
14.100: [GC 14.100: [DefNew: 521K->9K(576K), 0.0001731 secs] 3781K->3270K(5744K), 0.0002134 secs]
14.107: [GC 14.107: [DefNew: 521K->8K(576K), 0.0002811 secs] 3782K->3270K(5744K), 0.0003272 secs]
14.114: [GC 14.114: [DefNew: 520K->9K(576K), 0.0001779 secs] 3782K->3271K(5744K), 0.0002200 secs]
14.121: [GC 14.121: [DefNew: 521K->9K(576K), 0.0001931 secs] 3783K->3271K(5744K), 0.0002378 secs]
14.128: [GC 14.128: [DefNew: 521K->8K(576K), 0.0001881 secs] 3783K->3272K(5744K), 0.0002300 secs]
14.135: [GC 14.135: [DefNew: 520K->8K(576K), 0.0001848 secs] 3784K->3273K(5744K), 0.0002282 secs]
14.142: [GC 14.142: [DefNew: 520K->9K(576K), 0.0001701 secs] 3785K->3273K(5744K), 0.0002095 secs]
14.149: [GC 14.149: [DefNew: 521K->8K(576K), 0.0002168 secs] 3785K->3274K(5744K), 0.0002641 secs]
14.156: [GC 14.156: [DefNew: 520K->8K(576K), 0.0001956 secs] 3786K->3274K(5744K), 0.0002398 secs]
14.163: [GC 14.163: [DefNew: 520K->8K(576K), 0.0001745 secs] 3786K->3275K(5744K), 0.0002155 secs]
14.170: [GC 14.170: [DefNew: 520K->8K(576K), 0.0002094 secs] 3787K->3275K(5744K), 0.0002560 secs]
14.177: [GC 14.177: [DefNew: 520K->8K(576K), 0.0001718 secs] 3787K->3276K(5744K), 0.0002122 secs]
14.184: [GC 14.184: [DefNew: 520K->9K(576K), 0.0002015 secs] 3788K->3277K(5744K), 0.0002475 secs]
14.191: [GC 14.191: [DefNew: 521K->9K(576K), 0.0001750 secs] 3789K->3277K(5744K), 0.0002154 secs]
14.198: [GC 14.198: [DefNew: 521K->8K(576K), 0.0002093 secs] 3789K->3277K(5744K), 0.0002559 secs]
14.205: [GC 14.205: [DefNew: 520K->9K(576K), 0.0001883 secs] 3789K->3279K(5744K), 0.0002318 secs]
14.212: [GC 14.212: [DefNew: 521K->9K(576K), 0.0002163 secs] 3791K->3279K(5744K), 0.0002611 secs]
14.219: [GC 14.219: [DefNew: 521K->8K(576K), 0.0001847 secs] 3791K->3279K(5744K), 0.0002246 secs]
14.225: [GC 14.226: [DefNew: 520K->9K(576K), 0.0001806 secs] 3791K->3280K(5744K), 0.0002221 secs]
14.232: [GC 14.232: [DefNew: 521K->9K(576K), 0.0002163 secs] 3792K->3281K(5744K), 0.0002704 secs]
14.239: [GC 14.239: [DefNew: 521K->8K(576K), 0.0001749 secs] 3793K->3281K(5744K), 0.0002151 secs]
14.246: [GC 14.247: [DefNew: 520K->8K(576K), 0.0002113 secs] 3793K->3282K(5744K), 0.0002573 secs]
14.253: [GC 14.253: [DefNew: 520K->9K(576K), 0.0001742 secs] 3794K->3282K(5744K), 0.0002146 secs]
14.260: [GC 14.260: [DefNew: 521K->8K(576K), 0.0001996 secs] 3794K->3283K(5744K), 0.0002454 secs]
14.267: [GC 14.267: [DefNew: 520K->8K(576K), 0.0001796 secs] 3795K->3283K(5744K), 0.0002208 secs]
14.274: [GC 14.274: [DefNew: 520K->9K(576K), 0.0001806 secs] 3795K->3284K(5744K), 0.0002224 secs]
14.281: [GC 14.281: [DefNew: 521K->8K(576K), 0.0002076 secs] 3796K->3285K(5744K), 0.0002533 secs]
14.288: [GC 14.288: [DefNew: 520K->8K(576K), 0.0001823 secs] 3797K->3285K(5744K), 0.0002238 secs]
14.295: [GC 14.295: [DefNew: 520K->9K(576K), 0.0002153 secs] 3797K->3286K(5744K), 0.0002625 secs]
14.302: [GC 14.302: [DefNew: 521K->9K(576K), 0.0001912 secs] 3798K->3286K(5744K), 0.0002347 secs]
14.309: [GC 14.309: [DefNew: 521K->8K(576K), 0.0002141 secs] 3798K->3287K(5744K), 0.0002604 secs]
14.316: [GC 14.316: [DefNew: 520K->9K(576K), 0.0001772 secs] 3799K->3288K(5744K), 0.0002183 secs]
14.323: [GC 14.323: [DefNew: 521K->9K(576K), 0.0002378 secs] 3800K->3288K(5744K), 0.0002823 secs]
14.330: [GC 14.330: [DefNew: 521K->8K(576K), 0.0001811 secs] 3800K->3288K(5744K), 0.0002214 secs]
14.337: [GC 14.337: [DefNew: 520K->8K(576K), 0.0002050 secs] 3800K->3289K(5744K), 0.0002505 secs]
14.344: [GC 14.344: [DefNew: 520K->9K(576K), 0.0001692 secs] 3801K->3290K(5744K), 0.0002088 secs]
14.351: [GC 14.351: [DefNew: 521K->8K(576K), 0.0001715 secs] 3802K->3290K(5744K), 0.0002114 secs]
14.357: [GC 14.357: [DefNew: 520K->8K(576K), 0.0001964 secs] 3802K->3291K(5744K), 0.0002396 secs]
14.365: [GC 14.365: [DefNew: 520K->9K(576K), 0.0002137 secs] 3803K->3292K(5744K), 0.0002594 secs]
14.372: [GC 14.372: [DefNew: 521K->9K(576K), 0.0002032 secs] 3804K->3292K(5744K), 0.0002482 secs]
14.379: [GC 14.379: [DefNew: 521K->8K(576K), 0.0001676 secs] 3804K->3292K(5744K), 0.0002121 secs]
14.386: [GC 14.386: [DefNew: 520K->9K(576K), 0.0001909 secs] 3804K->3293K(5744K), 0.0002403 secs]
14.392: [GC 14.392: [DefNew: 521K->9K(576K), 0.0001748 secs] 3805K->3294K(5744K), 0.0002149 secs]
14.400: [GC 14.400: [DefNew: 521K->8K(576K), 0.0002194 secs] 3806K->3294K(5744K), 0.0002660 secs]
14.407: [GC 14.407: [DefNew: 520K->9K(576K), 0.0001989 secs] 3806K->3295K(5744K), 0.0002438 secs]
14.414: [GC 14.414: [DefNew: 521K->9K(576K), 0.0001716 secs] 3807K->3296K(5744K), 0.0002121 secs]
14.421: [GC 14.421: [DefNew: 521K->8K(576K), 0.0002240 secs] 3808K->3296K(5744K), 0.0002707 secs]
14.428: [GC 14.428: [DefNew: 520K->9K(576K), 0.0001932 secs] 3808K->3297K(5744K), 0.0002378 secs]
14.435: [GC 14.435: [DefNew: 521K->9K(576K), 0.0001946 secs] 3809K->3297K(5744K), 0.0002392 secs]
14.442: [GC 14.442: [DefNew: 521K->8K(576K), 0.0001887 secs] 3809K->3298K(5744K), 0.0002313 secs]
14.449: [GC 14.449: [DefNew: 520K->8K(576K), 0.0002017 secs] 3810K->3299K(5744K), 0.0002469 secs]
14.456: [GC 14.456: [DefNew: 520K->9K(576K), 0.0001700 secs] 3811K->3299K(5744K), 0.0002101 secs]
14.462: [GC 14.462: [DefNew: 521K->8K(576K), 0.0002105 secs] 3811K->3299K(5744K), 0.0002566 secs]
14.470: [GC 14.470: [DefNew: 520K->8K(576K), 0.0002022 secs] 3811K->3300K(5744K), 0.0002475 secs]
14.477: [GC 14.477: [DefNew: 520K->9K(576K), 0.0001738 secs] 3812K->3301K(5744K), 0.0002151 secs]
14.483: [GC 14.483: [DefNew: 521K->9K(576K), 0.0002153 secs] 3813K->3301K(5744K), 0.0002611 secs]
14.490: [GC 14.490: [DefNew: 521K->8K(576K), 0.0001932 secs] 3813K->3302K(5744K), 0.0002361 secs]
14.498: [GC 14.498: [DefNew: 520K->9K(576K), 0.0002173 secs] 3814K->3303K(5744K), 0.0002646 secs]
14.505: [GC 14.505: [DefNew: 521K->9K(576K), 0.0002135 secs] 3815K->3303K(5744K), 0.0002610 secs]
14.513: [GC 14.513: [DefNew: 521K->8K(576K), 0.0002183 secs] 3815K->3303K(5744K), 0.0002643 secs]
14.520: [GC 14.521: [DefNew: 520K->9K(576K), 0.0004864 secs] 3815K->3304K(5744K), 0.0005340 secs]
14.528: [GC 14.528: [DefNew: 521K->9K(576K), 0.0002246 secs] 3816K->3305K(5744K), 0.0002715 secs]
14.535: [GC 14.535: [DefNew: 521K->8K(576K), 0.0001767 secs] 3817K->3305K(5744K), 0.0002185 secs]
14.542: [GC 14.542: [DefNew: 520K->9K(576K), 0.0002238 secs] 3817K->3306K(5744K), 0.0002826 secs]
14.549: [GC 14.549: [DefNew: 521K->9K(576K), 0.0002031 secs] 3818K->3307K(5744K), 0.0002491 secs]
14.556: [GC 14.556: [DefNew: 521K->8K(576K), 0.0001782 secs] 3819K->3307K(5744K), 0.0002201 secs]
14.564: [GC 14.564: [DefNew: 520K->8K(576K), 0.0002171 secs] 3819K->3308K(5744K), 0.0002637 secs]
14.570: [GC 14.570: [DefNew: 520K->9K(576K), 0.0001845 secs] 3820K->3308K(5744K), 0.0002254 secs]
14.578: [GC 14.578: [DefNew: 521K->8K(576K), 0.0002219 secs] 3820K->3309K(5744K), 0.0002689 secs]
14.585: [GC 14.585: [DefNew: 520K->8K(576K), 0.0001797 secs] 3821K->3309K(5744K), 0.0002222 secs]
14.593: [GC 14.593: [DefNew: 520K->9K(576K), 0.0002164 secs] 3821K->3310K(5744K), 0.0002632 secs]
14.601: [GC 14.601: [DefNew: 521K->8K(576K), 0.0002197 secs] 3822K->3310K(5744K), 0.0002666 secs]
14.609: [GC 14.609: [DefNew: 520K->8K(576K), 0.0002202 secs] 3822K->3311K(5744K), 0.0002676 secs]
14.616: [GC 14.616: [DefNew: 520K->9K(576K), 0.0001790 secs] 3823K->3312K(5744K), 0.0002212 secs]
14.624: [GC 14.624: [DefNew: 521K->9K(576K), 0.0002164 secs] 3824K->3312K(5744K), 0.0002626 secs]
14.631: [GC 14.631: [DefNew: 521K->8K(576K), 0.0002140 secs] 3824K->3313K(5744K), 0.0002616 secs]
14.639: [GC 14.639: [DefNew: 520K->9K(576K), 0.0002175 secs] 3825K->3314K(5744K), 0.0002649 secs]
14.646: [GC 14.646: [DefNew: 521K->9K(576K), 0.0001844 secs] 3826K->3314K(5744K), 0.0002261 secs]
14.653: [GC 14.653: [DefNew: 521K->8K(576K), 0.0002213 secs] 3826K->3314K(5744K), 0.0002688 secs]
14.660: [GC 14.660: [DefNew: 520K->8K(576K), 0.0001855 secs] 3826K->3315K(5744K), 0.0002285 secs]
14.667: [GC 14.667: [DefNew: 520K->9K(576K), 0.0001725 secs] 3827K->3316K(5744K), 0.0002135 secs]
14.674: [GC 14.674: [DefNew: 521K->8K(576K), 0.0002190 secs] 3828K->3316K(5744K), 0.0002661 secs]
14.681: [GC 14.681: [DefNew: 520K->8K(576K), 0.0001991 secs] 3828K->3317K(5744K), 0.0002451 secs]
14.689: [GC 14.689: [DefNew: 520K->9K(576K), 0.0002249 secs] 3829K->3317K(5744K), 0.0002722 secs]
14.696: [GC 14.696: [DefNew: 521K->8K(576K), 0.0001944 secs] 3829K->3318K(5744K), 0.0002379 secs]
14.703: [GC 14.703: [DefNew: 520K->8K(576K), 0.0002131 secs] 3830K->3318K(5744K), 0.0002607 secs]
14.710: [GC 14.710: [DefNew: 520K->9K(576K), 0.0001778 secs] 3830K->3319K(5744K), 0.0002196 secs]
14.718: [GC 14.718: [DefNew: 521K->8K(576K), 0.0002167 secs] 3831K->3320K(5744K), 0.0002637 secs]
14.725: [GC 14.725: [DefNew: 520K->8K(576K), 0.0001680 secs] 3832K->3320K(5744K), 0.0002075 secs]
14.732: [GC 14.732: [DefNew: 520K->8K(576K), 0.0001970 secs] 3832K->3321K(5744K), 0.0002412 secs]
14.739: [GC 14.739: [DefNew: 520K->9K(576K), 0.0002134 secs] 3833K->3321K(5744K), 0.0002594 secs]
14.746: [GC 14.746: [DefNew: 521K->8K(576K), 0.0001909 secs] 3833K->3322K(5744K), 0.0002339 secs]
14.753: [GC 14.753: [DefNew: 520K->9K(576K), 0.0001777 secs] 3834K->3323K(5744K), 0.0002198 secs]
14.760: [GC 14.760: [DefNew: 521K->9K(576K), 0.0001778 secs] 3835K->3323K(5744K), 0.0002193 secs]
14.767: [GC 14.767: [DefNew: 521K->8K(576K), 0.0002363 secs] 3835K->3323K(5744K), 0.0002804 secs]
14.774: [GC 14.774: [DefNew: 520K->8K(576K), 0.0001797 secs] 3835K->3324K(5744K), 0.0002223 secs]
14.782: [GC 14.782: [DefNew: 520K->9K(576K), 0.0002132 secs] 3836K->3325K(5744K), 0.0002598 secs]
14.788: [GC 14.788: [DefNew: 521K->8K(576K), 0.0001786 secs] 3837K->3325K(5744K), 0.0002204 secs]
14.797: [GC 14.797: [DefNew: 520K->8K(576K), 0.0002171 secs] 3837K->3326K(5744K), 0.0002645 secs]
14.804: [GC 14.804: [DefNew: 520K->9K(576K), 0.0001753 secs] 3838K->3327K(5744K), 0.0002174 secs]
14.811: [GC 14.811: [DefNew: 521K->8K(576K), 0.0002064 secs] 3839K->3327K(5744K), 0.0002523 secs]
14.817: [GC 14.817: [DefNew: 520K->8K(576K), 0.0001664 secs] 3839K->3327K(5744K), 0.0002061 secs]
14.824: [GC 14.824: [DefNew: 520K->9K(576K), 0.0001887 secs] 3839K->3328K(5744K), 0.0002317 secs]
14.831: [GC 14.831: [DefNew: 521K->9K(576K), 0.0001720 secs] 3840K->3329K(5744K), 0.0002206 secs]
14.838: [GC 14.838: [DefNew: 521K->8K(576K), 0.0001991 secs] 3841K->3329K(5744K), 0.0002444 secs]
14.845: [GC 14.845: [DefNew: 520K->9K(576K), 0.0001718 secs] 3841K->3330K(5744K), 0.0002127 secs]
14.852: [GC 14.852: [DefNew: 521K->9K(576K), 0.0001702 secs] 3842K->3331K(5744K), 0.0002099 secs]
14.858: [GC 14.858: [DefNew: 521K->8K(576K), 0.0001734 secs] 3843K->3331K(5744K), 0.0002142 secs]
14.865: [GC 14.865: [DefNew: 520K->8K(576K), 0.0002008 secs] 3843K->3332K(5744K), 0.0002460 secs]
14.873: [GC 14.873: [DefNew: 520K->9K(576K), 0.0002039 secs] 3844K->3332K(5744K), 0.0002495 secs]
14.879: [GC 14.879: [DefNew: 521K->8K(576K), 0.0001742 secs] 3844K->3333K(5744K), 0.0002144 secs]
14.886: [GC 14.886: [DefNew: 520K->8K(576K), 0.0001867 secs] 3845K->3333K(5744K), 0.0002297 secs]
14.894: [GC 14.894: [DefNew: 520K->9K(576K), 0.0002077 secs] 3845K->3334K(5744K), 0.0002529 secs]
14.901: [GC 14.901: [DefNew: 521K->8K(576K), 0.0002080 secs] 3846K->3334K(5744K), 0.0002537 secs]
14.908: [GC 14.908: [DefNew: 520K->8K(576K), 0.0002049 secs] 3846K->3335K(5744K), 0.0002554 secs]
14.915: [GC 14.915: [DefNew: 520K->9K(576K), 0.0001820 secs] 3847K->3336K(5744K), 0.0002250 secs]
14.922: [GC 14.922: [DefNew: 521K->8K(576K), 0.0002048 secs] 3848K->3336K(5744K), 0.0002507 secs]
14.929: [GC 14.929: [DefNew: 520K->8K(576K), 0.0001737 secs] 3848K->3337K(5744K), 0.0002146 secs]
14.936: [GC 14.936: [DefNew: 520K->9K(576K), 0.0001982 secs] 3849K->3338K(5744K), 0.0002426 secs]
14.943: [GC 14.943: [DefNew: 521K->9K(576K), 0.0001702 secs] 3850K->3338K(5744K), 0.0002101 secs]
14.949: [GC 14.949: [DefNew: 521K->8K(576K), 0.0001783 secs] 3850K->3338K(5744K), 0.0002199 secs]
14.956: [GC 14.956: [DefNew: 520K->9K(576K), 0.0001955 secs] 3850K->3339K(5744K), 0.0002402 secs]
14.963: [GC 14.963: [DefNew: 521K->9K(576K), 0.0001985 secs] 3851K->3340K(5744K), 0.0002407 secs]
14.970: [GC 14.970: [DefNew: 521K->8K(576K), 0.0001946 secs] 3852K->3340K(5744K), 0.0002375 secs]
14.977: [GC 14.977: [DefNew: 520K->8K(576K), 0.0001743 secs] 3852K->3341K(5744K), 0.0002145 secs]
14.984: [GC 14.984: [DefNew: 520K->9K(576K), 0.0002119 secs] 3853K->3342K(5744K), 0.0002580 secs]
14.991: [GC 14.991: [DefNew: 521K->8K(576K), 0.0001779 secs] 3854K->3342K(5744K), 0.0002195 secs]
14.998: [GC 14.998: [DefNew: 520K->8K(576K), 0.0002183 secs] 3854K->3343K(5744K), 0.0002654 secs]
15.005: [GC 15.005: [DefNew: 520K->9K(576K), 0.0001766 secs] 3855K->3343K(5744K), 0.0002173 secs]
15.012: [GC 15.012: [DefNew: 521K->8K(576K), 0.0001795 secs] 3855K->3344K(5744K), 0.0002210 secs]
15.019: [GC 15.019: [DefNew: 520K->8K(576K), 0.0001725 secs] 3856K->3344K(5744K), 0.0002125 secs]
15.026: [GC 15.026: [DefNew: 520K->9K(576K), 0.0002002 secs] 3856K->3345K(5744K), 0.0002458 secs]
15.033: [GC 15.033: [DefNew: 521K->9K(576K), 0.0001723 secs] 3857K->3345K(5744K), 0.0002130 secs]
15.039: [GC 15.039: [DefNew: 521K->8K(576K), 0.0001845 secs] 3857K->3346K(5744K), 0.0002263 secs]
15.047: [GC 15.047: [DefNew: 520K->9K(576K), 0.0002195 secs] 3858K->3347K(5744K), 0.0002665 secs]
15.053: [GC 15.053: [DefNew: 521K->9K(576K), 0.0001742 secs] 3859K->3347K(5744K), 0.0002148 secs]
15.061: [GC 15.061: [DefNew: 521K->8K(576K), 0.0002116 secs] 3859K->3348K(5744K), 0.0002572 secs]
15.068: [GC 15.068: [DefNew: 520K->9K(576K), 0.0001786 secs] 3860K->3349K(5744K), 0.0002205 secs]
15.074: [GC 15.074: [DefNew: 521K->8K(576K), 0.0001799 secs] 3861K->3349K(5744K), 0.0002225 secs]
15.081: [GC 15.081: [DefNew: 520K->8K(576K), 0.0001720 secs] 3861K->3349K(5744K), 0.0002121 secs]
15.088: [GC 15.088: [DefNew: 520K->8K(576K), 0.0001835 secs] 3861K->3350K(5744K), 0.0002254 secs]
15.095: [GC 15.095: [DefNew: 520K->9K(576K), 0.0002123 secs] 3862K->3351K(5744K), 0.0002581 secs]
15.102: [GC 15.102: [DefNew: 521K->8K(576K), 0.0001973 secs] 3863K->3351K(5744K), 0.0002422 secs]
15.109: [GC 15.109: [DefNew: 520K->8K(576K), 0.0002118 secs] 3863K->3352K(5744K), 0.0002633 secs]
15.116: [GC 15.116: [DefNew: 520K->9K(576K), 0.0001746 secs] 3864K->3352K(5744K), 0.0002145 secs]
15.123: [GC 15.123: [DefNew: 521K->8K(576K), 0.0002026 secs] 3864K->3353K(5744K), 0.0002471 secs]
15.130: [GC 15.130: [DefNew: 520K->8K(576K), 0.0001894 secs] 3865K->3353K(5744K), 0.0002302 secs]
15.137: [GC 15.137: [DefNew: 520K->9K(576K), 0.0001867 secs] 3865K->3354K(5744K), 0.0002289 secs]
15.143: [GC 15.143: [DefNew: 521K->9K(576K), 0.0001919 secs] 3866K->3355K(5744K), 0.0002364 secs]
15.150: [GC 15.150: [DefNew: 521K->8K(576K), 0.0001878 secs] 3867K->3355K(5744K), 0.0002301 secs]
15.157: [GC 15.157: [DefNew: 520K->9K(576K), 0.0001848 secs] 3867K->3356K(5744K), 0.0002271 secs]
15.164: [GC 15.164: [DefNew: 521K->9K(576K), 0.0001772 secs] 3868K->3356K(5744K), 0.0002195 secs]
15.171: [GC 15.171: [DefNew: 521K->8K(576K), 0.0002044 secs] 3868K->3357K(5744K), 0.0002506 secs]
15.178: [GC 15.178: [DefNew: 520K->8K(576K), 0.0001721 secs] 3869K->3358K(5744K), 0.0002129 secs]
15.185: [GC 15.185: [DefNew: 520K->9K(576K), 0.0002038 secs] 3870K->3358K(5744K), 0.0002486 secs]
15.192: [GC 15.192: [DefNew: 521K->8K(576K), 0.0002118 secs] 3870K->3358K(5744K), 0.0002540 secs]
15.199: [GC 15.199: [DefNew: 520K->8K(576K), 0.0002166 secs] 3870K->3359K(5744K), 0.0002641 secs]
15.206: [GC 15.206: [DefNew: 520K->8K(576K), 0.0001867 secs] 3871K->3360K(5744K), 0.0002292 secs]
15.213: [GC 15.213: [DefNew: 520K->8K(576K), 0.0001900 secs] 3872K->3360K(5744K), 0.0002329 secs]
15.220: [GC 15.220: [DefNew: 520K->8K(576K), 0.0001890 secs] 3872K->3361K(5744K), 0.0002327 secs]
15.227: [GC 15.227: [DefNew: 520K->9K(576K), 0.0001875 secs] 3873K->3362K(5744K), 0.0002308 secs]
15.234: [GC 15.234: [DefNew: 521K->8K(576K), 0.0002158 secs] 3874K->3362K(5744K), 0.0002638 secs]
15.240: [GC 15.240: [DefNew: 520K->8K(576K), 0.0001830 secs] 3874K->3362K(5744K), 0.0002252 secs]
15.248: [GC 15.248: [DefNew: 520K->8K(576K), 0.0002122 secs] 3874K->3363K(5744K), 0.0002587 secs]
15.255: [GC 15.255: [DefNew: 520K->9K(576K), 0.0001836 secs] 3875K->3364K(5744K), 0.0002260 secs]
15.262: [GC 15.262: [DefNew: 521K->8K(576K), 0.0002177 secs] 3876K->3364K(5744K), 0.0002636 secs]
15.269: [GC 15.269: [DefNew: 520K->8K(576K), 0.0001957 secs] 3876K->3365K(5744K), 0.0002401 secs]
15.276: [GC 15.276: [DefNew: 520K->9K(576K), 0.0002011 secs] 3877K->3365K(5744K), 0.0002464 secs]
15.283: [GC 15.283: [DefNew: 521K->8K(576K), 0.0001685 secs] 3877K->3366K(5744K), 0.0002090 secs]
15.290: [GC 15.290: [DefNew: 520K->8K(576K), 0.0001894 secs] 3878K->3367K(5744K), 0.0002333 secs]
15.297: [GC 15.297: [DefNew: 520K->8K(576K), 0.0002156 secs] 3879K->3367K(5744K), 0.0002627 secs]
15.304: [GC 15.304: [DefNew: 520K->8K(576K), 0.0002332 secs] 3879K->3368K(5744K), 0.0002801 secs]
15.311: [GC 15.311: [DefNew: 520K->8K(576K), 0.0002197 secs] 3880K->3368K(5744K), 0.0002675 secs]
15.318: [GC 15.318: [DefNew: 520K->8K(576K), 0.0002025 secs] 3880K->3369K(5744K), 0.0002494 secs]
15.325: [GC 15.325: [DefNew: 520K->8K(576K), 0.0001901 secs] 3881K->3369K(5744K), 0.0002337 secs]
15.332: [GC 15.332: [DefNew: 520K->8K(576K), 0.0002099 secs] 3881K->3370K(5744K), 0.0002566 secs]
15.339: [GC 15.339: [DefNew: 520K->8K(576K), 0.0002713 secs] 3882K->3371K(5744K), 0.0003205 secs]
15.346: [GC 15.346: [DefNew: 520K->8K(576K), 0.0002270 secs] 3883K->3371K(5744K), 0.0002764 secs]
15.353: [GC 15.353: [DefNew: 520K->8K(576K), 0.0002269 secs] 3883K->3371K(5744K), 0.0002748 secs]
15.360: [GC 15.360: [DefNew: 520K->8K(576K), 0.0002058 secs] 3883K->3372K(5744K), 0.0002518 secs]
15.368: [GC 15.368: [DefNew: 520K->9K(576K), 0.0001899 secs] 3884K->3373K(5744K), 0.0002334 secs]
15.374: [GC 15.375: [DefNew: 521K->8K(576K), 0.0001986 secs] 3885K->3373K(5744K), 0.0002437 secs]
15.381: [GC 15.381: [DefNew: 520K->8K(576K), 0.0001982 secs] 3885K->3374K(5744K), 0.0002431 secs]
15.388: [GC 15.388: [DefNew: 520K->8K(576K), 0.0001852 secs] 3886K->3375K(5744K), 0.0002273 secs]
15.395: [GC 15.395: [DefNew: 520K->8K(576K), 0.0002162 secs] 3887K->3375K(5744K), 0.0002628 secs]
15.403: [GC 15.403: [DefNew: 520K->8K(576K), 0.0002284 secs] 3887K->3375K(5744K), 0.0002771 secs]
15.410: [GC 15.410: [DefNew: 520K->8K(576K), 0.0001887 secs] 3887K->3376K(5744K), 0.0002395 secs]
15.418: [GC 15.418: [DefNew: 520K->9K(576K), 0.0002215 secs] 3888K->3377K(5744K), 0.0002683 secs]
15.425: [GC 15.425: [DefNew: 521K->8K(576K), 0.0001698 secs] 3889K->3377K(5744K), 0.0002089 secs]
15.432: [GC 15.432: [DefNew: 520K->9K(576K), 0.0002032 secs] 3889K->3378K(5744K), 0.0002492 secs]
15.439: [GC 15.439: [DefNew: 521K->8K(576K), 0.0001652 secs] 3890K->3378K(5744K), 0.0002048 secs]
15.445: [GC 15.445: [DefNew: 520K->8K(576K), 0.0001786 secs] 3890K->3379K(5744K), 0.0002198 secs]
15.452: [GC 15.452: [DefNew: 520K->8K(576K), 0.0001843 secs] 3891K->3380K(5744K), 0.0002268 secs]
15.460: [GC 15.460: [DefNew: 520K->9K(576K), 0.0002189 secs] 3892K->3380K(5744K), 0.0002669 secs]
15.467: [GC 15.467: [DefNew: 521K->8K(576K), 0.0002251 secs] 3892K->3381K(5744K), 0.0002725 secs]
15.474: [GC 15.474: [DefNew: 520K->8K(576K), 0.0001803 secs] 3893K->3381K(5744K), 0.0002209 secs]
15.481: [GC 15.481: [DefNew: 520K->8K(576K), 0.0002026 secs] 3893K->3382K(5744K), 0.0002478 secs]
15.488: [GC 15.488: [DefNew: 520K->8K(576K), 0.0001985 secs] 3894K->3382K(5744K), 0.0002434 secs]
15.495: [GC 15.495: [DefNew: 520K->8K(576K), 0.0002187 secs] 3894K->3383K(5744K), 0.0002659 secs]
15.502: [GC 15.502: [DefNew: 520K->8K(576K), 0.0002058 secs] 3895K->3384K(5744K), 0.0002531 secs]
15.509: [GC 15.509: [DefNew: 520K->9K(576K), 0.0001804 secs] 3896K->3384K(5744K), 0.0002220 secs]
15.516: [GC 15.516: [DefNew: 521K->8K(576K), 0.0002249 secs] 3896K->3384K(5744K), 0.0002722 secs]
15.523: [GC 15.523: [DefNew: 520K->9K(576K), 0.0001716 secs] 3896K->3385K(5744K), 0.0002116 secs]
15.530: [GC 15.530: [DefNew: 521K->8K(576K), 0.0002053 secs] 3897K->3386K(5744K), 0.0002506 secs]
15.537: [GC 15.537: [DefNew: 520K->8K(576K), 0.0001756 secs] 3898K->3386K(5744K), 0.0002162 secs]
15.544: [GC 15.544: [DefNew: 520K->8K(576K), 0.0001744 secs] 3898K->3387K(5744K), 0.0002167 secs]
15.551: [GC 15.551: [DefNew: 520K->9K(576K), 0.0002051 secs] 3899K->3388K(5744K), 0.0002506 secs]
15.558: [GC 15.558: [DefNew: 521K->8K(576K), 0.0002098 secs] 3900K->3388K(5744K), 0.0002564 secs]
15.565: [GC 15.565: [DefNew: 520K->8K(576K), 0.0001855 secs] 3900K->3389K(5744K), 0.0002268 secs]
15.572: [GC 15.572: [DefNew: 520K->9K(576K), 0.0002139 secs] 3901K->3389K(5744K), 0.0002605 secs]
15.579: [GC 15.579: [DefNew: 521K->8K(576K), 0.0001989 secs] 3901K->3390K(5744K), 0.0002426 secs]
15.586: [GC 15.586: [DefNew: 520K->8K(576K), 0.0001724 secs] 3902K->3390K(5744K), 0.0002134 secs]
15.593: [GC 15.593: [DefNew: 520K->8K(576K), 0.0001992 secs] 3902K->3391K(5744K), 0.0002441 secs]
15.600: [GC 15.600: [DefNew: 520K->9K(576K), 0.0001735 secs] 3903K->3391K(5744K), 0.0002140 secs]
15.608: [GC 15.608: [DefNew: 521K->8K(576K), 0.0002200 secs] 3903K->3392K(5744K), 0.0002667 secs]
15.615: [GC 15.615: [DefNew: 520K->9K(576K), 0.0001777 secs] 3904K->3393K(5744K), 0.0002182 secs]
15.622: [GC 15.622: [DefNew: 521K->8K(576K), 0.0002215 secs] 3905K->3393K(5744K), 0.0002691 secs]
15.629: [GC 15.629: [DefNew: 520K->8K(576K), 0.0002132 secs] 3905K->3394K(5744K), 0.0002584 secs]
15.636: [GC 15.636: [DefNew: 520K->8K(576K), 0.0001772 secs] 3906K->3394K(5744K), 0.0002198 secs]
15.643: [GC 15.643: [DefNew: 520K->9K(576K), 0.0002033 secs] 3906K->3395K(5744K), 0.0002474 secs]
15.650: [GC 15.651: [DefNew: 521K->8K(576K), 0.0002085 secs] 3907K->3395K(5744K), 0.0002551 secs]
15.657: [GC 15.657: [DefNew: 520K->8K(576K), 0.0001822 secs] 3907K->3396K(5744K), 0.0002233 secs]
15.664: [GC 15.664: [DefNew: 520K->8K(576K), 0.0002166 secs] 3908K->3397K(5744K), 0.0002633 secs]
15.671: [GC 15.671: [DefNew: 520K->8K(576K), 0.0002247 secs] 3909K->3397K(5744K), 0.0002680 secs]
15.678: [GC 15.678: [DefNew: 520K->8K(576K), 0.0001931 secs] 3909K->3397K(5744K), 0.0002369 secs]
15.685: [GC 15.685: [DefNew: 520K->9K(576K), 0.0001935 secs] 3909K->3398K(5744K), 0.0002373 secs]
15.692: [GC 15.692: [DefNew: 521K->9K(576K), 0.0001721 secs] 3910K->3399K(5744K), 0.0002115 secs]
15.698: [GC 15.698: [DefNew: 521K->8K(576K), 0.0001809 secs] 3911K->3399K(5744K), 0.0002221 secs]
15.706: [GC 15.706: [DefNew: 520K->9K(576K), 0.0002127 secs] 3911K->3400K(5744K), 0.0002684 secs]
15.713: [GC 15.713: [DefNew: 521K->8K(576K), 0.0002021 secs] 3912K->3401K(5744K), 0.0002463 secs]
15.720: [GC 15.720: [DefNew: 520K->8K(576K), 0.0001886 secs] 3913K->3401K(5744K), 0.0002290 secs]
15.726: [GC 15.727: [DefNew: 520K->8K(576K), 0.0001741 secs] 3913K->3402K(5744K), 0.0002146 secs]
15.734: [GC 15.734: [DefNew: 520K->9K(576K), 0.0002209 secs] 3914K->3402K(5744K), 0.0002678 secs]
15.741: [GC 15.741: [DefNew: 521K->8K(576K), 0.0001803 secs] 3914K->3403K(5744K), 0.0002304 secs]
15.748: [GC 15.748: [DefNew: 520K->8K(576K), 0.0002023 secs] 3915K->3403K(5744K), 0.0002472 secs]
15.755: [GC 15.755: [DefNew: 520K->8K(576K), 0.0001861 secs] 3915K->3404K(5744K), 0.0002269 secs]
15.762: [GC 15.762: [DefNew: 520K->8K(576K), 0.0001821 secs] 3916K->3404K(5744K), 0.0002228 secs]
15.769: [GC 15.769: [DefNew: 520K->8K(576K), 0.0001837 secs] 3916K->3405K(5744K), 0.0002269 secs]
15.776: [GC 15.776: [DefNew: 520K->9K(576K), 0.0002006 secs] 3917K->3406K(5744K), 0.0002456 secs]
15.783: [GC 15.783: [DefNew: 521K->9K(576K), 0.0001814 secs] 3918K->3406K(5744K), 0.0002239 secs]
15.789: [GC 15.789: [DefNew: 521K->8K(576K), 0.0001755 secs] 3918K->3407K(5744K), 0.0002158 secs]
15.796: [GC 15.796: [DefNew: 520K->9K(576K), 0.0001785 secs] 3919K->3408K(5744K), 0.0002208 secs]
15.804: [GC 15.804: [DefNew: 521K->8K(576K), 0.0002284 secs] 3920K->3408K(5744K), 0.0002770 secs]
15.812: [GC 15.812: [DefNew: 520K->8K(576K), 0.0002260 secs] 3920K->3408K(5744K), 0.0002728 secs]
15.819: [GC 15.819: [DefNew: 520K->8K(576K), 0.0001816 secs] 3920K->3409K(5744K), 0.0002241 secs]
15.826: [GC 15.826: [DefNew: 520K->9K(576K), 0.0002073 secs] 3921K->3410K(5744K), 0.0002526 secs]
15.833: [GC 15.833: [DefNew: 521K->8K(576K), 0.0001808 secs] 3922K->3410K(5744K), 0.0002223 secs]
15.840: [GC 15.840: [DefNew: 520K->8K(576K), 0.0001985 secs] 3922K->3411K(5744K), 0.0002437 secs]
15.846: [GC 15.847: [DefNew: 520K->8K(576K), 0.0001731 secs] 3923K->3411K(5744K), 0.0002133 secs]
15.853: [GC 15.853: [DefNew: 520K->8K(576K), 0.0002004 secs] 3923K->3412K(5744K), 0.0002450 secs]
15.860: [GC 15.860: [DefNew: 520K->8K(576K), 0.0002103 secs] 3924K->3412K(5744K), 0.0002568 secs]
15.868: [GC 15.868: [DefNew: 520K->8K(576K), 0.0002010 secs] 3924K->3413K(5744K), 0.0002468 secs]
15.875: [GC 15.875: [DefNew: 520K->9K(576K), 0.0001661 secs] 3925K->3413K(5744K), 0.0002054 secs]
15.881: [GC 15.881: [DefNew: 521K->8K(576K), 0.0001719 secs] 3925K->3414K(5744K), 0.0002121 secs]
15.888: [GC 15.888: [DefNew: 520K->8K(576K), 0.0001980 secs] 3926K->3415K(5744K), 0.0002435 secs]
15.895: [GC 15.895: [DefNew: 520K->8K(576K), 0.0001687 secs] 3927K->3415K(5744K), 0.0002084 secs]
15.902: [GC 15.902: [DefNew: 520K->8K(576K), 0.0002299 secs] 3927K->3416K(5744K), 0.0002778 secs]
15.909: [GC 15.909: [DefNew: 520K->8K(576K), 0.0002045 secs] 3928K->3416K(5744K), 0.0002493 secs]
15.916: [GC 15.916: [DefNew: 520K->8K(576K), 0.0001799 secs] 3928K->3417K(5744K), 0.0002215 secs]
15.924: [GC 15.924: [DefNew: 520K->8K(576K), 0.0002175 secs] 3929K->3417K(5744K), 0.0002649 secs]
15.931: [GC 15.931: [DefNew: 520K->8K(576K), 0.0002069 secs] 3929K->3418K(5744K), 0.0002519 secs]
15.938: [GC 15.938: [DefNew: 520K->8K(576K), 0.0001742 secs] 3930K->3419K(5744K), 0.0002140 secs]
15.945: [GC 15.945: [DefNew: 520K->8K(576K), 0.0001773 secs] 3931K->3419K(5744K), 0.0002186 secs]
15.951: [GC 15.952: [DefNew: 520K->8K(576K), 0.0001924 secs] 3931K->3419K(5744K), 0.0002362 secs]
15.958: [GC 15.958: [DefNew: 520K->8K(576K), 0.0001769 secs] 3931K->3420K(5744K), 0.0002181 secs]
15.966: [GC 15.966: [DefNew: 520K->8K(576K), 0.0002158 secs] 3932K->3421K(5744K), 0.0002615 secs]
15.972: [GC 15.972: [DefNew: 520K->8K(576K), 0.0001736 secs] 3933K->3421K(5744K), 0.0002131 secs]
15.979: [GC 15.979: [DefNew: 520K->8K(576K), 0.0001800 secs] 3933K->3422K(5744K), 0.0002442 secs]
15.986: [GC 15.986: [DefNew: 520K->8K(576K), 0.0002117 secs] 3934K->3422K(5744K), 0.0002580 secs]
15.993: [GC 15.993: [DefNew: 520K->8K(576K), 0.0001898 secs] 3934K->3423K(5744K), 0.0002326 secs]
16.000: [GC 16.000: [DefNew: 520K->8K(576K), 0.0002675 secs] 3935K->3423K(5744K), 0.0003132 secs]
16.007: [GC 16.007: [DefNew: 520K->8K(576K), 0.0001982 secs] 3935K->3424K(5744K), 0.0002424 secs]
16.014: [GC 16.014: [DefNew: 520K->8K(576K), 0.0001900 secs] 3936K->3425K(5744K), 0.0002397 secs]
16.020: [GC 16.020: [DefNew: 520K->8K(576K), 0.0001757 secs] 3937K->3425K(5744K), 0.0002160 secs]
16.028: [GC 16.028: [DefNew: 520K->8K(576K), 0.0002164 secs] 3937K->3426K(5744K), 0.0002641 secs]
16.035: [GC 16.035: [DefNew: 520K->8K(576K), 0.0001676 secs] 3938K->3426K(5744K), 0.0002073 secs]
16.041: [GC 16.041: [DefNew: 520K->8K(576K), 0.0002103 secs] 3938K->3427K(5744K), 0.0002568 secs]
16.048: [GC 16.048: [DefNew: 520K->8K(576K), 0.0001856 secs] 3939K->3427K(5744K), 0.0002280 secs]
16.055: [GC 16.055: [DefNew: 520K->8K(576K), 0.0001887 secs] 3939K->3428K(5744K), 0.0002351 secs]
16.062: [GC 16.062: [DefNew: 520K->8K(576K), 0.0001850 secs] 3940K->3428K(5744K), 0.0002259 secs]
16.069: [GC 16.069: [DefNew: 520K->8K(576K), 0.0001731 secs] 3940K->3429K(5744K), 0.0002140 secs]
16.076: [GC 16.076: [DefNew: 520K->8K(576K), 0.0002024 secs] 3941K->3430K(5744K), 0.0002482 secs]
16.083: [GC 16.083: [DefNew: 520K->8K(576K), 0.0001733 secs] 3942K->3430K(5744K), 0.0002128 secs]
16.090: [GC 16.090: [DefNew: 520K->8K(576K), 0.0001969 secs] 3942K->3430K(5744K), 0.0002398 secs]
16.097: [GC 16.097: [DefNew: 520K->8K(576K), 0.0001851 secs] 3942K->3431K(5744K), 0.0002281 secs]
16.103: [GC 16.103: [DefNew: 520K->8K(576K), 0.0001924 secs] 3943K->3432K(5744K), 0.0002435 secs]
16.110: [GC 16.110: [DefNew: 520K->8K(576K), 0.0002232 secs] 3944K->3432K(5744K), 0.0002692 secs]
16.117: [GC 16.117: [DefNew: 520K->8K(576K), 0.0001788 secs] 3944K->3433K(5744K), 0.0002434 secs]
16.124: [GC 16.124: [DefNew: 520K->8K(576K), 0.0002047 secs] 3945K->3433K(5744K), 0.0002494 secs]
16.131: [GC 16.131: [DefNew: 520K->8K(576K), 0.0001841 secs] 3945K->3434K(5744K), 0.0002310 secs]
16.138: [GC 16.138: [DefNew: 520K->8K(576K), 0.0002079 secs] 3946K->3434K(5744K), 0.0002548 secs]
16.145: [GC 16.145: [DefNew: 520K->8K(576K), 0.0001813 secs] 3946K->3435K(5744K), 0.0002237 secs]
16.152: [GC 16.152: [DefNew: 520K->8K(576K), 0.0002032 secs] 3947K->3436K(5744K), 0.0002489 secs]
16.159: [GC 16.159: [DefNew: 520K->8K(576K), 0.0001761 secs] 3948K->3436K(5744K), 0.0002175 secs]
16.165: [GC 16.165: [DefNew: 520K->8K(576K), 0.0001804 secs] 3948K->3437K(5744K), 0.0002219 secs]
16.172: [GC 16.172: [DefNew: 520K->8K(576K), 0.0002011 secs] 3949K->3437K(5744K), 0.0002453 secs]
16.179: [GC 16.179: [DefNew: 520K->8K(576K), 0.0001679 secs] 3949K->3438K(5744K), 0.0002080 secs]
16.186: [GC 16.186: [DefNew: 520K->8K(576K), 0.0002005 secs] 3950K->3438K(5744K), 0.0002463 secs]
16.193: [GC 16.193: [DefNew: 520K->8K(576K), 0.0001828 secs] 3950K->3439K(5744K), 0.0002257 secs]
16.200: [GC 16.200: [DefNew: 520K->8K(576K), 0.0001985 secs] 3951K->3439K(5744K), 0.0002433 secs]
16.207: [GC 16.207: [DefNew: 520K->8K(576K), 0.0002040 secs] 3951K->3440K(5744K), 0.0002481 secs]
16.214: [GC 16.214: [DefNew: 520K->8K(576K), 0.0002037 secs] 3952K->3441K(5744K), 0.0002489 secs]
16.220: [GC 16.220: [DefNew: 520K->8K(576K), 0.0001818 secs] 3953K->3441K(5744K), 0.0002231 secs]
16.227: [GC 16.227: [DefNew: 520K->8K(576K), 0.0001983 secs] 3953K->3441K(5744K), 0.0002385 secs]
16.234: [GC 16.234: [DefNew: 520K->8K(576K), 0.0002048 secs] 3953K->3442K(5744K), 0.0002508 secs]
16.241: [GC 16.241: [DefNew: 520K->8K(576K), 0.0001742 secs] 3954K->3443K(5744K), 0.0002152 secs]
16.248: [GC 16.248: [DefNew: 520K->8K(576K), 0.0002134 secs] 3955K->3443K(5744K), 0.0002609 secs]
16.255: [GC 16.255: [DefNew: 520K->8K(576K), 0.0001664 secs] 3955K->3443K(5744K), 0.0002061 secs]
16.262: [GC 16.262: [DefNew: 520K->8K(576K), 0.0001949 secs] 3955K->3444K(5744K), 0.0002380 secs]
16.268: [GC 16.268: [DefNew: 520K->8K(576K), 0.0001807 secs] 3956K->3445K(5744K), 0.0002208 secs]
16.275: [GC 16.275: [DefNew: 520K->8K(576K), 0.0001935 secs] 3957K->3445K(5744K), 0.0002380 secs]
16.282: [GC 16.282: [DefNew: 520K->8K(576K), 0.0001995 secs] 3957K->3446K(5744K), 0.0002449 secs]
16.289: [GC 16.289: [DefNew: 520K->8K(576K), 0.0001837 secs] 3958K->3446K(5744K), 0.0002342 secs]
16.297: [GC 16.297: [DefNew: 520K->8K(576K), 0.0002184 secs] 3958K->3447K(5744K), 0.0002643 secs]
16.303: [GC 16.303: [DefNew: 520K->8K(576K), 0.0001719 secs] 3959K->3447K(5744K), 0.0002263 secs]
16.311: [GC 16.311: [DefNew: 520K->8K(576K), 0.0002177 secs] 3959K->3448K(5744K), 0.0002651 secs]
16.317: [GC 16.317: [DefNew: 520K->8K(576K), 0.0001741 secs] 3960K->3449K(5744K), 0.0002148 secs]
16.324: [GC 16.324: [DefNew: 520K->8K(576K), 0.0001885 secs] 3961K->3449K(5744K), 0.0002328 secs]
16.331: [GC 16.331: [DefNew: 520K->8K(576K), 0.0001760 secs] 3961K->3450K(5744K), 0.0002173 secs]
16.338: [GC 16.338: [DefNew: 520K->8K(576K), 0.0001906 secs] 3962K->3450K(5744K), 0.0002336 secs]
16.345: [GC 16.345: [DefNew: 520K->8K(576K), 0.0001744 secs] 3962K->3451K(5744K), 0.0002160 secs]
16.352: [GC 16.352: [DefNew: 520K->8K(576K), 0.0001752 secs] 3963K->3451K(5744K), 0.0002159 secs]
16.360: [GC 16.360: [DefNew: 520K->8K(576K), 0.0002168 secs] 3963K->3452K(5744K), 0.0002631 secs]
16.366: [GC 16.366: [DefNew: 520K->8K(576K), 0.0001709 secs] 3964K->3452K(5744K), 0.0002106 secs]
16.374: [GC 16.374: [DefNew: 520K->8K(576K), 0.0002276 secs] 3964K->3453K(5744K), 0.0002768 secs]
16.381: [GC 16.381: [DefNew: 520K->8K(576K), 0.0002217 secs] 3965K->3454K(5744K), 0.0002696 secs]
16.388: [GC 16.389: [DefNew: 520K->8K(576K), 0.0002228 secs] 3966K->3454K(5744K), 0.0002694 secs]
16.395: [GC 16.395: [DefNew: 520K->8K(576K), 0.0001886 secs] 3966K->3454K(5744K), 0.0002366 secs]
16.403: [GC 16.403: [DefNew: 520K->8K(576K), 0.0002545 secs] 3966K->3455K(5744K), 0.0003016 secs]
16.410: [GC 16.410: [DefNew: 520K->8K(576K), 0.0002085 secs] 3967K->3456K(5744K), 0.0002520 secs]
16.417: [GC 16.417: [DefNew: 520K->8K(576K), 0.0001888 secs] 3968K->3456K(5744K), 0.0002301 secs]
16.423: [GC 16.423: [DefNew: 520K->8K(576K), 0.0001711 secs] 3968K->3456K(5744K), 0.0002110 secs]
16.430: [GC 16.430: [DefNew: 520K->8K(576K), 0.0002124 secs] 3968K->3457K(5744K), 0.0002593 secs]
16.437: [GC 16.437: [DefNew: 520K->8K(576K), 0.0002034 secs] 3969K->3458K(5744K), 0.0002472 secs]
16.444: [GC 16.444: [DefNew: 520K->8K(576K), 0.0001655 secs] 3970K->3458K(5744K), 0.0002050 secs]
16.451: [GC 16.451: [DefNew: 520K->8K(576K), 0.0001872 secs] 3970K->3459K(5744K), 0.0002304 secs]
16.458: [GC 16.458: [DefNew: 520K->8K(576K), 0.0001694 secs] 3971K->3459K(5744K), 0.0002093 secs]
16.464: [GC 16.464: [DefNew: 520K->8K(576K), 0.0001810 secs] 3971K->3460K(5744K), 0.0002225 secs]
16.471: [GC 16.471: [DefNew: 520K->8K(576K), 0.0002116 secs] 3972K->3460K(5744K), 0.0002569 secs]
16.478: [GC 16.478: [DefNew: 520K->8K(576K), 0.0001856 secs] 3972K->3461K(5744K), 0.0002336 secs]
16.485: [GC 16.485: [DefNew: 520K->8K(576K), 0.0001753 secs] 3973K->3461K(5744K), 0.0002152 secs]
16.492: [GC 16.492: [DefNew: 520K->8K(576K), 0.0002007 secs] 3973K->3462K(5744K), 0.0002462 secs]
16.499: [GC 16.499: [DefNew: 520K->8K(576K), 0.0001996 secs] 3974K->3463K(5744K), 0.0002448 secs]
16.506: [GC 16.506: [DefNew: 520K->8K(576K), 0.0002214 secs] 3975K->3463K(5744K), 0.0002695 secs]
16.513: [GC 16.513: [DefNew: 520K->8K(576K), 0.0001964 secs] 3975K->3463K(5744K), 0.0002426 secs]
16.520: [GC 16.520: [DefNew: 520K->8K(576K), 0.0002187 secs] 3975K->3464K(5744K), 0.0002649 secs]
16.527: [GC 16.527: [DefNew: 520K->8K(576K), 0.0002391 secs] 3976K->3465K(5744K), 0.0002842 secs]
16.534: [GC 16.534: [DefNew: 520K->8K(576K), 0.0001734 secs] 3977K->3465K(5744K), 0.0002144 secs]
16.541: [GC 16.541: [DefNew: 520K->8K(576K), 0.0001754 secs] 3977K->3466K(5744K), 0.0002163 secs]
16.548: [GC 16.548: [DefNew: 520K->8K(576K), 0.0002367 secs] 3978K->3466K(5744K), 0.0002865 secs]
16.555: [GC 16.555: [DefNew: 520K->8K(576K), 0.0001972 secs] 3978K->3467K(5744K), 0.0002389 secs]
16.561: [GC 16.561: [DefNew: 520K->7K(576K), 0.0002080 secs] 3979K->3467K(5744K), 0.0002519 secs]
16.568: [GC 16.568: [DefNew: 519K->8K(576K), 0.0001850 secs] 3979K->3468K(5744K), 0.0002265 secs]
16.575: [GC 16.575: [DefNew: 520K->8K(576K), 0.0002003 secs] 3980K->3469K(5744K), 0.0002413 secs]
16.582: [GC 16.582: [DefNew: 520K->7K(576K), 0.0002109 secs] 3981K->3469K(5744K), 0.0002575 secs]
16.589: [GC 16.589: [DefNew: 519K->8K(576K), 0.0002003 secs] 3981K->3469K(5744K), 0.0002455 secs]
16.596: [GC 16.596: [DefNew: 520K->8K(576K), 0.0001747 secs] 3981K->3470K(5744K), 0.0002162 secs]
16.603: [GC 16.603: [DefNew: 520K->8K(576K), 0.0002069 secs] 3982K->3471K(5744K), 0.0002527 secs]
16.610: [GC 16.610: [DefNew: 520K->8K(576K), 0.0002105 secs] 3983K->3471K(5744K), 0.0002559 secs]
16.617: [GC 16.617: [DefNew: 520K->8K(576K), 0.0001734 secs] 3983K->3472K(5744K), 0.0002132 secs]
16.624: [GC 16.624: [DefNew: 520K->8K(576K), 0.0002164 secs] 3984K->3472K(5744K), 0.0002628 secs]
16.631: [GC 16.631: [DefNew: 520K->7K(576K), 0.0001701 secs] 3984K->3473K(5744K), 0.0002101 secs]
16.638: [GC 16.638: [DefNew: 519K->8K(576K), 0.0001946 secs] 3985K->3473K(5744K), 0.0002397 secs]
16.645: [GC 16.645: [DefNew: 520K->8K(576K), 0.0001737 secs] 3985K->3474K(5744K), 0.0002147 secs]
16.652: [GC 16.652: [DefNew: 520K->8K(576K), 0.0002022 secs] 3986K->3474K(5744K), 0.0002478 secs]
16.658: [GC 16.659: [DefNew: 520K->8K(576K), 0.0001675 secs] 3986K->3475K(5744K), 0.0002072 secs]
16.665: [GC 16.665: [DefNew: 520K->8K(576K), 0.0001805 secs] 3987K->3475K(5744K), 0.0002221 secs]
16.672: [GC 16.672: [DefNew: 520K->8K(576K), 0.0002225 secs] 3987K->3476K(5744K), 0.0002690 secs]
16.679: [GC 16.679: [DefNew: 520K->7K(576K), 0.0001717 secs] 3988K->3476K(5744K), 0.0002126 secs]
16.686: [GC 16.686: [DefNew: 519K->7K(576K), 0.0002032 secs] 3988K->3477K(5744K), 0.0002489 secs]
16.693: [GC 16.693: [DefNew: 519K->8K(576K), 0.0001859 secs] 3989K->3478K(5744K), 0.0002281 secs]
16.700: [GC 16.700: [DefNew: 520K->7K(576K), 0.0001833 secs] 3990K->3478K(5744K), 0.0002251 secs]
16.707: [GC 16.707: [DefNew: 519K->8K(576K), 0.0001675 secs] 3990K->3478K(5744K), 0.0002076 secs]
16.714: [GC 16.714: [DefNew: 520K->8K(576K), 0.0002163 secs] 3990K->3479K(5744K), 0.0002626 secs]
16.721: [GC 16.721: [DefNew: 520K->8K(576K), 0.0001862 secs] 3991K->3480K(5744K), 0.0002269 secs]
16.727: [GC 16.727: [DefNew: 520K->7K(576K), 0.0001745 secs] 3992K->3480K(5744K), 0.0002161 secs]
16.735: [GC 16.735: [DefNew: 519K->7K(576K), 0.0002072 secs] 3992K->3480K(5744K), 0.0002540 secs]
16.741: [GC 16.741: [DefNew: 519K->8K(576K), 0.0001805 secs] 3992K->3481K(5744K), 0.0002224 secs]
16.748: [GC 16.748: [DefNew: 520K->7K(576K), 0.0002017 secs] 3993K->3482K(5744K), 0.0002476 secs]
16.755: [GC 16.755: [DefNew: 519K->8K(576K), 0.0001793 secs] 3994K->3482K(5744K), 0.0002219 secs]
16.762: [GC 16.762: [DefNew: 520K->8K(576K), 0.0001899 secs] 3994K->3483K(5744K), 0.0002338 secs]
16.769: [GC 16.769: [DefNew: 520K->8K(576K), 0.0001742 secs] 3995K->3483K(5744K), 0.0002149 secs]
16.775: [GC 16.775: [DefNew: 520K->7K(576K), 0.0001850 secs] 3995K->3484K(5744K), 0.0002265 secs]
16.783: [GC 16.783: [DefNew: 519K->7K(576K), 0.0002064 secs] 3996K->3484K(5744K), 0.0002528 secs]
16.790: [GC 16.790: [DefNew: 519K->8K(576K), 0.0001876 secs] 3996K->3485K(5744K), 0.0002311 secs]
16.797: [GC 16.797: [DefNew: 520K->7K(576K), 0.0002242 secs] 3997K->3485K(5744K), 0.0002724 secs]
16.804: [GC 16.804: [DefNew: 519K->7K(576K), 0.0002078 secs] 3997K->3486K(5744K), 0.0002545 secs]
16.812: [GC 16.812: [DefNew: 519K->8K(576K), 0.0002175 secs] 3998K->3486K(5744K), 0.0002650 secs]
16.818: [GC 16.819: [DefNew: 520K->8K(576K), 0.0001731 secs] 3998K->3487K(5744K), 0.0002130 secs]
16.825: [GC 16.825: [DefNew: 520K->7K(576K), 0.0001786 secs] 3999K->3487K(5744K), 0.0002202 secs]
16.832: [GC 16.832: [DefNew: 519K->7K(576K), 0.0002073 secs] 3999K->3488K(5744K), 0.0002548 secs]
16.839: [GC 16.839: [DefNew: 519K->8K(576K), 0.0002031 secs] 4000K->3488K(5744K), 0.0002482 secs]
16.846: [GC 16.846: [DefNew: 520K->8K(576K), 0.0001664 secs] 4000K->3489K(5744K), 0.0002054 secs]
16.853: [GC 16.853: [DefNew: 520K->7K(576K), 0.0002045 secs] 4001K->3489K(5744K), 0.0002493 secs]
16.860: [GC 16.860: [DefNew: 519K->8K(576K), 0.0001770 secs] 4001K->3490K(5744K), 0.0002180 secs]
16.867: [GC 16.867: [DefNew: 520K->7K(576K), 0.0001740 secs] 4002K->3491K(5744K), 0.0002234 secs]
16.874: [GC 16.874: [DefNew: 519K->7K(576K), 0.0001911 secs] 4003K->3491K(5744K), 0.0002348 secs]
16.880: [GC 16.880: [DefNew: 519K->7K(576K), 0.0001697 secs] 4003K->3491K(5744K), 0.0002098 secs]
16.887: [GC 16.887: [DefNew: 519K->8K(576K), 0.0002277 secs] 4003K->3492K(5744K), 0.0002709 secs]
16.894: [GC 16.894: [DefNew: 520K->8K(576K), 0.0002082 secs] 4004K->3493K(5744K), 0.0002550 secs]
16.902: [GC 16.902: [DefNew: 520K->7K(576K), 0.0002102 secs] 4005K->3493K(5744K), 0.0002568 secs]
16.909: [GC 16.909: [DefNew: 519K->8K(576K), 0.0001954 secs] 4005K->3494K(5744K), 0.0002401 secs]
16.916: [GC 16.916: [DefNew: 520K->8K(576K), 0.0002216 secs] 4006K->3494K(5744K), 0.0002676 secs]
16.923: [GC 16.923: [DefNew: 520K->7K(576K), 0.0001770 secs] 4006K->3495K(5744K), 0.0002177 secs]
16.929: [GC 16.929: [DefNew: 519K->7K(576K), 0.0001681 secs] 4007K->3495K(5744K), 0.0002078 secs]
16.936: [GC 16.936: [DefNew: 519K->8K(576K), 0.0001978 secs] 4007K->3496K(5744K), 0.0002431 secs]
16.943: [GC 16.943: [DefNew: 520K->7K(576K), 0.0002045 secs] 4008K->3496K(5744K), 0.0002463 secs]
16.950: [GC 16.950: [DefNew: 519K->7K(576K), 0.0002007 secs] 4008K->3497K(5744K), 0.0002454 secs]
16.957: [GC 16.957: [DefNew: 519K->8K(576K), 0.0001628 secs] 4009K->3497K(5744K), 0.0002024 secs]
16.964: [GC 16.964: [DefNew: 520K->8K(576K), 0.0001936 secs] 4009K->3498K(5744K), 0.0002378 secs]
16.971: [GC 16.971: [DefNew: 520K->7K(576K), 0.0001752 secs] 4010K->3498K(5744K), 0.0002164 secs]
16.978: [GC 16.978: [DefNew: 519K->7K(576K), 0.0001763 secs] 4010K->3499K(5744K), 0.0002178 secs]
16.985: [GC 16.985: [DefNew: 519K->8K(576K), 0.0002088 secs] 4011K->3499K(5744K), 0.0002547 secs]
16.991: [GC 16.991: [DefNew: 520K->7K(576K), 0.0001846 secs] 4011K->3500K(5744K), 0.0002262 secs]
16.999: [GC 16.999: [DefNew: 519K->7K(576K), 0.0002107 secs] 4012K->3500K(5744K), 0.0002568 secs]
17.005: [GC 17.005: [DefNew: 519K->7K(576K), 0.0001703 secs] 4012K->3501K(5744K), 0.0002105 secs]
17.012: [GC 17.012: [DefNew: 519K->8K(576K), 0.0002076 secs] 4013K->3502K(5744K), 0.0002538 secs]
17.019: [GC 17.019: [DefNew: 520K->7K(576K), 0.0001877 secs] 4014K->3502K(5744K), 0.0002303 secs]
17.026: [GC 17.026: [DefNew: 519K->7K(576K), 0.0001919 secs] 4014K->3502K(5744K), 0.0002362 secs]
17.033: [GC 17.033: [DefNew: 519K->8K(576K), 0.0001822 secs] 4014K->3503K(5744K), 0.0002237 secs]
17.040: [GC 17.040: [DefNew: 520K->7K(576K), 0.0002008 secs] 4015K->3504K(5744K), 0.0002491 secs]
17.047: [GC 17.047: [DefNew: 519K->7K(576K), 0.0001676 secs] 4016K->3504K(5744K), 0.0002072 secs]
17.054: [GC 17.054: [DefNew: 519K->7K(576K), 0.0001973 secs] 4016K->3504K(5744K), 0.0002465 secs]
17.062: [GC 17.062: [DefNew: 519K->8K(576K), 0.0002091 secs] 4016K->3505K(5744K), 0.0002559 secs]
17.068: [GC 17.068: [DefNew: 520K->7K(576K), 0.0001758 secs] 4017K->3506K(5744K), 0.0002231 secs]
17.075: [GC 17.075: [DefNew: 519K->7K(576K), 0.0001941 secs] 4018K->3506K(5744K), 0.0002380 secs]
17.082: [GC 17.082: [DefNew: 519K->8K(576K), 0.0001795 secs] 4018K->3507K(5744K), 0.0002203 secs]
17.089: [GC 17.089: [DefNew: 520K->7K(576K), 0.0001986 secs] 4019K->3507K(5744K), 0.0002414 secs]
17.096: [GC 17.096: [DefNew: 519K->7K(576K), 0.0001920 secs] 4019K->3508K(5744K), 0.0002332 secs]
17.102: [GC 17.102: [DefNew: 519K->7K(576K), 0.0001713 secs] 4020K->3508K(5744K), 0.0002113 secs]
17.109: [GC 17.109: [DefNew: 519K->8K(576K), 0.0002264 secs] 4020K->3509K(5744K), 0.0002961 secs]
17.117: [GC 17.117: [DefNew: 520K->7K(576K), 0.0002353 secs] 4021K->3509K(5744K), 0.0002916 secs]
17.124: [GC 17.124: [DefNew: 519K->7K(576K), 0.0002114 secs] 4021K->3510K(5744K), 0.0002583 secs]
17.131: [GC 17.131: [DefNew: 519K->7K(576K), 0.0002184 secs] 4022K->3510K(5744K), 0.0002609 secs]
17.138: [GC 17.138: [DefNew: 519K->7K(576K), 0.0002046 secs] 4022K->3511K(5744K), 0.0002507 secs]
17.145: [GC 17.145: [DefNew: 519K->7K(576K), 0.0001665 secs] 4023K->3511K(5744K), 0.0002064 secs]
17.152: [GC 17.152: [DefNew: 519K->7K(576K), 0.0002064 secs] 4023K->3512K(5744K), 0.0002524 secs]
17.159: [GC 17.159: [DefNew: 519K->8K(576K), 0.0001782 secs] 4024K->3512K(5744K), 0.0002294 secs]
17.166: [GC 17.166: [DefNew: 520K->7K(576K), 0.0001762 secs] 4024K->3513K(5744K), 0.0002178 secs]
17.173: [GC 17.173: [DefNew: 519K->7K(576K), 0.0002087 secs] 4025K->3513K(5744K), 0.0002530 secs]
17.179: [GC 17.179: [DefNew: 519K->7K(576K), 0.0001915 secs] 4025K->3513K(5744K), 0.0002331 secs]
17.186: [GC 17.186: [DefNew: 519K->7K(576K), 0.0001931 secs] 4025K->3514K(5744K), 0.0002371 secs]
17.193: [GC 17.193: [DefNew: 519K->7K(576K), 0.0001766 secs] 4026K->3515K(5744K), 0.0002173 secs]
17.200: [GC 17.200: [DefNew: 519K->7K(576K), 0.0001817 secs] 4027K->3515K(5744K), 0.0002249 secs]
17.207: [GC 17.207: [DefNew: 519K->8K(576K), 0.0001788 secs] 4027K->3516K(5744K), 0.0002203 secs]
17.214: [GC 17.214: [DefNew: 520K->7K(576K), 0.0002090 secs] 4028K->3516K(5744K), 0.0002546 secs]
17.221: [GC 17.221: [DefNew: 519K->7K(576K), 0.0002210 secs] 4028K->3517K(5744K), 0.0002676 secs]
17.228: [GC 17.228: [DefNew: 519K->7K(576K), 0.0001837 secs] 4029K->3517K(5744K), 0.0002265 secs]
17.235: [GC 17.235: [DefNew: 519K->8K(576K), 0.0002007 secs] 4029K->3518K(5744K), 0.0002460 secs]
17.242: [GC 17.242: [DefNew: 520K->7K(576K), 0.0001767 secs] 4030K->3518K(5744K), 0.0002190 secs]
17.249: [GC 17.249: [DefNew: 519K->7K(576K), 0.0001995 secs] 4030K->3519K(5744K), 0.0002440 secs]
17.256: [GC 17.256: [DefNew: 519K->7K(576K), 0.0001657 secs] 4031K->3519K(5744K), 0.0002057 secs]
17.262: [GC 17.262: [DefNew: 519K->7K(576K), 0.0002007 secs] 4031K->3520K(5744K), 0.0002450 secs]
17.269: [GC 17.269: [DefNew: 519K->7K(576K), 0.0001696 secs] 4032K->3520K(5744K), 0.0002098 secs]
17.276: [GC 17.276: [DefNew: 519K->7K(576K), 0.0002008 secs] 4032K->3521K(5744K), 0.0002529 secs]
17.283: [GC 17.283: [DefNew: 519K->8K(576K), 0.0002162 secs] 4033K->3521K(5744K), 0.0002578 secs]
17.290: [GC 17.290: [DefNew: 520K->7K(576K), 0.0002320 secs] 4033K->3522K(5744K), 0.0002795 secs]
17.297: [GC 17.297: [DefNew: 519K->7K(576K), 0.0001730 secs] 4034K->3522K(5744K), 0.0002130 secs]
17.304: [GC 17.304: [DefNew: 519K->7K(576K), 0.0001716 secs] 4034K->3523K(5744K), 0.0002120 secs]
17.311: [GC 17.311: [DefNew: 519K->7K(576K), 0.0002195 secs] 4035K->3523K(5744K), 0.0002681 secs]
17.318: [GC 17.318: [DefNew: 519K->7K(576K), 0.0001853 secs] 4035K->3524K(5744K), 0.0002278 secs]
17.324: [GC 17.324: [DefNew: 519K->7K(576K), 0.0001899 secs] 4036K->3524K(5744K), 0.0002336 secs]
17.332: [GC 17.332: [DefNew: 519K->7K(576K), 0.0002238 secs] 4036K->3525K(5744K), 0.0002730 secs]
17.340: [GC 17.340: [DefNew: 519K->7K(576K), 0.0002269 secs] 4037K->3526K(5744K), 0.0002772 secs]
17.347: [GC 17.347: [DefNew: 519K->7K(576K), 0.0001703 secs] 4038K->3526K(5744K), 0.0002099 secs]
17.353: [GC 17.354: [DefNew: 519K->7K(576K), 0.0001811 secs] 4038K->3526K(5744K), 0.0002235 secs]
17.360: [GC 17.360: [DefNew: 519K->8K(576K), 0.0002029 secs] 4038K->3527K(5744K), 0.0002491 secs]
17.367: [GC 17.367: [DefNew: 520K->7K(576K), 0.0001886 secs] 4039K->3527K(5744K), 0.0002305 secs]
17.374: [GC 17.374: [DefNew: 519K->7K(576K), 0.0002012 secs] 4039K->3528K(5744K), 0.0002458 secs]
17.381: [GC 17.381: [DefNew: 519K->7K(576K), 0.0001719 secs] 4040K->3528K(5744K), 0.0002126 secs]
17.388: [GC 17.388: [DefNew: 519K->7K(576K), 0.0001999 secs] 4040K->3529K(5744K), 0.0002454 secs]
17.395: [GC 17.395: [DefNew: 519K->7K(576K), 0.0001827 secs] 4041K->3529K(5744K), 0.0002229 secs]
17.402: [GC 17.403: [DefNew: 519K->7K(576K), 0.0002079 secs] 4041K->3530K(5744K), 0.0002545 secs]
17.409: [GC 17.409: [DefNew: 519K->7K(576K), 0.0001729 secs] 4042K->3530K(5744K), 0.0002136 secs]
17.416: [GC 17.416: [DefNew: 519K->7K(576K), 0.0002098 secs] 4042K->3531K(5744K), 0.0002556 secs]
17.424: [GC 17.424: [DefNew: 519K->7K(576K), 0.0002133 secs] 4043K->3531K(5744K), 0.0002584 secs]
17.430: [GC 17.431: [DefNew: 519K->7K(576K), 0.0003013 secs] 4043K->3532K(5744K), 0.0003450 secs]
17.437: [GC 17.438: [DefNew: 519K->7K(576K), 0.0001943 secs] 4044K->3532K(5744K), 0.0002379 secs]
17.444: [GC 17.444: [DefNew: 519K->7K(576K), 0.0001885 secs] 4044K->3533K(5744K), 0.0002318 secs]
17.451: [GC 17.451: [DefNew: 519K->7K(576K), 0.0002169 secs] 4045K->3533K(5744K), 0.0002616 secs]
17.458: [GC 17.458: [DefNew: 519K->7K(576K), 0.0001666 secs] 4045K->3534K(5744K), 0.0002066 secs]
17.465: [GC 17.465: [DefNew: 519K->7K(576K), 0.0001982 secs] 4046K->3534K(5744K), 0.0002423 secs]
17.472: [GC 17.472: [DefNew: 519K->7K(576K), 0.0001687 secs] 4046K->3535K(5744K), 0.0002090 secs]
17.479: [GC 17.479: [DefNew: 519K->7K(576K), 0.0001819 secs] 4047K->3535K(5744K), 0.0002227 secs]
17.485: [GC 17.485: [DefNew: 519K->7K(576K), 0.0001690 secs] 4047K->3536K(5744K), 0.0002086 secs]
17.492: [GC 17.493: [DefNew: 519K->7K(576K), 0.0002238 secs] 4048K->3536K(5744K), 0.0002726 secs]
17.500: [GC 17.500: [DefNew: 519K->7K(576K), 0.0002145 secs] 4048K->3537K(5744K), 0.0002612 secs]
17.507: [GC 17.507: [DefNew: 519K->7K(576K), 0.0001623 secs] 4049K->3537K(5744K), 0.0002022 secs]
17.514: [GC 17.514: [DefNew: 519K->8K(576K), 0.0002010 secs] 4049K->3538K(5744K), 0.0002475 secs]
17.521: [GC 17.521: [DefNew: 520K->7K(576K), 0.0001814 secs] 4050K->3538K(5744K), 0.0002225 secs]
17.529: [GC 17.529: [DefNew: 519K->7K(576K), 0.0002200 secs] 4050K->3539K(5744K), 0.0002697 secs]
17.537: [GC 17.537: [DefNew: 519K->7K(576K), 0.0002165 secs] 4051K->3539K(5744K), 0.0002647 secs]
17.544: [GC 17.544: [DefNew: 519K->7K(576K), 0.0002230 secs] 4051K->3540K(5744K), 0.0002699 secs]
17.551: [GC 17.551: [DefNew: 519K->7K(576K), 0.0002266 secs] 4052K->3540K(5744K), 0.0002778 secs]
17.560: [GC 17.560: [DefNew: 519K->7K(576K), 0.0002178 secs] 4052K->3541K(5744K), 0.0002648 secs]
17.566: [GC 17.566: [DefNew: 519K->7K(576K), 0.0001728 secs] 4053K->3541K(5744K), 0.0002133 secs]
17.573: [GC 17.573: [DefNew: 519K->7K(576K), 0.0001927 secs] 4053K->3542K(5744K), 0.0002361 secs]
17.580: [GC 17.580: [DefNew: 519K->7K(576K), 0.0001821 secs] 4054K->3542K(5744K), 0.0002234 secs]
17.587: [GC 17.587: [DefNew: 519K->7K(576K), 0.0001685 secs] 4054K->3543K(5744K), 0.0002090 secs]
17.593: [GC 17.594: [DefNew: 519K->7K(576K), 0.0001833 secs] 4055K->3543K(5744K), 0.0002261 secs]
17.600: [GC 17.600: [DefNew: 519K->7K(576K), 0.0001820 secs] 4055K->3544K(5744K), 0.0002231 secs]
17.608: [GC 17.608: [DefNew: 519K->7K(576K), 0.0002142 secs] 4056K->3544K(5744K), 0.0002631 secs]
17.615: [GC 17.615: [DefNew: 519K->7K(576K), 0.0002646 secs] 4056K->3545K(5744K), 0.0003118 secs]
17.623: [GC 17.623: [DefNew: 519K->7K(576K), 0.0002077 secs] 4057K->3545K(5744K), 0.0002551 secs]
17.630: [GC 17.630: [DefNew: 519K->7K(576K), 0.0001885 secs] 4057K->3546K(5744K), 0.0002308 secs]
17.637: [GC 17.637: [DefNew: 519K->7K(576K), 0.0001927 secs] 4058K->3546K(5744K), 0.0002365 secs]
17.643: [GC 17.643: [DefNew: 519K->7K(576K), 0.0001667 secs] 4058K->3547K(5744K), 0.0002074 secs]
17.651: [GC 17.651: [DefNew: 519K->7K(576K), 0.0002114 secs] 4059K->3547K(5744K), 0.0002571 secs]
17.657: [GC 17.657: [DefNew: 519K->7K(576K), 0.0001676 secs] 4059K->3548K(5744K), 0.0002073 secs]
17.665: [GC 17.665: [DefNew: 519K->7K(576K), 0.0002278 secs] 4060K->3548K(5744K), 0.0002774 secs]
17.672: [GC 17.672: [DefNew: 519K->7K(576K), 0.0001964 secs] 4060K->3548K(5744K), 0.0002409 secs]
17.679: [GC 17.679: [DefNew: 519K->7K(576K), 0.0001778 secs] 4060K->3549K(5744K), 0.0002189 secs]
17.686: [GC 17.686: [DefNew: 519K->7K(576K), 0.0001975 secs] 4061K->3550K(5744K), 0.0002426 secs]
17.693: [GC 17.693: [DefNew: 519K->7K(576K), 0.0001698 secs] 4062K->3550K(5744K), 0.0002105 secs]
17.699: [GC 17.699: [DefNew: 519K->7K(576K), 0.0002025 secs] 4062K->3550K(5744K), 0.0002451 secs]
17.706: [GC 17.706: [DefNew: 519K->7K(576K), 0.0001782 secs] 4062K->3551K(5744K), 0.0002262 secs]
17.713: [GC 17.713: [DefNew: 519K->7K(576K), 0.0001939 secs] 4063K->3552K(5744K), 0.0002366 secs]
17.720: [GC 17.720: [DefNew: 519K->7K(576K), 0.0002126 secs] 4064K->3552K(5744K), 0.0002592 secs]
17.728: [GC 17.728: [DefNew: 519K->7K(576K), 0.0002109 secs] 4064K->3552K(5744K), 0.0002576 secs]
17.735: [GC 17.735: [DefNew: 519K->7K(576K), 0.0001777 secs] 4064K->3553K(5744K), 0.0002189 secs]
17.741: [GC 17.741: [DefNew: 519K->7K(576K), 0.0001705 secs] 4065K->3553K(5744K), 0.0002111 secs]
17.748: [GC 17.748: [DefNew: 519K->7K(576K), 0.0001925 secs] 4065K->3554K(5744K), 0.0002449 secs]
17.755: [GC 17.755: [DefNew: 519K->7K(576K), 0.0002124 secs] 4066K->3555K(5744K), 0.0002531 secs]
17.762: [GC 17.762: [DefNew: 519K->7K(576K), 0.0001998 secs] 4067K->3555K(5744K), 0.0002434 secs]
17.769: [GC 17.769: [DefNew: 519K->7K(576K), 0.0001948 secs] 4067K->3555K(5744K), 0.0002408 secs]
17.776: [GC 17.776: [DefNew: 519K->7K(576K), 0.0002062 secs] 4067K->3556K(5744K), 0.0002520 secs]
17.783: [GC 17.783: [DefNew: 519K->7K(576K), 0.0001731 secs] 4068K->3557K(5744K), 0.0002138 secs]
17.790: [GC 17.791: [DefNew: 519K->7K(576K), 0.0002345 secs] 4069K->3557K(5744K), 0.0003099 secs]
17.798: [GC 17.798: [DefNew: 519K->7K(576K), 0.0002135 secs] 4069K->3557K(5744K), 0.0002599 secs]
17.804: [GC 17.804: [DefNew: 519K->7K(576K), 0.0001659 secs] 4069K->3558K(5744K), 0.0002061 secs]
17.812: [GC 17.812: [DefNew: 519K->7K(576K), 0.0002036 secs] 4070K->3558K(5744K), 0.0002514 secs]
17.818: [GC 17.818: [DefNew: 519K->7K(576K), 0.0001953 secs] 4070K->3559K(5744K), 0.0002389 secs]
17.826: [GC 17.826: [DefNew: 519K->7K(576K), 0.0002169 secs] 4071K->3559K(5744K), 0.0002633 secs]
17.832: [GC 17.833: [DefNew: 519K->7K(576K), 0.0001790 secs] 4071K->3560K(5744K), 0.0002209 secs]
17.839: [GC 17.840: [DefNew: 519K->7K(576K), 0.0002045 secs] 4072K->3560K(5744K), 0.0002507 secs]
17.846: [GC 17.846: [DefNew: 519K->7K(576K), 0.0001663 secs] 4072K->3561K(5744K), 0.0002068 secs]
17.853: [GC 17.853: [DefNew: 519K->7K(576K), 0.0001723 secs] 4073K->3561K(5744K), 0.0002136 secs]
17.860: [GC 17.860: [DefNew: 519K->7K(576K), 0.0001980 secs] 4073K->3562K(5744K), 0.0002435 secs]
17.866: [GC 17.867: [DefNew: 519K->7K(576K), 0.0001688 secs] 4074K->3562K(5744K), 0.0002091 secs]
17.873: [GC 17.873: [DefNew: 519K->7K(576K), 0.0001900 secs] 4074K->3563K(5744K), 0.0002338 secs]
17.880: [GC 17.880: [DefNew: 519K->7K(576K), 0.0001739 secs] 4075K->3563K(5744K), 0.0002140 secs]
17.887: [GC 17.887: [DefNew: 519K->7K(576K), 0.0001749 secs] 4075K->3564K(5744K), 0.0002159 secs]
17.894: [GC 17.894: [DefNew: 519K->7K(576K), 0.0001915 secs] 4076K->3564K(5744K), 0.0002372 secs]
17.901: [GC 17.901: [DefNew: 519K->7K(576K), 0.0002113 secs] 4076K->3565K(5744K), 0.0002582 secs]
17.908: [GC 17.908: [DefNew: 519K->7K(576K), 0.0001773 secs] 4077K->3565K(5744K), 0.0002174 secs]
17.916: [GC 17.916: [DefNew: 519K->7K(576K), 0.0002184 secs] 4077K->3566K(5744K), 0.0002653 secs]
17.923: [GC 17.923: [DefNew: 519K->7K(576K), 0.0001834 secs] 4078K->3566K(5744K), 0.0002267 secs]
17.929: [GC 17.929: [DefNew: 519K->7K(576K), 0.0001685 secs] 4078K->3567K(5744K), 0.0002085 secs]
17.937: [GC 17.937: [DefNew: 519K->7K(576K), 0.0002081 secs] 4079K->3567K(5744K), 0.0002533 secs]
17.944: [GC 17.944: [DefNew: 519K->7K(576K), 0.0001843 secs] 4079K->3568K(5744K), 0.0002259 secs]
17.950: [GC 17.951: [DefNew: 519K->7K(576K), 0.0001875 secs] 4080K->3568K(5744K), 0.0002322 secs]
17.957: [GC 17.957: [DefNew: 519K->7K(576K), 0.0001662 secs] 4080K->3568K(5744K), 0.0002068 secs]
17.964: [GC 17.964: [DefNew: 519K->7K(576K), 0.0001912 secs] 4080K->3569K(5744K), 0.0002365 secs]
17.971: [GC 17.971: [DefNew: 519K->7K(576K), 0.0001744 secs] 4081K->3570K(5744K), 0.0002152 secs]
17.978: [GC 17.978: [DefNew: 519K->7K(576K), 0.0002063 secs] 4082K->3570K(5744K), 0.0002522 secs]
17.984: [GC 17.984: [DefNew: 519K->7K(576K), 0.0001669 secs] 4082K->3570K(5744K), 0.0002082 secs]
17.991: [GC 17.991: [DefNew: 519K->7K(576K), 0.0002159 secs] 4082K->3571K(5744K), 0.0002578 secs]
17.998: [GC 17.998: [DefNew: 519K->7K(576K), 0.0002079 secs] 4083K->3571K(5744K), 0.0002537 secs]
18.005: [GC 18.005: [DefNew: 519K->7K(576K), 0.0001654 secs] 4083K->3572K(5744K), 0.0002051 secs]
18.012: [GC 18.012: [DefNew: 519K->7K(576K), 0.0001941 secs] 4084K->3572K(5744K), 0.0002388 secs]
18.019: [GC 18.019: [DefNew: 519K->7K(576K), 0.0001979 secs] 4084K->3573K(5744K), 0.0002427 secs]
18.026: [GC 18.026: [DefNew: 519K->7K(576K), 0.0001747 secs] 4085K->3573K(5744K), 0.0002162 secs]
18.032: [GC 18.032: [DefNew: 519K->7K(576K), 0.0002056 secs] 4085K->3574K(5744K), 0.0002507 secs]
18.040: [GC 18.040: [DefNew: 519K->7K(576K), 0.0002160 secs] 4086K->3574K(5744K), 0.0002645 secs]
18.047: [GC 18.047: [DefNew: 519K->7K(576K), 0.0001917 secs] 4086K->3575K(5744K), 0.0002353 secs]
18.053: [GC 18.053: [DefNew: 519K->7K(576K), 0.0001788 secs] 4087K->3575K(5744K), 0.0002188 secs]
18.060: [GC 18.060: [DefNew: 519K->7K(576K), 0.0001955 secs] 4087K->3576K(5744K), 0.0002407 secs]
18.067: [GC 18.067: [DefNew: 519K->7K(576K), 0.0001639 secs] 4088K->3576K(5744K), 0.0002036 secs]
18.074: [GC 18.074: [DefNew: 519K->7K(576K), 0.0001938 secs] 4088K->3577K(5744K), 0.0002391 secs]
18.081: [GC 18.081: [DefNew: 519K->7K(576K), 0.0001738 secs] 4089K->3577K(5744K), 0.0002154 secs]
18.087: [GC 18.087: [DefNew: 519K->7K(576K), 0.0001720 secs] 4089K->3578K(5744K), 0.0002126 secs]
18.094: [GC 18.094: [DefNew: 519K->7K(576K), 0.0001842 secs] 4090K->3578K(5744K), 0.0002268 secs]
18.101: [GC 18.101: [DefNew: 519K->7K(576K), 0.0001767 secs] 4090K->3579K(5744K), 0.0002184 secs]
18.108: [GC 18.108: [DefNew: 519K->7K(576K), 0.0001806 secs] 4091K->3579K(5744K), 0.0002219 secs]
18.115: [GC 18.115: [DefNew: 519K->7K(576K), 0.0001989 secs] 4091K->3580K(5744K), 0.0002433 secs]
18.122: [GC 18.122: [DefNew: 519K->7K(576K), 0.0002145 secs] 4092K->3580K(5744K), 0.0002613 secs]
18.129: [GC 18.129: [DefNew: 519K->7K(576K), 0.0001908 secs] 4092K->3581K(5744K), 0.0002338 secs]
18.136: [GC 18.136: [DefNew: 519K->7K(576K), 0.0001724 secs] 4093K->3581K(5744K), 0.0002192 secs]
18.142: [GC 18.142: [DefNew: 519K->7K(576K), 0.0002034 secs] 4093K->3581K(5744K), 0.0002487 secs]
18.149: [GC 18.149: [DefNew: 519K->7K(576K), 0.0002055 secs] 4093K->3582K(5744K), 0.0002494 secs]
18.156: [GC 18.157: [DefNew: 519K->7K(576K), 0.0002026 secs] 4094K->3583K(5744K), 0.0002486 secs]
18.163: [GC 18.163: [DefNew: 519K->7K(576K), 0.0001779 secs] 4095K->3583K(5744K), 0.0002343 secs]
18.170: [GC 18.170: [DefNew: 519K->7K(576K), 0.0001742 secs] 4095K->3583K(5744K), 0.0002161 secs]
18.177: [GC 18.177: [DefNew: 519K->7K(576K), 0.0002019 secs] 4095K->3584K(5744K), 0.0002469 secs]
18.184: [GC 18.184: [DefNew: 519K->7K(576K), 0.0001956 secs] 4096K->3584K(5744K), 0.0002409 secs]
18.191: [GC 18.191: [DefNew: 519K->7K(576K), 0.0001664 secs] 4096K->3585K(5744K), 0.0002062 secs]
18.197: [GC 18.197: [DefNew: 519K->7K(576K), 0.0001736 secs] 4097K->3585K(5744K), 0.0002152 secs]
18.204: [GC 18.204: [DefNew: 519K->7K(576K), 0.0001801 secs] 4097K->3586K(5744K), 0.0002226 secs]
18.211: [GC 18.211: [DefNew: 519K->7K(576K), 0.0001821 secs] 4098K->3586K(5744K), 0.0002230 secs]
18.218: [GC 18.218: [DefNew: 519K->7K(576K), 0.0002143 secs] 4098K->3587K(5744K), 0.0002611 secs]
18.225: [GC 18.225: [DefNew: 519K->7K(576K), 0.0001803 secs] 4099K->3587K(5744K), 0.0002221 secs]
18.231: [GC 18.231: [DefNew: 519K->7K(576K), 0.0002040 secs] 4099K->3588K(5744K), 0.0002480 secs]
18.239: [GC 18.239: [DefNew: 519K->7K(576K), 0.0002148 secs] 4100K->3588K(5744K), 0.0002615 secs]
18.246: [GC 18.246: [DefNew: 519K->7K(576K), 0.0002063 secs] 4100K->3589K(5744K), 0.0002522 secs]
18.253: [GC 18.253: [DefNew: 519K->7K(576K), 0.0001719 secs] 4101K->3589K(5744K), 0.0002120 secs]
18.260: [GC 18.260: [DefNew: 519K->7K(576K), 0.0001956 secs] 4101K->3590K(5744K), 0.0002403 secs]
18.267: [GC 18.267: [DefNew: 519K->7K(576K), 0.0001720 secs] 4102K->3590K(5744K), 0.0002199 secs]
18.273: [GC 18.273: [DefNew: 519K->7K(576K), 0.0001764 secs] 4102K->3591K(5744K), 0.0002169 secs]
18.280: [GC 18.280: [DefNew: 519K->7K(576K), 0.0001922 secs] 4103K->3591K(5744K), 0.0002358 secs]
18.287: [GC 18.287: [DefNew: 519K->7K(576K), 0.0001770 secs] 4103K->3592K(5744K), 0.0002178 secs]
18.294: [GC 18.294: [DefNew: 519K->7K(576K), 0.0001737 secs] 4104K->3592K(5744K), 0.0002149 secs]
18.300: [GC 18.301: [DefNew: 519K->7K(576K), 0.0002001 secs] 4104K->3592K(5744K), 0.0002448 secs]
18.307: [GC 18.307: [DefNew: 519K->7K(576K), 0.0001923 secs] 4104K->3593K(5744K), 0.0002360 secs]
18.314: [GC 18.314: [DefNew: 519K->7K(576K), 0.0001916 secs] 4105K->3594K(5744K), 0.0002442 secs]
18.321: [GC 18.321: [DefNew: 519K->7K(576K), 0.0002067 secs] 4106K->3594K(5744K), 0.0002624 secs]
18.328: [GC 18.328: [DefNew: 519K->7K(576K), 0.0001921 secs] 4106K->3594K(5744K), 0.0002343 secs]
18.335: [GC 18.335: [DefNew: 519K->6K(576K), 0.0001773 secs] 4106K->3595K(5744K), 0.0002172 secs]
18.342: [GC 18.342: [DefNew: 518K->7K(576K), 0.0002130 secs] 4107K->3595K(5744K), 0.0002599 secs]
18.349: [GC 18.349: [DefNew: 519K->7K(576K), 0.0001698 secs] 4107K->3596K(5744K), 0.0002095 secs]
18.356: [GC 18.356: [DefNew: 519K->7K(576K), 0.0002023 secs] 4108K->3596K(5744K), 0.0002472 secs]
18.362: [GC 18.362: [DefNew: 519K->7K(576K), 0.0001706 secs] 4108K->3597K(5744K), 0.0002110 secs]
18.370: [GC 18.370: [DefNew: 519K->7K(576K), 0.0002038 secs] 4109K->3597K(5744K), 0.0002501 secs]
18.376: [GC 18.376: [DefNew: 519K->7K(576K), 0.0001653 secs] 4109K->3598K(5744K), 0.0002049 secs]
18.383: [GC 18.383: [DefNew: 519K->7K(576K), 0.0001934 secs] 4110K->3598K(5744K), 0.0002386 secs]
18.390: [GC 18.390: [DefNew: 519K->7K(576K), 0.0001840 secs] 4110K->3599K(5744K), 0.0002265 secs]
18.397: [GC 18.397: [DefNew: 519K->7K(576K), 0.0001757 secs] 4111K->3599K(5744K), 0.0002153 secs]
18.405: [GC 18.405: [DefNew: 519K->7K(576K), 0.0002087 secs] 4111K->3600K(5744K), 0.0002547 secs]
18.411: [GC 18.411: [DefNew: 519K->7K(576K), 0.0001698 secs] 4112K->3600K(5744K), 0.0002102 secs]
18.418: [GC 18.418: [DefNew: 519K->7K(576K), 0.0002143 secs] 4112K->3601K(5744K), 0.0002611 secs]
18.425: [GC 18.425: [DefNew: 519K->7K(576K), 0.0001696 secs] 4113K->3601K(5744K), 0.0002094 secs]
18.432: [GC 18.432: [DefNew: 519K->7K(576K), 0.0001968 secs] 4113K->3602K(5744K), 0.0002415 secs]
18.439: [GC 18.439: [DefNew: 519K->7K(576K), 0.0001654 secs] 4114K->3602K(5744K), 0.0002056 secs]
18.446: [GC 18.446: [DefNew: 519K->7K(576K), 0.0001761 secs] 4114K->3603K(5744K), 0.0002173 secs]
18.452: [GC 18.452: [DefNew: 519K->7K(576K), 0.0001774 secs] 4115K->3603K(5744K), 0.0002180 secs]
18.459: [GC 18.459: [DefNew: 519K->7K(576K), 0.0002013 secs] 4115K->3603K(5744K), 0.0002462 secs]
18.466: [GC 18.466: [DefNew: 519K->7K(576K), 0.0001922 secs] 4115K->3604K(5744K), 0.0002364 secs]
18.473: [GC 18.473: [DefNew: 519K->7K(576K), 0.0001782 secs] 4116K->3605K(5744K), 0.0002204 secs]
18.480: [GC 18.480: [DefNew: 519K->7K(576K), 0.0001770 secs] 4117K->3605K(5744K), 0.0002172 secs]
18.489: [GC 18.489: [DefNew: 519K->7K(576K), 0.0002218 secs] 4117K->3605K(5744K), 0.0002704 secs]
18.496: [GC 18.497: [DefNew: 519K->6K(576K), 0.0002179 secs] 4117K->3606K(5744K), 0.0002660 secs]
18.504: [GC 18.504: [DefNew: 518K->7K(576K), 0.0002077 secs] 4118K->3607K(5744K), 0.0002553 secs]
18.511: [GC 18.511: [DefNew: 519K->7K(576K), 0.0002059 secs] 4119K->3607K(5744K), 0.0002514 secs]
18.519: [GC 18.519: [DefNew: 519K->7K(576K), 0.0002247 secs] 4119K->3607K(5744K), 0.0002739 secs]
18.527: [GC 18.527: [DefNew: 519K->7K(576K), 0.0002095 secs] 4119K->3608K(5744K), 0.0002558 secs]
18.534: [GC 18.534: [DefNew: 519K->7K(576K), 0.0002170 secs] 4120K->3608K(5744K), 0.0002646 secs]
18.542: [GC 18.542: [DefNew: 519K->7K(576K), 0.0002587 secs] 4120K->3609K(5744K), 0.0003135 secs]
18.549: [GC 18.549: [DefNew: 519K->7K(576K), 0.0002417 secs] 4121K->3609K(5744K), 0.0002912 secs]
18.557: [GC 18.557: [DefNew: 519K->7K(576K), 0.0002193 secs] 4121K->3610K(5744K), 0.0002678 secs]
18.564: [GC 18.564: [DefNew: 519K->7K(576K), 0.0002315 secs] 4122K->3610K(5744K), 0.0002827 secs]
18.571: [GC 18.571: [DefNew: 519K->7K(576K), 0.0002192 secs] 4122K->3611K(5744K), 0.0002665 secs]
18.578: [GC 18.578: [DefNew: 519K->7K(576K), 0.0001724 secs] 4123K->3611K(5744K), 0.0002133 secs]
18.585: [GC 18.585: [DefNew: 519K->7K(576K), 0.0001816 secs] 4123K->3612K(5744K), 0.0002242 secs]
18.592: [GC 18.592: [DefNew: 519K->7K(576K), 0.0001938 secs] 4124K->3612K(5744K), 0.0002381 secs]
18.599: [GC 18.599: [DefNew: 519K->7K(576K), 0.0001656 secs] 4124K->3613K(5744K), 0.0002049 secs]
18.606: [GC 18.606: [DefNew: 519K->7K(576K), 0.0002011 secs] 4125K->3613K(5744K), 0.0002465 secs]
18.613: [GC 18.613: [DefNew: 519K->7K(576K), 0.0001731 secs] 4125K->3614K(5744K), 0.0002140 secs]
18.620: [GC 18.620: [DefNew: 519K->7K(576K), 0.0002250 secs] 4126K->3614K(5744K), 0.0002820 secs]
18.627: [GC 18.627: [DefNew: 519K->7K(576K), 0.0001733 secs] 4126K->3615K(5744K), 0.0002131 secs]
18.633: [GC 18.633: [DefNew: 519K->7K(576K), 0.0001859 secs] 4127K->3615K(5744K), 0.0002273 secs]
18.640: [GC 18.640: [DefNew: 519K->7K(576K), 0.0001881 secs] 4127K->3616K(5744K), 0.0002309 secs]
18.647: [GC 18.647: [DefNew: 519K->7K(576K), 0.0001693 secs] 4128K->3616K(5744K), 0.0002454 secs]
18.654: [GC 18.654: [DefNew: 519K->7K(576K), 0.0002044 secs] 4128K->3616K(5744K), 0.0002500 secs]
18.661: [GC 18.661: [DefNew: 519K->7K(576K), 0.0001751 secs] 4128K->3617K(5744K), 0.0002153 secs]
18.668: [GC 18.668: [DefNew: 519K->7K(576K), 0.0001898 secs] 4129K->3618K(5744K), 0.0002328 secs]
18.675: [GC 18.675: [DefNew: 519K->7K(576K), 0.0002121 secs] 4130K->3618K(5744K), 0.0002586 secs]
18.682: [GC 18.682: [DefNew: 519K->7K(576K), 0.0001908 secs] 4130K->3618K(5744K), 0.0002361 secs]
18.689: [GC 18.689: [DefNew: 519K->6K(576K), 0.0001783 secs] 4130K->3619K(5744K), 0.0002190 secs]
18.696: [GC 18.696: [DefNew: 518K->7K(576K), 0.0001778 secs] 4131K->3619K(5744K), 0.0002206 secs]
18.703: [GC 18.703: [DefNew: 519K->7K(576K), 0.0002279 secs] 4131K->3620K(5744K), 0.0002741 secs]
18.710: [GC 18.710: [DefNew: 519K->7K(576K), 0.0001747 secs] 4132K->3620K(5744K), 0.0002144 secs]
18.717: [GC 18.717: [DefNew: 519K->7K(576K), 0.0001847 secs] 4132K->3621K(5744K), 0.0002286 secs]
18.724: [GC 18.724: [DefNew: 519K->7K(576K), 0.0001970 secs] 4133K->3621K(5744K), 0.0002423 secs]
18.730: [GC 18.730: [DefNew: 519K->7K(576K), 0.0001863 secs] 4133K->3622K(5744K), 0.0002269 secs]
18.737: [GC 18.738: [DefNew: 519K->7K(576K), 0.0002066 secs] 4134K->3622K(5744K), 0.0002528 secs]
18.744: [GC 18.745: [DefNew: 519K->7K(576K), 0.0001960 secs] 4134K->3623K(5744K), 0.0002408 secs]
18.751: [GC 18.751: [DefNew: 519K->7K(576K), 0.0001771 secs] 4135K->3623K(5744K), 0.0002172 secs]
18.758: [GC 18.758: [DefNew: 519K->7K(576K), 0.0001639 secs] 4135K->3624K(5744K), 0.0002030 secs]
18.765: [GC 18.765: [DefNew: 519K->7K(576K), 0.0001821 secs] 4136K->3624K(5744K), 0.0002251 secs]
18.772: [GC 18.772: [DefNew: 519K->7K(576K), 0.0002163 secs] 4136K->3625K(5744K), 0.0002633 secs]
18.779: [GC 18.779: [DefNew: 519K->7K(576K), 0.0002161 secs] 4137K->3625K(5744K), 0.0002626 secs]
18.786: [GC 18.786: [DefNew: 519K->7K(576K), 0.0001641 secs] 4137K->3626K(5744K), 0.0002032 secs]
18.794: [GC 18.794: [DefNew: 519K->7K(576K), 0.0002192 secs] 4138K->3626K(5744K), 0.0002668 secs]
18.801: [GC 18.801: [DefNew: 519K->7K(576K), 0.0001823 secs] 4138K->3627K(5744K), 0.0002240 secs]
18.809: [GC 18.809: [DefNew: 519K->7K(576K), 0.0002188 secs] 4139K->3627K(5744K), 0.0002649 secs]
18.815: [GC 18.815: [DefNew: 519K->7K(576K), 0.0001729 secs] 4139K->3627K(5744K), 0.0002284 secs]
18.822: [GC 18.822: [DefNew: 519K->7K(576K), 0.0002042 secs] 4139K->3628K(5744K), 0.0002487 secs]
18.829: [GC 18.829: [DefNew: 519K->7K(576K), 0.0001966 secs] 4140K->3629K(5744K), 0.0002418 secs]
18.836: [GC 18.836: [DefNew: 519K->7K(576K), 0.0001756 secs] 4141K->3629K(5744K), 0.0002234 secs]
18.843: [GC 18.843: [DefNew: 519K->7K(576K), 0.0001861 secs] 4141K->3629K(5744K), 0.0002287 secs]
18.850: [GC 18.850: [DefNew: 519K->7K(576K), 0.0001787 secs] 4141K->3630K(5744K), 0.0002198 secs]
18.856: [GC 18.856: [DefNew: 519K->7K(576K), 0.0002138 secs] 4142K->3630K(5744K), 0.0002606 secs]
18.863: [GC 18.863: [DefNew: 519K->7K(576K), 0.0002247 secs] 4142K->3631K(5744K), 0.0002658 secs]
18.870: [GC 18.870: [DefNew: 519K->7K(576K), 0.0002142 secs] 4143K->3631K(5744K), 0.0002607 secs]
18.877: [GC 18.877: [DefNew: 519K->6K(576K), 0.0001649 secs] 4143K->3632K(5744K), 0.0002043 secs]
18.884: [GC 18.884: [DefNew: 518K->7K(576K), 0.0001790 secs] 4144K->3632K(5744K), 0.0002201 secs]
18.891: [GC 18.891: [DefNew: 519K->7K(576K), 0.0001825 secs] 4144K->3633K(5744K), 0.0002253 secs]
18.898: [GC 18.898: [DefNew: 519K->7K(576K), 0.0001699 secs] 4145K->3633K(5744K), 0.0002110 secs]
18.905: [GC 18.905: [DefNew: 519K->6K(576K), 0.0002113 secs] 4145K->3633K(5744K), 0.0002575 secs]
18.912: [GC 18.912: [DefNew: 518K->7K(576K), 0.0001893 secs] 4145K->3634K(5744K), 0.0002308 secs]
18.919: [GC 18.919: [DefNew: 519K->7K(576K), 0.0002262 secs] 4146K->3635K(5744K), 0.0002708 secs]
18.926: [GC 18.926: [DefNew: 519K->7K(576K), 0.0001867 secs] 4147K->3635K(5744K), 0.0002299 secs]
18.933: [GC 18.933: [DefNew: 519K->7K(576K), 0.0002064 secs] 4147K->3635K(5744K), 0.0002523 secs]
18.940: [GC 18.940: [DefNew: 519K->7K(576K), 0.0001734 secs] 4147K->3636K(5744K), 0.0002148 secs]
18.947: [GC 18.947: [DefNew: 519K->7K(576K), 0.0001704 secs] 4148K->3636K(5744K), 0.0002116 secs]
18.953: [GC 18.953: [DefNew: 519K->7K(576K), 0.0001805 secs] 4148K->3637K(5744K), 0.0002237 secs]
18.960: [GC 18.960: [DefNew: 519K->7K(576K), 0.0001760 secs] 4149K->3637K(5744K), 0.0002179 secs]
18.968: [GC 18.968: [DefNew: 519K->7K(576K), 0.0002119 secs] 4149K->3638K(5744K), 0.0002579 secs]
18.974: [GC 18.975: [DefNew: 519K->7K(576K), 0.0001750 secs] 4150K->3638K(5744K), 0.0002162 secs]
18.981: [GC 18.981: [DefNew: 519K->7K(576K), 0.0001777 secs] 4150K->3639K(5744K), 0.0002200 secs]
18.988: [GC 18.988: [DefNew: 519K->7K(576K), 0.0002137 secs] 4151K->3639K(5744K), 0.0002594 secs]
18.995: [GC 18.995: [DefNew: 519K->7K(576K), 0.0001924 secs] 4151K->3640K(5744K), 0.0002774 secs]
19.002: [GC 19.002: [DefNew: 519K->7K(576K), 0.0001670 secs] 4152K->3640K(5744K), 0.0002069 secs]
19.009: [GC 19.009: [DefNew: 519K->7K(576K), 0.0001768 secs] 4152K->3641K(5744K), 0.0002172 secs]
19.015: [GC 19.015: [DefNew: 519K->7K(576K), 0.0001968 secs] 4153K->3641K(5744K), 0.0002407 secs]
19.022: [GC 19.022: [DefNew: 519K->7K(576K), 0.0002064 secs] 4153K->3642K(5744K), 0.0002529 secs]
19.030: [GC 19.030: [DefNew: 519K->7K(576K), 0.0002015 secs] 4154K->3642K(5744K), 0.0002469 secs]
19.036: [GC 19.036: [DefNew: 519K->7K(576K), 0.0001656 secs] 4154K->3642K(5744K), 0.0002052 secs]
19.043: [GC 19.043: [DefNew: 519K->7K(576K), 0.0002140 secs] 4154K->3643K(5744K), 0.0002603 secs]
19.050: [GC 19.050: [DefNew: 519K->7K(576K), 0.0001699 secs] 4155K->3644K(5744K), 0.0002100 secs]
19.057: [GC 19.057: [DefNew: 519K->7K(576K), 0.0001731 secs] 4156K->3644K(5744K), 0.0002143 secs]
19.064: [GC 19.064: [DefNew: 519K->7K(576K), 0.0001954 secs] 4156K->3644K(5744K), 0.0002396 secs]
19.071: [GC 19.071: [DefNew: 519K->7K(576K), 0.0002059 secs] 4156K->3645K(5744K), 0.0002529 secs]
19.078: [GC 19.078: [DefNew: 519K->7K(576K), 0.0001772 secs] 4157K->3645K(5744K), 0.0002188 secs]
19.084: [GC 19.085: [DefNew: 519K->7K(576K), 0.0001714 secs] 4157K->3646K(5744K), 0.0002118 secs]
19.091: [GC 19.092: [DefNew: 519K->6K(576K), 0.0001988 secs] 4158K->3646K(5744K), 0.0002435 secs]
19.098: [GC 19.098: [DefNew: 518K->7K(576K), 0.0001741 secs] 4158K->3647K(5744K), 0.0002143 secs]
19.105: [GC 19.105: [DefNew: 519K->7K(576K), 0.0001749 secs] 4159K->3647K(5744K), 0.0002158 secs]
19.112: [GC 19.112: [DefNew: 519K->7K(576K), 0.0002027 secs] 4159K->3648K(5744K), 0.0002474 secs]
19.119: [GC 19.119: [DefNew: 519K->6K(576K), 0.0001911 secs] 4160K->3648K(5744K), 0.0002416 secs]
19.126: [GC 19.126: [DefNew: 518K->7K(576K), 0.0001922 secs] 4160K->3649K(5744K), 0.0002518 secs]
19.133: [GC 19.133: [DefNew: 519K->7K(576K), 0.0001853 secs] 4161K->3649K(5744K), 0.0002265 secs]
19.140: [GC 19.140: [DefNew: 519K->7K(576K), 0.0001905 secs] 4161K->3650K(5744K), 0.0002340 secs]
19.146: [GC 19.146: [DefNew: 519K->6K(576K), 0.0001716 secs] 4162K->3650K(5744K), 0.0002113 secs]
19.153: [GC 19.154: [DefNew: 518K->7K(576K), 0.0001988 secs] 4162K->3651K(5744K), 0.0002433 secs]
19.160: [GC 19.160: [DefNew: 519K->7K(576K), 0.0001802 secs] 4163K->3651K(5744K), 0.0002223 secs]
19.167: [GC 19.167: [DefNew: 519K->7K(576K), 0.0001746 secs] 4163K->3651K(5744K), 0.0002154 secs]
19.175: [GC 19.175: [DefNew: 519K->6K(576K), 0.0002150 secs] 4163K->3652K(5744K), 0.0002607 secs]
19.182: [GC 19.182: [DefNew: 518K->7K(576K), 0.0002290 secs] 4164K->3653K(5744K), 0.0002738 secs]
19.189: [GC 19.189: [DefNew: 519K->7K(576K), 0.0001818 secs] 4165K->3653K(5744K), 0.0002226 secs]
19.195: [GC 19.195: [DefNew: 519K->7K(576K), 0.0001677 secs] 4165K->3653K(5744K), 0.0002081 secs]
19.202: [GC 19.202: [DefNew: 519K->6K(576K), 0.0001973 secs] 4165K->3654K(5744K), 0.0002471 secs]
19.209: [GC 19.209: [DefNew: 518K->7K(576K), 0.0001754 secs] 4166K->3654K(5744K), 0.0002166 secs]
19.216: [GC 19.216: [DefNew: 519K->7K(576K), 0.0001934 secs] 4166K->3655K(5744K), 0.0002374 secs]
19.223: [GC 19.223: [DefNew: 519K->7K(576K), 0.0001917 secs] 4167K->3655K(5744K), 0.0002358 secs]
19.230: [GC 19.230: [DefNew: 519K->6K(576K), 0.0002097 secs] 4167K->3656K(5744K), 0.0002556 secs]
19.237: [GC 19.237: [DefNew: 518K->7K(576K), 0.0001711 secs] 4168K->3656K(5744K), 0.0002117 secs]
19.244: [GC 19.244: [DefNew: 519K->7K(576K), 0.0002062 secs] 4168K->3657K(5744K), 0.0002528 secs]
19.250: [GC 19.250: [DefNew: 519K->7K(576K), 0.0001738 secs] 4169K->3657K(5744K), 0.0002148 secs]
19.257: [GC 19.257: [DefNew: 519K->7K(576K), 0.0001743 secs] 4169K->3658K(5744K), 0.0002147 secs]
19.264: [GC 19.264: [DefNew: 519K->7K(576K), 0.0001804 secs] 4170K->3658K(5744K), 0.0002232 secs]
19.271: [GC 19.271: [DefNew: 519K->7K(576K), 0.0001721 secs] 4170K->3659K(5744K), 0.0002127 secs]
19.278: [GC 19.278: [DefNew: 519K->7K(576K), 0.0002204 secs] 4171K->3659K(5744K), 0.0002669 secs]
19.285: [GC 19.285: [DefNew: 519K->7K(576K), 0.0001809 secs] 4171K->3660K(5744K), 0.0002217 secs]
19.292: [GC 19.292: [DefNew: 519K->7K(576K), 0.0001962 secs] 4172K->3660K(5744K), 0.0002404 secs]
19.299: [GC 19.299: [DefNew: 519K->7K(576K), 0.0001719 secs] 4172K->3660K(5744K), 0.0002118 secs]
19.306: [GC 19.306: [DefNew: 519K->7K(576K), 0.0002113 secs] 4172K->3661K(5744K), 0.0002576 secs]
19.313: [GC 19.313: [DefNew: 519K->7K(576K), 0.0001835 secs] 4173K->3662K(5744K), 0.0002265 secs]
19.319: [GC 19.319: [DefNew: 519K->7K(576K), 0.0001670 secs] 4174K->3662K(5744K), 0.0002068 secs]
19.326: [GC 19.326: [DefNew: 519K->7K(576K), 0.0002091 secs] 4174K->3662K(5744K), 0.0002556 secs]
19.333: [GC 19.333: [DefNew: 519K->7K(576K), 0.0001737 secs] 4174K->3663K(5744K), 0.0002136 secs]
19.340: [GC 19.340: [DefNew: 519K->7K(576K), 0.0002043 secs] 4175K->3663K(5744K), 0.0002493 secs]
19.347: [GC 19.347: [DefNew: 519K->7K(576K), 0.0001657 secs] 4175K->3664K(5744K), 0.0002054 secs]
19.354: [GC 19.354: [DefNew: 519K->7K(576K), 0.0001768 secs] 4176K->3664K(5744K), 0.0002187 secs]
19.361: [GC 19.361: [DefNew: 519K->7K(576K), 0.0002027 secs] 4176K->3665K(5744K), 0.0002478 secs]
19.367: [GC 19.367: [DefNew: 519K->7K(576K), 0.0001834 secs] 4177K->3665K(5744K), 0.0002267 secs]
19.374: [GC 19.374: [DefNew: 519K->7K(576K), 0.0001889 secs] 4177K->3666K(5744K), 0.0002328 secs]
19.381: [GC 19.381: [DefNew: 519K->7K(576K), 0.0001717 secs] 4178K->3666K(5744K), 0.0002123 secs]
19.389: [GC 19.389: [DefNew: 519K->7K(576K), 0.0002195 secs] 4178K->3666K(5744K), 0.0002658 secs]
19.396: [GC 19.396: [DefNew: 519K->7K(576K), 0.0001824 secs] 4178K->3667K(5744K), 0.0002243 secs]
19.403: [GC 19.403: [DefNew: 519K->7K(576K), 0.0002064 secs] 4179K->3668K(5744K), 0.0002530 secs]
19.410: [GC 19.410: [DefNew: 519K->7K(576K), 0.0001727 secs] 4180K->3668K(5744K), 0.0002142 secs]
19.416: [GC 19.417: [DefNew: 519K->6K(576K), 0.0002062 secs] 4180K->3668K(5744K), 0.0002525 secs]
19.423: [GC 19.423: [DefNew: 518K->7K(576K), 0.0001929 secs] 4180K->3669K(5744K), 0.0002375 secs]
19.430: [GC 19.431: [DefNew: 519K->7K(576K), 0.0002040 secs] 4181K->3670K(5744K), 0.0002495 secs]
19.437: [GC 19.437: [DefNew: 519K->7K(576K), 0.0001690 secs] 4182K->3670K(5744K), 0.0002093 secs]
19.444: [GC 19.444: [DefNew: 519K->6K(576K), 0.0001751 secs] 4182K->3670K(5744K), 0.0002152 secs]
19.451: [GC 19.451: [DefNew: 518K->7K(576K), 0.0001850 secs] 4182K->3671K(5744K), 0.0002275 secs]
19.458: [GC 19.458: [DefNew: 519K->7K(576K), 0.0001772 secs] 4183K->3671K(5744K), 0.0002187 secs]
19.465: [GC 19.465: [DefNew: 519K->7K(576K), 0.0001932 secs] 4183K->3672K(5744K), 0.0002373 secs]
19.471: [GC 19.471: [DefNew: 519K->6K(576K), 0.0001715 secs] 4184K->3672K(5744K), 0.0002118 secs]
19.478: [GC 19.478: [DefNew: 518K->7K(576K), 0.0001793 secs] 4184K->3673K(5744K), 0.0002217 secs]
19.486: [GC 19.486: [DefNew: 519K->7K(576K), 0.0002109 secs] 4185K->3673K(5744K), 0.0002575 secs]
19.493: [GC 19.493: [DefNew: 519K->7K(576K), 0.0001855 secs] 4185K->3674K(5744K), 0.0002294 secs]
19.500: [GC 19.500: [DefNew: 519K->7K(576K), 0.0001756 secs] 4186K->3674K(5744K), 0.0002161 secs]
19.506: [GC 19.506: [DefNew: 519K->7K(576K), 0.0001695 secs] 4186K->3675K(5744K), 0.0002101 secs]
19.513: [GC 19.513: [DefNew: 519K->7K(576K), 0.0001849 secs] 4187K->3675K(5744K), 0.0002264 secs]
19.520: [GC 19.520: [DefNew: 519K->7K(576K), 0.0001679 secs] 4187K->3676K(5744K), 0.0002075 secs]
19.527: [GC 19.527: [DefNew: 519K->7K(576K), 0.0002050 secs] 4188K->3676K(5744K), 0.0002515 secs]
19.534: [GC 19.534: [DefNew: 519K->7K(576K), 0.0001753 secs] 4188K->3677K(5744K), 0.0002158 secs]
19.541: [GC 19.541: [DefNew: 519K->7K(576K), 0.0002208 secs] 4189K->3677K(5744K), 0.0002676 secs]
19.548: [GC 19.548: [DefNew: 519K->7K(576K), 0.0001768 secs] 4189K->3677K(5744K), 0.0002188 secs]
19.554: [GC 19.554: [DefNew: 519K->7K(576K), 0.0001722 secs] 4189K->3678K(5744K), 0.0002130 secs]
19.561: [GC 19.561: [DefNew: 519K->7K(576K), 0.0002004 secs] 4190K->3679K(5744K), 0.0002447 secs]
19.568: [GC 19.568: [DefNew: 519K->7K(576K), 0.0001766 secs] 4191K->3679K(5744K), 0.0002181 secs]
19.575: [GC 19.575: [DefNew: 519K->7K(576K), 0.0001862 secs] 4191K->3679K(5744K), 0.0002299 secs]
19.582: [GC 19.582: [DefNew: 519K->7K(576K), 0.0002017 secs] 4191K->3680K(5744K), 0.0002463 secs]
19.589: [GC 19.589: [DefNew: 519K->7K(576K), 0.0001789 secs] 4192K->3680K(5744K), 0.0002210 secs]
19.596: [GC 19.596: [DefNew: 519K->7K(576K), 0.0002056 secs] 4192K->3681K(5744K), 0.0002512 secs]
19.603: [GC 19.603: [DefNew: 519K->7K(576K), 0.0001782 secs] 4193K->3681K(5744K), 0.0002201 secs]
19.609: [GC 19.609: [DefNew: 519K->7K(576K), 0.0001761 secs] 4193K->3682K(5744K), 0.0002170 secs]
19.616: [GC 19.616: [DefNew: 519K->7K(576K), 0.0001941 secs] 4194K->3682K(5744K), 0.0002439 secs]
19.623: [GC 19.623: [DefNew: 519K->7K(576K), 0.0002114 secs] 4194K->3683K(5744K), 0.0002562 secs]
19.630: [GC 19.630: [DefNew: 519K->7K(576K), 0.0001932 secs] 4195K->3683K(5744K), 0.0002424 secs]
19.637: [GC 19.637: [DefNew: 519K->7K(576K), 0.0002025 secs] 4195K->3684K(5744K), 0.0002490 secs]
19.644: [GC 19.644: [DefNew: 519K->7K(576K), 0.0001655 secs] 4196K->3684K(5744K), 0.0002050 secs]
19.651: [GC 19.651: [DefNew: 519K->7K(576K), 0.0002351 secs] 4196K->3685K(5744K), 0.0002805 secs]
19.658: [GC 19.658: [DefNew: 519K->6K(576K), 0.0001719 secs] 4197K->3685K(5744K), 0.0002137 secs]
19.665: [GC 19.665: [DefNew: 518K->7K(576K), 0.0001767 secs] 4197K->3686K(5744K), 0.0002187 secs]
19.671: [GC 19.671: [DefNew: 519K->7K(576K), 0.0001955 secs] 4198K->3686K(5744K), 0.0002412 secs]
19.678: [GC 19.678: [DefNew: 519K->7K(576K), 0.0001674 secs] 4198K->3686K(5744K), 0.0002072 secs]
19.685: [GC 19.685: [DefNew: 519K->6K(576K), 0.0001964 secs] 4198K->3687K(5744K), 0.0002409 secs]
19.692: [GC 19.692: [DefNew: 518K->7K(576K), 0.0001820 secs] 4199K->3688K(5744K), 0.0002248 secs]
19.699: [GC 19.699: [DefNew: 519K->7K(576K), 0.0001739 secs] 4200K->3688K(5744K), 0.0002149 secs]
19.706: [GC 19.706: [DefNew: 519K->7K(576K), 0.0002038 secs] 4200K->3688K(5744K), 0.0002491 secs]
19.713: [GC 19.713: [DefNew: 519K->6K(576K), 0.0002107 secs] 4200K->3689K(5744K), 0.0002568 secs]
19.720: [GC 19.720: [DefNew: 518K->7K(576K), 0.0001937 secs] 4201K->3689K(5744K), 0.0002385 secs]
19.727: [GC 19.727: [DefNew: 519K->7K(576K), 0.0001959 secs] 4201K->3690K(5744K), 0.0002406 secs]
19.734: [GC 19.734: [DefNew: 519K->7K(576K), 0.0002040 secs] 4202K->3690K(5744K), 0.0002494 secs]
19.740: [GC 19.740: [DefNew: 519K->6K(576K), 0.0001835 secs] 4202K->3691K(5744K), 0.0002321 secs]
19.747: [GC 19.747: [DefNew: 518K->7K(576K), 0.0002435 secs] 4203K->3691K(5744K), 0.0002881 secs]
19.754: [GC 19.754: [DefNew: 519K->7K(576K), 0.0001690 secs] 4203K->3692K(5744K), 0.0002095 secs]
19.761: [GC 19.761: [DefNew: 519K->7K(576K), 0.0001837 secs] 4204K->3692K(5744K), 0.0002265 secs]
19.768: [GC 19.768: [DefNew: 519K->6K(576K), 0.0001751 secs] 4204K->3692K(5744K), 0.0002164 secs]
19.774: [GC 19.774: [DefNew: 518K->7K(576K), 0.0001868 secs] 4204K->3693K(5744K), 0.0002403 secs]
19.781: [GC 19.781: [DefNew: 519K->7K(576K), 0.0001881 secs] 4205K->3694K(5744K), 0.0002476 secs]
19.788: [GC 19.788: [DefNew: 519K->7K(576K), 0.0001695 secs] 4206K->3694K(5744K), 0.0002102 secs]
19.795: [GC 19.795: [DefNew: 519K->7K(576K), 0.0002092 secs] 4206K->3694K(5744K), 0.0002541 secs]
19.803: [GC 19.803: [DefNew: 519K->7K(576K), 0.0002279 secs] 4206K->3695K(5744K), 0.0002752 secs]
19.810: [GC 19.811: [DefNew: 519K->7K(576K), 0.0002193 secs] 4207K->3695K(5744K), 0.0002663 secs]
19.817: [GC 19.817: [DefNew: 519K->7K(576K), 0.0001711 secs] 4207K->3696K(5744K), 0.0002119 secs]
19.824: [GC 19.824: [DefNew: 519K->7K(576K), 0.0001925 secs] 4208K->3696K(5744K), 0.0002356 secs]
19.831: [GC 19.831: [DefNew: 519K->7K(576K), 0.0002366 secs] 4208K->3697K(5744K), 0.0002814 secs]
19.838: [GC 19.838: [DefNew: 519K->7K(576K), 0.0001878 secs] 4209K->3697K(5744K), 0.0002299 secs]
19.845: [GC 19.845: [DefNew: 519K->7K(576K), 0.0001874 secs] 4209K->3698K(5744K), 0.0002299 secs]
19.852: [GC 19.852: [DefNew: 519K->7K(576K), 0.0001836 secs] 4210K->3698K(5744K), 0.0002266 secs]
19.858: [GC 19.858: [DefNew: 519K->7K(576K), 0.0001942 secs] 4210K->3699K(5744K), 0.0002357 secs]
19.865: [GC 19.865: [DefNew: 519K->7K(576K), 0.0001977 secs] 4211K->3699K(5744K), 0.0002419 secs]
19.872: [GC 19.872: [DefNew: 519K->7K(576K), 0.0001984 secs] 4211K->3700K(5744K), 0.0002444 secs]
19.879: [GC 19.879: [DefNew: 519K->7K(576K), 0.0001738 secs] 4212K->3700K(5744K), 0.0002145 secs]
19.886: [GC 19.886: [DefNew: 519K->7K(576K), 0.0001814 secs] 4212K->3701K(5744K), 0.0002228 secs]
19.893: [GC 19.893: [DefNew: 519K->7K(576K), 0.0001741 secs] 4213K->3701K(5744K), 0.0002149 secs]
19.899: [GC 19.899: [DefNew: 519K->7K(576K), 0.0001789 secs] 4213K->3701K(5744K), 0.0002198 secs]
19.907: [GC 19.907: [DefNew: 519K->7K(576K), 0.0002547 secs] 4213K->3702K(5744K), 0.0003011 secs]
19.914: [GC 19.914: [DefNew: 519K->7K(576K), 0.0001737 secs] 4214K->3703K(5744K), 0.0002243 secs]
19.921: [GC 19.921: [DefNew: 519K->7K(576K), 0.0001767 secs] 4215K->3703K(5744K), 0.0002188 secs]
19.928: [GC 19.928: [DefNew: 519K->7K(576K), 0.0002257 secs] 4215K->3703K(5744K), 0.0002731 secs]
19.935: [GC 19.935: [DefNew: 519K->7K(576K), 0.0002097 secs] 4215K->3704K(5744K), 0.0002546 secs]
19.942: [GC 19.942: [DefNew: 519K->7K(576K), 0.0001695 secs] 4216K->3704K(5744K), 0.0002096 secs]
19.949: [GC 19.949: [DefNew: 519K->7K(576K), 0.0001939 secs] 4216K->3705K(5744K), 0.0002385 secs]
19.955: [GC 19.955: [DefNew: 519K->6K(576K), 0.0001686 secs] 4217K->3705K(5744K), 0.0002086 secs]
19.962: [GC 19.962: [DefNew: 518K->7K(576K), 0.0001776 secs] 4217K->3706K(5744K), 0.0002194 secs]
19.969: [GC 19.969: [DefNew: 519K->7K(576K), 0.0001854 secs] 4218K->3706K(5744K), 0.0002291 secs]
19.976: [GC 19.976: [DefNew: 519K->7K(576K), 0.0001653 secs] 4218K->3707K(5744K), 0.0002044 secs]
19.983: [GC 19.983: [DefNew: 519K->6K(576K), 0.0002097 secs] 4219K->3707K(5744K), 0.0002549 secs]
19.989: [GC 19.989: [DefNew: 518K->7K(576K), 0.0001786 secs] 4219K->3708K(5744K), 0.0002209 secs]
19.996: [GC 19.996: [DefNew: 519K->7K(576K), 0.0001925 secs] 4220K->3708K(5744K), 0.0002370 secs]
20.003: [GC 20.003: [DefNew: 519K->7K(576K), 0.0001622 secs] 4220K->3708K(5744K), 0.0002014 secs]
20.010: [GC 20.010: [DefNew: 519K->6K(576K), 0.0001916 secs] 4220K->3709K(5744K), 0.0002354 secs]
20.017: [GC 20.017: [DefNew: 518K->7K(576K), 0.0001756 secs] 4221K->3710K(5744K), 0.0002176 secs]
20.024: [GC 20.024: [DefNew: 519K->7K(576K), 0.0002389 secs] 4222K->3710K(5744K), 0.0002941 secs]
20.031: [GC 20.031: [DefNew: 519K->7K(576K), 0.0002057 secs] 4222K->3710K(5744K), 0.0003028 secs]
20.038: [GC 20.038: [DefNew: 519K->6K(576K), 0.0001793 secs] 4222K->3711K(5744K), 0.0002198 secs]
20.045: [GC 20.045: [DefNew: 518K->7K(576K), 0.0002071 secs] 4223K->3711K(5744K), 0.0002538 secs]
20.052: [GC 20.052: [DefNew: 519K->7K(576K), 0.0001683 secs] 4223K->3712K(5744K), 0.0002087 secs]
20.059: [GC 20.059: [DefNew: 519K->7K(576K), 0.0001873 secs] 4224K->3712K(5744K), 0.0002317 secs]
20.065: [GC 20.065: [DefNew: 519K->6K(576K), 0.0001735 secs] 4224K->3713K(5744K), 0.0002231 secs]
20.072: [GC 20.072: [DefNew: 518K->7K(576K), 0.0001882 secs] 4225K->3713K(5744K), 0.0002309 secs]
20.079: [GC 20.079: [DefNew: 519K->7K(576K), 0.0002040 secs] 4225K->3714K(5744K), 0.0002485 secs]
20.086: [GC 20.086: [DefNew: 519K->7K(576K), 0.0001709 secs] 4226K->3714K(5744K), 0.0002105 secs]
20.093: [GC 20.093: [DefNew: 519K->6K(576K), 0.0002009 secs] 4226K->3714K(5744K), 0.0002454 secs]
20.100: [GC 20.100: [DefNew: 518K->7K(576K), 0.0001761 secs] 4226K->3715K(5744K), 0.0002179 secs]
20.106: [GC 20.106: [DefNew: 519K->7K(576K), 0.0002069 secs] 4227K->3716K(5744K), 0.0002522 secs]
20.113: [GC 20.113: [DefNew: 519K->7K(576K), 0.0001691 secs] 4228K->3716K(5744K), 0.0002082 secs]
20.120: [GC 20.120: [DefNew: 519K->6K(576K), 0.0002013 secs] 4228K->3716K(5744K), 0.0002471 secs]
20.127: [GC 20.127: [DefNew: 518K->7K(576K), 0.0001939 secs] 4228K->3717K(5744K), 0.0002388 secs]
20.134: [GC 20.134: [DefNew: 519K->7K(576K), 0.0001936 secs] 4229K->3717K(5744K), 0.0002378 secs]
20.142: [GC 20.142: [DefNew: 519K->7K(576K), 0.0002054 secs] 4229K->3718K(5744K), 0.0002506 secs]
20.149: [GC 20.149: [DefNew: 519K->6K(576K), 0.0001764 secs] 4230K->3718K(5744K), 0.0002184 secs]
20.156: [GC 20.156: [DefNew: 518K->7K(576K), 0.0001972 secs] 4230K->3719K(5744K), 0.0002415 secs]
20.162: [GC 20.162: [DefNew: 519K->7K(576K), 0.0001741 secs] 4231K->3719K(5744K), 0.0002146 secs]
20.169: [GC 20.169: [DefNew: 519K->7K(576K), 0.0002011 secs] 4231K->3720K(5744K), 0.0002468 secs]
20.176: [GC 20.176: [DefNew: 519K->6K(576K), 0.0001666 secs] 4232K->3720K(5744K), 0.0002062 secs]
20.183: [GC 20.183: [DefNew: 518K->7K(576K), 0.0002041 secs] 4232K->3721K(5744K), 0.0002501 secs]
20.190: [GC 20.190: [DefNew: 519K->7K(576K), 0.0001721 secs] 4233K->3721K(5744K), 0.0002121 secs]
20.196: [GC 20.196: [DefNew: 519K->7K(576K), 0.0002013 secs] 4233K->3721K(5744K), 0.0002414 secs]
20.203: [GC 20.203: [DefNew: 519K->6K(576K), 0.0002154 secs] 4233K->3722K(5744K), 0.0002581 secs]
20.210: [GC 20.210: [DefNew: 518K->7K(576K), 0.0001782 secs] 4234K->3723K(5744K), 0.0002194 secs]
20.217: [GC 20.217: [DefNew: 519K->7K(576K), 0.0001949 secs] 4235K->3723K(5744K), 0.0002392 secs]
20.224: [GC 20.224: [DefNew: 519K->7K(576K), 0.0001755 secs] 4235K->3723K(5744K), 0.0002169 secs]
20.231: [GC 20.231: [DefNew: 519K->6K(576K), 0.0002239 secs] 4235K->3724K(5744K), 0.0003001 secs]
20.238: [GC 20.238: [DefNew: 518K->7K(576K), 0.0002004 secs] 4236K->3724K(5744K), 0.0002457 secs]
20.245: [GC 20.245: [DefNew: 519K->7K(576K), 0.0002098 secs] 4236K->3725K(5744K), 0.0002565 secs]
20.252: [GC 20.252: [DefNew: 519K->7K(576K), 0.0001710 secs] 4237K->3725K(5744K), 0.0002108 secs]
20.258: [GC 20.258: [DefNew: 519K->6K(576K), 0.0001760 secs] 4237K->3726K(5744K), 0.0002173 secs]
20.265: [GC 20.265: [DefNew: 518K->7K(576K), 0.0001859 secs] 4238K->3726K(5744K), 0.0002301 secs]
20.272: [GC 20.272: [DefNew: 519K->7K(576K), 0.0001719 secs] 4238K->3727K(5744K), 0.0002126 secs]
20.279: [GC 20.279: [DefNew: 519K->7K(576K), 0.0001997 secs] 4239K->3727K(5744K), 0.0002436 secs]
20.285: [GC 20.286: [DefNew: 519K->6K(576K), 0.0001687 secs] 4239K->3727K(5744K), 0.0002088 secs]
20.292: [GC 20.292: [DefNew: 518K->7K(576K), 0.0001818 secs] 4239K->3728K(5744K), 0.0002248 secs]
20.299: [GC 20.299: [DefNew: 519K->7K(576K), 0.0002034 secs] 4240K->3729K(5744K), 0.0002494 secs]
20.306: [GC 20.306: [DefNew: 519K->7K(576K), 0.0001985 secs] 4241K->3729K(5744K), 0.0002438 secs]
20.313: [GC 20.313: [DefNew: 519K->6K(576K), 0.0001742 secs] 4241K->3729K(5744K), 0.0002152 secs]
20.320: [GC 20.320: [DefNew: 518K->7K(576K), 0.0001774 secs] 4241K->3730K(5744K), 0.0002186 secs]
20.327: [GC 20.327: [DefNew: 519K->7K(576K), 0.0001745 secs] 4242K->3730K(5744K), 0.0002163 secs]
20.333: [GC 20.333: [DefNew: 519K->7K(576K), 0.0001934 secs] 4242K->3731K(5744K), 0.0002382 secs]
20.340: [GC 20.340: [DefNew: 519K->6K(576K), 0.0002486 secs] 4243K->3731K(5744K), 0.0002973 secs]
20.348: [GC 20.348: [DefNew: 518K->7K(576K), 0.0002205 secs] 4243K->3732K(5744K), 0.0002689 secs]
20.355: [GC 20.356: [DefNew: 519K->7K(576K), 0.0002268 secs] 4244K->3732K(5744K), 0.0002804 secs]
20.362: [GC 20.362: [DefNew: 519K->7K(576K), 0.0001746 secs] 4244K->3733K(5744K), 0.0002149 secs]
20.369: [GC 20.369: [DefNew: 519K->6K(576K), 0.0001767 secs] 4245K->3733K(5744K), 0.0002181 secs]
20.376: [GC 20.376: [DefNew: 518K->7K(576K), 0.0001898 secs] 4245K->3734K(5744K), 0.0002327 secs]
20.383: [GC 20.383: [DefNew: 519K->7K(576K), 0.0001678 secs] 4246K->3734K(5744K), 0.0002079 secs]
20.389: [GC 20.389: [DefNew: 519K->7K(576K), 0.0001867 secs] 4246K->3734K(5744K), 0.0002303 secs]
20.396: [GC 20.396: [DefNew: 519K->6K(576K), 0.0001824 secs] 4246K->3735K(5744K), 0.0002236 secs]
20.404: [GC 20.404: [DefNew: 518K->7K(576K), 0.0002191 secs] 4247K->3736K(5744K), 0.0002664 secs]
20.410: [GC 20.410: [DefNew: 519K->7K(576K), 0.0001703 secs] 4248K->3736K(5744K), 0.0002102 secs]
20.417: [GC 20.417: [DefNew: 519K->7K(576K), 0.0001809 secs] 4248K->3736K(5744K), 0.0002231 secs]
20.424: [GC 20.424: [DefNew: 519K->6K(576K), 0.0002107 secs] 4248K->3737K(5744K), 0.0002561 secs]
20.431: [GC 20.431: [DefNew: 518K->7K(576K), 0.0002105 secs] 4249K->3737K(5744K), 0.0002573 secs]
20.438: [GC 20.438: [DefNew: 519K->7K(576K), 0.0001748 secs] 4249K->3738K(5744K), 0.0002155 secs]
20.444: [GC 20.444: [DefNew: 519K->7K(576K), 0.0001644 secs] 4250K->3738K(5744K), 0.0002035 secs]
20.452: [GC 20.452: [DefNew: 519K->6K(576K), 0.0002122 secs] 4250K->3738K(5744K), 0.0002581 secs]
20.459: [GC 20.459: [DefNew: 518K->7K(576K), 0.0002144 secs] 4250K->3739K(5744K), 0.0002617 secs]
20.466: [GC 20.466: [DefNew: 519K->7K(576K), 0.0002038 secs] 4251K->3740K(5744K), 0.0002490 secs]
20.472: [GC 20.472: [DefNew: 519K->7K(576K), 0.0001697 secs] 4252K->3740K(5744K), 0.0002101 secs]
20.479: [GC 20.479: [DefNew: 519K->6K(576K), 0.0002311 secs] 4252K->3740K(5744K), 0.0002767 secs]
20.486: [GC 20.486: [DefNew: 518K->7K(576K), 0.0001717 secs] 4252K->3741K(5744K), 0.0002127 secs]
20.493: [GC 20.493: [DefNew: 519K->7K(576K), 0.0001696 secs] 4253K->3741K(5744K), 0.0002093 secs]
20.500: [GC 20.500: [DefNew: 519K->7K(576K), 0.0001982 secs] 4253K->3742K(5744K), 0.0002431 secs]
20.506: [GC 20.506: [DefNew: 519K->6K(576K), 0.0001674 secs] 4254K->3742K(5744K), 0.0002076 secs]
20.513: [GC 20.513: [DefNew: 518K->7K(576K), 0.0002217 secs] 4254K->3743K(5744K), 0.0002699 secs]
20.520: [GC 20.520: [DefNew: 519K->7K(576K), 0.0001973 secs] 4255K->3743K(5744K), 0.0002411 secs]
20.527: [GC 20.527: [DefNew: 519K->7K(576K), 0.0002244 secs] 4255K->3744K(5744K), 0.0002687 secs]
20.534: [GC 20.534: [DefNew: 519K->6K(576K), 0.0001954 secs] 4256K->3744K(5744K), 0.0002400 secs]
20.541: [GC 20.541: [DefNew: 518K->7K(576K), 0.0002073 secs] 4256K->3745K(5744K), 0.0002588 secs]
20.548: [GC 20.548: [DefNew: 519K->7K(576K), 0.0001741 secs] 4257K->3745K(5744K), 0.0002150 secs]
20.554: [GC 20.554: [DefNew: 519K->7K(576K), 0.0001676 secs] 4257K->3745K(5744K), 0.0002084 secs]
20.562: [GC 20.562: [DefNew: 519K->6K(576K), 0.0002362 secs] 4257K->3746K(5744K), 0.0002857 secs]
20.571: [GC 20.571: [DefNew: 518K->7K(576K), 0.0002317 secs] 4258K->3747K(5744K), 0.0002798 secs]
20.578: [GC 20.578: [DefNew: 519K->7K(576K), 0.0002347 secs] 4259K->3747K(5744K), 0.0002838 secs]
20.585: [GC 20.585: [DefNew: 519K->7K(576K), 0.0002167 secs] 4259K->3747K(5744K), 0.0002634 secs]
20.592: [GC 20.592: [DefNew: 519K->6K(576K), 0.0001965 secs] 4259K->3748K(5744K), 0.0002412 secs]
20.599: [GC 20.599: [DefNew: 518K->7K(576K), 0.0001650 secs] 4260K->3748K(5744K), 0.0002046 secs]
20.606: [GC 20.606: [DefNew: 519K->7K(576K), 0.0002032 secs] 4260K->3749K(5744K), 0.0002491 secs]
20.613: [GC 20.613: [DefNew: 519K->7K(576K), 0.0001728 secs] 4261K->3749K(5744K), 0.0002132 secs]
20.619: [GC 20.619: [DefNew: 519K->6K(576K), 0.0001922 secs] 4261K->3749K(5744K), 0.0002364 secs]
20.626: [GC 20.626: [DefNew: 518K->7K(576K), 0.0001674 secs] 4261K->3750K(5744K), 0.0002078 secs]
20.633: [GC 20.633: [DefNew: 519K->7K(576K), 0.0002030 secs] 4262K->3751K(5744K), 0.0002489 secs]
20.640: [GC 20.640: [DefNew: 519K->7K(576K), 0.0002269 secs] 4263K->3751K(5744K), 0.0002759 secs]
20.647: [GC 20.647: [DefNew: 519K->6K(576K), 0.0002058 secs] 4263K->3751K(5744K), 0.0003291 secs]
20.654: [GC 20.654: [DefNew: 518K->7K(576K), 0.0002131 secs] 4263K->3752K(5744K), 0.0002601 secs]
20.661: [GC 20.661: [DefNew: 519K->7K(576K), 0.0001729 secs] 4264K->3752K(5744K), 0.0002134 secs]
20.668: [GC 20.668: [DefNew: 519K->7K(576K), 0.0001759 secs] 4264K->3753K(5744K), 0.0002164 secs]
20.675: [GC 20.675: [DefNew: 519K->6K(576K), 0.0002050 secs] 4265K->3753K(5744K), 0.0002516 secs]
20.682: [GC 20.682: [DefNew: 518K->7K(576K), 0.0002014 secs] 4265K->3754K(5744K), 0.0002471 secs]
20.689: [GC 20.689: [DefNew: 519K->7K(576K), 0.0001750 secs] 4266K->3754K(5744K), 0.0002160 secs]
20.696: [GC 20.696: [DefNew: 519K->7K(576K), 0.0001952 secs] 4266K->3755K(5744K), 0.0002391 secs]
20.703: [GC 20.703: [DefNew: 519K->6K(576K), 0.0001943 secs] 4267K->3755K(5744K), 0.0002382 secs]
20.710: [GC 20.710: [DefNew: 518K->7K(576K), 0.0001925 secs] 4267K->3756K(5744K), 0.0002373 secs]
20.717: [GC 20.717: [DefNew: 519K->7K(576K), 0.0002015 secs] 4268K->3756K(5744K), 0.0002468 secs]
20.724: [GC 20.724: [DefNew: 519K->7K(576K), 0.0001738 secs] 4268K->3757K(5744K), 0.0002152 secs]
20.730: [GC 20.730: [DefNew: 519K->6K(576K), 0.0001980 secs] 4269K->3757K(5744K), 0.0002427 secs]
20.737: [GC 20.737: [DefNew: 518K->7K(576K), 0.0002203 secs] 4269K->3758K(5744K), 0.0002681 secs]
20.745: [GC 20.745: [DefNew: 519K->7K(576K), 0.0002314 secs] 4270K->3758K(5744K), 0.0002820 secs]
20.752: [GC 20.752: [DefNew: 519K->7K(576K), 0.0002023 secs] 4270K->3758K(5744K), 0.0002538 secs]
20.758: [GC 20.758: [DefNew: 519K->6K(576K), 0.0002147 secs] 4270K->3759K(5744K), 0.0002608 secs]
20.765: [GC 20.765: [DefNew: 518K->7K(576K), 0.0002111 secs] 4271K->3759K(5744K), 0.0002578 secs]
20.772: [GC 20.772: [DefNew: 519K->7K(576K), 0.0001847 secs] 4271K->3760K(5744K), 0.0002266 secs]
20.779: [GC 20.779: [DefNew: 519K->7K(576K), 0.0002101 secs] 4272K->3760K(5744K), 0.0002567 secs]
20.786: [GC 20.786: [DefNew: 519K->6K(576K), 0.0001886 secs] 4272K->3761K(5744K), 0.0002329 secs]
20.794: [GC 20.795: [DefNew: 518K->7K(576K), 0.0002217 secs] 4273K->3761K(5744K), 0.0002694 secs]
20.801: [GC 20.801: [DefNew: 519K->7K(576K), 0.0002084 secs] 4273K->3762K(5744K), 0.0002543 secs]
20.809: [GC 20.809: [DefNew: 519K->7K(576K), 0.0002182 secs] 4274K->3762K(5744K), 0.0002649 secs]
20.816: [GC 20.816: [DefNew: 519K->6K(576K), 0.0001673 secs] 4274K->3762K(5744K), 0.0002074 secs]
20.823: [GC 20.823: [DefNew: 518K->7K(576K), 0.0002135 secs] 4274K->3763K(5744K), 0.0002598 secs]
20.830: [GC 20.830: [DefNew: 519K->7K(576K), 0.0002152 secs] 4275K->3763K(5744K), 0.0002618 secs]
20.836: [GC 20.836: [DefNew: 519K->7K(576K), 0.0002008 secs] 4275K->3764K(5744K), 0.0002456 secs]
20.844: [GC 20.844: [DefNew: 519K->6K(576K), 0.0002219 secs] 4276K->3764K(5744K), 0.0002682 secs]
20.850: [GC 20.850: [DefNew: 518K->7K(576K), 0.0002056 secs] 4276K->3765K(5744K), 0.0002531 secs]
20.857: [GC 20.857: [DefNew: 519K->7K(576K), 0.0002263 secs] 4277K->3765K(5744K), 0.0002723 secs]
20.864: [GC 20.864: [DefNew: 519K->7K(576K), 0.0001899 secs] 4277K->3766K(5744K), 0.0002329 secs]
20.871: [GC 20.871: [DefNew: 519K->6K(576K), 0.0002023 secs] 4278K->3766K(5744K), 0.0002477 secs]
20.878: [GC 20.878: [DefNew: 518K->7K(576K), 0.0001791 secs] 4278K->3767K(5744K), 0.0002206 secs]
20.885: [GC 20.885: [DefNew: 519K->7K(576K), 0.0002257 secs] 4279K->3767K(5744K), 0.0002713 secs]
20.892: [GC 20.892: [DefNew: 519K->7K(576K), 0.0002045 secs] 4279K->3767K(5744K), 0.0002496 secs]
20.899: [GC 20.899: [DefNew: 519K->6K(576K), 0.0001821 secs] 4279K->3768K(5744K), 0.0002247 secs]
20.906: [GC 20.906: [DefNew: 518K->7K(576K), 0.0002168 secs] 4280K->3769K(5744K), 0.0002707 secs]
20.913: [GC 20.913: [DefNew: 519K->7K(576K), 0.0001910 secs] 4281K->3769K(5744K), 0.0002354 secs]
20.920: [GC 20.920: [DefNew: 519K->7K(576K), 0.0002046 secs] 4281K->3769K(5744K), 0.0002580 secs]
20.927: [GC 20.927: [DefNew: 519K->6K(576K), 0.0001798 secs] 4281K->3770K(5744K), 0.0002221 secs]
20.934: [GC 20.934: [DefNew: 518K->7K(576K), 0.0002150 secs] 4282K->3770K(5744K), 0.0002617 secs]
20.941: [GC 20.941: [DefNew: 519K->7K(576K), 0.0001816 secs] 4282K->3771K(5744K), 0.0002224 secs]
20.948: [GC 20.948: [DefNew: 519K->7K(576K), 0.0002061 secs] 4283K->3771K(5744K), 0.0002508 secs]
20.955: [GC 20.955: [DefNew: 519K->6K(576K), 0.0001823 secs] 4283K->3771K(5744K), 0.0002244 secs]
20.961: [GC 20.961: [DefNew: 518K->7K(576K), 0.0001829 secs] 4283K->3772K(5744K), 0.0002258 secs]
20.969: [GC 20.969: [DefNew: 519K->7K(576K), 0.0001996 secs] 4284K->3773K(5744K), 0.0002442 secs]
20.975: [GC 20.975: [DefNew: 519K->7K(576K), 0.0001679 secs] 4285K->3773K(5744K), 0.0002078 secs]
20.982: [GC 20.982: [DefNew: 519K->6K(576K), 0.0002086 secs] 4285K->3773K(5744K), 0.0002544 secs]
20.989: [GC 20.989: [DefNew: 518K->7K(576K), 0.0001881 secs] 4285K->3774K(5744K), 0.0002316 secs]
20.996: [GC 20.996: [DefNew: 519K->7K(576K), 0.0002009 secs] 4286K->3774K(5744K), 0.0002462 secs]
21.003: [GC 21.003: [DefNew: 519K->7K(576K), 0.0001738 secs] 4286K->3775K(5744K), 0.0002138 secs]
21.010: [GC 21.010: [DefNew: 519K->6K(576K), 0.0001843 secs] 4287K->3775K(5744K), 0.0002272 secs]
21.017: [GC 21.017: [DefNew: 518K->7K(576K), 0.0001751 secs] 4287K->3776K(5744K), 0.0002171 secs]
21.024: [GC 21.024: [DefNew: 519K->7K(576K), 0.0001927 secs] 4288K->3776K(5744K), 0.0002371 secs]
21.031: [GC 21.031: [DefNew: 519K->7K(576K), 0.0001740 secs] 4288K->3777K(5744K), 0.0002147 secs]
21.038: [GC 21.038: [DefNew: 519K->6K(576K), 0.0002118 secs] 4289K->3777K(5744K), 0.0002613 secs]
21.045: [GC 21.045: [DefNew: 518K->7K(576K), 0.0001855 secs] 4289K->3778K(5744K), 0.0002283 secs]
21.052: [GC 21.052: [DefNew: 519K->7K(576K), 0.0002162 secs] 4290K->3778K(5744K), 0.0002628 secs]
21.060: [GC 21.060: [DefNew: 519K->7K(576K), 0.0002142 secs] 4290K->3778K(5744K), 0.0002609 secs]
21.067: [GC 21.067: [DefNew: 519K->6K(576K), 0.0001730 secs] 4290K->3779K(5744K), 0.0002134 secs]
21.073: [GC 21.073: [DefNew: 518K->7K(576K), 0.0001947 secs] 4291K->3780K(5744K), 0.0002393 secs]
21.080: [GC 21.080: [DefNew: 519K->7K(576K), 0.0001907 secs] 4292K->3780K(5744K), 0.0002350 secs]
21.087: [GC 21.087: [DefNew: 519K->7K(576K), 0.0001759 secs] 4292K->3780K(5744K), 0.0002161 secs]
21.094: [GC 21.094: [DefNew: 519K->6K(576K), 0.0001919 secs] 4292K->3781K(5744K), 0.0002354 secs]
21.101: [GC 21.101: [DefNew: 518K->7K(576K), 0.0001857 secs] 4293K->3781K(5744K), 0.0002293 secs]
21.108: [GC 21.108: [DefNew: 519K->7K(576K), 0.0002142 secs] 4293K->3782K(5744K), 0.0002614 secs]
21.115: [GC 21.115: [DefNew: 519K->7K(576K), 0.0001997 secs] 4294K->3782K(5744K), 0.0002412 secs]
21.122: [GC 21.122: [DefNew: 519K->6K(576K), 0.0002135 secs] 4294K->3782K(5744K), 0.0002602 secs]
21.129: [GC 21.129: [DefNew: 518K->7K(576K), 0.0001976 secs] 4294K->3783K(5744K), 0.0002469 secs]
21.136: [GC 21.136: [DefNew: 519K->7K(576K), 0.0002130 secs] 4295K->3784K(5744K), 0.0002592 secs]
21.143: [GC 21.143: [DefNew: 519K->7K(576K), 0.0001799 secs] 4296K->3784K(5744K), 0.0002201 secs]
21.149: [GC 21.149: [DefNew: 519K->6K(576K), 0.0001897 secs] 4296K->3784K(5744K), 0.0002318 secs]
21.157: [GC 21.157: [DefNew: 518K->7K(576K), 0.0002042 secs] 4296K->3785K(5744K), 0.0002502 secs]
21.163: [GC 21.163: [DefNew: 519K->7K(576K), 0.0001733 secs] 4297K->3785K(5744K), 0.0002141 secs]
21.170: [GC 21.170: [DefNew: 519K->7K(576K), 0.0001720 secs] 4297K->3786K(5744K), 0.0002125 secs]
21.177: [GC 21.177: [DefNew: 519K->6K(576K), 0.0001917 secs] 4298K->3786K(5744K), 0.0002345 secs]
21.184: [GC 21.184: [DefNew: 518K->7K(576K), 0.0002112 secs] 4298K->3787K(5744K), 0.0002575 secs]
21.191: [GC 21.191: [DefNew: 519K->7K(576K), 0.0001731 secs] 4299K->3787K(5744K), 0.0002140 secs]
21.197: [GC 21.197: [DefNew: 519K->7K(576K), 0.0001740 secs] 4299K->3788K(5744K), 0.0002152 secs]
21.204: [GC 21.204: [DefNew: 519K->6K(576K), 0.0001853 secs] 4300K->3788K(5744K), 0.0002331 secs]
21.211: [GC 21.211: [DefNew: 518K->6K(576K), 0.0001808 secs] 4300K->3789K(5744K), 0.0002225 secs]
21.218: [GC 21.218: [DefNew: 518K->7K(576K), 0.0001983 secs] 4301K->3789K(5744K), 0.0002446 secs]
21.225: [GC 21.225: [DefNew: 519K->7K(576K), 0.0001630 secs] 4301K->3789K(5744K), 0.0002109 secs]
21.232: [GC 21.232: [DefNew: 519K->6K(576K), 0.0002119 secs] 4301K->3790K(5744K), 0.0002581 secs]
21.239: [GC 21.239: [DefNew: 518K->6K(576K), 0.0002037 secs] 4302K->3790K(5744K), 0.0002490 secs]
21.246: [GC 21.246: [DefNew: 518K->7K(576K), 0.0002064 secs] 4302K->3791K(5744K), 0.0002536 secs]
21.253: [GC 21.253: [DefNew: 519K->7K(576K), 0.0001772 secs] 4303K->3791K(5744K), 0.0002188 secs]
21.259: [GC 21.259: [DefNew: 519K->6K(576K), 0.0002019 secs] 4303K->3792K(5744K), 0.0002477 secs]
21.266: [GC 21.266: [DefNew: 518K->6K(576K), 0.0001690 secs] 4304K->3792K(5744K), 0.0002100 secs]
21.273: [GC 21.273: [DefNew: 518K->7K(576K), 0.0001727 secs] 4304K->3793K(5744K), 0.0002134 secs]
21.280: [GC 21.280: [DefNew: 519K->7K(576K), 0.0002068 secs] 4305K->3793K(5744K), 0.0002525 secs]
21.287: [GC 21.287: [DefNew: 519K->6K(576K), 0.0001719 secs] 4305K->3793K(5744K), 0.0002136 secs]
21.294: [GC 21.294: [DefNew: 518K->6K(576K), 0.0002070 secs] 4305K->3794K(5744K), 0.0002527 secs]
21.300: [GC 21.301: [DefNew: 518K->7K(576K), 0.0001953 secs] 4306K->3795K(5744K), 0.0002404 secs]
21.307: [GC 21.307: [DefNew: 519K->7K(576K), 0.0002134 secs] 4307K->3795K(5744K), 0.0002591 secs]
21.314: [GC 21.314: [DefNew: 519K->6K(576K), 0.0001798 secs] 4307K->3795K(5744K), 0.0002215 secs]
21.321: [GC 21.321: [DefNew: 518K->6K(576K), 0.0001890 secs] 4307K->3796K(5744K), 0.0002337 secs]
21.328: [GC 21.328: [DefNew: 518K->7K(576K), 0.0001976 secs] 4308K->3796K(5744K), 0.0002428 secs]
21.335: [GC 21.335: [DefNew: 519K->7K(576K), 0.0002043 secs] 4308K->3797K(5744K), 0.0002494 secs]
21.342: [GC 21.342: [DefNew: 519K->7K(576K), 0.0001896 secs] 4309K->3797K(5744K), 0.0002321 secs]
21.349: [GC 21.349: [DefNew: 519K->6K(576K), 0.0001780 secs] 4309K->3797K(5744K), 0.0002257 secs]
21.356: [GC 21.356: [DefNew: 518K->7K(576K), 0.0002179 secs] 4309K->3798K(5744K), 0.0002653 secs]
21.363: [GC 21.363: [DefNew: 519K->7K(576K), 0.0001651 secs] 4310K->3799K(5744K), 0.0002050 secs]
21.370: [GC 21.370: [DefNew: 519K->7K(576K), 0.0002188 secs] 4311K->3799K(5744K), 0.0002665 secs]
21.377: [GC 21.377: [DefNew: 519K->6K(576K), 0.0001767 secs] 4311K->3799K(5744K), 0.0002177 secs]
21.384: [GC 21.384: [DefNew: 518K->7K(576K), 0.0001803 secs] 4311K->3800K(5744K), 0.0002229 secs]
21.390: [GC 21.390: [DefNew: 519K->7K(576K), 0.0001766 secs] 4312K->3800K(5744K), 0.0002178 secs]
21.397: [GC 21.397: [DefNew: 519K->7K(576K), 0.0001878 secs] 4312K->3801K(5744K), 0.0002304 secs]
21.405: [GC 21.405: [DefNew: 519K->6K(576K), 0.0002091 secs] 4313K->3801K(5744K), 0.0002553 secs]
21.411: [GC 21.411: [DefNew: 518K->7K(576K), 0.0001741 secs] 4313K->3802K(5744K), 0.0002161 secs]
21.418: [GC 21.418: [DefNew: 519K->7K(576K), 0.0002013 secs] 4314K->3802K(5744K), 0.0002463 secs]
21.425: [GC 21.425: [DefNew: 519K->7K(576K), 0.0002322 secs] 4314K->3803K(5744K), 0.0002782 secs]
21.432: [GC 21.432: [DefNew: 519K->6K(576K), 0.0002228 secs] 4315K->3803K(5744K), 0.0002696 secs]
21.440: [GC 21.440: [DefNew: 518K->7K(576K), 0.0002072 secs] 4315K->3804K(5744K), 0.0002534 secs]
21.447: [GC 21.447: [DefNew: 519K->7K(576K), 0.0002232 secs] 4316K->3804K(5744K), 0.0002735 secs]
21.454: [GC 21.454: [DefNew: 519K->7K(576K), 0.0002004 secs] 4316K->3804K(5744K), 0.0002444 secs]
21.461: [GC 21.461: [DefNew: 519K->6K(576K), 0.0002082 secs] 4316K->3805K(5744K), 0.0002615 secs]
21.468: [GC 21.468: [DefNew: 518K->7K(576K), 0.0002128 secs] 4317K->3805K(5744K), 0.0002597 secs]
21.475: [GC 21.475: [DefNew: 519K->7K(576K), 0.0001691 secs] 4317K->3806K(5744K), 0.0002094 secs]
21.482: [GC 21.482: [DefNew: 519K->7K(576K), 0.0001925 secs] 4318K->3806K(5744K), 0.0002363 secs]
21.488: [GC 21.488: [DefNew: 519K->6K(576K), 0.0001909 secs] 4318K->3806K(5744K), 0.0002341 secs]
21.495: [GC 21.495: [DefNew: 518K->7K(576K), 0.0002097 secs] 4318K->3807K(5744K), 0.0002553 secs]
21.502: [GC 21.502: [DefNew: 519K->7K(576K), 0.0001850 secs] 4319K->3808K(5744K), 0.0002287 secs]
21.509: [GC 21.509: [DefNew: 519K->7K(576K), 0.0002165 secs] 4320K->3808K(5744K), 0.0002637 secs]
21.516: [GC 21.516: [DefNew: 519K->6K(576K), 0.0001775 secs] 4320K->3808K(5744K), 0.0002279 secs]
21.523: [GC 21.523: [DefNew: 518K->7K(576K), 0.0001901 secs] 4320K->3809K(5744K), 0.0002339 secs]
21.530: [GC 21.530: [DefNew: 519K->7K(576K), 0.0002066 secs] 4321K->3809K(5744K), 0.0002552 secs]
21.537: [GC 21.537: [DefNew: 519K->7K(576K), 0.0001997 secs] 4321K->3810K(5744K), 0.0002449 secs]
21.544: [GC 21.544: [DefNew: 519K->6K(576K), 0.0001864 secs] 4322K->3810K(5744K), 0.0002306 secs]
21.551: [GC 21.551: [DefNew: 518K->7K(576K), 0.0002637 secs] 4322K->3811K(5744K), 0.0003112 secs]
21.558: [GC 21.558: [DefNew: 519K->7K(576K), 0.0001931 secs] 4323K->3811K(5744K), 0.0002380 secs]
21.565: [GC 21.565: [DefNew: 519K->7K(576K), 0.0002052 secs] 4323K->3812K(5744K), 0.0002516 secs]
21.571: [GC 21.571: [DefNew: 519K->6K(576K), 0.0002026 secs] 4324K->3812K(5744K), 0.0002464 secs]
21.579: [GC 21.579: [DefNew: 518K->7K(576K), 0.0001974 secs] 4324K->3813K(5744K), 0.0002428 secs]
21.586: [GC 21.586: [DefNew: 519K->7K(576K), 0.0001894 secs] 4325K->3813K(5744K), 0.0002335 secs]
21.592: [GC 21.592: [DefNew: 519K->7K(576K), 0.0002014 secs] 4325K->3813K(5744K), 0.0002468 secs]
21.599: [GC 21.599: [DefNew: 519K->6K(576K), 0.0001959 secs] 4325K->3814K(5744K), 0.0002367 secs]
21.606: [GC 21.606: [DefNew: 518K->6K(576K), 0.0002059 secs] 4326K->3814K(5744K), 0.0002514 secs]
21.613: [GC 21.613: [DefNew: 518K->7K(576K), 0.0001823 secs] 4326K->3815K(5744K), 0.0002238 secs]
21.620: [GC 21.620: [DefNew: 519K->7K(576K), 0.0002077 secs] 4327K->3815K(5744K), 0.0002537 secs]
21.627: [GC 21.627: [DefNew: 519K->6K(576K), 0.0001644 secs] 4327K->3816K(5744K), 0.0002035 secs]
21.633: [GC 21.633: [DefNew: 518K->6K(576K), 0.0001781 secs] 4328K->3816K(5744K), 0.0002189 secs]
21.640: [GC 21.640: [DefNew: 518K->7K(576K), 0.0002203 secs] 4328K->3817K(5744K), 0.0002659 secs]
21.647: [GC 21.647: [DefNew: 519K->7K(576K), 0.0001967 secs] 4329K->3817K(5744K), 0.0002419 secs]
21.655: [GC 21.655: [DefNew: 519K->6K(576K), 0.0002012 secs] 4329K->3817K(5744K), 0.0002467 secs]
21.661: [GC 21.661: [DefNew: 518K->6K(576K), 0.0001992 secs] 4329K->3818K(5744K), 0.0002439 secs]
21.669: [GC 21.669: [DefNew: 518K->7K(576K), 0.0002237 secs] 4330K->3818K(5744K), 0.0002706 secs]
21.676: [GC 21.676: [DefNew: 519K->7K(576K), 0.0001706 secs] 4330K->3819K(5744K), 0.0002106 secs]
21.682: [GC 21.682: [DefNew: 519K->6K(576K), 0.0002096 secs] 4331K->3819K(5744K), 0.0002556 secs]
21.689: [GC 21.689: [DefNew: 518K->6K(576K), 0.0001940 secs] 4331K->3820K(5744K), 0.0002366 secs]
21.696: [GC 21.696: [DefNew: 518K->7K(576K), 0.0001760 secs] 4332K->3820K(5744K), 0.0002174 secs]
21.703: [GC 21.703: [DefNew: 519K->7K(576K), 0.0001730 secs] 4332K->3821K(5744K), 0.0002132 secs]
21.709: [GC 21.709: [DefNew: 519K->7K(576K), 0.0001670 secs] 4333K->3821K(5744K), 0.0002068 secs]
21.716: [GC 21.716: [DefNew: 519K->6K(576K), 0.0002037 secs] 4333K->3821K(5744K), 0.0002464 secs]
21.723: [GC 21.723: [DefNew: 518K->7K(576K), 0.0001939 secs] 4333K->3822K(5744K), 0.0002350 secs]
21.730: [GC 21.730: [DefNew: 519K->7K(576K), 0.0001816 secs] 4334K->3822K(5744K), 0.0002244 secs]
21.737: [GC 21.737: [DefNew: 519K->7K(576K), 0.0002197 secs] 4334K->3823K(5744K), 0.0002665 secs]
21.744: [GC 21.744: [DefNew: 519K->6K(576K), 0.0001872 secs] 4335K->3823K(5744K), 0.0002312 secs]
21.751: [GC 21.751: [DefNew: 518K->7K(576K), 0.0001944 secs] 4335K->3824K(5744K), 0.0002389 secs]
21.757: [GC 21.757: [DefNew: 519K->7K(576K), 0.0001799 secs] 4336K->3824K(5744K), 0.0002223 secs]
21.765: [GC 21.765: [DefNew: 519K->7K(576K), 0.0002019 secs] 4336K->3825K(5744K), 0.0002459 secs]
21.771: [GC 21.771: [DefNew: 519K->6K(576K), 0.0001813 secs] 4337K->3825K(5744K), 0.0002226 secs]
21.778: [GC 21.779: [DefNew: 518K->7K(576K), 0.0002086 secs] 4337K->3826K(5744K), 0.0002546 secs]
21.785: [GC 21.785: [DefNew: 519K->7K(576K), 0.0001647 secs] 4338K->3826K(5744K), 0.0002044 secs]
21.792: [GC 21.792: [DefNew: 519K->7K(576K), 0.0001809 secs] 4338K->3826K(5744K), 0.0002224 secs]
21.800: [GC 21.800: [DefNew: 519K->6K(576K), 0.0002240 secs] 4338K->3827K(5744K), 0.0002711 secs]
21.808: [GC 21.808: [DefNew: 518K->7K(576K), 0.0002186 secs] 4339K->3828K(5744K), 0.0002654 secs]
21.814: [GC 21.814: [DefNew: 519K->7K(576K), 0.0001726 secs] 4340K->3828K(5744K), 0.0002128 secs]
21.821: [GC 21.821: [DefNew: 519K->7K(576K), 0.0001965 secs] 4340K->3828K(5744K), 0.0002403 secs]
21.828: [GC 21.828: [DefNew: 519K->6K(576K), 0.0001867 secs] 4340K->3829K(5744K), 0.0002299 secs]
21.835: [GC 21.835: [DefNew: 518K->7K(576K), 0.0001693 secs] 4341K->3829K(5744K), 0.0002106 secs]
21.842: [GC 21.842: [DefNew: 519K->7K(576K), 0.0002093 secs] 4341K->3830K(5744K), 0.0002625 secs]
21.848: [GC 21.848: [DefNew: 519K->7K(576K), 0.0001906 secs] 4342K->3830K(5744K), 0.0002333 secs]
21.855: [GC 21.855: [DefNew: 519K->6K(576K), 0.0002031 secs] 4342K->3830K(5744K), 0.0002470 secs]
21.862: [GC 21.862: [DefNew: 518K->7K(576K), 0.0001707 secs] 4342K->3831K(5744K), 0.0002113 secs]
21.869: [GC 21.869: [DefNew: 519K->7K(576K), 0.0002156 secs] 4343K->3832K(5744K), 0.0002621 secs]
21.876: [GC 21.876: [DefNew: 519K->7K(576K), 0.0002000 secs] 4344K->3832K(5744K), 0.0002462 secs]
21.883: [GC 21.883: [DefNew: 519K->6K(576K), 0.0001905 secs] 4344K->3832K(5744K), 0.0002351 secs]
21.890: [GC 21.890: [DefNew: 518K->6K(576K), 0.0001929 secs] 4344K->3833K(5744K), 0.0002367 secs]
21.897: [GC 21.897: [DefNew: 518K->7K(576K), 0.0001847 secs] 4345K->3833K(5744K), 0.0002430 secs]
21.904: [GC 21.904: [DefNew: 519K->7K(576K), 0.0002257 secs] 4345K->3834K(5744K), 0.0002727 secs]
21.911: [GC 21.911: [DefNew: 519K->6K(576K), 0.0002182 secs] 4346K->3834K(5744K), 0.0002607 secs]
21.918: [GC 21.918: [DefNew: 518K->6K(576K), 0.0002135 secs] 4346K->3834K(5744K), 0.0002600 secs]
21.925: [GC 21.925: [DefNew: 518K->7K(576K), 0.0001741 secs] 4346K->3835K(5744K), 0.0002308 secs]
21.932: [GC 21.932: [DefNew: 519K->7K(576K), 0.0001939 secs] 4347K->3836K(5744K), 0.0002428 secs]
21.939: [GC 21.939: [DefNew: 519K->6K(576K), 0.0002236 secs] 4348K->3836K(5744K), 0.0002714 secs]
21.946: [GC 21.946: [DefNew: 518K->6K(576K), 0.0001731 secs] 4348K->3836K(5744K), 0.0002142 secs]
21.952: [GC 21.952: [DefNew: 518K->7K(576K), 0.0001817 secs] 4348K->3837K(5744K), 0.0002238 secs]
21.959: [GC 21.959: [DefNew: 519K->7K(576K), 0.0001829 secs] 4349K->3837K(5744K), 0.0002257 secs]
21.966: [GC 21.966: [DefNew: 519K->6K(576K), 0.0001932 secs] 4349K->3838K(5744K), 0.0002380 secs]
21.973: [GC 21.973: [DefNew: 518K->6K(576K), 0.0001759 secs] 4350K->3838K(5744K), 0.0002176 secs]
21.981: [GC 21.981: [DefNew: 518K->7K(576K), 0.0002214 secs] 4350K->3839K(5744K), 0.0002677 secs]
21.988: [GC 21.988: [DefNew: 519K->7K(576K), 0.0001757 secs] 4351K->3839K(5744K), 0.0002171 secs]
21.994: [GC 21.994: [DefNew: 519K->6K(576K), 0.0001786 secs] 4351K->3839K(5744K), 0.0002195 secs]
22.001: [GC 22.001: [DefNew: 518K->6K(576K), 0.0001855 secs] 4351K->3840K(5744K), 0.0002294 secs]
22.008: [GC 22.008: [DefNew: 518K->7K(576K), 0.0001748 secs] 4352K->3841K(5744K), 0.0002164 secs]
22.015: [GC 22.015: [DefNew: 519K->7K(576K), 0.0002085 secs] 4353K->3841K(5744K), 0.0002524 secs]
22.022: [GC 22.022: [DefNew: 519K->7K(576K), 0.0001707 secs] 4353K->3841K(5744K), 0.0002114 secs]
22.029: [GC 22.029: [DefNew: 519K->6K(576K), 0.0002113 secs] 4353K->3842K(5744K), 0.0002560 secs]
22.036: [GC 22.036: [DefNew: 518K->7K(576K), 0.0001895 secs] 4354K->3842K(5744K), 0.0002337 secs]
22.042: [GC 22.042: [DefNew: 519K->7K(576K), 0.0002140 secs] 4354K->3843K(5744K), 0.0002607 secs]
22.049: [GC 22.049: [DefNew: 519K->7K(576K), 0.0001862 secs] 4355K->3843K(5744K), 0.0002283 secs]
22.056: [GC 22.056: [DefNew: 519K->6K(576K), 0.0002091 secs] 4355K->3843K(5744K), 0.0002560 secs]
22.063: [GC 22.063: [DefNew: 518K->7K(576K), 0.0002020 secs] 4355K->3844K(5744K), 0.0002458 secs]
22.070: [GC 22.070: [DefNew: 519K->7K(576K), 0.0001902 secs] 4356K->3845K(5744K), 0.0002338 secs]
22.077: [GC 22.077: [DefNew: 519K->7K(576K), 0.0002203 secs] 4357K->3845K(5744K), 0.0002672 secs]
22.084: [GC 22.084: [DefNew: 519K->6K(576K), 0.0001714 secs] 4357K->3845K(5744K), 0.0002110 secs]
22.091: [GC 22.091: [DefNew: 518K->7K(576K), 0.0002047 secs] 4357K->3846K(5744K), 0.0002501 secs]
22.098: [GC 22.098: [DefNew: 519K->7K(576K), 0.0001777 secs] 4358K->3846K(5744K), 0.0002208 secs]
22.105: [GC 22.105: [DefNew: 519K->7K(576K), 0.0002058 secs] 4358K->3847K(5744K), 0.0002508 secs]
22.112: [GC 22.112: [DefNew: 519K->6K(576K), 0.0001837 secs] 4359K->3847K(5744K), 0.0002263 secs]
22.119: [GC 22.119: [DefNew: 518K->7K(576K), 0.0002043 secs] 4359K->3848K(5744K), 0.0002510 secs]
22.126: [GC 22.126: [DefNew: 519K->7K(576K), 0.0002093 secs] 4360K->3848K(5744K), 0.0002600 secs]
22.133: [GC 22.133: [DefNew: 519K->7K(576K), 0.0002153 secs] 4360K->3849K(5744K), 0.0002623 secs]
22.140: [GC 22.140: [DefNew: 519K->6K(576K), 0.0002200 secs] 4361K->3849K(5744K), 0.0002672 secs]
22.147: [GC 22.147: [DefNew: 518K->7K(576K), 0.0001979 secs] 4361K->3850K(5744K), 0.0002425 secs]
22.154: [GC 22.154: [DefNew: 519K->7K(576K), 0.0002075 secs] 4362K->3850K(5744K), 0.0002534 secs]
22.161: [GC 22.161: [DefNew: 519K->7K(576K), 0.0001861 secs] 4362K->3850K(5744K), 0.0002294 secs]
22.167: [GC 22.167: [DefNew: 519K->6K(576K), 0.0001911 secs] 4362K->3851K(5744K), 0.0002326 secs]
22.174: [GC 22.174: [DefNew: 518K->7K(576K), 0.0002076 secs] 4363K->3851K(5744K), 0.0002538 secs]
22.181: [GC 22.181: [DefNew: 519K->7K(576K), 0.0002066 secs] 4363K->3852K(5744K), 0.0002526 secs]
22.188: [GC 22.188: [DefNew: 519K->7K(576K), 0.0001857 secs] 4364K->3852K(5744K), 0.0002293 secs]
22.195: [GC 22.195: [DefNew: 519K->6K(576K), 0.0001779 secs] 4364K->3852K(5744K), 0.0002200 secs]
22.202: [GC 22.202: [DefNew: 518K->7K(576K), 0.0002004 secs] 4364K->3853K(5744K), 0.0002457 secs]
22.209: [GC 22.209: [DefNew: 519K->7K(576K), 0.0001810 secs] 4365K->3854K(5744K), 0.0002223 secs]
22.216: [GC 22.216: [DefNew: 519K->7K(576K), 0.0002160 secs] 4366K->3854K(5744K), 0.0002625 secs]
22.223: [GC 22.223: [DefNew: 519K->6K(576K), 0.0002094 secs] 4366K->3854K(5744K), 0.0002552 secs]
22.230: [GC 22.230: [DefNew: 518K->7K(576K), 0.0001856 secs] 4366K->3855K(5744K), 0.0002293 secs]
22.237: [GC 22.237: [DefNew: 519K->7K(576K), 0.0002160 secs] 4367K->3855K(5744K), 0.0002627 secs]
22.244: [GC 22.244: [DefNew: 519K->7K(576K), 0.0002170 secs] 4367K->3856K(5744K), 0.0002635 secs]
22.251: [GC 22.251: [DefNew: 519K->6K(576K), 0.0001737 secs] 4368K->3856K(5744K), 0.0002151 secs]
22.258: [GC 22.258: [DefNew: 518K->6K(576K), 0.0001968 secs] 4368K->3856K(5744K), 0.0002412 secs]
22.264: [GC 22.265: [DefNew: 518K->7K(576K), 0.0002051 secs] 4368K->3857K(5744K), 0.0002522 secs]
22.271: [GC 22.271: [DefNew: 519K->7K(576K), 0.0001789 secs] 4369K->3858K(5744K), 0.0002261 secs]
22.278: [GC 22.278: [DefNew: 519K->6K(576K), 0.0002136 secs] 4370K->3858K(5744K), 0.0002600 secs]
22.285: [GC 22.285: [DefNew: 518K->6K(576K), 0.0002207 secs] 4370K->3858K(5744K), 0.0002664 secs]
22.292: [GC 22.292: [DefNew: 518K->7K(576K), 0.0002132 secs] 4370K->3859K(5744K), 0.0002590 secs]
22.299: [GC 22.299: [DefNew: 519K->7K(576K), 0.0002326 secs] 4371K->3859K(5744K), 0.0002796 secs]
22.306: [GC 22.306: [DefNew: 519K->6K(576K), 0.0002137 secs] 4371K->3860K(5744K), 0.0002627 secs]
22.313: [GC 22.313: [DefNew: 518K->6K(576K), 0.0001928 secs] 4372K->3860K(5744K), 0.0002370 secs]
22.320: [GC 22.320: [DefNew: 518K->7K(576K), 0.0002069 secs] 4372K->3861K(5744K), 0.0002509 secs]
22.327: [GC 22.327: [DefNew: 519K->7K(576K), 0.0002247 secs] 4373K->3861K(5744K), 0.0002663 secs]
22.334: [GC 22.334: [DefNew: 519K->6K(576K), 0.0001736 secs] 4373K->3862K(5744K), 0.0002139 secs]
22.341: [GC 22.341: [DefNew: 518K->6K(576K), 0.0002150 secs] 4374K->3862K(5744K), 0.0002617 secs]
22.348: [GC 22.348: [DefNew: 518K->7K(576K), 0.0002175 secs] 4374K->3863K(5744K), 0.0002643 secs]
22.355: [GC 22.355: [DefNew: 519K->7K(576K), 0.0001765 secs] 4375K->3863K(5744K), 0.0002181 secs]
22.362: [GC 22.362: [DefNew: 519K->6K(576K), 0.0001756 secs] 4375K->3863K(5744K), 0.0002168 secs]
22.369: [GC 22.369: [DefNew: 518K->6K(576K), 0.0002222 secs] 4375K->3864K(5744K), 0.0002711 secs]
22.376: [GC 22.376: [DefNew: 518K->7K(576K), 0.0002212 secs] 4376K->3864K(5744K), 0.0002699 secs]
22.383: [GC 22.383: [DefNew: 519K->7K(576K), 0.0001913 secs] 4376K->3865K(5744K), 0.0002358 secs]
22.390: [GC 22.390: [DefNew: 519K->7K(576K), 0.0001838 secs] 4377K->3865K(5744K), 0.0002264 secs]
22.398: [GC 22.398: [DefNew: 519K->6K(576K), 0.0002064 secs] 4377K->3866K(5744K), 0.0002512 secs]
22.406: [GC 22.406: [DefNew: 518K->7K(576K), 0.0002222 secs] 4378K->3866K(5744K), 0.0002702 secs]
22.413: [GC 22.413: [DefNew: 519K->7K(576K), 0.0001841 secs] 4378K->3867K(5744K), 0.0002255 secs]
22.420: [GC 22.420: [DefNew: 519K->7K(576K), 0.0002056 secs] 4379K->3867K(5744K), 0.0002647 secs]
22.427: [GC 22.427: [DefNew: 519K->6K(576K), 0.0001760 secs] 4379K->3867K(5744K), 0.0002171 secs]
22.434: [GC 22.434: [DefNew: 518K->7K(576K), 0.0002044 secs] 4379K->3868K(5744K), 0.0002513 secs]
22.441: [GC 22.441: [DefNew: 519K->7K(576K), 0.0001959 secs] 4380K->3868K(5744K), 0.0002393 secs]
22.448: [GC 22.448: [DefNew: 519K->7K(576K), 0.0002197 secs] 4380K->3869K(5744K), 0.0002665 secs]
22.455: [GC 22.455: [DefNew: 519K->6K(576K), 0.0001866 secs] 4381K->3869K(5744K), 0.0002262 secs]
22.462: [GC 22.462: [DefNew: 518K->7K(576K), 0.0001957 secs] 4381K->3870K(5744K), 0.0002412 secs]
22.469: [GC 22.469: [DefNew: 519K->7K(576K), 0.0001785 secs] 4382K->3870K(5744K), 0.0002198 secs]
22.476: [GC 22.476: [DefNew: 519K->7K(576K), 0.0001709 secs] 4382K->3871K(5744K), 0.0002107 secs]
22.482: [GC 22.482: [DefNew: 519K->6K(576K), 0.0002148 secs] 4383K->3871K(5744K), 0.0002611 secs]
22.489: [GC 22.489: [DefNew: 518K->7K(576K), 0.0001797 secs] 4383K->3872K(5744K), 0.0002211 secs]
22.496: [GC 22.497: [DefNew: 519K->7K(576K), 0.0002100 secs] 4384K->3872K(5744K), 0.0002559 secs]
22.503: [GC 22.503: [DefNew: 519K->7K(576K), 0.0001707 secs] 4384K->3872K(5744K), 0.0002113 secs]
22.510: [GC 22.510: [DefNew: 519K->6K(576K), 0.0001835 secs] 4384K->3873K(5744K), 0.0002252 secs]
22.517: [GC 22.517: [DefNew: 518K->7K(576K), 0.0001719 secs] 4385K->3873K(5744K), 0.0002126 secs]
22.524: [GC 22.524: [DefNew: 519K->7K(576K), 0.0001773 secs] 4385K->3874K(5744K), 0.0002178 secs]
22.531: [GC 22.531: [DefNew: 519K->7K(576K), 0.0002047 secs] 4386K->3874K(5744K), 0.0002498 secs]
22.538: [GC 22.538: [DefNew: 519K->6K(576K), 0.0001744 secs] 4386K->3875K(5744K), 0.0002154 secs]
22.545: [GC 22.545: [DefNew: 518K->6K(576K), 0.0002074 secs] 4387K->3875K(5744K), 0.0002535 secs]
22.552: [GC 22.552: [DefNew: 518K->7K(576K), 0.0001722 secs] 4387K->3876K(5744K), 0.0002127 secs]
22.559: [GC 22.559: [DefNew: 519K->7K(576K), 0.0002322 secs] 4388K->3876K(5744K), 0.0002780 secs]
22.566: [GC 22.566: [DefNew: 519K->6K(576K), 0.0001667 secs] 4388K->3876K(5744K), 0.0002063 secs]
22.573: [GC 22.573: [DefNew: 518K->6K(576K), 0.0001929 secs] 4388K->3877K(5744K), 0.0002382 secs]
22.579: [GC 22.579: [DefNew: 518K->7K(576K), 0.0001894 secs] 4389K->3878K(5744K), 0.0002327 secs]
22.586: [GC 22.586: [DefNew: 519K->7K(576K), 0.0001698 secs] 4390K->3878K(5744K), 0.0002114 secs]
22.593: [GC 22.593: [DefNew: 519K->6K(576K), 0.0001967 secs] 4390K->3878K(5744K), 0.0002411 secs]
22.600: [GC 22.600: [DefNew: 518K->6K(576K), 0.0001721 secs] 4390K->3879K(5744K), 0.0002125 secs]
22.607: [GC 22.607: [DefNew: 518K->7K(576K), 0.0001756 secs] 4391K->3879K(5744K), 0.0002176 secs]
22.614: [GC 22.614: [DefNew: 519K->7K(576K), 0.0002128 secs] 4391K->3880K(5744K), 0.0002653 secs]
22.621: [GC 22.621: [DefNew: 519K->6K(576K), 0.0002017 secs] 4392K->3880K(5744K), 0.0002472 secs]
22.628: [GC 22.628: [DefNew: 518K->6K(576K), 0.0001723 secs] 4392K->3880K(5744K), 0.0002140 secs]
22.635: [GC 22.635: [DefNew: 518K->7K(576K), 0.0001760 secs] 4392K->3881K(5744K), 0.0002181 secs]
22.642: [GC 22.642: [DefNew: 519K->7K(576K), 0.0002032 secs] 4393K->3881K(5744K), 0.0002493 secs]
22.649: [GC 22.649: [DefNew: 519K->6K(576K), 0.0001889 secs] 4393K->3882K(5744K), 0.0002326 secs]
22.656: [GC 22.656: [DefNew: 518K->6K(576K), 0.0001985 secs] 4394K->3882K(5744K), 0.0002436 secs]
22.663: [GC 22.663: [DefNew: 518K->7K(576K), 0.0001798 secs] 4394K->3883K(5744K), 0.0002221 secs]
22.669: [GC 22.669: [DefNew: 519K->7K(576K), 0.0001873 secs] 4395K->3883K(5744K), 0.0002292 secs]
22.676: [GC 22.676: [DefNew: 519K->7K(576K), 0.0002106 secs] 4395K->3884K(5744K), 0.0002649 secs]
22.683: [GC 22.684: [DefNew: 519K->6K(576K), 0.0002270 secs] 4396K->3884K(5744K), 0.0002761 secs]
22.690: [GC 22.690: [DefNew: 518K->7K(576K), 0.0001973 secs] 4396K->3885K(5744K), 0.0002409 secs]
22.697: [GC 22.697: [DefNew: 519K->7K(576K), 0.0002042 secs] 4397K->3885K(5744K), 0.0002492 secs]
22.704: [GC 22.704: [DefNew: 519K->7K(576K), 0.0002238 secs] 4397K->3885K(5744K), 0.0002734 secs]
22.711: [GC 22.711: [DefNew: 519K->6K(576K), 0.0001992 secs] 4397K->3886K(5744K), 0.0002428 secs]
22.718: [GC 22.718: [DefNew: 518K->7K(576K), 0.0002115 secs] 4398K->3887K(5744K), 0.0002586 secs]
22.725: [GC 22.725: [DefNew: 519K->7K(576K), 0.0002079 secs] 4399K->3887K(5744K), 0.0002521 secs]
22.732: [GC 22.732: [DefNew: 519K->7K(576K), 0.0002071 secs] 4399K->3887K(5744K), 0.0002528 secs]
22.739: [GC 22.739: [DefNew: 519K->6K(576K), 0.0002310 secs] 4399K->3888K(5744K), 0.0002810 secs]
22.747: [GC 22.747: [DefNew: 518K->7K(576K), 0.0002194 secs] 4400K->3888K(5744K), 0.0002661 secs]
22.754: [GC 22.754: [DefNew: 519K->7K(576K), 0.0001726 secs] 4400K->3889K(5744K), 0.0002128 secs]
22.760: [GC 22.760: [DefNew: 519K->7K(576K), 0.0002005 secs] 4401K->3889K(5744K), 0.0002454 secs]
22.767: [GC 22.767: [DefNew: 519K->6K(576K), 0.0002115 secs] 4401K->3889K(5744K), 0.0002576 secs]
22.774: [GC 22.774: [DefNew: 518K->7K(576K), 0.0001749 secs] 4401K->3890K(5744K), 0.0002165 secs]
22.781: [GC 22.781: [DefNew: 519K->7K(576K), 0.0002130 secs] 4402K->3890K(5744K), 0.0002591 secs]
22.788: [GC 22.788: [DefNew: 519K->7K(576K), 0.0001787 secs] 4402K->3891K(5744K), 0.0002186 secs]
22.797: [GC 22.797: [DefNew: 519K->6K(576K), 0.0002218 secs] 4403K->3891K(5744K), 0.0002711 secs]
22.804: [GC 22.804: [DefNew: 518K->7K(576K), 0.0002114 secs] 4403K->3892K(5744K), 0.0002571 secs]
22.811: [GC 22.811: [DefNew: 519K->7K(576K), 0.0002146 secs] 4404K->3892K(5744K), 0.0002608 secs]
22.817: [GC 22.818: [DefNew: 519K->7K(576K), 0.0001664 secs] 4404K->3893K(5744K), 0.0002061 secs]
22.824: [GC 22.824: [DefNew: 519K->6K(576K), 0.0002016 secs] 4405K->3893K(5744K), 0.0002454 secs]
22.831: [GC 22.831: [DefNew: 518K->6K(576K), 0.0001890 secs] 4405K->3894K(5744K), 0.0002335 secs]
22.838: [GC 22.838: [DefNew: 518K->7K(576K), 0.0001809 secs] 4406K->3894K(5744K), 0.0002235 secs]
22.846: [GC 22.846: [DefNew: 519K->7K(576K), 0.0002207 secs] 4406K->3894K(5744K), 0.0002671 secs]
22.852: [GC 22.852: [DefNew: 519K->6K(576K), 0.0002160 secs] 4406K->3895K(5744K), 0.0002629 secs]
22.860: [GC 22.860: [DefNew: 518K->6K(576K), 0.0002159 secs] 4407K->3895K(5744K), 0.0002622 secs]
22.866: [GC 22.866: [DefNew: 518K->7K(576K), 0.0001702 secs] 4407K->3896K(5744K), 0.0002104 secs]
22.873: [GC 22.873: [DefNew: 519K->7K(576K), 0.0001920 secs] 4408K->3896K(5744K), 0.0002360 secs]
22.880: [GC 22.880: [DefNew: 519K->6K(576K), 0.0001752 secs] 4408K->3897K(5744K), 0.0002145 secs]
22.887: [GC 22.887: [DefNew: 518K->6K(576K), 0.0002049 secs] 4409K->3897K(5744K), 0.0002522 secs]
22.894: [GC 22.894: [DefNew: 518K->7K(576K), 0.0002081 secs] 4409K->3898K(5744K), 0.0002542 secs]
22.901: [GC 22.901: [DefNew: 519K->7K(576K), 0.0002094 secs] 4410K->3898K(5744K), 0.0002557 secs]
22.908: [GC 22.908: [DefNew: 519K->6K(576K), 0.0002262 secs] 4410K->3898K(5744K), 0.0002747 secs]
22.916: [GC 22.916: [DefNew: 518K->6K(576K), 0.0002283 secs] 4410K->3899K(5744K), 0.0002791 secs]
22.923: [GC 22.923: [DefNew: 518K->7K(576K), 0.0001884 secs] 4411K->3900K(5744K), 0.0002316 secs]
22.930: [GC 22.930: [DefNew: 519K->7K(576K), 0.0002090 secs] 4412K->3900K(5744K), 0.0002545 secs]
22.937: [GC 22.937: [DefNew: 519K->6K(576K), 0.0002103 secs] 4412K->3900K(5744K), 0.0002567 secs]
22.944: [GC 22.944: [DefNew: 518K->6K(576K), 0.0001931 secs] 4412K->3901K(5744K), 0.0002361 secs]
22.951: [GC 22.951: [DefNew: 518K->7K(576K), 0.0002106 secs] 4413K->3901K(5744K), 0.0002572 secs]
22.958: [GC 22.958: [DefNew: 519K->7K(576K), 0.0002075 secs] 4413K->3902K(5744K), 0.0002522 secs]
22.965: [GC 22.965: [DefNew: 519K->7K(576K), 0.0002346 secs] 4414K->3902K(5744K), 0.0002817 secs]
22.972: [GC 22.972: [DefNew: 519K->6K(576K), 0.0002039 secs] 4414K->3902K(5744K), 0.0002559 secs]
22.979: [GC 22.979: [DefNew: 518K->7K(576K), 0.0002153 secs] 4414K->3903K(5744K), 0.0002622 secs]
22.986: [GC 22.986: [DefNew: 519K->7K(576K), 0.0001668 secs] 4415K->3904K(5744K), 0.0002060 secs]
22.993: [GC 22.993: [DefNew: 519K->7K(576K), 0.0001785 secs] 4416K->3904K(5744K), 0.0002210 secs]
23.000: [GC 23.000: [DefNew: 519K->6K(576K), 0.0002180 secs] 4416K->3904K(5744K), 0.0002714 secs]
23.007: [GC 23.007: [DefNew: 518K->7K(576K), 0.0001788 secs] 4416K->3905K(5744K), 0.0002197 secs]
23.014: [GC 23.014: [DefNew: 519K->7K(576K), 0.0002225 secs] 4417K->3905K(5744K), 0.0002709 secs]
23.021: [GC 23.021: [DefNew: 519K->7K(576K), 0.0001868 secs] 4417K->3906K(5744K), 0.0002286 secs]
23.028: [GC 23.028: [DefNew: 519K->6K(576K), 0.0001934 secs] 4418K->3906K(5744K), 0.0002379 secs]
23.035: [GC 23.035: [DefNew: 518K->7K(576K), 0.0001759 secs] 4418K->3907K(5744K), 0.0002160 secs]
23.042: [GC 23.042: [DefNew: 519K->7K(576K), 0.0001828 secs] 4419K->3907K(5744K), 0.0002250 secs]
23.048: [GC 23.048: [DefNew: 519K->7K(576K), 0.0001890 secs] 4419K->3907K(5744K), 0.0002317 secs]
23.056: [GC 23.056: [DefNew: 519K->6K(576K), 0.0002467 secs] 4419K->3908K(5744K), 0.0002960 secs]
23.063: [GC 23.063: [DefNew: 518K->7K(576K), 0.0002168 secs] 4420K->3909K(5744K), 0.0002634 secs]
23.070: [GC 23.070: [DefNew: 519K->7K(576K), 0.0001933 secs] 4421K->3909K(5744K), 0.0002377 secs]
23.077: [GC 23.077: [DefNew: 519K->7K(576K), 0.0001976 secs] 4421K->3909K(5744K), 0.0002433 secs]
23.084: [GC 23.084: [DefNew: 519K->6K(576K), 0.0001810 secs] 4421K->3910K(5744K), 0.0002214 secs]
23.091: [GC 23.091: [DefNew: 518K->6K(576K), 0.0001915 secs] 4422K->3910K(5744K), 0.0002370 secs]
23.098: [GC 23.098: [DefNew: 518K->7K(576K), 0.0001786 secs] 4422K->3911K(5744K), 0.0002198 secs]
23.105: [GC 23.105: [DefNew: 519K->7K(576K), 0.0002135 secs] 4423K->3911K(5744K), 0.0002599 secs]
23.112: [GC 23.112: [DefNew: 519K->6K(576K), 0.0002072 secs] 4423K->3911K(5744K), 0.0002506 secs]
23.119: [GC 23.119: [DefNew: 518K->6K(576K), 0.0002001 secs] 4423K->3912K(5744K), 0.0002448 secs]
23.126: [GC 23.126: [DefNew: 518K->7K(576K), 0.0001843 secs] 4424K->3913K(5744K), 0.0002289 secs]
23.133: [GC 23.133: [DefNew: 519K->7K(576K), 0.0002294 secs] 4425K->3913K(5744K), 0.0002766 secs]
23.140: [GC 23.140: [DefNew: 519K->6K(576K), 0.0002048 secs] 4425K->3913K(5744K), 0.0002546 secs]
23.147: [GC 23.147: [DefNew: 518K->6K(576K), 0.0002006 secs] 4425K->3914K(5744K), 0.0002478 secs]
23.154: [GC 23.154: [DefNew: 518K->7K(576K), 0.0002325 secs] 4426K->3914K(5744K), 0.0002816 secs]
23.161: [GC 23.161: [DefNew: 519K->7K(576K), 0.0001876 secs] 4426K->3915K(5744K), 0.0002296 secs]
23.168: [GC 23.168: [DefNew: 519K->6K(576K), 0.0002090 secs] 4427K->3915K(5744K), 0.0002536 secs]
23.176: [GC 23.176: [DefNew: 518K->6K(576K), 0.0002103 secs] 4427K->3915K(5744K), 0.0002562 secs]
23.183: [GC 23.183: [DefNew: 518K->7K(576K), 0.0002313 secs] 4427K->3916K(5744K), 0.0002788 secs]
23.190: [GC 23.190: [DefNew: 519K->7K(576K), 0.0001798 secs] 4428K->3917K(5744K), 0.0002216 secs]
23.197: [GC 23.197: [DefNew: 519K->6K(576K), 0.0001850 secs] 4429K->3917K(5744K), 0.0002282 secs]
23.204: [GC 23.204: [DefNew: 518K->6K(576K), 0.0001947 secs] 4429K->3917K(5744K), 0.0002394 secs]
23.210: [GC 23.210: [DefNew: 518K->7K(576K), 0.0001753 secs] 4429K->3918K(5744K), 0.0002170 secs]
23.218: [GC 23.218: [DefNew: 519K->7K(576K), 0.0002132 secs] 4430K->3918K(5744K), 0.0002605 secs]
23.225: [GC 23.225: [DefNew: 519K->6K(576K), 0.0001764 secs] 4430K->3919K(5744K), 0.0002219 secs]
23.232: [GC 23.232: [DefNew: 518K->6K(576K), 0.0002122 secs] 4431K->3919K(5744K), 0.0002590 secs]
23.239: [GC 23.239: [DefNew: 518K->7K(576K), 0.0001754 secs] 4431K->3920K(5744K), 0.0002171 secs]
23.245: [GC 23.245: [DefNew: 519K->7K(576K), 0.0001853 secs] 4432K->3920K(5744K), 0.0002306 secs]
23.252: [GC 23.252: [DefNew: 519K->7K(576K), 0.0002054 secs] 4432K->3920K(5744K), 0.0002501 secs]
23.260: [GC 23.260: [DefNew: 519K->6K(576K), 0.0002330 secs] 4432K->3921K(5744K), 0.0002817 secs]
23.267: [GC 23.267: [DefNew: 518K->7K(576K), 0.0002248 secs] 4433K->3922K(5744K), 0.0002745 secs]
23.274: [GC 23.274: [DefNew: 519K->7K(576K), 0.0001823 secs] 4434K->3922K(5744K), 0.0002248 secs]
23.281: [GC 23.281: [DefNew: 519K->7K(576K), 0.0001844 secs] 4434K->3922K(5744K), 0.0002273 secs]
23.288: [GC 23.288: [DefNew: 519K->6K(576K), 0.0001749 secs] 4434K->3923K(5744K), 0.0002149 secs]
23.295: [GC 23.295: [DefNew: 518K->7K(576K), 0.0002155 secs] 4435K->3923K(5744K), 0.0002620 secs]
23.302: [GC 23.302: [DefNew: 519K->7K(576K), 0.0001800 secs] 4435K->3924K(5744K), 0.0002279 secs]
23.309: [GC 23.309: [DefNew: 519K->7K(576K), 0.0002144 secs] 4436K->3924K(5744K), 0.0002622 secs]
23.316: [GC 23.316: [DefNew: 519K->6K(576K), 0.0001781 secs] 4436K->3924K(5744K), 0.0002204 secs]
23.323: [GC 23.323: [DefNew: 518K->6K(576K), 0.0002223 secs] 4436K->3925K(5744K), 0.0002727 secs]
23.331: [GC 23.331: [DefNew: 518K->7K(576K), 0.0002271 secs] 4437K->3926K(5744K), 0.0002749 secs]
23.338: [GC 23.338: [DefNew: 519K->7K(576K), 0.0002017 secs] 4438K->3926K(5744K), 0.0002470 secs]
23.345: [GC 23.345: [DefNew: 519K->6K(576K), 0.0001773 secs] 4438K->3926K(5744K), 0.0002183 secs]
23.352: [GC 23.352: [DefNew: 518K->7K(576K), 0.0001994 secs] 4438K->3927K(5744K), 0.0002461 secs]
23.359: [GC 23.359: [DefNew: 519K->7K(576K), 0.0002110 secs] 4439K->3927K(5744K), 0.0002574 secs]
23.366: [GC 23.366: [DefNew: 519K->7K(576K), 0.0001656 secs] 4439K->3928K(5744K), 0.0002055 secs]
23.373: [GC 23.373: [DefNew: 519K->6K(576K), 0.0002106 secs] 4440K->3928K(5744K), 0.0002561 secs]
23.379: [GC 23.379: [DefNew: 518K->6K(576K), 0.0001732 secs] 4440K->3928K(5744K), 0.0002139 secs]
23.386: [GC 23.386: [DefNew: 518K->7K(576K), 0.0001787 secs] 4440K->3929K(5744K), 0.0002206 secs]
23.394: [GC 23.394: [DefNew: 519K->7K(576K), 0.0002146 secs] 4441K->3929K(5744K), 0.0002615 secs]
23.401: [GC 23.401: [DefNew: 519K->6K(576K), 0.0002003 secs] 4441K->3930K(5744K), 0.0002456 secs]
23.409: [GC 23.409: [DefNew: 518K->6K(576K), 0.0002249 secs] 4442K->3930K(5744K), 0.0002725 secs]
23.416: [GC 23.416: [DefNew: 518K->7K(576K), 0.0001869 secs] 4442K->3931K(5744K), 0.0002310 secs]
23.424: [GC 23.424: [DefNew: 519K->7K(576K), 0.0002253 secs] 4443K->3931K(5744K), 0.0002740 secs]
23.432: [GC 23.432: [DefNew: 519K->6K(576K), 0.0002216 secs] 4443K->3932K(5744K), 0.0002690 secs]
23.439: [GC 23.439: [DefNew: 518K->6K(576K), 0.0002158 secs] 4444K->3932K(5744K), 0.0002632 secs]
23.446: [GC 23.446: [DefNew: 518K->7K(576K), 0.0001854 secs] 4444K->3933K(5744K), 0.0002293 secs]
23.453: [GC 23.453: [DefNew: 519K->7K(576K), 0.0002155 secs] 4445K->3933K(5744K), 0.0002628 secs]
23.460: [GC 23.460: [DefNew: 519K->6K(576K), 0.0001844 secs] 4445K->3933K(5744K), 0.0002319 secs]
23.468: [GC 23.468: [DefNew: 518K->6K(576K), 0.0002350 secs] 4445K->3934K(5744K), 0.0002842 secs]
23.475: [GC 23.475: [DefNew: 518K->7K(576K), 0.0002229 secs] 4446K->3935K(5744K), 0.0002687 secs]
23.483: [GC 23.483: [DefNew: 519K->7K(576K), 0.0002352 secs] 4447K->3935K(5744K), 0.0002866 secs]
23.490: [GC 23.490: [DefNew: 519K->7K(576K), 0.0002276 secs] 4447K->3935K(5744K), 0.0002751 secs]
23.497: [GC 23.497: [DefNew: 519K->6K(576K), 0.0002025 secs] 4447K->3936K(5744K), 0.0002484 secs]
23.504: [GC 23.504: [DefNew: 518K->7K(576K), 0.0001707 secs] 4448K->3936K(5744K), 0.0002125 secs]
23.511: [GC 23.511: [DefNew: 519K->7K(576K), 0.0002056 secs] 4448K->3937K(5744K), 0.0002482 secs]
23.518: [GC 23.518: [DefNew: 519K->7K(576K), 0.0002044 secs] 4449K->3937K(5744K), 0.0002492 secs]
23.525: [GC 23.525: [DefNew: 519K->6K(576K), 0.0001839 secs] 4449K->3937K(5744K), 0.0002284 secs]
23.533: [GC 23.533: [DefNew: 518K->7K(576K), 0.0002163 secs] 4449K->3938K(5744K), 0.0002635 secs]
23.539: [GC 23.539: [DefNew: 519K->7K(576K), 0.0001768 secs] 4450K->3938K(5744K), 0.0002214 secs]
23.547: [GC 23.547: [DefNew: 519K->7K(576K), 0.0002705 secs] 4450K->3939K(5744K), 0.0003220 secs]
23.554: [GC 23.554: [DefNew: 519K->6K(576K), 0.0002012 secs] 4451K->3939K(5744K), 0.0002464 secs]
23.561: [GC 23.561: [DefNew: 518K->7K(576K), 0.0002329 secs] 4451K->3940K(5744K), 0.0002829 secs]
23.569: [GC 23.569: [DefNew: 519K->7K(576K), 0.0002194 secs] 4452K->3940K(5744K), 0.0002673 secs]
23.576: [GC 23.576: [DefNew: 519K->7K(576K), 0.0002155 secs] 4452K->3941K(5744K), 0.0002622 secs]
23.583: [GC 23.583: [DefNew: 519K->6K(576K), 0.0001706 secs] 4453K->3941K(5744K), 0.0002122 secs]
23.590: [GC 23.590: [DefNew: 518K->6K(576K), 0.0002161 secs] 4453K->3942K(5744K), 0.0002634 secs]
23.597: [GC 23.597: [DefNew: 518K->7K(576K), 0.0002226 secs] 4454K->3942K(5744K), 0.0002709 secs]
23.605: [GC 23.605: [DefNew: 519K->7K(576K), 0.0002335 secs] 4454K->3942K(5744K), 0.0002828 secs]
23.614: [GC 23.614: [DefNew: 519K->6K(576K), 0.0002308 secs] 4454K->3943K(5744K), 0.0002800 secs]
23.622: [GC 23.622: [DefNew: 518K->6K(576K), 0.0002258 secs] 4455K->3943K(5744K), 0.0002753 secs]
23.629: [GC 23.629: [DefNew: 518K->6K(576K), 0.0002208 secs] 4455K->3944K(5744K), 0.0002678 secs]
23.636: [GC 23.636: [DefNew: 518K->7K(576K), 0.0002150 secs] 4456K->3944K(5744K), 0.0002624 secs]
23.643: [GC 23.643: [DefNew: 519K->6K(576K), 0.0001930 secs] 4456K->3945K(5744K), 0.0002368 secs]
23.651: [GC 23.651: [DefNew: 518K->6K(576K), 0.0002650 secs] 4457K->3945K(5744K), 0.0003122 secs]
23.658: [GC 23.658: [DefNew: 518K->7K(576K), 0.0002394 secs] 4457K->3946K(5744K), 0.0002881 secs]
23.666: [GC 23.666: [DefNew: 519K->7K(576K), 0.0002159 secs] 4458K->3946K(5744K), 0.0002632 secs]
23.673: [GC 23.673: [DefNew: 519K->6K(576K), 0.0002335 secs] 4458K->3946K(5744K), 0.0002839 secs]
23.681: [GC 23.681: [DefNew: 518K->6K(576K), 0.0002207 secs] 4458K->3947K(5744K), 0.0002682 secs]
23.689: [GC 23.689: [DefNew: 518K->7K(576K), 0.0002453 secs] 4459K->3947K(5744K), 0.0004698 secs]
23.697: [GC 23.697: [DefNew: 519K->7K(576K), 0.0002306 secs] 4459K->3948K(5744K), 0.0002799 secs]
23.705: [GC 23.705: [DefNew: 519K->6K(576K), 0.0002299 secs] 4460K->3948K(5744K), 0.0002798 secs]
23.712: [GC 23.712: [DefNew: 518K->6K(576K), 0.0002296 secs] 4460K->3949K(5744K), 0.0002797 secs]
23.720: [GC 23.720: [DefNew: 518K->6K(576K), 0.0002263 secs] 4461K->3949K(5744K), 0.0002763 secs]
23.727: [GC 23.727: [DefNew: 518K->7K(576K), 0.0002337 secs] 4461K->3950K(5744K), 0.0002819 secs]
23.735: [GC 23.735: [DefNew: 519K->6K(576K), 0.0002241 secs] 4462K->3950K(5744K), 0.0002748 secs]
23.744: [GC 23.744: [DefNew: 518K->6K(576K), 0.0002230 secs] 4462K->3950K(5744K), 0.0002708 secs]
23.752: [GC 23.752: [DefNew: 518K->7K(576K), 0.0002366 secs] 4462K->3951K(5744K), 0.0002877 secs]
23.761: [GC 23.761: [DefNew: 519K->7K(576K), 0.0002296 secs] 4463K->3951K(5744K), 0.0002798 secs]
23.768: [GC 23.768: [DefNew: 519K->7K(576K), 0.0002331 secs] 4463K->3952K(5744K), 0.0002821 secs]
23.776: [GC 23.776: [DefNew: 519K->6K(576K), 0.0002337 secs] 4464K->3952K(5744K), 0.0002846 secs]
23.783: [GC 23.783: [DefNew: 518K->7K(576K), 0.0002332 secs] 4464K->3953K(5744K), 0.0002822 secs]
23.793: [GC 23.793: [DefNew: 519K->7K(576K), 0.0002279 secs] 4465K->3953K(5744K), 0.0002782 secs]
23.801: [GC 23.801: [DefNew: 519K->7K(576K), 0.0002369 secs] 4465K->3954K(5744K), 0.0002926 secs]
23.808: [GC 23.809: [DefNew: 519K->6K(576K), 0.0002372 secs] 4466K->3954K(5744K), 0.0002873 secs]
23.816: [GC 23.816: [DefNew: 518K->6K(576K), 0.0002406 secs] 4466K->3955K(5744K), 0.0002906 secs]
23.823: [GC 23.823: [DefNew: 518K->7K(576K), 0.0001832 secs] 4467K->3955K(5744K), 0.0002277 secs]
23.831: [GC 23.831: [DefNew: 519K->6K(576K), 0.0002183 secs] 4467K->3955K(5744K), 0.0002654 secs]
23.838: [GC 23.838: [DefNew: 518K->6K(576K), 0.0002225 secs] 4467K->3956K(5744K), 0.0002713 secs]
23.845: [GC 23.845: [DefNew: 518K->6K(576K), 0.0002149 secs] 4468K->3956K(5744K), 0.0002618 secs]
23.856: [GC 23.856: [DefNew: 518K->7K(576K), 0.0002677 secs] 4468K->3957K(5744K), 0.0003176 secs]
23.863: [GC 23.863: [DefNew: 519K->7K(576K), 0.0002151 secs] 4469K->3957K(5744K), 0.0002624 secs]
23.871: [GC 23.871: [DefNew: 519K->6K(576K), 0.0002240 secs] 4469K->3958K(5744K), 0.0002710 secs]
23.878: [GC 23.878: [DefNew: 518K->6K(576K), 0.0002111 secs] 4470K->3958K(5744K), 0.0002580 secs]
23.885: [GC 23.885: [DefNew: 518K->7K(576K), 0.0002177 secs] 4470K->3959K(5744K), 0.0002652 secs]
23.893: [GC 23.893: [DefNew: 519K->7K(576K), 0.0002243 secs] 4471K->3959K(5744K), 0.0002716 secs]
23.901: [GC 23.901: [DefNew: 519K->6K(576K), 0.0002193 secs] 4471K->3959K(5744K), 0.0002665 secs]
23.908: [GC 23.908: [DefNew: 518K->6K(576K), 0.0002772 secs] 4471K->3960K(5744K), 0.0003287 secs]
23.916: [GC 23.916: [DefNew: 518K->7K(576K), 0.0003624 secs] 4472K->3960K(5744K), 0.0004170 secs]
23.924: [GC 23.924: [DefNew: 519K->6K(576K), 0.0002274 secs] 4472K->3961K(5744K), 0.0002751 secs]
23.933: [GC 23.933: [DefNew: 518K->6K(576K), 0.0002701 secs] 4473K->3961K(5744K), 0.0003226 secs]
23.940: [GC 23.940: [DefNew: 518K->6K(576K), 0.0003182 secs] 4473K->3961K(5744K), 0.0003721 secs]
23.947: [GC 23.947: [DefNew: 518K->6K(576K), 0.0002163 secs] 4473K->3962K(5744K), 0.0002638 secs]
23.956: [GC 23.956: [DefNew: 518K->7K(576K), 0.0003180 secs] 4474K->3963K(5744K), 0.0003692 secs]
23.964: [GC 23.964: [DefNew: 519K->6K(576K), 0.0002326 secs] 4475K->3963K(5744K), 0.0002830 secs]
23.971: [GC 23.971: [DefNew: 518K->6K(576K), 0.0002153 secs] 4475K->3963K(5744K), 0.0002669 secs]
23.980: [GC 23.980: [DefNew: 518K->7K(576K), 0.0002220 secs] 4475K->3964K(5744K), 0.0002705 secs]
23.988: [GC 23.988: [DefNew: 519K->7K(576K), 0.0002213 secs] 4476K->3964K(5744K), 0.0002694 secs]
23.995: [GC 23.995: [DefNew: 519K->7K(576K), 0.0002086 secs] 4476K->3965K(5744K), 0.0002547 secs]
24.001: [GC 24.002: [DefNew: 519K->6K(576K), 0.0001742 secs] 4477K->3965K(5744K), 0.0002151 secs]
24.008: [GC 24.009: [DefNew: 518K->7K(576K), 0.0002127 secs] 4477K->3966K(5744K), 0.0002598 secs]
24.016: [GC 24.016: [DefNew: 519K->7K(576K), 0.0002212 secs] 4478K->3966K(5744K), 0.0002689 secs]
24.023: [GC 24.023: [DefNew: 519K->7K(576K), 0.0002251 secs] 4478K->3966K(5744K), 0.0002725 secs]
24.031: [GC 24.031: [DefNew: 519K->6K(576K), 0.0002409 secs] 4478K->3967K(5744K), 0.0002925 secs]
24.039: [GC 24.039: [DefNew: 518K->6K(576K), 0.0002286 secs] 4479K->3967K(5744K), 0.0002778 secs]
24.046: [GC 24.046: [DefNew: 518K->7K(576K), 0.0002219 secs] 4479K->3968K(5744K), 0.0002701 secs]
24.053: [GC 24.053: [DefNew: 519K->6K(576K), 0.0001974 secs] 4480K->3968K(5744K), 0.0002430 secs]
24.060: [GC 24.060: [DefNew: 518K->6K(576K), 0.0002193 secs] 4480K->3969K(5744K), 0.0002661 secs]
24.067: [GC 24.068: [DefNew: 518K->6K(576K), 0.0002248 secs] 4481K->3969K(5744K), 0.0002745 secs]
24.075: [GC 24.075: [DefNew: 518K->6K(576K), 0.0002145 secs] 4481K->3970K(5744K), 0.0002617 secs]
24.082: [GC 24.082: [DefNew: 518K->7K(576K), 0.0002090 secs] 4482K->3970K(5744K), 0.0002547 secs]
24.089: [GC 24.089: [DefNew: 519K->6K(576K), 0.0002218 secs] 4482K->3970K(5744K), 0.0002750 secs]
24.096: [GC 24.096: [DefNew: 518K->6K(576K), 0.0001730 secs] 4482K->3971K(5744K), 0.0002133 secs]
24.103: [GC 24.104: [DefNew: 518K->7K(576K), 0.0002355 secs] 5467K->4956K(5744K), 0.0002848 secs]
24.110: [GC 24.110: [DefNew: 519K->6K(576K), 0.0002222 secs] 5468K->4956K(5744K), 0.0002695 secs]
24.117: [GC 24.117: [DefNew: 518K->6K(576K), 0.0001758 secs] 5468K->4957K(5744K), 0.0002170 secs]
24.125: [GC 24.125: [DefNew: 518K->6K(576K), 0.0002124 secs] 5469K->4957K(5744K), 0.0002597 secs]
24.132: [GC 24.132: [DefNew: 518K->7K(576K), 0.0002133 secs] 5469K->4958K(5744K), 0.0002597 secs]
24.138: [GC 24.138: [DefNew: 519K->7K(576K), 0.0001843 secs] 5470K->4958K(5744K), 0.0002270 secs]
24.145: [GC 24.145: [DefNew: 519K->6K(576K), 0.0002121 secs] 5470K->4958K(5744K), 0.0002630 secs]
24.152: [GC 24.152: [DefNew: 518K->6K(576K), 0.0002205 secs] 5470K->4959K(5744K), 0.0002678 secs]
24.159: [GC 24.159: [DefNew: 518K->6K(576K), 0.0001808 secs] 5471K->4959K(5744K), 0.0002234 secs]
24.167: [GC 24.167: [DefNew: 518K->7K(576K), 0.0002228 secs] 5471K->4960K(5744K), 0.0002693 secs]
24.174: [GC 24.174: [DefNew: 519K->7K(576K), 0.0002072 secs] 5472K->4960K(5744K), 0.0002523 secs]
24.180: [GC 24.180: [DefNew: 519K->6K(576K), 0.0001793 secs] 5472K->4960K(5744K), 0.0002203 secs]
24.188: [GC 24.188: [DefNew: 518K->7K(576K), 0.0002160 secs] 5472K->4961K(5744K), 0.0002620 secs]
24.195: [GC 24.195: [DefNew: 519K->6K(576K), 0.0001735 secs] 5473K->4962K(5744K), 0.0002231 secs]
24.202: [GC 24.202: [DefNew: 518K->7K(576K), 0.0002397 secs] 5474K->4962K(5744K), 0.0002874 secs]
24.209: [GC 24.209: [DefNew: 519K->6K(576K), 0.0002119 secs] 5474K->4962K(5744K), 0.0002564 secs]
24.216: [GC 24.216: [DefNew: 518K->6K(576K), 0.0002189 secs] 5474K->4963K(5744K), 0.0002659 secs]
24.222: [GC 24.222: [DefNew: 518K->7K(576K), 0.0001750 secs] 5475K->4963K(5744K), 0.0002157 secs]
24.229: [GC 24.229: [DefNew: 519K->6K(576K), 0.0002166 secs] 5475K->4964K(5744K), 0.0002693 secs]
24.236: [GC 24.236: [DefNew: 518K->6K(576K), 0.0002062 secs] 5476K->4964K(5744K), 0.0002515 secs]
24.243: [GC 24.243: [DefNew: 518K->7K(576K), 0.0001713 secs] 5476K->4965K(5744K), 0.0002118 secs]
24.250: [GC 24.250: [DefNew: 519K->7K(576K), 0.0002196 secs] 5477K->4965K(5744K), 0.0002667 secs]
24.257: [GC 24.257: [DefNew: 519K->7K(576K), 0.0002147 secs] 5477K->4965K(5744K), 0.0002609 secs]
24.264: [GC 24.264: [DefNew: 519K->6K(576K), 0.0001948 secs] 5477K->4966K(5744K), 0.0002397 secs]
24.271: [GC 24.271: [DefNew: 518K->6K(576K), 0.0002311 secs] 5478K->4966K(5744K), 0.0002795 secs]
24.280: [GC 24.280: [DefNew: 518K->7K(576K), 0.0002252 secs] 5478K->4967K(5744K), 0.0002782 secs]
24.288: [GC 24.288: [DefNew: 519K->7K(576K), 0.0002214 secs] 5479K->4967K(5744K), 0.0002681 secs]
24.295: [GC 24.295: [DefNew: 519K->6K(576K), 0.0002063 secs] 5479K->4968K(5744K), 0.0002511 secs]
24.303: [GC 24.303: [DefNew: 518K->6K(576K), 0.0002224 secs] 5480K->4968K(5744K), 0.0002712 secs]
24.311: [GC 24.311: [DefNew: 518K->7K(576K), 0.0002298 secs] 5480K->4969K(5744K), 0.0002809 secs]
24.318: [GC 24.318: [DefNew: 519K->6K(576K), 0.0002186 secs] 5481K->4969K(5744K), 0.0002655 secs]
24.325: [GC 24.326: [DefNew: 518K->6K(576K), 0.0002301 secs] 5481K->4969K(5744K), 0.0002794 secs]
24.333: [GC 24.333: [DefNew: 518K->6K(576K), 0.0002380 secs] 5481K->4970K(5744K), 0.0002881 secs]
24.341: [GC 24.341: [DefNew: 518K->6K(576K), 0.0002299 secs] 5482K->4971K(5744K), 0.0002803 secs]
24.348: [GC 24.348: [DefNew: 518K->7K(576K), 0.0002221 secs] 5483K->4971K(5744K), 0.0002685 secs]
24.355: [GC 24.355: [DefNew: 519K->6K(576K), 0.0002215 secs] 5483K->4971K(5744K), 0.0002686 secs]
24.363: [GC 24.363: [DefNew: 518K->6K(576K), 0.0002238 secs] 5483K->4972K(5744K), 0.0002717 secs]
24.370: [GC 24.370: [DefNew: 518K->7K(576K), 0.0002306 secs] 5484K->4972K(5744K), 0.0002796 secs]
24.377: [GC 24.377: [DefNew: 519K->7K(576K), 0.0002274 secs] 5484K->4973K(5744K), 0.0002755 secs]
24.385: [GC 24.385: [DefNew: 519K->7K(576K), 0.0002256 secs] 5485K->4973K(5744K), 0.0002736 secs]
24.393: [GC 24.393: [DefNew: 519K->6K(576K), 0.0002455 secs] 5485K->4973K(5744K), 0.0002945 secs]
24.401: [GC 24.401: [DefNew: 518K->7K(576K), 0.0002893 secs] 5485K->4974K(5744K), 0.0003489 secs]
24.409: [GC 24.409: [DefNew: 519K->7K(576K), 0.0003633 secs] 5486K->4974K(5744K), 0.0004304 secs]
24.416: [GC 24.416: [DefNew: 519K->7K(576K), 0.0002346 secs] 5486K->4975K(5744K), 0.0002825 secs]
24.424: [GC 24.424: [DefNew: 519K->6K(576K), 0.0002557 secs] 5487K->4975K(5744K), 0.0003076 secs]
24.432: [GC 24.432: [DefNew: 518K->6K(576K), 0.0002267 secs] 5487K->4976K(5744K), 0.0002746 secs]
24.439: [GC 24.439: [DefNew: 518K->7K(576K), 0.0002556 secs] 5488K->4976K(5744K), 0.0003097 secs]
24.446: [GC 24.446: [DefNew: 519K->7K(576K), 0.0001793 secs] 5488K->4977K(5744K), 0.0002216 secs]
24.453: [GC 24.453: [DefNew: 519K->6K(576K), 0.0002043 secs] 5489K->4977K(5744K), 0.0002482 secs]
24.460: [GC 24.460: [DefNew: 518K->6K(576K), 0.0002234 secs] 5489K->4978K(5744K), 0.0002711 secs]
24.467: [GC 24.467: [DefNew: 518K->7K(576K), 0.0002161 secs] 5490K->4978K(5744K), 0.0002616 secs]
24.474: [GC 24.474: [DefNew: 519K->7K(576K), 0.0001748 secs] 5490K->4978K(5744K), 0.0002147 secs]
24.481: [GC 24.481: [DefNew: 519K->6K(576K), 0.0002261 secs] 5490K->4979K(5744K), 0.0002920 secs]
24.488: [GC 24.488: [DefNew: 518K->6K(576K), 0.0002189 secs] 5491K->4979K(5744K), 0.0002662 secs]
24.496: [GC 24.496: [DefNew: 518K->7K(576K), 0.0002449 secs] 5491K->4980K(5744K), 0.0002955 secs]
24.503: [GC 24.503: [DefNew: 519K->7K(576K), 0.0001706 secs] 5492K->4980K(5744K), 0.0002183 secs]
24.510: [GC 24.510: [DefNew: 519K->6K(576K), 0.0002095 secs] 5492K->4981K(5744K), 0.0002548 secs]
24.517: [GC 24.517: [DefNew: 518K->6K(576K), 0.0002041 secs] 5493K->4981K(5744K), 0.0002505 secs]
24.524: [GC 24.524: [DefNew: 518K->7K(576K), 0.0001866 secs] 5493K->4982K(5744K), 0.0002306 secs]
24.531: [GC 24.531: [DefNew: 519K->7K(576K), 0.0002363 secs] 5494K->4982K(5744K), 0.0002894 secs]
24.538: [GC 24.538: [DefNew: 519K->6K(576K), 0.0002058 secs] 5494K->4982K(5744K), 0.0002506 secs]
24.546: [GC 24.546: [DefNew: 518K->6K(576K), 0.0002238 secs] 5494K->4983K(5744K), 0.0002712 secs]
24.553: [GC 24.553: [DefNew: 518K->7K(576K), 0.0002017 secs] 5495K->4983K(5744K), 0.0002453 secs]
24.560: [GC 24.560: [DefNew: 519K->7K(576K), 0.0002153 secs] 5495K->4984K(5744K), 0.0002617 secs]
24.566: [GC 24.567: [DefNew: 519K->6K(576K), 0.0001712 secs] 5496K->4984K(5744K), 0.0002161 secs]
24.573: [GC 24.573: [DefNew: 518K->6K(576K), 0.0001985 secs] 5496K->4985K(5744K), 0.0002421 secs]
24.580: [GC 24.580: [DefNew: 518K->7K(576K), 0.0002226 secs] 5497K->4985K(5744K), 0.0002699 secs]
24.587: [GC 24.587: [DefNew: 519K->7K(576K), 0.0002022 secs] 5497K->4986K(5744K), 0.0002476 secs]
24.594: [GC 24.594: [DefNew: 519K->7K(576K), 0.0001839 secs] 5498K->4986K(5744K), 0.0002265 secs]
24.601: [GC 24.601: [DefNew: 519K->6K(576K), 0.0002261 secs] 5498K->4986K(5744K), 0.0002729 secs]
24.608: [GC 24.609: [DefNew: 518K->7K(576K), 0.0002129 secs] 5498K->4987K(5744K), 0.0002646 secs]
24.615: [GC 24.615: [DefNew: 519K->6K(576K), 0.0001749 secs] 5499K->4987K(5744K), 0.0002220 secs]
24.622: [GC 24.623: [DefNew: 518K->7K(576K), 0.0002165 secs] 5499K->4988K(5744K), 0.0002639 secs]
24.629: [GC 24.629: [DefNew: 519K->6K(576K), 0.0001801 secs] 5500K->4988K(5744K), 0.0002208 secs]
24.636: [GC 24.636: [DefNew: 518K->6K(576K), 0.0002210 secs] 5500K->4989K(5744K), 0.0002672 secs]
24.643: [GC 24.643: [DefNew: 518K->7K(576K), 0.0002090 secs] 5501K->4989K(5744K), 0.0002545 secs]
24.650: [GC 24.650: [DefNew: 519K->7K(576K), 0.0002178 secs] 5501K->4990K(5744K), 0.0002658 secs]
24.658: [GC 24.658: [DefNew: 519K->6K(576K), 0.0002247 secs] 5502K->4990K(5744K), 0.0002717 secs]
24.665: [GC 24.665: [DefNew: 518K->6K(576K), 0.0002161 secs] 5502K->4991K(5744K), 0.0002615 secs]
24.671: [GC 24.671: [DefNew: 518K->7K(576K), 0.0002077 secs] 5503K->4991K(5744K), 0.0002541 secs]
24.678: [GC 24.678: [DefNew: 519K->7K(576K), 0.0002037 secs] 5503K->4991K(5744K), 0.0002491 secs]
24.685: [GC 24.685: [DefNew: 519K->6K(576K), 0.0002113 secs] 5503K->4992K(5744K), 0.0002580 secs]
24.692: [GC 24.692: [DefNew: 518K->6K(576K), 0.0001748 secs] 5504K->4992K(5744K), 0.0002143 secs]
24.699: [GC 24.699: [DefNew: 518K->6K(576K), 0.0002363 secs] 5504K->4993K(5744K), 0.0002826 secs]
24.706: [GC 24.706: [DefNew: 518K->7K(576K), 0.0002174 secs] 5505K->4993K(5744K), 0.0002634 secs]
24.713: [GC 24.713: [DefNew: 519K->6K(576K), 0.0001851 secs] 5505K->4993K(5744K), 0.0002277 secs]
24.721: [GC 24.721: [DefNew: 518K->6K(576K), 0.0002213 secs] 5505K->4994K(5744K), 0.0002680 secs]
24.728: [GC 24.728: [DefNew: 518K->7K(576K), 0.0002235 secs] 5506K->4995K(5744K), 0.0002694 secs]
24.734: [GC 24.734: [DefNew: 519K->6K(576K), 0.0002081 secs] 5507K->4995K(5744K), 0.0002529 secs]
24.741: [GC 24.741: [DefNew: 518K->6K(576K), 0.0002084 secs] 5507K->4995K(5744K), 0.0002533 secs]
24.749: [GC 24.749: [DefNew: 518K->6K(576K), 0.0002161 secs] 5507K->4996K(5744K), 0.0002633 secs]
24.756: [GC 24.756: [DefNew: 518K->6K(576K), 0.0002134 secs] 5508K->4996K(5744K), 0.0002592 secs]
24.763: [GC 24.763: [DefNew: 518K->7K(576K), 0.0002088 secs] 5508K->4997K(5744K), 0.0002546 secs]
24.770: [GC 24.770: [DefNew: 519K->6K(576K), 0.0002089 secs] 5509K->4997K(5744K), 0.0002539 secs]
24.777: [GC 24.777: [DefNew: 518K->6K(576K), 0.0001996 secs] 5509K->4997K(5744K), 0.0002439 secs]
24.783: [GC 24.784: [DefNew: 518K->7K(576K), 0.0001752 secs] 5509K->4998K(5744K), 0.0002159 secs]
24.792: [GC 24.792: [DefNew: 519K->6K(576K), 0.0002279 secs] 5510K->4998K(5744K), 0.0002770 secs]
24.799: [GC 24.799: [DefNew: 518K->7K(576K), 0.0002234 secs] 5510K->4999K(5744K), 0.0002769 secs]
24.806: [GC 24.806: [DefNew: 519K->6K(576K), 0.0002315 secs] 5511K->4999K(5744K), 0.0002790 secs]
24.813: [GC 24.813: [DefNew: 518K->6K(576K), 0.0002090 secs] 5511K->5000K(5744K), 0.0002542 secs]
24.820: [GC 24.820: [DefNew: 518K->7K(576K), 0.0001796 secs] 5512K->5000K(5744K), 0.0002216 secs]
24.827: [GC 24.827: [DefNew: 519K->6K(576K), 0.0002706 secs] 5512K->5001K(5744K), 0.0003165 secs]
24.834: [GC 24.834: [DefNew: 518K->6K(576K), 0.0001824 secs] 5513K->5001K(5744K), 0.0002249 secs]
24.841: [GC 24.841: [DefNew: 518K->6K(576K), 0.0001988 secs] 5513K->5001K(5744K), 0.0002436 secs]
24.848: [GC 24.848: [DefNew: 518K->6K(576K), 0.0001844 secs] 5513K->5002K(5744K), 0.0002260 secs]
24.855: [GC 24.855: [DefNew: 518K->7K(576K), 0.0002367 secs] 5514K->5002K(5744K), 0.0002859 secs]
24.862: [GC 24.862: [DefNew: 519K->6K(576K), 0.0002045 secs] 5514K->5003K(5744K), 0.0002486 secs]
24.869: [GC 24.869: [DefNew: 518K->6K(576K), 0.0002080 secs] 5515K->5003K(5744K), 0.0002543 secs]
24.876: [GC 24.876: [DefNew: 518K->7K(576K), 0.0002079 secs] 5515K->5004K(5744K), 0.0002529 secs]
24.883: [GC 24.883: [DefNew: 519K->6K(576K), 0.0001688 secs] 5516K->5004K(5744K), 0.0002081 secs]
24.889: [GC 24.889: [DefNew: 518K->6K(576K), 0.0001933 secs] 5516K->5004K(5744K), 0.0002366 secs]
24.896: [GC 24.896: [DefNew: 518K->6K(576K), 0.0001719 secs] 5516K->5005K(5744K), 0.0002123 secs]
24.904: [GC 24.904: [DefNew: 518K->6K(576K), 0.0002096 secs] 5517K->5006K(5744K), 0.0002565 secs]
24.910: [GC 24.911: [DefNew: 518K->7K(576K), 0.0002075 secs] 5518K->5006K(5744K), 0.0002528 secs]
24.917: [GC 24.917: [DefNew: 519K->6K(576K), 0.0001878 secs] 5518K->5006K(5744K), 0.0002294 secs]
24.924: [GC 24.924: [DefNew: 518K->6K(576K), 0.0001986 secs] 5518K->5007K(5744K), 0.0002438 secs]
24.931: [GC 24.931: [DefNew: 518K->6K(576K), 0.0001917 secs] 5519K->5007K(5744K), 0.0002362 secs]
24.938: [GC 24.938: [DefNew: 518K->6K(576K), 0.0001978 secs] 5519K->5008K(5744K), 0.0002426 secs]
24.945: [GC 24.945: [DefNew: 518K->6K(576K), 0.0001746 secs] 5520K->5008K(5744K), 0.0002151 secs]
24.952: [GC 24.952: [DefNew: 518K->6K(576K), 0.0001961 secs] 5520K->5008K(5744K), 0.0002405 secs]
24.959: [GC 24.959: [DefNew: 518K->6K(576K), 0.0001961 secs] 5520K->5009K(5744K), 0.0002389 secs]
24.966: [GC 24.966: [DefNew: 518K->7K(576K), 0.0002022 secs] 5521K->5009K(5744K), 0.0002467 secs]
24.973: [GC 24.973: [DefNew: 519K->6K(576K), 0.0001733 secs] 5521K->5010K(5744K), 0.0002130 secs]
24.979: [GC 24.979: [DefNew: 518K->6K(576K), 0.0001834 secs] 5522K->5010K(5744K), 0.0002246 secs]
24.986: [GC 24.986: [DefNew: 518K->6K(576K), 0.0001992 secs] 5522K->5010K(5744K), 0.0002444 secs]
24.993: [GC 24.993: [DefNew: 518K->6K(576K), 0.0001974 secs] 5522K->5011K(5744K), 0.0002419 secs]
25.000: [GC 25.000: [DefNew: 518K->7K(576K), 0.0001797 secs] 5523K->5012K(5744K), 0.0002207 secs]
25.006: [GC 25.006: [DefNew: 519K->6K(576K), 0.0001679 secs] 5524K->5012K(5744K), 0.0002077 secs]
25.013: [GC 25.013: [DefNew: 518K->6K(576K), 0.0001779 secs] 5524K->5012K(5744K), 0.0002195 secs]
25.020: [GC 25.020: [DefNew: 518K->7K(576K), 0.0001860 secs] 5524K->5013K(5744K), 0.0002277 secs]
25.027: [GC 25.027: [DefNew: 519K->6K(576K), 0.0001980 secs] 5525K->5013K(5744K), 0.0002420 secs]
25.034: [GC 25.034: [DefNew: 518K->6K(576K), 0.0001776 secs] 5525K->5014K(5744K), 0.0002175 secs]
25.041: [GC 25.041: [DefNew: 518K->6K(576K), 0.0002245 secs] 5526K->5014K(5744K), 0.0002720 secs]
25.048: [GC 25.048: [DefNew: 518K->6K(576K), 0.0002035 secs] 5526K->5015K(5744K), 0.0002522 secs]
25.054: [GC 25.054: [DefNew: 518K->7K(576K), 0.0001744 secs] 5527K->5015K(5744K), 0.0002143 secs]
25.062: [GC 25.062: [DefNew: 519K->6K(576K), 0.0002216 secs] 5527K->5015K(5744K), 0.0002686 secs]
25.068: [GC 25.068: [DefNew: 518K->6K(576K), 0.0001825 secs] 5527K->5016K(5744K), 0.0002232 secs]
25.075: [GC 25.075: [DefNew: 518K->6K(576K), 0.0001959 secs] 5528K->5016K(5744K), 0.0002606 secs]
25.082: [GC 25.082: [DefNew: 518K->6K(576K), 0.0001742 secs] 5528K->5017K(5744K), 0.0002225 secs]
25.089: [GC 25.089: [DefNew: 518K->6K(576K), 0.0001784 secs] 5529K->5017K(5744K), 0.0002194 secs]
25.096: [GC 25.096: [DefNew: 518K->6K(576K), 0.0001945 secs] 5529K->5018K(5744K), 0.0002382 secs]
25.102: [GC 25.102: [DefNew: 518K->6K(576K), 0.0001853 secs] 5530K->5018K(5744K), 0.0002282 secs]
25.109: [GC 25.109: [DefNew: 518K->6K(576K), 0.0002175 secs] 5530K->5019K(5744K), 0.0002641 secs]
25.116: [GC 25.116: [DefNew: 518K->6K(576K), 0.0001731 secs] 5531K->5019K(5744K), 0.0002134 secs]
25.123: [GC 25.123: [DefNew: 518K->6K(576K), 0.0001926 secs] 5531K->5019K(5744K), 0.0002366 secs]
25.130: [GC 25.130: [DefNew: 518K->6K(576K), 0.0001919 secs] 5531K->5020K(5744K), 0.0002352 secs]
25.137: [GC 25.137: [DefNew: 518K->6K(576K), 0.0001888 secs] 5532K->5020K(5744K), 0.0002324 secs]
25.143: [GC 25.143: [DefNew: 518K->6K(576K), 0.0001791 secs] 5532K->5021K(5744K), 0.0002194 secs]
25.150: [GC 25.150: [DefNew: 518K->6K(576K), 0.0001782 secs] 5533K->5021K(5744K), 0.0002190 secs]
25.157: [GC 25.157: [DefNew: 518K->6K(576K), 0.0002150 secs] 5533K->5021K(5744K), 0.0002622 secs]
25.164: [GC 25.164: [DefNew: 518K->6K(576K), 0.0001786 secs] 5533K->5022K(5744K), 0.0002190 secs]
25.171: [GC 25.171: [DefNew: 518K->6K(576K), 0.0002426 secs] 5534K->5022K(5744K), 0.0002896 secs]
25.178: [GC 25.178: [DefNew: 518K->6K(576K), 0.0001816 secs] 5534K->5023K(5744K), 0.0002224 secs]
25.185: [GC 25.185: [DefNew: 518K->6K(576K), 0.0001972 secs] 5535K->5023K(5744K), 0.0002419 secs]
25.191: [GC 25.192: [DefNew: 518K->6K(576K), 0.0001788 secs] 5535K->5024K(5744K), 0.0002249 secs]
25.198: [GC 25.198: [DefNew: 518K->6K(576K), 0.0001903 secs] 5536K->5024K(5744K), 0.0002332 secs]
25.205: [GC 25.205: [DefNew: 518K->6K(576K), 0.0001696 secs] 5536K->5025K(5744K), 0.0002089 secs]
25.212: [GC 25.212: [DefNew: 518K->6K(576K), 0.0002062 secs] 5537K->5025K(5744K), 0.0002584 secs]
25.219: [GC 25.219: [DefNew: 518K->6K(576K), 0.0001857 secs] 5537K->5026K(5744K), 0.0002266 secs]
25.225: [GC 25.225: [DefNew: 518K->6K(576K), 0.0001712 secs] 5538K->5026K(5744K), 0.0002177 secs]
25.232: [GC 25.232: [DefNew: 518K->6K(576K), 0.0002116 secs] 5538K->5026K(5744K), 0.0002576 secs]
25.239: [GC 25.239: [DefNew: 518K->6K(576K), 0.0001747 secs] 5538K->5027K(5744K), 0.0002148 secs]
25.246: [GC 25.246: [DefNew: 518K->6K(576K), 0.0002069 secs] 5539K->5027K(5744K), 0.0002520 secs]
25.253: [GC 25.253: [DefNew: 518K->6K(576K), 0.0002205 secs] 5539K->5028K(5744K), 0.0002666 secs]
25.260: [GC 25.260: [DefNew: 518K->6K(576K), 0.0002095 secs] 5540K->5028K(5744K), 0.0002545 secs]
25.267: [GC 25.267: [DefNew: 518K->6K(576K), 0.0001959 secs] 5540K->5028K(5744K), 0.0002793 secs]
25.274: [GC 25.274: [DefNew: 518K->6K(576K), 0.0001744 secs] 5540K->5029K(5744K), 0.0002146 secs]
25.281: [GC 25.281: [DefNew: 518K->6K(576K), 0.0001949 secs] 5541K->5030K(5744K), 0.0002390 secs]
25.288: [GC 25.288: [DefNew: 518K->6K(576K), 0.0001796 secs] 5542K->5030K(5744K), 0.0002209 secs]
25.294: [GC 25.294: [DefNew: 518K->6K(576K), 0.0001785 secs] 5542K->5030K(5744K), 0.0002192 secs]
25.301: [GC 25.301: [DefNew: 518K->6K(576K), 0.0002070 secs] 5542K->5031K(5744K), 0.0002530 secs]
25.309: [GC 25.309: [DefNew: 518K->6K(576K), 0.0002227 secs] 5543K->5031K(5744K), 0.0002765 secs]
25.315: [GC 25.315: [DefNew: 518K->6K(576K), 0.0001759 secs] 5543K->5032K(5744K), 0.0002176 secs]
25.322: [GC 25.322: [DefNew: 518K->6K(576K), 0.0001811 secs] 5544K->5032K(5744K), 0.0002221 secs]
25.329: [GC 25.329: [DefNew: 518K->6K(576K), 0.0002175 secs] 5544K->5032K(5744K), 0.0002648 secs]
25.336: [GC 25.336: [DefNew: 518K->6K(576K), 0.0001816 secs] 5544K->5033K(5744K), 0.0002235 secs]
25.343: [GC 25.343: [DefNew: 518K->6K(576K), 0.0002228 secs] 5545K->5033K(5744K), 0.0002704 secs]
25.350: [GC 25.350: [DefNew: 518K->6K(576K), 0.0002041 secs] 5545K->5034K(5744K), 0.0002478 secs]
25.357: [GC 25.357: [DefNew: 518K->6K(576K), 0.0002181 secs] 5546K->5034K(5744K), 0.0002649 secs]
25.364: [GC 25.364: [DefNew: 518K->6K(576K), 0.0002127 secs] 5546K->5035K(5744K), 0.0002587 secs]
25.371: [GC 25.371: [DefNew: 518K->6K(576K), 0.0002067 secs] 5547K->5035K(5744K), 0.0002526 secs]
25.378: [GC 25.378: [DefNew: 518K->6K(576K), 0.0002013 secs] 5547K->5036K(5744K), 0.0002471 secs]
25.385: [GC 25.385: [DefNew: 518K->6K(576K), 0.0002025 secs] 5548K->5036K(5744K), 0.0002459 secs]
25.391: [GC 25.392: [DefNew: 518K->6K(576K), 0.0001799 secs] 5548K->5036K(5744K), 0.0002288 secs]
25.398: [GC 25.398: [DefNew: 518K->6K(576K), 0.0002429 secs] 5548K->5037K(5744K), 0.0002895 secs]
25.406: [GC 25.406: [DefNew: 518K->6K(576K), 0.0002119 secs] 5549K->5037K(5744K), 0.0002575 secs]
25.413: [GC 25.413: [DefNew: 518K->6K(576K), 0.0001801 secs] 5549K->5038K(5744K), 0.0002211 secs]
25.420: [GC 25.420: [DefNew: 518K->6K(576K), 0.0002149 secs] 5550K->5038K(5744K), 0.0002619 secs]
25.427: [GC 25.427: [DefNew: 518K->6K(576K), 0.0001859 secs] 5550K->5039K(5744K), 0.0002270 secs]
25.434: [GC 25.434: [DefNew: 518K->6K(576K), 0.0002146 secs] 5551K->5039K(5744K), 0.0002613 secs]
25.441: [GC 25.441: [DefNew: 518K->6K(576K), 0.0001809 secs] 5551K->5039K(5744K), 0.0002225 secs]
25.447: [GC 25.447: [DefNew: 518K->6K(576K), 0.0002062 secs] 5551K->5040K(5744K), 0.0002475 secs]
25.454: [GC 25.454: [DefNew: 518K->6K(576K), 0.0002140 secs] 5552K->5040K(5744K), 0.0002600 secs]
25.461: [GC 25.461: [DefNew: 518K->6K(576K), 0.0002227 secs] 5552K->5041K(5744K), 0.0002713 secs]
25.468: [GC 25.468: [DefNew: 518K->6K(576K), 0.0001992 secs] 5553K->5041K(5744K), 0.0002433 secs]
25.475: [GC 25.475: [DefNew: 518K->6K(576K), 0.0001982 secs] 5553K->5042K(5744K), 0.0002425 secs]
25.482: [GC 25.482: [DefNew: 518K->6K(576K), 0.0002115 secs] 5554K->5042K(5744K), 0.0002579 secs]
25.489: [GC 25.489: [DefNew: 518K->6K(576K), 0.0001794 secs] 5554K->5043K(5744K), 0.0002200 secs]
25.496: [GC 25.496: [DefNew: 518K->6K(576K), 0.0002171 secs] 5555K->5043K(5744K), 0.0002631 secs]
25.503: [GC 25.503: [DefNew: 518K->6K(576K), 0.0001979 secs] 5555K->5043K(5744K), 0.0002427 secs]
25.510: [GC 25.510: [DefNew: 518K->6K(576K), 0.0001897 secs] 5555K->5044K(5744K), 0.0002314 secs]
25.517: [GC 25.517: [DefNew: 518K->6K(576K), 0.0001853 secs] 5556K->5044K(5744K), 0.0002275 secs]
25.524: [GC 25.524: [DefNew: 518K->6K(576K), 0.0002145 secs] 5556K->5045K(5744K), 0.0002615 secs]
25.530: [GC 25.530: [DefNew: 518K->6K(576K), 0.0001942 secs] 5557K->5045K(5744K), 0.0002366 secs]
25.537: [GC 25.537: [DefNew: 518K->6K(576K), 0.0001782 secs] 5557K->5045K(5744K), 0.0002183 secs]
25.544: [GC 25.544: [DefNew: 518K->6K(576K), 0.0001832 secs] 5557K->5046K(5744K), 0.0002257 secs]
25.551: [GC 25.551: [DefNew: 518K->6K(576K), 0.0002130 secs] 5558K->5046K(5744K), 0.0002652 secs]
25.558: [GC 25.558: [DefNew: 518K->6K(576K), 0.0001922 secs] 5558K->5047K(5744K), 0.0002362 secs]
25.565: [GC 25.565: [DefNew: 518K->6K(576K), 0.0002499 secs] 5559K->5047K(5744K), 0.0002986 secs]
25.571: [GC 25.572: [DefNew: 518K->6K(576K), 0.0002068 secs] 5559K->5048K(5744K), 0.0002535 secs]
25.578: [GC 25.578: [DefNew: 518K->6K(576K), 0.0002184 secs] 5560K->5048K(5744K), 0.0002655 secs]
25.585: [GC 25.585: [DefNew: 518K->6K(576K), 0.0002007 secs] 5560K->5049K(5744K), 0.0002416 secs]
25.592: [GC 25.593: [DefNew: 518K->6K(576K), 0.0002036 secs] 5561K->5049K(5744K), 0.0002491 secs]
25.599: [GC 25.599: [DefNew: 518K->6K(576K), 0.0002088 secs] 5561K->5050K(5744K), 0.0002538 secs]
25.606: [GC 25.606: [DefNew: 518K->6K(576K), 0.0001800 secs] 5562K->5050K(5744K), 0.0002418 secs]
25.613: [GC 25.613: [DefNew: 518K->6K(576K), 0.0002066 secs] 5562K->5050K(5744K), 0.0002520 secs]
25.620: [GC 25.620: [DefNew: 518K->6K(576K), 0.0002227 secs] 5562K->5051K(5744K), 0.0002689 secs]
25.627: [GC 25.627: [DefNew: 518K->6K(576K), 0.0004821 secs] 5563K->5051K(5744K), 0.0005270 secs]
25.634: [GC 25.634: [DefNew: 518K->6K(576K), 0.0002075 secs] 5563K->5052K(5744K), 0.0002523 secs]
25.641: [GC 25.641: [DefNew: 518K->6K(576K), 0.0001851 secs] 5564K->5052K(5744K), 0.0002271 secs]
25.648: [GC 25.648: [DefNew: 518K->6K(576K), 0.0001746 secs] 5564K->5052K(5744K), 0.0002141 secs]
25.655: [GC 25.655: [DefNew: 518K->6K(576K), 0.0002176 secs] 5564K->5053K(5744K), 0.0002640 secs]
25.663: [GC 25.663: [DefNew: 518K->6K(576K), 0.0002225 secs] 5565K->5053K(5744K), 0.0003102 secs]
25.670: [GC 25.670: [DefNew: 518K->6K(576K), 0.0002196 secs] 5565K->5054K(5744K), 0.0002666 secs]
25.677: [GC 25.677: [DefNew: 518K->6K(576K), 0.0002194 secs] 5566K->5054K(5744K), 0.0002704 secs]
25.684: [GC 25.684: [DefNew: 518K->6K(576K), 0.0001967 secs] 5566K->5055K(5744K), 0.0002403 secs]
25.690: [GC 25.690: [DefNew: 518K->6K(576K), 0.0002212 secs] 5567K->5055K(5744K), 0.0002690 secs]
25.698: [GC 25.698: [DefNew: 518K->6K(576K), 0.0002082 secs] 5567K->5056K(5744K), 0.0002529 secs]
25.705: [GC 25.705: [DefNew: 518K->6K(576K), 0.0002140 secs] 5568K->5056K(5744K), 0.0002591 secs]
25.711: [GC 25.711: [DefNew: 518K->6K(576K), 0.0002056 secs] 5568K->5056K(5744K), 0.0002507 secs]
25.718: [GC 25.718: [DefNew: 518K->6K(576K), 0.0002057 secs] 5568K->5057K(5744K), 0.0002504 secs]
25.725: [GC 25.725: [DefNew: 518K->6K(576K), 0.0002013 secs] 5569K->5057K(5744K), 0.0002459 secs]
25.732: [GC 25.732: [DefNew: 518K->6K(576K), 0.0002071 secs] 5569K->5058K(5744K), 0.0002521 secs]
25.739: [GC 25.739: [DefNew: 518K->6K(576K), 0.0002367 secs] 5570K->5058K(5744K), 0.0002840 secs]
25.746: [GC 25.746: [DefNew: 518K->6K(576K), 0.0002330 secs] 5570K->5058K(5744K), 0.0002803 secs]
25.753: [GC 25.753: [DefNew: 518K->6K(576K), 0.0002143 secs] 5570K->5059K(5744K), 0.0002631 secs]
25.760: [GC 25.760: [DefNew: 518K->6K(576K), 0.0002220 secs] 5571K->5059K(5744K), 0.0002699 secs]
25.767: [GC 25.767: [DefNew: 518K->6K(576K), 0.0002097 secs] 5571K->5060K(5744K), 0.0002565 secs]
25.774: [GC 25.774: [DefNew: 518K->6K(576K), 0.0002261 secs] 5572K->5060K(5744K), 0.0002745 secs]
25.781: [GC 25.781: [DefNew: 518K->6K(576K), 0.0002036 secs] 5572K->5061K(5744K), 0.0002487 secs]
25.788: [GC 25.788: [DefNew: 518K->6K(576K), 0.0002019 secs] 5573K->5061K(5744K), 0.0002468 secs]
25.795: [GC 25.795: [DefNew: 518K->6K(576K), 0.0001959 secs] 5573K->5062K(5744K), 0.0002735 secs]
25.804: [GC 25.804: [DefNew: 518K->6K(576K), 0.0002277 secs] 5574K->5062K(5744K), 0.0002748 secs]
25.812: [GC 25.812: [DefNew: 518K->6K(576K), 0.0002252 secs] 5574K->5063K(5744K), 0.0002734 secs]
25.819: [GC 25.819: [DefNew: 518K->6K(576K), 0.0002104 secs] 5575K->5063K(5744K), 0.0002562 secs]
25.826: [GC 25.826: [DefNew: 518K->6K(576K), 0.0001968 secs] 5575K->5063K(5744K), 0.0002416 secs]
25.833: [GC 25.833: [DefNew: 518K->6K(576K), 0.0002069 secs] 5575K->5064K(5744K), 0.0002508 secs]
25.840: [GC 25.840: [DefNew: 518K->6K(576K), 0.0002135 secs] 5576K->5064K(5744K), 0.0002597 secs]
25.847: [GC 25.847: [DefNew: 518K->6K(576K), 0.0001704 secs] 5576K->5065K(5744K), 0.0002100 secs]
25.854: [GC 25.854: [DefNew: 518K->6K(576K), 0.0002227 secs] 5577K->5065K(5744K), 0.0002690 secs]
25.861: [GC 25.861: [DefNew: 518K->6K(576K), 0.0002237 secs] 5577K->5065K(5744K), 0.0002726 secs]
25.868: [GC 25.868: [DefNew: 518K->6K(576K), 0.0001889 secs] 5577K->5066K(5744K), 0.0002309 secs]
25.875: [GC 25.875: [DefNew: 518K->6K(576K), 0.0002216 secs] 5578K->5066K(5744K), 0.0002683 secs]
25.882: [GC 25.882: [DefNew: 518K->6K(576K), 0.0002099 secs] 5578K->5067K(5744K), 0.0002556 secs]
25.889: [GC 25.889: [DefNew: 518K->6K(576K), 0.0002084 secs] 5579K->5067K(5744K), 0.0002531 secs]
25.896: [GC 25.896: [DefNew: 518K->6K(576K), 0.0002084 secs] 5579K->5067K(5744K), 0.0002521 secs]
25.903: [GC 25.903: [DefNew: 518K->6K(576K), 0.0002227 secs] 5579K->5068K(5744K), 0.0002694 secs]
25.910: [GC 25.910: [DefNew: 518K->6K(576K), 0.0001942 secs] 5580K->5069K(5744K), 0.0002394 secs]
25.917: [GC 25.917: [DefNew: 518K->6K(576K), 0.0002299 secs] 5581K->5069K(5744K), 0.0002757 secs]
25.924: [GC 25.924: [DefNew: 518K->6K(576K), 0.0002186 secs] 5581K->5069K(5744K), 0.0002654 secs]
25.931: [GC 25.931: [DefNew: 518K->6K(576K), 0.0002368 secs] 5581K->5070K(5744K), 0.0003256 secs]
25.938: [GC 25.938: [DefNew: 518K->6K(576K), 0.0002168 secs] 5582K->5070K(5744K), 0.0002633 secs]
25.945: [GC 25.945: [DefNew: 518K->6K(576K), 0.0002110 secs] 5582K->5071K(5744K), 0.0002562 secs]
25.952: [GC 25.952: [DefNew: 518K->6K(576K), 0.0001865 secs] 5583K->5071K(5744K), 0.0002283 secs]
25.959: [GC 25.959: [DefNew: 518K->6K(576K), 0.0002098 secs] 5583K->5072K(5744K), 0.0002643 secs]
25.966: [GC 25.966: [DefNew: 518K->6K(576K), 0.0002225 secs] 5584K->5072K(5744K), 0.0002689 secs]
25.973: [GC 25.973: [DefNew: 518K->6K(576K), 0.0002105 secs] 5584K->5072K(5744K), 0.0002585 secs]
25.980: [GC 25.980: [DefNew: 518K->6K(576K), 0.0002254 secs] 5584K->5073K(5744K), 0.0002721 secs]
25.987: [GC 25.987: [DefNew: 518K->6K(576K), 0.0002164 secs] 5585K->5073K(5744K), 0.0002623 secs]
25.994: [GC 25.994: [DefNew: 518K->6K(576K), 0.0002118 secs] 5585K->5074K(5744K), 0.0002755 secs]
26.001: [GC 26.001: [DefNew: 518K->6K(576K), 0.0002175 secs] 5586K->5074K(5744K), 0.0002633 secs]
26.008: [GC 26.008: [DefNew: 518K->6K(576K), 0.0002227 secs] 5586K->5075K(5744K), 0.0002672 secs]
26.015: [GC 26.015: [DefNew: 518K->6K(576K), 0.0001801 secs] 5587K->5075K(5744K), 0.0002217 secs]
26.021: [GC 26.021: [DefNew: 518K->6K(576K), 0.0001808 secs] 5587K->5076K(5744K), 0.0002221 secs]
26.029: [GC 26.029: [DefNew: 518K->6K(576K), 0.0002189 secs] 5588K->5076K(5744K), 0.0002657 secs]
26.036: [GC 26.036: [DefNew: 518K->6K(576K), 0.0001961 secs] 5588K->5076K(5744K), 0.0002486 secs]
26.043: [GC 26.043: [DefNew: 518K->6K(576K), 0.0002105 secs] 5588K->5077K(5744K), 0.0002564 secs]
26.049: [GC 26.049: [DefNew: 518K->6K(576K), 0.0001780 secs] 5589K->5077K(5744K), 0.0002185 secs]
26.056: [GC 26.056: [DefNew: 518K->6K(576K), 0.0001931 secs] 5589K->5078K(5744K), 0.0002371 secs]
26.063: [GC 26.063: [DefNew: 518K->6K(576K), 0.0002028 secs] 5590K->5078K(5744K), 0.0002484 secs]
26.070: [GC 26.070: [DefNew: 518K->6K(576K), 0.0001811 secs] 5590K->5078K(5744K), 0.0002221 secs]
26.077: [GC 26.077: [DefNew: 518K->6K(576K), 0.0002055 secs] 5590K->5079K(5744K), 0.0002509 secs]
26.084: [GC 26.084: [DefNew: 518K->6K(576K), 0.0001860 secs] 5591K->5079K(5744K), 0.0002278 secs]
26.091: [GC 26.091: [DefNew: 518K->6K(576K), 0.0002068 secs] 5591K->5080K(5744K), 0.0002510 secs]
26.097: [GC 26.098: [DefNew: 518K->6K(576K), 0.0001721 secs] 5592K->5080K(5744K), 0.0002117 secs]
26.104: [GC 26.104: [DefNew: 518K->6K(576K), 0.0001786 secs] 5592K->5080K(5744K), 0.0002199 secs]
26.111: [GC 26.111: [DefNew: 518K->6K(576K), 0.0002505 secs] 5592K->5081K(5744K), 0.0002966 secs]
26.118: [GC 26.118: [DefNew: 518K->6K(576K), 0.0001715 secs] 5593K->5082K(5744K), 0.0002112 secs]
26.125: [GC 26.125: [DefNew: 518K->6K(576K), 0.0002034 secs] 5594K->5082K(5744K), 0.0002481 secs]
26.131: [GC 26.132: [DefNew: 518K->6K(576K), 0.0001917 secs] 5594K->5082K(5744K), 0.0002330 secs]
26.139: [GC 26.139: [DefNew: 518K->6K(576K), 0.0002049 secs] 5594K->5083K(5744K), 0.0002492 secs]
26.146: [GC 26.146: [DefNew: 518K->6K(576K), 0.0001781 secs] 5595K->5083K(5744K), 0.0002178 secs]
26.153: [GC 26.153: [DefNew: 518K->6K(576K), 0.0002020 secs] 5595K->5084K(5744K), 0.0002468 secs]
26.159: [GC 26.159: [DefNew: 518K->6K(576K), 0.0001778 secs] 5596K->5084K(5744K), 0.0002194 secs]
26.166: [GC 26.166: [DefNew: 518K->6K(576K), 0.0002019 secs] 5596K->5085K(5744K), 0.0002465 secs]
26.173: [GC 26.173: [DefNew: 518K->6K(576K), 0.0001815 secs] 5597K->5085K(5744K), 0.0002216 secs]
26.180: [GC 26.180: [DefNew: 518K->6K(576K), 0.0002107 secs] 5597K->5085K(5744K), 0.0002562 secs]
26.187: [GC 26.187: [DefNew: 518K->6K(576K), 0.0001887 secs] 5597K->5086K(5744K), 0.0002323 secs]
26.193: [GC 26.193: [DefNew: 518K->6K(576K), 0.0001930 secs] 5598K->5086K(5744K), 0.0002337 secs]
26.200: [GC 26.200: [DefNew: 518K->6K(576K), 0.0001993 secs] 5598K->5087K(5744K), 0.0002443 secs]
26.207: [GC 26.207: [DefNew: 518K->6K(576K), 0.0002057 secs] 5599K->5087K(5744K), 0.0002524 secs]
26.214: [GC 26.214: [DefNew: 518K->6K(576K), 0.0001963 secs] 5599K->5087K(5744K), 0.0002393 secs]
26.221: [GC 26.221: [DefNew: 518K->6K(576K), 0.0001798 secs] 5599K->5088K(5744K), 0.0002276 secs]
26.228: [GC 26.228: [DefNew: 518K->6K(576K), 0.0002038 secs] 5600K->5089K(5744K), 0.0002455 secs]
26.234: [GC 26.234: [DefNew: 518K->6K(576K), 0.0002066 secs] 5601K->5089K(5744K), 0.0002520 secs]
26.241: [GC 26.241: [DefNew: 518K->6K(576K), 0.0001845 secs] 5601K->5089K(5744K), 0.0002256 secs]
26.248: [GC 26.248: [DefNew: 518K->6K(576K), 0.0002040 secs] 5601K->5090K(5744K), 0.0002574 secs]
26.255: [GC 26.255: [DefNew: 518K->6K(576K), 0.0001897 secs] 5602K->5090K(5744K), 0.0002302 secs]
26.262: [GC 26.262: [DefNew: 518K->6K(576K), 0.0002039 secs] 5602K->5091K(5744K), 0.0002474 secs]
26.269: [GC 26.269: [DefNew: 518K->6K(576K), 0.0002030 secs] 5603K->5091K(5744K), 0.0002480 secs]
26.275: [GC 26.275: [DefNew: 518K->6K(576K), 0.0002086 secs] 5603K->5091K(5744K), 0.0002506 secs]
26.282: [GC 26.282: [DefNew: 518K->6K(576K), 0.0002042 secs] 5603K->5092K(5744K), 0.0002485 secs]
26.289: [GC 26.289: [DefNew: 518K->6K(576K), 0.0002358 secs] 5604K->5092K(5744K), 0.0002883 secs]
26.296: [GC 26.296: [DefNew: 518K->6K(576K), 0.0002238 secs] 5604K->5093K(5744K), 0.0002711 secs]
26.303: [GC 26.303: [DefNew: 518K->6K(576K), 0.0002055 secs] 5605K->5093K(5744K), 0.0002458 secs]
26.311: [GC 26.311: [DefNew: 518K->6K(576K), 0.0002791 secs] 5605K->5094K(5744K), 0.0003341 secs]
26.318: [GC 26.318: [DefNew: 518K->6K(576K), 0.0002165 secs] 5606K->5094K(5744K), 0.0002620 secs]
26.325: [GC 26.325: [DefNew: 518K->6K(576K), 0.0002206 secs] 5606K->5094K(5744K), 0.0002732 secs]
26.332: [GC 26.332: [DefNew: 518K->6K(576K), 0.0002512 secs] 5606K->5095K(5744K), 0.0003049 secs]
26.340: [GC 26.340: [DefNew: 518K->6K(576K), 0.0002572 secs] 5607K->5095K(5744K), 0.0003055 secs]
26.346: [GC 26.347: [DefNew: 518K->6K(576K), 0.0002153 secs] 5607K->5096K(5744K), 0.0002613 secs]
26.354: [GC 26.354: [DefNew: 518K->6K(576K), 0.0002278 secs] 5608K->5096K(5744K), 0.0002769 secs]
26.362: [GC 26.362: [DefNew: 518K->6K(576K), 0.0002948 secs] 5608K->5097K(5744K), 0.0003515 secs]
26.370: [GC 26.370: [DefNew: 518K->6K(576K), 0.0002218 secs] 5609K->5097K(5744K), 0.0002694 secs]
26.377: [GC 26.377: [DefNew: 518K->6K(576K), 0.0001775 secs] 5609K->5098K(5744K), 0.0002189 secs]
26.384: [GC 26.384: [DefNew: 518K->6K(576K), 0.0002313 secs] 5610K->5098K(5744K), 0.0002830 secs]
26.391: [GC 26.391: [DefNew: 518K->6K(576K), 0.0002462 secs] 5610K->5098K(5744K), 0.0002954 secs]
26.398: [GC 26.398: [DefNew: 518K->6K(576K), 0.0001897 secs] 5610K->5099K(5744K), 0.0002319 secs]
26.405: [GC 26.405: [DefNew: 518K->6K(576K), 0.0002100 secs] 5611K->5099K(5744K), 0.0002574 secs]
26.412: [GC 26.412: [DefNew: 518K->6K(576K), 0.0001821 secs] 5611K->5100K(5744K), 0.0002240 secs]
26.420: [GC 26.420: [DefNew: 518K->6K(576K), 0.0002225 secs] 5612K->5100K(5744K), 0.0002707 secs]
26.427: [GC 26.427: [DefNew: 518K->6K(576K), 0.0002245 secs] 5612K->5100K(5744K), 0.0002713 secs]
26.435: [GC 26.435: [DefNew: 518K->6K(576K), 0.0002399 secs] 5612K->5101K(5744K), 0.0002913 secs]
26.442: [GC 26.442: [DefNew: 518K->6K(576K), 0.0002428 secs] 5613K->5101K(5744K), 0.0002918 secs]
26.449: [GC 26.449: [DefNew: 518K->6K(576K), 0.0002375 secs] 5613K->5102K(5744K), 0.0002869 secs]
26.456: [GC 26.456: [DefNew: 518K->6K(576K), 0.0002414 secs] 5614K->5102K(5744K), 0.0002883 secs]
26.464: [GC 26.464: [DefNew: 518K->6K(576K), 0.0003355 secs] 5614K->5103K(5744K), 0.0003840 secs]
26.472: [GC 26.472: [DefNew: 518K->6K(576K), 0.0002387 secs] 5615K->5103K(5744K), 0.0002874 secs]
26.479: [GC 26.479: [DefNew: 518K->6K(576K), 0.0002413 secs] 5615K->5104K(5744K), 0.0002902 secs]
26.487: [GC 26.487: [DefNew: 518K->6K(576K), 0.0002383 secs] 5616K->5104K(5744K), 0.0002871 secs]
26.494: [GC 26.494: [DefNew: 518K->6K(576K), 0.0002375 secs] 5616K->5104K(5744K), 0.0002863 secs]
26.502: [GC 26.502: [DefNew: 518K->6K(576K), 0.0002370 secs] 5616K->5105K(5744K), 0.0002868 secs]
26.509: [GC 26.509: [DefNew: 518K->6K(576K), 0.0002336 secs] 5617K->5105K(5744K), 0.0002821 secs]
26.516: [GC 26.516: [DefNew: 518K->6K(576K), 0.0002354 secs] 5617K->5106K(5744K), 0.0002844 secs]
26.523: [GC 26.524: [DefNew: 518K->6K(576K), 0.0002483 secs] 5618K->5106K(5744K), 0.0002983 secs]
26.531: [GC 26.531: [DefNew: 518K->6K(576K), 0.0002397 secs] 5618K->5107K(5744K), 0.0002896 secs]
26.538: [GC 26.538: [DefNew: 518K->6K(576K), 0.0002395 secs] 5619K->5107K(5744K), 0.0002899 secs]
26.545: [GC 26.545: [DefNew: 518K->6K(576K), 0.0002407 secs] 5619K->5107K(5744K), 0.0002904 secs]
26.553: [GC 26.553: [DefNew: 518K->6K(576K), 0.0002420 secs] 5619K->5108K(5744K), 0.0002918 secs]
26.561: [GC 26.561: [DefNew: 518K->6K(576K), 0.0002379 secs] 5620K->5108K(5744K), 0.0002892 secs]
26.568: [GC 26.568: [DefNew: 518K->6K(576K), 0.0002393 secs] 5620K->5109K(5744K), 0.0002891 secs]
26.575: [GC 26.575: [DefNew: 518K->6K(576K), 0.0002569 secs] 5621K->5109K(5744K), 0.0003071 secs]
26.582: [GC 26.582: [DefNew: 518K->6K(576K), 0.0002386 secs] 5621K->5110K(5744K), 0.0002866 secs]
26.590: [GC 26.590: [DefNew: 518K->6K(576K), 0.0002408 secs] 5622K->5110K(5744K), 0.0002914 secs]
26.597: [GC 26.597: [DefNew: 518K->6K(576K), 0.0002442 secs] 5622K->5111K(5744K), 0.0002937 secs]
26.605: [GC 26.605: [DefNew: 518K->6K(576K), 0.0002375 secs] 5623K->5111K(5744K), 0.0002869 secs]
26.612: [GC 26.612: [DefNew: 518K->6K(576K), 0.0002332 secs] 5623K->5111K(5744K), 0.0002824 secs]
26.620: [GC 26.620: [DefNew: 518K->6K(576K), 0.0002388 secs] 5623K->5112K(5744K), 0.0002880 secs]
26.627: [GC 26.627: [DefNew: 518K->6K(576K), 0.0002481 secs] 5624K->5112K(5744K), 0.0002986 secs]
26.634: [GC 26.634: [DefNew: 518K->6K(576K), 0.0002268 secs] 5624K->5113K(5744K), 0.0002764 secs]
26.642: [GC 26.642: [DefNew: 518K->6K(576K), 0.0002493 secs] 5625K->5113K(5744K), 0.0002994 secs]
26.652: [GC 26.652: [DefNew: 518K->6K(576K), 0.0002276 secs] 5625K->5113K(5744K), 0.0002756 secs]
26.682: [GC 26.682: [DefNew: 518K->6K(576K), 0.0002545 secs] 5625K->5114K(5744K), 0.0003042 secs]
26.689: [GC 26.689: [DefNew: 518K->6K(576K), 0.0002220 secs] 5626K->5114K(5744K), 0.0002702 secs]
26.696: [GC 26.696: [DefNew: 518K->6K(576K), 0.0002092 secs] 5626K->5115K(5744K), 0.0002563 secs]
26.704: [GC 26.704: [DefNew: 518K->6K(576K), 0.0002081 secs] 5627K->5115K(5744K), 0.0002548 secs]
26.711: [GC 26.711: [DefNew: 518K->6K(576K), 0.0001965 secs] 5627K->5116K(5744K), 0.0002411 secs]
26.718: [GC 26.718: [DefNew: 518K->6K(576K), 0.0002172 secs] 5628K->5116K(5744K), 0.0002635 secs]
26.725: [GC 26.725: [DefNew: 518K->6K(576K), 0.0001980 secs] 5628K->5117K(5744K), 0.0002402 secs]
26.732: [GC 26.732: [DefNew: 518K->6K(576K), 0.0002033 secs] 5629K->5117K(5744K), 0.0002471 secs]
26.740: [GC 26.740: [DefNew: 518K->6K(576K), 0.0002136 secs] 5629K->5117K(5744K), 0.0002596 secs]
26.748: [GC 26.748: [DefNew: 518K->6K(576K), 0.0002161 secs] 5629K->5118K(5744K), 0.0002650 secs]
26.755: [GC 26.755: [DefNew: 518K->6K(576K), 0.0001938 secs] 5630K->5118K(5744K), 0.0002390 secs]
26.762: [GC 26.762: [DefNew: 518K->6K(576K), 0.0002122 secs] 5630K->5119K(5744K), 0.0002594 secs]
26.769: [GC 26.769: [DefNew: 518K->6K(576K), 0.0002100 secs] 5631K->5119K(5744K), 0.0002558 secs]
26.776: [GC 26.776: [DefNew: 518K->6K(576K), 0.0002153 secs] 5631K->5120K(5744K), 0.0002617 secs]
26.783: [GC 26.783: [DefNew: 518K->6K(576K), 0.0001977 secs] 5632K->5120K(5744K), 0.0002426 secs]
26.792: [GC 26.792: [DefNew: 518K->6K(576K), 0.0002271 secs] 5632K->5120K(5744K), 0.0002763 secs]
26.799: [GC 26.799: [DefNew: 518K->6K(576K), 0.0002051 secs] 5632K->5121K(5744K), 0.0002517 secs]
26.806: [GC 26.806: [DefNew: 518K->6K(576K), 0.0002163 secs] 5633K->5121K(5744K), 0.0002645 secs]
26.814: [GC 26.814: [DefNew: 518K->6K(576K), 0.0002490 secs] 5633K->5122K(5744K), 0.0002969 secs]
26.821: [GC 26.821: [DefNew: 518K->6K(576K), 0.0002216 secs] 5634K->5122K(5744K), 0.0002699 secs]
26.828: [GC 26.829: [DefNew: 518K->6K(576K), 0.0002180 secs] 5634K->5123K(5744K), 0.0002652 secs]
26.836: [GC 26.836: [DefNew: 518K->6K(576K), 0.0002280 secs] 5635K->5123K(5744K), 0.0002773 secs]
26.847: [GC 26.847: [DefNew: 518K->6K(576K), 0.0002365 secs] 5635K->5124K(5744K), 0.0002864 secs]
26.854: [GC 26.854: [DefNew: 518K->6K(576K), 0.0002244 secs] 5636K->5124K(5744K), 0.0002726 secs]
26.861: [GC 26.861: [DefNew: 518K->6K(576K), 0.0001733 secs] 5636K->5124K(5744K), 0.0002132 secs]
26.868: [GC 26.868: [DefNew: 518K->6K(576K), 0.0002141 secs] 5636K->5125K(5744K), 0.0002619 secs]
26.875: [GC 26.875: [DefNew: 518K->6K(576K), 0.0002107 secs] 5637K->5125K(5744K), 0.0002577 secs]
26.882: [GC 26.882: [DefNew: 518K->6K(576K), 0.0001792 secs] 5637K->5126K(5744K), 0.0002199 secs]
26.889: [GC 26.889: [DefNew: 518K->6K(576K), 0.0002103 secs] 5638K->5126K(5744K), 0.0002560 secs]
26.896: [GC 26.896: [DefNew: 518K->6K(576K), 0.0001711 secs] 5638K->5126K(5744K), 0.0002115 secs]
26.903: [GC 26.904: [DefNew: 518K->6K(576K), 0.0002163 secs] 5638K->5127K(5744K), 0.0002630 secs]
26.910: [GC 26.910: [DefNew: 518K->6K(576K), 0.0001745 secs] 5639K->5127K(5744K), 0.0002151 secs]
26.917: [GC 26.917: [DefNew: 518K->6K(576K), 0.0001914 secs] 5639K->5128K(5744K), 0.0002389 secs]
26.924: [GC 26.924: [DefNew: 518K->6K(576K), 0.0001996 secs] 5640K->5128K(5744K), 0.0002446 secs]
26.931: [GC 26.931: [DefNew: 518K->6K(576K), 0.0002032 secs] 5640K->5129K(5744K), 0.0002495 secs]
26.938: [GC 26.938: [DefNew: 518K->6K(576K), 0.0001727 secs] 5641K->5129K(5744K), 0.0002124 secs]
26.945: [GC 26.945: [DefNew: 518K->6K(576K), 0.0001728 secs] 5641K->5130K(5744K), 0.0002125 secs]
26.951: [GC 26.951: [DefNew: 518K->6K(576K), 0.0001952 secs] 5642K->5130K(5744K), 0.0002387 secs]
26.958: [GC 26.958: [DefNew: 518K->6K(576K), 0.0001781 secs] 5642K->5130K(5744K), 0.0002178 secs]
26.965: [GC 26.965: [DefNew: 518K->6K(576K), 0.0002073 secs] 5642K->5131K(5744K), 0.0002513 secs]
26.972: [GC 26.972: [DefNew: 518K->6K(576K), 0.0002165 secs] 5643K->5131K(5744K), 0.0002623 secs]
26.979: [GC 26.979: [DefNew: 518K->6K(576K), 0.0001787 secs] 5643K->5132K(5744K), 0.0002264 secs]
26.987: [GC 26.987: [DefNew: 518K->6K(576K), 0.0002219 secs] 5644K->5132K(5744K), 0.0002688 secs]
26.995: [GC 26.995: [DefNew: 518K->6K(576K), 0.0002436 secs] 5644K->5133K(5744K), 0.0002949 secs]
27.002: [GC 27.002: [DefNew: 518K->6K(576K), 0.0002566 secs] 5645K->5133K(5744K), 0.0003113 secs]
27.009: [GC 27.009: [DefNew: 518K->6K(576K), 0.0002234 secs] 5645K->5133K(5744K), 0.0002727 secs]
27.016: [GC 27.016: [DefNew: 518K->6K(576K), 0.0002199 secs] 5645K->5134K(5744K), 0.0002663 secs]
27.023: [GC 27.023: [DefNew: 518K->6K(576K), 0.0002426 secs] 5646K->5134K(5744K), 0.0002943 secs]
27.031: [GC 27.031: [DefNew: 518K->6K(576K), 0.0002236 secs] 5646K->5135K(5744K), 0.0002700 secs]
27.037: [GC 27.037: [DefNew: 518K->6K(576K), 0.0001952 secs] 5647K->5135K(5744K), 0.0002389 secs]
27.044: [GC 27.044: [DefNew: 518K->6K(576K), 0.0001900 secs] 5647K->5135K(5744K), 0.0002323 secs]
27.052: [GC 27.052: [DefNew: 518K->6K(576K), 0.0002187 secs] 5647K->5136K(5744K), 0.0002649 secs]
27.059: [GC 27.059: [DefNew: 518K->6K(576K), 0.0002441 secs] 5648K->5137K(5744K), 0.0002904 secs]
27.066: [GC 27.066: [DefNew: 518K->6K(576K), 0.0001721 secs] 5649K->5137K(5744K), 0.0002120 secs]
27.073: [GC 27.073: [DefNew: 518K->6K(576K), 0.0002091 secs] 5649K->5137K(5744K), 0.0002536 secs]
27.079: [GC 27.079: [DefNew: 518K->6K(576K), 0.0001818 secs] 5649K->5138K(5744K), 0.0002233 secs]
27.086: [GC 27.086: [DefNew: 518K->6K(576K), 0.0001856 secs] 5650K->5138K(5744K), 0.0002294 secs]
27.093: [GC 27.093: [DefNew: 518K->6K(576K), 0.0002039 secs] 5650K->5139K(5744K), 0.0002478 secs]
27.100: [GC 27.100: [DefNew: 518K->6K(576K), 0.0001746 secs] 5651K->5139K(5744K), 0.0002149 secs]
27.107: [GC 27.107: [DefNew: 518K->6K(576K), 0.0001809 secs] 5651K->5139K(5744K), 0.0002226 secs]
27.114: [GC 27.114: [DefNew: 518K->6K(576K), 0.0002068 secs] 5651K->5140K(5744K), 0.0002523 secs]
27.121: [GC 27.121: [DefNew: 518K->6K(576K), 0.0001987 secs] 5652K->5140K(5744K), 0.0002436 secs]
27.127: [GC 27.128: [DefNew: 518K->6K(576K), 0.0001805 secs] 5652K->5141K(5744K), 0.0002215 secs]
27.135: [GC 27.135: [DefNew: 518K->6K(576K), 0.0002316 secs] 5653K->5141K(5744K), 0.0002822 secs]
27.142: [GC 27.142: [DefNew: 518K->6K(576K), 0.0002248 secs] 5653K->5142K(5744K), 0.0002735 secs]
27.149: [GC 27.149: [DefNew: 518K->6K(576K), 0.0002090 secs] 5654K->5142K(5744K), 0.0002562 secs]
27.156: [GC 27.156: [DefNew: 518K->6K(576K), 0.0001979 secs] 5654K->5142K(5744K), 0.0002418 secs]
27.162: [GC 27.162: [DefNew: 518K->6K(576K), 0.0001802 secs] 5654K->5143K(5744K), 0.0002217 secs]
27.169: [GC 27.169: [DefNew: 518K->6K(576K), 0.0002142 secs] 5655K->5143K(5744K), 0.0002610 secs]
27.176: [GC 27.176: [DefNew: 518K->6K(576K), 0.0001812 secs] 5655K->5144K(5744K), 0.0002314 secs]
27.183: [GC 27.183: [DefNew: 518K->6K(576K), 0.0002075 secs] 5656K->5144K(5744K), 0.0002534 secs]
27.190: [GC 27.190: [DefNew: 518K->6K(576K), 0.0001743 secs] 5656K->5145K(5744K), 0.0002137 secs]
27.197: [GC 27.197: [DefNew: 518K->6K(576K), 0.0001746 secs] 5657K->5145K(5744K), 0.0002153 secs]
27.203: [GC 27.203: [DefNew: 518K->6K(576K), 0.0001851 secs] 5657K->5146K(5744K), 0.0002278 secs]
27.210: [GC 27.210: [DefNew: 518K->6K(576K), 0.0002369 secs] 5658K->5146K(5744K), 0.0002879 secs]
27.218: [GC 27.218: [DefNew: 518K->6K(576K), 0.0002345 secs] 5658K->5146K(5744K), 0.0002823 secs]
27.225: [GC 27.225: [DefNew: 518K->6K(576K), 0.0002154 secs] 5658K->5147K(5744K), 0.0002617 secs]
27.233: [GC 27.233: [DefNew: 518K->6K(576K), 0.0002888 secs] 5659K->5147K(5744K), 0.0003442 secs]
27.241: [GC 27.241: [DefNew: 518K->6K(576K), 0.0002537 secs] 5659K->5148K(5744K), 0.0003061 secs]
27.248: [GC 27.249: [DefNew: 518K->6K(576K), 0.0002312 secs] 5660K->5148K(5744K), 0.0002788 secs]
27.256: [GC 27.256: [DefNew: 518K->6K(576K), 0.0002289 secs] 5660K->5148K(5744K), 0.0002850 secs]
27.263: [GC 27.263: [DefNew: 518K->6K(576K), 0.0002560 secs] 5660K->5149K(5744K), 0.0003099 secs]
27.270: [GC 27.270: [DefNew: 518K->6K(576K), 0.0002225 secs] 5661K->5149K(5744K), 0.0002704 secs]
27.278: [GC 27.278: [DefNew: 518K->6K(576K), 0.0002368 secs] 5661K->5150K(5744K), 0.0002901 secs]
27.285: [GC 27.285: [DefNew: 518K->6K(576K), 0.0001822 secs] 5662K->5150K(5744K), 0.0002237 secs]
27.292: [GC 27.292: [DefNew: 518K->6K(576K), 0.0002220 secs] 5662K->5151K(5744K), 0.0002736 secs]
27.298: [GC 27.298: [DefNew: 518K->6K(576K), 0.0002015 secs] 5663K->5151K(5744K), 0.0002458 secs]
27.305: [GC 27.305: [DefNew: 518K->6K(576K), 0.0002032 secs] 5663K->5152K(5744K), 0.0002510 secs]
27.312: [GC 27.312: [DefNew: 518K->6K(576K), 0.0001780 secs] 5664K->5152K(5744K), 0.0002182 secs]
27.320: [GC 27.320: [DefNew: 518K->6K(576K), 0.0002166 secs] 5664K->5152K(5744K), 0.0002631 secs]
27.326: [GC 27.326: [DefNew: 518K->6K(576K), 0.0001827 secs] 5664K->5153K(5744K), 0.0002257 secs]
27.333: [GC 27.333: [DefNew: 518K->6K(576K), 0.0002065 secs] 5665K->5153K(5744K), 0.0002511 secs]
27.341: [GC 27.341: [DefNew: 518K->6K(576K), 0.0002020 secs] 5665K->5154K(5744K), 0.0002469 secs]
27.347: [GC 27.347: [DefNew: 518K->6K(576K), 0.0001750 secs] 5666K->5154K(5744K), 0.0002170 secs]
27.354: [GC 27.354: [DefNew: 518K->6K(576K), 0.0002112 secs] 5666K->5155K(5744K), 0.0002567 secs]
27.361: [GC 27.361: [DefNew: 518K->6K(576K), 0.0001757 secs] 5667K->5155K(5744K), 0.0002162 secs]
27.368: [GC 27.368: [DefNew: 518K->6K(576K), 0.0001804 secs] 5667K->5155K(5744K), 0.0002214 secs]
27.375: [GC 27.375: [DefNew: 518K->6K(576K), 0.0002078 secs] 5667K->5156K(5744K), 0.0002539 secs]
27.381: [GC 27.382: [DefNew: 518K->6K(576K), 0.0001805 secs] 5668K->5156K(5744K), 0.0002216 secs]
27.388: [GC 27.388: [DefNew: 518K->6K(576K), 0.0001854 secs] 5668K->5157K(5744K), 0.0002276 secs]
27.395: [GC 27.395: [DefNew: 518K->6K(576K), 0.0001788 secs] 5669K->5157K(5744K), 0.0002199 secs]
27.403: [GC 27.403: [DefNew: 518K->6K(576K), 0.0002153 secs] 5669K->5158K(5744K), 0.0002614 secs]
27.410: [GC 27.410: [DefNew: 518K->6K(576K), 0.0002106 secs] 5670K->5158K(5744K), 0.0002573 secs]
27.417: [GC 27.417: [DefNew: 518K->6K(576K), 0.0001896 secs] 5670K->5159K(5744K), 0.0002315 secs]
27.423: [GC 27.424: [DefNew: 518K->6K(576K), 0.0002189 secs] 5671K->5159K(5744K), 0.0002660 secs]
27.430: [GC 27.430: [DefNew: 518K->6K(576K), 0.0002153 secs] 5671K->5159K(5744K), 0.0002621 secs]
27.437: [GC 27.437: [DefNew: 518K->6K(576K), 0.0001923 secs] 5671K->5160K(5744K), 0.0002367 secs]
27.444: [GC 27.444: [DefNew: 518K->6K(576K), 0.0002047 secs] 5672K->5160K(5744K), 0.0002499 secs]
27.451: [GC 27.451: [DefNew: 518K->6K(576K), 0.0002229 secs] 5672K->5161K(5744K), 0.0002704 secs]
27.458: [GC 27.458: [DefNew: 518K->6K(576K), 0.0001753 secs] 5673K->5161K(5744K), 0.0002163 secs]
27.465: [GC 27.465: [DefNew: 518K->6K(576K), 0.0002155 secs] 5673K->5161K(5744K), 0.0002612 secs]
27.472: [GC 27.472: [DefNew: 518K->6K(576K), 0.0002262 secs] 5673K->5162K(5744K), 0.0002729 secs]
27.479: [GC 27.479: [DefNew: 518K->6K(576K), 0.0002242 secs] 5674K->5162K(5744K), 0.0002976 secs]
27.486: [GC 27.486: [DefNew: 518K->6K(576K), 0.0001760 secs] 5674K->5163K(5744K), 0.0002167 secs]
27.493: [GC 27.493: [DefNew: 518K->6K(576K), 0.0002142 secs] 5675K->5163K(5744K), 0.0002603 secs]
27.500: [GC 27.500: [DefNew: 518K->6K(576K), 0.0002079 secs] 5675K->5164K(5744K), 0.0002521 secs]
27.507: [GC 27.507: [DefNew: 518K->6K(576K), 0.0005779 secs] 5676K->5164K(5744K), 0.0006318 secs]
27.514: [GC 27.514: [DefNew: 518K->6K(576K), 0.0002906 secs] 5676K->5165K(5744K), 0.0003474 secs]
27.522: [GC 27.522: [DefNew: 518K->6K(576K), 0.0002156 secs]27.522: [Tenured: 5158K->4523K(5168K), 0.0426701 secs] 5677K->4523K(5744K), 0.0430111 secs]
27.572: [GC 27.572: [DefNew: 512K->0K(576K), 0.0002038 secs] 5035K->4524K(8116K), 0.0002514 secs]
27.579: [GC 27.579: [DefNew: 512K->1K(576K), 0.0002044 secs] 5036K->4525K(8116K), 0.0002510 secs]
27.586: [GC 27.586: [DefNew: 513K->1K(576K), 0.0001703 secs] 5037K->4525K(8116K), 0.0002128 secs]
27.593: [GC 27.593: [DefNew: 513K->2K(576K), 0.0001856 secs] 5037K->4525K(8116K), 0.0002301 secs]
27.600: [GC 27.600: [DefNew: 514K->2K(576K), 0.0001980 secs] 5037K->4526K(8116K), 0.0002426 secs]
27.607: [GC 27.607: [DefNew: 514K->3K(576K), 0.0002113 secs] 5038K->4526K(8116K), 0.0002589 secs]
27.614: [GC 27.614: [DefNew: 515K->3K(576K), 0.0001847 secs] 5038K->4527K(8116K), 0.0002288 secs]
27.622: [GC 27.622: [DefNew: 515K->3K(576K), 0.0002376 secs] 5039K->4527K(8116K), 0.0002847 secs]
27.629: [GC 27.629: [DefNew: 515K->4K(576K), 0.0001751 secs] 5039K->4527K(8116K), 0.0002153 secs]
27.636: [GC 27.636: [DefNew: 516K->4K(576K), 0.0001981 secs] 5039K->4528K(8116K), 0.0002418 secs]
27.643: [GC 27.643: [DefNew: 516K->5K(576K), 0.0001852 secs] 5040K->4528K(8116K), 0.0002261 secs]
27.650: [GC 27.650: [DefNew: 517K->5K(576K), 0.0001788 secs] 5040K->4529K(8116K), 0.0002276 secs]
27.657: [GC 27.657: [DefNew: 517K->5K(576K), 0.0001871 secs] 5041K->4529K(8116K), 0.0002309 secs]
27.664: [GC 27.664: [DefNew: 517K->6K(576K), 0.0001717 secs] 5041K->4530K(8116K), 0.0002114 secs]
27.671: [GC 27.671: [DefNew: 518K->6K(576K), 0.0002497 secs] 5042K->4530K(8116K), 0.0002980 secs]
27.678: [GC 27.678: [DefNew: 518K->6K(576K), 0.0001975 secs] 5042K->4531K(8116K), 0.0002415 secs]
27.685: [GC 27.685: [DefNew: 518K->6K(576K), 0.0002152 secs] 5043K->4531K(8116K), 0.0002610 secs]
27.692: [GC 27.693: [DefNew: 518K->6K(576K), 0.0002026 secs] 5043K->4531K(8116K), 0.0002469 secs]
27.699: [GC 27.700: [DefNew: 518K->6K(576K), 0.0001935 secs] 5043K->4532K(8116K), 0.0002376 secs]
27.706: [GC 27.707: [DefNew: 518K->6K(576K), 0.0002015 secs] 5044K->4532K(8116K), 0.0002471 secs]
27.714: [GC 27.714: [DefNew: 518K->6K(576K), 0.0001928 secs] 5044K->4533K(8116K), 0.0002369 secs]
27.721: [GC 27.721: [DefNew: 518K->6K(576K), 0.0001989 secs] 5045K->4533K(8116K), 0.0002423 secs]
27.728: [GC 27.728: [DefNew: 518K->6K(576K), 0.0002123 secs] 5045K->4534K(8116K), 0.0002584 secs]
27.735: [GC 27.735: [DefNew: 518K->6K(576K), 0.0002790 secs] 5046K->4534K(8116K), 0.0003270 secs]
27.742: [GC 27.742: [DefNew: 518K->6K(576K), 0.0001770 secs] 5046K->4534K(8116K), 0.0002180 secs]
27.749: [GC 27.749: [DefNew: 518K->6K(576K), 0.0002181 secs] 5046K->4535K(8116K), 0.0002645 secs]
27.756: [GC 27.756: [DefNew: 518K->6K(576K), 0.0001914 secs] 5047K->4535K(8116K), 0.0002361 secs]
27.763: [GC 27.763: [DefNew: 518K->6K(576K), 0.0001945 secs] 5047K->4536K(8116K), 0.0002457 secs]
27.770: [GC 27.770: [DefNew: 518K->6K(576K), 0.0002105 secs] 5048K->4536K(8116K), 0.0002565 secs]
27.778: [GC 27.778: [DefNew: 518K->6K(576K), 0.0002188 secs] 5048K->4537K(8116K), 0.0002661 secs]
27.785: [GC 27.785: [DefNew: 518K->6K(576K), 0.0001739 secs] 5049K->4537K(8116K), 0.0002143 secs]
27.792: [GC 27.792: [DefNew: 518K->6K(576K), 0.0002138 secs] 5049K->4538K(8116K), 0.0002600 secs]
27.800: [GC 27.800: [DefNew: 518K->6K(576K), 0.0002215 secs] 5050K->4538K(8116K), 0.0002686 secs]
27.808: [GC 27.808: [DefNew: 518K->6K(576K), 0.0002182 secs] 5050K->4538K(8116K), 0.0002758 secs]
27.815: [GC 27.815: [DefNew: 518K->6K(576K), 0.0001876 secs] 5050K->4539K(8116K), 0.0002306 secs]
27.822: [GC 27.822: [DefNew: 518K->6K(576K), 0.0002139 secs] 5051K->4539K(8116K), 0.0002593 secs]
27.829: [GC 27.829: [DefNew: 518K->6K(576K), 0.0002071 secs] 5051K->4540K(8116K), 0.0002525 secs]
27.836: [GC 27.836: [DefNew: 518K->6K(576K), 0.0001758 secs] 5052K->4540K(8116K), 0.0002164 secs]
27.843: [GC 27.843: [DefNew: 518K->6K(576K), 0.0002174 secs] 5052K->4540K(8116K), 0.0002641 secs]
27.850: [GC 27.850: [DefNew: 518K->6K(576K), 0.0002117 secs] 5052K->4541K(8116K), 0.0002565 secs]
27.857: [GC 27.857: [DefNew: 518K->6K(576K), 0.0001801 secs] 5053K->4541K(8116K), 0.0002225 secs]
27.865: [GC 27.865: [DefNew: 518K->6K(576K), 0.0002183 secs] 5053K->4542K(8116K), 0.0002650 secs]
27.873: [GC 27.873: [DefNew: 518K->6K(576K), 0.0002184 secs] 5054K->4542K(8116K), 0.0002660 secs]
27.880: [GC 27.880: [DefNew: 518K->6K(576K), 0.0001972 secs] 5054K->4543K(8116K), 0.0002425 secs]
27.887: [GC 27.887: [DefNew: 518K->6K(576K), 0.0002161 secs] 5055K->4543K(8116K), 0.0002617 secs]
27.894: [GC 27.894: [DefNew: 518K->6K(576K), 0.0002170 secs] 5055K->4544K(8116K), 0.0002636 secs]
27.902: [GC 27.902: [DefNew: 518K->6K(576K), 0.0002205 secs] 5056K->4544K(8116K), 0.0002675 secs]
27.909: [GC 27.909: [DefNew: 518K->6K(576K), 0.0001856 secs] 5056K->4544K(8116K), 0.0002277 secs]
27.916: [GC 27.916: [DefNew: 518K->6K(576K), 0.0002181 secs] 5056K->4545K(8116K), 0.0002636 secs]
27.923: [GC 27.923: [DefNew: 518K->6K(576K), 0.0002216 secs] 5057K->4545K(8116K), 0.0002688 secs]
27.930: [GC 27.930: [DefNew: 518K->6K(576K), 0.0001795 secs] 5057K->4546K(8116K), 0.0002209 secs]
27.937: [GC 27.937: [DefNew: 518K->6K(576K), 0.0001902 secs] 5058K->4546K(8116K), 0.0002340 secs]
27.944: [GC 27.944: [DefNew: 518K->6K(576K), 0.0001785 secs] 5058K->4547K(8116K), 0.0002192 secs]
27.951: [GC 27.951: [DefNew: 518K->6K(576K), 0.0001856 secs] 5059K->4547K(8116K), 0.0002286 secs]
27.957: [GC 27.958: [DefNew: 518K->6K(576K), 0.0001685 secs] 5059K->4547K(8116K), 0.0002079 secs]
27.965: [GC 27.965: [DefNew: 518K->6K(576K), 0.0001953 secs] 5059K->4548K(8116K), 0.0002390 secs]
27.972: [GC 27.972: [DefNew: 518K->6K(576K), 0.0001743 secs] 5060K->4548K(8116K), 0.0002151 secs]
27.978: [GC 27.978: [DefNew: 518K->6K(576K), 0.0001994 secs] 5060K->4549K(8116K), 0.0002446 secs]
27.985: [GC 27.985: [DefNew: 518K->6K(576K), 0.0002042 secs] 5061K->4549K(8116K), 0.0002569 secs]
27.992: [GC 27.992: [DefNew: 518K->6K(576K), 0.0001734 secs] 5061K->4549K(8116K), 0.0002200 secs]
27.999: [GC 27.999: [DefNew: 518K->6K(576K), 0.0002059 secs] 5061K->4550K(8116K), 0.0002518 secs]
28.006: [GC 28.006: [DefNew: 518K->6K(576K), 0.0001688 secs] 5062K->4550K(8116K), 0.0002084 secs]
28.013: [GC 28.013: [DefNew: 518K->6K(576K), 0.0001783 secs] 5062K->4551K(8116K), 0.0002198 secs]
28.020: [GC 28.020: [DefNew: 518K->6K(576K), 0.0001885 secs] 5063K->4551K(8116K), 0.0002314 secs]
28.027: [GC 28.027: [DefNew: 518K->6K(576K), 0.0001896 secs] 5063K->4552K(8116K), 0.0002708 secs]
28.034: [GC 28.034: [DefNew: 518K->6K(576K), 0.0001730 secs] 5064K->4552K(8116K), 0.0002138 secs]
28.041: [GC 28.041: [DefNew: 518K->6K(576K), 0.0002049 secs] 5064K->4553K(8116K), 0.0002553 secs]
28.048: [GC 28.048: [DefNew: 518K->6K(576K), 0.0001737 secs] 5065K->4553K(8116K), 0.0002140 secs]
28.055: [GC 28.055: [DefNew: 518K->6K(576K), 0.0001725 secs] 5065K->4553K(8116K), 0.0002128 secs]
28.062: [GC 28.062: [DefNew: 518K->6K(576K), 0.0002135 secs] 5065K->4554K(8116K), 0.0002597 secs]
28.069: [GC 28.069: [DefNew: 518K->6K(576K), 0.0002227 secs] 5066K->4554K(8116K), 0.0002658 secs]
28.076: [GC 28.076: [DefNew: 518K->6K(576K), 0.0002224 secs] 5066K->4555K(8116K), 0.0002694 secs]
28.083: [GC 28.083: [DefNew: 518K->6K(576K), 0.0002006 secs] 5067K->4555K(8116K), 0.0002466 secs]
28.090: [GC 28.090: [DefNew: 518K->6K(576K), 0.0002825 secs] 5067K->4556K(8116K), 0.0003292 secs]
28.097: [GC 28.097: [DefNew: 518K->6K(576K), 0.0002136 secs] 5068K->4556K(8116K), 0.0002590 secs]
28.105: [GC 28.105: [DefNew: 518K->6K(576K), 0.0002201 secs] 5068K->4556K(8116K), 0.0002750 secs]
28.112: [GC 28.112: [DefNew: 518K->6K(576K), 0.0002115 secs] 5068K->4557K(8116K), 0.0002579 secs]
28.119: [GC 28.119: [DefNew: 518K->6K(576K), 0.0002191 secs] 5069K->4557K(8116K), 0.0002646 secs]
28.126: [GC 28.126: [DefNew: 518K->6K(576K), 0.0002135 secs] 5069K->4558K(8116K), 0.0002599 secs]
28.133: [GC 28.133: [DefNew: 518K->6K(576K), 0.0002082 secs] 5070K->4558K(8116K), 0.0002538 secs]
28.140: [GC 28.140: [DefNew: 518K->6K(576K), 0.0001810 secs] 5070K->4559K(8116K), 0.0002229 secs]
28.147: [GC 28.147: [DefNew: 518K->6K(576K), 0.0002383 secs] 5071K->4559K(8116K), 0.0002836 secs]
28.154: [GC 28.154: [DefNew: 518K->6K(576K), 0.0002233 secs] 5071K->4560K(8116K), 0.0002701 secs]
28.161: [GC 28.161: [DefNew: 518K->6K(576K), 0.0001782 secs] 5072K->4560K(8116K), 0.0002202 secs]
28.168: [GC 28.169: [DefNew: 518K->6K(576K), 0.0002196 secs] 5072K->4560K(8116K), 0.0002661 secs]
28.176: [GC 28.176: [DefNew: 518K->6K(576K), 0.0002247 secs] 5072K->4561K(8116K), 0.0002732 secs]
28.183: [GC 28.183: [DefNew: 518K->6K(576K), 0.0002070 secs] 5073K->4561K(8116K), 0.0002996 secs]
28.190: [GC 28.190: [DefNew: 518K->6K(576K), 0.0002081 secs] 5073K->4562K(8116K), 0.0002519 secs]
28.197: [GC 28.197: [DefNew: 518K->6K(576K), 0.0002083 secs] 5074K->4562K(8116K), 0.0002540 secs]
28.204: [GC 28.204: [DefNew: 518K->6K(576K), 0.0001730 secs] 5074K->4562K(8116K), 0.0002139 secs]
28.211: [GC 28.211: [DefNew: 518K->6K(576K), 0.0002049 secs] 5074K->4563K(8116K), 0.0002755 secs]
28.218: [GC 28.218: [DefNew: 518K->6K(576K), 0.0002003 secs] 5075K->4563K(8116K), 0.0002459 secs]
28.225: [GC 28.225: [DefNew: 518K->6K(576K), 0.0001702 secs] 5075K->4564K(8116K), 0.0002103 secs]
28.232: [GC 28.232: [DefNew: 518K->6K(576K), 0.0002135 secs] 5076K->4564K(8116K), 0.0002598 secs]
28.239: [GC 28.239: [DefNew: 518K->6K(576K), 0.0002194 secs] 5076K->4564K(8116K), 0.0002681 secs]
28.246: [GC 28.246: [DefNew: 518K->6K(576K), 0.0001972 secs] 5076K->4565K(8116K), 0.0002414 secs]
28.253: [GC 28.253: [DefNew: 518K->6K(576K), 0.0001718 secs] 5077K->4565K(8116K), 0.0002125 secs]
28.260: [GC 28.260: [DefNew: 518K->6K(576K), 0.0001834 secs] 5077K->4566K(8116K), 0.0002256 secs]
28.267: [GC 28.267: [DefNew: 518K->6K(576K), 0.0001688 secs] 5078K->4566K(8116K), 0.0002092 secs]
28.274: [GC 28.274: [DefNew: 518K->6K(576K), 0.0001858 secs] 5078K->4567K(8116K), 0.0002276 secs]
28.281: [GC 28.281: [DefNew: 518K->6K(576K), 0.0002073 secs] 5079K->4567K(8116K), 0.0002530 secs]
28.287: [GC 28.287: [DefNew: 518K->6K(576K), 0.0001755 secs] 5079K->4568K(8116K), 0.0002164 secs]
28.294: [GC 28.294: [DefNew: 518K->6K(576K), 0.0001719 secs] 5080K->4568K(8116K), 0.0002132 secs]
28.301: [GC 28.301: [DefNew: 518K->6K(576K), 0.0002101 secs] 5080K->4569K(8116K), 0.0002557 secs]
28.309: [GC 28.309: [DefNew: 518K->6K(576K), 0.0002106 secs] 5081K->4569K(8116K), 0.0002570 secs]
28.316: [GC 28.316: [DefNew: 518K->6K(576K), 0.0002032 secs] 5081K->4569K(8116K), 0.0002479 secs]
28.323: [GC 28.323: [DefNew: 518K->6K(576K), 0.0002235 secs] 5081K->4570K(8116K), 0.0002702 secs]
28.330: [GC 28.330: [DefNew: 518K->6K(576K), 0.0001789 secs] 5082K->4570K(8116K), 0.0002262 secs]
28.337: [GC 28.338: [DefNew: 518K->6K(576K), 0.0002128 secs] 5082K->4571K(8116K), 0.0002596 secs]
28.345: [GC 28.345: [DefNew: 518K->6K(576K), 0.0002113 secs] 5083K->4571K(8116K), 0.0002567 secs]
28.351: [GC 28.351: [DefNew: 518K->6K(576K), 0.0001743 secs] 5083K->4571K(8116K), 0.0002146 secs]
28.359: [GC 28.359: [DefNew: 518K->6K(576K), 0.0002186 secs] 5083K->4572K(8116K), 0.0002697 secs]
28.366: [GC 28.366: [DefNew: 518K->6K(576K), 0.0002010 secs] 5084K->4572K(8116K), 0.0002457 secs]
28.373: [GC 28.373: [DefNew: 518K->6K(576K), 0.0002263 secs] 5084K->4573K(8116K), 0.0002747 secs]
28.380: [GC 28.380: [DefNew: 518K->6K(576K), 0.0002168 secs] 5085K->4573K(8116K), 0.0002630 secs]
28.387: [GC 28.387: [DefNew: 518K->6K(576K), 0.0002040 secs] 5085K->4573K(8116K), 0.0002496 secs]
28.394: [GC 28.394: [DefNew: 518K->6K(576K), 0.0002257 secs] 5085K->4574K(8116K), 0.0002733 secs]
28.401: [GC 28.402: [DefNew: 518K->6K(576K), 0.0002139 secs] 5086K->4575K(8116K), 0.0002673 secs]
28.409: [GC 28.409: [DefNew: 518K->6K(576K), 0.0002088 secs] 5087K->4575K(8116K), 0.0002543 secs]
28.417: [GC 28.417: [DefNew: 518K->6K(576K), 0.0002313 secs] 5087K->4575K(8116K), 0.0002794 secs]
28.424: [GC 28.424: [DefNew: 518K->6K(576K), 0.0001779 secs] 5087K->4576K(8116K), 0.0002181 secs]
28.431: [GC 28.431: [DefNew: 518K->6K(576K), 0.0002617 secs] 5088K->4576K(8116K), 0.0003095 secs]
28.438: [GC 28.438: [DefNew: 518K->6K(576K), 0.0002206 secs] 5088K->4577K(8116K), 0.0002677 secs]
28.445: [GC 28.445: [DefNew: 518K->6K(576K), 0.0001781 secs] 5089K->4577K(8116K), 0.0002192 secs]
28.452: [GC 28.452: [DefNew: 518K->6K(576K), 0.0002190 secs] 5089K->4577K(8116K), 0.0002639 secs]
28.459: [GC 28.459: [DefNew: 518K->6K(576K), 0.0002074 secs] 5089K->4578K(8116K), 0.0002532 secs]
28.466: [GC 28.466: [DefNew: 518K->6K(576K), 0.0001966 secs] 5090K->4578K(8116K), 0.0002412 secs]
28.474: [GC 28.474: [DefNew: 518K->6K(576K), 0.0002030 secs] 5090K->4579K(8116K), 0.0002513 secs]
28.481: [GC 28.481: [DefNew: 518K->6K(576K), 0.0002163 secs] 5091K->4579K(8116K), 0.0002635 secs]
28.488: [GC 28.488: [DefNew: 518K->6K(576K), 0.0002078 secs] 5091K->4580K(8116K), 0.0002508 secs]
28.495: [GC 28.495: [DefNew: 518K->6K(576K), 0.0002491 secs] 5092K->4580K(8116K), 0.0002942 secs]
28.502: [GC 28.502: [DefNew: 518K->6K(576K), 0.0001746 secs] 5092K->4580K(8116K), 0.0002157 secs]
28.509: [GC 28.509: [DefNew: 518K->6K(576K), 0.0001757 secs] 5092K->4581K(8116K), 0.0002160 secs]
28.516: [GC 28.516: [DefNew: 518K->6K(576K), 0.0001875 secs] 5093K->4582K(8116K), 0.0002305 secs]
28.523: [GC 28.523: [DefNew: 518K->6K(576K), 0.0001687 secs] 5094K->4582K(8116K), 0.0002082 secs]
28.530: [GC 28.530: [DefNew: 518K->6K(576K), 0.0001957 secs] 5094K->4582K(8116K), 0.0002395 secs]
28.537: [GC 28.537: [DefNew: 518K->6K(576K), 0.0001742 secs] 5094K->4583K(8116K), 0.0002146 secs]
28.544: [GC 28.544: [DefNew: 518K->6K(576K), 0.0001709 secs] 5095K->4583K(8116K), 0.0002110 secs]
28.551: [GC 28.551: [DefNew: 518K->6K(576K), 0.0002166 secs] 5095K->4584K(8116K), 0.0002626 secs]
28.558: [GC 28.558: [DefNew: 518K->6K(576K), 0.0001961 secs] 5096K->4584K(8116K), 0.0002405 secs]
28.565: [GC 28.565: [DefNew: 518K->6K(576K), 0.0001705 secs] 5096K->4584K(8116K), 0.0002107 secs]
28.572: [GC 28.572: [DefNew: 518K->6K(576K), 0.0001778 secs] 5096K->4585K(8116K), 0.0002188 secs]
28.579: [GC 28.579: [DefNew: 518K->6K(576K), 0.0001989 secs] 5097K->4585K(8116K), 0.0002427 secs]
28.586: [GC 28.586: [DefNew: 518K->6K(576K), 0.0002279 secs] 5097K->4586K(8116K), 0.0002764 secs]
28.594: [GC 28.594: [DefNew: 518K->6K(576K), 0.0002202 secs] 5098K->4586K(8116K), 0.0002673 secs]
28.602: [GC 28.602: [DefNew: 518K->6K(576K), 0.0002193 secs] 5098K->4586K(8116K), 0.0002669 secs]
28.609: [GC 28.609: [DefNew: 518K->6K(576K), 0.0002194 secs] 5098K->4587K(8116K), 0.0002673 secs]
28.617: [GC 28.617: [DefNew: 518K->6K(576K), 0.0002156 secs] 5099K->4587K(8116K), 0.0002628 secs]
28.626: [GC 28.626: [DefNew: 518K->6K(576K), 0.0002298 secs] 5099K->4588K(8116K), 0.0002788 secs]
28.634: [GC 28.634: [DefNew: 518K->6K(576K), 0.0002253 secs] 5100K->4588K(8116K), 0.0002736 secs]
28.642: [GC 28.642: [DefNew: 518K->6K(576K), 0.0002283 secs] 5100K->4589K(8116K), 0.0002777 secs]
28.650: [GC 28.650: [DefNew: 518K->6K(576K), 0.0002416 secs] 5101K->4589K(8116K), 0.0002923 secs]
28.657: [GC 28.657: [DefNew: 518K->6K(576K), 0.0002206 secs] 5101K->4590K(8116K), 0.0002678 secs]
28.664: [GC 28.664: [DefNew: 518K->6K(576K), 0.0002273 secs] 5102K->4590K(8116K), 0.0002746 secs]
28.671: [GC 28.671: [DefNew: 518K->6K(576K), 0.0002045 secs] 5102K->4590K(8116K), 0.0002496 secs]
28.678: [GC 28.678: [DefNew: 518K->6K(576K), 0.0002029 secs] 5102K->4591K(8116K), 0.0002486 secs]
28.686: [GC 28.686: [DefNew: 518K->6K(576K), 0.0001972 secs] 5103K->4591K(8116K), 0.0002421 secs]
28.693: [GC 28.693: [DefNew: 518K->6K(576K), 0.0001754 secs] 5103K->4592K(8116K), 0.0002162 secs]
28.700: [GC 28.700: [DefNew: 518K->6K(576K), 0.0002233 secs] 5104K->4592K(8116K), 0.0002703 secs]
28.707: [GC 28.707: [DefNew: 518K->6K(576K), 0.0002170 secs] 5104K->4593K(8116K), 0.0002584 secs]
28.714: [GC 28.715: [DefNew: 518K->6K(576K), 0.0002061 secs] 5105K->4593K(8116K), 0.0002519 secs]
28.721: [GC 28.721: [DefNew: 518K->6K(576K), 0.0001727 secs] 5105K->4593K(8116K), 0.0002121 secs]
28.728: [GC 28.728: [DefNew: 518K->6K(576K), 0.0001740 secs] 5105K->4594K(8116K), 0.0002154 secs]
28.735: [GC 28.735: [DefNew: 518K->6K(576K), 0.0001999 secs] 5106K->4595K(8116K), 0.0002496 secs]
28.742: [GC 28.742: [DefNew: 518K->6K(576K), 0.0001719 secs] 5107K->4595K(8116K), 0.0002119 secs]
28.749: [GC 28.749: [DefNew: 518K->6K(576K), 0.0001986 secs] 5107K->4595K(8116K), 0.0002426 secs]
28.756: [GC 28.756: [DefNew: 518K->6K(576K), 0.0001732 secs] 5107K->4596K(8116K), 0.0002198 secs]
28.763: [GC 28.764: [DefNew: 518K->6K(576K), 0.0002299 secs] 5108K->4596K(8116K), 0.0002796 secs]
28.771: [GC 28.771: [DefNew: 518K->6K(576K), 0.0002271 secs] 5108K->4597K(8116K), 0.0003225 secs]
28.786: [GC 28.786: [DefNew: 518K->6K(576K), 0.0003573 secs] 5109K->4597K(8116K), 0.0004241 secs]
28.795: [GC 28.795: [DefNew: 518K->6K(576K), 0.0003030 secs] 5109K->4597K(8116K), 0.0003657 secs]
28.805: [GC 28.805: [DefNew: 518K->6K(576K), 0.0002384 secs] 5109K->4598K(8116K), 0.0002891 secs]
28.812: [GC 28.812: [DefNew: 518K->6K(576K), 0.0002227 secs] 5110K->4598K(8116K), 0.0002693 secs]
28.819: [GC 28.819: [DefNew: 518K->6K(576K), 0.0001928 secs] 5110K->4599K(8116K), 0.0002374 secs]
28.826: [GC 28.826: [DefNew: 518K->6K(576K), 0.0001871 secs] 5111K->4599K(8116K), 0.0002296 secs]
28.833: [GC 28.833: [DefNew: 518K->6K(576K), 0.0001826 secs] 5111K->4599K(8116K), 0.0002233 secs]
28.840: [GC 28.840: [DefNew: 518K->6K(576K), 0.0001998 secs] 5111K->4600K(8116K), 0.0002445 secs]
28.847: [GC 28.847: [DefNew: 518K->6K(576K), 0.0001892 secs] 5112K->4600K(8116K), 0.0002697 secs]
28.854: [GC 28.854: [DefNew: 518K->6K(576K), 0.0001814 secs] 5112K->4601K(8116K), 0.0002229 secs]
28.862: [GC 28.862: [DefNew: 518K->6K(576K), 0.0002227 secs] 5113K->4601K(8116K), 0.0002720 secs]
28.870: [GC 28.870: [DefNew: 518K->6K(576K), 0.0002214 secs] 5113K->4602K(8116K), 0.0002688 secs]
28.877: [GC 28.877: [DefNew: 518K->6K(576K), 0.0001721 secs] 5114K->4602K(8116K), 0.0002123 secs]
28.884: [GC 28.884: [DefNew: 518K->6K(576K), 0.0002013 secs] 5114K->4603K(8116K), 0.0002518 secs]
28.891: [GC 28.891: [DefNew: 518K->6K(576K), 0.0002039 secs] 5115K->4603K(8116K), 0.0002496 secs]
28.898: [GC 28.898: [DefNew: 518K->6K(576K), 0.0001732 secs] 5115K->4603K(8116K), 0.0002139 secs]
28.905: [GC 28.905: [DefNew: 518K->6K(576K), 0.0002247 secs] 5115K->4604K(8116K), 0.0002719 secs]
28.912: [GC 28.912: [DefNew: 518K->6K(576K), 0.0001816 secs] 5116K->4604K(8116K), 0.0002232 secs]
28.919: [GC 28.919: [DefNew: 518K->6K(576K), 0.0002266 secs] 5116K->4605K(8116K), 0.0002709 secs]
28.927: [GC 28.927: [DefNew: 518K->6K(576K), 0.0002281 secs] 5117K->4605K(8116K), 0.0002799 secs]
28.935: [GC 28.935: [DefNew: 518K->6K(576K), 0.0002290 secs] 5117K->4606K(8116K), 0.0002768 secs]
28.942: [GC 28.942: [DefNew: 518K->6K(576K), 0.0001820 secs] 5118K->4606K(8116K), 0.0002236 secs]
28.948: [GC 28.948: [DefNew: 518K->6K(576K), 0.0001916 secs] 5118K->4606K(8116K), 0.0002546 secs]
28.955: [GC 28.955: [DefNew: 518K->6K(576K), 0.0001701 secs] 5118K->4607K(8116K), 0.0002097 secs]
28.962: [GC 28.962: [DefNew: 518K->6K(576K), 0.0001811 secs] 5119K->4607K(8116K), 0.0002230 secs]
28.969: [GC 28.969: [DefNew: 518K->6K(576K), 0.0001880 secs] 5119K->4608K(8116K), 0.0002310 secs]
28.976: [GC 28.976: [DefNew: 518K->6K(576K), 0.0001976 secs] 5120K->4608K(8116K), 0.0002418 secs]
28.984: [GC 28.984: [DefNew: 518K->6K(576K), 0.0002230 secs] 5120K->4609K(8116K), 0.0002707 secs]
28.991: [GC 28.991: [DefNew: 518K->6K(576K), 0.0002215 secs] 5121K->4609K(8116K), 0.0002685 secs]
28.999: [GC 28.999: [DefNew: 518K->6K(576K), 0.0002052 secs] 5121K->4610K(8116K), 0.0002512 secs]
29.006: [GC 29.006: [DefNew: 518K->6K(576K), 0.0001974 secs] 5122K->4610K(8116K), 0.0002394 secs]
29.013: [GC 29.013: [DefNew: 518K->6K(576K), 0.0002310 secs] 5122K->4610K(8116K), 0.0002856 secs]
29.020: [GC 29.020: [DefNew: 518K->6K(576K), 0.0002140 secs] 5122K->4611K(8116K), 0.0002803 secs]
29.027: [GC 29.027: [DefNew: 518K->6K(576K), 0.0002846 secs] 5123K->4611K(8116K), 0.0003320 secs]
29.034: [GC 29.034: [DefNew: 518K->6K(576K), 0.0002077 secs] 5123K->4612K(8116K), 0.0002532 secs]
29.041: [GC 29.041: [DefNew: 518K->6K(576K), 0.0001922 secs] 5124K->4612K(8116K), 0.0002348 secs]
29.048: [GC 29.048: [DefNew: 518K->6K(576K), 0.0002146 secs] 5124K->4612K(8116K), 0.0002611 secs]
29.055: [GC 29.055: [DefNew: 518K->6K(576K), 0.0002110 secs] 5124K->4613K(8116K), 0.0002572 secs]
29.062: [GC 29.062: [DefNew: 518K->6K(576K), 0.0002016 secs] 5125K->4613K(8116K), 0.0002470 secs]
29.069: [GC 29.069: [DefNew: 518K->6K(576K), 0.0002149 secs] 5125K->4614K(8116K), 0.0002586 secs]
29.076: [GC 29.076: [DefNew: 518K->6K(576K), 0.0002063 secs] 5126K->4614K(8116K), 0.0002540 secs]
29.083: [GC 29.084: [DefNew: 518K->6K(576K), 0.0002025 secs] 5126K->4615K(8116K), 0.0002477 secs]
29.091: [GC 29.091: [DefNew: 518K->6K(576K), 0.0002711 secs] 5127K->4615K(8116K), 0.0003181 secs]
29.098: [GC 29.098: [DefNew: 518K->6K(576K), 0.0002095 secs] 5127K->4616K(8116K), 0.0002547 secs]
29.105: [GC 29.105: [DefNew: 518K->6K(576K), 0.0002101 secs] 5128K->4616K(8116K), 0.0002570 secs]
29.112: [GC 29.112: [DefNew: 518K->6K(576K), 0.0002145 secs] 5128K->4617K(8116K), 0.0002609 secs]
29.119: [GC 29.119: [DefNew: 518K->6K(576K), 0.0002485 secs] 5129K->4617K(8116K), 0.0002952 secs]
29.126: [GC 29.126: [DefNew: 518K->6K(576K), 0.0001739 secs] 5129K->4617K(8116K), 0.0002158 secs]
29.133: [GC 29.133: [DefNew: 518K->6K(576K), 0.0002225 secs] 5129K->4618K(8116K), 0.0002680 secs]
29.140: [GC 29.140: [DefNew: 518K->6K(576K), 0.0002081 secs] 5130K->4618K(8116K), 0.0002529 secs]
29.147: [GC 29.147: [DefNew: 518K->6K(576K), 0.0001761 secs] 5130K->4619K(8116K), 0.0002165 secs]
29.155: [GC 29.155: [DefNew: 518K->6K(576K), 0.0002170 secs] 5131K->4619K(8116K), 0.0002634 secs]
29.162: [GC 29.162: [DefNew: 518K->6K(576K), 0.0002077 secs] 5131K->4619K(8116K), 0.0002525 secs]
29.169: [GC 29.169: [DefNew: 518K->6K(576K), 0.0002170 secs] 5131K->4620K(8116K), 0.0002859 secs]
29.176: [GC 29.176: [DefNew: 518K->6K(576K), 0.0002100 secs] 5132K->4620K(8116K), 0.0002549 secs]
29.183: [GC 29.183: [DefNew: 518K->6K(576K), 0.0002599 secs] 5132K->4621K(8116K), 0.0003067 secs]
29.190: [GC 29.190: [DefNew: 518K->6K(576K), 0.0001964 secs] 5133K->4621K(8116K), 0.0002400 secs]
29.197: [GC 29.197: [DefNew: 518K->6K(576K), 0.0001757 secs] 5133K->4621K(8116K), 0.0002186 secs]
29.204: [GC 29.204: [DefNew: 518K->6K(576K), 0.0002204 secs] 5133K->4622K(8116K), 0.0002667 secs]
29.211: [GC 29.211: [DefNew: 518K->6K(576K), 0.0002028 secs] 5134K->4623K(8116K), 0.0002493 secs]
29.218: [GC 29.218: [DefNew: 518K->6K(576K), 0.0001918 secs] 5135K->4623K(8116K), 0.0002350 secs]
29.225: [GC 29.225: [DefNew: 518K->6K(576K), 0.0001662 secs] 5135K->4623K(8116K), 0.0002067 secs]
29.232: [GC 29.232: [DefNew: 518K->6K(576K), 0.0002106 secs] 5135K->4624K(8116K), 0.0002560 secs]
29.239: [GC 29.239: [DefNew: 518K->6K(576K), 0.0001737 secs] 5136K->4624K(8116K), 0.0002140 secs]
29.246: [GC 29.246: [DefNew: 518K->6K(576K), 0.0002028 secs] 5136K->4625K(8116K), 0.0002474 secs]
29.253: [GC 29.253: [DefNew: 518K->6K(576K), 0.0001808 secs] 5137K->4625K(8116K), 0.0002207 secs]
29.260: [GC 29.260: [DefNew: 518K->6K(576K), 0.0001778 secs] 5137K->4625K(8116K), 0.0002184 secs]
29.267: [GC 29.267: [DefNew: 518K->6K(576K), 0.0001855 secs] 5137K->4626K(8116K), 0.0002263 secs]
29.273: [GC 29.273: [DefNew: 518K->6K(576K), 0.0001790 secs] 5138K->4626K(8116K), 0.0002190 secs]
29.281: [GC 29.281: [DefNew: 518K->6K(576K), 0.0002216 secs] 5138K->4627K(8116K), 0.0002690 secs]
29.288: [GC 29.288: [DefNew: 518K->6K(576K), 0.0002128 secs] 5139K->4627K(8116K), 0.0002585 secs]
29.295: [GC 29.295: [DefNew: 518K->6K(576K), 0.0005466 secs] 5139K->4628K(8116K), 0.0005969 secs]
29.302: [GC 29.302: [DefNew: 518K->6K(576K), 0.0002079 secs] 5140K->4628K(8116K), 0.0002579 secs]
29.310: [GC 29.310: [DefNew: 518K->6K(576K), 0.0002203 secs] 5140K->4629K(8116K), 0.0002747 secs]
29.317: [GC 29.317: [DefNew: 518K->6K(576K), 0.0002028 secs] 5141K->4629K(8116K), 0.0002480 secs]
29.324: [GC 29.324: [DefNew: 518K->6K(576K), 0.0002029 secs] 5141K->4630K(8116K), 0.0002469 secs]
29.331: [GC 29.331: [DefNew: 518K->6K(576K), 0.0002050 secs] 5142K->4630K(8116K), 0.0002498 secs]
29.339: [GC 29.339: [DefNew: 518K->6K(576K), 0.0002152 secs] 5142K->4630K(8116K), 0.0002618 secs]
29.346: [GC 29.346: [DefNew: 518K->6K(576K), 0.0001788 secs] 5142K->4631K(8116K), 0.0002199 secs]
29.353: [GC 29.353: [DefNew: 518K->6K(576K), 0.0002119 secs] 5143K->4631K(8116K), 0.0002578 secs]
29.360: [GC 29.360: [DefNew: 518K->6K(576K), 0.0002193 secs] 5143K->4632K(8116K), 0.0002659 secs]
29.367: [GC 29.367: [DefNew: 518K->6K(576K), 0.0001953 secs] 5144K->4632K(8116K), 0.0002399 secs]
29.374: [GC 29.374: [DefNew: 518K->6K(576K), 0.0002540 secs] 5144K->4632K(8116K), 0.0003047 secs]
29.382: [GC 29.382: [DefNew: 518K->6K(576K), 0.0002217 secs] 5144K->4633K(8116K), 0.0002726 secs]
29.389: [GC 29.389: [DefNew: 518K->6K(576K), 0.0002442 secs] 5145K->4633K(8116K), 0.0002922 secs]
29.396: [GC 29.396: [DefNew: 518K->6K(576K), 0.0001985 secs] 5145K->4634K(8116K), 0.0002423 secs]
29.403: [GC 29.403: [DefNew: 518K->6K(576K), 0.0002217 secs] 5146K->4634K(8116K), 0.0002777 secs]
29.410: [GC 29.410: [DefNew: 518K->6K(576K), 0.0002082 secs] 5146K->4634K(8116K), 0.0002534 secs]
29.418: [GC 29.418: [DefNew: 518K->6K(576K), 0.0002142 secs] 5146K->4635K(8116K), 0.0002602 secs]
29.425: [GC 29.425: [DefNew: 518K->6K(576K), 0.0002075 secs] 5147K->4636K(8116K), 0.0002521 secs]
29.432: [GC 29.432: [DefNew: 518K->6K(576K), 0.0002148 secs] 5148K->4636K(8116K), 0.0002614 secs]
29.439: [GC 29.439: [DefNew: 518K->6K(576K), 0.0001926 secs] 5148K->4636K(8116K), 0.0002335 secs]
29.446: [GC 29.446: [DefNew: 518K->6K(576K), 0.0002099 secs] 5148K->4637K(8116K), 0.0002557 secs]
29.453: [GC 29.453: [DefNew: 518K->6K(576K), 0.0002109 secs] 5149K->4637K(8116K), 0.0002570 secs]
29.460: [GC 29.460: [DefNew: 518K->6K(576K), 0.0001778 secs] 5149K->4638K(8116K), 0.0002188 secs]
29.467: [GC 29.467: [DefNew: 518K->6K(576K), 0.0001962 secs] 5150K->4638K(8116K), 0.0002402 secs]
29.474: [GC 29.474: [DefNew: 518K->6K(576K), 0.0001999 secs] 5150K->4639K(8116K), 0.0002442 secs]
29.481: [GC 29.481: [DefNew: 518K->6K(576K), 0.0001787 secs] 5151K->4639K(8116K), 0.0002192 secs]
29.489: [GC 29.489: [DefNew: 518K->6K(576K), 0.0002185 secs] 5151K->4639K(8116K), 0.0002648 secs]
29.496: [GC 29.496: [DefNew: 518K->6K(576K), 0.0002147 secs] 5151K->4640K(8116K), 0.0002613 secs]
29.503: [GC 29.503: [DefNew: 518K->6K(576K), 0.0001673 secs] 5152K->4640K(8116K), 0.0002068 secs]
29.510: [GC 29.510: [DefNew: 518K->6K(576K), 0.0002315 secs] 5152K->4641K(8116K), 0.0002784 secs]
29.517: [GC 29.517: [DefNew: 518K->6K(576K), 0.0002184 secs] 5153K->4641K(8116K), 0.0002649 secs]
29.524: [GC 29.524: [DefNew: 518K->6K(576K), 0.0001801 secs] 5153K->4641K(8116K), 0.0002208 secs]
29.532: [GC 29.532: [DefNew: 518K->6K(576K), 0.0002207 secs] 5153K->4642K(8116K), 0.0002683 secs]
29.539: [GC 29.539: [DefNew: 518K->6K(576K), 0.0002403 secs] 5154K->4643K(8116K), 0.0002886 secs]
29.546: [GC 29.546: [DefNew: 518K->6K(576K), 0.0002285 secs] 5155K->4643K(8116K), 0.0002775 secs]
29.553: [GC 29.553: [DefNew: 518K->6K(576K), 0.0002024 secs] 5155K->4643K(8116K), 0.0002457 secs]
29.561: [GC 29.561: [DefNew: 518K->6K(576K), 0.0002155 secs] 5155K->4644K(8116K), 0.0002613 secs]
29.568: [GC 29.568: [DefNew: 518K->6K(576K), 0.0002163 secs] 5156K->4644K(8116K), 0.0002631 secs]
29.575: [GC 29.575: [DefNew: 518K->6K(576K), 0.0002035 secs] 5156K->4645K(8116K), 0.0002467 secs]
29.582: [GC 29.582: [DefNew: 518K->6K(576K), 0.0002060 secs] 5157K->4645K(8116K), 0.0002513 secs]
29.589: [GC 29.589: [DefNew: 518K->6K(576K), 0.0002200 secs] 5157K->4645K(8116K), 0.0002686 secs]
29.596: [GC 29.596: [DefNew: 518K->6K(576K), 0.0001718 secs] 5157K->4646K(8116K), 0.0002136 secs]
29.603: [GC 29.603: [DefNew: 518K->6K(576K), 0.0001850 secs] 5158K->4646K(8116K), 0.0002268 secs]
29.611: [GC 29.611: [DefNew: 518K->6K(576K), 0.0002218 secs] 5158K->4647K(8116K), 0.0002780 secs]
29.618: [GC 29.618: [DefNew: 518K->6K(576K), 0.0001940 secs] 5159K->4647K(8116K), 0.0002379 secs]
29.625: [GC 29.625: [DefNew: 518K->6K(576K), 0.0002204 secs] 5159K->4647K(8116K), 0.0002678 secs]
29.632: [GC 29.632: [DefNew: 518K->6K(576K), 0.0001796 secs] 5159K->4648K(8116K), 0.0002197 secs]
29.639: [GC 29.639: [DefNew: 518K->6K(576K), 0.0002065 secs] 5160K->4648K(8116K), 0.0002525 secs]
29.646: [GC 29.646: [DefNew: 518K->6K(576K), 0.0001696 secs] 5160K->4649K(8116K), 0.0002093 secs]
29.653: [GC 29.654: [DefNew: 518K->6K(576K), 0.0001956 secs] 5161K->4649K(8116K), 0.0002464 secs]
29.660: [GC 29.660: [DefNew: 518K->6K(576K), 0.0001738 secs] 5161K->4650K(8116K), 0.0002142 secs]
29.667: [GC 29.667: [DefNew: 518K->6K(576K), 0.0001819 secs] 5162K->4650K(8116K), 0.0002229 secs]
29.674: [GC 29.674: [DefNew: 518K->6K(576K), 0.0002088 secs] 5162K->4651K(8116K), 0.0002547 secs]
29.681: [GC 29.681: [DefNew: 518K->6K(576K), 0.0002172 secs] 5163K->4651K(8116K), 0.0002640 secs]
29.690: [GC 29.690: [DefNew: 518K->6K(576K), 0.0002196 secs] 5163K->4652K(8116K), 0.0002679 secs]
29.698: [GC 29.698: [DefNew: 518K->6K(576K), 0.0002266 secs] 5164K->4652K(8116K), 0.0002742 secs]
29.705: [GC 29.705: [DefNew: 518K->6K(576K), 0.0002188 secs] 5164K->4652K(8116K), 0.0002650 secs]
29.712: [GC 29.712: [DefNew: 518K->6K(576K), 0.0003468 secs] 5164K->4653K(8116K), 0.0003901 secs]
29.720: [GC 29.720: [DefNew: 518K->6K(576K), 0.0002132 secs] 5165K->4653K(8116K), 0.0002582 secs]
29.726: [GC 29.726: [DefNew: 518K->6K(576K), 0.0002071 secs] 5165K->4654K(8116K), 0.0002524 secs]
29.733: [GC 29.733: [DefNew: 518K->6K(576K), 0.0002177 secs] 5166K->4654K(8116K), 0.0002634 secs]
29.741: [GC 29.741: [DefNew: 518K->6K(576K), 0.0002067 secs] 5166K->4654K(8116K), 0.0002515 secs]
29.748: [GC 29.748: [DefNew: 518K->6K(576K), 0.0002151 secs] 5166K->4655K(8116K), 0.0002620 secs]
29.755: [GC 29.755: [DefNew: 518K->6K(576K), 0.0002023 secs] 5167K->4656K(8116K), 0.0002470 secs]
29.763: [GC 29.763: [DefNew: 518K->6K(576K), 0.0002217 secs] 5168K->4656K(8116K), 0.0002692 secs]
29.770: [GC 29.770: [DefNew: 518K->6K(576K), 0.0002130 secs] 5168K->4656K(8116K), 0.0002572 secs]
29.777: [GC 29.777: [DefNew: 518K->6K(576K), 0.0002190 secs] 5168K->4657K(8116K), 0.0002754 secs]
29.784: [GC 29.784: [DefNew: 518K->6K(576K), 0.0002157 secs] 5169K->4657K(8116K), 0.0002615 secs]
29.792: [GC 29.793: [DefNew: 518K->6K(576K), 0.0002268 secs] 5169K->4658K(8116K), 0.0002760 secs]
29.800: [GC 29.800: [DefNew: 518K->6K(576K), 0.0002221 secs] 5170K->4658K(8116K), 0.0002697 secs]
29.806: [GC 29.806: [DefNew: 518K->6K(576K), 0.0001752 secs] 5170K->4658K(8116K), 0.0002162 secs]
29.814: [GC 29.814: [DefNew: 518K->6K(576K), 0.0006414 secs] 5170K->4659K(8116K), 0.0006946 secs]
29.821: [GC 29.821: [DefNew: 518K->6K(576K), 0.0002259 secs] 5171K->4659K(8116K), 0.0002744 secs]
29.828: [GC 29.828: [DefNew: 518K->6K(576K), 0.0001902 secs] 5171K->4660K(8116K), 0.0002321 secs]
29.835: [GC 29.835: [DefNew: 518K->6K(576K), 0.0002042 secs] 5172K->4660K(8116K), 0.0002713 secs]
29.842: [GC 29.842: [DefNew: 518K->6K(576K), 0.0002127 secs] 5172K->4660K(8116K), 0.0002590 secs]
29.849: [GC 29.849: [DefNew: 518K->6K(576K), 0.0001796 secs] 5172K->4661K(8116K), 0.0002196 secs]
29.856: [GC 29.856: [DefNew: 518K->6K(576K), 0.0002086 secs] 5173K->4661K(8116K), 0.0002544 secs]
29.864: [GC 29.864: [DefNew: 518K->6K(576K), 0.0002056 secs] 5173K->4662K(8116K), 0.0002516 secs]
29.871: [GC 29.871: [DefNew: 518K->6K(576K), 0.0002645 secs] 5174K->4662K(8116K), 0.0003165 secs]
29.878: [GC 29.878: [DefNew: 518K->6K(576K), 0.0002041 secs] 5174K->4663K(8116K), 0.0002491 secs]
29.886: [GC 29.886: [DefNew: 518K->6K(576K), 0.0002218 secs] 5175K->4663K(8116K), 0.0002694 secs]
29.892: [GC 29.893: [DefNew: 518K->6K(576K), 0.0002094 secs] 5175K->4664K(8116K), 0.0002626 secs]
29.899: [GC 29.899: [DefNew: 518K->6K(576K), 0.0001878 secs] 5176K->4664K(8116K), 0.0002308 secs]
29.907: [GC 29.907: [DefNew: 518K->6K(576K), 0.0002197 secs] 5176K->4665K(8116K), 0.0002671 secs]
29.914: [GC 29.914: [DefNew: 518K->6K(576K), 0.0002466 secs] 5177K->4665K(8116K), 0.0003027 secs]
29.921: [GC 29.921: [DefNew: 518K->6K(576K), 0.0002118 secs] 5177K->4665K(8116K), 0.0002566 secs]
29.929: [GC 29.929: [DefNew: 518K->6K(576K), 0.0002995 secs] 5177K->4666K(8116K), 0.0003489 secs]
29.936: [GC 29.936: [DefNew: 518K->6K(576K), 0.0002174 secs] 5178K->4666K(8116K), 0.0002644 secs]
29.943: [GC 29.943: [DefNew: 518K->6K(576K), 0.0001707 secs] 5178K->4667K(8116K), 0.0002169 secs]
29.950: [GC 29.950: [DefNew: 518K->6K(576K), 0.0002173 secs] 5179K->4667K(8116K), 0.0002643 secs]
29.957: [GC 29.957: [DefNew: 518K->6K(576K), 0.0002025 secs] 5179K->4667K(8116K), 0.0002476 secs]
29.964: [GC 29.964: [DefNew: 518K->6K(576K), 0.0001993 secs] 5179K->4668K(8116K), 0.0002439 secs]
29.971: [GC 29.971: [DefNew: 518K->6K(576K), 0.0002066 secs] 5180K->4668K(8116K), 0.0002509 secs]
29.978: [GC 29.978: [DefNew: 518K->6K(576K), 0.0002075 secs] 5180K->4669K(8116K), 0.0002529 secs]
29.986: [GC 29.986: [DefNew: 518K->6K(576K), 0.0002260 secs] 5181K->4669K(8116K), 0.0002734 secs]
29.993: [GC 29.993: [DefNew: 518K->6K(576K), 0.0002045 secs] 5181K->4670K(8116K), 0.0002496 secs]
30.000: [GC 30.000: [DefNew: 518K->6K(576K), 0.0001756 secs] 5182K->4670K(8116K), 0.0002158 secs]
30.007: [GC 30.007: [DefNew: 518K->6K(576K), 0.0001654 secs] 5182K->4671K(8116K), 0.0002047 secs]
30.014: [GC 30.014: [DefNew: 518K->6K(576K), 0.0001920 secs] 5183K->4671K(8116K), 0.0002356 secs]
30.020: [GC 30.021: [DefNew: 518K->6K(576K), 0.0001717 secs] 5183K->4671K(8116K), 0.0002207 secs]
30.028: [GC 30.028: [DefNew: 518K->6K(576K), 0.0002155 secs] 5183K->4672K(8116K), 0.0002617 secs]
30.035: [GC 30.035: [DefNew: 518K->6K(576K), 0.0002035 secs] 5184K->4672K(8116K), 0.0002475 secs]
30.042: [GC 30.042: [DefNew: 518K->6K(576K), 0.0001849 secs] 5184K->4673K(8116K), 0.0002275 secs]
30.049: [GC 30.049: [DefNew: 518K->6K(576K), 0.0002145 secs] 5185K->4673K(8116K), 0.0002610 secs]
30.056: [GC 30.056: [DefNew: 518K->6K(576K), 0.0001832 secs] 5185K->4674K(8116K), 0.0002244 secs]
30.063: [GC 30.063: [DefNew: 518K->6K(576K), 0.0001887 secs] 5186K->4674K(8116K), 0.0002310 secs]
30.070: [GC 30.070: [DefNew: 518K->6K(576K), 0.0001732 secs] 5186K->4674K(8116K), 0.0002134 secs]
30.077: [GC 30.077: [DefNew: 518K->6K(576K), 0.0001875 secs] 5186K->4675K(8116K), 0.0002304 secs]
30.084: [GC 30.084: [DefNew: 518K->6K(576K), 0.0002177 secs] 5187K->4675K(8116K), 0.0002648 secs]
30.091: [GC 30.091: [DefNew: 518K->6K(576K), 0.0002528 secs] 5187K->4676K(8116K), 0.0003009 secs]
30.098: [GC 30.098: [DefNew: 518K->6K(576K), 0.0002097 secs] 5188K->4676K(8116K), 0.0002558 secs]
30.105: [GC 30.105: [DefNew: 518K->6K(576K), 0.0002078 secs] 5188K->4677K(8116K), 0.0002534 secs]
30.112: [GC 30.112: [DefNew: 518K->6K(576K), 0.0002467 secs] 5189K->4677K(8116K), 0.0002941 secs]
30.119: [GC 30.119: [DefNew: 518K->6K(576K), 0.0002267 secs] 5189K->4678K(8116K), 0.0002737 secs]
30.126: [GC 30.126: [DefNew: 518K->6K(576K), 0.0002132 secs] 5190K->4678K(8116K), 0.0002591 secs]
30.133: [GC 30.133: [DefNew: 518K->6K(576K), 0.0002183 secs] 5190K->4678K(8116K), 0.0002651 secs]
30.140: [GC 30.140: [DefNew: 518K->6K(576K), 0.0002003 secs] 5190K->4679K(8116K), 0.0002438 secs]
30.147: [GC 30.147: [DefNew: 518K->6K(576K), 0.0002167 secs] 5191K->4679K(8116K), 0.0002630 secs]
30.155: [GC 30.155: [DefNew: 518K->6K(576K), 0.0002175 secs] 5191K->4680K(8116K), 0.0002643 secs]
30.162: [GC 30.162: [DefNew: 518K->6K(576K), 0.0001748 secs] 5192K->4680K(8116K), 0.0002145 secs]
30.168: [GC 30.168: [DefNew: 518K->6K(576K), 0.0001779 secs] 5192K->4680K(8116K), 0.0002199 secs]
30.176: [GC 30.176: [DefNew: 518K->6K(576K), 0.0002038 secs] 5192K->4681K(8116K), 0.0002486 secs]
30.183: [GC 30.183: [DefNew: 518K->6K(576K), 0.0002171 secs] 5193K->4681K(8116K), 0.0002628 secs]
30.190: [GC 30.190: [DefNew: 518K->6K(576K), 0.0001984 secs] 5193K->4682K(8116K), 0.0002428 secs]
30.197: [GC 30.197: [DefNew: 518K->6K(576K), 0.0001796 secs] 5194K->4682K(8116K), 0.0002207 secs]
30.204: [GC 30.204: [DefNew: 518K->6K(576K), 0.0001818 secs] 5194K->4682K(8116K), 0.0002235 secs]
30.211: [GC 30.211: [DefNew: 518K->6K(576K), 0.0001833 secs] 5194K->4683K(8116K), 0.0002252 secs]
30.218: [GC 30.218: [DefNew: 518K->6K(576K), 0.0001940 secs] 5195K->4684K(8116K), 0.0002373 secs]
30.225: [GC 30.225: [DefNew: 518K->6K(576K), 0.0001737 secs] 5196K->4684K(8116K), 0.0002152 secs]
30.232: [GC 30.232: [DefNew: 518K->6K(576K), 0.0002154 secs] 5196K->4684K(8116K), 0.0002618 secs]
30.239: [GC 30.239: [DefNew: 518K->6K(576K), 0.0001803 secs] 5196K->4685K(8116K), 0.0002220 secs]
30.246: [GC 30.246: [DefNew: 518K->6K(576K), 0.0001928 secs] 5197K->4685K(8116K), 0.0002364 secs]
30.253: [GC 30.253: [DefNew: 518K->6K(576K), 0.0002079 secs] 5197K->4686K(8116K), 0.0002539 secs]
30.260: [GC 30.260: [DefNew: 518K->6K(576K), 0.0002044 secs] 5198K->4686K(8116K), 0.0002495 secs]
30.267: [GC 30.267: [DefNew: 518K->6K(576K), 0.0002003 secs] 5198K->4687K(8116K), 0.0002449 secs]
30.274: [GC 30.274: [DefNew: 518K->6K(576K), 0.0002256 secs] 5199K->4687K(8116K), 0.0002728 secs]
30.281: [GC 30.281: [DefNew: 518K->6K(576K), 0.0002136 secs] 5199K->4687K(8116K), 0.0002610 secs]
30.289: [GC 30.289: [DefNew: 518K->6K(576K), 0.0001982 secs] 5199K->4688K(8116K), 0.0002434 secs]
30.296: [GC 30.296: [DefNew: 518K->6K(576K), 0.0002201 secs] 5200K->4688K(8116K), 0.0002687 secs]
30.303: [GC 30.303: [DefNew: 518K->6K(576K), 0.0002147 secs] 5200K->4689K(8116K), 0.0002602 secs]
30.310: [GC 30.310: [DefNew: 518K->6K(576K), 0.0002100 secs] 5201K->4689K(8116K), 0.0002563 secs]
30.317: [GC 30.317: [DefNew: 518K->6K(576K), 0.0001743 secs] 5201K->4689K(8116K), 0.0002148 secs]
30.324: [GC 30.324: [DefNew: 518K->6K(576K), 0.0001824 secs] 5201K->4690K(8116K), 0.0002297 secs]
30.331: [GC 30.331: [DefNew: 518K->6K(576K), 0.0002092 secs] 5202K->4691K(8116K), 0.0002502 secs]
30.338: [GC 30.338: [DefNew: 518K->6K(576K), 0.0001853 secs] 5203K->4691K(8116K), 0.0002264 secs]
30.345: [GC 30.345: [DefNew: 518K->6K(576K), 0.0002112 secs] 5203K->4691K(8116K), 0.0002559 secs]
30.352: [GC 30.352: [DefNew: 518K->6K(576K), 0.0001785 secs] 5203K->4692K(8116K), 0.0002206 secs]
30.359: [GC 30.359: [DefNew: 518K->6K(576K), 0.0002156 secs] 5204K->4692K(8116K), 0.0002618 secs]
30.366: [GC 30.366: [DefNew: 518K->6K(576K), 0.0001741 secs] 5204K->4693K(8116K), 0.0002140 secs]
30.373: [GC 30.373: [DefNew: 518K->6K(576K), 0.0001962 secs] 5205K->4693K(8116K), 0.0002409 secs]
30.380: [GC 30.380: [DefNew: 518K->6K(576K), 0.0001712 secs] 5205K->4693K(8116K), 0.0002104 secs]
30.387: [GC 30.387: [DefNew: 518K->6K(576K), 0.0002197 secs] 5205K->4694K(8116K), 0.0002683 secs]
30.394: [GC 30.394: [DefNew: 518K->6K(576K), 0.0002063 secs] 5206K->4694K(8116K), 0.0002525 secs]
30.401: [GC 30.401: [DefNew: 518K->6K(576K), 0.0001831 secs] 5206K->4695K(8116K), 0.0002252 secs]
30.409: [GC 30.409: [DefNew: 518K->6K(576K), 0.0002124 secs] 5207K->4695K(8116K), 0.0002584 secs]
30.416: [GC 30.416: [DefNew: 518K->6K(576K), 0.0001887 secs] 5207K->4695K(8116K), 0.0002315 secs]
30.423: [GC 30.423: [DefNew: 518K->6K(576K), 0.0002131 secs] 5207K->4696K(8116K), 0.0002584 secs]
30.430: [GC 30.430: [DefNew: 518K->6K(576K), 0.0001857 secs] 5208K->4697K(8116K), 0.0002274 secs]
30.437: [GC 30.437: [DefNew: 518K->6K(576K), 0.0001845 secs] 5209K->4697K(8116K), 0.0002273 secs]
30.444: [GC 30.444: [DefNew: 518K->6K(576K), 0.0001679 secs] 5209K->4697K(8116K), 0.0002070 secs]
30.451: [GC 30.451: [DefNew: 518K->6K(576K), 0.0002432 secs] 5209K->4698K(8116K), 0.0002887 secs]
30.458: [GC 30.458: [DefNew: 518K->6K(576K), 0.0001730 secs] 5210K->4698K(8116K), 0.0002171 secs]
30.465: [GC 30.465: [DefNew: 518K->6K(576K), 0.0001969 secs] 5210K->4699K(8116K), 0.0002397 secs]
30.472: [GC 30.472: [DefNew: 518K->6K(576K), 0.0001764 secs] 5211K->4699K(8116K), 0.0002167 secs]
30.479: [GC 30.479: [DefNew: 518K->6K(576K), 0.0001958 secs] 5211K->4700K(8116K), 0.0002390 secs]
30.486: [GC 30.486: [DefNew: 518K->6K(576K), 0.0002057 secs] 5212K->4700K(8116K), 0.0002511 secs]
30.493: [GC 30.493: [DefNew: 518K->6K(576K), 0.0002027 secs] 5212K->4700K(8116K), 0.0002482 secs]
30.500: [GC 30.500: [DefNew: 518K->6K(576K), 0.0001957 secs] 5212K->4701K(8116K), 0.0002399 secs]
30.507: [GC 30.507: [DefNew: 518K->6K(576K), 0.0001711 secs] 5213K->4701K(8116K), 0.0002116 secs]
30.514: [GC 30.514: [DefNew: 518K->6K(576K), 0.0002108 secs] 5213K->4702K(8116K), 0.0002549 secs]
30.521: [GC 30.521: [DefNew: 518K->6K(576K), 0.0001785 secs] 5214K->4702K(8116K), 0.0002195 secs]
30.528: [GC 30.528: [DefNew: 518K->6K(576K), 0.0001946 secs] 5214K->4702K(8116K), 0.0002389 secs]
30.535: [GC 30.535: [DefNew: 518K->6K(576K), 0.0001659 secs] 5214K->4703K(8116K), 0.0002053 secs]
30.541: [GC 30.541: [DefNew: 518K->6K(576K), 0.0001865 secs] 5215K->4704K(8116K), 0.0002282 secs]
30.548: [GC 30.549: [DefNew: 518K->6K(576K), 0.0002225 secs] 5216K->4704K(8116K), 0.0002688 secs]
30.555: [GC 30.556: [DefNew: 518K->6K(576K), 0.0001952 secs] 5216K->4704K(8116K), 0.0002392 secs]
30.562: [GC 30.562: [DefNew: 518K->6K(576K), 0.0001712 secs] 5216K->4705K(8116K), 0.0002114 secs]
30.569: [GC 30.569: [DefNew: 518K->6K(576K), 0.0001739 secs] 5217K->4705K(8116K), 0.0002140 secs]
30.576: [GC 30.576: [DefNew: 518K->6K(576K), 0.0001946 secs] 5217K->4706K(8116K), 0.0002387 secs]
30.583: [GC 30.583: [DefNew: 518K->6K(576K), 0.0001781 secs] 5218K->4706K(8116K), 0.0002191 secs]
30.590: [GC 30.590: [DefNew: 518K->6K(576K), 0.0002143 secs] 5218K->4706K(8116K), 0.0002606 secs]
30.597: [GC 30.597: [DefNew: 518K->6K(576K), 0.0001973 secs] 5218K->4707K(8116K), 0.0002415 secs]
30.604: [GC 30.604: [DefNew: 518K->6K(576K), 0.0001819 secs] 5219K->4707K(8116K), 0.0002232 secs]
30.611: [GC 30.611: [DefNew: 518K->6K(576K), 0.0002009 secs] 5219K->4708K(8116K), 0.0002454 secs]
30.618: [GC 30.618: [DefNew: 518K->6K(576K), 0.0001994 secs] 5220K->4708K(8116K), 0.0002433 secs]
30.625: [GC 30.625: [DefNew: 518K->6K(576K), 0.0001837 secs] 5220K->4709K(8116K), 0.0002254 secs]
30.632: [GC 30.632: [DefNew: 518K->6K(576K), 0.0002095 secs] 5221K->4709K(8116K), 0.0002547 secs]
30.639: [GC 30.639: [DefNew: 518K->6K(576K), 0.0001994 secs] 5221K->4709K(8116K), 0.0002431 secs]
30.646: [GC 30.646: [DefNew: 518K->6K(576K), 0.0001805 secs] 5221K->4710K(8116K), 0.0002209 secs]
30.653: [GC 30.653: [DefNew: 518K->6K(576K), 0.0002157 secs] 5222K->4710K(8116K), 0.0002674 secs]
30.660: [GC 30.660: [DefNew: 518K->6K(576K), 0.0001832 secs] 5222K->4711K(8116K), 0.0002243 secs]
30.667: [GC 30.667: [DefNew: 518K->6K(576K), 0.0002215 secs] 5223K->4711K(8116K), 0.0002630 secs]
30.675: [GC 30.675: [DefNew: 518K->6K(576K), 0.0002284 secs] 5223K->4712K(8116K), 0.0002815 secs]
30.682: [GC 30.682: [DefNew: 518K->6K(576K), 0.0002424 secs] 5224K->4712K(8116K), 0.0003045 secs]
30.690: [GC 30.690: [DefNew: 518K->6K(576K), 0.0002219 secs] 5224K->4713K(8116K), 0.0002691 secs]
30.696: [GC 30.697: [DefNew: 518K->6K(576K), 0.0002049 secs] 5225K->4713K(8116K), 0.0002507 secs]
30.703: [GC 30.704: [DefNew: 518K->6K(576K), 0.0001932 secs] 5225K->4713K(8116K), 0.0002361 secs]
30.710: [GC 30.710: [DefNew: 518K->6K(576K), 0.0001690 secs] 5225K->4714K(8116K), 0.0002085 secs]
30.718: [GC 30.718: [DefNew: 518K->6K(576K), 0.0001987 secs] 5226K->4714K(8116K), 0.0002431 secs]
30.724: [GC 30.724: [DefNew: 518K->6K(576K), 0.0001683 secs] 5226K->4715K(8116K), 0.0002082 secs]
30.732: [GC 30.732: [DefNew: 518K->6K(576K), 0.0002154 secs] 5227K->4715K(8116K), 0.0002622 secs]
30.739: [GC 30.739: [DefNew: 518K->6K(576K), 0.0001706 secs] 5227K->4715K(8116K), 0.0002111 secs]
30.746: [GC 30.746: [DefNew: 518K->6K(576K), 0.0002204 secs] 5227K->4716K(8116K), 0.0002678 secs]
30.753: [GC 30.753: [DefNew: 518K->6K(576K), 0.0001964 secs] 5228K->4717K(8116K), 0.0002393 secs]
30.760: [GC 30.760: [DefNew: 518K->6K(576K), 0.0001789 secs] 5229K->4717K(8116K), 0.0002201 secs]
30.766: [GC 30.766: [DefNew: 518K->6K(576K), 0.0001715 secs] 5229K->4717K(8116K), 0.0002114 secs]
30.773: [GC 30.773: [DefNew: 518K->6K(576K), 0.0001689 secs] 5229K->4718K(8116K), 0.0002089 secs]
30.780: [GC 30.780: [DefNew: 518K->6K(576K), 0.0002062 secs] 5230K->4718K(8116K), 0.0002507 secs]
30.787: [GC 30.787: [DefNew: 518K->6K(576K), 0.0001807 secs] 5230K->4719K(8116K), 0.0002546 secs]
30.794: [GC 30.794: [DefNew: 518K->6K(576K), 0.0002094 secs] 5231K->4719K(8116K), 0.0002612 secs]
30.802: [GC 30.802: [DefNew: 518K->6K(576K), 0.0002227 secs] 5231K->4719K(8116K), 0.0002701 secs]
30.810: [GC 30.810: [DefNew: 518K->6K(576K), 0.0002114 secs] 5231K->4720K(8116K), 0.0002569 secs]
30.817: [GC 30.817: [DefNew: 518K->6K(576K), 0.0001892 secs] 5232K->4720K(8116K), 0.0002332 secs]
30.824: [GC 30.824: [DefNew: 518K->6K(576K), 0.0001890 secs] 5232K->4721K(8116K), 0.0002309 secs]
30.831: [GC 30.831: [DefNew: 518K->6K(576K), 0.0002051 secs] 5233K->4721K(8116K), 0.0002500 secs]
30.838: [GC 30.838: [DefNew: 518K->6K(576K), 0.0001811 secs] 5233K->4722K(8116K), 0.0002229 secs]
30.845: [GC 30.845: [DefNew: 518K->6K(576K), 0.0001946 secs] 5234K->4722K(8116K), 0.0002428 secs]
30.852: [GC 30.852: [DefNew: 518K->6K(576K), 0.0002428 secs] 5234K->4723K(8116K), 0.0002919 secs]
30.859: [GC 30.859: [DefNew: 518K->6K(576K), 0.0002127 secs] 5235K->4723K(8116K), 0.0002595 secs]
30.866: [GC 30.866: [DefNew: 518K->6K(576K), 0.0001698 secs] 5235K->4724K(8116K), 0.0002097 secs]
30.873: [GC 30.873: [DefNew: 518K->6K(576K), 0.0002176 secs] 5236K->4724K(8116K), 0.0002640 secs]
30.880: [GC 30.880: [DefNew: 518K->6K(576K), 0.0002038 secs] 5236K->4724K(8116K), 0.0002491 secs]
30.887: [GC 30.887: [DefNew: 518K->6K(576K), 0.0002224 secs] 5236K->4725K(8116K), 0.0002633 secs]
30.894: [GC 30.894: [DefNew: 518K->6K(576K), 0.0002201 secs] 5237K->4725K(8116K), 0.0002671 secs]
30.902: [GC 30.902: [DefNew: 518K->6K(576K), 0.0002217 secs] 5237K->4726K(8116K), 0.0002690 secs]
30.909: [GC 30.909: [DefNew: 518K->6K(576K), 0.0002114 secs] 5238K->4726K(8116K), 0.0002573 secs]
30.916: [GC 30.916: [DefNew: 518K->6K(576K), 0.0002198 secs] 5238K->4726K(8116K), 0.0002649 secs]
30.923: [GC 30.923: [DefNew: 518K->6K(576K), 0.0002089 secs] 5238K->4727K(8116K), 0.0002543 secs]
30.930: [GC 30.930: [DefNew: 518K->6K(576K), 0.0002308 secs] 5239K->4727K(8116K), 0.0002787 secs]
30.938: [GC 30.938: [DefNew: 518K->6K(576K), 0.0002417 secs] 5239K->4728K(8116K), 0.0002902 secs]
30.946: [GC 30.946: [DefNew: 518K->6K(576K), 0.0002332 secs] 5240K->4728K(8116K), 0.0002805 secs]
30.954: [GC 30.954: [DefNew: 518K->6K(576K), 0.0002321 secs] 5240K->4728K(8116K), 0.0002818 secs]
30.961: [GC 30.961: [DefNew: 518K->6K(576K), 0.0002372 secs] 5240K->4729K(8116K), 0.0002854 secs]
30.969: [GC 30.969: [DefNew: 518K->7K(576K), 0.0002356 secs] 5241K->4730K(8116K), 0.0002849 secs]
30.977: [GC 30.977: [DefNew: 519K->6K(576K), 0.0002391 secs] 5242K->4730K(8116K), 0.0002873 secs]
30.984: [GC 30.984: [DefNew: 518K->6K(576K), 0.0002406 secs] 5242K->4730K(8116K), 0.0002906 secs]
30.993: [GC 30.993: [DefNew: 518K->6K(576K), 0.0002351 secs] 5242K->4731K(8116K), 0.0002856 secs]
31.000: [GC 31.000: [DefNew: 518K->6K(576K), 0.0002430 secs] 5243K->4731K(8116K), 0.0002928 secs]
31.008: [GC 31.008: [DefNew: 518K->6K(576K), 0.0002328 secs] 5243K->4732K(8116K), 0.0002802 secs]
31.015: [GC 31.015: [DefNew: 518K->6K(576K), 0.0002370 secs] 5244K->4732K(8116K), 0.0002861 secs]
31.022: [GC 31.022: [DefNew: 518K->6K(576K), 0.0002285 secs] 5244K->4733K(8116K), 0.0002771 secs]
31.030: [GC 31.030: [DefNew: 518K->6K(576K), 0.0002384 secs] 5245K->4733K(8116K), 0.0002881 secs]
31.037: [GC 31.037: [DefNew: 518K->6K(576K), 0.0002356 secs] 5245K->4733K(8116K), 0.0002842 secs]
31.045: [GC 31.045: [DefNew: 518K->6K(576K), 0.0002349 secs] 5245K->4734K(8116K), 0.0002834 secs]
31.052: [GC 31.053: [DefNew: 518K->6K(576K), 0.0002321 secs] 5246K->4734K(8116K), 0.0002810 secs]
31.061: [GC 31.061: [DefNew: 518K->6K(576K), 0.0002411 secs] 5246K->4735K(8116K), 0.0002921 secs]
31.068: [GC 31.068: [DefNew: 518K->6K(576K), 0.0002356 secs] 5247K->4735K(8116K), 0.0002836 secs]
31.076: [GC 31.076: [DefNew: 518K->6K(576K), 0.0002306 secs] 5247K->4736K(8116K), 0.0002799 secs]
31.083: [GC 31.083: [DefNew: 518K->6K(576K), 0.0002261 secs] 5248K->4736K(8116K), 0.0002748 secs]
31.091: [GC 31.091: [DefNew: 518K->6K(576K), 0.0002334 secs] 5248K->4737K(8116K), 0.0002819 secs]
31.098: [GC 31.098: [DefNew: 518K->6K(576K), 0.0002308 secs] 5249K->4737K(8116K), 0.0002794 secs]
31.105: [GC 31.105: [DefNew: 518K->6K(576K), 0.0002505 secs] 5249K->4737K(8116K), 0.0003014 secs]
31.113: [GC 31.113: [DefNew: 518K->6K(576K), 0.0002984 secs] 5249K->4738K(8116K), 0.0003524 secs]
31.122: [GC 31.122: [DefNew: 518K->6K(576K), 0.0002464 secs] 5250K->4738K(8116K), 0.0002954 secs]
31.129: [GC 31.129: [DefNew: 518K->6K(576K), 0.0002506 secs] 5250K->4739K(8116K), 0.0002997 secs]
31.136: [GC 31.136: [DefNew: 518K->6K(576K), 0.0002361 secs] 5251K->4739K(8116K), 0.0002859 secs]
31.144: [GC 31.144: [DefNew: 518K->6K(576K), 0.0002478 secs] 5251K->4739K(8116K), 0.0002986 secs]
31.155: [GC 31.155: [DefNew: 518K->6K(576K), 0.0002304 secs] 5251K->4740K(8116K), 0.0002804 secs]
31.163: [GC 31.163: [DefNew: 518K->6K(576K), 0.0002356 secs] 5252K->4740K(8116K), 0.0002850 secs]
31.171: [GC 31.171: [DefNew: 518K->6K(576K), 0.0002324 secs] 5252K->4741K(8116K), 0.0002836 secs]
31.179: [GC 31.179: [DefNew: 518K->6K(576K), 0.0002274 secs] 5253K->4741K(8116K), 0.0002767 secs]
31.187: [GC 31.187: [DefNew: 518K->6K(576K), 0.0002256 secs] 5253K->4742K(8116K), 0.0002742 secs]
31.196: [GC 31.196: [DefNew: 518K->6K(576K), 0.0002153 secs] 5254K->4742K(8116K), 0.0002626 secs]
31.204: [GC 31.204: [DefNew: 518K->6K(576K), 0.0002149 secs] 5254K->4743K(8116K), 0.0002621 secs]
31.211: [GC 31.211: [DefNew: 518K->6K(576K), 0.0002055 secs] 5255K->4743K(8116K), 0.0002504 secs]
31.219: [GC 31.219: [DefNew: 518K->6K(576K), 0.0002118 secs] 5255K->4743K(8116K), 0.0002588 secs]
31.226: [GC 31.226: [DefNew: 518K->6K(576K), 0.0002202 secs] 5255K->4744K(8116K), 0.0002679 secs]
31.234: [GC 31.235: [DefNew: 518K->6K(576K), 0.0002232 secs] 5256K->4744K(8116K), 0.0002714 secs]
31.242: [GC 31.242: [DefNew: 518K->6K(576K), 0.0002092 secs] 5256K->4745K(8116K), 0.0002546 secs]
31.250: [GC 31.250: [DefNew: 518K->6K(576K), 0.0002378 secs] 5257K->4745K(8116K), 0.0002885 secs]
31.257: [GC 31.257: [DefNew: 518K->6K(576K), 0.0002256 secs] 5257K->4746K(8116K), 0.0002761 secs]
31.264: [GC 31.264: [DefNew: 518K->7K(576K), 0.0002258 secs] 5258K->4746K(8116K), 0.0002753 secs]
31.272: [GC 31.272: [DefNew: 519K->6K(576K), 0.0002249 secs] 5258K->4747K(8116K), 0.0002748 secs]
31.282: [GC 31.282: [DefNew: 518K->6K(576K), 0.0002359 secs] 5259K->4747K(8116K), 0.0002859 secs]
31.290: [GC 31.290: [DefNew: 518K->6K(576K), 0.0002137 secs] 5259K->4748K(8116K), 0.0002628 secs]
31.299: [GC 31.299: [DefNew: 518K->6K(576K), 0.0002282 secs] 5260K->4748K(8116K), 0.0002769 secs]
31.306: [GC 31.306: [DefNew: 518K->7K(576K), 0.0002395 secs] 5260K->4748K(8116K), 0.0002894 secs]
31.314: [GC 31.314: [DefNew: 519K->6K(576K), 0.0002471 secs] 5260K->4749K(8116K), 0.0002979 secs]
31.321: [GC 31.321: [DefNew: 518K->6K(576K), 0.0002245 secs] 5261K->4749K(8116K), 0.0002719 secs]
31.329: [GC 31.329: [DefNew: 518K->6K(576K), 0.0002278 secs] 5261K->4750K(8116K), 0.0002760 secs]
31.336: [GC 31.337: [DefNew: 518K->6K(576K), 0.0002226 secs] 5262K->4750K(8116K), 0.0002713 secs]
31.344: [GC 31.344: [DefNew: 518K->6K(576K), 0.0002292 secs] 5262K->4750K(8116K), 0.0002782 secs]
31.351: [GC 31.351: [DefNew: 518K->6K(576K), 0.0002017 secs] 5262K->4751K(8116K), 0.0002466 secs]
31.358: [GC 31.358: [DefNew: 518K->6K(576K), 0.0001997 secs] 5263K->4751K(8116K), 0.0002440 secs]
31.366: [GC 31.366: [DefNew: 518K->6K(576K), 0.0002257 secs] 5263K->4752K(8116K), 0.0002739 secs]
31.374: [GC 31.374: [DefNew: 518K->6K(576K), 0.0002267 secs] 5264K->4752K(8116K), 0.0002752 secs]
31.382: [GC 31.382: [DefNew: 518K->6K(576K), 0.0002342 secs] 5264K->4753K(8116K), 0.0002841 secs]
31.389: [GC 31.389: [DefNew: 518K->6K(576K), 0.0002410 secs] 5265K->4753K(8116K), 0.0002865 secs]
31.398: [GC 31.398: [DefNew: 518K->6K(576K), 0.0002238 secs] 5265K->4754K(8116K), 0.0002726 secs]
31.406: [GC 31.406: [DefNew: 518K->6K(576K), 0.0002327 secs] 5266K->4754K(8116K), 0.0002818 secs]
31.414: [GC 31.414: [DefNew: 518K->6K(576K), 0.0002553 secs] 5266K->4754K(8116K), 0.0003076 secs]
31.423: [GC 31.423: [DefNew: 518K->6K(576K), 0.0002332 secs] 5266K->4755K(8116K), 0.0002830 secs]
31.431: [GC 31.431: [DefNew: 518K->6K(576K), 0.0003112 secs] 5267K->4755K(8116K), 0.0003624 secs]
31.439: [GC 31.439: [DefNew: 518K->6K(576K), 0.0004929 secs] 5267K->4756K(8116K), 0.0005524 secs]
31.447: [GC 31.447: [DefNew: 518K->6K(576K), 0.0002272 secs] 5268K->4756K(8116K), 0.0002775 secs]
31.455: [GC 31.455: [DefNew: 518K->6K(576K), 0.0002613 secs] 5268K->4757K(8116K), 0.0003112 secs]
31.463: [GC 31.463: [DefNew: 518K->6K(576K), 0.0002397 secs] 5269K->4757K(8116K), 0.0002895 secs]
31.471: [GC 31.471: [DefNew: 518K->6K(576K), 0.0002144 secs] 5269K->4757K(8116K), 0.0002628 secs]
31.478: [GC 31.479: [DefNew: 518K->6K(576K), 0.0002311 secs] 5269K->4758K(8116K), 0.0002833 secs]
31.486: [GC 31.486: [DefNew: 518K->6K(576K), 0.0002082 secs] 5270K->4758K(8116K), 0.0002550 secs]
31.494: [GC 31.494: [DefNew: 518K->6K(576K), 0.0002376 secs] 5270K->4759K(8116K), 0.0002873 secs]
31.502: [GC 31.502: [DefNew: 518K->6K(576K), 0.0002308 secs] 5271K->4759K(8116K), 0.0002791 secs]
31.510: [GC 31.510: [DefNew: 518K->6K(576K), 0.0002421 secs] 5271K->4760K(8116K), 0.0002931 secs]
31.518: [GC 31.518: [DefNew: 518K->6K(576K), 0.0002381 secs] 5272K->4760K(8116K), 0.0002875 secs]
31.526: [GC 31.526: [DefNew: 518K->6K(576K), 0.0002309 secs] 5272K->4761K(8116K), 0.0002793 secs]
31.533: [GC 31.534: [DefNew: 518K->6K(576K), 0.0002322 secs] 5273K->4761K(8116K), 0.0002826 secs]
31.541: [GC 31.541: [DefNew: 518K->6K(576K), 0.0002158 secs] 5273K->4761K(8116K), 0.0002631 secs]
31.549: [GC 31.549: [DefNew: 518K->6K(576K), 0.0002240 secs] 5273K->4762K(8116K), 0.0002736 secs]
31.557: [GC 31.557: [DefNew: 518K->6K(576K), 0.0002260 secs] 5274K->4762K(8116K), 0.0002751 secs]
31.565: [GC 31.565: [DefNew: 518K->6K(576K), 0.0002354 secs] 5274K->4763K(8116K), 0.0002852 secs]
31.572: [GC 31.572: [DefNew: 518K->6K(576K), 0.0002385 secs] 5275K->4763K(8116K), 0.0002881 secs]
31.580: [GC 31.580: [DefNew: 518K->6K(576K), 0.0002274 secs] 5275K->4763K(8116K), 0.0002775 secs]
31.588: [GC 31.588: [DefNew: 518K->6K(576K), 0.0002282 secs] 5275K->4764K(8116K), 0.0002788 secs]
31.595: [GC 31.595: [DefNew: 518K->6K(576K), 0.0002281 secs] 5276K->4765K(8116K), 0.0002770 secs]
31.604: [GC 31.604: [DefNew: 518K->6K(576K), 0.0002287 secs] 5277K->4765K(8116K), 0.0002793 secs]
31.611: [GC 31.611: [DefNew: 518K->6K(576K), 0.0002167 secs] 5277K->4765K(8116K), 0.0002647 secs]
31.620: [GC 31.620: [DefNew: 518K->6K(576K), 0.0002250 secs] 5277K->4766K(8116K), 0.0002741 secs]
31.627: [GC 31.627: [DefNew: 518K->7K(576K), 0.0002149 secs] 5278K->4766K(8116K), 0.0002609 secs]
31.635: [GC 31.635: [DefNew: 519K->6K(576K), 0.0002241 secs] 5278K->4767K(8116K), 0.0002729 secs]
31.642: [GC 31.642: [DefNew: 518K->6K(576K), 0.0002147 secs] 5279K->4767K(8116K), 0.0002617 secs]
31.650: [GC 31.650: [DefNew: 518K->6K(576K), 0.0002194 secs] 5279K->4767K(8116K), 0.0002682 secs]
31.657: [GC 31.657: [DefNew: 518K->6K(576K), 0.0002183 secs] 5279K->4768K(8116K), 0.0002656 secs]
31.665: [GC 31.665: [DefNew: 518K->7K(576K), 0.0002299 secs] 5280K->4768K(8116K), 0.0002793 secs]
31.673: [GC 31.673: [DefNew: 519K->6K(576K), 0.0002175 secs] 5280K->4769K(8116K), 0.0002658 secs]
31.681: [GC 31.681: [DefNew: 518K->6K(576K), 0.0002246 secs] 5281K->4769K(8116K), 0.0002742 secs]
31.689: [GC 31.689: [DefNew: 518K->7K(576K), 0.0002130 secs] 5281K->4770K(8116K), 0.0002600 secs]
31.696: [GC 31.696: [DefNew: 519K->6K(576K), 0.0002237 secs] 5282K->4770K(8116K), 0.0002719 secs]
31.704: [GC 31.704: [DefNew: 518K->6K(576K), 0.0002246 secs] 5282K->4771K(8116K), 0.0002737 secs]
31.711: [GC 31.711: [DefNew: 518K->6K(576K), 0.0002193 secs] 5283K->4771K(8116K), 0.0002681 secs]
31.719: [GC 31.719: [DefNew: 518K->6K(576K), 0.0002384 secs] 5283K->4772K(8116K), 0.0002870 secs]
31.726: [GC 31.726: [DefNew: 518K->7K(576K), 0.0002044 secs] 5284K->4772K(8116K), 0.0002499 secs]
31.733: [GC 31.733: [DefNew: 519K->6K(576K), 0.0002219 secs] 5284K->4772K(8116K), 0.0002693 secs]
31.740: [GC 31.740: [DefNew: 518K->6K(576K), 0.0002131 secs] 5284K->4773K(8116K), 0.0002577 secs]
31.749: [GC 31.749: [DefNew: 518K->7K(576K), 0.0002298 secs] 5285K->4774K(8116K), 0.0002792 secs]
31.756: [GC 31.756: [DefNew: 519K->6K(576K), 0.0002102 secs] 5286K->4774K(8116K), 0.0002559 secs]
31.763: [GC 31.763: [DefNew: 518K->6K(576K), 0.0002193 secs] 5286K->4774K(8116K), 0.0002675 secs]
31.771: [GC 31.771: [DefNew: 518K->6K(576K), 0.0002135 secs] 5286K->4775K(8116K), 0.0002605 secs]
31.779: [GC 31.779: [DefNew: 518K->6K(576K), 0.0002187 secs] 5287K->4775K(8116K), 0.0002674 secs]
31.786: [GC 31.786: [DefNew: 518K->6K(576K), 0.0002053 secs] 5287K->4776K(8116K), 0.0002513 secs]
31.795: [GC 31.795: [DefNew: 518K->7K(576K), 0.0002322 secs] 5288K->4776K(8116K), 0.0002829 secs]
31.802: [GC 31.802: [DefNew: 519K->6K(576K), 0.0002190 secs] 5288K->4776K(8116K), 0.0002667 secs]
31.810: [GC 31.810: [DefNew: 518K->6K(576K), 0.0002211 secs] 5288K->4777K(8116K), 0.0002714 secs]
31.818: [GC 31.818: [DefNew: 518K->7K(576K), 0.0002333 secs] 5289K->4777K(8116K), 0.0002843 secs]
31.825: [GC 31.825: [DefNew: 519K->6K(576K), 0.0002261 secs] 5289K->4778K(8116K), 0.0002767 secs]
31.833: [GC 31.833: [DefNew: 518K->6K(576K), 0.0002024 secs] 5290K->4778K(8116K), 0.0002488 secs]
31.840: [GC 31.841: [DefNew: 518K->6K(576K), 0.0002527 secs] 5290K->4778K(8116K), 0.0003035 secs]
31.848: [GC 31.848: [DefNew: 518K->6K(576K), 0.0002119 secs] 5290K->4779K(8116K), 0.0002590 secs]
31.856: [GC 31.856: [DefNew: 518K->7K(576K), 0.0002183 secs] 5291K->4780K(8116K), 0.0002664 secs]
31.863: [GC 31.864: [DefNew: 519K->6K(576K), 0.0002152 secs] 5292K->4780K(8116K), 0.0002625 secs]
31.871: [GC 31.871: [DefNew: 518K->6K(576K), 0.0002191 secs] 5292K->4780K(8116K), 0.0002666 secs]
31.879: [GC 31.879: [DefNew: 518K->7K(576K), 0.0002216 secs] 5292K->4781K(8116K), 0.0002707 secs]
31.887: [GC 31.887: [DefNew: 519K->6K(576K), 0.0002167 secs] 5293K->4781K(8116K), 0.0002642 secs]
31.894: [GC 31.894: [DefNew: 518K->6K(576K), 0.0002126 secs] 5293K->4782K(8116K), 0.0002579 secs]
31.902: [GC 31.902: [DefNew: 518K->6K(576K), 0.0002259 secs] 5294K->4782K(8116K), 0.0002746 secs]
31.910: [GC 31.910: [DefNew: 518K->7K(576K), 0.0002226 secs] 5294K->4783K(8116K), 0.0002706 secs]
31.918: [GC 31.918: [DefNew: 519K->7K(576K), 0.0002268 secs] 5295K->4783K(8116K), 0.0002772 secs]
31.926: [GC 31.926: [DefNew: 519K->6K(576K), 0.0002076 secs] 5295K->4783K(8116K), 0.0002552 secs]
31.934: [GC 31.934: [DefNew: 518K->6K(576K), 0.0002230 secs] 5295K->4784K(8116K), 0.0002722 secs]
31.941: [GC 31.941: [DefNew: 518K->7K(576K), 0.0002260 secs] 5296K->4785K(8116K), 0.0002757 secs]
31.949: [GC 31.949: [DefNew: 519K->7K(576K), 0.0002342 secs] 5297K->4785K(8116K), 0.0002850 secs]
31.956: [GC 31.956: [DefNew: 519K->7K(576K), 0.0001997 secs] 5297K->4785K(8116K), 0.0002450 secs]
31.964: [GC 31.964: [DefNew: 519K->6K(576K), 0.0002101 secs] 5297K->4786K(8116K), 0.0002571 secs]
31.972: [GC 31.972: [DefNew: 518K->7K(576K), 0.0002142 secs] 5298K->4786K(8116K), 0.0002618 secs]
31.979: [GC 31.979: [DefNew: 519K->7K(576K), 0.0002245 secs] 5298K->4787K(8116K), 0.0002747 secs]
31.988: [GC 31.988: [DefNew: 519K->7K(576K), 0.0002252 secs] 5299K->4787K(8116K), 0.0002734 secs]
31.996: [GC 31.996: [DefNew: 519K->6K(576K), 0.0002219 secs] 5299K->4787K(8116K), 0.0002700 secs]
32.003: [GC 32.003: [DefNew: 518K->7K(576K), 0.0002277 secs] 5299K->4788K(8116K), 0.0002767 secs]
32.011: [GC 32.011: [DefNew: 519K->7K(576K), 0.0002335 secs] 5300K->4788K(8116K), 0.0002827 secs]
32.018: [GC 32.019: [DefNew: 519K->7K(576K), 0.0003537 secs] 5300K->4789K(8116K), 0.0004145 secs]
32.027: [GC 32.027: [DefNew: 519K->6K(576K), 0.0002870 secs] 5301K->4789K(8116K), 0.0003455 secs]
32.034: [GC 32.034: [DefNew: 518K->7K(576K), 0.0002643 secs] 5301K->4790K(8116K), 0.0003179 secs]
32.043: [GC 32.043: [DefNew: 519K->7K(576K), 0.0002390 secs] 5302K->4790K(8116K), 0.0002895 secs]
32.051: [GC 32.051: [DefNew: 519K->7K(576K), 0.0002203 secs] 5302K->4791K(8116K), 0.0002683 secs]
32.059: [GC 32.059: [DefNew: 519K->6K(576K), 0.0002324 secs] 5303K->4791K(8116K), 0.0002831 secs]
32.066: [GC 32.066: [DefNew: 518K->6K(576K), 0.0002005 secs] 5303K->4792K(8116K), 0.0002466 secs]
32.074: [GC 32.074: [DefNew: 518K->6K(576K), 0.0002185 secs] 5304K->4792K(8116K), 0.0002678 secs]
32.081: [GC 32.081: [DefNew: 518K->7K(576K), 0.0002302 secs] 5304K->4792K(8116K), 0.0002800 secs]
32.089: [GC 32.089: [DefNew: 519K->6K(576K), 0.0002311 secs] 5304K->4793K(8116K), 0.0002797 secs]
32.097: [GC 32.097: [DefNew: 518K->6K(576K), 0.0007397 secs] 5305K->4793K(8116K), 0.0008138 secs]
32.108: [GC 32.108: [DefNew: 518K->7K(576K), 0.0002449 secs] 5305K->4794K(8116K), 0.0002965 secs]
32.115: [GC 32.116: [DefNew: 519K->7K(576K), 0.0002609 secs] 5306K->4794K(8116K), 0.0003151 secs]
32.124: [GC 32.124: [DefNew: 519K->6K(576K), 0.0002333 secs] 5306K->4795K(8116K), 0.0002833 secs]
32.131: [GC 32.131: [DefNew: 518K->6K(576K), 0.0002169 secs] 5307K->4795K(8116K), 0.0002639 secs]
32.140: [GC 32.140: [DefNew: 518K->7K(576K), 0.0002307 secs] 5307K->4796K(8116K), 0.0002800 secs]
32.147: [GC 32.147: [DefNew: 519K->7K(576K), 0.0005551 secs] 5308K->4796K(8116K), 0.0006062 secs]
32.156: [GC 32.156: [DefNew: 519K->6K(576K), 0.0002390 secs] 5308K->4796K(8116K), 0.0002897 secs]
32.163: [GC 32.163: [DefNew: 518K->6K(576K), 0.0002257 secs] 5308K->4797K(8116K), 0.0002743 secs]
32.171: [GC 32.171: [DefNew: 518K->6K(576K), 0.0002221 secs] 5309K->4797K(8116K), 0.0002698 secs]
32.178: [GC 32.178: [DefNew: 518K->7K(576K), 0.0002225 secs] 5309K->4798K(8116K), 0.0002709 secs]
32.186: [GC 32.186: [DefNew: 519K->6K(576K), 0.0003087 secs] 5310K->4798K(8116K), 0.0003675 secs]
32.193: [GC 32.193: [DefNew: 518K->6K(576K), 0.0002382 secs] 5310K->4799K(8116K), 0.0002880 secs]
32.202: [GC 32.203: [DefNew: 518K->7K(576K), 0.0002570 secs] 5311K->4799K(8116K), 0.0003099 secs]
32.211: [GC 32.211: [DefNew: 519K->7K(576K), 0.0002327 secs] 5311K->4800K(8116K), 0.0002852 secs]
32.219: [GC 32.219: [DefNew: 519K->7K(576K), 0.0002227 secs] 5312K->4800K(8116K), 0.0002703 secs]
32.226: [GC 32.226: [DefNew: 519K->6K(576K), 0.0001770 secs] 5312K->4800K(8116K), 0.0002171 secs]
32.233: [GC 32.233: [DefNew: 518K->7K(576K), 0.0002286 secs] 5312K->4801K(8116K), 0.0002741 secs]
32.241: [GC 32.241: [DefNew: 519K->7K(576K), 0.0002236 secs] 5313K->4801K(8116K), 0.0002704 secs]
32.248: [GC 32.248: [DefNew: 519K->7K(576K), 0.0002258 secs] 5313K->4802K(8116K), 0.0002733 secs]
32.256: [GC 32.256: [DefNew: 519K->6K(576K), 0.0002324 secs] 5314K->4802K(8116K), 0.0002808 secs]
32.264: [GC 32.264: [DefNew: 518K->6K(576K), 0.0002288 secs] 5314K->4803K(8116K), 0.0002784 secs]
32.272: [GC 32.272: [DefNew: 518K->7K(576K), 0.0002321 secs] 5315K->4803K(8116K), 0.0002813 secs]
32.280: [GC 32.280: [DefNew: 519K->6K(576K), 0.0002216 secs] 5315K->4804K(8116K), 0.0002685 secs]
32.286: [GC 32.286: [DefNew: 518K->6K(576K), 0.0001708 secs] 5316K->4804K(8116K), 0.0002107 secs]
32.294: [GC 32.295: [DefNew: 518K->6K(576K), 0.0002284 secs] 5316K->4804K(8116K), 0.0002778 secs]
32.302: [GC 32.302: [DefNew: 518K->6K(576K), 0.0002238 secs] 5316K->4805K(8116K), 0.0002710 secs]
32.310: [GC 32.310: [DefNew: 518K->7K(576K), 0.0002215 secs] 5317K->4805K(8116K), 0.0002689 secs]
32.317: [GC 32.317: [DefNew: 519K->6K(576K), 0.0001704 secs] 5317K->4806K(8116K), 0.0002094 secs]
32.323: [GC 32.323: [DefNew: 518K->6K(576K), 0.0001871 secs] 5318K->4806K(8116K), 0.0002297 secs]
32.330: [GC 32.330: [DefNew: 518K->7K(576K), 0.0002236 secs] 5318K->4807K(8116K), 0.0002712 secs]
32.337: [GC 32.337: [DefNew: 519K->7K(576K), 0.0001834 secs] 5319K->4807K(8116K), 0.0002254 secs]
32.344: [GC 32.344: [DefNew: 519K->6K(576K), 0.0001907 secs] 5319K->4807K(8116K), 0.0002332 secs]
32.351: [GC 32.351: [DefNew: 518K->6K(576K), 0.0001705 secs] 5319K->4808K(8116K), 0.0002100 secs]
32.358: [GC 32.358: [DefNew: 518K->7K(576K), 0.0001792 secs] 5320K->4809K(8116K), 0.0002209 secs]
32.365: [GC 32.365: [DefNew: 519K->7K(576K), 0.0002106 secs] 5321K->4809K(8116K), 0.0002572 secs]
32.373: [GC 32.373: [DefNew: 519K->6K(576K), 0.0002210 secs] 5321K->4809K(8116K), 0.0002679 secs]
32.380: [GC 32.380: [DefNew: 518K->6K(576K), 0.0001769 secs] 5321K->4810K(8116K), 0.0002182 secs]
32.387: [GC 32.387: [DefNew: 518K->6K(576K), 0.0001921 secs] 5322K->4810K(8116K), 0.0002343 secs]
32.394: [GC 32.394: [DefNew: 518K->7K(576K), 0.0001834 secs] 5322K->4811K(8116K), 0.0002241 secs]
32.401: [GC 32.401: [DefNew: 519K->6K(576K), 0.0002229 secs] 5323K->4811K(8116K), 0.0002780 secs]
32.408: [GC 32.408: [DefNew: 518K->6K(576K), 0.0001895 secs] 5323K->4811K(8116K), 0.0002322 secs]
32.415: [GC 32.415: [DefNew: 518K->7K(576K), 0.0001842 secs] 5323K->4812K(8116K), 0.0002267 secs]
32.422: [GC 32.422: [DefNew: 519K->6K(576K), 0.0001750 secs] 5324K->4813K(8116K), 0.0002155 secs]
32.429: [GC 32.429: [DefNew: 518K->7K(576K), 0.0002035 secs] 5325K->4813K(8116K), 0.0002479 secs]
32.436: [GC 32.436: [DefNew: 519K->6K(576K), 0.0001902 secs] 5325K->4813K(8116K), 0.0002340 secs]
32.443: [GC 32.443: [DefNew: 518K->6K(576K), 0.0001933 secs] 5325K->4814K(8116K), 0.0002336 secs]
32.450: [GC 32.450: [DefNew: 518K->7K(576K), 0.0001810 secs] 5326K->4814K(8116K), 0.0002231 secs]
32.457: [GC 32.457: [DefNew: 519K->7K(576K), 0.0001997 secs] 5326K->4815K(8116K), 0.0002439 secs]
32.464: [GC 32.464: [DefNew: 519K->6K(576K), 0.0002104 secs] 5327K->4815K(8116K), 0.0002550 secs]
32.471: [GC 32.471: [DefNew: 518K->6K(576K), 0.0001821 secs] 5327K->4816K(8116K), 0.0002226 secs]
32.478: [GC 32.478: [DefNew: 518K->7K(576K), 0.0001814 secs] 5328K->4816K(8116K), 0.0002224 secs]
32.485: [GC 32.485: [DefNew: 519K->7K(576K), 0.0002065 secs] 5328K->4816K(8116K), 0.0002514 secs]
32.492: [GC 32.492: [DefNew: 519K->6K(576K), 0.0001734 secs] 5328K->4817K(8116K), 0.0002132 secs]
32.499: [GC 32.499: [DefNew: 518K->6K(576K), 0.0001906 secs] 5329K->4817K(8116K), 0.0002335 secs]
32.506: [GC 32.506: [DefNew: 518K->6K(576K), 0.0001914 secs] 5329K->4818K(8116K), 0.0002350 secs]
32.512: [GC 32.512: [DefNew: 518K->7K(576K), 0.0001868 secs] 5330K->4818K(8116K), 0.0002300 secs]
32.519: [GC 32.519: [DefNew: 519K->6K(576K), 0.0001740 secs] 5330K->4819K(8116K), 0.0002138 secs]
32.526: [GC 32.526: [DefNew: 518K->6K(576K), 0.0002053 secs] 5331K->4819K(8116K), 0.0002504 secs]
32.533: [GC 32.533: [DefNew: 518K->7K(576K), 0.0001884 secs] 5331K->4820K(8116K), 0.0002306 secs]
32.540: [GC 32.540: [DefNew: 519K->6K(576K), 0.0001934 secs] 5332K->4820K(8116K), 0.0002352 secs]
32.547: [GC 32.547: [DefNew: 518K->6K(576K), 0.0002129 secs] 5332K->4820K(8116K), 0.0002990 secs]
32.554: [GC 32.554: [DefNew: 518K->6K(576K), 0.0001698 secs] 5332K->4821K(8116K), 0.0002100 secs]
32.561: [GC 32.561: [DefNew: 518K->7K(576K), 0.0001946 secs] 5333K->4821K(8116K), 0.0002383 secs]
32.568: [GC 32.568: [DefNew: 519K->7K(576K), 0.0001801 secs] 5333K->4822K(8116K), 0.0002215 secs]
32.575: [GC 32.575: [DefNew: 519K->6K(576K), 0.0001777 secs] 5334K->4822K(8116K), 0.0002186 secs]
32.582: [GC 32.582: [DefNew: 518K->6K(576K), 0.0001728 secs] 5334K->4823K(8116K), 0.0002131 secs]
32.589: [GC 32.589: [DefNew: 518K->7K(576K), 0.0002058 secs] 5335K->4823K(8116K), 0.0002511 secs]
32.596: [GC 32.596: [DefNew: 519K->7K(576K), 0.0001737 secs] 5335K->4824K(8116K), 0.0002151 secs]
32.603: [GC 32.603: [DefNew: 519K->7K(576K), 0.0002064 secs] 5336K->4824K(8116K), 0.0002524 secs]
32.610: [GC 32.610: [DefNew: 519K->6K(576K), 0.0002196 secs] 5336K->4824K(8116K), 0.0002672 secs]
32.617: [GC 32.617: [DefNew: 518K->7K(576K), 0.0001810 secs] 5336K->4825K(8116K), 0.0002212 secs]
32.624: [GC 32.624: [DefNew: 519K->6K(576K), 0.0001975 secs] 5337K->4825K(8116K), 0.0002422 secs]
32.631: [GC 32.631: [DefNew: 518K->7K(576K), 0.0001729 secs] 5337K->4826K(8116K), 0.0002127 secs]
32.638: [GC 32.638: [DefNew: 519K->6K(576K), 0.0001768 secs] 5338K->4826K(8116K), 0.0002174 secs]
32.645: [GC 32.645: [DefNew: 518K->6K(576K), 0.0001807 secs] 5338K->4827K(8116K), 0.0002219 secs]
32.652: [GC 32.652: [DefNew: 518K->7K(576K), 0.0002010 secs] 5339K->4827K(8116K), 0.0002462 secs]
32.659: [GC 32.659: [DefNew: 519K->7K(576K), 0.0001740 secs] 5339K->4828K(8116K), 0.0002213 secs]
32.666: [GC 32.666: [DefNew: 519K->6K(576K), 0.0001982 secs] 5340K->4828K(8116K), 0.0002437 secs]
32.673: [GC 32.673: [DefNew: 518K->6K(576K), 0.0002084 secs] 5340K->4828K(8116K), 0.0002539 secs]
32.680: [GC 32.680: [DefNew: 518K->7K(576K), 0.0001805 secs] 5340K->4829K(8116K), 0.0002211 secs]
32.687: [GC 32.687: [DefNew: 519K->7K(576K), 0.0002074 secs] 5341K->4829K(8116K), 0.0002529 secs]
32.694: [GC 32.694: [DefNew: 519K->6K(576K), 0.0001863 secs] 5341K->4830K(8116K), 0.0002352 secs]
32.703: [GC 32.703: [DefNew: 518K->6K(576K), 0.0002214 secs] 5342K->4830K(8116K), 0.0002685 secs]
32.710: [GC 32.710: [DefNew: 518K->7K(576K), 0.0001805 secs] 5342K->4831K(8116K), 0.0002211 secs]
32.718: [GC 32.718: [DefNew: 519K->7K(576K), 0.0002242 secs] 5343K->4831K(8116K), 0.0002736 secs]
32.725: [GC 32.726: [DefNew: 519K->6K(576K), 0.0002146 secs] 5343K->4832K(8116K), 0.0002802 secs]
32.733: [GC 32.733: [DefNew: 518K->6K(576K), 0.0002152 secs] 5344K->4832K(8116K), 0.0002621 secs]
32.741: [GC 32.741: [DefNew: 518K->7K(576K), 0.0002259 secs] 5344K->4833K(8116K), 0.0002735 secs]
32.749: [GC 32.749: [DefNew: 519K->7K(576K), 0.0002128 secs] 5345K->4833K(8116K), 0.0002595 secs]
32.756: [GC 32.756: [DefNew: 519K->6K(576K), 0.0001852 secs] 5345K->4833K(8116K), 0.0002263 secs]
32.763: [GC 32.763: [DefNew: 518K->6K(576K), 0.0002048 secs] 5345K->4834K(8116K), 0.0002890 secs]
32.771: [GC 32.771: [DefNew: 518K->7K(576K), 0.0002250 secs] 5346K->4834K(8116K), 0.0002720 secs]
32.778: [GC 32.778: [DefNew: 519K->7K(576K), 0.0002118 secs] 5346K->4835K(8116K), 0.0002588 secs]
32.785: [GC 32.785: [DefNew: 519K->6K(576K), 0.0001715 secs] 5347K->4835K(8116K), 0.0002114 secs]
32.794: [GC 32.795: [DefNew: 518K->6K(576K), 0.0002222 secs] 5347K->4835K(8116K), 0.0002704 secs]
32.803: [GC 32.803: [DefNew: 518K->7K(576K), 0.0002334 secs] 5347K->4836K(8116K), 0.0002825 secs]
32.811: [GC 32.811: [DefNew: 519K->7K(576K), 0.0002388 secs] 5348K->4837K(8116K), 0.0005003 secs]
32.818: [GC 32.818: [DefNew: 519K->7K(576K), 0.0002109 secs] 5349K->4837K(8116K), 0.0002567 secs]
32.825: [GC 32.825: [DefNew: 519K->6K(576K), 0.0001846 secs] 5349K->4837K(8116K), 0.0002266 secs]
32.833: [GC 32.833: [DefNew: 518K->7K(576K), 0.0002083 secs] 5349K->4838K(8116K), 0.0002546 secs]
32.840: [GC 32.840: [DefNew: 519K->7K(576K), 0.0002102 secs] 5350K->4838K(8116K), 0.0002566 secs]
32.847: [GC 32.847: [DefNew: 519K->7K(576K), 0.0001773 secs] 5350K->4839K(8116K), 0.0002176 secs]
32.854: [GC 32.854: [DefNew: 519K->6K(576K), 0.0002034 secs] 5351K->4839K(8116K), 0.0002490 secs]
32.861: [GC 32.861: [DefNew: 518K->7K(576K), 0.0001800 secs] 5351K->4840K(8116K), 0.0002211 secs]
32.869: [GC 32.869: [DefNew: 519K->7K(576K), 0.0002188 secs] 5352K->4840K(8116K), 0.0002661 secs]
32.875: [GC 32.875: [DefNew: 519K->7K(576K), 0.0001696 secs] 5352K->4840K(8116K), 0.0002092 secs]
32.882: [GC 32.882: [DefNew: 519K->6K(576K), 0.0001727 secs] 5352K->4841K(8116K), 0.0002126 secs]
32.889: [GC 32.889: [DefNew: 518K->6K(576K), 0.0001773 secs] 5353K->4841K(8116K), 0.0002183 secs]
32.896: [GC 32.896: [DefNew: 518K->7K(576K), 0.0001796 secs] 5353K->4842K(8116K), 0.0002210 secs]
32.903: [GC 32.903: [DefNew: 519K->7K(576K), 0.0002186 secs] 5354K->4842K(8116K), 0.0002660 secs]
32.910: [GC 32.910: [DefNew: 519K->6K(576K), 0.0001805 secs] 5354K->4843K(8116K), 0.0002216 secs]
32.917: [GC 32.917: [DefNew: 518K->6K(576K), 0.0001979 secs] 5355K->4843K(8116K), 0.0002428 secs]
32.925: [GC 32.925: [DefNew: 518K->7K(576K), 0.0002221 secs] 5355K->4844K(8116K), 0.0002771 secs]
32.932: [GC 32.932: [DefNew: 519K->7K(576K), 0.0001829 secs] 5356K->4844K(8116K), 0.0002440 secs]
32.939: [GC 32.939: [DefNew: 519K->6K(576K), 0.0001990 secs] 5356K->4844K(8116K), 0.0002417 secs]
32.945: [GC 32.945: [DefNew: 518K->6K(576K), 0.0001746 secs] 5356K->4845K(8116K), 0.0002148 secs]
32.952: [GC 32.952: [DefNew: 518K->7K(576K), 0.0001913 secs] 5357K->4846K(8116K), 0.0002405 secs]
32.959: [GC 32.959: [DefNew: 519K->7K(576K), 0.0001777 secs] 5358K->4846K(8116K), 0.0002266 secs]
32.966: [GC 32.966: [DefNew: 519K->6K(576K), 0.0001993 secs] 5358K->4846K(8116K), 0.0002440 secs]
32.974: [GC 32.974: [DefNew: 518K->6K(576K), 0.0002150 secs] 5358K->4847K(8116K), 0.0002615 secs]
32.981: [GC 32.981: [DefNew: 518K->7K(576K), 0.0002001 secs] 5359K->4847K(8116K), 0.0002431 secs]
32.987: [GC 32.987: [DefNew: 519K->7K(576K), 0.0001920 secs] 5359K->4848K(8116K), 0.0002330 secs]
32.994: [GC 32.994: [DefNew: 519K->6K(576K), 0.0002049 secs] 5360K->4848K(8116K), 0.0002497 secs]
33.001: [GC 33.001: [DefNew: 518K->6K(576K), 0.0001983 secs] 5360K->4848K(8116K), 0.0002514 secs]
33.008: [GC 33.008: [DefNew: 518K->7K(576K), 0.0002112 secs] 5360K->4849K(8116K), 0.0002576 secs]
33.015: [GC 33.016: [DefNew: 519K->7K(576K), 0.0001868 secs] 5361K->4849K(8116K), 0.0002297 secs]
33.022: [GC 33.022: [DefNew: 519K->6K(576K), 0.0001802 secs] 5361K->4850K(8116K), 0.0002214 secs]
33.030: [GC 33.030: [DefNew: 518K->6K(576K), 0.0002173 secs] 5362K->4850K(8116K), 0.0002629 secs]
33.037: [GC 33.037: [DefNew: 518K->7K(576K), 0.0001813 secs] 5362K->4851K(8116K), 0.0002222 secs]
33.044: [GC 33.044: [DefNew: 519K->7K(576K), 0.0001736 secs] 5363K->4851K(8116K), 0.0002144 secs]
33.051: [GC 33.051: [DefNew: 519K->7K(576K), 0.0001994 secs] 5363K->4852K(8116K), 0.0002443 secs]
33.058: [GC 33.058: [DefNew: 519K->6K(576K), 0.0002093 secs] 5364K->4852K(8116K), 0.0002551 secs]
33.065: [GC 33.065: [DefNew: 518K->7K(576K), 0.0001790 secs] 5364K->4853K(8116K), 0.0002194 secs]
33.072: [GC 33.072: [DefNew: 519K->7K(576K), 0.0001973 secs] 5365K->4853K(8116K), 0.0002414 secs]
33.079: [GC 33.079: [DefNew: 519K->7K(576K), 0.0001910 secs] 5365K->4853K(8116K), 0.0002365 secs]
33.085: [GC 33.086: [DefNew: 519K->6K(576K), 0.0001871 secs] 5365K->4854K(8116K), 0.0002295 secs]
33.093: [GC 33.093: [DefNew: 518K->7K(576K), 0.0001999 secs] 5366K->4855K(8116K), 0.0002437 secs]
33.099: [GC 33.100: [DefNew: 519K->7K(576K), 0.0001784 secs] 5367K->4855K(8116K), 0.0002190 secs]
33.106: [GC 33.106: [DefNew: 519K->7K(576K), 0.0001924 secs] 5367K->4855K(8116K), 0.0002369 secs]
33.114: [GC 33.114: [DefNew: 519K->6K(576K), 0.0002058 secs] 5367K->4856K(8116K), 0.0002519 secs]
33.121: [GC 33.121: [DefNew: 518K->6K(576K), 0.0002016 secs] 5368K->4856K(8116K), 0.0002461 secs]
33.127: [GC 33.128: [DefNew: 518K->7K(576K), 0.0001753 secs] 5368K->4857K(8116K), 0.0002167 secs]
33.134: [GC 33.134: [DefNew: 519K->7K(576K), 0.0001980 secs] 5369K->4857K(8116K), 0.0002428 secs]
33.142: [GC 33.142: [DefNew: 519K->6K(576K), 0.0001979 secs] 5369K->4857K(8116K), 0.0002424 secs]
33.148: [GC 33.148: [DefNew: 518K->6K(576K), 0.0001765 secs] 5369K->4858K(8116K), 0.0002173 secs]
33.156: [GC 33.156: [DefNew: 518K->7K(576K), 0.0002403 secs] 5370K->4859K(8116K), 0.0002910 secs]
33.164: [GC 33.164: [DefNew: 519K->7K(576K), 0.0002343 secs] 5371K->4859K(8116K), 0.0002825 secs]
33.171: [GC 33.171: [DefNew: 519K->6K(576K), 0.0002375 secs] 5371K->4859K(8116K), 0.0002862 secs]
33.178: [GC 33.178: [DefNew: 518K->6K(576K), 0.0002380 secs] 5371K->4860K(8116K), 0.0002864 secs]
33.186: [GC 33.186: [DefNew: 518K->7K(576K), 0.0002410 secs] 5372K->4860K(8116K), 0.0002912 secs]
33.193: [GC 33.193: [DefNew: 519K->7K(576K), 0.0002405 secs] 5372K->4861K(8116K), 0.0002900 secs]
33.200: [GC 33.200: [DefNew: 519K->6K(576K), 0.0002388 secs] 5373K->4861K(8116K), 0.0002890 secs]
33.208: [GC 33.208: [DefNew: 518K->6K(576K), 0.0002373 secs] 5373K->4861K(8116K), 0.0002866 secs]
33.216: [GC 33.216: [DefNew: 518K->7K(576K), 0.0002393 secs] 5373K->4862K(8116K), 0.0002889 secs]
33.223: [GC 33.223: [DefNew: 519K->7K(576K), 0.0002336 secs] 5374K->4862K(8116K), 0.0002828 secs]
33.231: [GC 33.231: [DefNew: 519K->6K(576K), 0.0002429 secs] 5374K->4863K(8116K), 0.0002922 secs]
33.238: [GC 33.238: [DefNew: 518K->6K(576K), 0.0002375 secs] 5375K->4863K(8116K), 0.0002869 secs]
33.246: [GC 33.246: [DefNew: 518K->7K(576K), 0.0002400 secs] 5375K->4864K(8116K), 0.0002900 secs]
33.253: [GC 33.253: [DefNew: 519K->7K(576K), 0.0002418 secs] 5376K->4864K(8116K), 0.0002918 secs]
33.261: [GC 33.261: [DefNew: 519K->6K(576K), 0.0002395 secs] 5376K->4865K(8116K), 0.0002895 secs]
33.268: [GC 33.268: [DefNew: 518K->6K(576K), 0.0002372 secs] 5377K->4865K(8116K), 0.0002859 secs]
33.276: [GC 33.276: [DefNew: 518K->7K(576K), 0.0002394 secs] 5377K->4866K(8116K), 0.0002893 secs]
33.283: [GC 33.283: [DefNew: 519K->7K(576K), 0.0002337 secs] 5378K->4866K(8116K), 0.0002833 secs]
33.291: [GC 33.291: [DefNew: 519K->7K(576K), 0.0002390 secs] 5378K->4866K(8116K), 0.0002893 secs]
33.299: [GC 33.299: [DefNew: 519K->6K(576K), 0.0002333 secs] 5378K->4867K(8116K), 0.0002820 secs]
33.308: [GC 33.308: [DefNew: 518K->7K(576K), 0.0002283 secs] 5379K->4868K(8116K), 0.0002755 secs]
33.315: [GC 33.315: [DefNew: 519K->7K(576K), 0.0002346 secs] 5380K->4868K(8116K), 0.0002846 secs]
33.322: [GC 33.322: [DefNew: 519K->7K(576K), 0.0002289 secs] 5380K->4868K(8116K), 0.0002759 secs]
33.329: [GC 33.329: [DefNew: 519K->6K(576K), 0.0002310 secs] 5380K->4869K(8116K), 0.0002785 secs]
33.337: [GC 33.337: [DefNew: 518K->7K(576K), 0.0002342 secs] 5381K->4869K(8116K), 0.0002827 secs]
33.344: [GC 33.344: [DefNew: 519K->7K(576K), 0.0002318 secs] 5381K->4870K(8116K), 0.0002802 secs]
33.351: [GC 33.351: [DefNew: 519K->7K(576K), 0.0002317 secs] 5382K->4870K(8116K), 0.0002790 secs]
33.359: [GC 33.359: [DefNew: 519K->6K(576K), 0.0002350 secs] 5382K->4870K(8116K), 0.0002832 secs]
33.366: [GC 33.366: [DefNew: 518K->7K(576K), 0.0003073 secs] 5382K->4871K(8116K), 0.0003637 secs]
33.374: [GC 33.374: [DefNew: 519K->7K(576K), 0.0002454 secs] 5383K->4871K(8116K), 0.0002954 secs]
33.381: [GC 33.381: [DefNew: 519K->7K(576K), 0.0002453 secs] 5383K->4872K(8116K), 0.0002957 secs]
33.389: [GC 33.389: [DefNew: 519K->6K(576K), 0.0002429 secs] 5384K->4872K(8116K), 0.0002949 secs]
33.397: [GC 33.397: [DefNew: 518K->7K(576K), 0.0002252 secs] 5384K->4873K(8116K), 0.0002733 secs]
33.407: [GC 33.407: [DefNew: 519K->7K(576K), 0.0002322 secs] 5385K->4873K(8116K), 0.0002806 secs]
33.414: [GC 33.414: [DefNew: 519K->7K(576K), 0.0002627 secs] 5385K->4874K(8116K), 0.0003105 secs]
33.421: [GC 33.421: [DefNew: 519K->6K(576K), 0.0001857 secs] 5386K->4874K(8116K), 0.0002280 secs]
33.428: [GC 33.428: [DefNew: 518K->6K(576K), 0.0002083 secs] 5386K->4875K(8116K), 0.0002557 secs]
33.435: [GC 33.435: [DefNew: 518K->7K(576K), 0.0001996 secs] 5387K->4875K(8116K), 0.0002444 secs]
33.442: [GC 33.442: [DefNew: 519K->7K(576K), 0.0001745 secs] 5387K->4875K(8116K), 0.0002161 secs]
33.449: [GC 33.449: [DefNew: 519K->6K(576K), 0.0002308 secs] 5387K->4876K(8116K), 0.0002767 secs]
33.456: [GC 33.456: [DefNew: 518K->6K(576K), 0.0002117 secs] 5388K->4876K(8116K), 0.0002584 secs]
33.464: [GC 33.464: [DefNew: 518K->7K(576K), 0.0002078 secs] 5388K->4877K(8116K), 0.0002538 secs]
33.471: [GC 33.471: [DefNew: 519K->7K(576K), 0.0002101 secs] 5389K->4877K(8116K), 0.0002558 secs]
33.478: [GC 33.478: [DefNew: 519K->6K(576K), 0.0001926 secs] 5389K->4878K(8116K), 0.0002340 secs]
33.485: [GC 33.485: [DefNew: 518K->6K(576K), 0.0002092 secs] 5390K->4878K(8116K), 0.0002536 secs]
33.492: [GC 33.492: [DefNew: 518K->7K(576K), 0.0001809 secs] 5390K->4879K(8116K), 0.0002225 secs]
33.499: [GC 33.499: [DefNew: 519K->7K(576K), 0.0001947 secs] 5391K->4879K(8116K), 0.0002392 secs]
33.506: [GC 33.506: [DefNew: 519K->6K(576K), 0.0002070 secs] 5391K->4879K(8116K), 0.0002494 secs]
33.513: [GC 33.513: [DefNew: 518K->6K(576K), 0.0001976 secs] 5391K->4880K(8116K), 0.0002393 secs]
33.520: [GC 33.520: [DefNew: 518K->7K(576K), 0.0001841 secs] 5392K->4881K(8116K), 0.0002253 secs]
33.527: [GC 33.527: [DefNew: 519K->7K(576K), 0.0002444 secs] 5393K->4881K(8116K), 0.0002892 secs]
33.534: [GC 33.534: [DefNew: 519K->6K(576K), 0.0001762 secs] 5393K->4881K(8116K), 0.0002160 secs]
33.541: [GC 33.541: [DefNew: 518K->6K(576K), 0.0002279 secs] 5393K->4882K(8116K), 0.0002756 secs]
33.548: [GC 33.548: [DefNew: 518K->7K(576K), 0.0002063 secs] 5394K->4882K(8116K), 0.0002534 secs]
33.555: [GC 33.555: [DefNew: 519K->7K(576K), 0.0002116 secs] 5394K->4883K(8116K), 0.0002561 secs]
33.562: [GC 33.562: [DefNew: 519K->7K(576K), 0.0002165 secs] 5395K->4883K(8116K), 0.0002632 secs]
33.569: [GC 33.569: [DefNew: 519K->6K(576K), 0.0002108 secs] 5395K->4883K(8116K), 0.0002561 secs]
33.577: [GC 33.577: [DefNew: 518K->7K(576K), 0.0002120 secs] 5395K->4884K(8116K), 0.0002625 secs]
33.584: [GC 33.584: [DefNew: 519K->7K(576K), 0.0002103 secs] 5396K->4884K(8116K), 0.0002554 secs]
33.591: [GC 33.591: [DefNew: 519K->7K(576K), 0.0002232 secs] 5396K->4885K(8116K), 0.0002700 secs]
33.598: [GC 33.598: [DefNew: 519K->6K(576K), 0.0001718 secs] 5397K->4885K(8116K), 0.0002123 secs]
33.605: [GC 33.605: [DefNew: 518K->7K(576K), 0.0002128 secs] 5397K->4886K(8116K), 0.0002671 secs]
33.612: [GC 33.612: [DefNew: 519K->7K(576K), 0.0002191 secs] 5398K->4886K(8116K), 0.0002662 secs]
33.619: [GC 33.619: [DefNew: 519K->7K(576K), 0.0002282 secs] 5398K->4887K(8116K), 0.0002705 secs]
33.626: [GC 33.627: [DefNew: 519K->6K(576K), 0.0002224 secs] 5399K->4887K(8116K), 0.0002693 secs]
33.634: [GC 33.634: [DefNew: 518K->7K(576K), 0.0001869 secs] 5399K->4888K(8116K), 0.0002282 secs]
33.640: [GC 33.640: [DefNew: 519K->7K(576K), 0.0001874 secs] 5400K->4888K(8116K), 0.0002299 secs]
33.648: [GC 33.648: [DefNew: 519K->7K(576K), 0.0002095 secs] 5400K->4888K(8116K), 0.0002545 secs]
33.655: [GC 33.655: [DefNew: 519K->6K(576K), 0.0002167 secs] 5400K->4889K(8116K), 0.0002619 secs]
33.662: [GC 33.662: [DefNew: 518K->7K(576K), 0.0001859 secs] 5401K->4890K(8116K), 0.0002275 secs]
33.669: [GC 33.669: [DefNew: 519K->7K(576K), 0.0002070 secs] 5402K->4890K(8116K), 0.0002526 secs]
33.676: [GC 33.676: [DefNew: 519K->7K(576K), 0.0002211 secs] 5402K->4890K(8116K), 0.0002681 secs]
33.683: [GC 33.684: [DefNew: 519K->6K(576K), 0.0002049 secs] 5402K->4891K(8116K), 0.0002501 secs]
33.691: [GC 33.691: [DefNew: 518K->6K(576K), 0.0002094 secs] 5403K->4891K(8116K), 0.0002555 secs]
33.698: [GC 33.698: [DefNew: 518K->7K(576K), 0.0002187 secs] 5403K->4892K(8116K), 0.0002652 secs]
33.705: [GC 33.705: [DefNew: 519K->7K(576K), 0.0001707 secs] 5404K->4892K(8116K), 0.0002101 secs]
33.713: [GC 33.713: [DefNew: 519K->6K(576K), 0.0002290 secs] 5404K->4892K(8116K), 0.0002761 secs]
33.720: [GC 33.720: [DefNew: 518K->6K(576K), 0.0002170 secs] 5404K->4893K(8116K), 0.0002640 secs]
33.727: [GC 33.727: [DefNew: 518K->7K(576K), 0.0002148 secs] 5405K->4894K(8116K), 0.0002609 secs]
33.734: [GC 33.734: [DefNew: 519K->7K(576K), 0.0001996 secs] 5406K->4894K(8116K), 0.0002508 secs]
33.741: [GC 33.741: [DefNew: 519K->6K(576K), 0.0001757 secs] 5406K->4894K(8116K), 0.0002159 secs]
33.748: [GC 33.748: [DefNew: 518K->6K(576K), 0.0001993 secs] 5406K->4895K(8116K), 0.0002431 secs]
33.755: [GC 33.755: [DefNew: 518K->7K(576K), 0.0001760 secs] 5407K->4895K(8116K), 0.0002183 secs]
33.762: [GC 33.762: [DefNew: 519K->7K(576K), 0.0002176 secs] 5407K->4896K(8116K), 0.0002648 secs]
33.769: [GC 33.769: [DefNew: 519K->6K(576K), 0.0001822 secs] 5408K->4896K(8116K), 0.0002236 secs]
33.776: [GC 33.776: [DefNew: 518K->6K(576K), 0.0001740 secs] 5408K->4896K(8116K), 0.0002146 secs]
33.783: [GC 33.783: [DefNew: 518K->7K(576K), 0.0002034 secs] 5408K->4897K(8116K), 0.0002492 secs]
33.790: [GC 33.790: [DefNew: 519K->7K(576K), 0.0001803 secs] 5409K->4897K(8116K), 0.0002215 secs]
33.798: [GC 33.798: [DefNew: 519K->6K(576K), 0.0002258 secs] 5409K->4898K(8116K), 0.0002752 secs]
33.806: [GC 33.806: [DefNew: 518K->6K(576K), 0.0002233 secs] 5410K->4898K(8116K), 0.0002714 secs]
33.813: [GC 33.813: [DefNew: 518K->7K(576K), 0.0002054 secs] 5410K->4899K(8116K), 0.0002514 secs]
33.820: [GC 33.820: [DefNew: 519K->7K(576K), 0.0001945 secs] 5411K->4899K(8116K), 0.0002383 secs]
33.827: [GC 33.827: [DefNew: 519K->6K(576K), 0.0002020 secs] 5411K->4900K(8116K), 0.0002477 secs]
33.834: [GC 33.834: [DefNew: 518K->6K(576K), 0.0001730 secs] 5412K->4900K(8116K), 0.0002124 secs]
33.841: [GC 33.841: [DefNew: 518K->7K(576K), 0.0001990 secs] 5412K->4901K(8116K), 0.0002430 secs]
33.848: [GC 33.848: [DefNew: 519K->7K(576K), 0.0001795 secs] 5413K->4901K(8116K), 0.0002202 secs]
33.855: [GC 33.855: [DefNew: 519K->7K(576K), 0.0001758 secs] 5413K->4901K(8116K), 0.0002173 secs]
33.862: [GC 33.862: [DefNew: 519K->6K(576K), 0.0002587 secs] 5413K->4902K(8116K), 0.0003065 secs]
33.870: [GC 33.870: [DefNew: 518K->7K(576K), 0.0002183 secs] 5414K->4903K(8116K), 0.0002662 secs]
33.877: [GC 33.877: [DefNew: 519K->7K(576K), 0.0001771 secs] 5415K->4903K(8116K), 0.0002182 secs]
33.883: [GC 33.883: [DefNew: 519K->7K(576K), 0.0001729 secs] 5415K->4903K(8116K), 0.0002129 secs]
33.890: [GC 33.890: [DefNew: 519K->6K(576K), 0.0001779 secs] 5415K->4904K(8116K), 0.0002187 secs]
33.897: [GC 33.897: [DefNew: 518K->7K(576K), 0.0002166 secs] 5416K->4904K(8116K), 0.0002628 secs]
33.905: [GC 33.905: [DefNew: 519K->7K(576K), 0.0002232 secs] 5416K->4905K(8116K), 0.0002767 secs]
33.912: [GC 33.912: [DefNew: 519K->7K(576K), 0.0002013 secs] 5417K->4905K(8116K), 0.0002450 secs]
33.919: [GC 33.920: [DefNew: 519K->6K(576K), 0.0002106 secs] 5417K->4905K(8116K), 0.0002558 secs]
33.927: [GC 33.927: [DefNew: 518K->7K(576K), 0.0002277 secs] 5417K->4906K(8116K), 0.0002753 secs]
33.934: [GC 33.934: [DefNew: 519K->7K(576K), 0.0002054 secs] 5418K->4907K(8116K), 0.0002572 secs]
33.941: [GC 33.941: [DefNew: 519K->7K(576K), 0.0002112 secs] 5419K->4907K(8116K), 0.0002561 secs]
33.948: [GC 33.948: [DefNew: 519K->6K(576K), 0.0002152 secs] 5419K->4907K(8116K), 0.0002614 secs]
33.955: [GC 33.955: [DefNew: 518K->7K(576K), 0.0001934 secs] 5419K->4908K(8116K), 0.0002355 secs]
33.962: [GC 33.962: [DefNew: 519K->7K(576K), 0.0001817 secs] 5420K->4908K(8116K), 0.0002226 secs]
33.969: [GC 33.970: [DefNew: 519K->7K(576K), 0.0002129 secs] 5420K->4909K(8116K), 0.0002593 secs]
33.976: [GC 33.976: [DefNew: 519K->6K(576K), 0.0001743 secs] 5421K->4909K(8116K), 0.0002147 secs]
33.983: [GC 33.983: [DefNew: 518K->7K(576K), 0.0002160 secs] 5421K->4910K(8116K), 0.0002623 secs]
33.990: [GC 33.990: [DefNew: 519K->7K(576K), 0.0001807 secs] 5422K->4910K(8116K), 0.0002212 secs]
33.997: [GC 33.997: [DefNew: 519K->7K(576K), 0.0001932 secs] 5422K->4911K(8116K), 0.0002374 secs]
34.004: [GC 34.004: [DefNew: 519K->6K(576K), 0.0002050 secs] 5423K->4911K(8116K), 0.0002491 secs]
34.012: [GC 34.012: [DefNew: 518K->6K(576K), 0.0002146 secs] 5423K->4911K(8116K), 0.0002620 secs]
34.019: [GC 34.019: [DefNew: 518K->7K(576K), 0.0001742 secs] 5423K->4912K(8116K), 0.0002132 secs]
34.026: [GC 34.026: [DefNew: 519K->7K(576K), 0.0002205 secs] 5424K->4912K(8116K), 0.0002668 secs]
34.033: [GC 34.033: [DefNew: 519K->6K(576K), 0.0001804 secs] 5424K->4913K(8116K), 0.0002220 secs]
34.040: [GC 34.040: [DefNew: 518K->6K(576K), 0.0001708 secs] 5425K->4913K(8116K), 0.0002106 secs]
34.047: [GC 34.047: [DefNew: 518K->7K(576K), 0.0002073 secs] 5425K->4914K(8116K), 0.0002520 secs]
34.054: [GC 34.054: [DefNew: 519K->7K(576K), 0.0001756 secs] 5426K->4914K(8116K), 0.0002157 secs]
34.061: [GC 34.061: [DefNew: 519K->6K(576K), 0.0001975 secs] 5426K->4915K(8116K), 0.0002412 secs]
34.068: [GC 34.068: [DefNew: 518K->6K(576K), 0.0002051 secs] 5427K->4915K(8116K), 0.0002499 secs]
34.075: [GC 34.075: [DefNew: 518K->7K(576K), 0.0001951 secs] 5427K->4916K(8116K), 0.0002390 secs]
34.082: [GC 34.082: [DefNew: 519K->7K(576K), 0.0001786 secs] 5428K->4916K(8116K), 0.0002197 secs]
34.089: [GC 34.089: [DefNew: 519K->6K(576K), 0.0001855 secs] 5428K->4916K(8116K), 0.0002266 secs]
34.096: [GC 34.096: [DefNew: 518K->6K(576K), 0.0001998 secs] 5428K->4917K(8116K), 0.0002430 secs]
34.103: [GC 34.103: [DefNew: 518K->7K(576K), 0.0001912 secs] 5429K->4917K(8116K), 0.0002333 secs]
34.110: [GC 34.110: [DefNew: 519K->7K(576K), 0.0002129 secs] 5429K->4918K(8116K), 0.0002598 secs]
34.117: [GC 34.117: [DefNew: 519K->6K(576K), 0.0001713 secs] 5430K->4918K(8116K), 0.0002103 secs]
34.124: [GC 34.124: [DefNew: 518K->6K(576K), 0.0001982 secs] 5430K->4918K(8116K), 0.0002424 secs]
34.131: [GC 34.131: [DefNew: 518K->7K(576K), 0.0001791 secs] 5430K->4919K(8116K), 0.0002195 secs]
34.138: [GC 34.138: [DefNew: 519K->7K(576K), 0.0001973 secs] 5431K->4920K(8116K), 0.0002423 secs]
34.145: [GC 34.145: [DefNew: 519K->7K(576K), 0.0001746 secs] 5432K->4920K(8116K), 0.0002152 secs]
34.152: [GC 34.152: [DefNew: 519K->6K(576K), 0.0001968 secs] 5432K->4920K(8116K), 0.0002406 secs]
34.159: [GC 34.159: [DefNew: 518K->7K(576K), 0.0002311 secs] 5432K->4921K(8116K), 0.0002734 secs]
34.166: [GC 34.166: [DefNew: 519K->7K(576K), 0.0002195 secs] 5433K->4921K(8116K), 0.0002695 secs]
34.173: [GC 34.173: [DefNew: 519K->7K(576K), 0.0001895 secs] 5433K->4922K(8116K), 0.0002315 secs]
34.180: [GC 34.180: [DefNew: 519K->6K(576K), 0.0001981 secs] 5434K->4922K(8116K), 0.0002403 secs]
34.187: [GC 34.187: [DefNew: 518K->7K(576K), 0.0002294 secs] 5434K->4923K(8116K), 0.0002729 secs]
34.194: [GC 34.194: [DefNew: 519K->7K(576K), 0.0001804 secs] 5435K->4923K(8116K), 0.0002220 secs]
34.201: [GC 34.201: [DefNew: 519K->7K(576K), 0.0002051 secs] 5435K->4924K(8116K), 0.0002497 secs]
34.208: [GC 34.208: [DefNew: 519K->6K(576K), 0.0001754 secs] 5436K->4924K(8116K), 0.0002157 secs]
34.215: [GC 34.215: [DefNew: 518K->7K(576K), 0.0002019 secs] 5436K->4925K(8116K), 0.0002468 secs]
34.222: [GC 34.222: [DefNew: 519K->7K(576K), 0.0001918 secs] 5437K->4925K(8116K), 0.0002353 secs]
34.229: [GC 34.229: [DefNew: 519K->7K(576K), 0.0002186 secs] 5437K->4925K(8116K), 0.0002656 secs]
34.236: [GC 34.236: [DefNew: 519K->6K(576K), 0.0001885 secs] 5437K->4926K(8116K), 0.0002311 secs]
34.243: [GC 34.243: [DefNew: 518K->7K(576K), 0.0002206 secs] 5438K->4926K(8116K), 0.0002680 secs]
34.250: [GC 34.250: [DefNew: 519K->7K(576K), 0.0001768 secs] 5438K->4927K(8116K), 0.0002171 secs]
34.257: [GC 34.257: [DefNew: 519K->7K(576K), 0.0001777 secs] 5439K->4927K(8116K), 0.0002186 secs]
34.264: [GC 34.264: [DefNew: 519K->6K(576K), 0.0001908 secs] 5439K->4928K(8116K), 0.0002337 secs]
34.271: [GC 34.271: [DefNew: 518K->7K(576K), 0.0001764 secs] 5440K->4928K(8116K), 0.0002185 secs]
34.278: [GC 34.278: [DefNew: 519K->7K(576K), 0.0001994 secs] 5440K->4929K(8116K), 0.0002442 secs]
34.285: [GC 34.285: [DefNew: 519K->7K(576K), 0.0001705 secs] 5441K->4929K(8116K), 0.0002100 secs]
34.293: [GC 34.293: [DefNew: 519K->6K(576K), 0.0002318 secs] 5441K->4929K(8116K), 0.0002805 secs]
34.300: [GC 34.300: [DefNew: 518K->7K(576K), 0.0001947 secs] 5441K->4930K(8116K), 0.0002379 secs]
34.307: [GC 34.307: [DefNew: 519K->7K(576K), 0.0002221 secs] 5442K->4930K(8116K), 0.0002699 secs]
34.314: [GC 34.314: [DefNew: 519K->7K(576K), 0.0002227 secs] 5442K->4931K(8116K), 0.0002698 secs]
34.321: [GC 34.321: [DefNew: 519K->6K(576K), 0.0001762 secs] 5443K->4931K(8116K), 0.0002162 secs]
34.328: [GC 34.328: [DefNew: 518K->6K(576K), 0.0002258 secs] 5443K->4932K(8116K), 0.0002734 secs]
34.336: [GC 34.336: [DefNew: 518K->7K(576K), 0.0002282 secs] 5444K->4932K(8116K), 0.0002760 secs]
34.343: [GC 34.343: [DefNew: 519K->7K(576K), 0.0002422 secs] 5444K->4933K(8116K), 0.0002905 secs]
34.351: [GC 34.351: [DefNew: 519K->6K(576K), 0.0002274 secs] 5445K->4933K(8116K), 0.0002766 secs]
34.359: [GC 34.359: [DefNew: 518K->6K(576K), 0.0002250 secs] 5445K->4933K(8116K), 0.0002716 secs]
34.366: [GC 34.366: [DefNew: 518K->7K(576K), 0.0002239 secs] 5445K->4934K(8116K), 0.0002729 secs]
34.373: [GC 34.373: [DefNew: 519K->7K(576K), 0.0002175 secs] 5446K->4934K(8116K), 0.0002645 secs]
34.380: [GC 34.380: [DefNew: 519K->6K(576K), 0.0002227 secs] 5446K->4935K(8116K), 0.0002701 secs]
34.388: [GC 34.388: [DefNew: 518K->6K(576K), 0.0002161 secs] 5447K->4935K(8116K), 0.0002622 secs]
34.395: [GC 34.395: [DefNew: 518K->7K(576K), 0.0001730 secs] 5447K->4936K(8116K), 0.0002123 secs]
34.403: [GC 34.403: [DefNew: 519K->7K(576K), 0.0002253 secs] 5448K->4936K(8116K), 0.0002739 secs]
34.410: [GC 34.410: [DefNew: 519K->6K(576K), 0.0002416 secs] 5448K->4937K(8116K), 0.0002996 secs]
34.419: [GC 34.419: [DefNew: 518K->6K(576K), 0.0002274 secs] 5449K->4937K(8116K), 0.0002772 secs]
34.426: [GC 34.426: [DefNew: 518K->7K(576K), 0.0002057 secs] 5449K->4938K(8116K), 0.0002499 secs]
34.433: [GC 34.433: [DefNew: 519K->7K(576K), 0.0002210 secs] 5450K->4938K(8116K), 0.0002683 secs]
34.440: [GC 34.440: [DefNew: 519K->6K(576K), 0.0002137 secs] 5450K->4938K(8116K), 0.0002600 secs]
34.448: [GC 34.448: [DefNew: 518K->6K(576K), 0.0002010 secs] 5450K->4939K(8116K), 0.0002503 secs]
34.455: [GC 34.455: [DefNew: 518K->7K(576K), 0.0002565 secs] 5451K->4940K(8116K), 0.0003028 secs]
34.462: [GC 34.462: [DefNew: 519K->7K(576K), 0.0002265 secs] 5452K->4940K(8116K), 0.0002794 secs]
34.469: [GC 34.469: [DefNew: 519K->7K(576K), 0.0001790 secs] 5452K->4940K(8116K), 0.0002189 secs]
34.476: [GC 34.477: [DefNew: 519K->6K(576K), 0.0002254 secs] 5452K->4941K(8116K), 0.0002728 secs]
34.484: [GC 34.484: [DefNew: 518K->7K(576K), 0.0002228 secs] 5453K->4941K(8116K), 0.0002695 secs]
34.491: [GC 34.491: [DefNew: 519K->7K(576K), 0.0001811 secs] 5453K->4942K(8116K), 0.0002435 secs]
34.498: [GC 34.498: [DefNew: 519K->7K(576K), 0.0002272 secs] 5454K->4942K(8116K), 0.0002739 secs]
34.505: [GC 34.505: [DefNew: 519K->6K(576K), 0.0002221 secs] 5454K->4942K(8116K), 0.0002761 secs]
34.514: [GC 34.514: [DefNew: 518K->7K(576K), 0.0002395 secs] 5454K->4943K(8116K), 0.0002887 secs]
34.521: [GC 34.521: [DefNew: 519K->7K(576K), 0.0002068 secs] 5455K->4944K(8116K), 0.0002514 secs]
34.528: [GC 34.528: [DefNew: 519K->7K(576K), 0.0002278 secs] 5456K->4944K(8116K), 0.0002761 secs]
34.535: [GC 34.535: [DefNew: 519K->6K(576K), 0.0002352 secs] 5456K->4944K(8116K), 0.0002835 secs]
34.542: [GC 34.542: [DefNew: 518K->7K(576K), 0.0001942 secs] 5456K->4945K(8116K), 0.0002368 secs]
34.549: [GC 34.549: [DefNew: 519K->7K(576K), 0.0002199 secs] 5457K->4945K(8116K), 0.0002667 secs]
34.556: [GC 34.557: [DefNew: 519K->7K(576K), 0.0002228 secs] 5457K->4946K(8116K), 0.0002691 secs]
34.564: [GC 34.564: [DefNew: 519K->6K(576K), 0.0002139 secs] 5458K->4946K(8116K), 0.0002603 secs]
34.571: [GC 34.571: [DefNew: 518K->7K(576K), 0.0002213 secs] 5458K->4947K(8116K), 0.0002693 secs]
34.578: [GC 34.578: [DefNew: 519K->7K(576K), 0.0002181 secs] 5459K->4947K(8116K), 0.0002723 secs]
34.585: [GC 34.585: [DefNew: 519K->7K(576K), 0.0002269 secs] 5459K->4947K(8116K), 0.0002892 secs]
34.593: [GC 34.593: [DefNew: 519K->6K(576K), 0.0002190 secs] 5459K->4948K(8116K), 0.0002648 secs]
34.600: [GC 34.600: [DefNew: 518K->7K(576K), 0.0002126 secs] 5460K->4949K(8116K), 0.0002592 secs]
34.609: [GC 34.609: [DefNew: 519K->7K(576K), 0.0002441 secs] 5461K->4949K(8116K), 0.0002960 secs]
34.616: [GC 34.616: [DefNew: 519K->7K(576K), 0.0001972 secs] 5461K->4949K(8116K), 0.0002418 secs]
34.623: [GC 34.623: [DefNew: 519K->6K(576K), 0.0002217 secs] 5461K->4950K(8116K), 0.0002730 secs]
34.630: [GC 34.630: [DefNew: 518K->7K(576K), 0.0002090 secs] 5462K->4950K(8116K), 0.0002541 secs]
34.637: [GC 34.637: [DefNew: 519K->7K(576K), 0.0001921 secs] 5462K->4951K(8116K), 0.0002356 secs]
34.644: [GC 34.644: [DefNew: 519K->7K(576K), 0.0001964 secs] 5463K->4951K(8116K), 0.0002408 secs]
34.651: [GC 34.651: [DefNew: 519K->6K(576K), 0.0002025 secs] 5463K->4951K(8116K), 0.0002554 secs]
34.658: [GC 34.658: [DefNew: 518K->7K(576K), 0.0001722 secs] 5463K->4952K(8116K), 0.0002120 secs]
34.665: [GC 34.665: [DefNew: 519K->7K(576K), 0.0001892 secs] 5464K->4953K(8116K), 0.0002715 secs]
34.673: [GC 34.673: [DefNew: 519K->7K(576K), 0.0002184 secs] 5465K->4953K(8116K), 0.0002654 secs]
34.679: [GC 34.680: [DefNew: 519K->6K(576K), 0.0001764 secs] 5465K->4953K(8116K), 0.0002165 secs]
34.687: [GC 34.687: [DefNew: 518K->6K(576K), 0.0002231 secs] 5465K->4954K(8116K), 0.0002703 secs]
34.694: [GC 34.694: [DefNew: 518K->7K(576K), 0.0001876 secs] 5466K->4954K(8116K), 0.0002303 secs]
34.701: [GC 34.701: [DefNew: 519K->7K(576K), 0.0001840 secs] 5466K->4955K(8116K), 0.0002267 secs]
34.708: [GC 34.708: [DefNew: 519K->6K(576K), 0.0001848 secs] 5467K->4955K(8116K), 0.0002272 secs]
34.715: [GC 34.715: [DefNew: 518K->6K(576K), 0.0002129 secs] 5467K->4955K(8116K), 0.0002602 secs]
34.722: [GC 34.722: [DefNew: 518K->7K(576K), 0.0001808 secs] 5467K->4956K(8116K), 0.0002222 secs]
34.728: [GC 34.728: [DefNew: 519K->7K(576K), 0.0001816 secs] 5468K->4957K(8116K), 0.0002240 secs]
34.736: [GC 34.736: [DefNew: 519K->6K(576K), 0.0002219 secs] 5469K->4957K(8116K), 0.0002679 secs]
34.742: [GC 34.743: [DefNew: 518K->6K(576K), 0.0002181 secs] 5469K->4957K(8116K), 0.0002632 secs]
34.750: [GC 34.750: [DefNew: 518K->7K(576K), 0.0002198 secs] 5469K->4958K(8116K), 0.0002670 secs]
34.757: [GC 34.757: [DefNew: 519K->7K(576K), 0.0002115 secs] 5470K->4958K(8116K), 0.0002580 secs]
34.764: [GC 34.764: [DefNew: 519K->6K(576K), 0.0002107 secs] 5470K->4959K(8116K), 0.0002570 secs]
34.771: [GC 34.771: [DefNew: 518K->6K(576K), 0.0002268 secs] 5471K->4959K(8116K), 0.0002747 secs]
34.778: [GC 34.778: [DefNew: 518K->7K(576K), 0.0002200 secs] 5471K->4960K(8116K), 0.0002668 secs]
34.785: [GC 34.785: [DefNew: 519K->7K(576K), 0.0002153 secs] 5472K->4960K(8116K), 0.0002711 secs]
34.792: [GC 34.792: [DefNew: 519K->7K(576K), 0.0002194 secs] 5472K->4961K(8116K), 0.0002655 secs]
34.801: [GC 34.801: [DefNew: 519K->6K(576K), 0.0002312 secs] 5473K->4961K(8116K), 0.0002783 secs]
34.808: [GC 34.808: [DefNew: 518K->7K(576K), 0.0002192 secs] 5473K->4962K(8116K), 0.0002654 secs]
34.815: [GC 34.815: [DefNew: 519K->7K(576K), 0.0002014 secs] 5474K->4962K(8116K), 0.0002475 secs]
34.822: [GC 34.823: [DefNew: 519K->7K(576K), 0.0002222 secs] 5474K->4962K(8116K), 0.0002702 secs]
34.830: [GC 34.830: [DefNew: 519K->6K(576K), 0.0002227 secs] 5474K->4963K(8116K), 0.0002697 secs]
34.837: [GC 34.837: [DefNew: 518K->7K(576K), 0.0002297 secs] 5475K->4963K(8116K), 0.0002783 secs]
34.844: [GC 34.844: [DefNew: 519K->7K(576K), 0.0002103 secs] 5475K->4964K(8116K), 0.0002558 secs]
34.851: [GC 34.851: [DefNew: 519K->7K(576K), 0.0002064 secs] 5476K->4964K(8116K), 0.0002517 secs]
34.858: [GC 34.858: [DefNew: 519K->6K(576K), 0.0002353 secs] 5476K->4965K(8116K), 0.0002844 secs]
34.865: [GC 34.865: [DefNew: 518K->7K(576K), 0.0002026 secs] 5477K->4965K(8116K), 0.0002474 secs]
34.872: [GC 34.872: [DefNew: 519K->7K(576K), 0.0002102 secs] 5477K->4966K(8116K), 0.0002562 secs]
34.879: [GC 34.879: [DefNew: 519K->7K(576K), 0.0002188 secs] 5478K->4966K(8116K), 0.0002594 secs]
34.886: [GC 34.886: [DefNew: 519K->6K(576K), 0.0001950 secs] 5478K->4966K(8116K), 0.0002383 secs]
34.893: [GC 34.893: [DefNew: 518K->7K(576K), 0.0001800 secs] 5478K->4967K(8116K), 0.0002206 secs]
34.900: [GC 34.900: [DefNew: 519K->7K(576K), 0.0001794 secs] 5479K->4967K(8116K), 0.0002209 secs]
34.908: [GC 34.908: [DefNew: 519K->7K(576K), 0.0002106 secs] 5479K->4968K(8116K), 0.0002566 secs]
34.915: [GC 34.915: [DefNew: 519K->6K(576K), 0.0002335 secs] 5480K->4968K(8116K), 0.0002846 secs]
34.922: [GC 34.922: [DefNew: 518K->7K(576K), 0.0001962 secs] 5480K->4969K(8116K), 0.0002394 secs]
34.929: [GC 34.929: [DefNew: 519K->7K(576K), 0.0001820 secs] 5481K->4969K(8116K), 0.0002230 secs]
34.936: [GC 34.936: [DefNew: 519K->7K(576K), 0.0001964 secs] 5481K->4970K(8116K), 0.0002396 secs]
34.943: [GC 34.943: [DefNew: 519K->6K(576K), 0.0002106 secs] 5482K->4970K(8116K), 0.0002558 secs]
34.950: [GC 34.950: [DefNew: 518K->7K(576K), 0.0002103 secs] 5482K->4971K(8116K), 0.0002563 secs]
34.957: [GC 34.957: [DefNew: 519K->7K(576K), 0.0002151 secs] 5483K->4971K(8116K), 0.0002616 secs]
34.964: [GC 34.964: [DefNew: 519K->7K(576K), 0.0002169 secs] 5483K->4971K(8116K), 0.0002626 secs]
34.971: [GC 34.971: [DefNew: 519K->6K(576K), 0.0002097 secs] 5483K->4972K(8116K), 0.0002505 secs]
34.978: [GC 34.978: [DefNew: 518K->7K(576K), 0.0002129 secs] 5484K->4972K(8116K), 0.0002592 secs]
34.985: [GC 34.985: [DefNew: 519K->7K(576K), 0.0002188 secs] 5484K->4973K(8116K), 0.0002658 secs]
34.992: [GC 34.992: [DefNew: 519K->7K(576K), 0.0001733 secs] 5485K->4973K(8116K), 0.0002138 secs]
35.000: [GC 35.000: [DefNew: 519K->6K(576K), 0.0002178 secs] 5485K->4974K(8116K), 0.0002644 secs]
35.007: [GC 35.007: [DefNew: 518K->6K(576K), 0.0002003 secs] 5486K->4974K(8116K), 0.0002457 secs]
35.014: [GC 35.014: [DefNew: 518K->7K(576K), 0.0001955 secs] 5486K->4975K(8116K), 0.0002384 secs]
35.021: [GC 35.021: [DefNew: 519K->7K(576K), 0.0002202 secs] 5487K->4975K(8116K), 0.0002670 secs]
35.028: [GC 35.028: [DefNew: 519K->6K(576K), 0.0002203 secs] 5487K->4975K(8116K), 0.0002669 secs]
35.035: [GC 35.035: [DefNew: 518K->6K(576K), 0.0001702 secs] 5487K->4976K(8116K), 0.0002102 secs]
35.042: [GC 35.042: [DefNew: 518K->7K(576K), 0.0002233 secs] 5488K->4976K(8116K), 0.0002700 secs]
35.049: [GC 35.050: [DefNew: 519K->7K(576K), 0.0002207 secs] 5488K->4977K(8116K), 0.0002676 secs]
35.056: [GC 35.056: [DefNew: 519K->6K(576K), 0.0001911 secs] 5489K->4977K(8116K), 0.0002344 secs]
35.064: [GC 35.064: [DefNew: 518K->6K(576K), 0.0002066 secs] 5489K->4978K(8116K), 0.0002532 secs]
35.071: [GC 35.071: [DefNew: 518K->7K(576K), 0.0001847 secs] 5490K->4978K(8116K), 0.0002266 secs]
35.078: [GC 35.078: [DefNew: 519K->7K(576K), 0.0001817 secs] 5490K->4979K(8116K), 0.0002230 secs]
35.084: [GC 35.084: [DefNew: 519K->6K(576K), 0.0001701 secs] 5491K->4979K(8116K), 0.0002094 secs]
35.092: [GC 35.092: [DefNew: 518K->6K(576K), 0.0002128 secs] 5491K->4979K(8116K), 0.0002592 secs]
35.099: [GC 35.099: [DefNew: 518K->7K(576K), 0.0002081 secs] 5491K->4980K(8116K), 0.0003401 secs]
35.106: [GC 35.107: [DefNew: 519K->7K(576K), 0.0002282 secs] 5492K->4980K(8116K), 0.0002748 secs]
35.114: [GC 35.114: [DefNew: 519K->6K(576K), 0.0002247 secs] 5492K->4981K(8116K), 0.0002811 secs]
35.121: [GC 35.121: [DefNew: 518K->6K(576K), 0.0002247 secs] 5493K->4981K(8116K), 0.0002722 secs]
35.128: [GC 35.128: [DefNew: 518K->7K(576K), 0.0001820 secs] 5493K->4982K(8116K), 0.0002235 secs]
35.135: [GC 35.135: [DefNew: 519K->7K(576K), 0.0002649 secs] 5494K->4982K(8116K), 0.0003111 secs]
35.142: [GC 35.142: [DefNew: 519K->7K(576K), 0.0001901 secs] 5494K->4983K(8116K), 0.0002331 secs]
35.149: [GC 35.149: [DefNew: 519K->6K(576K), 0.0001826 secs] 5495K->4983K(8116K), 0.0002246 secs]
35.156: [GC 35.156: [DefNew: 518K->7K(576K), 0.0002161 secs] 5495K->4984K(8116K), 0.0002629 secs]
35.163: [GC 35.163: [DefNew: 519K->7K(576K), 0.0002159 secs] 5496K->4984K(8116K), 0.0002615 secs]
35.170: [GC 35.170: [DefNew: 519K->7K(576K), 0.0002055 secs] 5496K->4984K(8116K), 0.0002515 secs]
35.177: [GC 35.177: [DefNew: 519K->6K(576K), 0.0002146 secs] 5496K->4985K(8116K), 0.0002599 secs]
35.185: [GC 35.185: [DefNew: 518K->7K(576K), 0.0002287 secs] 5497K->4986K(8116K), 0.0002763 secs]
35.192: [GC 35.192: [DefNew: 519K->7K(576K), 0.0001885 secs] 5498K->4986K(8116K), 0.0002295 secs]
35.199: [GC 35.199: [DefNew: 519K->7K(576K), 0.0002164 secs] 5498K->4986K(8116K), 0.0002632 secs]
35.206: [GC 35.206: [DefNew: 519K->6K(576K), 0.0002115 secs] 5498K->4987K(8116K), 0.0002572 secs]
35.213: [GC 35.213: [DefNew: 518K->7K(576K), 0.0001940 secs] 5499K->4987K(8116K), 0.0002384 secs]
35.220: [GC 35.220: [DefNew: 519K->7K(576K), 0.0002234 secs] 5499K->4988K(8116K), 0.0002695 secs]
35.227: [GC 35.227: [DefNew: 519K->7K(576K), 0.0002398 secs] 5500K->4988K(8116K), 0.0002893 secs]
35.234: [GC 35.234: [DefNew: 519K->6K(576K), 0.0001941 secs] 5500K->4988K(8116K), 0.0002363 secs]
35.241: [GC 35.241: [DefNew: 518K->7K(576K), 0.0002183 secs] 5500K->4989K(8116K), 0.0002642 secs]
35.249: [GC 35.249: [DefNew: 519K->7K(576K), 0.0002218 secs] 5501K->4990K(8116K), 0.0002682 secs]
35.256: [GC 35.256: [DefNew: 519K->7K(576K), 0.0002174 secs] 5502K->4990K(8116K), 0.0002597 secs]
35.263: [GC 35.263: [DefNew: 519K->6K(576K), 0.0002348 secs] 5502K->4990K(8116K), 0.0002813 secs]
35.270: [GC 35.270: [DefNew: 518K->7K(576K), 0.0002210 secs] 5502K->4991K(8116K), 0.0002676 secs]
35.278: [GC 35.278: [DefNew: 519K->7K(576K), 0.0002032 secs] 5503K->4991K(8116K), 0.0002476 secs]
35.285: [GC 35.285: [DefNew: 519K->7K(576K), 0.0001694 secs] 5503K->4992K(8116K), 0.0002089 secs]
35.291: [GC 35.292: [DefNew: 519K->6K(576K), 0.0002095 secs] 5504K->4992K(8116K), 0.0002560 secs]
35.298: [GC 35.298: [DefNew: 518K->7K(576K), 0.0001746 secs] 5504K->4993K(8116K), 0.0002155 secs]
35.305: [GC 35.305: [DefNew: 519K->7K(576K), 0.0001844 secs] 5505K->4993K(8116K), 0.0002270 secs]
35.313: [GC 35.313: [DefNew: 519K->7K(576K), 0.0001987 secs] 5505K->4994K(8116K), 0.0002422 secs]
35.320: [GC 35.320: [DefNew: 519K->6K(576K), 0.0002064 secs] 5506K->4994K(8116K), 0.0002508 secs]
35.327: [GC 35.327: [DefNew: 518K->7K(576K), 0.0002384 secs] 5506K->4995K(8116K), 0.0002842 secs]
35.334: [GC 35.334: [DefNew: 519K->7K(576K), 0.0001764 secs] 5507K->4995K(8116K), 0.0002175 secs]
35.341: [GC 35.341: [DefNew: 519K->7K(576K), 0.0002282 secs] 5507K->4995K(8116K), 0.0002774 secs]
35.349: [GC 35.349: [DefNew: 519K->6K(576K), 0.0002238 secs] 5507K->4996K(8116K), 0.0002711 secs]
35.357: [GC 35.357: [DefNew: 518K->7K(576K), 0.0002171 secs] 5508K->4996K(8116K), 0.0002712 secs]
35.365: [GC 35.365: [DefNew: 519K->7K(576K), 0.0002218 secs] 5508K->4997K(8116K), 0.0002694 secs]
35.373: [GC 35.373: [DefNew: 519K->7K(576K), 0.0002239 secs] 5509K->4997K(8116K), 0.0002723 secs]
35.380: [GC 35.380: [DefNew: 519K->6K(576K), 0.0002134 secs] 5509K->4998K(8116K), 0.0002596 secs]
35.387: [GC 35.387: [DefNew: 518K->7K(576K), 0.0002221 secs] 5510K->4998K(8116K), 0.0002693 secs]
35.395: [GC 35.395: [DefNew: 519K->7K(576K), 0.0002167 secs] 5510K->4999K(8116K), 0.0002638 secs]
35.403: [GC 35.403: [DefNew: 519K->7K(576K), 0.0002264 secs] 5511K->4999K(8116K), 0.0002826 secs]
35.410: [GC 35.410: [DefNew: 519K->6K(576K), 0.0002153 secs] 5511K->4999K(8116K), 0.0002605 secs]
35.421: [GC 35.422: [DefNew: 518K->6K(576K), 0.0002237 secs] 5511K->5000K(8116K), 0.0002716 secs]
35.429: [GC 35.429: [DefNew: 518K->7K(576K), 0.0002217 secs] 5512K->5000K(8116K), 0.0002688 secs]
35.437: [GC 35.437: [DefNew: 519K->7K(576K), 0.0002372 secs] 5512K->5001K(8116K), 0.0002872 secs]
35.445: [GC 35.445: [DefNew: 519K->6K(576K), 0.0002244 secs] 5513K->5001K(8116K), 0.0002712 secs]
35.452: [GC 35.452: [DefNew: 518K->6K(576K), 0.0002295 secs] 5513K->5002K(8116K), 0.0002792 secs]
35.460: [GC 35.460: [DefNew: 518K->7K(576K), 0.0002201 secs] 5514K->5002K(8116K), 0.0002672 secs]
35.468: [GC 35.468: [DefNew: 519K->7K(576K), 0.0002313 secs] 5514K->5003K(8116K), 0.0002802 secs]
35.475: [GC 35.475: [DefNew: 519K->6K(576K), 0.0002209 secs] 5515K->5003K(8116K), 0.0002675 secs]
35.482: [GC 35.482: [DefNew: 518K->6K(576K), 0.0002200 secs] 5515K->5003K(8116K), 0.0002670 secs]
35.489: [GC 35.489: [DefNew: 518K->7K(576K), 0.0001797 secs] 5515K->5004K(8116K), 0.0002195 secs]
35.496: [GC 35.496: [DefNew: 519K->7K(576K), 0.0002053 secs] 5516K->5005K(8116K), 0.0002586 secs]
35.503: [GC 35.503: [DefNew: 519K->6K(576K), 0.0001756 secs] 5517K->5005K(8116K), 0.0002162 secs]
35.510: [GC 35.510: [DefNew: 518K->6K(576K), 0.0001768 secs] 5517K->5005K(8116K), 0.0002168 secs]
35.517: [GC 35.517: [DefNew: 518K->7K(576K), 0.0002049 secs] 5517K->5006K(8116K), 0.0002490 secs]
35.524: [GC 35.524: [DefNew: 519K->7K(576K), 0.0001933 secs] 5518K->5006K(8116K), 0.0002372 secs]
35.531: [GC 35.531: [DefNew: 519K->6K(576K), 0.0001968 secs] 5518K->5007K(8116K), 0.0002406 secs]
35.538: [GC 35.538: [DefNew: 518K->6K(576K), 0.0001706 secs] 5519K->5007K(8116K), 0.0002110 secs]
35.545: [GC 35.545: [DefNew: 518K->7K(576K), 0.0002136 secs] 5519K->5008K(8116K), 0.0002600 secs]
35.552: [GC 35.552: [DefNew: 519K->7K(576K), 0.0001781 secs] 5520K->5008K(8116K), 0.0002190 secs]
35.559: [GC 35.559: [DefNew: 519K->6K(576K), 0.0001971 secs] 5520K->5009K(8116K), 0.0002414 secs]
35.566: [GC 35.566: [DefNew: 518K->6K(576K), 0.0001786 secs] 5521K->5009K(8116K), 0.0002185 secs]
35.573: [GC 35.573: [DefNew: 518K->7K(576K), 0.0002207 secs] 5521K->5010K(8116K), 0.0002674 secs]
35.580: [GC 35.580: [DefNew: 519K->7K(576K), 0.0001846 secs] 5522K->5010K(8116K), 0.0002262 secs]
35.587: [GC 35.587: [DefNew: 519K->7K(576K), 0.0002128 secs] 5522K->5010K(8116K), 0.0002574 secs]
35.594: [GC 35.594: [DefNew: 519K->6K(576K), 0.0002176 secs] 5522K->5011K(8116K), 0.0002646 secs]
35.601: [GC 35.601: [DefNew: 518K->7K(576K), 0.0001884 secs] 5523K->5011K(8116K), 0.0002309 secs]
35.608: [GC 35.608: [DefNew: 519K->7K(576K), 0.0002205 secs] 5523K->5012K(8116K), 0.0002666 secs]
35.615: [GC 35.615: [DefNew: 519K->7K(576K), 0.0001698 secs] 5524K->5012K(8116K), 0.0002096 secs]
35.623: [GC 35.623: [DefNew: 519K->6K(576K), 0.0002396 secs] 5524K->5013K(8116K), 0.0002897 secs]
35.630: [GC 35.630: [DefNew: 518K->7K(576K), 0.0002071 secs] 5525K->5013K(8116K), 0.0002594 secs]
35.637: [GC 35.637: [DefNew: 519K->7K(576K), 0.0001848 secs] 5525K->5014K(8116K), 0.0002274 secs]
35.644: [GC 35.644: [DefNew: 519K->7K(576K), 0.0001898 secs] 5526K->5014K(8116K), 0.0002322 secs]
35.652: [GC 35.652: [DefNew: 519K->6K(576K), 0.0002282 secs] 5526K->5014K(8116K), 0.0002766 secs]
35.660: [GC 35.661: [DefNew: 518K->7K(576K), 0.0002506 secs] 5526K->5015K(8116K), 0.0003068 secs]
35.669: [GC 35.669: [DefNew: 519K->7K(576K), 0.0002297 secs] 5527K->5016K(8116K), 0.0002778 secs]
35.676: [GC 35.677: [DefNew: 519K->7K(576K), 0.0002255 secs] 5528K->5016K(8116K), 0.0002726 secs]
35.684: [GC 35.684: [DefNew: 519K->6K(576K), 0.0002242 secs] 5528K->5016K(8116K), 0.0002724 secs]
35.691: [GC 35.691: [DefNew: 518K->7K(576K), 0.0001799 secs] 5528K->5017K(8116K), 0.0002210 secs]
35.698: [GC 35.698: [DefNew: 519K->7K(576K), 0.0001917 secs] 5529K->5017K(8116K), 0.0002352 secs]
35.705: [GC 35.705: [DefNew: 519K->7K(576K), 0.0001809 secs] 5529K->5018K(8116K), 0.0002219 secs]
35.713: [GC 35.713: [DefNew: 519K->6K(576K), 0.0002365 secs] 5530K->5018K(8116K), 0.0002847 secs]
35.721: [GC 35.722: [DefNew: 518K->7K(576K), 0.0002296 secs] 5530K->5019K(8116K), 0.0002787 secs]
35.729: [GC 35.729: [DefNew: 519K->7K(576K), 0.0002206 secs] 5531K->5019K(8116K), 0.0002684 secs]
35.737: [GC 35.737: [DefNew: 519K->7K(576K), 0.0002269 secs] 5531K->5020K(8116K), 0.0002755 secs]
35.768: [GC 35.768: [DefNew: 519K->6K(576K), 0.0002340 secs] 5532K->5020K(8116K), 0.0002855 secs]
35.776: [GC 35.776: [DefNew: 518K->7K(576K), 0.0002207 secs] 5532K->5021K(8116K), 0.0002683 secs]
35.783: [GC 35.784: [DefNew: 519K->7K(576K), 0.0002388 secs] 5533K->5021K(8116K), 0.0002900 secs]
35.791: [GC 35.791: [DefNew: 519K->7K(576K), 0.0002411 secs] 5533K->5021K(8116K), 0.0002900 secs]
35.799: [GC 35.799: [DefNew: 519K->6K(576K), 0.0003085 secs] 5533K->5022K(8116K), 0.0003708 secs]
35.808: [GC 35.808: [DefNew: 518K->7K(576K), 0.0002660 secs] 5534K->5022K(8116K), 0.0004687 secs]
35.815: [GC 35.816: [DefNew: 519K->7K(576K), 0.0002508 secs] 5534K->5023K(8116K), 0.0003047 secs]
35.823: [GC 35.823: [DefNew: 519K->7K(576K), 0.0002372 secs] 5535K->5023K(8116K), 0.0002869 secs]
35.830: [GC 35.830: [DefNew: 519K->6K(576K), 0.0002254 secs] 5535K->5024K(8116K), 0.0002732 secs]
35.837: [GC 35.837: [DefNew: 518K->7K(576K), 0.0002172 secs] 5536K->5024K(8116K), 0.0002663 secs]
35.845: [GC 35.845: [DefNew: 519K->7K(576K), 0.0002165 secs] 5536K->5025K(8116K), 0.0002630 secs]
35.852: [GC 35.852: [DefNew: 519K->7K(576K), 0.0001774 secs] 5537K->5025K(8116K), 0.0002179 secs]
35.859: [GC 35.859: [DefNew: 519K->6K(576K), 0.0002202 secs] 5537K->5025K(8116K), 0.0002660 secs]
35.866: [GC 35.866: [DefNew: 518K->7K(576K), 0.0002142 secs] 5537K->5026K(8116K), 0.0002604 secs]
35.873: [GC 35.873: [DefNew: 519K->7K(576K), 0.0002151 secs] 5538K->5027K(8116K), 0.0002700 secs]
35.881: [GC 35.881: [DefNew: 519K->7K(576K), 0.0002207 secs] 5539K->5027K(8116K), 0.0002680 secs]
35.888: [GC 35.888: [DefNew: 519K->6K(576K), 0.0002230 secs] 5539K->5027K(8116K), 0.0002702 secs]
35.895: [GC 35.895: [DefNew: 518K->7K(576K), 0.0002388 secs] 5539K->5028K(8116K), 0.0002825 secs]
35.903: [GC 35.903: [DefNew: 519K->7K(576K), 0.0002246 secs] 5540K->5028K(8116K), 0.0002724 secs]
35.910: [GC 35.910: [DefNew: 519K->7K(576K), 0.0002226 secs] 5540K->5029K(8116K), 0.0002691 secs]
35.917: [GC 35.917: [DefNew: 519K->6K(576K), 0.0002274 secs] 5541K->5029K(8116K), 0.0002757 secs]
35.924: [GC 35.924: [DefNew: 518K->7K(576K), 0.0001985 secs] 5541K->5030K(8116K), 0.0002432 secs]
35.932: [GC 35.932: [DefNew: 519K->7K(576K), 0.0002236 secs] 5542K->5030K(8116K), 0.0002703 secs]
35.939: [GC 35.939: [DefNew: 519K->7K(576K), 0.0002040 secs] 5542K->5031K(8116K), 0.0002533 secs]
35.946: [GC 35.946: [DefNew: 519K->6K(576K), 0.0001889 secs] 5543K->5031K(8116K), 0.0002308 secs]
35.953: [GC 35.953: [DefNew: 518K->7K(576K), 0.0002158 secs] 5543K->5032K(8116K), 0.0002623 secs]
35.960: [GC 35.960: [DefNew: 519K->7K(576K), 0.0002134 secs] 5544K->5032K(8116K), 0.0002582 secs]
35.967: [GC 35.967: [DefNew: 519K->7K(576K), 0.0002066 secs] 5544K->5032K(8116K), 0.0002539 secs]
35.974: [GC 35.974: [DefNew: 519K->6K(576K), 0.0002138 secs] 5544K->5033K(8116K), 0.0002593 secs]
35.983: [GC 35.983: [DefNew: 518K->7K(576K), 0.0002253 secs] 5545K->5034K(8116K), 0.0002720 secs]
35.990: [GC 35.990: [DefNew: 519K->7K(576K), 0.0002176 secs] 5546K->5034K(8116K), 0.0002654 secs]
35.997: [GC 35.997: [DefNew: 519K->7K(576K), 0.0002163 secs] 5546K->5034K(8116K), 0.0002625 secs]
36.004: [GC 36.004: [DefNew: 519K->6K(576K), 0.0002060 secs] 5546K->5035K(8116K), 0.0002500 secs]
36.011: [GC 36.011: [DefNew: 518K->7K(576K), 0.0002797 secs] 5547K->5035K(8116K), 0.0003268 secs]
36.018: [GC 36.018: [DefNew: 519K->7K(576K), 0.0001851 secs] 5547K->5036K(8116K), 0.0002259 secs]
36.025: [GC 36.025: [DefNew: 519K->7K(576K), 0.0002303 secs] 5548K->5036K(8116K), 0.0002766 secs]
36.032: [GC 36.032: [DefNew: 519K->6K(576K), 0.0002162 secs] 5548K->5036K(8116K), 0.0002626 secs]
36.039: [GC 36.039: [DefNew: 518K->7K(576K), 0.0001834 secs] 5548K->5037K(8116K), 0.0002246 secs]
36.047: [GC 36.047: [DefNew: 519K->7K(576K), 0.0002223 secs] 5549K->5038K(8116K), 0.0002776 secs]
36.054: [GC 36.054: [DefNew: 519K->7K(576K), 0.0002122 secs] 5550K->5038K(8116K), 0.0002583 secs]
36.061: [GC 36.061: [DefNew: 519K->6K(576K), 0.0002096 secs] 5550K->5038K(8116K), 0.0002544 secs]
36.068: [GC 36.068: [DefNew: 518K->7K(576K), 0.0002173 secs] 5550K->5039K(8116K), 0.0002641 secs]
36.075: [GC 36.075: [DefNew: 519K->7K(576K), 0.0001787 secs] 5551K->5039K(8116K), 0.0002198 secs]
36.082: [GC 36.082: [DefNew: 519K->7K(576K), 0.0001734 secs] 5551K->5040K(8116K), 0.0002130 secs]
36.088: [GC 36.088: [DefNew: 519K->6K(576K), 0.0001862 secs] 5552K->5040K(8116K), 0.0002275 secs]
36.096: [GC 36.096: [DefNew: 518K->7K(576K), 0.0002018 secs] 5552K->5041K(8116K), 0.0002456 secs]
36.103: [GC 36.103: [DefNew: 519K->7K(576K), 0.0001844 secs] 5553K->5041K(8116K), 0.0002247 secs]
36.110: [GC 36.110: [DefNew: 519K->7K(576K), 0.0002207 secs] 5553K->5042K(8116K), 0.0002673 secs]
36.117: [GC 36.117: [DefNew: 519K->6K(576K), 0.0002040 secs] 5554K->5042K(8116K), 0.0002483 secs]
36.124: [GC 36.124: [DefNew: 518K->7K(576K), 0.0002119 secs] 5554K->5043K(8116K), 0.0002589 secs]
36.131: [GC 36.131: [DefNew: 519K->7K(576K), 0.0001739 secs] 5555K->5043K(8116K), 0.0002410 secs]
36.138: [GC 36.138: [DefNew: 519K->7K(576K), 0.0001934 secs] 5555K->5043K(8116K), 0.0002353 secs]
36.145: [GC 36.145: [DefNew: 519K->6K(576K), 0.0001797 secs] 5555K->5044K(8116K), 0.0002198 secs]
36.152: [GC 36.152: [DefNew: 518K->7K(576K), 0.0002039 secs] 5556K->5045K(8116K), 0.0002482 secs]
36.159: [GC 36.159: [DefNew: 519K->7K(576K), 0.0001847 secs] 5557K->5045K(8116K), 0.0002273 secs]
36.166: [GC 36.166: [DefNew: 519K->7K(576K), 0.0001840 secs] 5557K->5045K(8116K), 0.0002259 secs]
36.173: [GC 36.173: [DefNew: 519K->6K(576K), 0.0001757 secs] 5557K->5046K(8116K), 0.0002160 secs]
36.180: [GC 36.180: [DefNew: 518K->7K(576K), 0.0002422 secs] 5558K->5046K(8116K), 0.0002899 secs]
36.187: [GC 36.187: [DefNew: 519K->7K(576K), 0.0002311 secs] 5558K->5047K(8116K), 0.0002804 secs]
36.194: [GC 36.195: [DefNew: 519K->7K(576K), 0.0002267 secs] 5559K->5047K(8116K), 0.0002733 secs]
36.202: [GC 36.202: [DefNew: 519K->6K(576K), 0.0002102 secs] 5559K->5047K(8116K), 0.0002575 secs]
36.209: [GC 36.209: [DefNew: 518K->7K(576K), 0.0002001 secs] 5559K->5048K(8116K), 0.0002438 secs]
36.216: [GC 36.216: [DefNew: 519K->7K(576K), 0.0002085 secs] 5560K->5049K(8116K), 0.0002532 secs]
36.223: [GC 36.223: [DefNew: 519K->7K(576K), 0.0002098 secs] 5561K->5049K(8116K), 0.0002536 secs]
36.230: [GC 36.230: [DefNew: 519K->6K(576K), 0.0001872 secs] 5561K->5049K(8116K), 0.0002282 secs]
36.237: [GC 36.237: [DefNew: 518K->7K(576K), 0.0002140 secs] 5561K->5050K(8116K), 0.0002603 secs]
36.244: [GC 36.244: [DefNew: 519K->7K(576K), 0.0001774 secs] 5562K->5050K(8116K), 0.0002185 secs]
36.251: [GC 36.251: [DefNew: 519K->7K(576K), 0.0001956 secs] 5562K->5051K(8116K), 0.0002400 secs]
36.258: [GC 36.258: [DefNew: 519K->6K(576K), 0.0001725 secs] 5563K->5051K(8116K), 0.0002131 secs]
36.264: [GC 36.265: [DefNew: 518K->7K(576K), 0.0001832 secs] 5563K->5052K(8116K), 0.0002256 secs]
36.271: [GC 36.271: [DefNew: 519K->7K(576K), 0.0001807 secs] 5564K->5052K(8116K), 0.0002220 secs]
36.278: [GC 36.278: [DefNew: 519K->7K(576K), 0.0002026 secs] 5564K->5053K(8116K), 0.0002467 secs]
36.285: [GC 36.285: [DefNew: 519K->6K(576K), 0.0001807 secs] 5565K->5053K(8116K), 0.0002212 secs]
36.292: [GC 36.292: [DefNew: 518K->7K(576K), 0.0002196 secs] 5565K->5054K(8116K), 0.0002654 secs]
36.299: [GC 36.299: [DefNew: 519K->7K(576K), 0.0001795 secs] 5566K->5054K(8116K), 0.0002200 secs]
36.306: [GC 36.306: [DefNew: 519K->7K(576K), 0.0001922 secs] 5566K->5055K(8116K), 0.0002350 secs]
36.314: [GC 36.314: [DefNew: 519K->6K(576K), 0.0002192 secs] 5567K->5055K(8116K), 0.0002650 secs]
36.321: [GC 36.321: [DefNew: 518K->7K(576K), 0.0001873 secs] 5567K->5056K(8116K), 0.0002301 secs]
36.328: [GC 36.328: [DefNew: 519K->7K(576K), 0.0002080 secs] 5568K->5056K(8116K), 0.0002539 secs]
36.335: [GC 36.335: [DefNew: 519K->7K(576K), 0.0001709 secs] 5568K->5056K(8116K), 0.0002110 secs]
36.342: [GC 36.342: [DefNew: 519K->6K(576K), 0.0001952 secs] 5568K->5057K(8116K), 0.0002387 secs]
36.349: [GC 36.349: [DefNew: 518K->7K(576K), 0.0001764 secs] 5569K->5058K(8116K), 0.0002168 secs]
36.355: [GC 36.355: [DefNew: 519K->7K(576K), 0.0001832 secs] 5570K->5058K(8116K), 0.0002257 secs]
36.362: [GC 36.362: [DefNew: 519K->7K(576K), 0.0002076 secs] 5570K->5058K(8116K), 0.0002531 secs]
36.370: [GC 36.370: [DefNew: 519K->6K(576K), 0.0002066 secs] 5570K->5059K(8116K), 0.0002515 secs]
36.377: [GC 36.377: [DefNew: 518K->7K(576K), 0.0001708 secs] 5571K->5059K(8116K), 0.0002103 secs]
36.383: [GC 36.383: [DefNew: 519K->7K(576K), 0.0001877 secs] 5571K->5060K(8116K), 0.0002307 secs]
36.390: [GC 36.390: [DefNew: 519K->7K(576K), 0.0001787 secs] 5572K->5060K(8116K), 0.0002195 secs]
36.397: [GC 36.397: [DefNew: 519K->6K(576K), 0.0001693 secs] 5572K->5060K(8116K), 0.0002085 secs]
36.405: [GC 36.405: [DefNew: 518K->7K(576K), 0.0002142 secs] 5572K->5061K(8116K), 0.0002604 secs]
36.412: [GC 36.412: [DefNew: 519K->7K(576K), 0.0001809 secs] 5573K->5062K(8116K), 0.0002226 secs]
36.419: [GC 36.419: [DefNew: 519K->7K(576K), 0.0001901 secs] 5574K->5062K(8116K), 0.0002325 secs]
36.426: [GC 36.426: [DefNew: 519K->6K(576K), 0.0002211 secs] 5574K->5062K(8116K), 0.0002675 secs]
36.434: [GC 36.434: [DefNew: 518K->7K(576K), 0.0002093 secs] 5574K->5063K(8116K), 0.0002551 secs]
36.441: [GC 36.441: [DefNew: 519K->7K(576K), 0.0001770 secs] 5575K->5063K(8116K), 0.0002176 secs]
36.448: [GC 36.448: [DefNew: 519K->7K(576K), 0.0001917 secs] 5575K->5064K(8116K), 0.0002344 secs]
36.454: [GC 36.454: [DefNew: 519K->6K(576K), 0.0001733 secs] 5576K->5064K(8116K), 0.0002131 secs]
36.461: [GC 36.461: [DefNew: 518K->7K(576K), 0.0001766 secs] 5576K->5065K(8116K), 0.0002167 secs]
36.468: [GC 36.468: [DefNew: 519K->7K(576K), 0.0001941 secs] 5577K->5065K(8116K), 0.0002374 secs]
36.475: [GC 36.475: [DefNew: 519K->7K(576K), 0.0001736 secs] 5577K->5066K(8116K), 0.0002134 secs]
36.482: [GC 36.482: [DefNew: 519K->6K(576K), 0.0002045 secs] 5578K->5066K(8116K), 0.0002457 secs]
36.489: [GC 36.489: [DefNew: 518K->7K(576K), 0.0002139 secs] 5578K->5067K(8116K), 0.0002600 secs]
36.496: [GC 36.496: [DefNew: 519K->7K(576K), 0.0001971 secs] 5579K->5067K(8116K), 0.0002413 secs]
36.503: [GC 36.503: [DefNew: 519K->7K(576K), 0.0001814 secs] 5579K->5068K(8116K), 0.0002376 secs]
36.510: [GC 36.510: [DefNew: 519K->6K(576K), 0.0001837 secs] 5580K->5068K(8116K), 0.0002243 secs]
36.517: [GC 36.517: [DefNew: 518K->7K(576K), 0.0002219 secs] 5580K->5069K(8116K), 0.0002685 secs]
36.524: [GC 36.524: [DefNew: 519K->7K(576K), 0.0002258 secs] 5581K->5069K(8116K), 0.0002754 secs]
36.532: [GC 36.532: [DefNew: 519K->7K(576K), 0.0002199 secs] 5581K->5069K(8116K), 0.0002670 secs]
36.539: [GC 36.539: [DefNew: 519K->6K(576K), 0.0002094 secs] 5581K->5070K(8116K), 0.0002538 secs]
36.546: [GC 36.546: [DefNew: 518K->7K(576K), 0.0002226 secs] 5582K->5070K(8116K), 0.0002699 secs]
36.553: [GC 36.553: [DefNew: 519K->7K(576K), 0.0001782 secs] 5582K->5071K(8116K), 0.0002245 secs]
36.560: [GC 36.560: [DefNew: 519K->7K(576K), 0.0002204 secs] 5583K->5071K(8116K), 0.0002661 secs]
36.567: [GC 36.567: [DefNew: 519K->6K(576K), 0.0002159 secs] 5583K->5072K(8116K), 0.0002609 secs]
36.574: [GC 36.574: [DefNew: 518K->7K(576K), 0.0002122 secs] 5584K->5072K(8116K), 0.0002577 secs]
36.581: [GC 36.581: [DefNew: 519K->7K(576K), 0.0002177 secs] 5584K->5073K(8116K), 0.0002634 secs]
36.588: [GC 36.588: [DefNew: 519K->7K(576K), 0.0002362 secs] 5585K->5073K(8116K), 0.0002838 secs]
36.595: [GC 36.595: [DefNew: 519K->6K(576K), 0.0001984 secs] 5585K->5073K(8116K), 0.0002416 secs]
36.602: [GC 36.602: [DefNew: 518K->7K(576K), 0.0001808 secs] 5585K->5074K(8116K), 0.0002215 secs]
36.609: [GC 36.609: [DefNew: 519K->7K(576K), 0.0002103 secs] 5586K->5075K(8116K), 0.0002563 secs]
36.616: [GC 36.616: [DefNew: 519K->7K(576K), 0.0001720 secs] 5587K->5075K(8116K), 0.0002123 secs]
36.623: [GC 36.623: [DefNew: 519K->6K(576K), 0.0002326 secs] 5587K->5075K(8116K), 0.0002825 secs]
36.630: [GC 36.630: [DefNew: 518K->7K(576K), 0.0002057 secs] 5587K->5076K(8116K), 0.0002582 secs]
36.638: [GC 36.638: [DefNew: 519K->7K(576K), 0.0002032 secs] 5588K->5076K(8116K), 0.0002541 secs]
36.645: [GC 36.645: [DefNew: 519K->7K(576K), 0.0001710 secs] 5588K->5077K(8116K), 0.0002107 secs]
36.652: [GC 36.652: [DefNew: 519K->6K(576K), 0.0002034 secs] 5589K->5077K(8116K), 0.0002475 secs]
36.659: [GC 36.659: [DefNew: 518K->7K(576K), 0.0001754 secs] 5589K->5078K(8116K), 0.0002159 secs]
36.665: [GC 36.666: [DefNew: 519K->7K(576K), 0.0001820 secs] 5590K->5078K(8116K), 0.0002232 secs]
36.673: [GC 36.673: [DefNew: 519K->7K(576K), 0.0002118 secs] 5590K->5079K(8116K), 0.0002574 secs]
36.680: [GC 36.680: [DefNew: 519K->7K(576K), 0.0002321 secs] 5591K->5079K(8116K), 0.0002785 secs]
36.687: [GC 36.687: [DefNew: 519K->7K(576K), 0.0002601 secs] 5591K->5080K(8116K), 0.0003064 secs]
36.694: [GC 36.694: [DefNew: 519K->7K(576K), 0.0001810 secs] 5592K->5080K(8116K), 0.0002224 secs]
36.701: [GC 36.701: [DefNew: 519K->7K(576K), 0.0001889 secs] 5592K->5081K(8116K), 0.0002319 secs]
36.708: [GC 36.708: [DefNew: 519K->7K(576K), 0.0001821 secs] 5593K->5081K(8116K), 0.0002221 secs]
36.715: [GC 36.715: [DefNew: 519K->7K(576K), 0.0002545 secs] 5593K->5082K(8116K), 0.0003009 secs]
36.722: [GC 36.722: [DefNew: 519K->7K(576K), 0.0001836 secs] 5594K->5082K(8116K), 0.0002249 secs]
36.729: [GC 36.729: [DefNew: 519K->7K(576K), 0.0002030 secs] 5594K->5082K(8116K), 0.0002480 secs]
36.737: [GC 36.737: [DefNew: 519K->7K(576K), 0.0002167 secs] 5594K->5083K(8116K), 0.0002626 secs]
36.744: [GC 36.744: [DefNew: 519K->7K(576K), 0.0001840 secs] 5595K->5084K(8116K), 0.0002254 secs]
36.751: [GC 36.751: [DefNew: 519K->7K(576K), 0.0002048 secs] 5596K->5084K(8116K), 0.0002493 secs]
36.758: [GC 36.758: [DefNew: 519K->7K(576K), 0.0001753 secs] 5596K->5084K(8116K), 0.0002154 secs]
36.765: [GC 36.765: [DefNew: 519K->7K(576K), 0.0001865 secs] 5596K->5085K(8116K), 0.0002282 secs]
36.772: [GC 36.772: [DefNew: 519K->7K(576K), 0.0001749 secs] 5597K->5085K(8116K), 0.0002151 secs]
36.778: [GC 36.779: [DefNew: 519K->7K(576K), 0.0002123 secs] 5597K->5086K(8116K), 0.0002564 secs]
36.785: [GC 36.785: [DefNew: 519K->7K(576K), 0.0001741 secs] 5598K->5086K(8116K), 0.0002143 secs]
36.794: [GC 36.794: [DefNew: 519K->7K(576K), 0.0002266 secs] 5598K->5087K(8116K), 0.0002753 secs]
36.801: [GC 36.801: [DefNew: 519K->7K(576K), 0.0001828 secs] 5599K->5087K(8116K), 0.0002229 secs]
36.808: [GC 36.808: [DefNew: 519K->7K(576K), 0.0002079 secs] 5599K->5088K(8116K), 0.0002529 secs]
36.815: [GC 36.815: [DefNew: 519K->6K(576K), 0.0001831 secs] 5600K->5088K(8116K), 0.0002233 secs]
36.822: [GC 36.822: [DefNew: 518K->7K(576K), 0.0002156 secs] 5600K->5089K(8116K), 0.0002618 secs]
36.829: [GC 36.829: [DefNew: 519K->7K(576K), 0.0002028 secs] 5601K->5089K(8116K), 0.0002487 secs]
36.836: [GC 36.836: [DefNew: 519K->7K(576K), 0.0001721 secs] 5601K->5090K(8116K), 0.0002116 secs]
36.843: [GC 36.843: [DefNew: 519K->6K(576K), 0.0002180 secs] 5602K->5090K(8116K), 0.0002644 secs]
36.850: [GC 36.850: [DefNew: 518K->7K(576K), 0.0001844 secs] 5602K->5091K(8116K), 0.0002269 secs]
36.857: [GC 36.857: [DefNew: 519K->7K(576K), 0.0001791 secs] 5603K->5091K(8116K), 0.0002204 secs]
36.864: [GC 36.864: [DefNew: 519K->7K(576K), 0.0002066 secs] 5603K->5091K(8116K), 0.0002517 secs]
36.871: [GC 36.871: [DefNew: 519K->6K(576K), 0.0001979 secs] 5603K->5092K(8116K), 0.0002763 secs]
36.878: [GC 36.878: [DefNew: 518K->7K(576K), 0.0001703 secs] 5604K->5093K(8116K), 0.0002102 secs]
36.885: [GC 36.885: [DefNew: 519K->7K(576K), 0.0001954 secs] 5605K->5093K(8116K), 0.0002383 secs]
36.892: [GC 36.892: [DefNew: 519K->7K(576K), 0.0001758 secs] 5605K->5093K(8116K), 0.0002227 secs]
36.898: [GC 36.899: [DefNew: 519K->6K(576K), 0.0001720 secs] 5605K->5094K(8116K), 0.0002113 secs]
36.906: [GC 36.906: [DefNew: 518K->7K(576K), 0.0002219 secs] 5606K->5094K(8116K), 0.0002686 secs]
36.913: [GC 36.913: [DefNew: 519K->7K(576K), 0.0001807 secs] 5606K->5095K(8116K), 0.0002211 secs]
36.920: [GC 36.920: [DefNew: 519K->7K(576K), 0.0002110 secs] 5607K->5095K(8116K), 0.0002610 secs]
36.927: [GC 36.927: [DefNew: 519K->6K(576K), 0.0001948 secs] 5607K->5096K(8116K), 0.0002453 secs]
36.934: [GC 36.934: [DefNew: 518K->7K(576K), 0.0001973 secs] 5608K->5096K(8116K), 0.0002411 secs]
36.941: [GC 36.941: [DefNew: 519K->7K(576K), 0.0001736 secs] 5608K->5097K(8116K), 0.0002143 secs]
36.948: [GC 36.948: [DefNew: 519K->7K(576K), 0.0001836 secs] 5609K->5097K(8116K), 0.0002261 secs]
36.955: [GC 36.955: [DefNew: 519K->6K(576K), 0.0001716 secs] 5609K->5097K(8116K), 0.0002113 secs]
36.962: [GC 36.962: [DefNew: 518K->7K(576K), 0.0002071 secs] 5609K->5098K(8116K), 0.0002516 secs]
36.969: [GC 36.969: [DefNew: 519K->7K(576K), 0.0002003 secs] 5610K->5099K(8116K), 0.0002444 secs]
36.976: [GC 36.976: [DefNew: 519K->7K(576K), 0.0001750 secs] 5611K->5099K(8116K), 0.0002150 secs]
36.983: [GC 36.983: [DefNew: 519K->6K(576K), 0.0002212 secs] 5611K->5099K(8116K), 0.0002695 secs]
36.990: [GC 36.990: [DefNew: 518K->7K(576K), 0.0001970 secs] 5611K->5100K(8116K), 0.0002402 secs]
36.997: [GC 36.997: [DefNew: 519K->7K(576K), 0.0002063 secs] 5612K->5100K(8116K), 0.0002501 secs]
37.004: [GC 37.004: [DefNew: 519K->7K(576K), 0.0001815 secs] 5612K->5101K(8116K), 0.0002213 secs]
37.011: [GC 37.011: [DefNew: 519K->7K(576K), 0.0001782 secs] 5613K->5102K(8116K), 0.0002194 secs]
37.018: [GC 37.018: [DefNew: 519K->7K(576K), 0.0001932 secs] 5614K->5102K(8116K), 0.0002370 secs]
37.025: [GC 37.025: [DefNew: 519K->7K(576K), 0.0002004 secs] 5614K->5102K(8116K), 0.0002443 secs]
37.032: [GC 37.032: [DefNew: 519K->7K(576K), 0.0002016 secs] 5614K->5103K(8116K), 0.0002465 secs]
37.039: [GC 37.039: [DefNew: 519K->7K(576K), 0.0002160 secs] 5615K->5103K(8116K), 0.0002569 secs]
37.046: [GC 37.046: [DefNew: 519K->7K(576K), 0.0001815 secs] 5615K->5104K(8116K), 0.0002227 secs]
37.053: [GC 37.053: [DefNew: 519K->7K(576K), 0.0002034 secs] 5616K->5104K(8116K), 0.0002487 secs]
37.061: [GC 37.061: [DefNew: 519K->7K(576K), 0.0002175 secs] 5616K->5105K(8116K), 0.0002639 secs]
37.067: [GC 37.067: [DefNew: 519K->7K(576K), 0.0001857 secs] 5617K->5105K(8116K), 0.0002267 secs]
37.075: [GC 37.075: [DefNew: 519K->7K(576K), 0.0001952 secs] 5617K->5106K(8116K), 0.0002389 secs]
37.082: [GC 37.082: [DefNew: 519K->7K(576K), 0.0001813 secs] 5618K->5106K(8116K), 0.0002221 secs]
37.089: [GC 37.089: [DefNew: 519K->7K(576K), 0.0001799 secs] 5618K->5106K(8116K), 0.0002207 secs]
37.096: [GC 37.096: [DefNew: 519K->7K(576K), 0.0002192 secs] 5618K->5107K(8116K), 0.0002667 secs]
37.103: [GC 37.103: [DefNew: 519K->7K(576K), 0.0002084 secs] 5619K->5108K(8116K), 0.0002544 secs]
37.110: [GC 37.110: [DefNew: 519K->7K(576K), 0.0001754 secs] 5620K->5108K(8116K), 0.0002155 secs]
37.117: [GC 37.117: [DefNew: 519K->7K(576K), 0.0001765 secs] 5620K->5108K(8116K), 0.0002166 secs]
37.124: [GC 37.124: [DefNew: 519K->7K(576K), 0.0002062 secs] 5620K->5109K(8116K), 0.0002509 secs]
37.131: [GC 37.131: [DefNew: 519K->7K(576K), 0.0002004 secs] 5621K->5109K(8116K), 0.0002445 secs]
37.138: [GC 37.138: [DefNew: 519K->7K(576K), 0.0001946 secs] 5621K->5110K(8116K), 0.0002379 secs]
37.145: [GC 37.145: [DefNew: 519K->6K(576K), 0.0001797 secs] 5622K->5110K(8116K), 0.0002203 secs]
37.152: [GC 37.152: [DefNew: 518K->7K(576K), 0.0002057 secs] 5622K->5111K(8116K), 0.0002507 secs]
37.159: [GC 37.159: [DefNew: 519K->7K(576K), 0.0002228 secs] 5623K->5111K(8116K), 0.0002701 secs]
37.167: [GC 37.167: [DefNew: 519K->7K(576K), 0.0002393 secs] 5623K->5112K(8116K), 0.0002907 secs]
37.174: [GC 37.174: [DefNew: 519K->7K(576K), 0.0002460 secs] 5624K->5112K(8116K), 0.0002958 secs]
37.182: [GC 37.182: [DefNew: 519K->7K(576K), 0.0002318 secs] 5624K->5113K(8116K), 0.0002786 secs]
37.189: [GC 37.189: [DefNew: 519K->7K(576K), 0.0002129 secs] 5625K->5113K(8116K), 0.0002588 secs]
37.196: [GC 37.196: [DefNew: 519K->7K(576K), 0.0002267 secs] 5625K->5114K(8116K), 0.0002756 secs]
37.203: [GC 37.203: [DefNew: 519K->6K(576K), 0.0002153 secs] 5626K->5114K(8116K), 0.0002610 secs]
37.210: [GC 37.211: [DefNew: 518K->7K(576K), 0.0002158 secs] 5626K->5115K(8116K), 0.0002630 secs]
37.218: [GC 37.218: [DefNew: 519K->7K(576K), 0.0002268 secs] 5627K->5115K(8116K), 0.0002742 secs]
37.225: [GC 37.225: [DefNew: 519K->7K(576K), 0.0001796 secs] 5627K->5115K(8116K), 0.0002191 secs]
37.233: [GC 37.233: [DefNew: 519K->6K(576K), 0.0002225 secs] 5627K->5116K(8116K), 0.0002691 secs]
37.240: [GC 37.240: [DefNew: 518K->7K(576K), 0.0002141 secs] 5628K->5117K(8116K), 0.0002609 secs]
37.247: [GC 37.247: [DefNew: 519K->7K(576K), 0.0002424 secs] 5629K->5117K(8116K), 0.0002864 secs]
37.254: [GC 37.254: [DefNew: 519K->7K(576K), 0.0001779 secs] 5629K->5117K(8116K), 0.0002186 secs]
37.261: [GC 37.261: [DefNew: 519K->6K(576K), 0.0002120 secs] 5629K->5118K(8116K), 0.0002571 secs]
37.268: [GC 37.268: [DefNew: 518K->7K(576K), 0.0001843 secs] 5630K->5118K(8116K), 0.0002259 secs]
37.275: [GC 37.275: [DefNew: 519K->7K(576K), 0.0001942 secs] 5630K->5119K(8116K), 0.0002379 secs]
37.282: [GC 37.282: [DefNew: 519K->7K(576K), 0.0002081 secs] 5631K->5119K(8116K), 0.0002530 secs]
37.289: [GC 37.289: [DefNew: 519K->7K(576K), 0.0002105 secs] 5631K->5120K(8116K), 0.0002645 secs]
37.297: [GC 37.297: [DefNew: 519K->7K(576K), 0.0002237 secs] 5632K->5120K(8116K), 0.0002710 secs]
37.304: [GC 37.304: [DefNew: 519K->7K(576K), 0.0001799 secs] 5632K->5121K(8116K), 0.0002207 secs]
37.311: [GC 37.311: [DefNew: 519K->7K(576K), 0.0002357 secs] 5633K->5121K(8116K), 0.0002804 secs]
37.318: [GC 37.318: [DefNew: 519K->7K(576K), 0.0001827 secs] 5633K->5122K(8116K), 0.0002237 secs]
37.325: [GC 37.325: [DefNew: 519K->7K(576K), 0.0001760 secs] 5634K->5122K(8116K), 0.0002167 secs]
37.332: [GC 37.332: [DefNew: 519K->7K(576K), 0.0002243 secs] 5634K->5123K(8116K), 0.0002721 secs]
37.339: [GC 37.339: [DefNew: 519K->7K(576K), 0.0001984 secs] 5635K->5123K(8116K), 0.0002421 secs]
37.346: [GC 37.346: [DefNew: 519K->7K(576K), 0.0002085 secs] 5635K->5124K(8116K), 0.0002537 secs]
37.354: [GC 37.354: [DefNew: 519K->7K(576K), 0.0002278 secs] 5636K->5124K(8116K), 0.0002762 secs]
37.361: [GC 37.361: [DefNew: 519K->7K(576K), 0.0002216 secs] 5636K->5125K(8116K), 0.0002694 secs]
37.368: [GC 37.368: [DefNew: 519K->7K(576K), 0.0002267 secs] 5637K->5125K(8116K), 0.0002746 secs]
37.376: [GC 37.376: [DefNew: 519K->7K(576K), 0.0002214 secs] 5637K->5126K(8116K), 0.0002690 secs]
37.383: [GC 37.383: [DefNew: 519K->7K(576K), 0.0001801 secs] 5638K->5126K(8116K), 0.0002217 secs]
37.390: [GC 37.390: [DefNew: 519K->7K(576K), 0.0002226 secs] 5638K->5126K(8116K), 0.0002702 secs]
37.397: [GC 37.397: [DefNew: 519K->7K(576K), 0.0002150 secs] 5638K->5127K(8116K), 0.0002615 secs]
37.405: [GC 37.405: [DefNew: 519K->7K(576K), 0.0002303 secs] 5639K->5128K(8116K), 0.0002800 secs]
37.412: [GC 37.412: [DefNew: 519K->7K(576K), 0.0001876 secs] 5640K->5128K(8116K), 0.0002289 secs]
37.419: [GC 37.419: [DefNew: 519K->7K(576K), 0.0002476 secs] 5640K->5128K(8116K), 0.0002962 secs]
37.426: [GC 37.426: [DefNew: 519K->6K(576K), 0.0002132 secs] 5640K->5129K(8116K), 0.0002588 secs]
37.434: [GC 37.434: [DefNew: 518K->7K(576K), 0.0002155 secs] 5641K->5129K(8116K), 0.0002612 secs]
37.441: [GC 37.441: [DefNew: 519K->7K(576K), 0.0002192 secs] 5641K->5130K(8116K), 0.0002640 secs]
37.448: [GC 37.448: [DefNew: 519K->7K(576K), 0.0002190 secs] 5642K->5130K(8116K), 0.0002654 secs]
37.455: [GC 37.455: [DefNew: 519K->6K(576K), 0.0001709 secs] 5642K->5131K(8116K), 0.0002108 secs]
37.462: [GC 37.462: [DefNew: 518K->7K(576K), 0.0002140 secs] 5643K->5131K(8116K), 0.0002596 secs]
37.469: [GC 37.469: [DefNew: 519K->7K(576K), 0.0002308 secs] 5643K->5132K(8116K), 0.0002802 secs]
37.477: [GC 37.477: [DefNew: 519K->7K(576K), 0.0002199 secs] 5644K->5132K(8116K), 0.0002666 secs]
37.484: [GC 37.484: [DefNew: 519K->6K(576K), 0.0002346 secs] 5644K->5132K(8116K), 0.0002834 secs]
37.491: [GC 37.491: [DefNew: 518K->7K(576K), 0.0002227 secs] 5644K->5133K(8116K), 0.0002698 secs]
37.498: [GC 37.498: [DefNew: 519K->7K(576K), 0.0001935 secs] 5645K->5134K(8116K), 0.0002376 secs]
37.505: [GC 37.505: [DefNew: 519K->7K(576K), 0.0002132 secs] 5646K->5134K(8116K), 0.0002571 secs]
37.512: [GC 37.512: [DefNew: 519K->6K(576K), 0.0002189 secs] 5646K->5134K(8116K), 0.0002654 secs]
37.519: [GC 37.519: [DefNew: 518K->7K(576K), 0.0002013 secs] 5646K->5135K(8116K), 0.0002631 secs]
37.527: [GC 37.527: [DefNew: 519K->7K(576K), 0.0002308 secs] 5647K->5135K(8116K), 0.0002873 secs]
37.534: [GC 37.534: [DefNew: 519K->7K(576K), 0.0002267 secs] 5647K->5136K(8116K), 0.0002731 secs]
37.541: [GC 37.541: [DefNew: 519K->6K(576K), 0.0002155 secs] 5648K->5136K(8116K), 0.0002612 secs]
37.548: [GC 37.548: [DefNew: 518K->7K(576K), 0.0002122 secs] 5648K->5137K(8116K), 0.0002585 secs]
37.555: [GC 37.555: [DefNew: 519K->7K(576K), 0.0002044 secs] 5649K->5137K(8116K), 0.0002486 secs]
37.562: [GC 37.562: [DefNew: 519K->7K(576K), 0.0002208 secs] 5649K->5138K(8116K), 0.0002683 secs]
37.569: [GC 37.569: [DefNew: 519K->7K(576K), 0.0001811 secs] 5650K->5138K(8116K), 0.0002226 secs]
37.576: [GC 37.576: [DefNew: 519K->7K(576K), 0.0002209 secs] 5650K->5139K(8116K), 0.0002764 secs]
37.584: [GC 37.584: [DefNew: 519K->7K(576K), 0.0002256 secs] 5651K->5139K(8116K), 0.0002742 secs]
37.591: [GC 37.591: [DefNew: 519K->7K(576K), 0.0002339 secs] 5651K->5140K(8116K), 0.0003332 secs]
37.598: [GC 37.598: [DefNew: 519K->7K(576K), 0.0002123 secs] 5652K->5140K(8116K), 0.0002572 secs]
37.605: [GC 37.605: [DefNew: 519K->7K(576K), 0.0002238 secs] 5652K->5141K(8116K), 0.0002708 secs]
37.612: [GC 37.612: [DefNew: 519K->7K(576K), 0.0001850 secs] 5653K->5141K(8116K), 0.0002273 secs]
37.620: [GC 37.620: [DefNew: 519K->7K(576K), 0.0002254 secs] 5653K->5141K(8116K), 0.0002718 secs]
37.627: [GC 37.627: [DefNew: 519K->7K(576K), 0.0001909 secs] 5653K->5142K(8116K), 0.0002326 secs]
37.634: [GC 37.634: [DefNew: 519K->7K(576K), 0.0002182 secs] 5654K->5143K(8116K), 0.0002707 secs]
37.642: [GC 37.642: [DefNew: 519K->7K(576K), 0.0002315 secs] 5655K->5143K(8116K), 0.0002804 secs]
37.649: [GC 37.649: [DefNew: 519K->7K(576K), 0.0002111 secs] 5655K->5143K(8116K), 0.0002560 secs]
37.656: [GC 37.656: [DefNew: 519K->7K(576K), 0.0002285 secs] 5655K->5144K(8116K), 0.0002765 secs]
37.663: [GC 37.663: [DefNew: 519K->7K(576K), 0.0001871 secs] 5656K->5144K(8116K), 0.0002456 secs]
37.670: [GC 37.670: [DefNew: 519K->7K(576K), 0.0002150 secs] 5656K->5145K(8116K), 0.0002605 secs]
37.677: [GC 37.677: [DefNew: 519K->7K(576K), 0.0001694 secs] 5657K->5145K(8116K), 0.0002086 secs]
37.684: [GC 37.685: [DefNew: 519K->7K(576K), 0.0002253 secs] 5657K->5146K(8116K), 0.0002724 secs]
37.691: [GC 37.691: [DefNew: 519K->7K(576K), 0.0001825 secs] 5658K->5146K(8116K), 0.0002244 secs]
37.698: [GC 37.699: [DefNew: 519K->7K(576K), 0.0002126 secs] 5658K->5147K(8116K), 0.0002583 secs]
37.705: [GC 37.705: [DefNew: 519K->7K(576K), 0.0001842 secs] 5659K->5147K(8116K), 0.0002246 secs]
37.712: [GC 37.712: [DefNew: 519K->7K(576K), 0.0002085 secs] 5659K->5148K(8116K), 0.0002529 secs]
37.719: [GC 37.719: [DefNew: 519K->7K(576K), 0.0001822 secs] 5660K->5148K(8116K), 0.0002228 secs]
37.726: [GC 37.726: [DefNew: 519K->7K(576K), 0.0001758 secs] 5660K->5149K(8116K), 0.0002150 secs]
37.733: [GC 37.733: [DefNew: 519K->6K(576K), 0.0002354 secs] 5661K->5149K(8116K), 0.0002867 secs]
37.740: [GC 37.740: [DefNew: 518K->7K(576K), 0.0001922 secs] 5661K->5150K(8116K), 0.0002338 secs]
37.748: [GC 37.748: [DefNew: 519K->7K(576K), 0.0002179 secs] 5662K->5150K(8116K), 0.0002664 secs]
37.755: [GC 37.755: [DefNew: 519K->7K(576K), 0.0001789 secs] 5662K->5150K(8116K), 0.0002196 secs]
37.762: [GC 37.762: [DefNew: 519K->6K(576K), 0.0002099 secs] 5662K->5151K(8116K), 0.0002567 secs]
37.769: [GC 37.769: [DefNew: 518K->7K(576K), 0.0001793 secs] 5663K->5152K(8116K), 0.0002203 secs]
37.776: [GC 37.776: [DefNew: 519K->7K(576K), 0.0001946 secs] 5664K->5152K(8116K), 0.0002381 secs]
37.783: [GC 37.783: [DefNew: 519K->7K(576K), 0.0001735 secs] 5664K->5152K(8116K), 0.0002142 secs]
37.790: [GC 37.790: [DefNew: 519K->6K(576K), 0.0001795 secs] 5664K->5153K(8116K), 0.0002201 secs]
37.797: [GC 37.797: [DefNew: 518K->7K(576K), 0.0001720 secs] 5665K->5153K(8116K), 0.0002113 secs]
37.805: [GC 37.806: [DefNew: 519K->7K(576K), 0.0002278 secs] 5665K->5154K(8116K), 0.0002759 secs]
37.813: [GC 37.813: [DefNew: 519K->7K(576K), 0.0002065 secs] 5666K->5154K(8116K), 0.0002517 secs]
37.820: [GC 37.820: [DefNew: 519K->6K(576K), 0.0001761 secs] 5666K->5155K(8116K), 0.0002162 secs]
37.827: [GC 37.827: [DefNew: 518K->7K(576K), 0.0002634 secs] 5667K->5155K(8116K), 0.0003095 secs]
37.834: [GC 37.834: [DefNew: 519K->7K(576K), 0.0001995 secs] 5667K->5156K(8116K), 0.0002443 secs]
37.841: [GC 37.841: [DefNew: 519K->7K(576K), 0.0002152 secs] 5668K->5156K(8116K), 0.0002604 secs]
37.848: [GC 37.848: [DefNew: 519K->7K(576K), 0.0001765 secs] 5668K->5157K(8116K), 0.0002176 secs]
37.855: [GC 37.855: [DefNew: 519K->7K(576K), 0.0001829 secs] 5669K->5157K(8116K), 0.0002244 secs]
37.862: [GC 37.862: [DefNew: 519K->7K(576K), 0.0002059 secs] 5669K->5158K(8116K), 0.0002505 secs]
37.869: [GC 37.869: [DefNew: 519K->7K(576K), 0.0001984 secs] 5670K->5158K(8116K), 0.0002469 secs]
37.876: [GC 37.876: [DefNew: 519K->7K(576K), 0.0001790 secs] 5670K->5159K(8116K), 0.0002201 secs]
37.883: [GC 37.883: [DefNew: 519K->7K(576K), 0.0001841 secs] 5671K->5159K(8116K), 0.0002265 secs]
37.890: [GC 37.890: [DefNew: 519K->7K(576K), 0.0001826 secs] 5671K->5160K(8116K), 0.0002234 secs]
37.897: [GC 37.897: [DefNew: 519K->7K(576K), 0.0001720 secs] 5672K->5160K(8116K), 0.0002118 secs]
37.905: [GC 37.905: [DefNew: 519K->7K(576K), 0.0002204 secs] 5672K->5161K(8116K), 0.0002664 secs]
37.912: [GC 37.912: [DefNew: 519K->7K(576K), 0.0001791 secs] 5673K->5161K(8116K), 0.0002201 secs]
37.919: [GC 37.919: [DefNew: 519K->7K(576K), 0.0001796 secs] 5673K->5161K(8116K), 0.0002205 secs]
37.926: [GC 37.926: [DefNew: 519K->7K(576K), 0.0002126 secs] 5673K->5162K(8116K), 0.0002578 secs]
37.933: [GC 37.933: [DefNew: 519K->7K(576K), 0.0002182 secs] 5674K->5163K(8116K), 0.0002656 secs]
37.940: [GC 37.940: [DefNew: 519K->7K(576K), 0.0001906 secs] 5675K->5163K(8116K), 0.0002336 secs]
37.947: [GC 37.947: [DefNew: 519K->7K(576K), 0.0002170 secs] 5675K->5163K(8116K), 0.0002600 secs]
37.954: [GC 37.954: [DefNew: 519K->7K(576K), 0.0001953 secs] 5675K->5164K(8116K), 0.0002390 secs]
37.961: [GC 37.961: [DefNew: 519K->7K(576K), 0.0001804 secs] 5676K->5164K(8116K), 0.0002281 secs]
37.968: [GC 37.968: [DefNew: 519K->7K(576K), 0.0001955 secs] 5676K->5165K(8116K), 0.0002401 secs]
37.975: [GC 37.975: [DefNew: 519K->7K(576K), 0.0002086 secs] 5677K->5165K(8116K), 0.0002479 secs]
37.982: [GC 37.982: [DefNew: 519K->7K(576K), 0.0001861 secs] 5677K->5166K(8116K), 0.0002278 secs]
37.989: [GC 37.989: [DefNew: 519K->7K(576K), 0.0002129 secs] 5678K->5166K(8116K), 0.0002589 secs]
37.996: [GC 37.996: [DefNew: 519K->7K(576K), 0.0002392 secs] 5678K->5167K(8116K), 0.0002888 secs]
38.003: [GC 38.003: [DefNew: 519K->7K(576K), 0.0001974 secs] 5679K->5167K(8116K), 0.0002387 secs]
38.010: [GC 38.010: [DefNew: 519K->6K(576K), 0.0001866 secs] 5679K->5167K(8116K), 0.0002282 secs]
38.017: [GC 38.017: [DefNew: 518K->7K(576K), 0.0001804 secs] 5679K->5168K(8116K), 0.0002212 secs]
38.024: [GC 38.024: [DefNew: 519K->7K(576K), 0.0001818 secs] 5680K->5169K(8116K), 0.0002232 secs]
38.031: [GC 38.031: [DefNew: 519K->7K(576K), 0.0002219 secs] 5681K->5169K(8116K), 0.0002679 secs]
38.038: [GC 38.038: [DefNew: 519K->7K(576K), 0.0001993 secs] 5681K->5169K(8116K), 0.0002440 secs]
38.045: [GC 38.045: [DefNew: 519K->7K(576K), 0.0001885 secs] 5681K->5170K(8116K), 0.0002308 secs]
38.052: [GC 38.052: [DefNew: 519K->7K(576K), 0.0002162 secs] 5682K->5171K(8116K), 0.0002608 secs]
38.059: [GC 38.059: [DefNew: 519K->7K(576K), 0.0001984 secs] 5683K->5171K(8116K), 0.0002435 secs]
38.066: [GC 38.066: [DefNew: 519K->7K(576K), 0.0002170 secs] 5683K->5172K(8116K), 0.0002620 secs]
38.073: [GC 38.073: [DefNew: 519K->7K(576K), 0.0002057 secs] 5684K->5172K(8116K), 0.0002503 secs]
38.080: [GC 38.080: [DefNew: 519K->7K(576K), 0.0001746 secs] 5684K->5172K(8116K), 0.0002145 secs]
38.087: [GC 38.087: [DefNew: 519K->7K(576K), 0.0002454 secs] 5684K->5173K(8116K), 0.0002892 secs]
38.094: [GC 38.094: [DefNew: 519K->7K(576K), 0.0001826 secs] 5685K->5174K(8116K), 0.0002311 secs]
38.101: [GC 38.101: [DefNew: 519K->7K(576K), 0.0001768 secs] 5686K->5174K(8116K), 0.0002173 secs]
38.108: [GC 38.108: [DefNew: 519K->7K(576K), 0.0002061 secs] 5686K->5174K(8116K), 0.0002503 secs]
38.115: [GC 38.115: [DefNew: 519K->7K(576K), 0.0002110 secs] 5686K->5175K(8116K), 0.0002642 secs]
38.122: [GC 38.122: [DefNew: 519K->7K(576K), 0.0002123 secs] 5687K->5175K(8116K), 0.0002574 secs]
38.129: [GC 38.129: [DefNew: 519K->7K(576K), 0.0001805 secs] 5687K->5176K(8116K), 0.0002212 secs]
38.136: [GC 38.136: [DefNew: 519K->7K(576K), 0.0002112 secs] 5688K->5176K(8116K), 0.0002573 secs]
38.143: [GC 38.143: [DefNew: 519K->7K(576K), 0.0001750 secs] 5688K->5177K(8116K), 0.0002154 secs]
38.150: [GC 38.150: [DefNew: 519K->7K(576K), 0.0001885 secs] 5689K->5177K(8116K), 0.0002302 secs]
38.157: [GC 38.158: [DefNew: 519K->7K(576K), 0.0002162 secs] 5689K->5178K(8116K), 0.0002625 secs]
38.165: [GC 38.165: [DefNew: 519K->7K(576K), 0.0002148 secs] 5690K->5178K(8116K), 0.0002603 secs]
38.172: [GC 38.172: [DefNew: 519K->7K(576K), 0.0002044 secs] 5690K->5179K(8116K), 0.0002476 secs]
38.179: [GC 38.179: [DefNew: 519K->7K(576K), 0.0001830 secs] 5691K->5179K(8116K), 0.0002238 secs]
38.186: [GC 38.186: [DefNew: 519K->7K(576K), 0.0001991 secs] 5691K->5180K(8116K), 0.0002425 secs]
38.193: [GC 38.193: [DefNew: 519K->7K(576K), 0.0001825 secs] 5692K->5180K(8116K), 0.0002229 secs]
38.199: [GC 38.199: [DefNew: 519K->6K(576K), 0.0001934 secs] 5692K->5180K(8116K), 0.0002365 secs]
38.207: [GC 38.207: [DefNew: 518K->7K(576K), 0.0002090 secs] 5692K->5181K(8116K), 0.0002537 secs]
38.214: [GC 38.214: [DefNew: 519K->7K(576K), 0.0001964 secs] 5693K->5182K(8116K), 0.0002405 secs]
38.220: [GC 38.220: [DefNew: 519K->7K(576K), 0.0001751 secs] 5694K->5182K(8116K), 0.0002148 secs]
38.227: [GC 38.227: [DefNew: 519K->7K(576K), 0.0001786 secs] 5694K->5183K(8116K), 0.0002200 secs]
38.234: [GC 38.234: [DefNew: 519K->7K(576K), 0.0002261 secs] 5695K->5183K(8116K), 0.0002728 secs]
38.241: [GC 38.241: [DefNew: 519K->7K(576K), 0.0001775 secs] 5695K->5183K(8116K), 0.0002183 secs]
38.249: [GC 38.249: [DefNew: 519K->7K(576K), 0.0002064 secs] 5695K->5184K(8116K), 0.0002582 secs]
38.256: [GC 38.256: [DefNew: 519K->7K(576K), 0.0001815 secs] 5696K->5185K(8116K), 0.0002238 secs]
38.263: [GC 38.263: [DefNew: 519K->7K(576K), 0.0001924 secs] 5697K->5185K(8116K), 0.0002357 secs]
38.269: [GC 38.270: [DefNew: 519K->7K(576K), 0.0001767 secs] 5697K->5185K(8116K), 0.0002169 secs]
38.277: [GC 38.277: [DefNew: 519K->7K(576K), 0.0002041 secs] 5697K->5186K(8116K), 0.0002493 secs]
38.284: [GC 38.284: [DefNew: 519K->7K(576K), 0.0001772 secs] 5698K->5187K(8116K), 0.0002174 secs]
38.290: [GC 38.291: [DefNew: 519K->7K(576K), 0.0002107 secs] 5699K->5187K(8116K), 0.0002556 secs]
38.297: [GC 38.297: [DefNew: 519K->7K(576K), 0.0002031 secs] 5699K->5187K(8116K), 0.0002481 secs]
38.304: [GC 38.304: [DefNew: 519K->7K(576K), 0.0001833 secs] 5699K->5188K(8116K), 0.0002241 secs]
38.312: [GC 38.312: [DefNew: 519K->7K(576K), 0.0002207 secs] 5700K->5188K(8116K), 0.0002683 secs]
38.319: [GC 38.319: [DefNew: 519K->7K(576K), 0.0001980 secs] 5700K->5189K(8116K), 0.0002393 secs]
38.326: [GC 38.326: [DefNew: 519K->7K(576K), 0.0001883 secs] 5701K->5189K(8116K), 0.0002311 secs]
38.333: [GC 38.333: [DefNew: 519K->7K(576K), 0.0002092 secs] 5701K->5190K(8116K), 0.0002533 secs]
38.340: [GC 38.340: [DefNew: 519K->7K(576K), 0.0002156 secs] 5702K->5190K(8116K), 0.0002690 secs]
38.347: [GC 38.347: [DefNew: 519K->7K(576K), 0.0001886 secs] 5702K->5191K(8116K), 0.0002627 secs]
38.354: [GC 38.354: [DefNew: 519K->7K(576K), 0.0002138 secs] 5703K->5191K(8116K), 0.0002592 secs]
38.361: [GC 38.361: [DefNew: 519K->7K(576K), 0.0001765 secs] 5703K->5191K(8116K), 0.0002167 secs]
38.368: [GC 38.368: [DefNew: 519K->7K(576K), 0.0002048 secs] 5703K->5192K(8116K), 0.0002507 secs]
38.375: [GC 38.375: [DefNew: 519K->7K(576K), 0.0001859 secs] 5704K->5193K(8116K), 0.0002281 secs]
38.382: [GC 38.382: [DefNew: 519K->7K(576K), 0.0001758 secs] 5705K->5193K(8116K), 0.0002157 secs]
38.389: [GC 38.389: [DefNew: 519K->7K(576K), 0.0002031 secs] 5705K->5194K(8116K), 0.0002554 secs]
38.396: [GC 38.396: [DefNew: 519K->7K(576K), 0.0001773 secs] 5706K->5194K(8116K), 0.0002179 secs]
38.403: [GC 38.404: [DefNew: 519K->7K(576K), 0.0002253 secs] 5706K->5195K(8116K), 0.0002715 secs]
38.410: [GC 38.410: [DefNew: 519K->7K(576K), 0.0001802 secs] 5707K->5195K(8116K), 0.0002290 secs]
38.417: [GC 38.417: [DefNew: 519K->7K(576K), 0.0001970 secs] 5707K->5196K(8116K), 0.0002467 secs]
38.424: [GC 38.424: [DefNew: 519K->7K(576K), 0.0002260 secs] 5708K->5196K(8116K), 0.0002729 secs]
38.432: [GC 38.432: [DefNew: 519K->7K(576K), 0.0002315 secs] 5708K->5196K(8116K), 0.0002821 secs]
38.440: [GC 38.440: [DefNew: 519K->7K(576K), 0.0002345 secs] 5708K->5197K(8116K), 0.0002846 secs]
38.447: [GC 38.447: [DefNew: 519K->7K(576K), 0.0002291 secs] 5709K->5198K(8116K), 0.0002755 secs]
38.455: [GC 38.455: [DefNew: 519K->7K(576K), 0.0002280 secs] 5710K->5198K(8116K), 0.0002749 secs]
38.463: [GC 38.463: [DefNew: 519K->7K(576K), 0.0002259 secs] 5710K->5198K(8116K), 0.0002739 secs]
38.470: [GC 38.470: [DefNew: 519K->7K(576K), 0.0002112 secs] 5710K->5199K(8116K), 0.0002572 secs]
38.478: [GC 38.478: [DefNew: 519K->7K(576K), 0.0002318 secs] 5711K->5199K(8116K), 0.0002795 secs]
38.485: [GC 38.485: [DefNew: 519K->7K(576K), 0.0002319 secs] 5711K->5200K(8116K), 0.0002819 secs]
38.492: [GC 38.492: [DefNew: 519K->7K(576K), 0.0002071 secs] 5712K->5200K(8116K), 0.0002522 secs]
38.500: [GC 38.500: [DefNew: 519K->7K(576K), 0.0002216 secs] 5712K->5201K(8116K), 0.0002704 secs]
38.507: [GC 38.507: [DefNew: 519K->7K(576K), 0.0002411 secs] 5713K->5201K(8116K), 0.0002912 secs]
38.515: [GC 38.515: [DefNew: 519K->7K(576K), 0.0002292 secs] 5713K->5202K(8116K), 0.0002784 secs]
38.522: [GC 38.522: [DefNew: 519K->7K(576K), 0.0002242 secs] 5714K->5202K(8116K), 0.0002724 secs]
38.530: [GC 38.530: [DefNew: 519K->7K(576K), 0.0002429 secs] 5714K->5202K(8116K), 0.0002949 secs]
38.537: [GC 38.537: [DefNew: 519K->7K(576K), 0.0002344 secs] 5714K->5203K(8116K), 0.0002831 secs]
38.545: [GC 38.546: [DefNew: 519K->7K(576K), 0.0002443 secs] 5715K->5204K(8116K), 0.0002950 secs]
38.553: [GC 38.553: [DefNew: 519K->7K(576K), 0.0002263 secs] 5716K->5204K(8116K), 0.0002747 secs]
38.561: [GC 38.561: [DefNew: 519K->7K(576K), 0.0002316 secs] 5716K->5204K(8116K), 0.0002818 secs]
38.569: [GC 38.569: [DefNew: 519K->7K(576K), 0.0002217 secs] 5716K->5205K(8116K), 0.0002700 secs]
38.576: [GC 38.576: [DefNew: 519K->7K(576K), 0.0002362 secs] 5717K->5206K(8116K), 0.0002866 secs]
38.584: [GC 38.584: [DefNew: 519K->7K(576K), 0.0002139 secs] 5718K->5206K(8116K), 0.0002611 secs]
38.591: [GC 38.591: [DefNew: 519K->7K(576K), 0.0002270 secs] 5718K->5207K(8116K), 0.0002781 secs]
38.599: [GC 38.599: [DefNew: 519K->7K(576K), 0.0002380 secs] 5719K->5207K(8116K), 0.0003024 secs]
38.606: [GC 38.607: [DefNew: 519K->7K(576K), 0.0002273 secs] 5719K->5207K(8116K), 0.0002758 secs]
38.615: [GC 38.615: [DefNew: 519K->7K(576K), 0.0002272 secs] 5719K->5208K(8116K), 0.0002751 secs]
38.623: [GC 38.623: [DefNew: 519K->7K(576K), 0.0002391 secs] 5720K->5209K(8116K), 0.0002900 secs]
38.631: [GC 38.631: [DefNew: 519K->7K(576K), 0.0002233 secs] 5721K->5209K(8116K), 0.0002709 secs]
38.640: [GC 38.640: [DefNew: 519K->7K(576K), 0.0002403 secs] 5721K->5209K(8116K), 0.0002901 secs]
38.647: [GC 38.647: [DefNew: 519K->7K(576K), 0.0002261 secs] 5721K->5210K(8116K), 0.0002752 secs]
38.655: [GC 38.655: [DefNew: 519K->7K(576K), 0.0002445 secs] 5722K->5211K(8116K), 0.0002955 secs]
38.663: [GC 38.663: [DefNew: 519K->7K(576K), 0.0002764 secs] 5723K->5211K(8116K), 0.0003267 secs]
38.672: [GC 38.672: [DefNew: 519K->7K(576K), 0.0002416 secs] 5723K->5211K(8116K), 0.0002895 secs]
38.679: [GC 38.680: [DefNew: 519K->7K(576K), 0.0002175 secs] 5723K->5212K(8116K), 0.0002625 secs]
38.688: [GC 38.688: [DefNew: 519K->7K(576K), 0.0002387 secs] 5724K->5212K(8116K), 0.0002896 secs]
38.695: [GC 38.695: [DefNew: 519K->7K(576K), 0.0002124 secs] 5724K->5213K(8116K), 0.0002578 secs]
38.703: [GC 38.703: [DefNew: 519K->7K(576K), 0.0002308 secs] 5725K->5213K(8116K), 0.0002785 secs]
38.710: [GC 38.710: [DefNew: 519K->7K(576K), 0.0002200 secs] 5725K->5214K(8116K), 0.0002674 secs]
38.718: [GC 38.719: [DefNew: 519K->7K(576K), 0.0002286 secs] 5726K->5214K(8116K), 0.0002784 secs]
38.726: [GC 38.726: [DefNew: 519K->7K(576K), 0.0002196 secs] 5726K->5215K(8116K), 0.0002666 secs]
38.734: [GC 38.734: [DefNew: 519K->7K(576K), 0.0002448 secs] 5727K->5215K(8116K), 0.0002934 secs]
38.741: [GC 38.742: [DefNew: 519K->6K(576K), 0.0002237 secs] 5727K->5215K(8116K), 0.0002705 secs]
38.749: [GC 38.749: [DefNew: 518K->7K(576K), 0.0002357 secs] 5727K->5216K(8116K), 0.0002855 secs]
38.757: [GC 38.757: [DefNew: 519K->7K(576K), 0.0002170 secs] 5728K->5217K(8116K), 0.0002638 secs]
38.766: [GC 38.766: [DefNew: 519K->7K(576K), 0.0002412 secs] 5729K->5217K(8116K), 0.0002907 secs]
38.773: [GC 38.773: [DefNew: 519K->7K(576K), 0.0002402 secs] 5729K->5218K(8116K), 0.0002902 secs]
38.782: [GC 38.782: [DefNew: 519K->7K(576K), 0.0002283 secs] 5730K->5218K(8116K), 0.0002914 secs]
38.789: [GC 38.789: [DefNew: 519K->7K(576K), 0.0002442 secs] 5730K->5219K(8116K), 0.0002957 secs]
38.798: [GC 38.798: [DefNew: 519K->7K(576K), 0.0002576 secs] 5731K->5219K(8116K), 0.0003162 secs]
38.806: [GC 38.806: [DefNew: 519K->7K(576K), 0.0003779 secs] 5731K->5220K(8116K), 0.0004451 secs]
38.823: [GC 38.823: [DefNew: 519K->7K(576K), 0.0002589 secs] 5732K->5220K(8116K), 0.0003117 secs]
38.846: [GC 38.846: [DefNew: 519K->7K(576K), 0.0002304 secs] 5732K->5220K(8116K), 0.0002796 secs]
38.874: [GC 38.874: [DefNew: 519K->7K(576K), 0.0002263 secs] 5732K->5221K(8116K), 0.0002736 secs]
38.881: [GC 38.881: [DefNew: 519K->7K(576K), 0.0002195 secs] 5733K->5222K(8116K), 0.0002650 secs]
38.888: [GC 38.889: [DefNew: 519K->7K(576K), 0.0002271 secs] 5734K->5222K(8116K), 0.0002753 secs]
38.896: [GC 38.896: [DefNew: 519K->7K(576K), 0.0002382 secs] 5734K->5222K(8116K), 0.0002865 secs]
38.905: [GC 38.905: [DefNew: 519K->7K(576K), 0.0002829 secs] 5734K->5223K(8116K), 0.0003343 secs]
38.913: [GC 38.913: [DefNew: 519K->7K(576K), 0.0002419 secs] 5735K->5224K(8116K), 0.0002936 secs]
38.922: [GC 38.922: [DefNew: 519K->7K(576K), 0.0002407 secs] 5736K->5224K(8116K), 0.0002909 secs]
38.930: [GC 38.930: [DefNew: 519K->7K(576K), 0.0002403 secs] 5736K->5224K(8116K), 0.0002885 secs]
38.937: [GC 38.937: [DefNew: 519K->7K(576K), 0.0002300 secs] 5736K->5225K(8116K), 0.0002775 secs]
38.945: [GC 38.945: [DefNew: 519K->7K(576K), 0.0002334 secs] 5737K->5225K(8116K), 0.0002818 secs]
38.953: [GC 38.953: [DefNew: 519K->7K(576K), 0.0002340 secs] 5737K->5226K(8116K), 0.0002841 secs]
38.960: [GC 38.960: [DefNew: 519K->7K(576K), 0.0002259 secs] 5738K->5226K(8116K), 0.0002736 secs]
38.968: [GC 38.968: [DefNew: 519K->7K(576K), 0.0002428 secs] 5738K->5227K(8116K), 0.0002930 secs]
38.976: [GC 38.976: [DefNew: 519K->7K(576K), 0.0002798 secs] 5739K->5227K(8116K), 0.0003317 secs]
38.984: [GC 38.984: [DefNew: 519K->7K(576K), 0.0002300 secs] 5739K->5228K(8116K), 0.0002786 secs]
38.991: [GC 38.992: [DefNew: 519K->7K(576K), 0.0002296 secs] 5740K->5228K(8116K), 0.0002837 secs]
38.999: [GC 39.000: [DefNew: 519K->7K(576K), 0.0002381 secs] 5740K->5229K(8116K), 0.0002898 secs]
39.007: [GC 39.007: [DefNew: 519K->7K(576K), 0.0002325 secs] 5741K->5229K(8116K), 0.0002807 secs]
39.015: [GC 39.015: [DefNew: 519K->7K(576K), 0.0002317 secs] 5741K->5230K(8116K), 0.0002817 secs]
39.022: [GC 39.022: [DefNew: 519K->7K(576K), 0.0002105 secs] 5742K->5230K(8116K), 0.0002581 secs]
39.030: [GC 39.030: [DefNew: 519K->7K(576K), 0.0002347 secs] 5742K->5231K(8116K), 0.0002846 secs]
39.038: [GC 39.038: [DefNew: 519K->7K(576K), 0.0002244 secs] 5743K->5231K(8116K), 0.0002748 secs]
39.046: [GC 39.046: [DefNew: 519K->7K(576K), 0.0002239 secs] 5743K->5232K(8116K), 0.0002729 secs]
39.054: [GC 39.054: [DefNew: 519K->7K(576K), 0.0002086 secs] 5744K->5232K(8116K), 0.0002550 secs]
39.062: [GC 39.062: [DefNew: 519K->7K(576K), 0.0002411 secs] 5744K->5233K(8116K), 0.0002925 secs]
39.070: [GC 39.070: [DefNew: 519K->7K(576K), 0.0002079 secs] 5745K->5233K(8116K), 0.0002535 secs]
39.077: [GC 39.077: [DefNew: 519K->7K(576K), 0.0002155 secs] 5745K->5234K(8116K), 0.0002642 secs]
39.085: [GC 39.085: [DefNew: 519K->7K(576K), 0.0002288 secs] 5746K->5234K(8116K), 0.0002773 secs]
39.093: [GC 39.093: [DefNew: 519K->7K(576K), 0.0002234 secs] 5746K->5235K(8116K), 0.0002718 secs]
39.101: [GC 39.101: [DefNew: 519K->7K(576K), 0.0002307 secs] 5747K->5235K(8116K), 0.0002777 secs]
39.109: [GC 39.110: [DefNew: 519K->7K(576K), 0.0002275 secs] 5747K->5235K(8116K), 0.0002828 secs]
39.117: [GC 39.117: [DefNew: 519K->7K(576K), 0.0002147 secs] 5747K->5236K(8116K), 0.0002614 secs]
39.125: [GC 39.125: [DefNew: 519K->7K(576K), 0.0002344 secs] 5748K->5237K(8116K), 0.0002856 secs]
39.132: [GC 39.132: [DefNew: 519K->7K(576K), 0.0002221 secs] 5749K->5237K(8116K), 0.0002701 secs]
39.140: [GC 39.140: [DefNew: 519K->7K(576K), 0.0002358 secs] 5749K->5237K(8116K), 0.0002860 secs]
39.148: [GC 39.148: [DefNew: 519K->7K(576K), 0.0002370 secs] 5749K->5238K(8116K), 0.0002854 secs]
39.156: [GC 39.156: [DefNew: 519K->7K(576K), 0.0002465 secs] 5750K->5239K(8116K), 0.0002975 secs]
39.163: [GC 39.163: [DefNew: 519K->7K(576K), 0.0002063 secs] 5751K->5239K(8116K), 0.0002518 secs]
39.172: [GC 39.172: [DefNew: 519K->7K(576K), 0.0002340 secs] 5751K->5239K(8116K), 0.0002826 secs]
39.179: [GC 39.180: [DefNew: 519K->7K(576K), 0.0002129 secs] 5751K->5240K(8116K), 0.0002598 secs]
39.187: [GC 39.188: [DefNew: 519K->7K(576K), 0.0002379 secs] 5752K->5241K(8116K), 0.0002888 secs]
39.195: [GC 39.195: [DefNew: 519K->7K(576K), 0.0002023 secs] 5753K->5241K(8116K), 0.0002478 secs]
39.202: [GC 39.202: [DefNew: 519K->7K(576K), 0.0002291 secs] 5753K->5242K(8116K), 0.0002783 secs]
39.210: [GC 39.210: [DefNew: 519K->7K(576K), 0.0003186 secs] 5754K->5242K(8116K), 0.0003710 secs]
39.218: [GC 39.218: [DefNew: 519K->7K(576K), 0.0002222 secs] 5754K->5243K(8116K), 0.0002737 secs]
39.225: [GC 39.225: [DefNew: 519K->7K(576K), 0.0002376 secs] 5755K->5243K(8116K), 0.0002881 secs]
39.233: [GC 39.233: [DefNew: 519K->7K(576K), 0.0002629 secs] 5755K->5244K(8116K), 0.0003161 secs]
39.240: [GC 39.240: [DefNew: 519K->7K(576K), 0.0002395 secs] 5756K->5244K(8116K), 0.0002874 secs]
39.248: [GC 39.248: [DefNew: 519K->7K(576K), 0.0002296 secs] 5756K->5244K(8116K), 0.0002786 secs]
39.256: [GC 39.256: [DefNew: 519K->7K(576K), 0.0002882 secs] 5756K->5245K(8116K), 0.0003475 secs]
39.265: [GC 39.265: [DefNew: 519K->7K(576K), 0.0002657 secs] 5757K->5246K(8116K), 0.0003233 secs]
39.273: [GC 39.273: [DefNew: 519K->7K(576K), 0.0002404 secs] 5758K->5246K(8116K), 0.0002906 secs]
39.281: [GC 39.281: [DefNew: 519K->7K(576K), 0.0002360 secs] 5758K->5246K(8116K), 0.0002859 secs]
39.288: [GC 39.288: [DefNew: 519K->7K(576K), 0.0002324 secs] 5758K->5247K(8116K), 0.0002818 secs]
39.297: [GC 39.297: [DefNew: 519K->7K(576K), 0.0002458 secs] 5759K->5248K(8116K), 0.0002958 secs]
39.304: [GC 39.304: [DefNew: 519K->7K(576K), 0.0002432 secs] 5760K->5248K(8116K), 0.0002938 secs]
39.313: [GC 39.313: [DefNew: 519K->7K(576K), 0.0002534 secs] 5760K->5248K(8116K), 0.0003045 secs]
39.320: [GC 39.320: [DefNew: 519K->7K(576K), 0.0001896 secs] 5760K->5249K(8116K), 0.0002317 secs]
39.328: [GC 39.328: [DefNew: 519K->7K(576K), 0.0002349 secs] 5761K->5250K(8116K), 0.0002822 secs]
39.335: [GC 39.335: [DefNew: 519K->7K(576K), 0.0001802 secs] 5762K->5250K(8116K), 0.0002205 secs]
39.343: [GC 39.343: [DefNew: 519K->7K(576K), 0.0002216 secs] 5762K->5250K(8116K), 0.0002684 secs]
39.350: [GC 39.350: [DefNew: 519K->7K(576K), 0.0001917 secs] 5762K->5251K(8116K), 0.0002340 secs]
39.358: [GC 39.358: [DefNew: 519K->7K(576K), 0.0002302 secs] 5763K->5252K(8116K), 0.0002766 secs]
39.365: [GC 39.365: [DefNew: 519K->7K(576K), 0.0001772 secs] 5764K->5252K(8116K), 0.0002178 secs]
39.372: [GC 39.372: [DefNew: 519K->7K(576K), 0.0002061 secs] 5764K->5252K(8116K), 0.0002508 secs]
39.379: [GC 39.379: [DefNew: 519K->7K(576K), 0.0001916 secs] 5764K->5253K(8116K), 0.0002337 secs]
39.386: [GC 39.386: [DefNew: 519K->7K(576K), 0.0002139 secs] 5765K->5253K(8116K), 0.0002553 secs]
39.393: [GC 39.393: [DefNew: 519K->7K(576K), 0.0001849 secs] 5765K->5254K(8116K), 0.0002255 secs]
39.400: [GC 39.400: [DefNew: 519K->7K(576K), 0.0001897 secs] 5766K->5254K(8116K), 0.0002333 secs]
39.408: [GC 39.408: [DefNew: 519K->7K(576K), 0.0002232 secs] 5766K->5255K(8116K), 0.0002700 secs]
39.415: [GC 39.415: [DefNew: 519K->7K(576K), 0.0002397 secs] 5767K->5255K(8116K), 0.0002818 secs]
39.422: [GC 39.422: [DefNew: 519K->7K(576K), 0.0002116 secs] 5767K->5256K(8116K), 0.0002569 secs]
39.429: [GC 39.429: [DefNew: 519K->7K(576K), 0.0001850 secs] 5768K->5257K(8116K), 0.0002267 secs]
39.436: [GC 39.436: [DefNew: 519K->7K(576K), 0.0002082 secs] 5769K->5257K(8116K), 0.0002538 secs]
39.443: [GC 39.443: [DefNew: 519K->7K(576K), 0.0001933 secs] 5769K->5257K(8116K), 0.0002431 secs]
39.450: [GC 39.450: [DefNew: 519K->7K(576K), 0.0001853 secs] 5769K->5258K(8116K), 0.0002270 secs]
39.456: [GC 39.456: [DefNew: 519K->7K(576K), 0.0001814 secs] 5770K->5259K(8116K), 0.0002219 secs]
39.464: [GC 39.464: [DefNew: 519K->7K(576K), 0.0001989 secs] 5771K->5259K(8116K), 0.0002427 secs]
39.471: [GC 39.471: [DefNew: 519K->7K(576K), 0.0001831 secs] 5771K->5259K(8116K), 0.0002236 secs]
39.478: [GC 39.478: [DefNew: 519K->7K(576K), 0.0002164 secs] 5771K->5260K(8116K), 0.0002638 secs]
39.485: [GC 39.485: [DefNew: 519K->7K(576K), 0.0001862 secs] 5772K->5261K(8116K), 0.0002273 secs]
39.492: [GC 39.492: [DefNew: 519K->7K(576K), 0.0001745 secs] 5773K->5261K(8116K), 0.0002144 secs]
39.499: [GC 39.499: [DefNew: 519K->7K(576K), 0.0001953 secs] 5773K->5261K(8116K), 0.0002577 secs]
39.506: [GC 39.506: [DefNew: 519K->7K(576K), 0.0001792 secs] 5773K->5262K(8116K), 0.0002215 secs]
39.513: [GC 39.513: [DefNew: 519K->7K(576K), 0.0002040 secs] 5774K->5263K(8116K), 0.0002493 secs]
39.520: [GC 39.520: [DefNew: 519K->7K(576K), 0.0001907 secs] 5775K->5263K(8116K), 0.0002316 secs]
39.527: [GC 39.527: [DefNew: 519K->7K(576K), 0.0001951 secs] 5775K->5263K(8116K), 0.0002378 secs]
39.534: [GC 39.534: [DefNew: 519K->7K(576K), 0.0002216 secs] 5775K->5264K(8116K), 0.0002687 secs]
39.542: [GC 39.542: [DefNew: 519K->7K(576K), 0.0002201 secs] 5776K->5265K(8116K), 0.0002663 secs]
39.548: [GC 39.548: [DefNew: 519K->7K(576K), 0.0002021 secs] 5777K->5265K(8116K), 0.0002464 secs]
39.556: [GC 39.556: [DefNew: 519K->8K(576K), 0.0002111 secs] 5777K->5266K(8116K), 0.0002573 secs]
39.563: [GC 39.563: [DefNew: 520K->7K(576K), 0.0002310 secs] 5778K->5266K(8116K), 0.0003019 secs]
39.570: [GC 39.570: [DefNew: 519K->7K(576K), 0.0002098 secs] 5778K->5267K(8116K), 0.0002543 secs]
39.577: [GC 39.577: [DefNew: 519K->7K(576K), 0.0001907 secs] 5779K->5267K(8116K), 0.0002343 secs]
39.584: [GC 39.584: [DefNew: 519K->7K(576K), 0.0002300 secs] 5779K->5268K(8116K), 0.0002748 secs]
39.591: [GC 39.591: [DefNew: 519K->7K(576K), 0.0002181 secs] 5780K->5268K(8116K), 0.0002640 secs]
39.598: [GC 39.598: [DefNew: 519K->7K(576K), 0.0001773 secs] 5780K->5269K(8116K), 0.0002176 secs]
39.605: [GC 39.605: [DefNew: 519K->7K(576K), 0.0002032 secs] 5781K->5269K(8116K), 0.0002486 secs]
39.612: [GC 39.612: [DefNew: 519K->7K(576K), 0.0001906 secs] 5781K->5270K(8116K), 0.0002314 secs]
39.619: [GC 39.619: [DefNew: 519K->7K(576K), 0.0002186 secs] 5782K->5270K(8116K), 0.0002747 secs]
39.626: [GC 39.626: [DefNew: 519K->7K(576K), 0.0001750 secs] 5782K->5271K(8116K), 0.0002160 secs]
39.633: [GC 39.633: [DefNew: 519K->8K(576K), 0.0001828 secs] 5783K->5271K(8116K), 0.0002238 secs]
39.640: [GC 39.640: [DefNew: 520K->7K(576K), 0.0002314 secs] 5783K->5272K(8116K), 0.0002782 secs]
39.647: [GC 39.647: [DefNew: 519K->7K(576K), 0.0002048 secs] 5784K->5272K(8116K), 0.0002503 secs]
39.655: [GC 39.655: [DefNew: 519K->7K(576K), 0.0001967 secs] 5784K->5273K(8116K), 0.0002403 secs]
39.662: [GC 39.662: [DefNew: 519K->7K(576K), 0.0001877 secs] 5785K->5273K(8116K), 0.0002299 secs]
39.669: [GC 39.669: [DefNew: 519K->7K(576K), 0.0002258 secs] 5785K->5274K(8116K), 0.0002749 secs]
39.676: [GC 39.676: [DefNew: 519K->7K(576K), 0.0001801 secs] 5786K->5274K(8116K), 0.0002205 secs]
39.683: [GC 39.683: [DefNew: 519K->8K(576K), 0.0002046 secs] 5786K->5275K(8116K), 0.0002500 secs]
39.690: [GC 39.690: [DefNew: 520K->7K(576K), 0.0002175 secs] 5787K->5275K(8116K), 0.0002635 secs]
39.697: [GC 39.697: [DefNew: 519K->7K(576K), 0.0001870 secs] 5787K->5276K(8116K), 0.0002292 secs]
39.705: [GC 39.705: [DefNew: 519K->7K(576K), 0.0002262 secs] 5788K->5276K(8116K), 0.0002737 secs]
39.712: [GC 39.712: [DefNew: 519K->8K(576K), 0.0002358 secs] 5788K->5277K(8116K), 0.0002844 secs]
39.719: [GC 39.719: [DefNew: 520K->7K(576K), 0.0001916 secs] 5789K->5277K(8116K), 0.0002421 secs]
39.726: [GC 39.726: [DefNew: 519K->7K(576K), 0.0002040 secs] 5789K->5278K(8116K), 0.0002485 secs]
39.733: [GC 39.734: [DefNew: 519K->7K(576K), 0.0002309 secs] 5790K->5278K(8116K), 0.0002777 secs]
39.741: [GC 39.741: [DefNew: 519K->7K(576K), 0.0001923 secs] 5790K->5279K(8116K), 0.0002342 secs]
39.748: [GC 39.748: [DefNew: 519K->7K(576K), 0.0002307 secs] 5791K->5279K(8116K), 0.0002774 secs]
39.755: [GC 39.755: [DefNew: 519K->7K(576K), 0.0002090 secs] 5791K->5280K(8116K), 0.0002544 secs]
39.762: [GC 39.762: [DefNew: 519K->8K(576K), 0.0002436 secs] 5792K->5281K(8116K), 0.0002907 secs]
39.769: [GC 39.769: [DefNew: 520K->7K(576K), 0.0002105 secs] 5793K->5281K(8116K), 0.0002544 secs]
39.776: [GC 39.776: [DefNew: 519K->7K(576K), 0.0002185 secs] 5793K->5281K(8116K), 0.0002647 secs]
39.783: [GC 39.783: [DefNew: 519K->7K(576K), 0.0002112 secs] 5793K->5282K(8116K), 0.0002562 secs]
39.790: [GC 39.790: [DefNew: 519K->8K(576K), 0.0001952 secs] 5794K->5283K(8116K), 0.0002395 secs]
39.799: [GC 39.799: [DefNew: 520K->7K(576K), 0.0002359 secs] 5795K->5283K(8116K), 0.0002837 secs]
39.806: [GC 39.806: [DefNew: 519K->7K(576K), 0.0002265 secs] 5795K->5283K(8116K), 0.0002745 secs]
39.813: [GC 39.813: [DefNew: 519K->8K(576K), 0.0002140 secs] 5795K->5284K(8116K), 0.0002596 secs]
39.820: [GC 39.820: [DefNew: 520K->7K(576K), 0.0002286 secs] 5796K->5285K(8116K), 0.0002742 secs]
39.827: [GC 39.827: [DefNew: 519K->7K(576K), 0.0002167 secs] 5797K->5285K(8116K), 0.0002624 secs]
39.834: [GC 39.834: [DefNew: 519K->7K(576K), 0.0001772 secs] 5797K->5285K(8116K), 0.0002256 secs]
39.842: [GC 39.842: [DefNew: 519K->8K(576K), 0.0002381 secs] 5797K->5286K(8116K), 0.0002864 secs]
39.849: [GC 39.849: [DefNew: 520K->7K(576K), 0.0002226 secs] 5798K->5287K(8116K), 0.0002694 secs]
39.856: [GC 39.856: [DefNew: 519K->7K(576K), 0.0002101 secs] 5799K->5287K(8116K), 0.0002556 secs]
39.863: [GC 39.863: [DefNew: 519K->8K(576K), 0.0002266 secs] 5799K->5288K(8116K), 0.0002738 secs]
39.871: [GC 39.871: [DefNew: 520K->8K(576K), 0.0002671 secs] 5800K->5288K(8116K), 0.0003138 secs]
39.878: [GC 39.878: [DefNew: 520K->7K(576K), 0.0002071 secs] 5800K->5289K(8116K), 0.0002525 secs]
39.885: [GC 39.885: [DefNew: 519K->7K(576K), 0.0001891 secs] 5801K->5289K(8116K), 0.0002312 secs]
39.892: [GC 39.892: [DefNew: 519K->8K(576K), 0.0002168 secs] 5801K->5290K(8116K), 0.0002629 secs]
39.900: [GC 39.900: [DefNew: 520K->7K(576K), 0.0002271 secs] 5802K->5290K(8116K), 0.0002761 secs]
39.907: [GC 39.907: [DefNew: 519K->7K(576K), 0.0001972 secs] 5802K->5291K(8116K), 0.0002411 secs]
39.914: [GC 39.914: [DefNew: 519K->8K(576K), 0.0002095 secs] 5803K->5292K(8116K), 0.0002544 secs]
39.921: [GC 39.921: [DefNew: 520K->7K(576K), 0.0002329 secs] 5804K->5292K(8116K), 0.0002795 secs]
39.928: [GC 39.928: [DefNew: 519K->7K(576K), 0.0001799 secs] 5804K->5292K(8116K), 0.0002201 secs]
39.935: [GC 39.936: [DefNew: 519K->7K(576K), 0.0002200 secs] 5804K->5293K(8116K), 0.0002664 secs]
39.943: [GC 39.943: [DefNew: 519K->8K(576K), 0.0002444 secs] 5805K->5294K(8116K), 0.0002914 secs]
39.950: [GC 39.950: [DefNew: 520K->8K(576K), 0.0002269 secs] 5806K->5294K(8116K), 0.0002737 secs]
39.957: [GC 39.957: [DefNew: 520K->7K(576K), 0.0002072 secs] 5806K->5294K(8116K), 0.0002509 secs]
39.964: [GC 39.964: [DefNew: 519K->8K(576K), 0.0002222 secs] 5806K->5295K(8116K), 0.0002681 secs]
39.971: [GC 39.971: [DefNew: 520K->7K(576K), 0.0002248 secs] 5807K->5296K(8116K), 0.0002715 secs]
39.978: [GC 39.978: [DefNew: 519K->7K(576K), 0.0002151 secs] 5808K->5296K(8116K), 0.0002600 secs]
39.985: [GC 39.985: [DefNew: 519K->7K(576K), 0.0002206 secs] 5808K->5296K(8116K), 0.0002680 secs]
39.992: [GC 39.992: [DefNew: 519K->8K(576K), 0.0002152 secs] 5808K->5297K(8116K), 0.0002913 secs]
39.999: [GC 39.999: [DefNew: 520K->8K(576K), 0.0002232 secs] 5809K->5298K(8116K), 0.0002698 secs]
40.006: [GC 40.006: [DefNew: 520K->7K(576K), 0.0002054 secs] 5810K->5298K(8116K), 0.0002502 secs]
40.014: [GC 40.014: [DefNew: 519K->8K(576K), 0.0002254 secs] 5810K->5299K(8116K), 0.0002752 secs]
40.021: [GC 40.021: [DefNew: 520K->8K(576K), 0.0002151 secs] 5811K->5299K(8116K), 0.0003443 secs]
40.028: [GC 40.028: [DefNew: 520K->7K(576K), 0.0002290 secs] 5811K->5300K(8116K), 0.0002753 secs]
40.035: [GC 40.035: [DefNew: 519K->7K(576K), 0.0002108 secs] 5812K->5300K(8116K), 0.0002558 secs]
40.042: [GC 40.042: [DefNew: 519K->8K(576K), 0.0001936 secs] 5812K->5301K(8116K), 0.0002357 secs]
40.049: [GC 40.049: [DefNew: 520K->8K(576K), 0.0002275 secs] 5813K->5301K(8116K), 0.0002749 secs]
40.057: [GC 40.057: [DefNew: 520K->7K(576K), 0.0002293 secs] 5813K->5302K(8116K), 0.0002789 secs]
40.064: [GC 40.064: [DefNew: 519K->8K(576K), 0.0002143 secs] 5814K->5302K(8116K), 0.0002606 secs]
40.071: [GC 40.071: [DefNew: 520K->8K(576K), 0.0002173 secs] 5814K->5303K(8116K), 0.0002635 secs]
40.078: [GC 40.078: [DefNew: 520K->7K(576K), 0.0002203 secs] 5815K->5303K(8116K), 0.0002657 secs]
40.085: [GC 40.085: [DefNew: 519K->7K(576K), 0.0001831 secs] 5815K->5304K(8116K), 0.0002239 secs]
40.093: [GC 40.093: [DefNew: 519K->8K(576K), 0.0002184 secs] 5816K->5305K(8116K), 0.0002639 secs]
40.100: [GC 40.100: [DefNew: 520K->8K(576K), 0.0002114 secs] 5817K->5305K(8116K), 0.0002574 secs]
40.107: [GC 40.107: [DefNew: 520K->7K(576K), 0.0002233 secs] 5817K->5305K(8116K), 0.0002692 secs]
40.114: [GC 40.114: [DefNew: 519K->8K(576K), 0.0002097 secs] 5817K->5306K(8116K), 0.0002548 secs]
40.121: [GC 40.121: [DefNew: 520K->8K(576K), 0.0002296 secs] 5818K->5307K(8116K), 0.0002759 secs]
40.128: [GC 40.128: [DefNew: 520K->7K(576K), 0.0001863 secs] 5819K->5307K(8116K), 0.0002272 secs]
40.135: [GC 40.135: [DefNew: 519K->7K(576K), 0.0001890 secs] 5819K->5308K(8116K), 0.0002303 secs]
40.142: [GC 40.142: [DefNew: 519K->8K(576K), 0.0002053 secs] 5820K->5308K(8116K), 0.0002499 secs]
40.150: [GC 40.150: [DefNew: 520K->8K(576K), 0.0002317 secs] 5820K->5309K(8116K), 0.0002814 secs]
40.158: [GC 40.158: [DefNew: 520K->7K(576K), 0.0002291 secs] 5821K->5309K(8116K), 0.0002768 secs]
40.165: [GC 40.165: [DefNew: 519K->8K(576K), 0.0001884 secs] 5821K->5310K(8116K), 0.0002310 secs]
40.172: [GC 40.172: [DefNew: 520K->8K(576K), 0.0001810 secs] 5822K->5310K(8116K), 0.0002213 secs]
40.180: [GC 40.180: [DefNew: 520K->7K(576K), 0.0002209 secs] 5822K->5311K(8116K), 0.0002678 secs]
40.187: [GC 40.188: [DefNew: 519K->7K(576K), 0.0002237 secs] 5823K->5311K(8116K), 0.0002709 secs]
40.194: [GC 40.195: [DefNew: 519K->8K(576K), 0.0001884 secs] 5823K->5312K(8116K), 0.0002287 secs]
40.202: [GC 40.202: [DefNew: 520K->8K(576K), 0.0002465 secs] 5824K->5313K(8116K), 0.0002978 secs]
40.209: [GC 40.210: [DefNew: 520K->7K(576K), 0.0002190 secs] 5825K->5313K(8116K), 0.0002656 secs]
40.217: [GC 40.217: [DefNew: 519K->8K(576K), 0.0002256 secs] 5825K->5314K(8116K), 0.0002730 secs]
40.225: [GC 40.225: [DefNew: 520K->8K(576K), 0.0001807 secs] 5826K->5314K(8116K), 0.0002216 secs]
40.231: [GC 40.231: [DefNew: 520K->7K(576K), 0.0001842 secs] 5826K->5315K(8116K), 0.0002251 secs]
40.240: [GC 40.240: [DefNew: 519K->8K(576K), 0.0002243 secs] 5827K->5315K(8116K), 0.0002712 secs]
40.249: [GC 40.249: [DefNew: 520K->8K(576K), 0.0002294 secs] 5827K->5316K(8116K), 0.0002762 secs]
40.256: [GC 40.256: [DefNew: 520K->8K(576K), 0.0002320 secs] 5828K->5316K(8116K), 0.0002790 secs]
40.264: [GC 40.264: [DefNew: 520K->7K(576K), 0.0002221 secs] 5828K->5317K(8116K), 0.0002686 secs]
40.271: [GC 40.271: [DefNew: 519K->8K(576K), 0.0002227 secs] 5829K->5317K(8116K), 0.0002693 secs]
40.279: [GC 40.279: [DefNew: 520K->8K(576K), 0.0002263 secs] 5829K->5318K(8116K), 0.0002731 secs]
40.286: [GC 40.286: [DefNew: 520K->7K(576K), 0.0002122 secs] 5830K->5318K(8116K), 0.0002670 secs]
40.293: [GC 40.293: [DefNew: 519K->8K(576K), 0.0001948 secs] 5830K->5319K(8116K), 0.0002361 secs]
40.300: [GC 40.300: [DefNew: 520K->8K(576K), 0.0002161 secs] 5831K->5320K(8116K), 0.0002624 secs]
40.308: [GC 40.308: [DefNew: 520K->8K(576K), 0.0002400 secs] 5832K->5320K(8116K), 0.0003027 secs]
40.315: [GC 40.315: [DefNew: 520K->8K(576K), 0.0001719 secs] 5832K->5320K(8116K), 0.0002107 secs]
40.322: [GC 40.322: [DefNew: 520K->8K(576K), 0.0002187 secs] 5832K->5321K(8116K), 0.0002653 secs]
40.329: [GC 40.329: [DefNew: 520K->8K(576K), 0.0002232 secs] 5833K->5322K(8116K), 0.0002693 secs]
40.336: [GC 40.336: [DefNew: 520K->8K(576K), 0.0001799 secs] 5834K->5322K(8116K), 0.0002204 secs]
40.343: [GC 40.343: [DefNew: 520K->8K(576K), 0.0002114 secs] 5834K->5322K(8116K), 0.0002574 secs]
40.350: [GC 40.350: [DefNew: 520K->8K(576K), 0.0002353 secs] 5834K->5323K(8116K), 0.0002849 secs]
40.358: [GC 40.358: [DefNew: 520K->8K(576K), 0.0002307 secs] 5835K->5324K(8116K), 0.0002778 secs]
40.365: [GC 40.365: [DefNew: 520K->8K(576K), 0.0001795 secs] 5836K->5324K(8116K), 0.0002208 secs]
40.372: [GC 40.372: [DefNew: 520K->8K(576K), 0.0002310 secs] 5836K->5325K(8116K), 0.0002800 secs]
40.379: [GC 40.379: [DefNew: 520K->8K(576K), 0.0002269 secs] 5837K->5325K(8116K), 0.0002751 secs]
40.387: [GC 40.387: [DefNew: 520K->8K(576K), 0.0002241 secs] 5837K->5326K(8116K), 0.0002713 secs]
40.393: [GC 40.393: [DefNew: 520K->8K(576K), 0.0002040 secs] 5838K->5326K(8116K), 0.0002462 secs]
40.400: [GC 40.401: [DefNew: 520K->8K(576K), 0.0001873 secs] 5838K->5327K(8116K), 0.0002287 secs]
40.408: [GC 40.408: [DefNew: 520K->8K(576K), 0.0002247 secs] 5839K->5327K(8116K), 0.0002718 secs]
40.417: [GC 40.417: [DefNew: 520K->8K(576K), 0.0002345 secs] 5839K->5328K(8116K), 0.0002830 secs]
40.424: [GC 40.424: [DefNew: 520K->8K(576K), 0.0003454 secs] 5840K->5329K(8116K), 0.0004060 secs]
40.432: [GC 40.432: [DefNew: 520K->8K(576K), 0.0002362 secs] 5841K->5329K(8116K), 0.0002853 secs]
40.439: [GC 40.439: [DefNew: 520K->7K(576K), 0.0001923 secs] 5841K->5329K(8116K), 0.0002353 secs]
40.446: [GC 40.446: [DefNew: 519K->8K(576K), 0.0002212 secs] 5841K->5330K(8116K), 0.0002682 secs]
40.453: [GC 40.453: [DefNew: 520K->8K(576K), 0.0002119 secs] 5842K->5331K(8116K), 0.0002564 secs]
40.460: [GC 40.460: [DefNew: 520K->7K(576K), 0.0001866 secs] 5843K->5331K(8116K), 0.0002260 secs]
40.467: [GC 40.468: [DefNew: 519K->8K(576K), 0.0002073 secs] 5843K->5332K(8116K), 0.0002522 secs]
40.475: [GC 40.475: [DefNew: 520K->8K(576K), 0.0001836 secs] 5844K->5333K(8116K), 0.0002240 secs]
40.481: [GC 40.481: [DefNew: 520K->8K(576K), 0.0002179 secs] 5845K->5333K(8116K), 0.0002638 secs]
40.489: [GC 40.489: [DefNew: 520K->8K(576K), 0.0002240 secs] 5845K->5333K(8116K), 0.0002703 secs]
40.496: [GC 40.496: [DefNew: 520K->8K(576K), 0.0002252 secs] 5845K->5334K(8116K), 0.0002720 secs]
40.503: [GC 40.503: [DefNew: 520K->8K(576K), 0.0001797 secs] 5846K->5335K(8116K), 0.0002192 secs]
40.510: [GC 40.510: [DefNew: 520K->8K(576K), 0.0001888 secs] 5847K->5335K(8116K), 0.0002311 secs]
40.517: [GC 40.517: [DefNew: 520K->8K(576K), 0.0001821 secs] 5847K->5335K(8116K), 0.0002235 secs]
40.524: [GC 40.524: [DefNew: 520K->8K(576K), 0.0001959 secs] 5847K->5336K(8116K), 0.0002378 secs]
40.532: [GC 40.532: [DefNew: 520K->8K(576K), 0.0002299 secs] 5848K->5337K(8116K), 0.0002775 secs]
40.540: [GC 40.540: [DefNew: 520K->8K(576K), 0.0002123 secs] 5849K->5337K(8116K), 0.0002600 secs]
40.549: [GC 40.549: [DefNew: 520K->8K(576K), 0.0002271 secs] 5849K->5338K(8116K), 0.0002759 secs]
40.556: [GC 40.556: [DefNew: 520K->8K(576K), 0.0002250 secs] 5850K->5338K(8116K), 0.0002726 secs]
40.564: [GC 40.564: [DefNew: 520K->8K(576K), 0.0002267 secs] 5850K->5339K(8116K), 0.0002758 secs]
40.572: [GC 40.572: [DefNew: 520K->8K(576K), 0.0002238 secs] 5851K->5339K(8116K), 0.0002718 secs]
40.580: [GC 40.580: [DefNew: 520K->8K(576K), 0.0002287 secs] 5851K->5340K(8116K), 0.0002774 secs]
40.588: [GC 40.588: [DefNew: 520K->8K(576K), 0.0002463 secs] 5852K->5340K(8116K), 0.0002957 secs]
40.596: [GC 40.596: [DefNew: 520K->8K(576K), 0.0003542 secs] 5852K->5341K(8116K), 0.0004242 secs]
40.604: [GC 40.604: [DefNew: 520K->8K(576K), 0.0003654 secs] 5853K->5342K(8116K), 0.0004336 secs]
40.612: [GC 40.612: [DefNew: 520K->8K(576K), 0.0002583 secs] 5854K->5342K(8116K), 0.0003076 secs]
40.619: [GC 40.619: [DefNew: 520K->8K(576K), 0.0002013 secs] 5854K->5342K(8116K), 0.0002453 secs]
40.627: [GC 40.627: [DefNew: 520K->8K(576K), 0.0002181 secs] 5854K->5343K(8116K), 0.0002637 secs]
40.634: [GC 40.634: [DefNew: 520K->8K(576K), 0.0002318 secs] 5855K->5344K(8116K), 0.0002813 secs]
40.641: [GC 40.641: [DefNew: 520K->8K(576K), 0.0002180 secs] 5856K->5344K(8116K), 0.0002711 secs]
40.652: [GC 40.652: [DefNew: 520K->8K(576K), 0.0002311 secs] 5856K->5345K(8116K), 0.0002798 secs]
40.659: [GC 40.659: [DefNew: 520K->8K(576K), 0.0002363 secs] 5857K->5346K(8116K), 0.0002861 secs]
40.667: [GC 40.668: [DefNew: 520K->8K(576K), 0.0002421 secs] 5858K->5346K(8116K), 0.0002923 secs]
40.675: [GC 40.675: [DefNew: 520K->8K(576K), 0.0002435 secs] 5858K->5346K(8116K), 0.0002923 secs]
40.682: [GC 40.682: [DefNew: 520K->8K(576K), 0.0002780 secs] 5858K->5347K(8116K), 0.0003318 secs]
40.690: [GC 40.690: [DefNew: 520K->8K(576K), 0.0002385 secs] 5859K->5348K(8116K), 0.0002884 secs]
40.697: [GC 40.697: [DefNew: 520K->8K(576K), 0.0002456 secs] 5860K->5348K(8116K), 0.0002947 secs]
40.705: [GC 40.705: [DefNew: 520K->8K(576K), 0.0002619 secs] 5860K->5349K(8116K), 0.0003117 secs]
40.713: [GC 40.713: [DefNew: 520K->8K(576K), 0.0002519 secs] 5861K->5349K(8116K), 0.0003014 secs]
40.720: [GC 40.720: [DefNew: 520K->8K(576K), 0.0002499 secs] 5861K->5350K(8116K), 0.0003009 secs]
40.728: [GC 40.728: [DefNew: 520K->8K(576K), 0.0002440 secs] 5862K->5350K(8116K), 0.0002936 secs]
40.736: [GC 40.736: [DefNew: 520K->8K(576K), 0.0002426 secs] 5862K->5351K(8116K), 0.0002927 secs]
40.744: [GC 40.744: [DefNew: 520K->8K(576K), 0.0002487 secs] 5863K->5351K(8116K), 0.0002981 secs]
40.751: [GC 40.751: [DefNew: 520K->8K(576K), 0.0002537 secs] 5863K->5352K(8116K), 0.0003034 secs]
40.759: [GC 40.759: [DefNew: 520K->8K(576K), 0.0002470 secs] 5864K->5353K(8116K), 0.0002969 secs]
40.766: [GC 40.766: [DefNew: 520K->8K(576K), 0.0002413 secs] 5865K->5353K(8116K), 0.0002899 secs]
40.773: [GC 40.773: [DefNew: 520K->8K(576K), 0.0002439 secs] 5865K->5353K(8116K), 0.0002937 secs]
40.781: [GC 40.781: [DefNew: 520K->8K(576K), 0.0002413 secs] 5865K->5354K(8116K), 0.0002900 secs]
40.789: [GC 40.789: [DefNew: 520K->8K(576K), 0.0002450 secs] 5866K->5355K(8116K), 0.0002939 secs]
40.797: [GC 40.797: [DefNew: 520K->8K(576K), 0.0002462 secs] 5867K->5355K(8116K), 0.0002965 secs]
40.804: [GC 40.804: [DefNew: 520K->8K(576K), 0.0002307 secs] 5867K->5356K(8116K), 0.0002779 secs]
40.812: [GC 40.812: [DefNew: 520K->8K(576K), 0.0002539 secs] 5868K->5357K(8116K), 0.0003041 secs]
40.820: [GC 40.820: [DefNew: 520K->8K(576K), 0.0002842 secs] 5869K->5357K(8116K), 0.0003337 secs]
40.828: [GC 40.828: [DefNew: 520K->8K(576K), 0.0002374 secs] 5869K->5357K(8116K), 0.0002856 secs]
40.835: [GC 40.835: [DefNew: 520K->8K(576K), 0.0002356 secs] 5869K->5358K(8116K), 0.0002850 secs]
40.843: [GC 40.843: [DefNew: 520K->8K(576K), 0.0002430 secs] 5870K->5359K(8116K), 0.0002926 secs]
40.850: [GC 40.850: [DefNew: 520K->8K(576K), 0.0002413 secs] 5871K->5359K(8116K), 0.0002897 secs]
40.860: [GC 40.860: [DefNew: 520K->8K(576K), 0.0002347 secs] 5871K->5360K(8116K), 0.0002846 secs]
40.867: [GC 40.867: [DefNew: 520K->8K(576K), 0.0002418 secs] 5872K->5360K(8116K), 0.0002898 secs]
40.874: [GC 40.874: [DefNew: 520K->8K(576K), 0.0002595 secs] 5872K->5361K(8116K), 0.0003093 secs]
40.883: [GC 40.883: [DefNew: 520K->8K(576K), 0.0002494 secs] 5873K->5361K(8116K), 0.0003041 secs]
40.891: [GC 40.891: [DefNew: 520K->8K(576K), 0.0002253 secs] 5873K->5362K(8116K), 0.0002719 secs]
40.898: [GC 40.898: [DefNew: 520K->8K(576K), 0.0002251 secs] 5874K->5362K(8116K), 0.0002736 secs]
40.906: [GC 40.906: [DefNew: 520K->8K(576K), 0.0002938 secs] 5874K->5363K(8116K), 0.0003488 secs]
40.914: [GC 40.914: [DefNew: 520K->8K(576K), 0.0002482 secs] 5875K->5364K(8116K), 0.0002986 secs]
40.922: [GC 40.922: [DefNew: 520K->8K(576K), 0.0002394 secs] 5876K->5364K(8116K), 0.0002890 secs]
40.930: [GC 40.930: [DefNew: 520K->8K(576K), 0.0002669 secs] 5876K->5364K(8116K), 0.0003190 secs]
40.937: [GC 40.937: [DefNew: 520K->8K(576K), 0.0002433 secs] 5876K->5365K(8116K), 0.0002922 secs]
40.945: [GC 40.945: [DefNew: 520K->8K(576K), 0.0002114 secs] 5877K->5366K(8116K), 0.0002576 secs]
40.954: [GC 40.954: [DefNew: 520K->8K(576K), 0.0002374 secs] 5878K->5366K(8116K), 0.0002872 secs]
40.961: [GC 40.961: [DefNew: 520K->8K(576K), 0.0001980 secs] 5878K->5367K(8116K), 0.0002422 secs]
40.969: [GC 40.969: [DefNew: 520K->8K(576K), 0.0002293 secs] 5879K->5368K(8116K), 0.0002791 secs]
40.976: [GC 40.977: [DefNew: 520K->8K(576K), 0.0002027 secs] 5880K->5368K(8116K), 0.0002466 secs]
40.985: [GC 40.985: [DefNew: 520K->8K(576K), 0.0002218 secs] 5880K->5368K(8116K), 0.0002691 secs]
40.992: [GC 40.992: [DefNew: 520K->8K(576K), 0.0002301 secs] 5880K->5369K(8116K), 0.0002783 secs]
41.000: [GC 41.000: [DefNew: 520K->8K(576K), 0.0002488 secs] 5881K->5370K(8116K), 0.0002998 secs]
41.007: [GC 41.007: [DefNew: 520K->8K(576K), 0.0002311 secs] 5882K->5370K(8116K), 0.0002793 secs]
41.016: [GC 41.016: [DefNew: 520K->8K(576K), 0.0002895 secs] 5882K->5371K(8116K), 0.0003403 secs]
41.023: [GC 41.023: [DefNew: 520K->8K(576K), 0.0002199 secs] 5883K->5371K(8116K), 0.0002638 secs]
41.030: [GC 41.030: [DefNew: 520K->8K(576K), 0.0002031 secs] 5883K->5372K(8116K), 0.0002474 secs]
41.037: [GC 41.037: [DefNew: 520K->8K(576K), 0.0001811 secs] 5884K->5372K(8116K), 0.0002205 secs]
41.045: [GC 41.045: [DefNew: 520K->8K(576K), 0.0002239 secs] 5884K->5373K(8116K), 0.0002712 secs]
41.052: [GC 41.052: [DefNew: 520K->8K(576K), 0.0002076 secs] 5885K->5374K(8116K), 0.0002522 secs]
41.059: [GC 41.059: [DefNew: 520K->8K(576K), 0.0002266 secs] 5886K->5374K(8116K), 0.0002744 secs]
41.066: [GC 41.066: [DefNew: 520K->8K(576K), 0.0001956 secs] 5886K->5375K(8116K), 0.0002401 secs]
41.074: [GC 41.074: [DefNew: 520K->8K(576K), 0.0002404 secs] 5887K->5375K(8116K), 0.0002904 secs]
41.081: [GC 41.082: [DefNew: 520K->8K(576K), 0.0002308 secs] 5887K->5376K(8116K), 0.0002794 secs]
41.089: [GC 41.089: [DefNew: 520K->8K(576K), 0.0002329 secs] 5888K->5377K(8116K), 0.0002816 secs]
41.097: [GC 41.097: [DefNew: 520K->9K(576K), 0.0002244 secs] 5889K->5377K(8116K), 0.0002717 secs]
41.105: [GC 41.105: [DefNew: 521K->8K(576K), 0.0002269 secs] 5889K->5377K(8116K), 0.0002746 secs]
41.112: [GC 41.112: [DefNew: 520K->8K(576K), 0.0002242 secs] 5889K->5378K(8116K), 0.0002704 secs]
41.120: [GC 41.120: [DefNew: 520K->8K(576K), 0.0002290 secs] 5890K->5379K(8116K), 0.0002762 secs]
41.127: [GC 41.127: [DefNew: 520K->8K(576K), 0.0002252 secs] 5891K->5379K(8116K), 0.0002716 secs]
41.134: [GC 41.134: [DefNew: 520K->8K(576K), 0.0002195 secs] 5891K->5379K(8116K), 0.0002656 secs]
41.143: [GC 41.143: [DefNew: 520K->8K(576K), 0.0002341 secs] 5891K->5381K(8116K), 0.0002814 secs]
41.150: [GC 41.150: [DefNew: 520K->9K(576K), 0.0002525 secs] 5893K->5381K(8116K), 0.0003031 secs]
41.158: [GC 41.158: [DefNew: 521K->8K(576K), 0.0002291 secs] 5893K->5381K(8116K), 0.0002770 secs]
41.165: [GC 41.165: [DefNew: 520K->9K(576K), 0.0002286 secs] 5893K->5382K(8116K), 0.0002778 secs]
41.173: [GC 41.174: [DefNew: 521K->8K(576K), 0.0002220 secs] 5894K->5383K(8116K), 0.0002703 secs]
41.181: [GC 41.181: [DefNew: 520K->8K(576K), 0.0002504 secs] 5895K->5383K(8116K), 0.0002991 secs]
41.189: [GC 41.189: [DefNew: 520K->8K(576K), 0.0002486 secs] 5895K->5384K(8116K), 0.0003186 secs]
41.196: [GC 41.196: [DefNew: 520K->9K(576K), 0.0002411 secs] 5896K->5384K(8116K), 0.0002916 secs]
41.204: [GC 41.204: [DefNew: 521K->8K(576K), 0.0002359 secs] 5896K->5385K(8116K), 0.0002841 secs]
41.212: [GC 41.212: [DefNew: 520K->8K(576K), 0.0002527 secs] 5897K->5386K(8116K), 0.0003204 secs]
41.220: [GC 41.220: [DefNew: 520K->9K(576K), 0.0002320 secs] 5898K->5386K(8116K), 0.0002803 secs]
41.227: [GC 41.227: [DefNew: 521K->8K(576K), 0.0001933 secs] 5898K->5387K(8116K), 0.0002354 secs]
41.235: [GC 41.235: [DefNew: 520K->8K(576K), 0.0002297 secs] 5899K->5387K(8116K), 0.0002790 secs]
41.243: [GC 41.243: [DefNew: 520K->8K(576K), 0.0002258 secs] 5899K->5388K(8116K), 0.0002730 secs]
41.250: [GC 41.250: [DefNew: 520K->9K(576K), 0.0003507 secs] 5900K->5388K(8116K), 0.0003987 secs]
41.259: [GC 41.259: [DefNew: 521K->8K(576K), 0.0002317 secs] 5900K->5389K(8116K), 0.0002798 secs]
41.267: [GC 41.267: [DefNew: 520K->9K(576K), 0.0002109 secs] 5901K->5390K(8116K), 0.0002568 secs]
41.274: [GC 41.274: [DefNew: 521K->8K(576K), 0.0002033 secs] 5902K->5390K(8116K), 0.0002473 secs]
41.281: [GC 41.281: [DefNew: 520K->8K(576K), 0.0002181 secs] 5902K->5390K(8116K), 0.0002729 secs]
41.288: [GC 41.288: [DefNew: 520K->8K(576K), 0.0002138 secs] 5902K->5391K(8116K), 0.0002597 secs]
41.297: [GC 41.297: [DefNew: 520K->9K(576K), 0.0002236 secs] 5903K->5392K(8116K), 0.0002704 secs]
41.304: [GC 41.304: [DefNew: 521K->8K(576K), 0.0002172 secs] 5904K->5392K(8116K), 0.0002632 secs]
41.314: [GC 41.314: [DefNew: 520K->8K(576K), 0.0002447 secs] 5904K->5393K(8116K), 0.0002962 secs]
41.321: [GC 41.321: [DefNew: 520K->8K(576K), 0.0002388 secs] 5905K->5394K(8116K), 0.0002900 secs]
41.329: [GC 41.329: [DefNew: 520K->8K(576K), 0.0002292 secs] 5906K->5394K(8116K), 0.0002788 secs]
41.337: [GC 41.337: [DefNew: 520K->8K(576K), 0.0002373 secs] 5906K->5394K(8116K), 0.0002877 secs]
41.345: [GC 41.345: [DefNew: 520K->9K(576K), 0.0002373 secs] 5906K->5395K(8116K), 0.0002868 secs]
41.355: [GC 41.355: [DefNew: 521K->9K(576K), 0.0002428 secs] 5907K->5396K(8116K), 0.0002930 secs]
41.362: [GC 41.362: [DefNew: 521K->8K(576K), 0.0002342 secs] 5908K->5396K(8116K), 0.0002827 secs]
41.369: [GC 41.369: [DefNew: 520K->9K(576K), 0.0002298 secs] 5908K->5397K(8116K), 0.0002786 secs]
41.377: [GC 41.377: [DefNew: 521K->9K(576K), 0.0003097 secs] 5909K->5397K(8116K), 0.0003708 secs]
41.386: [GC 41.386: [DefNew: 521K->8K(576K), 0.0002590 secs] 5909K->5398K(8116K), 0.0003126 secs]
41.396: [GC 41.396: [DefNew: 520K->8K(576K), 0.0002358 secs] 5910K->5399K(8116K), 0.0002853 secs]
41.403: [GC 41.403: [DefNew: 520K->9K(576K), 0.0003455 secs] 5911K->5399K(8116K), 0.0003956 secs]
41.411: [GC 41.411: [DefNew: 521K->8K(576K), 0.0002551 secs] 5911K->5400K(8116K), 0.0003040 secs]
41.418: [GC 41.418: [DefNew: 520K->8K(576K), 0.0002126 secs] 5912K->5400K(8116K), 0.0002576 secs]
41.426: [GC 41.426: [DefNew: 520K->8K(576K), 0.0002302 secs] 5912K->5401K(8116K), 0.0002788 secs]
41.434: [GC 41.434: [DefNew: 520K->8K(576K), 0.0002324 secs] 5913K->5401K(8116K), 0.0002797 secs]
41.442: [GC 41.442: [DefNew: 520K->8K(576K), 0.0002293 secs] 5913K->5402K(8116K), 0.0002762 secs]
41.449: [GC 41.449: [DefNew: 520K->9K(576K), 0.0002303 secs] 5914K->5403K(8116K), 0.0002782 secs]
41.457: [GC 41.457: [DefNew: 521K->8K(576K), 0.0002324 secs] 5915K->5403K(8116K), 0.0002804 secs]
41.465: [GC 41.465: [DefNew: 520K->8K(576K), 0.0002386 secs] 5915K->5403K(8116K), 0.0002886 secs]
41.472: [GC 41.472: [DefNew: 520K->8K(576K), 0.0002514 secs] 5915K->5404K(8116K), 0.0003015 secs]
41.480: [GC 41.480: [DefNew: 520K->9K(576K), 0.0002349 secs] 5916K->5405K(8116K), 0.0002851 secs]
41.487: [GC 41.487: [DefNew: 521K->8K(576K), 0.0002332 secs] 5917K->5405K(8116K), 0.0002812 secs]
41.496: [GC 41.496: [DefNew: 520K->8K(576K), 0.0002665 secs] 5917K->5406K(8116K), 0.0003161 secs]
41.503: [GC 41.503: [DefNew: 520K->9K(576K), 0.0002402 secs] 5918K->5407K(8116K), 0.0002913 secs]
41.510: [GC 41.510: [DefNew: 521K->8K(576K), 0.0002317 secs] 5919K->5407K(8116K), 0.0002806 secs]
41.518: [GC 41.518: [DefNew: 520K->8K(576K), 0.0002313 secs] 5919K->5408K(8116K), 0.0002794 secs]
41.525: [GC 41.525: [DefNew: 520K->8K(576K), 0.0002328 secs] 5920K->5408K(8116K), 0.0002801 secs]
41.533: [GC 41.533: [DefNew: 520K->8K(576K), 0.0002428 secs] 5920K->5409K(8116K), 0.0002939 secs]
41.541: [GC 41.541: [DefNew: 520K->8K(576K), 0.0002346 secs] 5921K->5409K(8116K), 0.0002857 secs]
41.549: [GC 41.549: [DefNew: 520K->9K(576K), 0.0002417 secs] 5921K->5410K(8116K), 0.0002920 secs]
41.556: [GC 41.556: [DefNew: 521K->8K(576K), 0.0002379 secs] 5922K->5410K(8116K), 0.0002876 secs]
41.564: [GC 41.564: [DefNew: 520K->8K(576K), 0.0002385 secs] 5922K->5411K(8116K), 0.0002882 secs]
41.572: [GC 41.572: [DefNew: 520K->8K(576K), 0.0002337 secs] 5923K->5412K(8116K), 0.0002833 secs]
41.580: [GC 41.580: [DefNew: 520K->9K(576K), 0.0002316 secs] 5924K->5412K(8116K), 0.0002803 secs]
41.588: [GC 41.588: [DefNew: 521K->8K(576K), 0.0002521 secs] 5924K->5413K(8116K), 0.0003047 secs]
41.595: [GC 41.595: [DefNew: 520K->8K(576K), 0.0002437 secs] 5925K->5413K(8116K), 0.0002930 secs]
41.604: [GC 41.604: [DefNew: 520K->9K(576K), 0.0003620 secs] 5925K->5414K(8116K), 0.0004368 secs]
41.613: [GC 41.613: [DefNew: 521K->8K(576K), 0.0002821 secs] 5926K->5414K(8116K), 0.0003478 secs]
41.622: [GC 41.622: [DefNew: 520K->8K(576K), 0.0002386 secs] 5926K->5415K(8116K), 0.0002890 secs]
41.629: [GC 41.629: [DefNew: 520K->8K(576K), 0.0002253 secs] 5927K->5416K(8116K), 0.0002732 secs]
41.637: [GC 41.637: [DefNew: 520K->8K(576K), 0.0002434 secs] 5928K->5416K(8116K), 0.0002945 secs]
41.644: [GC 41.644: [DefNew: 520K->8K(576K), 0.0002348 secs] 5928K->5416K(8116K), 0.0002837 secs]
41.653: [GC 41.653: [DefNew: 520K->9K(576K), 0.0002477 secs] 5928K->5417K(8116K), 0.0002974 secs]
41.662: [GC 41.662: [DefNew: 521K->8K(576K), 0.0002447 secs] 5929K->5418K(8116K), 0.0002940 secs]
41.669: [GC 41.669: [DefNew: 520K->8K(576K), 0.0002336 secs] 5930K->5418K(8116K), 0.0002825 secs]
41.677: [GC 41.677: [DefNew: 520K->8K(576K), 0.0002379 secs] 5930K->5419K(8116K), 0.0002873 secs]
41.685: [GC 41.685: [DefNew: 520K->8K(576K), 0.0002384 secs] 5931K->5420K(8116K), 0.0002923 secs]
41.693: [GC 41.693: [DefNew: 520K->8K(576K), 0.0002490 secs] 5932K->5420K(8116K), 0.0002989 secs]
41.701: [GC 41.701: [DefNew: 520K->8K(576K), 0.0002473 secs] 5932K->5421K(8116K), 0.0003006 secs]
41.708: [GC 41.708: [DefNew: 520K->9K(576K), 0.0002600 secs] 5933K->5421K(8116K), 0.0003139 secs]
41.717: [GC 41.717: [DefNew: 521K->8K(576K), 0.0002397 secs] 5933K->5422K(8116K), 0.0002900 secs]
41.724: [GC 41.724: [DefNew: 520K->8K(576K), 0.0002271 secs] 5934K->5422K(8116K), 0.0002751 secs]
41.732: [GC 41.732: [DefNew: 520K->8K(576K), 0.0002234 secs] 5934K->5423K(8116K), 0.0002706 secs]
41.740: [GC 41.740: [DefNew: 520K->8K(576K), 0.0002291 secs] 5935K->5423K(8116K), 0.0002761 secs]
41.748: [GC 41.748: [DefNew: 520K->8K(576K), 0.0002365 secs] 5935K->5424K(8116K), 0.0002849 secs]
41.756: [GC 41.757: [DefNew: 520K->9K(576K), 0.0002450 secs] 5936K->5425K(8116K), 0.0002945 secs]
41.764: [GC 41.764: [DefNew: 521K->8K(576K), 0.0002381 secs] 5937K->5425K(8116K), 0.0002866 secs]
41.771: [GC 41.771: [DefNew: 520K->8K(576K), 0.0002377 secs] 5937K->5426K(8116K), 0.0002861 secs]
41.780: [GC 41.780: [DefNew: 520K->9K(576K), 0.0002530 secs] 5938K->5427K(8116K), 0.0003060 secs]
41.787: [GC 41.787: [DefNew: 521K->9K(576K), 0.0002332 secs] 5939K->5427K(8116K), 0.0002807 secs]
41.794: [GC 41.794: [DefNew: 521K->8K(576K), 0.0001928 secs] 5939K->5427K(8116K), 0.0002350 secs]
41.803: [GC 41.803: [DefNew: 520K->8K(576K), 0.0002343 secs] 5939K->5428K(8116K), 0.0002830 secs]
41.810: [GC 41.810: [DefNew: 520K->9K(576K), 0.0002297 secs] 5940K->5429K(8116K), 0.0002817 secs]
41.817: [GC 41.817: [DefNew: 521K->8K(576K), 0.0001931 secs] 5941K->5429K(8116K), 0.0002418 secs]
41.824: [GC 41.824: [DefNew: 520K->8K(576K), 0.0002022 secs] 5941K->5430K(8116K), 0.0002463 secs]
41.832: [GC 41.832: [DefNew: 520K->8K(576K), 0.0002228 secs] 5942K->5430K(8116K), 0.0002697 secs]
41.839: [GC 41.839: [DefNew: 520K->8K(576K), 0.0002276 secs] 5942K->5431K(8116K), 0.0002748 secs]
41.846: [GC 41.846: [DefNew: 520K->8K(576K), 0.0001905 secs] 5943K->5431K(8116K), 0.0002316 secs]
41.853: [GC 41.853: [DefNew: 520K->9K(576K), 0.0002374 secs] 5943K->5432K(8116K), 0.0002847 secs]
41.860: [GC 41.861: [DefNew: 521K->9K(576K), 0.0002268 secs] 5944K->5433K(8116K), 0.0002732 secs]
41.867: [GC 41.867: [DefNew: 521K->8K(576K), 0.0002007 secs] 5945K->5433K(8116K), 0.0002420 secs]
41.875: [GC 41.875: [DefNew: 520K->9K(576K), 0.0002247 secs] 5945K->5434K(8116K), 0.0002714 secs]
41.882: [GC 41.882: [DefNew: 521K->9K(576K), 0.0001862 secs] 5946K->5434K(8116K), 0.0002272 secs]
41.890: [GC 41.890: [DefNew: 521K->8K(576K), 0.0002280 secs] 5946K->5435K(8116K), 0.0002785 secs]
41.898: [GC 41.898: [DefNew: 520K->8K(576K), 0.0002348 secs] 5947K->5436K(8116K), 0.0002835 secs]
41.906: [GC 41.906: [DefNew: 520K->9K(576K), 0.0002298 secs] 5948K->5436K(8116K), 0.0002782 secs]
41.913: [GC 41.913: [DefNew: 521K->8K(576K), 0.0002279 secs] 5948K->5436K(8116K), 0.0002736 secs]
41.921: [GC 41.921: [DefNew: 520K->8K(576K), 0.0002211 secs] 5948K->5437K(8116K), 0.0002676 secs]
41.928: [GC 41.928: [DefNew: 520K->9K(576K), 0.0001831 secs] 5949K->5438K(8116K), 0.0002233 secs]
41.935: [GC 41.935: [DefNew: 521K->8K(576K), 0.0002039 secs] 5950K->5438K(8116K), 0.0002480 secs]
41.941: [GC 41.941: [DefNew: 520K->8K(576K), 0.0001779 secs] 5950K->5439K(8116K), 0.0002175 secs]
41.948: [GC 41.949: [DefNew: 520K->9K(576K), 0.0002148 secs] 5951K->5440K(8116K), 0.0002598 secs]
41.956: [GC 41.956: [DefNew: 521K->8K(576K), 0.0002176 secs] 5952K->5440K(8116K), 0.0002647 secs]
41.963: [GC 41.963: [DefNew: 520K->8K(576K), 0.0001992 secs] 5952K->5440K(8116K), 0.0002427 secs]
41.970: [GC 41.970: [DefNew: 520K->9K(576K), 0.0001863 secs] 5952K->5441K(8116K), 0.0002312 secs]
41.977: [GC 41.977: [DefNew: 521K->9K(576K), 0.0002011 secs] 5953K->5442K(8116K), 0.0002443 secs]
41.984: [GC 41.984: [DefNew: 521K->8K(576K), 0.0002177 secs] 5954K->5442K(8116K), 0.0002638 secs]
41.991: [GC 41.991: [DefNew: 520K->9K(576K), 0.0001852 secs] 5954K->5443K(8116K), 0.0002263 secs]
41.998: [GC 41.998: [DefNew: 521K->9K(576K), 0.0002097 secs] 5955K->5444K(8116K), 0.0002541 secs]
42.005: [GC 42.005: [DefNew: 521K->8K(576K), 0.0001816 secs] 5956K->5444K(8116K), 0.0002223 secs]
42.012: [GC 42.013: [DefNew: 520K->8K(576K), 0.0002027 secs] 5956K->5445K(8116K), 0.0002464 secs]
42.020: [GC 42.020: [DefNew: 520K->9K(576K), 0.0001825 secs] 5957K->5445K(8116K), 0.0002230 secs]
42.027: [GC 42.027: [DefNew: 521K->8K(576K), 0.0001997 secs] 5957K->5446K(8116K), 0.0002414 secs]
42.033: [GC 42.033: [DefNew: 520K->8K(576K), 0.0001937 secs] 5958K->5446K(8116K), 0.0002364 secs]
42.041: [GC 42.041: [DefNew: 520K->9K(576K), 0.0002170 secs] 5958K->5447K(8116K), 0.0002627 secs]
42.047: [GC 42.047: [DefNew: 521K->8K(576K), 0.0001812 secs] 5959K->5447K(8116K), 0.0002217 secs]
42.054: [GC 42.054: [DefNew: 520K->8K(576K), 0.0001748 secs] 5959K->5448K(8116K), 0.0002144 secs]
42.062: [GC 42.062: [DefNew: 520K->9K(576K), 0.0002339 secs] 5960K->5449K(8116K), 0.0002805 secs]
42.069: [GC 42.069: [DefNew: 521K->9K(576K), 0.0001860 secs] 5961K->5449K(8116K), 0.0002263 secs]
42.076: [GC 42.076: [DefNew: 521K->8K(576K), 0.0002118 secs] 5961K->5450K(8116K), 0.0002638 secs]
42.083: [GC 42.083: [DefNew: 520K->9K(576K), 0.0001797 secs] 5962K->5451K(8116K), 0.0002196 secs]
42.090: [GC 42.090: [DefNew: 521K->9K(576K), 0.0002069 secs] 5963K->5451K(8116K), 0.0002514 secs]
42.097: [GC 42.097: [DefNew: 521K->8K(576K), 0.0001795 secs] 5963K->5451K(8116K), 0.0002196 secs]
42.104: [GC 42.104: [DefNew: 520K->9K(576K), 0.0001974 secs] 5963K->5452K(8116K), 0.0002399 secs]
42.111: [GC 42.111: [DefNew: 521K->9K(576K), 0.0002171 secs] 5964K->5453K(8116K), 0.0002626 secs]
42.118: [GC 42.118: [DefNew: 521K->8K(576K), 0.0001976 secs] 5965K->5453K(8116K), 0.0002399 secs]
42.125: [GC 42.125: [DefNew: 520K->9K(576K), 0.0002113 secs] 5965K->5454K(8116K), 0.0002560 secs]
42.132: [GC 42.132: [DefNew: 521K->9K(576K), 0.0002012 secs] 5966K->5455K(8116K), 0.0002434 secs]
42.139: [GC 42.139: [DefNew: 521K->8K(576K), 0.0001878 secs] 5967K->5455K(8116K), 0.0002296 secs]
42.146: [GC 42.146: [DefNew: 520K->8K(576K), 0.0001996 secs] 5967K->5456K(8116K), 0.0002432 secs]
42.154: [GC 42.154: [DefNew: 520K->9K(576K), 0.0002104 secs] 5968K->5456K(8116K), 0.0002548 secs]
42.161: [GC 42.161: [DefNew: 521K->8K(576K), 0.0002118 secs] 5968K->5457K(8116K), 0.0002569 secs]
42.168: [GC 42.168: [DefNew: 520K->8K(576K), 0.0002172 secs] 5969K->5457K(8116K), 0.0002631 secs]
42.175: [GC 42.175: [DefNew: 520K->9K(576K), 0.0001813 secs] 5969K->5458K(8116K), 0.0002218 secs]
42.182: [GC 42.182: [DefNew: 521K->9K(576K), 0.0002351 secs] 5970K->5458K(8116K), 0.0002853 secs]
42.189: [GC 42.189: [DefNew: 521K->8K(576K), 0.0002161 secs] 5970K->5459K(8116K), 0.0002622 secs]
42.197: [GC 42.197: [DefNew: 520K->9K(576K), 0.0002183 secs] 5971K->5460K(8116K), 0.0002630 secs]
42.204: [GC 42.204: [DefNew: 521K->9K(576K), 0.0001900 secs] 5972K->5460K(8116K), 0.0002318 secs]
42.210: [GC 42.210: [DefNew: 521K->8K(576K), 0.0001858 secs] 5972K->5461K(8116K), 0.0002265 secs]
42.218: [GC 42.218: [DefNew: 520K->9K(576K), 0.0002281 secs] 5973K->5462K(8116K), 0.0002756 secs]
42.225: [GC 42.225: [DefNew: 521K->9K(576K), 0.0001822 secs] 5974K->5462K(8116K), 0.0002222 secs]
42.232: [GC 42.232: [DefNew: 521K->8K(576K), 0.0002267 secs] 5974K->5462K(8116K), 0.0002749 secs]
42.239: [GC 42.239: [DefNew: 520K->9K(576K), 0.0002094 secs] 5974K->5463K(8116K), 0.0002545 secs]
42.246: [GC 42.246: [DefNew: 521K->9K(576K), 0.0001980 secs] 5975K->5464K(8116K), 0.0002418 secs]
42.253: [GC 42.253: [DefNew: 521K->8K(576K), 0.0001798 secs] 5976K->5464K(8116K), 0.0002200 secs]
42.260: [GC 42.260: [DefNew: 520K->8K(576K), 0.0002230 secs] 5976K->5465K(8116K), 0.0002695 secs]
42.267: [GC 42.267: [DefNew: 520K->9K(576K), 0.0001887 secs] 5977K->5465K(8116K), 0.0002304 secs]
42.275: [GC 42.275: [DefNew: 521K->8K(576K), 0.0002020 secs] 5977K->5466K(8116K), 0.0002470 secs]
42.282: [GC 42.282: [DefNew: 520K->8K(576K), 0.0001784 secs] 5978K->5466K(8116K), 0.0002182 secs]
42.289: [GC 42.289: [DefNew: 520K->9K(576K), 0.0001844 secs] 5978K->5467K(8116K), 0.0002250 secs]
42.296: [GC 42.296: [DefNew: 521K->9K(576K), 0.0002158 secs] 5979K->5468K(8116K), 0.0002622 secs]
42.302: [GC 42.303: [DefNew: 521K->8K(576K), 0.0001849 secs] 5980K->5468K(8116K), 0.0002247 secs]
42.310: [GC 42.310: [DefNew: 520K->9K(576K), 0.0002137 secs] 5980K->5469K(8116K), 0.0002590 secs]
42.317: [GC 42.317: [DefNew: 521K->9K(576K), 0.0001801 secs] 5981K->5469K(8116K), 0.0002202 secs]
42.324: [GC 42.324: [DefNew: 521K->8K(576K), 0.0001793 secs] 5981K->5470K(8116K), 0.0002192 secs]
42.331: [GC 42.331: [DefNew: 520K->9K(576K), 0.0002089 secs] 5982K->5471K(8116K), 0.0002537 secs]
42.338: [GC 42.338: [DefNew: 521K->9K(576K), 0.0004375 secs] 5983K->5471K(8116K), 0.0004820 secs]
42.345: [GC 42.346: [DefNew: 521K->8K(576K), 0.0002443 secs] 5983K->5471K(8116K), 0.0002920 secs]
42.353: [GC 42.353: [DefNew: 520K->8K(576K), 0.0002294 secs] 5983K->5472K(8116K), 0.0002763 secs]
42.361: [GC 42.361: [DefNew: 520K->9K(576K), 0.0002870 secs] 5984K->5473K(8116K), 0.0003404 secs]
42.369: [GC 42.369: [DefNew: 521K->8K(576K), 0.0002353 secs] 5985K->5473K(8116K), 0.0002834 secs]
42.376: [GC 42.376: [DefNew: 520K->8K(576K), 0.0002268 secs] 5985K->5474K(8116K), 0.0002725 secs]
42.384: [GC 42.384: [DefNew: 520K->9K(576K), 0.0002315 secs] 5986K->5475K(8116K), 0.0002798 secs]
42.391: [GC 42.391: [DefNew: 521K->8K(576K), 0.0002319 secs] 5987K->5475K(8116K), 0.0002791 secs]
42.399: [GC 42.399: [DefNew: 520K->8K(576K), 0.0002346 secs] 5987K->5475K(8116K), 0.0002813 secs]
42.407: [GC 42.407: [DefNew: 520K->9K(576K), 0.0002423 secs] 5987K->5476K(8116K), 0.0002920 secs]
42.414: [GC 42.414: [DefNew: 521K->9K(576K), 0.0002385 secs] 5988K->5477K(8116K), 0.0002856 secs]
42.423: [GC 42.423: [DefNew: 521K->8K(576K), 0.0002387 secs] 5989K->5477K(8116K), 0.0002867 secs]
42.430: [GC 42.430: [DefNew: 520K->9K(576K), 0.0002366 secs] 5989K->5478K(8116K), 0.0002860 secs]
42.438: [GC 42.438: [DefNew: 521K->9K(576K), 0.0002330 secs] 5990K->5479K(8116K), 0.0002804 secs]
42.445: [GC 42.445: [DefNew: 521K->8K(576K), 0.0002301 secs] 5991K->5479K(8116K), 0.0002761 secs]
42.453: [GC 42.453: [DefNew: 520K->8K(576K), 0.0002350 secs] 5991K->5480K(8116K), 0.0002846 secs]
42.461: [GC 42.461: [DefNew: 520K->9K(576K), 0.0002386 secs] 5992K->5480K(8116K), 0.0002876 secs]
42.469: [GC 42.469: [DefNew: 521K->8K(576K), 0.0002431 secs] 5992K->5481K(8116K), 0.0002895 secs]
42.477: [GC 42.477: [DefNew: 520K->8K(576K), 0.0002265 secs] 5993K->5481K(8116K), 0.0002727 secs]
42.485: [GC 42.485: [DefNew: 520K->9K(576K), 0.0002372 secs] 5993K->5482K(8116K), 0.0002841 secs]
42.492: [GC 42.492: [DefNew: 521K->8K(576K), 0.0002342 secs] 5994K->5482K(8116K), 0.0002806 secs]
42.499: [GC 42.499: [DefNew: 520K->8K(576K), 0.0002330 secs] 5994K->5483K(8116K), 0.0002804 secs]
42.506: [GC 42.506: [DefNew: 520K->9K(576K), 0.0002349 secs] 5995K->5484K(8116K), 0.0002811 secs]
42.513: [GC 42.514: [DefNew: 521K->9K(576K), 0.0002367 secs] 5996K->5484K(8116K), 0.0002858 secs]
42.521: [GC 42.521: [DefNew: 521K->8K(576K), 0.0002454 secs] 5996K->5485K(8116K), 0.0002929 secs]
42.529: [GC 42.529: [DefNew: 520K->9K(576K), 0.0002418 secs] 5997K->5486K(8116K), 0.0002901 secs]
42.537: [GC 42.537: [DefNew: 521K->9K(576K), 0.0002343 secs] 5998K->5486K(8116K), 0.0002809 secs]
42.545: [GC 42.545: [DefNew: 521K->8K(576K), 0.0002340 secs] 5998K->5486K(8116K), 0.0002816 secs]
42.552: [GC 42.552: [DefNew: 520K->9K(576K), 0.0002312 secs] 5998K->5487K(8116K), 0.0002770 secs]
42.561: [GC 42.561: [DefNew: 521K->9K(576K), 0.0002395 secs] 5999K->5488K(8116K), 0.0002869 secs]
42.568: [GC 42.568: [DefNew: 521K->8K(576K), 0.0002386 secs] 6000K->5488K(8116K), 0.0002849 secs]
42.576: [GC 42.576: [DefNew: 520K->9K(576K), 0.0002396 secs] 6000K->5489K(8116K), 0.0002882 secs]
42.583: [GC 42.583: [DefNew: 521K->9K(576K), 0.0002341 secs] 6001K->5490K(8116K), 0.0002809 secs]
42.591: [GC 42.591: [DefNew: 521K->8K(576K), 0.0002388 secs] 6002K->5490K(8116K), 0.0002879 secs]
42.598: [GC 42.598: [DefNew: 520K->8K(576K), 0.0002314 secs] 6002K->5491K(8116K), 0.0002781 secs]
42.605: [GC 42.606: [DefNew: 520K->9K(576K), 0.0002366 secs] 6003K->5491K(8116K), 0.0002845 secs]
42.614: [GC 42.614: [DefNew: 521K->9K(576K), 0.0002350 secs] 6003K->5492K(8116K), 0.0002818 secs]
42.622: [GC 42.622: [DefNew: 521K->8K(576K), 0.0002521 secs] 6004K->5492K(8116K), 0.0003020 secs]
42.630: [GC 42.630: [DefNew: 520K->9K(576K), 0.0002437 secs] 6004K->5493K(8116K), 0.0002918 secs]
42.637: [GC 42.637: [DefNew: 521K->9K(576K), 0.0002351 secs] 6005K->5493K(8116K), 0.0002830 secs]
42.644: [GC 42.644: [DefNew: 521K->8K(576K), 0.0002359 secs] 6005K->5494K(8116K), 0.0002836 secs]
42.653: [GC 42.653: [DefNew: 520K->9K(576K), 0.0002421 secs] 6006K->5495K(8116K), 0.0002902 secs]
42.660: [GC 42.660: [DefNew: 521K->9K(576K), 0.0002649 secs] 6007K->5495K(8116K), 0.0003163 secs]
42.668: [GC 42.668: [DefNew: 521K->8K(576K), 0.0002402 secs] 6007K->5496K(8116K), 0.0002897 secs]
42.676: [GC 42.676: [DefNew: 520K->9K(576K), 0.0002589 secs] 6008K->5497K(8116K), 0.0003078 secs]
42.684: [GC 42.684: [DefNew: 521K->9K(576K), 0.0002399 secs] 6009K->5497K(8116K), 0.0002891 secs]
42.692: [GC 42.692: [DefNew: 521K->8K(576K), 0.0002428 secs] 6009K->5497K(8116K), 0.0002897 secs]
42.699: [GC 42.700: [DefNew: 520K->8K(576K), 0.0002713 secs] 6009K->5498K(8116K), 0.0003260 secs]
42.707: [GC 42.707: [DefNew: 520K->9K(576K), 0.0002642 secs] 6010K->5499K(8116K), 0.0003160 secs]
42.714: [GC 42.715: [DefNew: 521K->8K(576K), 0.0002913 secs] 6011K->5499K(8116K), 0.0003479 secs]
42.723: [GC 42.723: [DefNew: 520K->8K(576K), 0.0002951 secs] 6011K->5500K(8116K), 0.0003495 secs]
42.731: [GC 42.731: [DefNew: 520K->9K(576K), 0.0002459 secs] 6012K->5501K(8116K), 0.0002948 secs]
42.739: [GC 42.739: [DefNew: 521K->8K(576K), 0.0002640 secs] 6013K->5501K(8116K), 0.0003173 secs]
42.747: [GC 42.747: [DefNew: 520K->8K(576K), 0.0002532 secs] 6013K->5501K(8116K), 0.0003024 secs]
42.754: [GC 42.754: [DefNew: 520K->9K(576K), 0.0002522 secs] 6013K->5502K(8116K), 0.0003027 secs]
42.766: [GC 42.766: [DefNew: 521K->9K(576K), 0.0002471 secs] 6014K->5503K(8116K), 0.0002956 secs]
42.773: [GC 42.773: [DefNew: 521K->8K(576K), 0.0002382 secs] 6015K->5503K(8116K), 0.0002853 secs]
42.782: [GC 42.782: [DefNew: 520K->9K(576K), 0.0002663 secs] 6015K->5504K(8116K), 0.0003193 secs]
42.790: [GC 42.790: [DefNew: 521K->9K(576K), 0.0002651 secs] 6016K->5504K(8116K), 0.0003182 secs]
42.797: [GC 42.797: [DefNew: 521K->8K(576K), 0.0002594 secs] 6016K->5505K(8116K), 0.0003098 secs]
42.809: [GC 42.809: [DefNew: 520K->9K(576K), 0.0002824 secs] 6017K->5506K(8116K), 0.0003350 secs]
42.816: [GC 42.816: [DefNew: 521K->9K(576K), 0.0002599 secs] 6018K->5506K(8116K), 0.0003091 secs]
42.824: [GC 42.824: [DefNew: 521K->8K(576K), 0.0002677 secs] 6018K->5507K(8116K), 0.0003226 secs]
42.832: [GC 42.832: [DefNew: 520K->8K(576K), 0.0002502 secs] 6019K->5507K(8116K), 0.0003011 secs]
42.840: [GC 42.840: [DefNew: 520K->9K(576K), 0.0002437 secs] 6019K->5508K(8116K), 0.0002941 secs]
42.848: [GC 42.848: [DefNew: 521K->8K(576K), 0.0002807 secs] 6020K->5508K(8116K), 0.0003323 secs]
42.855: [GC 42.855: [DefNew: 520K->8K(576K), 0.0002418 secs] 6020K->5509K(8116K), 0.0002909 secs]
42.867: [GC 42.867: [DefNew: 520K->9K(576K), 0.0002452 secs] 6021K->5510K(8116K), 0.0003178 secs]
42.875: [GC 42.875: [DefNew: 521K->8K(576K), 0.0002639 secs] 6022K->5510K(8116K), 0.0003260 secs]
42.882: [GC 42.882: [DefNew: 520K->8K(576K), 0.0002429 secs] 6022K->5510K(8116K), 0.0002908 secs]
42.890: [GC 42.890: [DefNew: 520K->8K(576K), 0.0002408 secs] 6022K->5511K(8116K), 0.0002900 secs]
42.897: [GC 42.897: [DefNew: 520K->9K(576K), 0.0002373 secs] 6023K->5512K(8116K), 0.0002860 secs]
42.905: [GC 42.905: [DefNew: 521K->8K(576K), 0.0002410 secs] 6024K->5512K(8116K), 0.0002926 secs]
42.913: [GC 42.913: [DefNew: 520K->9K(576K), 0.0002729 secs] 6024K->5513K(8116K), 0.0003237 secs]
42.922: [GC 42.922: [DefNew: 521K->8K(576K), 0.0002480 secs] 6025K->5514K(8116K), 0.0002988 secs]
42.930: [GC 42.930: [DefNew: 520K->8K(576K), 0.0002455 secs] 6026K->5514K(8116K), 0.0002936 secs]
42.937: [GC 42.937: [DefNew: 520K->8K(576K), 0.0002638 secs] 6026K->5515K(8116K), 0.0003559 secs]
42.945: [GC 42.945: [DefNew: 520K->9K(576K), 0.0002585 secs] 6027K->5515K(8116K), 0.0003085 secs]
42.952: [GC 42.952: [DefNew: 521K->8K(576K), 0.0002451 secs] 6027K->5516K(8116K), 0.0002972 secs]
42.960: [GC 42.960: [DefNew: 520K->8K(576K), 0.0002912 secs] 6028K->5516K(8116K), 0.0003460 secs]
42.968: [GC 42.968: [DefNew: 520K->9K(576K), 0.0002597 secs] 6028K->5517K(8116K), 0.0003130 secs]
42.975: [GC 42.975: [DefNew: 521K->8K(576K), 0.0002460 secs] 6029K->5517K(8116K), 0.0002962 secs]
42.983: [GC 42.983: [DefNew: 520K->8K(576K), 0.0002442 secs] 6029K->5518K(8116K), 0.0002937 secs]
42.990: [GC 42.990: [DefNew: 520K->9K(576K), 0.0002319 secs] 6030K->5519K(8116K), 0.0002795 secs]
42.997: [GC 42.997: [DefNew: 521K->9K(576K), 0.0001815 secs] 6031K->5519K(8116K), 0.0002229 secs]
43.004: [GC 43.004: [DefNew: 521K->8K(576K), 0.0001994 secs] 6031K->5520K(8116K), 0.0002427 secs]
43.011: [GC 43.011: [DefNew: 520K->9K(576K), 0.0004799 secs] 6032K->5521K(8116K), 0.0005335 secs]
43.019: [GC 43.019: [DefNew: 521K->9K(576K), 0.0002451 secs] 6033K->5521K(8116K), 0.0002904 secs]
43.026: [GC 43.026: [DefNew: 521K->8K(576K), 0.0001943 secs] 6033K->5521K(8116K), 0.0002379 secs]
43.033: [GC 43.033: [DefNew: 520K->8K(576K), 0.0001883 secs] 6033K->5522K(8116K), 0.0002297 secs]
43.040: [GC 43.040: [DefNew: 520K->9K(576K), 0.0001886 secs] 6034K->5523K(8116K), 0.0002303 secs]
43.047: [GC 43.047: [DefNew: 521K->8K(576K), 0.0002471 secs] 6035K->5523K(8116K), 0.0002932 secs]
43.054: [GC 43.054: [DefNew: 520K->8K(576K), 0.0001871 secs] 6035K->5524K(8116K), 0.0002285 secs]
43.061: [GC 43.061: [DefNew: 520K->8K(576K), 0.0002413 secs] 6036K->5525K(8116K), 0.0002888 secs]
43.069: [GC 43.069: [DefNew: 520K->8K(576K), 0.0002242 secs] 6037K->5525K(8116K), 0.0002720 secs]
43.076: [GC 43.076: [DefNew: 520K->8K(576K), 0.0001973 secs] 6037K->5525K(8116K), 0.0002406 secs]
43.083: [GC 43.083: [DefNew: 520K->9K(576K), 0.0002270 secs] 6037K->5526K(8116K), 0.0002721 secs]
43.090: [GC 43.090: [DefNew: 521K->9K(576K), 0.0002087 secs] 6038K->5527K(8116K), 0.0002526 secs]
43.097: [GC 43.097: [DefNew: 521K->8K(576K), 0.0001764 secs] 6039K->5527K(8116K), 0.0002161 secs]
43.105: [GC 43.105: [DefNew: 520K->9K(576K), 0.0002273 secs] 6039K->5528K(8116K), 0.0002743 secs]
43.112: [GC 43.112: [DefNew: 521K->9K(576K), 0.0001867 secs] 6040K->5528K(8116K), 0.0002271 secs]
43.118: [GC 43.118: [DefNew: 521K->8K(576K), 0.0002077 secs] 6040K->5529K(8116K), 0.0002500 secs]
43.126: [GC 43.126: [DefNew: 520K->9K(576K), 0.0002246 secs] 6041K->5530K(8116K), 0.0002707 secs]
43.133: [GC 43.133: [DefNew: 521K->9K(576K), 0.0001839 secs] 6042K->5530K(8116K), 0.0002235 secs]
43.140: [GC 43.140: [DefNew: 521K->8K(576K), 0.0001916 secs] 6042K->5531K(8116K), 0.0002338 secs]
43.147: [GC 43.147: [DefNew: 520K->8K(576K), 0.0001780 secs] 6043K->5531K(8116K), 0.0002187 secs]
43.154: [GC 43.154: [DefNew: 520K->9K(576K), 0.0002227 secs] 6043K->5532K(8116K), 0.0002682 secs]
43.161: [GC 43.161: [DefNew: 521K->8K(576K), 0.0001915 secs] 6044K->5532K(8116K), 0.0002327 secs]
43.168: [GC 43.168: [DefNew: 520K->8K(576K), 0.0002285 secs] 6044K->5533K(8116K), 0.0002758 secs]
43.175: [GC 43.175: [DefNew: 520K->9K(576K), 0.0001891 secs] 6045K->5534K(8116K), 0.0002311 secs]
43.182: [GC 43.182: [DefNew: 521K->8K(576K), 0.0002061 secs] 6046K->5534K(8116K), 0.0002583 secs]
43.189: [GC 43.189: [DefNew: 520K->8K(576K), 0.0002435 secs] 6046K->5534K(8116K), 0.0002925 secs]
43.197: [GC 43.197: [DefNew: 520K->9K(576K), 0.0002496 secs] 6046K->5535K(8116K), 0.0002986 secs]
43.205: [GC 43.205: [DefNew: 521K->9K(576K), 0.0002443 secs] 6047K->5536K(8116K), 0.0002935 secs]
43.213: [GC 43.213: [DefNew: 521K->8K(576K), 0.0002520 secs] 6048K->5536K(8116K), 0.0003011 secs]
43.221: [GC 43.221: [DefNew: 520K->9K(576K), 0.0002419 secs] 6048K->5537K(8116K), 0.0002905 secs]
43.229: [GC 43.229: [DefNew: 521K->9K(576K), 0.0002423 secs] 6049K->5538K(8116K), 0.0002920 secs]
43.237: [GC 43.237: [DefNew: 521K->8K(576K), 0.0002445 secs] 6050K->5538K(8116K), 0.0002955 secs]
43.244: [GC 43.244: [DefNew: 520K->9K(576K), 0.0002459 secs] 6050K->5539K(8116K), 0.0002950 secs]
43.252: [GC 43.252: [DefNew: 521K->9K(576K), 0.0002438 secs] 6051K->5539K(8116K), 0.0002924 secs]
43.259: [GC 43.259: [DefNew: 521K->8K(576K), 0.0002411 secs] 6051K->5540K(8116K), 0.0002896 secs]
43.267: [GC 43.268: [DefNew: 520K->9K(576K), 0.0002482 secs] 6052K->5541K(8116K), 0.0002969 secs]
43.275: [GC 43.275: [DefNew: 521K->9K(576K), 0.0002458 secs] 6053K->5541K(8116K), 0.0002938 secs]
43.282: [GC 43.282: [DefNew: 521K->8K(576K), 0.0002420 secs] 6053K->5542K(8116K), 0.0002898 secs]
43.291: [GC 43.291: [DefNew: 520K->8K(576K), 0.0002432 secs] 6054K->5542K(8116K), 0.0002925 secs]
43.298: [GC 43.298: [DefNew: 520K->9K(576K), 0.0002426 secs] 6054K->5543K(8116K), 0.0002912 secs]
43.306: [GC 43.306: [DefNew: 521K->9K(576K), 0.0002820 secs] 6055K->5543K(8116K), 0.0003332 secs]
43.314: [GC 43.314: [DefNew: 521K->8K(576K), 0.0002382 secs] 6055K->5544K(8116K), 0.0002881 secs]
43.321: [GC 43.321: [DefNew: 520K->9K(576K), 0.0002540 secs] 6056K->5545K(8116K), 0.0003048 secs]
43.328: [GC 43.329: [DefNew: 521K->9K(576K), 0.0002444 secs] 6057K->5545K(8116K), 0.0002939 secs]
43.336: [GC 43.336: [DefNew: 521K->8K(576K), 0.0002362 secs] 6057K->5545K(8116K), 0.0002840 secs]
43.344: [GC 43.344: [DefNew: 520K->9K(576K), 0.0002418 secs] 6057K->5547K(8116K), 0.0002904 secs]
43.351: [GC 43.351: [DefNew: 521K->9K(576K), 0.0002409 secs] 6059K->5547K(8116K), 0.0002886 secs]
43.359: [GC 43.359: [DefNew: 521K->8K(576K), 0.0002454 secs] 6059K->5547K(8116K), 0.0002958 secs]
43.367: [GC 43.367: [DefNew: 520K->9K(576K), 0.0002442 secs] 6059K->5548K(8116K), 0.0002941 secs]
43.374: [GC 43.374: [DefNew: 521K->9K(576K), 0.0002391 secs] 6060K->5549K(8116K), 0.0002863 secs]
43.382: [GC 43.382: [DefNew: 521K->8K(576K), 0.0003135 secs] 6061K->5549K(8116K), 0.0003721 secs]
43.390: [GC 43.390: [DefNew: 520K->9K(576K), 0.0002526 secs] 6061K->5550K(8116K), 0.0003035 secs]
43.398: [GC 43.398: [DefNew: 521K->9K(576K), 0.0002480 secs] 6062K->5550K(8116K), 0.0002971 secs]
43.406: [GC 43.406: [DefNew: 521K->8K(576K), 0.0002598 secs] 6062K->5551K(8116K), 0.0003121 secs]
43.414: [GC 43.414: [DefNew: 520K->9K(576K), 0.0002345 secs] 6063K->5552K(8116K), 0.0002826 secs]
43.423: [GC 43.423: [DefNew: 521K->9K(576K), 0.0002438 secs] 6064K->5552K(8116K), 0.0002934 secs]
43.430: [GC 43.430: [DefNew: 521K->8K(576K), 0.0002388 secs] 6064K->5553K(8116K), 0.0002855 secs]
43.437: [GC 43.437: [DefNew: 520K->8K(576K), 0.0002315 secs] 6065K->5553K(8116K), 0.0002788 secs]
43.444: [GC 43.444: [DefNew: 520K->9K(576K), 0.0001807 secs] 6065K->5554K(8116K), 0.0002210 secs]
43.451: [GC 43.451: [DefNew: 521K->9K(576K), 0.0002124 secs] 6066K->5554K(8116K), 0.0002570 secs]
43.458: [GC 43.458: [DefNew: 521K->8K(576K), 0.0001837 secs] 6066K->5555K(8116K), 0.0002245 secs]
43.465: [GC 43.465: [DefNew: 520K->9K(576K), 0.0002239 secs] 6067K->5556K(8116K), 0.0002708 secs]
43.472: [GC 43.472: [DefNew: 521K->9K(576K), 0.0001821 secs] 6068K->5556K(8116K), 0.0002223 secs]
43.479: [GC 43.479: [DefNew: 521K->8K(576K), 0.0002244 secs] 6068K->5557K(8116K), 0.0002704 secs]
43.487: [GC 43.487: [DefNew: 520K->9K(576K), 0.0001927 secs] 6069K->5558K(8116K), 0.0002343 secs]
43.493: [GC 43.493: [DefNew: 521K->9K(576K), 0.0002016 secs] 6070K->5558K(8116K), 0.0002454 secs]
43.500: [GC 43.500: [DefNew: 521K->8K(576K), 0.0001887 secs] 6070K->5558K(8116K), 0.0002379 secs]
43.508: [GC 43.508: [DefNew: 520K->9K(576K), 0.0001836 secs] 6070K->5559K(8116K), 0.0002240 secs]
43.514: [GC 43.514: [DefNew: 521K->9K(576K), 0.0001909 secs] 6071K->5560K(8116K), 0.0002328 secs]
43.521: [GC 43.521: [DefNew: 521K->8K(576K), 0.0001846 secs] 6072K->5560K(8116K), 0.0002246 secs]
43.529: [GC 43.529: [DefNew: 520K->9K(576K), 0.0002188 secs] 6072K->5561K(8116K), 0.0002839 secs]
43.536: [GC 43.536: [DefNew: 521K->9K(576K), 0.0001806 secs] 6073K->5562K(8116K), 0.0002204 secs]
43.543: [GC 43.543: [DefNew: 521K->8K(576K), 0.0002511 secs] 6074K->5562K(8116K), 0.0002969 secs]
43.550: [GC 43.550: [DefNew: 520K->9K(576K), 0.0001985 secs] 6074K->5563K(8116K), 0.0002400 secs]
43.557: [GC 43.557: [DefNew: 521K->9K(576K), 0.0002012 secs] 6075K->5563K(8116K), 0.0002441 secs]
43.564: [GC 43.564: [DefNew: 521K->8K(576K), 0.0001914 secs] 6075K->5564K(8116K), 0.0002316 secs]
43.571: [GC 43.571: [DefNew: 520K->9K(576K), 0.0002125 secs] 6076K->5565K(8116K), 0.0002579 secs]
43.578: [GC 43.578: [DefNew: 521K->9K(576K), 0.0001963 secs] 6077K->5565K(8116K), 0.0002397 secs]
43.585: [GC 43.585: [DefNew: 521K->9K(576K), 0.0001799 secs] 6077K->5566K(8116K), 0.0002201 secs]
43.592: [GC 43.592: [DefNew: 521K->9K(576K), 0.0002091 secs] 6078K->5567K(8116K), 0.0002577 secs]
43.599: [GC 43.599: [DefNew: 521K->9K(576K), 0.0001816 secs] 6079K->5567K(8116K), 0.0002222 secs]
43.606: [GC 43.606: [DefNew: 521K->9K(576K), 0.0002132 secs] 6079K->5567K(8116K), 0.0002592 secs]
43.613: [GC 43.613: [DefNew: 521K->9K(576K), 0.0001897 secs] 6079K->5568K(8116K), 0.0002314 secs]
43.620: [GC 43.620: [DefNew: 521K->9K(576K), 0.0001960 secs] 6080K->5569K(8116K), 0.0002379 secs]
43.627: [GC 43.627: [DefNew: 521K->9K(576K), 0.0002264 secs] 6081K->5569K(8116K), 0.0002707 secs]
43.635: [GC 43.635: [DefNew: 521K->9K(576K), 0.0001999 secs] 6081K->5570K(8116K), 0.0002441 secs]
43.642: [GC 43.642: [DefNew: 521K->9K(576K), 0.0001996 secs] 6082K->5571K(8116K), 0.0002428 secs]
43.649: [GC 43.649: [DefNew: 521K->9K(576K), 0.0001975 secs] 6083K->5571K(8116K), 0.0002435 secs]
43.656: [GC 43.656: [DefNew: 521K->8K(576K), 0.0002039 secs] 6083K->5572K(8116K), 0.0002479 secs]
43.663: [GC 43.663: [DefNew: 520K->9K(576K), 0.0001979 secs] 6084K->5572K(8116K), 0.0002388 secs]
43.671: [GC 43.671: [DefNew: 521K->9K(576K), 0.0002628 secs] 6084K->5573K(8116K), 0.0003097 secs]
43.678: [GC 43.678: [DefNew: 521K->9K(576K), 0.0001866 secs] 6085K->5574K(8116K), 0.0002268 secs]
43.685: [GC 43.685: [DefNew: 521K->9K(576K), 0.0001961 secs] 6086K->5574K(8116K), 0.0002377 secs]
43.692: [GC 43.692: [DefNew: 521K->9K(576K), 0.0001974 secs] 6086K->5575K(8116K), 0.0002389 secs]
43.699: [GC 43.699: [DefNew: 521K->8K(576K), 0.0002124 secs] 6087K->5575K(8116K), 0.0002570 secs]
43.706: [GC 43.706: [DefNew: 520K->9K(576K), 0.0001784 secs] 6087K->5576K(8116K), 0.0002183 secs]
43.713: [GC 43.713: [DefNew: 521K->9K(576K), 0.0002081 secs] 6088K->5577K(8116K), 0.0002524 secs]
43.720: [GC 43.720: [DefNew: 521K->9K(576K), 0.0001936 secs] 6089K->5577K(8116K), 0.0002350 secs]
43.727: [GC 43.727: [DefNew: 521K->9K(576K), 0.0002917 secs] 6089K->5578K(8116K), 0.0003336 secs]
43.734: [GC 43.734: [DefNew: 521K->9K(576K), 0.0002133 secs] 6090K->5578K(8116K), 0.0002577 secs]
43.741: [GC 43.741: [DefNew: 521K->9K(576K), 0.0001855 secs] 6090K->5579K(8116K), 0.0002260 secs]
43.748: [GC 43.748: [DefNew: 521K->9K(576K), 0.0002160 secs] 6091K->5580K(8116K), 0.0002608 secs]
43.755: [GC 43.755: [DefNew: 521K->9K(576K), 0.0001835 secs] 6092K->5580K(8116K), 0.0002235 secs]
43.762: [GC 43.762: [DefNew: 521K->8K(576K), 0.0001960 secs] 6092K->5581K(8116K), 0.0002374 secs]
43.769: [GC 43.769: [DefNew: 520K->9K(576K), 0.0002194 secs] 6093K->5582K(8116K), 0.0002655 secs]
43.776: [GC 43.777: [DefNew: 521K->9K(576K), 0.0002042 secs] 6094K->5582K(8116K), 0.0002483 secs]
43.783: [GC 43.783: [DefNew: 521K->9K(576K), 0.0001932 secs] 6094K->5582K(8116K), 0.0002340 secs]
43.791: [GC 43.791: [DefNew: 521K->9K(576K), 0.0002338 secs] 6094K->5583K(8116K), 0.0002819 secs]
43.799: [GC 43.799: [DefNew: 521K->9K(576K), 0.0002478 secs] 6095K->5584K(8116K), 0.0002965 secs]
43.806: [GC 43.806: [DefNew: 521K->8K(576K), 0.0001915 secs] 6096K->5584K(8116K), 0.0002343 secs]
43.813: [GC 43.813: [DefNew: 520K->9K(576K), 0.0002152 secs] 6096K->5585K(8116K), 0.0002595 secs]
43.820: [GC 43.820: [DefNew: 521K->9K(576K), 0.0001850 secs] 6097K->5586K(8116K), 0.0002265 secs]
43.827: [GC 43.827: [DefNew: 521K->9K(576K), 0.0001841 secs] 6098K->5586K(8116K), 0.0002251 secs]
43.834: [GC 43.834: [DefNew: 521K->9K(576K), 0.0001954 secs] 6098K->5587K(8116K), 0.0002379 secs]
43.841: [GC 43.841: [DefNew: 521K->9K(576K), 0.0002095 secs] 6099K->5588K(8116K), 0.0002532 secs]
43.848: [GC 43.848: [DefNew: 521K->9K(576K), 0.0001935 secs] 6100K->5588K(8116K), 0.0002337 secs]
43.856: [GC 43.856: [DefNew: 521K->9K(576K), 0.0002403 secs] 6100K->5589K(8116K), 0.0002875 secs]
43.863: [GC 43.863: [DefNew: 521K->9K(576K), 0.0001858 secs] 6101K->5589K(8116K), 0.0002257 secs]
43.870: [GC 43.870: [DefNew: 521K->9K(576K), 0.0002312 secs] 6101K->5590K(8116K), 0.0002791 secs]
43.877: [GC 43.877: [DefNew: 521K->9K(576K), 0.0001941 secs] 6102K->5591K(8116K), 0.0002359 secs]
43.884: [GC 43.884: [DefNew: 521K->9K(576K), 0.0001894 secs] 6103K->5591K(8116K), 0.0002306 secs]
43.891: [GC 43.891: [DefNew: 521K->9K(576K), 0.0001864 secs] 6103K->5592K(8116K), 0.0002264 secs]
43.898: [GC 43.898: [DefNew: 521K->9K(576K), 0.0001955 secs] 6104K->5593K(8116K), 0.0002361 secs]
43.905: [GC 43.905: [DefNew: 521K->9K(576K), 0.0002217 secs] 6105K->5593K(8116K), 0.0002669 secs]
43.912: [GC 43.912: [DefNew: 521K->9K(576K), 0.0001826 secs] 6105K->5593K(8116K), 0.0002234 secs]
43.919: [GC 43.919: [DefNew: 521K->9K(576K), 0.0002292 secs] 6105K->5595K(8116K), 0.0002767 secs]
43.926: [GC 43.926: [DefNew: 521K->9K(576K), 0.0001772 secs] 6107K->5595K(8116K), 0.0002165 secs]
43.933: [GC 43.933: [DefNew: 521K->9K(576K), 0.0002057 secs] 6107K->5595K(8116K), 0.0002501 secs]
43.940: [GC 43.940: [DefNew: 521K->9K(576K), 0.0001916 secs] 6107K->5596K(8116K), 0.0002325 secs]
43.947: [GC 43.948: [DefNew: 521K->9K(576K), 0.0002091 secs] 6108K->5597K(8116K), 0.0002529 secs]
43.954: [GC 43.954: [DefNew: 521K->9K(576K), 0.0001907 secs] 6109K->5597K(8116K), 0.0002306 secs]
43.962: [GC 43.962: [DefNew: 521K->9K(576K), 0.0002144 secs] 6109K->5598K(8116K), 0.0002598 secs]
43.969: [GC 43.969: [DefNew: 521K->9K(576K), 0.0002104 secs] 6110K->5599K(8116K), 0.0002636 secs]
43.976: [GC 43.976: [DefNew: 521K->9K(576K), 0.0001778 secs] 6111K->5599K(8116K), 0.0002240 secs]
43.983: [GC 43.983: [DefNew: 521K->9K(576K), 0.0002256 secs] 6111K->5600K(8116K), 0.0002714 secs]
43.990: [GC 43.990: [DefNew: 521K->9K(576K), 0.0002156 secs] 6112K->5600K(8116K), 0.0002604 secs]
43.997: [GC 43.997: [DefNew: 521K->9K(576K), 0.0001877 secs] 6112K->5601K(8116K), 0.0002282 secs]
44.005: [GC 44.005: [DefNew: 521K->9K(576K), 0.0002158 secs] 6113K->5602K(8116K), 0.0002598 secs]
44.012: [GC 44.012: [DefNew: 521K->9K(576K), 0.0001915 secs] 6114K->5602K(8116K), 0.0002333 secs]
44.019: [GC 44.019: [DefNew: 521K->9K(576K), 0.0001986 secs] 6114K->5603K(8116K), 0.0002415 secs]
44.026: [GC 44.026: [DefNew: 521K->9K(576K), 0.0002058 secs] 6115K->5604K(8116K), 0.0002497 secs]
44.033: [GC 44.033: [DefNew: 521K->9K(576K), 0.0001800 secs] 6116K->5604K(8116K), 0.0002205 secs]
44.040: [GC 44.040: [DefNew: 521K->9K(576K), 0.0002191 secs] 6116K->5605K(8116K), 0.0002654 secs]
44.047: [GC 44.047: [DefNew: 521K->9K(576K), 0.0002561 secs] 6117K->5606K(8116K), 0.0003019 secs]
44.054: [GC 44.054: [DefNew: 521K->9K(576K), 0.0001810 secs] 6118K->5606K(8116K), 0.0002210 secs]
44.061: [GC 44.061: [DefNew: 521K->9K(576K), 0.0002054 secs] 6118K->5606K(8116K), 0.0002485 secs]
44.068: [GC 44.068: [DefNew: 521K->9K(576K), 0.0002129 secs] 6118K->5607K(8116K), 0.0002578 secs]
44.075: [GC 44.075: [DefNew: 521K->9K(576K), 0.0001882 secs] 6119K->5608K(8116K), 0.0002296 secs]
44.082: [GC 44.082: [DefNew: 521K->9K(576K), 0.0002006 secs] 6120K->5608K(8116K), 0.0002433 secs]
44.090: [GC 44.090: [DefNew: 521K->9K(576K), 0.0002231 secs] 6120K->5609K(8116K), 0.0002687 secs]
44.096: [GC 44.096: [DefNew: 521K->9K(576K), 0.0001787 secs] 6121K->5610K(8116K), 0.0002180 secs]
44.103: [GC 44.104: [DefNew: 521K->9K(576K), 0.0002208 secs] 6122K->5610K(8116K), 0.0002670 secs]
44.111: [GC 44.111: [DefNew: 521K->9K(576K), 0.0001991 secs] 6122K->5611K(8116K), 0.0002406 secs]
44.117: [GC 44.118: [DefNew: 521K->9K(576K), 0.0001856 secs] 6123K->5612K(8116K), 0.0002259 secs]
44.124: [GC 44.124: [DefNew: 521K->9K(576K), 0.0002092 secs] 6124K->5612K(8116K), 0.0002504 secs]
44.132: [GC 44.132: [DefNew: 521K->9K(576K), 0.0002142 secs] 6124K->5613K(8116K), 0.0002582 secs]
44.138: [GC 44.139: [DefNew: 521K->9K(576K), 0.0002022 secs] 6125K->5613K(8116K), 0.0002461 secs]
44.145: [GC 44.145: [DefNew: 521K->9K(576K), 0.0001786 secs] 6125K->5614K(8116K), 0.0002190 secs]
44.153: [GC 44.153: [DefNew: 521K->9K(576K), 0.0002132 secs] 6126K->5615K(8116K), 0.0002587 secs]
44.159: [GC 44.159: [DefNew: 521K->9K(576K), 0.0001996 secs] 6127K->5615K(8116K), 0.0002405 secs]
44.166: [GC 44.166: [DefNew: 521K->9K(576K), 0.0001868 secs] 6127K->5616K(8116K), 0.0002269 secs]
44.174: [GC 44.174: [DefNew: 521K->9K(576K), 0.0002299 secs] 6128K->5617K(8116K), 0.0002774 secs]
44.181: [GC 44.181: [DefNew: 521K->9K(576K), 0.0001995 secs] 6129K->5617K(8116K), 0.0002420 secs]
44.189: [GC 44.189: [DefNew: 521K->9K(576K), 0.0002155 secs] 6129K->5618K(8116K), 0.0002604 secs]
44.196: [GC 44.196: [DefNew: 521K->9K(576K), 0.0001852 secs] 6130K->5619K(8116K), 0.0002257 secs]
44.203: [GC 44.203: [DefNew: 521K->9K(576K), 0.0001844 secs] 6131K->5619K(8116K), 0.0002256 secs]
44.210: [GC 44.210: [DefNew: 521K->9K(576K), 0.0002027 secs] 6131K->5620K(8116K), 0.0002466 secs]
44.217: [GC 44.217: [DefNew: 521K->9K(576K), 0.0002046 secs] 6132K->5620K(8116K), 0.0002481 secs]
44.224: [GC 44.224: [DefNew: 521K->9K(576K), 0.0001933 secs] 6132K->5621K(8116K), 0.0002345 secs]
44.231: [GC 44.231: [DefNew: 521K->9K(576K), 0.0002254 secs] 6133K->5621K(8116K), 0.0002720 secs]
44.238: [GC 44.238: [DefNew: 521K->9K(576K), 0.0001854 secs] 6133K->5622K(8116K), 0.0002262 secs]
44.245: [GC 44.245: [DefNew: 521K->9K(576K), 0.0001912 secs] 6134K->5623K(8116K), 0.0002333 secs]
44.252: [GC 44.252: [DefNew: 521K->9K(576K), 0.0002177 secs] 6135K->5623K(8116K), 0.0002630 secs]
44.259: [GC 44.259: [DefNew: 521K->9K(576K), 0.0001918 secs] 6135K->5624K(8116K), 0.0002339 secs]
44.266: [GC 44.266: [DefNew: 521K->9K(576K), 0.0001836 secs] 6136K->5624K(8116K), 0.0002248 secs]
44.273: [GC 44.273: [DefNew: 521K->9K(576K), 0.0002161 secs] 6136K->5625K(8116K), 0.0002608 secs]
44.280: [GC 44.281: [DefNew: 521K->9K(576K), 0.0002229 secs] 6137K->5626K(8116K), 0.0002683 secs]
44.287: [GC 44.287: [DefNew: 521K->9K(576K), 0.0001937 secs] 6138K->5626K(8116K), 0.0002351 secs]
44.295: [GC 44.295: [DefNew: 521K->9K(576K), 0.0002396 secs] 6138K->5627K(8116K), 0.0002863 secs]
44.302: [GC 44.302: [DefNew: 521K->9K(576K), 0.0001849 secs] 6139K->5628K(8116K), 0.0002254 secs]
44.309: [GC 44.309: [DefNew: 521K->9K(576K), 0.0002173 secs] 6140K->5628K(8116K), 0.0002631 secs]
44.316: [GC 44.316: [DefNew: 521K->9K(576K), 0.0001835 secs] 6140K->5629K(8116K), 0.0002237 secs]
44.323: [GC 44.323: [DefNew: 521K->9K(576K), 0.0001915 secs] 6141K->5630K(8116K), 0.0002327 secs]
44.330: [GC 44.330: [DefNew: 521K->9K(576K), 0.0002017 secs] 6142K->5630K(8116K), 0.0002447 secs]
44.337: [GC 44.337: [DefNew: 521K->9K(576K), 0.0002227 secs] 6142K->5631K(8116K), 0.0002702 secs]
44.344: [GC 44.344: [DefNew: 521K->9K(576K), 0.0001813 secs] 6143K->5632K(8116K), 0.0002207 secs]
44.351: [GC 44.351: [DefNew: 521K->9K(576K), 0.0002230 secs] 6144K->5632K(8116K), 0.0002703 secs]
44.359: [GC 44.359: [DefNew: 521K->9K(576K), 0.0002393 secs] 6144K->5633K(8116K), 0.0002869 secs]
44.366: [GC 44.366: [DefNew: 521K->9K(576K), 0.0002109 secs] 6145K->5633K(8116K), 0.0002531 secs]
44.373: [GC 44.373: [DefNew: 521K->9K(576K), 0.0002193 secs] 6145K->5634K(8116K), 0.0002649 secs]
44.381: [GC 44.381: [DefNew: 521K->9K(576K), 0.0002110 secs] 6146K->5635K(8116K), 0.0002558 secs]
44.388: [GC 44.388: [DefNew: 521K->9K(576K), 0.0001863 secs] 6147K->5635K(8116K), 0.0002364 secs]
44.395: [GC 44.395: [DefNew: 521K->9K(576K), 0.0001865 secs] 6147K->5636K(8116K), 0.0002343 secs]
44.403: [GC 44.403: [DefNew: 521K->9K(576K), 0.0002619 secs] 6148K->5637K(8116K), 0.0003155 secs]
44.410: [GC 44.410: [DefNew: 521K->9K(576K), 0.0001935 secs] 6149K->5637K(8116K), 0.0002347 secs]
44.417: [GC 44.417: [DefNew: 521K->9K(576K), 0.0002301 secs] 6149K->5638K(8116K), 0.0002775 secs]
44.424: [GC 44.424: [DefNew: 521K->9K(576K), 0.0001892 secs] 6150K->5639K(8116K), 0.0002300 secs]
44.431: [GC 44.431: [DefNew: 521K->9K(576K), 0.0001865 secs] 6151K->5639K(8116K), 0.0002273 secs]
44.438: [GC 44.438: [DefNew: 521K->9K(576K), 0.0002010 secs] 6151K->5639K(8116K), 0.0002443 secs]
44.445: [GC 44.445: [DefNew: 521K->9K(576K), 0.0001864 secs] 6151K->5641K(8116K), 0.0002270 secs]
44.452: [GC 44.452: [DefNew: 521K->9K(576K), 0.0001937 secs] 6153K->5641K(8116K), 0.0002364 secs]
44.459: [GC 44.459: [DefNew: 521K->9K(576K), 0.0001841 secs] 6153K->5642K(8116K), 0.0002447 secs]
44.466: [GC 44.467: [DefNew: 521K->9K(576K), 0.0002322 secs] 6154K->5643K(8116K), 0.0002810 secs]
44.474: [GC 44.474: [DefNew: 521K->9K(576K), 0.0002342 secs] 6155K->5643K(8116K), 0.0002817 secs]
44.481: [GC 44.481: [DefNew: 521K->9K(576K), 0.0002268 secs] 6155K->5644K(8116K), 0.0002738 secs]
44.488: [GC 44.488: [DefNew: 521K->9K(576K), 0.0001925 secs] 6156K->5644K(8116K), 0.0002340 secs]
44.496: [GC 44.496: [DefNew: 521K->9K(576K), 0.0002097 secs] 6156K->5645K(8116K), 0.0002541 secs]
44.503: [GC 44.503: [DefNew: 521K->10K(576K), 0.0001803 secs] 6157K->5646K(8116K), 0.0002202 secs]
44.510: [GC 44.510: [DefNew: 522K->9K(576K), 0.0002155 secs] 6158K->5646K(8116K), 0.0002586 secs]
44.517: [GC 44.517: [DefNew: 521K->9K(576K), 0.0001766 secs] 6158K->5647K(8116K), 0.0002241 secs]
44.524: [GC 44.524: [DefNew: 521K->10K(576K), 0.0003213 secs] 6159K->5648K(8116K), 0.0003731 secs]
44.532: [GC 44.532: [DefNew: 522K->9K(576K), 0.0002259 secs] 6160K->5648K(8116K), 0.0002707 secs]
44.539: [GC 44.539: [DefNew: 521K->9K(576K), 0.0001765 secs] 6160K->5649K(8116K), 0.0002154 secs]
44.546: [GC 44.546: [DefNew: 521K->10K(576K), 0.0002329 secs] 6161K->5650K(8116K), 0.0002788 secs]
44.553: [GC 44.553: [DefNew: 522K->9K(576K), 0.0001985 secs] 6162K->5650K(8116K), 0.0002389 secs]
44.560: [GC 44.560: [DefNew: 521K->9K(576K), 0.0002070 secs] 6162K->5650K(8116K), 0.0002577 secs]
44.567: [GC 44.567: [DefNew: 521K->10K(576K), 0.0001979 secs] 6162K->5652K(8116K), 0.0002405 secs]
44.574: [GC 44.574: [DefNew: 522K->9K(576K), 0.0002206 secs] 6164K->5652K(8116K), 0.0002664 secs]
44.581: [GC 44.581: [DefNew: 521K->9K(576K), 0.0002121 secs] 6164K->5652K(8116K), 0.0002565 secs]
44.588: [GC 44.588: [DefNew: 521K->10K(576K), 0.0001977 secs] 6164K->5654K(8116K), 0.0002459 secs]
44.595: [GC 44.595: [DefNew: 522K->9K(576K), 0.0002068 secs] 6166K->5654K(8116K), 0.0002506 secs]
44.602: [GC 44.603: [DefNew: 521K->9K(576K), 0.0002245 secs] 6166K->5654K(8116K), 0.0002713 secs]
44.610: [GC 44.610: [DefNew: 521K->9K(576K), 0.0002099 secs] 6166K->5655K(8116K), 0.0002524 secs]
44.617: [GC 44.617: [DefNew: 521K->9K(576K), 0.0001912 secs] 6167K->5656K(8116K), 0.0002317 secs]
44.624: [GC 44.624: [DefNew: 521K->10K(576K), 0.0002056 secs] 6168K->5657K(8116K), 0.0002494 secs]
44.631: [GC 44.631: [DefNew: 522K->9K(576K), 0.0002110 secs] 6169K->5657K(8116K), 0.0002574 secs]
44.638: [GC 44.638: [DefNew: 521K->9K(576K), 0.0002322 secs] 6169K->5658K(8116K), 0.0002781 secs]
44.645: [GC 44.645: [DefNew: 521K->10K(576K), 0.0002095 secs] 6170K->5659K(8116K), 0.0002546 secs]
44.653: [GC 44.653: [DefNew: 522K->9K(576K), 0.0002132 secs] 6171K->5659K(8116K), 0.0002570 secs]
44.659: [GC 44.659: [DefNew: 521K->9K(576K), 0.0001952 secs] 6171K->5660K(8116K), 0.0002369 secs]
44.667: [GC 44.667: [DefNew: 521K->10K(576K), 0.0002074 secs] 6172K->5661K(8116K), 0.0002508 secs]
44.674: [GC 44.674: [DefNew: 522K->9K(576K), 0.0002307 secs] 6173K->5661K(8116K), 0.0002770 secs]
44.681: [GC 44.681: [DefNew: 521K->9K(576K), 0.0002188 secs] 6173K->5662K(8116K), 0.0002617 secs]
44.688: [GC 44.689: [DefNew: 521K->10K(576K), 0.0002311 secs] 6174K->5663K(8116K), 0.0002821 secs]
44.696: [GC 44.696: [DefNew: 522K->9K(576K), 0.0001996 secs] 6175K->5663K(8116K), 0.0002407 secs]
44.703: [GC 44.703: [DefNew: 521K->9K(576K), 0.0002025 secs] 6175K->5663K(8116K), 0.0002452 secs]
44.710: [GC 44.710: [DefNew: 521K->10K(576K), 0.0001937 secs] 6175K->5665K(8116K), 0.0002351 secs]
44.717: [GC 44.717: [DefNew: 522K->9K(576K), 0.0002116 secs] 6177K->5665K(8116K), 0.0002605 secs]
44.724: [GC 44.724: [DefNew: 521K->9K(576K), 0.0001750 secs] 6177K->5665K(8116K), 0.0002148 secs]
44.731: [GC 44.731: [DefNew: 521K->10K(576K), 0.0002306 secs] 6177K->5667K(8116K), 0.0002777 secs]
44.738: [GC 44.738: [DefNew: 522K->9K(576K), 0.0001795 secs] 6179K->5667K(8116K), 0.0002197 secs]
44.745: [GC 44.745: [DefNew: 521K->10K(576K), 0.0002101 secs] 6179K->5668K(8116K), 0.0002539 secs]
44.752: [GC 44.752: [DefNew: 522K->9K(576K), 0.0001981 secs] 6180K->5668K(8116K), 0.0002394 secs]
44.759: [GC 44.759: [DefNew: 521K->9K(576K), 0.0002017 secs] 6180K->5669K(8116K), 0.0002446 secs]
44.767: [GC 44.767: [DefNew: 521K->10K(576K), 0.0001952 secs] 6181K->5670K(8116K), 0.0002370 secs]
44.773: [GC 44.773: [DefNew: 522K->9K(576K), 0.0002104 secs] 6182K->5670K(8116K), 0.0002537 secs]
44.780: [GC 44.781: [DefNew: 521K->9K(576K), 0.0002075 secs] 6182K->5671K(8116K), 0.0002510 secs]
44.788: [GC 44.788: [DefNew: 521K->10K(576K), 0.0001899 secs] 6183K->5672K(8116K), 0.0002315 secs]
44.796: [GC 44.796: [DefNew: 522K->9K(576K), 0.0002340 secs] 6184K->5672K(8116K), 0.0002806 secs]
44.803: [GC 44.803: [DefNew: 521K->9K(576K), 0.0002134 secs] 6184K->5673K(8116K), 0.0002530 secs]
44.810: [GC 44.810: [DefNew: 521K->10K(576K), 0.0002196 secs] 6185K->5674K(8116K), 0.0002658 secs]
44.817: [GC 44.817: [DefNew: 522K->9K(576K), 0.0001864 secs] 6186K->5674K(8116K), 0.0002256 secs]
44.824: [GC 44.824: [DefNew: 521K->9K(576K), 0.0002061 secs] 6186K->5674K(8116K), 0.0002495 secs]
44.831: [GC 44.831: [DefNew: 521K->10K(576K), 0.0001922 secs] 6186K->5676K(8116K), 0.0002336 secs]
44.838: [GC 44.838: [DefNew: 522K->9K(576K), 0.0001931 secs] 6188K->5676K(8116K), 0.0002356 secs]
44.845: [GC 44.845: [DefNew: 521K->9K(576K), 0.0002011 secs] 6188K->5676K(8116K), 0.0002509 secs]
44.852: [GC 44.852: [DefNew: 521K->9K(576K), 0.0001997 secs] 6188K->5678K(8116K), 0.0002419 secs]
44.859: [GC 44.859: [DefNew: 521K->9K(576K), 0.0002195 secs] 6190K->5678K(8116K), 0.0002657 secs]
44.866: [GC 44.866: [DefNew: 521K->9K(576K), 0.0001790 secs] 6190K->5679K(8116K), 0.0002193 secs]
44.874: [GC 44.874: [DefNew: 521K->9K(576K), 0.0002296 secs] 6191K->5679K(8116K), 0.0002771 secs]
44.880: [GC 44.880: [DefNew: 521K->9K(576K), 0.0001825 secs] 6191K->5680K(8116K), 0.0002228 secs]
44.887: [GC 44.887: [DefNew: 521K->10K(576K), 0.0002133 secs] 6192K->5681K(8116K), 0.0002573 secs]
44.894: [GC 44.894: [DefNew: 522K->9K(576K), 0.0001926 secs] 6193K->5681K(8116K), 0.0002338 secs]
44.902: [GC 44.902: [DefNew: 521K->9K(576K), 0.0002224 secs] 6193K->5682K(8116K), 0.0002695 secs]
44.909: [GC 44.909: [DefNew: 521K->10K(576K), 0.0002025 secs] 6194K->5683K(8116K), 0.0002456 secs]
44.918: [GC 44.918: [DefNew: 522K->9K(576K), 0.0002588 secs] 6195K->5683K(8116K), 0.0003064 secs]
44.925: [GC 44.925: [DefNew: 521K->9K(576K), 0.0002194 secs] 6195K->5684K(8116K), 0.0002654 secs]
44.934: [GC 44.934: [DefNew: 521K->10K(576K), 0.0002331 secs] 6196K->5685K(8116K), 0.0002794 secs]
44.941: [GC 44.941: [DefNew: 522K->9K(576K), 0.0002256 secs] 6197K->5685K(8116K), 0.0002712 secs]
44.948: [GC 44.948: [DefNew: 521K->9K(576K), 0.0001993 secs] 6197K->5685K(8116K), 0.0002417 secs]
44.956: [GC 44.956: [DefNew: 521K->10K(576K), 0.0002223 secs] 6197K->5687K(8116K), 0.0002690 secs]
44.963: [GC 44.963: [DefNew: 522K->9K(576K), 0.0002506 secs] 6199K->5687K(8116K), 0.0002959 secs]
44.970: [GC 44.970: [DefNew: 521K->9K(576K), 0.0001859 secs] 6199K->5687K(8116K), 0.0002266 secs]
44.977: [GC 44.977: [DefNew: 521K->10K(576K), 0.0004090 secs] 6199K->5688K(8116K), 0.0004577 secs]
44.984: [GC 44.984: [DefNew: 522K->9K(576K), 0.0002182 secs] 6200K->5689K(8116K), 0.0002632 secs]
44.991: [GC 44.991: [DefNew: 521K->9K(576K), 0.0002151 secs] 6201K->5689K(8116K), 0.0002610 secs]
44.998: [GC 44.998: [DefNew: 521K->9K(576K), 0.0002152 secs] 6201K->5690K(8116K), 0.0002586 secs]
45.005: [GC 45.005: [DefNew: 521K->9K(576K), 0.0001878 secs] 6202K->5691K(8116K), 0.0002278 secs]
45.012: [GC 45.012: [DefNew: 521K->9K(576K), 0.0001948 secs] 6203K->5691K(8116K), 0.0002363 secs]
45.019: [GC 45.019: [DefNew: 521K->9K(576K), 0.0002031 secs] 6203K->5692K(8116K), 0.0002464 secs]
45.026: [GC 45.026: [DefNew: 521K->9K(576K), 0.0002063 secs] 6204K->5693K(8116K), 0.0002515 secs]
45.033: [GC 45.033: [DefNew: 521K->9K(576K), 0.0001831 secs] 6205K->5693K(8116K), 0.0002241 secs]
45.040: [GC 45.040: [DefNew: 521K->9K(576K), 0.0002084 secs] 6205K->5694K(8116K), 0.0002508 secs]
45.047: [GC 45.047: [DefNew: 521K->9K(576K), 0.0002126 secs] 6206K->5694K(8116K), 0.0002581 secs]
45.054: [GC 45.054: [DefNew: 521K->10K(576K), 0.0001855 secs] 6206K->5695K(8116K), 0.0002267 secs]
45.062: [GC 45.062: [DefNew: 522K->9K(576K), 0.0002221 secs] 6207K->5696K(8116K), 0.0002686 secs]
45.069: [GC 45.069: [DefNew: 521K->9K(576K), 0.0001855 secs] 6208K->5696K(8116K), 0.0002265 secs]
45.076: [GC 45.076: [DefNew: 521K->10K(576K), 0.0002239 secs] 6208K->5697K(8116K), 0.0002705 secs]
45.083: [GC 45.083: [DefNew: 522K->9K(576K), 0.0001918 secs] 6209K->5698K(8116K), 0.0002326 secs]
45.090: [GC 45.090: [DefNew: 521K->9K(576K), 0.0002039 secs] 6210K->5698K(8116K), 0.0002469 secs]
45.098: [GC 45.098: [DefNew: 521K->10K(576K), 0.0001944 secs] 6210K->5699K(8116K), 0.0002364 secs]
45.105: [GC 45.105: [DefNew: 522K->9K(576K), 0.0002304 secs] 6211K->5700K(8116K), 0.0002763 secs]
45.112: [GC 45.112: [DefNew: 521K->9K(576K), 0.0001884 secs] 6212K->5700K(8116K), 0.0002286 secs]
45.119: [GC 45.119: [DefNew: 521K->10K(576K), 0.0002292 secs] 6212K->5701K(8116K), 0.0002735 secs]
45.126: [GC 45.126: [DefNew: 522K->9K(576K), 0.0001843 secs] 6213K->5702K(8116K), 0.0002239 secs]
45.133: [GC 45.133: [DefNew: 521K->9K(576K), 0.0001809 secs] 6214K->5702K(8116K), 0.0002206 secs]
45.140: [GC 45.140: [DefNew: 521K->10K(576K), 0.0001938 secs] 6214K->5703K(8116K), 0.0002356 secs]
45.147: [GC 45.147: [DefNew: 522K->9K(576K), 0.0001924 secs] 6215K->5704K(8116K), 0.0002353 secs]
45.154: [GC 45.154: [DefNew: 521K->9K(576K), 0.0002043 secs] 6216K->5704K(8116K), 0.0002477 secs]
45.161: [GC 45.161: [DefNew: 521K->10K(576K), 0.0001941 secs] 6216K->5705K(8116K), 0.0002353 secs]
45.168: [GC 45.168: [DefNew: 522K->9K(576K), 0.0002343 secs] 6217K->5705K(8116K), 0.0002806 secs]
45.175: [GC 45.175: [DefNew: 521K->9K(576K), 0.0002041 secs] 6217K->5706K(8116K), 0.0002496 secs]
45.182: [GC 45.183: [DefNew: 521K->9K(576K), 0.0002134 secs] 6218K->5707K(8116K), 0.0002585 secs]
45.190: [GC 45.190: [DefNew: 521K->9K(576K), 0.0002248 secs] 6219K->5707K(8116K), 0.0002719 secs]
45.197: [GC 45.197: [DefNew: 521K->9K(576K), 0.0001899 secs] 6219K->5708K(8116K), 0.0002310 secs]
45.204: [GC 45.204: [DefNew: 521K->9K(576K), 0.0002000 secs] 6220K->5709K(8116K), 0.0002494 secs]
45.211: [GC 45.211: [DefNew: 521K->9K(576K), 0.0002291 secs] 6221K->5709K(8116K), 0.0002755 secs]
45.218: [GC 45.218: [DefNew: 521K->10K(576K), 0.0001991 secs] 6221K->5710K(8116K), 0.0002423 secs]
45.225: [GC 45.225: [DefNew: 522K->9K(576K), 0.0002228 secs] 6222K->5711K(8116K), 0.0002690 secs]
45.233: [GC 45.233: [DefNew: 521K->9K(576K), 0.0002345 secs] 6223K->5711K(8116K), 0.0002819 secs]
45.240: [GC 45.240: [DefNew: 521K->10K(576K), 0.0002127 secs] 6223K->5712K(8116K), 0.0003009 secs]
45.247: [GC 45.247: [DefNew: 522K->9K(576K), 0.0002798 secs] 6224K->5713K(8116K), 0.0003255 secs]
45.254: [GC 45.254: [DefNew: 521K->9K(576K), 0.0002099 secs] 6225K->5713K(8116K), 0.0002534 secs]
45.261: [GC 45.261: [DefNew: 521K->10K(576K), 0.0002455 secs] 6225K->5714K(8116K), 0.0002946 secs]
45.268: [GC 45.268: [DefNew: 522K->9K(576K), 0.0002008 secs] 6226K->5715K(8116K), 0.0002425 secs]
45.275: [GC 45.275: [DefNew: 521K->9K(576K), 0.0002269 secs] 6227K->5715K(8116K), 0.0002745 secs]
45.283: [GC 45.283: [DefNew: 521K->10K(576K), 0.0002360 secs] 6227K->5716K(8116K), 0.0002927 secs]
45.290: [GC 45.290: [DefNew: 522K->9K(576K), 0.0001924 secs] 6228K->5716K(8116K), 0.0002344 secs]
45.298: [GC 45.298: [DefNew: 521K->9K(576K), 0.0002291 secs] 6228K->5717K(8116K), 0.0002764 secs]
45.305: [GC 45.305: [DefNew: 521K->10K(576K), 0.0006445 secs] 6229K->5718K(8116K), 0.0006994 secs]
45.312: [GC 45.312: [DefNew: 522K->9K(576K), 0.0002026 secs] 6230K->5718K(8116K), 0.0002439 secs]
45.319: [GC 45.319: [DefNew: 521K->9K(576K), 0.0002202 secs] 6230K->5719K(8116K), 0.0002658 secs]
45.327: [GC 45.327: [DefNew: 521K->10K(576K), 0.0002258 secs] 6231K->5720K(8116K), 0.0002717 secs]
45.334: [GC 45.334: [DefNew: 522K->9K(576K), 0.0002180 secs] 6232K->5720K(8116K), 0.0002601 secs]
45.341: [GC 45.341: [DefNew: 521K->9K(576K), 0.0002254 secs] 6232K->5721K(8116K), 0.0002714 secs]
45.348: [GC 45.349: [DefNew: 521K->9K(576K), 0.0002312 secs] 6233K->5722K(8116K), 0.0002778 secs]
45.356: [GC 45.356: [DefNew: 521K->9K(576K), 0.0002302 secs] 6234K->5722K(8116K), 0.0002775 secs]
45.363: [GC 45.363: [DefNew: 521K->9K(576K), 0.0001855 secs] 6234K->5722K(8116K), 0.0002646 secs]
45.370: [GC 45.370: [DefNew: 521K->9K(576K), 0.0002360 secs] 6234K->5724K(8116K), 0.0002825 secs]
45.377: [GC 45.377: [DefNew: 521K->9K(576K), 0.0002296 secs] 6236K->5724K(8116K), 0.0002765 secs]
45.384: [GC 45.384: [DefNew: 521K->10K(576K), 0.0001953 secs] 6236K->5725K(8116K), 0.0002377 secs]
45.392: [GC 45.392: [DefNew: 522K->9K(576K), 0.0002374 secs] 6237K->5726K(8116K), 0.0002846 secs]
45.399: [GC 45.399: [DefNew: 521K->9K(576K), 0.0002167 secs] 6238K->5726K(8116K), 0.0002618 secs]
45.407: [GC 45.407: [DefNew: 521K->10K(576K), 0.0002604 secs] 6238K->5727K(8116K), 0.0003059 secs]
45.414: [GC 45.414: [DefNew: 522K->9K(576K), 0.0002158 secs] 6239K->5727K(8116K), 0.0002598 secs]
45.422: [GC 45.422: [DefNew: 521K->9K(576K), 0.0002316 secs] 6239K->5728K(8116K), 0.0002785 secs]
45.430: [GC 45.430: [DefNew: 521K->10K(576K), 0.0002238 secs] 6240K->5729K(8116K), 0.0002699 secs]
45.436: [GC 45.437: [DefNew: 522K->9K(576K), 0.0002069 secs] 6241K->5729K(8116K), 0.0002505 secs]
45.443: [GC 45.443: [DefNew: 521K->9K(576K), 0.0002137 secs] 6241K->5730K(8116K), 0.0002587 secs]
45.451: [GC 45.451: [DefNew: 521K->10K(576K), 0.0002044 secs] 6242K->5731K(8116K), 0.0002485 secs]
45.458: [GC 45.458: [DefNew: 522K->9K(576K), 0.0002058 secs] 6243K->5731K(8116K), 0.0002496 secs]
45.465: [GC 45.465: [DefNew: 521K->9K(576K), 0.0002297 secs] 6243K->5732K(8116K), 0.0002758 secs]
45.472: [GC 45.472: [DefNew: 521K->10K(576K), 0.0002196 secs] 6244K->5733K(8116K), 0.0002650 secs]
45.480: [GC 45.480: [DefNew: 522K->9K(576K), 0.0002340 secs] 6245K->5733K(8116K), 0.0002818 secs]
45.487: [GC 45.487: [DefNew: 521K->9K(576K), 0.0002272 secs] 6245K->5733K(8116K), 0.0002723 secs]
45.495: [GC 45.495: [DefNew: 521K->10K(576K), 0.0002240 secs] 6245K->5735K(8116K), 0.0003203 secs]
45.502: [GC 45.502: [DefNew: 522K->9K(576K), 0.0001905 secs] 6247K->5735K(8116K), 0.0002321 secs]
45.509: [GC 45.509: [DefNew: 521K->9K(576K), 0.0001915 secs] 6247K->5735K(8116K), 0.0002323 secs]
45.516: [GC 45.516: [DefNew: 521K->9K(576K), 0.0002254 secs] 6247K->5737K(8116K), 0.0002712 secs]
45.523: [GC 45.523: [DefNew: 521K->9K(576K), 0.0001839 secs] 6249K->5737K(8116K), 0.0002249 secs]
45.530: [GC 45.530: [DefNew: 521K->10K(576K), 0.0002114 secs] 6249K->5738K(8116K), 0.0002555 secs]
45.537: [GC 45.537: [DefNew: 522K->9K(576K), 0.0002206 secs] 6250K->5738K(8116K), 0.0002659 secs]
45.544: [GC 45.544: [DefNew: 521K->9K(576K), 0.0002334 secs] 6250K->5739K(8116K), 0.0002810 secs]
45.551: [GC 45.551: [DefNew: 521K->10K(576K), 0.0001895 secs] 6251K->5740K(8116K), 0.0002301 secs]
45.558: [GC 45.558: [DefNew: 522K->9K(576K), 0.0002255 secs] 6252K->5740K(8116K), 0.0002711 secs]
45.565: [GC 45.565: [DefNew: 521K->9K(576K), 0.0002235 secs] 6252K->5741K(8116K), 0.0002709 secs]
45.573: [GC 45.573: [DefNew: 521K->10K(576K), 0.0002306 secs] 6253K->5742K(8116K), 0.0002780 secs]
45.580: [GC 45.580: [DefNew: 522K->9K(576K), 0.0002369 secs] 6254K->5742K(8116K), 0.0002918 secs]
45.588: [GC 45.588: [DefNew: 521K->9K(576K), 0.0002341 secs] 6254K->5743K(8116K), 0.0002805 secs]
45.595: [GC 45.595: [DefNew: 521K->10K(576K), 0.0002057 secs] 6255K->5744K(8116K), 0.0002477 secs]
45.602: [GC 45.602: [DefNew: 522K->9K(576K), 0.0001844 secs] 6256K->5744K(8116K), 0.0002244 secs]
45.609: [GC 45.609: [DefNew: 521K->9K(576K), 0.0002189 secs] 6256K->5744K(8116K), 0.0002648 secs]
45.616: [GC 45.616: [DefNew: 521K->10K(576K), 0.0001872 secs] 6256K->5746K(8116K), 0.0002292 secs]
45.623: [GC 45.623: [DefNew: 522K->9K(576K), 0.0002157 secs] 6258K->5746K(8116K), 0.0002673 secs]
45.630: [GC 45.630: [DefNew: 521K->9K(576K), 0.0001807 secs] 6258K->5746K(8116K), 0.0002201 secs]
45.637: [GC 45.637: [DefNew: 521K->10K(576K), 0.0001958 secs] 6258K->5748K(8116K), 0.0002379 secs]
45.644: [GC 45.644: [DefNew: 522K->9K(576K), 0.0001824 secs] 6260K->5748K(8116K), 0.0002234 secs]
45.651: [GC 45.651: [DefNew: 521K->10K(576K), 0.0001960 secs] 6260K->5749K(8116K), 0.0002396 secs]
45.659: [GC 45.659: [DefNew: 522K->9K(576K), 0.0002512 secs] 6261K->5749K(8116K), 0.0002969 secs]
45.666: [GC 45.666: [DefNew: 521K->9K(576K), 0.0002384 secs] 6261K->5750K(8116K), 0.0002870 secs]
45.673: [GC 45.673: [DefNew: 521K->10K(576K), 0.0001927 secs] 6262K->5751K(8116K), 0.0002333 secs]
45.680: [GC 45.680: [DefNew: 522K->9K(576K), 0.0002085 secs] 6263K->5751K(8116K), 0.0002525 secs]
45.687: [GC 45.687: [DefNew: 521K->9K(576K), 0.0001954 secs] 6263K->5752K(8116K), 0.0002361 secs]
45.694: [GC 45.694: [DefNew: 521K->10K(576K), 0.0001904 secs] 6264K->5753K(8116K), 0.0002329 secs]
45.701: [GC 45.701: [DefNew: 522K->9K(576K), 0.0001998 secs] 6265K->5753K(8116K), 0.0002407 secs]
45.708: [GC 45.708: [DefNew: 521K->9K(576K), 0.0001914 secs] 6265K->5754K(8116K), 0.0002322 secs]
45.716: [GC 45.716: [DefNew: 521K->10K(576K), 0.0002252 secs] 6266K->5755K(8116K), 0.0002717 secs]
45.723: [GC 45.723: [DefNew: 522K->9K(576K), 0.0002278 secs] 6267K->5755K(8116K), 0.0002681 secs]
45.730: [GC 45.730: [DefNew: 521K->9K(576K), 0.0002267 secs] 6267K->5756K(8116K), 0.0002730 secs]
45.738: [GC 45.738: [DefNew: 521K->10K(576K), 0.0001919 secs] 6268K->5757K(8116K), 0.0002339 secs]
45.745: [GC 45.745: [DefNew: 522K->9K(576K), 0.0002031 secs] 6269K->5757K(8116K), 0.0002469 secs]
45.751: [GC 45.751: [DefNew: 521K->9K(576K), 0.0001867 secs] 6269K->5757K(8116K), 0.0002324 secs]
45.759: [GC 45.759: [DefNew: 521K->10K(576K), 0.0002262 secs] 6269K->5759K(8116K), 0.0002730 secs]
45.766: [GC 45.766: [DefNew: 522K->9K(576K), 0.0001921 secs] 6271K->5759K(8116K), 0.0002333 secs]
45.773: [GC 45.773: [DefNew: 521K->10K(576K), 0.0001882 secs] 6271K->5760K(8116K), 0.0002297 secs]
45.780: [GC 45.780: [DefNew: 522K->10K(576K), 0.0002375 secs] 6272K->5761K(8116K), 0.0002838 secs]
45.787: [GC 45.787: [DefNew: 522K->9K(576K), 0.0002158 secs] 6273K->5761K(8116K), 0.0002619 secs]
45.796: [GC 45.796: [DefNew: 521K->10K(576K), 0.0002411 secs] 6273K->5762K(8116K), 0.0002889 secs]
45.803: [GC 45.803: [DefNew: 522K->9K(576K), 0.0001881 secs] 6274K->5762K(8116K), 0.0002293 secs]
45.811: [GC 45.811: [DefNew: 521K->9K(576K), 0.0002311 secs] 6274K->5763K(8116K), 0.0002768 secs]
45.819: [GC 45.819: [DefNew: 521K->10K(576K), 0.0001912 secs] 6275K->5764K(8116K), 0.0002321 secs]
45.826: [GC 45.826: [DefNew: 522K->9K(576K), 0.0002064 secs] 6276K->5764K(8116K), 0.0002504 secs]
45.833: [GC 45.833: [DefNew: 521K->9K(576K), 0.0001859 secs] 6276K->5765K(8116K), 0.0002324 secs]
45.840: [GC 45.840: [DefNew: 521K->10K(576K), 0.0002503 secs] 6277K->5766K(8116K), 0.0002975 secs]
45.847: [GC 45.847: [DefNew: 522K->9K(576K), 0.0002121 secs] 6278K->5766K(8116K), 0.0002553 secs]
45.854: [GC 45.854: [DefNew: 521K->9K(576K), 0.0002213 secs] 6278K->5767K(8116K), 0.0002675 secs]
45.862: [GC 45.862: [DefNew: 521K->10K(576K), 0.0002126 secs] 6279K->5768K(8116K), 0.0002559 secs]
45.869: [GC 45.869: [DefNew: 522K->9K(576K), 0.0002364 secs] 6280K->5768K(8116K), 0.0002840 secs]
45.876: [GC 45.876: [DefNew: 521K->9K(576K), 0.0002046 secs] 6280K->5769K(8116K), 0.0002466 secs]
45.883: [GC 45.883: [DefNew: 521K->10K(576K), 0.0002211 secs] 6281K->5770K(8116K), 0.0002655 secs]
45.891: [GC 45.891: [DefNew: 522K->9K(576K), 0.0002348 secs] 6282K->5770K(8116K), 0.0002824 secs]
45.898: [GC 45.898: [DefNew: 521K->10K(576K), 0.0001823 secs] 6282K->5771K(8116K), 0.0002223 secs]
45.906: [GC 45.906: [DefNew: 522K->9K(576K), 0.0002322 secs] 6283K->5772K(8116K), 0.0002787 secs]
45.913: [GC 45.913: [DefNew: 521K->9K(576K), 0.0001933 secs] 6284K->5772K(8116K), 0.0002355 secs]
45.920: [GC 45.920: [DefNew: 521K->10K(576K), 0.0002249 secs] 6284K->5773K(8116K), 0.0002725 secs]
45.927: [GC 45.927: [DefNew: 522K->9K(576K), 0.0002246 secs] 6285K->5774K(8116K), 0.0002649 secs]
45.934: [GC 45.934: [DefNew: 521K->9K(576K), 0.0002053 secs] 6286K->5774K(8116K), 0.0002535 secs]
45.941: [GC 45.941: [DefNew: 521K->10K(576K), 0.0001902 secs] 6286K->5775K(8116K), 0.0002313 secs]
45.948: [GC 45.948: [DefNew: 522K->9K(576K), 0.0002063 secs] 6287K->5775K(8116K), 0.0002505 secs]
45.955: [GC 45.955: [DefNew: 521K->9K(576K), 0.0002142 secs] 6287K->5776K(8116K), 0.0002592 secs]
45.963: [GC 45.963: [DefNew: 521K->10K(576K), 0.0002483 secs] 6288K->5777K(8116K), 0.0002944 secs]
45.969: [GC 45.969: [DefNew: 522K->9K(576K), 0.0001939 secs] 6289K->5777K(8116K), 0.0002342 secs]
45.976: [GC 45.976: [DefNew: 521K->9K(576K), 0.0001807 secs] 6289K->5778K(8116K), 0.0002206 secs]
45.984: [GC 45.984: [DefNew: 521K->10K(576K), 0.0002626 secs] 6290K->5779K(8116K), 0.0003134 secs]
45.991: [GC 45.991: [DefNew: 522K->9K(576K), 0.0002282 secs] 6291K->5779K(8116K), 0.0002754 secs]
45.998: [GC 45.998: [DefNew: 521K->10K(576K), 0.0002061 secs] 6291K->5780K(8116K), 0.0002504 secs]
46.005: [GC 46.005: [DefNew: 522K->10K(576K), 0.0001931 secs] 6292K->5781K(8116K), 0.0002333 secs]
46.012: [GC 46.012: [DefNew: 522K->9K(576K), 0.0001958 secs] 6293K->5781K(8116K), 0.0002374 secs]
46.019: [GC 46.019: [DefNew: 521K->10K(576K), 0.0001917 secs] 6293K->5782K(8116K), 0.0002320 secs]
46.026: [GC 46.026: [DefNew: 522K->9K(576K), 0.0002018 secs] 6294K->5783K(8116K), 0.0002453 secs]
46.033: [GC 46.033: [DefNew: 521K->9K(576K), 0.0001820 secs] 6295K->5783K(8116K), 0.0002219 secs]
46.040: [GC 46.040: [DefNew: 521K->10K(576K), 0.0001894 secs] 6295K->5784K(8116K), 0.0002306 secs]
46.048: [GC 46.048: [DefNew: 522K->9K(576K), 0.0002278 secs] 6296K->5785K(8116K), 0.0002738 secs]
46.055: [GC 46.055: [DefNew: 521K->9K(576K), 0.0001832 secs] 6297K->5785K(8116K), 0.0002239 secs]
46.062: [GC 46.062: [DefNew: 521K->10K(576K), 0.0002187 secs] 6297K->5786K(8116K), 0.0002632 secs]
46.069: [GC 46.069: [DefNew: 522K->9K(576K), 0.0001892 secs] 6298K->5787K(8116K), 0.0002308 secs]
46.076: [GC 46.076: [DefNew: 521K->9K(576K), 0.0001921 secs] 6299K->5787K(8116K), 0.0002331 secs]
46.083: [GC 46.083: [DefNew: 521K->10K(576K), 0.0002042 secs] 6299K->5788K(8116K), 0.0002480 secs]
46.090: [GC 46.090: [DefNew: 522K->9K(576K), 0.0002046 secs] 6300K->5788K(8116K), 0.0002534 secs]
46.097: [GC 46.097: [DefNew: 521K->10K(576K), 0.0001789 secs] 6300K->5789K(8116K), 0.0002189 secs]
46.104: [GC 46.104: [DefNew: 522K->10K(576K), 0.0002301 secs] 6301K->5790K(8116K), 0.0002766 secs]
46.111: [GC 46.111: [DefNew: 522K->9K(576K), 0.0001847 secs] 6302K->5790K(8116K), 0.0002248 secs]
46.118: [GC 46.118: [DefNew: 521K->10K(576K), 0.0001852 secs] 6302K->5791K(8116K), 0.0002255 secs]
46.125: [GC 46.125: [DefNew: 522K->9K(576K), 0.0002158 secs] 6303K->5792K(8116K), 0.0002615 secs]
46.132: [GC 46.132: [DefNew: 521K->9K(576K), 0.0001821 secs] 6304K->5792K(8116K), 0.0002229 secs]
46.139: [GC 46.140: [DefNew: 521K->10K(576K), 0.0002006 secs] 6304K->5793K(8116K), 0.0002433 secs]
46.146: [GC 46.146: [DefNew: 522K->9K(576K), 0.0001858 secs] 6305K->5794K(8116K), 0.0002258 secs]
46.154: [GC 46.154: [DefNew: 521K->9K(576K), 0.0002140 secs] 6306K->5794K(8116K), 0.0002588 secs]
46.161: [GC 46.161: [DefNew: 521K->10K(576K), 0.0001927 secs] 6306K->5795K(8116K), 0.0002335 secs]
46.168: [GC 46.168: [DefNew: 522K->9K(576K), 0.0002203 secs] 6307K->5796K(8116K), 0.0002658 secs]
46.175: [GC 46.175: [DefNew: 521K->9K(576K), 0.0001761 secs] 6308K->5796K(8116K), 0.0002157 secs]
46.182: [GC 46.182: [DefNew: 521K->10K(576K), 0.0002306 secs] 6308K->5797K(8116K), 0.0002856 secs]
46.189: [GC 46.189: [DefNew: 522K->9K(576K), 0.0002128 secs] 6309K->5798K(8116K), 0.0002576 secs]
46.195: [GC 46.195: [DefNew: 521K->9K(576K), 0.0001833 secs] 6310K->5798K(8116K), 0.0002237 secs]
46.202: [GC 46.202: [DefNew: 521K->10K(576K), 0.0002129 secs] 6310K->5799K(8116K), 0.0002585 secs]
46.208: [GC 46.208: [DefNew: 522K->9K(576K), 0.0002059 secs] 6311K->5800K(8116K), 0.0002478 secs]
46.215: [GC 46.215: [DefNew: 521K->10K(576K), 0.0002272 secs] 6312K->5801K(8116K), 0.0002732 secs]
46.222: [GC 46.222: [DefNew: 522K->9K(576K), 0.0001943 secs] 6313K->5801K(8116K), 0.0002360 secs]
46.228: [GC 46.228: [DefNew: 521K->9K(576K), 0.0002372 secs] 6313K->5802K(8116K), 0.0002859 secs]
46.235: [GC 46.235: [DefNew: 521K->10K(576K), 0.0002030 secs] 6314K->5803K(8116K), 0.0002462 secs]
46.241: [GC 46.241: [DefNew: 522K->9K(576K), 0.0001861 secs] 6315K->5803K(8116K), 0.0002267 secs]
46.247: [GC 46.247: [DefNew: 521K->9K(576K), 0.0001847 secs] 6315K->5803K(8116K), 0.0002250 secs]
46.254: [GC 46.254: [DefNew: 521K->10K(576K), 0.0002150 secs] 6315K->5805K(8116K), 0.0002600 secs]
46.261: [GC 46.261: [DefNew: 522K->9K(576K), 0.0002057 secs] 6317K->5805K(8116K), 0.0002494 secs]
46.267: [GC 46.267: [DefNew: 521K->9K(576K), 0.0001816 secs] 6317K->5805K(8116K), 0.0002218 secs]
46.274: [GC 46.274: [DefNew: 521K->10K(576K), 0.0002795 secs] 6317K->5807K(8116K), 0.0003228 secs]
46.280: [GC 46.280: [DefNew: 522K->9K(576K), 0.0002307 secs] 6319K->5807K(8116K), 0.0002768 secs]
46.287: [GC 46.287: [DefNew: 521K->10K(576K), 0.0001933 secs] 6319K->5808K(8116K), 0.0002351 secs]
46.293: [GC 46.293: [DefNew: 522K->10K(576K), 0.0002314 secs] 6320K->5808K(8116K), 0.0002773 secs]
46.300: [GC 46.300: [DefNew: 522K->9K(576K), 0.0001835 secs] 6320K->5809K(8116K), 0.0002231 secs]
46.306: [GC 46.306: [DefNew: 521K->10K(576K), 0.0002041 secs] 6321K->5810K(8116K), 0.0002483 secs]
46.313: [GC 46.313: [DefNew: 522K->9K(576K), 0.0001887 secs] 6322K->5810K(8116K), 0.0002291 secs]
46.319: [GC 46.319: [DefNew: 521K->9K(576K), 0.0002054 secs] 6322K->5811K(8116K), 0.0002486 secs]
46.326: [GC 46.326: [DefNew: 521K->10K(576K), 0.0001938 secs] 6323K->5812K(8116K), 0.0002354 secs]
46.332: [GC 46.332: [DefNew: 522K->9K(576K), 0.0001887 secs] 6324K->5812K(8116K), 0.0002298 secs]
46.339: [GC 46.339: [DefNew: 521K->9K(576K), 0.0001998 secs] 6324K->5813K(8116K), 0.0002449 secs]
46.345: [GC 46.345: [DefNew: 521K->10K(576K), 0.0001848 secs] 6325K->5814K(8116K), 0.0002251 secs]
46.352: [GC 46.352: [DefNew: 522K->9K(576K), 0.0001864 secs] 6326K->5814K(8116K), 0.0002254 secs]
46.358: [GC 46.358: [DefNew: 521K->10K(576K), 0.0002195 secs] 6326K->5815K(8116K), 0.0002658 secs]
46.365: [GC 46.365: [DefNew: 522K->10K(576K), 0.0002206 secs] 6327K->5816K(8116K), 0.0002683 secs]
46.372: [GC 46.372: [DefNew: 522K->9K(576K), 0.0002318 secs] 6328K->5816K(8116K), 0.0002801 secs]
46.380: [GC 46.380: [DefNew: 521K->10K(576K), 0.0002292 secs] 6328K->5817K(8116K), 0.0002758 secs]
46.386: [GC 46.386: [DefNew: 522K->10K(576K), 0.0002365 secs] 6329K->5818K(8116K), 0.0002854 secs]
46.393: [GC 46.393: [DefNew: 522K->9K(576K), 0.0001965 secs] 6330K->5818K(8116K), 0.0002387 secs]
46.399: [GC 46.399: [DefNew: 521K->10K(576K), 0.0001920 secs] 6330K->5819K(8116K), 0.0002333 secs]
46.406: [GC 46.406: [DefNew: 522K->9K(576K), 0.0002361 secs] 6331K->5820K(8116K), 0.0002850 secs]
46.413: [GC 46.413: [DefNew: 521K->9K(576K), 0.0002320 secs] 6332K->5820K(8116K), 0.0002793 secs]
46.421: [GC 46.421: [DefNew: 521K->10K(576K), 0.0002412 secs] 6332K->5821K(8116K), 0.0002897 secs]
46.428: [GC 46.428: [DefNew: 522K->9K(576K), 0.0002380 secs] 6333K->5822K(8116K), 0.0002847 secs]
46.434: [GC 46.434: [DefNew: 521K->10K(576K), 0.0002076 secs] 6334K->5823K(8116K), 0.0002525 secs]
46.441: [GC 46.441: [DefNew: 522K->10K(576K), 0.0002473 secs] 6335K->5823K(8116K), 0.0002967 secs]
46.447: [GC 46.448: [DefNew: 522K->9K(576K), 0.0002162 secs] 6335K->5824K(8116K), 0.0002606 secs]
46.454: [GC 46.454: [DefNew: 521K->10K(576K), 0.0002103 secs] 6336K->5825K(8116K), 0.0002554 secs]
46.461: [GC 46.461: [DefNew: 522K->10K(576K), 0.0001946 secs] 6337K->5825K(8116K), 0.0002438 secs]
46.467: [GC 46.467: [DefNew: 522K->9K(576K), 0.0002143 secs] 6337K->5826K(8116K), 0.0002582 secs]
46.474: [GC 46.474: [DefNew: 521K->10K(576K), 0.0002050 secs] 6338K->5827K(8116K), 0.0002469 secs]
46.481: [GC 46.481: [DefNew: 522K->9K(576K), 0.0002559 secs] 6339K->5827K(8116K), 0.0003036 secs]
46.487: [GC 46.487: [DefNew: 521K->9K(576K), 0.0002087 secs] 6339K->5827K(8116K), 0.0002529 secs]
46.494: [GC 46.494: [DefNew: 521K->10K(576K), 0.0002246 secs] 6339K->5829K(8116K), 0.0002709 secs]
46.501: [GC 46.501: [DefNew: 522K->9K(576K), 0.0002284 secs] 6341K->5829K(8116K), 0.0002748 secs]
46.508: [GC 46.508: [DefNew: 521K->10K(576K), 0.0001948 secs] 6341K->5830K(8116K), 0.0002366 secs]
46.514: [GC 46.514: [DefNew: 522K->10K(576K), 0.0002179 secs] 6342K->5831K(8116K), 0.0002626 secs]
46.521: [GC 46.521: [DefNew: 522K->9K(576K), 0.0001853 secs] 6343K->5831K(8116K), 0.0002249 secs]
46.528: [GC 46.528: [DefNew: 521K->10K(576K), 0.0002218 secs] 6343K->5832K(8116K), 0.0002669 secs]
46.534: [GC 46.534: [DefNew: 522K->10K(576K), 0.0001815 secs] 6344K->5833K(8116K), 0.0002210 secs]
46.540: [GC 46.540: [DefNew: 522K->9K(576K), 0.0002262 secs] 6345K->5833K(8116K), 0.0002725 secs]
46.547: [GC 46.547: [DefNew: 521K->10K(576K), 0.0002049 secs] 6345K->5834K(8116K), 0.0002552 secs]
46.553: [GC 46.554: [DefNew: 522K->10K(576K), 0.0002332 secs] 6346K->5835K(8116K), 0.0002797 secs]
46.560: [GC 46.560: [DefNew: 522K->10K(576K), 0.0002199 secs] 6347K->5835K(8116K), 0.0002652 secs]
46.567: [GC 46.567: [DefNew: 522K->10K(576K), 0.0001866 secs] 6347K->5836K(8116K), 0.0002264 secs]
46.573: [GC 46.573: [DefNew: 522K->9K(576K), 0.0001885 secs] 6348K->5837K(8116K), 0.0002293 secs]
46.580: [GC 46.580: [DefNew: 521K->10K(576K), 0.0002050 secs] 6349K->5838K(8116K), 0.0002489 secs]
46.586: [GC 46.586: [DefNew: 522K->10K(576K), 0.0002191 secs] 6350K->5838K(8116K), 0.0002647 secs]
46.594: [GC 46.594: [DefNew: 522K->9K(576K), 0.0002601 secs] 6350K->5838K(8116K), 0.0003563 secs]
46.601: [GC 46.601: [DefNew: 521K->10K(576K), 0.0002306 secs] 6350K->5840K(8116K), 0.0002776 secs]
46.609: [GC 46.609: [DefNew: 522K->10K(576K), 0.0002410 secs] 6352K->5840K(8116K), 0.0002879 secs]
46.615: [GC 46.615: [DefNew: 522K->10K(576K), 0.0001802 secs] 6352K->5841K(8116K), 0.0002214 secs]
46.622: [GC 46.622: [DefNew: 522K->10K(576K), 0.0002034 secs] 6353K->5842K(8116K), 0.0002458 secs]
46.628: [GC 46.628: [DefNew: 522K->9K(576K), 0.0002183 secs] 6354K->5842K(8116K), 0.0002616 secs]
46.635: [GC 46.635: [DefNew: 521K->10K(576K), 0.0002100 secs] 6354K->5843K(8116K), 0.0002516 secs]
46.641: [GC 46.641: [DefNew: 522K->10K(576K), 0.0001904 secs] 6355K->5844K(8116K), 0.0002312 secs]
46.647: [GC 46.647: [DefNew: 522K->9K(576K), 0.0001830 secs] 6356K->5844K(8116K), 0.0002223 secs]
46.654: [GC 46.654: [DefNew: 521K->10K(576K), 0.0002030 secs] 6356K->5845K(8116K), 0.0002463 secs]
46.660: [GC 46.660: [DefNew: 522K->10K(576K), 0.0001906 secs] 6357K->5846K(8116K), 0.0002313 secs]
46.667: [GC 46.667: [DefNew: 522K->10K(576K), 0.0002300 secs] 6358K->5846K(8116K), 0.0002714 secs]
46.674: [GC 46.674: [DefNew: 522K->10K(576K), 0.0002361 secs] 6358K->5847K(8116K), 0.0002912 secs]
46.680: [GC 46.680: [DefNew: 522K->9K(576K), 0.0001976 secs] 6359K->5848K(8116K), 0.0002410 secs]
46.687: [GC 46.687: [DefNew: 521K->10K(576K), 0.0002251 secs] 6360K->5849K(8116K), 0.0002713 secs]
46.694: [GC 46.694: [DefNew: 522K->10K(576K), 0.0001858 secs] 6361K->5849K(8116K), 0.0002318 secs]
46.700: [GC 46.700: [DefNew: 522K->10K(576K), 0.0002055 secs] 6361K->5850K(8116K), 0.0002492 secs]
46.707: [GC 46.707: [DefNew: 522K->10K(576K), 0.0002001 secs] 6362K->5851K(8116K), 0.0002416 secs]
46.713: [GC 46.713: [DefNew: 522K->10K(576K), 0.0001893 secs] 6363K->5851K(8116K), 0.0002300 secs]
46.720: [GC 46.720: [DefNew: 522K->10K(576K), 0.0002073 secs] 6363K->5852K(8116K), 0.0002601 secs]
46.727: [GC 46.727: [DefNew: 522K->10K(576K), 0.0001919 secs] 6364K->5853K(8116K), 0.0002334 secs]
46.733: [GC 46.733: [DefNew: 522K->10K(576K), 0.0002250 secs] 6365K->5853K(8116K), 0.0002796 secs]
46.740: [GC 46.740: [DefNew: 522K->10K(576K), 0.0001931 secs] 6365K->5854K(8116K), 0.0002342 secs]
46.746: [GC 46.746: [DefNew: 522K->11K(576K), 0.0002200 secs] 6366K->5855K(8116K), 0.0002641 secs]
46.753: [GC 46.753: [DefNew: 523K->10K(576K), 0.0001851 secs] 6367K->5855K(8116K), 0.0002249 secs]
46.759: [GC 46.759: [DefNew: 522K->10K(576K), 0.0001980 secs] 6367K->5856K(8116K), 0.0002413 secs]
46.766: [GC 46.766: [DefNew: 522K->10K(576K), 0.0001883 secs] 6368K->5857K(8116K), 0.0002279 secs]
46.772: [GC 46.772: [DefNew: 522K->10K(576K), 0.0001881 secs] 6369K->5858K(8116K), 0.0002275 secs]
46.779: [GC 46.779: [DefNew: 522K->10K(576K), 0.0002154 secs] 6370K->5858K(8116K), 0.0002768 secs]
46.785: [GC 46.785: [DefNew: 522K->10K(576K), 0.0002112 secs] 6370K->5859K(8116K), 0.0002549 secs]
46.793: [GC 46.794: [DefNew: 522K->10K(576K), 0.0002522 secs] 6371K->5860K(8116K), 0.0003000 secs]
46.800: [GC 46.800: [DefNew: 522K->11K(576K), 0.0002232 secs] 6372K->5860K(8116K), 0.0002677 secs]
46.806: [GC 46.806: [DefNew: 523K->10K(576K), 0.0001885 secs] 6372K->5861K(8116K), 0.0002291 secs]
46.813: [GC 46.813: [DefNew: 522K->10K(576K), 0.0002152 secs] 6373K->5862K(8116K), 0.0002602 secs]
46.819: [GC 46.820: [DefNew: 522K->10K(576K), 0.0001854 secs] 6374K->5862K(8116K), 0.0002261 secs]
46.826: [GC 46.826: [DefNew: 522K->10K(576K), 0.0002144 secs] 6374K->5863K(8116K), 0.0002594 secs]
46.832: [GC 46.833: [DefNew: 522K->10K(576K), 0.0001900 secs] 6375K->5864K(8116K), 0.0002304 secs]
46.839: [GC 46.839: [DefNew: 522K->10K(576K), 0.0002207 secs] 6376K->5864K(8116K), 0.0002653 secs]
46.846: [GC 46.846: [DefNew: 522K->11K(576K), 0.0001915 secs] 6376K->5865K(8116K), 0.0002324 secs]
46.852: [GC 46.852: [DefNew: 523K->11K(576K), 0.0001993 secs] 6377K->5866K(8116K), 0.0002426 secs]
46.859: [GC 46.859: [DefNew: 523K->10K(576K), 0.0002265 secs] 6378K->5866K(8116K), 0.0002730 secs]
46.865: [GC 46.865: [DefNew: 522K->11K(576K), 0.0001897 secs] 6378K->5867K(8116K), 0.0002307 secs]
46.872: [GC 46.872: [DefNew: 523K->10K(576K), 0.0002065 secs] 6379K->5868K(8116K), 0.0002497 secs]
46.878: [GC 46.878: [DefNew: 522K->11K(576K), 0.0001877 secs] 6380K->5869K(8116K), 0.0002282 secs]
46.885: [GC 46.885: [DefNew: 523K->10K(576K), 0.0002127 secs] 6381K->5869K(8116K), 0.0002579 secs]
46.891: [GC 46.891: [DefNew: 522K->10K(576K), 0.0002063 secs] 6381K->5870K(8116K), 0.0002554 secs]
46.898: [GC 46.898: [DefNew: 522K->11K(576K), 0.0001951 secs] 6382K->5871K(8116K), 0.0002365 secs]
46.905: [GC 46.905: [DefNew: 523K->10K(576K), 0.0002274 secs] 6383K->5871K(8116K), 0.0002748 secs]
46.911: [GC 46.911: [DefNew: 522K->10K(576K), 0.0001894 secs] 6383K->5872K(8116K), 0.0002300 secs]
46.918: [GC 46.918: [DefNew: 522K->11K(576K), 0.0002314 secs] 6384K->5873K(8116K), 0.0002783 secs]
46.925: [GC 46.925: [DefNew: 523K->10K(576K), 0.0001815 secs] 6385K->5873K(8116K), 0.0002212 secs]
46.931: [GC 46.931: [DefNew: 522K->10K(576K), 0.0002031 secs] 6385K->5875K(8116K), 0.0002457 secs]
46.938: [GC 46.938: [DefNew: 522K->11K(576K), 0.0001960 secs] 6387K->5875K(8116K), 0.0002382 secs]
46.944: [GC 46.944: [DefNew: 523K->10K(576K), 0.0001838 secs] 6387K->5875K(8116K), 0.0002244 secs]
46.951: [GC 46.951: [DefNew: 522K->10K(576K), 0.0002384 secs] 6387K->5877K(8116K), 0.0002829 secs]
46.957: [GC 46.957: [DefNew: 522K->11K(576K), 0.0001856 secs] 6389K->5877K(8116K), 0.0002259 secs]
46.964: [GC 46.964: [DefNew: 523K->10K(576K), 0.0002164 secs] 6389K->5878K(8116K), 0.0002613 secs]
46.970: [GC 46.970: [DefNew: 522K->11K(576K), 0.0001945 secs] 6390K->5879K(8116K), 0.0002353 secs]
46.977: [GC 46.977: [DefNew: 523K->10K(576K), 0.0001832 secs] 6391K->5879K(8116K), 0.0002228 secs]
46.984: [GC 46.984: [DefNew: 522K->11K(576K), 0.0002348 secs] 6391K->5880K(8116K), 0.0002848 secs]
46.991: [GC 46.991: [DefNew: 523K->11K(576K), 0.0002321 secs] 6392K->5881K(8116K), 0.0002789 secs]
46.997: [GC 46.997: [DefNew: 523K->10K(576K), 0.0002118 secs] 6393K->5881K(8116K), 0.0002631 secs]
47.004: [GC 47.004: [DefNew: 522K->11K(576K), 0.0001882 secs] 6393K->5882K(8116K), 0.0002281 secs]
47.010: [GC 47.010: [DefNew: 523K->10K(576K), 0.0001988 secs] 6394K->5883K(8116K), 0.0002479 secs]
47.017: [GC 47.017: [DefNew: 522K->11K(576K), 0.0001939 secs] 6395K->5884K(8116K), 0.0002347 secs]
47.023: [GC 47.023: [DefNew: 523K->11K(576K), 0.0001995 secs] 6396K->5884K(8116K), 0.0002418 secs]
47.030: [GC 47.030: [DefNew: 523K->10K(576K), 0.0002125 secs] 6396K->5885K(8116K), 0.0002579 secs]
47.037: [GC 47.037: [DefNew: 522K->11K(576K), 0.0001872 secs] 6397K->5886K(8116K), 0.0002278 secs]
47.043: [GC 47.043: [DefNew: 523K->11K(576K), 0.0002247 secs] 6398K->5886K(8116K), 0.0002712 secs]
47.050: [GC 47.050: [DefNew: 523K->10K(576K), 0.0002020 secs] 6398K->5887K(8116K), 0.0002438 secs]
47.056: [GC 47.056: [DefNew: 522K->11K(576K), 0.0001848 secs] 6399K->5888K(8116K), 0.0002260 secs]
47.063: [GC 47.063: [DefNew: 523K->10K(576K), 0.0002548 secs] 6400K->5888K(8116K), 0.0003013 secs]
47.070: [GC 47.070: [DefNew: 522K->11K(576K), 0.0001949 secs] 6400K->5890K(8116K), 0.0002352 secs]
47.076: [GC 47.076: [DefNew: 523K->11K(576K), 0.0001999 secs] 6402K->5890K(8116K), 0.0002434 secs]
47.083: [GC 47.083: [DefNew: 523K->10K(576K), 0.0001977 secs] 6402K->5891K(8116K), 0.0002387 secs]
47.089: [GC 47.089: [DefNew: 522K->11K(576K), 0.0002188 secs] 6403K->5892K(8116K), 0.0002648 secs]
47.096: [GC 47.096: [DefNew: 523K->10K(576K), 0.0001935 secs] 6404K->5892K(8116K), 0.0002350 secs]
47.103: [GC 47.103: [DefNew: 522K->11K(576K), 0.0002259 secs] 6404K->5893K(8116K), 0.0002720 secs]
47.109: [GC 47.109: [DefNew: 523K->11K(576K), 0.0001962 secs] 6405K->5894K(8116K), 0.0002382 secs]
47.115: [GC 47.115: [DefNew: 523K->10K(576K), 0.0001888 secs] 6406K->5894K(8116K), 0.0002296 secs]
47.122: [GC 47.122: [DefNew: 522K->11K(576K), 0.0001950 secs] 6406K->5895K(8116K), 0.0002371 secs]
47.128: [GC 47.129: [DefNew: 523K->11K(576K), 0.0002036 secs] 6407K->5895K(8116K), 0.0002474 secs]
47.136: [GC 47.136: [DefNew: 523K->11K(576K), 0.0002270 secs] 6407K->5897K(8116K), 0.0002734 secs]
47.142: [GC 47.142: [DefNew: 523K->11K(576K), 0.0001856 secs] 6409K->5897K(8116K), 0.0002263 secs]
47.148: [GC 47.148: [DefNew: 523K->10K(576K), 0.0001849 secs] 6409K->5897K(8116K), 0.0002239 secs]
47.155: [GC 47.155: [DefNew: 522K->11K(576K), 0.0002147 secs] 6409K->5899K(8116K), 0.0002591 secs]
47.162: [GC 47.162: [DefNew: 523K->11K(576K), 0.0001852 secs] 6411K->5899K(8116K), 0.0002255 secs]
47.168: [GC 47.168: [DefNew: 523K->10K(576K), 0.0002251 secs] 6411K->5900K(8116K), 0.0002714 secs]
47.175: [GC 47.175: [DefNew: 522K->11K(576K), 0.0001851 secs] 6412K->5901K(8116K), 0.0002253 secs]
47.181: [GC 47.181: [DefNew: 523K->10K(576K), 0.0001945 secs] 6413K->5901K(8116K), 0.0002360 secs]
47.188: [GC 47.188: [DefNew: 522K->10K(576K), 0.0002477 secs] 6413K->5902K(8116K), 0.0002978 secs]
47.195: [GC 47.195: [DefNew: 522K->11K(576K), 0.0002431 secs] 6414K->5903K(8116K), 0.0002929 secs]
47.202: [GC 47.202: [DefNew: 523K->10K(576K), 0.0002287 secs] 6415K->5903K(8116K), 0.0002750 secs]
47.209: [GC 47.209: [DefNew: 522K->10K(576K), 0.0002070 secs] 6415K->5904K(8116K), 0.0002497 secs]
47.215: [GC 47.215: [DefNew: 522K->11K(576K), 0.0002095 secs] 6416K->5905K(8116K), 0.0002513 secs]
47.222: [GC 47.222: [DefNew: 523K->10K(576K), 0.0002176 secs] 6417K->5906K(8116K), 0.0002617 secs]
47.228: [GC 47.229: [DefNew: 522K->10K(576K), 0.0002311 secs] 6418K->5906K(8116K), 0.0002777 secs]
47.235: [GC 47.235: [DefNew: 522K->10K(576K), 0.0002098 secs] 6418K->5907K(8116K), 0.0002510 secs]
47.242: [GC 47.242: [DefNew: 522K->11K(576K), 0.0002049 secs] 6419K->5908K(8116K), 0.0002479 secs]
47.248: [GC 47.248: [DefNew: 523K->11K(576K), 0.0002255 secs] 6420K->5908K(8116K), 0.0002709 secs]
47.255: [GC 47.255: [DefNew: 523K->10K(576K), 0.0001812 secs] 6420K->5909K(8116K), 0.0002204 secs]
47.261: [GC 47.261: [DefNew: 522K->11K(576K), 0.0002027 secs] 6421K->5910K(8116K), 0.0002454 secs]
47.268: [GC 47.268: [DefNew: 523K->10K(576K), 0.0001892 secs] 6422K->5910K(8116K), 0.0002287 secs]
47.274: [GC 47.274: [DefNew: 522K->10K(576K), 0.0001934 secs] 6422K->5912K(8116K), 0.0002343 secs]
47.281: [GC 47.281: [DefNew: 522K->11K(576K), 0.0002094 secs] 6424K->5912K(8116K), 0.0002616 secs]
47.287: [GC 47.287: [DefNew: 523K->10K(576K), 0.0002163 secs] 6424K->5912K(8116K), 0.0002615 secs]
47.294: [GC 47.294: [DefNew: 522K->11K(576K), 0.0002399 secs] 6424K->5914K(8116K), 0.0002877 secs]
47.301: [GC 47.301: [DefNew: 523K->11K(576K), 0.0001885 secs] 6426K->5914K(8116K), 0.0002289 secs]
47.307: [GC 47.307: [DefNew: 523K->10K(576K), 0.0002194 secs] 6426K->5915K(8116K), 0.0002641 secs]
47.314: [GC 47.314: [DefNew: 522K->11K(576K), 0.0002023 secs] 6427K->5916K(8116K), 0.0002442 secs]
47.320: [GC 47.320: [DefNew: 523K->10K(576K), 0.0001887 secs] 6428K->5916K(8116K), 0.0002286 secs]
47.327: [GC 47.327: [DefNew: 522K->11K(576K), 0.0002421 secs] 6428K->5917K(8116K), 0.0002852 secs]
47.333: [GC 47.333: [DefNew: 523K->11K(576K), 0.0001866 secs] 6429K->5918K(8116K), 0.0002264 secs]
47.340: [GC 47.340: [DefNew: 523K->10K(576K), 0.0002135 secs] 6430K->5918K(8116K), 0.0002565 secs]
47.346: [GC 47.346: [DefNew: 522K->11K(576K), 0.0001906 secs] 6430K->5919K(8116K), 0.0002319 secs]
47.353: [GC 47.353: [DefNew: 523K->10K(576K), 0.0002276 secs] 6431K->5919K(8116K), 0.0002743 secs]
47.360: [GC 47.360: [DefNew: 522K->11K(576K), 0.0001983 secs] 6431K->5921K(8116K), 0.0002403 secs]
47.366: [GC 47.366: [DefNew: 523K->11K(576K), 0.0001796 secs] 6433K->5921K(8116K), 0.0002190 secs]
47.373: [GC 47.373: [DefNew: 523K->10K(576K), 0.0002164 secs] 6433K->5921K(8116K), 0.0002608 secs]
47.379: [GC 47.379: [DefNew: 522K->11K(576K), 0.0001953 secs] 6433K->5923K(8116K), 0.0002451 secs]
47.386: [GC 47.386: [DefNew: 523K->11K(576K), 0.0001862 secs] 6435K->5923K(8116K), 0.0002270 secs]
47.392: [GC 47.392: [DefNew: 523K->10K(576K), 0.0002218 secs] 6435K->5924K(8116K), 0.0002676 secs]
47.399: [GC 47.399: [DefNew: 522K->11K(576K), 0.0001989 secs] 6436K->5925K(8116K), 0.0003009 secs]
47.406: [GC 47.406: [DefNew: 523K->10K(576K), 0.0002260 secs] 6437K->5925K(8116K), 0.0002724 secs]
47.413: [GC 47.413: [DefNew: 522K->10K(576K), 0.0001907 secs] 6437K->5926K(8116K), 0.0002318 secs]
47.419: [GC 47.419: [DefNew: 522K->11K(576K), 0.0002289 secs] 6438K->5927K(8116K), 0.0002820 secs]
47.426: [GC 47.426: [DefNew: 523K->10K(576K), 0.0001826 secs] 6439K->5927K(8116K), 0.0002217 secs]
47.432: [GC 47.432: [DefNew: 522K->10K(576K), 0.0002081 secs] 6439K->5928K(8116K), 0.0002516 secs]
47.439: [GC 47.439: [DefNew: 522K->11K(576K), 0.0001856 secs] 6440K->5929K(8116K), 0.0002252 secs]
47.445: [GC 47.445: [DefNew: 523K->10K(576K), 0.0001863 secs] 6441K->5930K(8116K), 0.0002266 secs]
47.452: [GC 47.452: [DefNew: 522K->11K(576K), 0.0002245 secs] 6442K->5930K(8116K), 0.0002704 secs]
47.458: [GC 47.458: [DefNew: 523K->10K(576K), 0.0001909 secs] 6442K->5931K(8116K), 0.0002307 secs]
47.465: [GC 47.465: [DefNew: 522K->11K(576K), 0.0001943 secs] 6443K->5932K(8116K), 0.0002360 secs]
47.472: [GC 47.472: [DefNew: 523K->10K(576K), 0.0002074 secs] 6444K->5932K(8116K), 0.0002507 secs]
47.478: [GC 47.478: [DefNew: 522K->10K(576K), 0.0002237 secs] 6444K->5933K(8116K), 0.0002692 secs]
47.485: [GC 47.485: [DefNew: 522K->11K(576K), 0.0001961 secs] 6445K->5934K(8116K), 0.0002382 secs]
47.491: [GC 47.491: [DefNew: 523K->10K(576K), 0.0002181 secs] 6446K->5934K(8116K), 0.0002635 secs]
47.498: [GC 47.498: [DefNew: 522K->10K(576K), 0.0002030 secs] 6446K->5935K(8116K), 0.0002467 secs]
47.505: [GC 47.505: [DefNew: 522K->11K(576K), 0.0001985 secs] 6447K->5936K(8116K), 0.0002412 secs]
47.511: [GC 47.511: [DefNew: 523K->10K(576K), 0.0002183 secs] 6448K->5936K(8116K), 0.0002593 secs]
47.518: [GC 47.518: [DefNew: 522K->11K(576K), 0.0002034 secs] 6448K->5938K(8116K), 0.0002464 secs]
47.524: [GC 47.524: [DefNew: 523K->11K(576K), 0.0002026 secs] 6450K->5938K(8116K), 0.0002441 secs]
47.530: [GC 47.530: [DefNew: 523K->10K(576K), 0.0002223 secs] 6450K->5939K(8116K), 0.0002660 secs]
47.537: [GC 47.537: [DefNew: 522K->11K(576K), 0.0001846 secs] 6451K->5940K(8116K), 0.0002244 secs]
47.543: [GC 47.543: [DefNew: 523K->10K(576K), 0.0002197 secs] 6452K->5940K(8116K), 0.0002650 secs]
47.550: [GC 47.550: [DefNew: 522K->11K(576K), 0.0002066 secs] 6452K->5941K(8116K), 0.0002478 secs]
47.557: [GC 47.557: [DefNew: 523K->11K(576K), 0.0002171 secs] 6453K->5941K(8116K), 0.0002627 secs]
47.563: [GC 47.563: [DefNew: 523K->10K(576K), 0.0001874 secs] 6453K->5942K(8116K), 0.0002268 secs]
47.570: [GC 47.570: [DefNew: 522K->11K(576K), 0.0001913 secs] 6454K->5943K(8116K), 0.0002319 secs]
47.576: [GC 47.576: [DefNew: 523K->11K(576K), 0.0002162 secs] 6455K->5943K(8116K), 0.0002607 secs]
47.583: [GC 47.583: [DefNew: 523K->11K(576K), 0.0001911 secs] 6455K->5945K(8116K), 0.0002329 secs]
47.589: [GC 47.589: [DefNew: 523K->11K(576K), 0.0002075 secs] 6457K->5945K(8116K), 0.0002514 secs]
47.596: [GC 47.596: [DefNew: 523K->10K(576K), 0.0002171 secs] 6457K->5945K(8116K), 0.0002621 secs]
47.603: [GC 47.603: [DefNew: 522K->11K(576K), 0.0002010 secs] 6457K->5947K(8116K), 0.0002417 secs]
47.609: [GC 47.609: [DefNew: 523K->11K(576K), 0.0002283 secs] 6459K->5947K(8116K), 0.0002754 secs]
47.616: [GC 47.616: [DefNew: 523K->10K(576K), 0.0001917 secs] 6459K->5948K(8116K), 0.0002328 secs]
47.622: [GC 47.622: [DefNew: 522K->11K(576K), 0.0002170 secs] 6460K->5949K(8116K), 0.0002609 secs]
47.629: [GC 47.629: [DefNew: 523K->10K(576K), 0.0001866 secs] 6461K->5949K(8116K), 0.0002260 secs]
47.635: [GC 47.635: [DefNew: 522K->11K(576K), 0.0001970 secs] 6461K->5950K(8116K), 0.0002397 secs]
47.642: [GC 47.642: [DefNew: 523K->11K(576K), 0.0001930 secs] 6462K->5951K(8116K), 0.0002331 secs]
47.648: [GC 47.648: [DefNew: 523K->10K(576K), 0.0001948 secs] 6463K->5952K(8116K), 0.0002360 secs]
47.656: [GC 47.656: [DefNew: 522K->11K(576K), 0.0003163 secs] 6464K->5952K(8116K), 0.0003668 secs]
47.663: [GC 47.663: [DefNew: 523K->10K(576K), 0.0002971 secs] 6464K->5953K(8116K), 0.0003509 secs]
47.670: [GC 47.671: [DefNew: 522K->11K(576K), 0.0002604 secs] 6465K->5954K(8116K), 0.0003115 secs]
47.677: [GC 47.677: [DefNew: 523K->11K(576K), 0.0002363 secs] 6466K->5954K(8116K), 0.0002843 secs]
47.684: [GC 47.684: [DefNew: 523K->10K(576K), 0.0002243 secs] 6466K->5955K(8116K), 0.0002691 secs]
47.691: [GC 47.691: [DefNew: 522K->11K(576K), 0.0002549 secs] 6467K->5956K(8116K), 0.0002995 secs]
47.697: [GC 47.697: [DefNew: 523K->11K(576K), 0.0001961 secs] 6468K->5956K(8116K), 0.0002381 secs]
47.704: [GC 47.704: [DefNew: 523K->11K(576K), 0.0002013 secs] 6468K->5958K(8116K), 0.0002433 secs]
47.710: [GC 47.710: [DefNew: 523K->11K(576K), 0.0001849 secs] 6470K->5958K(8116K), 0.0002248 secs]
47.717: [GC 47.717: [DefNew: 523K->10K(576K), 0.0002141 secs] 6470K->5958K(8116K), 0.0002579 secs]
47.723: [GC 47.723: [DefNew: 522K->11K(576K), 0.0002354 secs] 6470K->5960K(8116K), 0.0002844 secs]
47.731: [GC 47.731: [DefNew: 523K->11K(576K), 0.0002377 secs] 6472K->5960K(8116K), 0.0002861 secs]
47.739: [GC 47.739: [DefNew: 523K->11K(576K), 0.0002385 secs] 6472K->5961K(8116K), 0.0002875 secs]
47.746: [GC 47.746: [DefNew: 523K->11K(576K), 0.0002712 secs] 6473K->5962K(8116K), 0.0003238 secs]
47.754: [GC 47.754: [DefNew: 523K->10K(576K), 0.0002410 secs] 6474K->5962K(8116K), 0.0002903 secs]
47.761: [GC 47.762: [DefNew: 522K->11K(576K), 0.0002512 secs] 6474K->5963K(8116K), 0.0003009 secs]
47.768: [GC 47.768: [DefNew: 523K->11K(576K), 0.0002287 secs] 6475K->5964K(8116K), 0.0002760 secs]
47.775: [GC 47.775: [DefNew: 523K->10K(576K), 0.0002518 secs] 6476K->5965K(8116K), 0.0003014 secs]
47.784: [GC 47.784: [DefNew: 522K->11K(576K), 0.0002434 secs] 6477K->5965K(8116K), 0.0002921 secs]
47.792: [GC 47.792: [DefNew: 523K->11K(576K), 0.0002374 secs] 6477K->5966K(8116K), 0.0002843 secs]
47.801: [GC 47.801: [DefNew: 523K->11K(576K), 0.0003436 secs] 6478K->5967K(8116K), 0.0004059 secs]
47.809: [GC 47.809: [DefNew: 523K->11K(576K), 0.0002715 secs] 6479K->5967K(8116K), 0.0003229 secs]
47.816: [GC 47.816: [DefNew: 523K->10K(576K), 0.0002888 secs] 6479K->5968K(8116K), 0.0003413 secs]
47.823: [GC 47.823: [DefNew: 522K->11K(576K), 0.0002355 secs] 6480K->5969K(8116K), 0.0002837 secs]
47.830: [GC 47.830: [DefNew: 523K->11K(576K), 0.0001956 secs] 6481K->5969K(8116K), 0.0002356 secs]
47.836: [GC 47.836: [DefNew: 523K->11K(576K), 0.0001988 secs] 6481K->5971K(8116K), 0.0002391 secs]
47.843: [GC 47.843: [DefNew: 523K->11K(576K), 0.0002298 secs] 6483K->5971K(8116K), 0.0002841 secs]
47.849: [GC 47.849: [DefNew: 523K->10K(576K), 0.0002220 secs] 6483K->5971K(8116K), 0.0002678 secs]
47.857: [GC 47.857: [DefNew: 522K->11K(576K), 0.0002265 secs] 6483K->5973K(8116K), 0.0002737 secs]
47.863: [GC 47.863: [DefNew: 523K->11K(576K), 0.0002166 secs] 6485K->5973K(8116K), 0.0002608 secs]
47.870: [GC 47.870: [DefNew: 523K->11K(576K), 0.0002470 secs] 6485K->5974K(8116K), 0.0002955 secs]
47.877: [GC 47.877: [DefNew: 523K->11K(576K), 0.0002295 secs] 6486K->5975K(8116K), 0.0002751 secs]
47.883: [GC 47.883: [DefNew: 523K->10K(576K), 0.0002317 secs] 6487K->5975K(8116K), 0.0002775 secs]
47.890: [GC 47.890: [DefNew: 522K->11K(576K), 0.0002301 secs] 6487K->5976K(8116K), 0.0002769 secs]
47.897: [GC 47.897: [DefNew: 523K->11K(576K), 0.0002383 secs] 6488K->5977K(8116K), 0.0002842 secs]
47.904: [GC 47.904: [DefNew: 523K->11K(576K), 0.0002366 secs] 6489K->5978K(8116K), 0.0002836 secs]
47.911: [GC 47.911: [DefNew: 523K->11K(576K), 0.0002254 secs] 6490K->5978K(8116K), 0.0002686 secs]
47.917: [GC 47.917: [DefNew: 523K->10K(576K), 0.0002559 secs] 6490K->5979K(8116K), 0.0003036 secs]
47.924: [GC 47.924: [DefNew: 522K->11K(576K), 0.0002251 secs] 6491K->5980K(8116K), 0.0002712 secs]
47.931: [GC 47.931: [DefNew: 523K->11K(576K), 0.0002401 secs] 6492K->5980K(8116K), 0.0002835 secs]
47.938: [GC 47.938: [DefNew: 523K->10K(576K), 0.0002523 secs] 6492K->5981K(8116K), 0.0003001 secs]
47.945: [GC 47.945: [DefNew: 522K->11K(576K), 0.0002267 secs] 6493K->5982K(8116K), 0.0002710 secs]
47.952: [GC 47.952: [DefNew: 523K->11K(576K), 0.0002309 secs] 6494K->5982K(8116K), 0.0002777 secs]
47.960: [GC 47.960: [DefNew: 523K->11K(576K), 0.0002440 secs] 6494K->5984K(8116K), 0.0002922 secs]
47.968: [GC 47.968: [DefNew: 523K->11K(576K), 0.0002359 secs] 6496K->5984K(8116K), 0.0002828 secs]
47.975: [GC 47.975: [DefNew: 523K->10K(576K), 0.0002391 secs] 6496K->5985K(8116K), 0.0002851 secs]
47.982: [GC 47.982: [DefNew: 522K->11K(576K), 0.0002238 secs] 6497K->5986K(8116K), 0.0002707 secs]
47.989: [GC 47.989: [DefNew: 523K->11K(576K), 0.0002322 secs] 6498K->5986K(8116K), 0.0002786 secs]
47.996: [GC 47.996: [DefNew: 523K->11K(576K), 0.0002850 secs] 6498K->5987K(8116K), 0.0003334 secs]
48.003: [GC 48.003: [DefNew: 523K->11K(576K), 0.0002422 secs] 6499K->5988K(8116K), 0.0002923 secs]
48.009: [GC 48.009: [DefNew: 523K->10K(576K), 0.0002367 secs] 6500K->5988K(8116K), 0.0002841 secs]
48.017: [GC 48.017: [DefNew: 522K->11K(576K), 0.0002406 secs] 6500K->5989K(8116K), 0.0002882 secs]
48.024: [GC 48.024: [DefNew: 523K->11K(576K), 0.0002427 secs] 6501K->5990K(8116K), 0.0002915 secs]
48.031: [GC 48.031: [DefNew: 523K->11K(576K), 0.0002779 secs] 6502K->5991K(8116K), 0.0003331 secs]
48.038: [GC 48.038: [DefNew: 523K->11K(576K), 0.0002286 secs] 6503K->5991K(8116K), 0.0002757 secs]
48.045: [GC 48.045: [DefNew: 523K->11K(576K), 0.0002316 secs] 6503K->5992K(8116K), 0.0002789 secs]
48.052: [GC 48.052: [DefNew: 523K->11K(576K), 0.0002299 secs] 6504K->5993K(8116K), 0.0002775 secs]
48.059: [GC 48.059: [DefNew: 523K->11K(576K), 0.0002275 secs] 6505K->5993K(8116K), 0.0002758 secs]
48.066: [GC 48.066: [DefNew: 523K->11K(576K), 0.0002444 secs] 6505K->5995K(8116K), 0.0002921 secs]
48.073: [GC 48.073: [DefNew: 523K->11K(576K), 0.0002562 secs] 6507K->5995K(8116K), 0.0003071 secs]
48.080: [GC 48.080: [DefNew: 523K->10K(576K), 0.0002503 secs] 6507K->5995K(8116K), 0.0003000 secs]
48.088: [GC 48.088: [DefNew: 522K->11K(576K), 0.0002510 secs] 6507K->5997K(8116K), 0.0003021 secs]
48.094: [GC 48.095: [DefNew: 523K->11K(576K), 0.0002484 secs] 6509K->5997K(8116K), 0.0002974 secs]
48.102: [GC 48.102: [DefNew: 523K->11K(576K), 0.0002532 secs] 6509K->5998K(8116K), 0.0003026 secs]
48.109: [GC 48.110: [DefNew: 523K->11K(576K), 0.0002433 secs] 6510K->5999K(8116K), 0.0002927 secs]
48.116: [GC 48.116: [DefNew: 523K->10K(576K), 0.0003652 secs] 6511K->5999K(8116K), 0.0004257 secs]
48.125: [GC 48.125: [DefNew: 522K->11K(576K), 0.0002523 secs] 6511K->6000K(8116K), 0.0003044 secs]
48.133: [GC 48.133: [DefNew: 523K->11K(576K), 0.0002523 secs] 6512K->6001K(8116K), 0.0003106 secs]
48.140: [GC 48.140: [DefNew: 523K->11K(576K), 0.0002583 secs] 6513K->6002K(8116K), 0.0003081 secs]
48.147: [GC 48.147: [DefNew: 523K->11K(576K), 0.0002420 secs] 6514K->6002K(8116K), 0.0002915 secs]
48.154: [GC 48.154: [DefNew: 523K->10K(576K), 0.0002410 secs] 6514K->6003K(8116K), 0.0002896 secs]
48.162: [GC 48.162: [DefNew: 522K->11K(576K), 0.0002479 secs] 6515K->6004K(8116K), 0.0002967 secs]
48.170: [GC 48.170: [DefNew: 523K->11K(576K), 0.0002381 secs] 6516K->6004K(8116K), 0.0002855 secs]
48.177: [GC 48.177: [DefNew: 523K->11K(576K), 0.0001980 secs] 6516K->6006K(8116K), 0.0002390 secs]
48.183: [GC 48.183: [DefNew: 523K->11K(576K), 0.0001910 secs] 6518K->6006K(8116K), 0.0002319 secs]
48.190: [GC 48.190: [DefNew: 523K->11K(576K), 0.0002593 secs] 6518K->6006K(8116K), 0.0003086 secs]
48.200: [GC 48.200: [DefNew: 523K->11K(576K), 0.0002460 secs] 6518K->6008K(8116K), 0.0002937 secs]
48.206: [GC 48.206: [DefNew: 523K->11K(576K), 0.0002069 secs] 6520K->6008K(8116K), 0.0002515 secs]
48.213: [GC 48.213: [DefNew: 523K->10K(576K), 0.0002031 secs] 6520K->6009K(8116K), 0.0002452 secs]
48.220: [GC 48.220: [DefNew: 522K->11K(576K), 0.0002314 secs] 6521K->6010K(8116K), 0.0002792 secs]
48.227: [GC 48.227: [DefNew: 523K->11K(576K), 0.0005791 secs] 6522K->6010K(8116K), 0.0006318 secs]
48.236: [GC 48.236: [DefNew: 523K->11K(576K), 0.0002894 secs] 6522K->6011K(8116K), 0.0003388 secs]
48.243: [GC 48.243: [DefNew: 523K->11K(576K), 0.0002408 secs] 6523K->6012K(8116K), 0.0002847 secs]
48.250: [GC 48.250: [DefNew: 523K->10K(576K), 0.0002380 secs] 6524K->6013K(8116K), 0.0002850 secs]
48.256: [GC 48.257: [DefNew: 522K->11K(576K), 0.0001868 secs] 6525K->6013K(8116K), 0.0002273 secs]
48.263: [GC 48.263: [DefNew: 523K->11K(576K), 0.0002260 secs] 6525K->6014K(8116K), 0.0002695 secs]
48.269: [GC 48.270: [DefNew: 523K->11K(576K), 0.0002075 secs] 6526K->6015K(8116K), 0.0002499 secs]
48.276: [GC 48.276: [DefNew: 523K->11K(576K), 0.0002259 secs] 6527K->6015K(8116K), 0.0002723 secs]
48.283: [GC 48.283: [DefNew: 523K->10K(576K), 0.0002285 secs] 6527K->6016K(8116K), 0.0002762 secs]
48.290: [GC 48.290: [DefNew: 522K->11K(576K), 0.0002031 secs] 6528K->6017K(8116K), 0.0002465 secs]
48.296: [GC 48.297: [DefNew: 523K->11K(576K), 0.0002357 secs] 6529K->6017K(8116K), 0.0002834 secs]
48.304: [GC 48.304: [DefNew: 523K->11K(576K), 0.0002480 secs] 6529K->6019K(8116K), 0.0002969 secs]
48.311: [GC 48.311: [DefNew: 523K->11K(576K), 0.0002405 secs] 6531K->6019K(8116K), 0.0002881 secs]
48.318: [GC 48.318: [DefNew: 523K->10K(576K), 0.0001906 secs] 6531K->6019K(8116K), 0.0002378 secs]
48.325: [GC 48.325: [DefNew: 522K->11K(576K), 0.0002501 secs] 6531K->6021K(8116K), 0.0003005 secs]
48.332: [GC 48.332: [DefNew: 523K->11K(576K), 0.0002320 secs] 6533K->6021K(8116K), 0.0002781 secs]
48.339: [GC 48.339: [DefNew: 523K->11K(576K), 0.0001983 secs] 6533K->6022K(8116K), 0.0002397 secs]
48.346: [GC 48.346: [DefNew: 523K->11K(576K), 0.0002423 secs] 6534K->6023K(8116K), 0.0002915 secs]
48.353: [GC 48.353: [DefNew: 523K->10K(576K), 0.0002376 secs] 6535K->6023K(8116K), 0.0002833 secs]
48.360: [GC 48.360: [DefNew: 522K->11K(576K), 0.0002482 secs] 6535K->6024K(8116K), 0.0002973 secs]
48.367: [GC 48.367: [DefNew: 523K->11K(576K), 0.0002471 secs] 6536K->6025K(8116K), 0.0002977 secs]
48.375: [GC 48.375: [DefNew: 523K->11K(576K), 0.0005791 secs] 6537K->6026K(8116K), 0.0006311 secs]
48.382: [GC 48.382: [DefNew: 523K->11K(576K), 0.0002390 secs] 6538K->6026K(8116K), 0.0002875 secs]
48.388: [GC 48.389: [DefNew: 523K->10K(576K), 0.0002253 secs] 6538K->6027K(8116K), 0.0002701 secs]
48.398: [GC 48.398: [DefNew: 522K->11K(576K), 0.0002454 secs] 6539K->6028K(8116K), 0.0002939 secs]
48.406: [GC 48.406: [DefNew: 523K->11K(576K), 0.0002462 secs] 6540K->6028K(8116K), 0.0002947 secs]
48.413: [GC 48.413: [DefNew: 523K->11K(576K), 0.0002411 secs] 6540K->6029K(8116K), 0.0002890 secs]
48.420: [GC 48.420: [DefNew: 523K->11K(576K), 0.0002390 secs] 6541K->6030K(8116K), 0.0002873 secs]
48.427: [GC 48.427: [DefNew: 523K->11K(576K), 0.0002963 secs] 6542K->6030K(8116K), 0.0003442 secs]
48.434: [GC 48.434: [DefNew: 523K->11K(576K), 0.0002092 secs] 6542K->6032K(8116K), 0.0002515 secs]
48.441: [GC 48.441: [DefNew: 523K->11K(576K), 0.0002330 secs] 6544K->6032K(8116K), 0.0002817 secs]
48.448: [GC 48.448: [DefNew: 523K->10K(576K), 0.0002385 secs] 6544K->6033K(8116K), 0.0002870 secs]
48.455: [GC 48.455: [DefNew: 522K->11K(576K), 0.0002344 secs] 6545K->6034K(8116K), 0.0002816 secs]
48.461: [GC 48.461: [DefNew: 523K->11K(576K), 0.0001985 secs] 6546K->6034K(8116K), 0.0002406 secs]
48.469: [GC 48.469: [DefNew: 523K->11K(576K), 0.0002520 secs] 6546K->6035K(8116K), 0.0002988 secs]
48.476: [GC 48.476: [DefNew: 523K->11K(576K), 0.0001859 secs] 6547K->6036K(8116K), 0.0002257 secs]
48.482: [GC 48.482: [DefNew: 523K->10K(576K), 0.0002314 secs] 6548K->6036K(8116K), 0.0002790 secs]
48.489: [GC 48.489: [DefNew: 522K->11K(576K), 0.0001967 secs] 6548K->6037K(8116K), 0.0002384 secs]
48.495: [GC 48.495: [DefNew: 523K->11K(576K), 0.0002227 secs] 6549K->6038K(8116K), 0.0002675 secs]
48.503: [GC 48.503: [DefNew: 523K->11K(576K), 0.0002293 secs] 6550K->6039K(8116K), 0.0002733 secs]
48.509: [GC 48.509: [DefNew: 523K->11K(576K), 0.0002024 secs] 6551K->6039K(8116K), 0.0002455 secs]
48.515: [GC 48.515: [DefNew: 523K->10K(576K), 0.0001951 secs] 6551K->6040K(8116K), 0.0002374 secs]
48.522: [GC 48.522: [DefNew: 522K->11K(576K), 0.0001976 secs] 6552K->6041K(8116K), 0.0002391 secs]
48.529: [GC 48.529: [DefNew: 523K->11K(576K), 0.0002139 secs] 6553K->6041K(8116K), 0.0002598 secs]
48.535: [GC 48.535: [DefNew: 523K->11K(576K), 0.0001999 secs] 6553K->6043K(8116K), 0.0002460 secs]
48.543: [GC 48.543: [DefNew: 523K->11K(576K), 0.0002389 secs] 6555K->6043K(8116K), 0.0003416 secs]
48.549: [GC 48.549: [DefNew: 523K->10K(576K), 0.0001890 secs] 6555K->6043K(8116K), 0.0002287 secs]
48.556: [GC 48.556: [DefNew: 522K->11K(576K), 0.0002529 secs] 6555K->6045K(8116K), 0.0003034 secs]
48.563: [GC 48.563: [DefNew: 523K->11K(576K), 0.0002163 secs] 6557K->6045K(8116K), 0.0002575 secs]
48.569: [GC 48.570: [DefNew: 523K->11K(576K), 0.0001947 secs] 6557K->6046K(8116K), 0.0002349 secs]
48.576: [GC 48.576: [DefNew: 523K->11K(576K), 0.0001925 secs] 6558K->6047K(8116K), 0.0002339 secs]
48.582: [GC 48.582: [DefNew: 523K->10K(576K), 0.0002050 secs] 6559K->6047K(8116K), 0.0002476 secs]
48.589: [GC 48.589: [DefNew: 522K->11K(576K), 0.0002363 secs] 6559K->6048K(8116K), 0.0002851 secs]
48.597: [GC 48.597: [DefNew: 523K->11K(576K), 0.0002363 secs] 6560K->6049K(8116K), 0.0002840 secs]
48.604: [GC 48.604: [DefNew: 523K->11K(576K), 0.0002605 secs] 6561K->6050K(8116K), 0.0003058 secs]
48.612: [GC 48.612: [DefNew: 523K->11K(576K), 0.0003112 secs] 6562K->6050K(8116K), 0.0003628 secs]
48.620: [GC 48.620: [DefNew: 523K->11K(576K), 0.0002479 secs] 6562K->6051K(8116K), 0.0002969 secs]
48.627: [GC 48.627: [DefNew: 523K->11K(576K), 0.0002483 secs] 6563K->6052K(8116K), 0.0002955 secs]
48.634: [GC 48.634: [DefNew: 523K->11K(576K), 0.0001941 secs] 6564K->6052K(8116K), 0.0002367 secs]
48.641: [GC 48.641: [DefNew: 523K->10K(576K), 0.0002355 secs] 6564K->6053K(8116K), 0.0002828 secs]
48.648: [GC 48.648: [DefNew: 522K->11K(576K), 0.0002395 secs] 6565K->6054K(8116K), 0.0002878 secs]
48.655: [GC 48.655: [DefNew: 523K->11K(576K), 0.0002321 secs] 6566K->6054K(8116K), 0.0002789 secs]
48.662: [GC 48.662: [DefNew: 523K->11K(576K), 0.0002177 secs] 6566K->6055K(8116K), 0.0002624 secs]
48.670: [GC 48.670: [DefNew: 523K->11K(576K), 0.0002353 secs] 6567K->6056K(8116K), 0.0002823 secs]
48.676: [GC 48.676: [DefNew: 523K->10K(576K), 0.0001850 secs] 6568K->6057K(8116K), 0.0002242 secs]
48.683: [GC 48.683: [DefNew: 522K->11K(576K), 0.0002169 secs] 6569K->6057K(8116K), 0.0002627 secs]
48.689: [GC 48.689: [DefNew: 523K->11K(576K), 0.0002080 secs] 6569K->6058K(8116K), 0.0002520 secs]
48.698: [GC 48.698: [DefNew: 523K->11K(576K), 0.0002531 secs] 6570K->6059K(8116K), 0.0003024 secs]
48.705: [GC 48.705: [DefNew: 523K->11K(576K), 0.0002449 secs] 6571K->6059K(8116K), 0.0002951 secs]
48.713: [GC 48.713: [DefNew: 523K->10K(576K), 0.0003159 secs] 6571K->6060K(8116K), 0.0003664 secs]
48.720: [GC 48.720: [DefNew: 522K->11K(576K), 0.0002610 secs] 6572K->6061K(8116K), 0.0003120 secs]
48.727: [GC 48.727: [DefNew: 523K->11K(576K), 0.0004615 secs] 6573K->6061K(8116K), 0.0005106 secs]
48.734: [GC 48.734: [DefNew: 523K->11K(576K), 0.0002696 secs] 6573K->6063K(8116K), 0.0003199 secs]
48.741: [GC 48.742: [DefNew: 523K->11K(576K), 0.0002559 secs] 6575K->6063K(8116K), 0.0003073 secs]
48.749: [GC 48.749: [DefNew: 523K->10K(576K), 0.0002497 secs] 6575K->6064K(8116K), 0.0002998 secs]
48.757: [GC 48.757: [DefNew: 522K->11K(576K), 0.0002422 secs] 6576K->6065K(8116K), 0.0002908 secs]
48.763: [GC 48.763: [DefNew: 523K->11K(576K), 0.0002194 secs] 6577K->6065K(8116K), 0.0002657 secs]
48.771: [GC 48.771: [DefNew: 523K->11K(576K), 0.0002755 secs] 6577K->6066K(8116K), 0.0003219 secs]
48.779: [GC 48.779: [DefNew: 523K->11K(576K), 0.0002580 secs] 6578K->6067K(8116K), 0.0003096 secs]
48.786: [GC 48.786: [DefNew: 523K->10K(576K), 0.0002397 secs] 6579K->6067K(8116K), 0.0002881 secs]
48.797: [GC 48.797: [DefNew: 522K->11K(576K), 0.0002446 secs] 6579K->6068K(8116K), 0.0002935 secs]
48.804: [GC 48.804: [DefNew: 523K->11K(576K), 0.0002353 secs] 6580K->6069K(8116K), 0.0002837 secs]
48.812: [GC 48.812: [DefNew: 523K->11K(576K), 0.0002490 secs] 6581K->6070K(8116K), 0.0002986 secs]
48.819: [GC 48.819: [DefNew: 523K->11K(576K), 0.0002458 secs] 6582K->6070K(8116K), 0.0002965 secs]
48.825: [GC 48.826: [DefNew: 523K->11K(576K), 0.0002473 secs] 6582K->6071K(8116K), 0.0002960 secs]
48.833: [GC 48.833: [DefNew: 523K->11K(576K), 0.0002537 secs] 6583K->6072K(8116K), 0.0003027 secs]
48.840: [GC 48.840: [DefNew: 523K->11K(576K), 0.0002359 secs] 6584K->6073K(8116K), 0.0002848 secs]
48.847: [GC 48.848: [DefNew: 523K->11K(576K), 0.0002535 secs] 6585K->6074K(8116K), 0.0003040 secs]
48.855: [GC 48.855: [DefNew: 523K->11K(576K), 0.0002408 secs] 6586K->6074K(8116K), 0.0002901 secs]
48.862: [GC 48.862: [DefNew: 523K->11K(576K), 0.0002150 secs] 6586K->6075K(8116K), 0.0002613 secs]
48.869: [GC 48.869: [DefNew: 523K->11K(576K), 0.0002549 secs] 6587K->6076K(8116K), 0.0003046 secs]
48.876: [GC 48.876: [DefNew: 523K->11K(576K), 0.0002449 secs] 6588K->6076K(8116K), 0.0002939 secs]
48.884: [GC 48.884: [DefNew: 523K->10K(576K), 0.0002433 secs] 6588K->6077K(8116K), 0.0002913 secs]
48.891: [GC 48.891: [DefNew: 522K->11K(576K), 0.0002646 secs] 6589K->6078K(8116K), 0.0003157 secs]
48.902: [GC 48.902: [DefNew: 523K->11K(576K), 0.0002407 secs] 6590K->6078K(8116K), 0.0002902 secs]
48.909: [GC 48.909: [DefNew: 523K->11K(576K), 0.0002598 secs] 6590K->6079K(8116K), 0.0003086 secs]
48.917: [GC 48.917: [DefNew: 523K->11K(576K), 0.0002483 secs] 6591K->6080K(8116K), 0.0002978 secs]
48.924: [GC 48.924: [DefNew: 523K->10K(576K), 0.0002456 secs] 6592K->6081K(8116K), 0.0002937 secs]
48.931: [GC 48.931: [DefNew: 522K->11K(576K), 0.0002391 secs] 6593K->6081K(8116K), 0.0002881 secs]
48.939: [GC 48.939: [DefNew: 523K->11K(576K), 0.0002368 secs] 6593K->6082K(8116K), 0.0003524 secs]
48.946: [GC 48.946: [DefNew: 523K->11K(576K), 0.0002506 secs] 6594K->6083K(8116K), 0.0002977 secs]
48.954: [GC 48.954: [DefNew: 523K->11K(576K), 0.0002368 secs] 6595K->6083K(8116K), 0.0002841 secs]
48.961: [GC 48.961: [DefNew: 523K->10K(576K), 0.0002225 secs] 6595K->6084K(8116K), 0.0002681 secs]
48.969: [GC 48.969: [DefNew: 522K->11K(576K), 0.0002768 secs] 6596K->6085K(8116K), 0.0003271 secs]
48.975: [GC 48.975: [DefNew: 523K->11K(576K), 0.0002150 secs] 6597K->6085K(8116K), 0.0002598 secs]
48.983: [GC 48.983: [DefNew: 523K->11K(576K), 0.0002512 secs] 6597K->6087K(8116K), 0.0003002 secs]
48.990: [GC 48.990: [DefNew: 523K->11K(576K), 0.0002114 secs] 6599K->6087K(8116K), 0.0002555 secs]
48.997: [GC 48.997: [DefNew: 523K->10K(576K), 0.0002355 secs] 6599K->6087K(8116K), 0.0002840 secs]
49.005: [GC 49.005: [DefNew: 522K->11K(576K), 0.0002432 secs] 6599K->6089K(8116K), 0.0002920 secs]
49.012: [GC 49.012: [DefNew: 523K->11K(576K), 0.0002358 secs] 6601K->6089K(8116K), 0.0002838 secs]
49.020: [GC 49.020: [DefNew: 523K->11K(576K), 0.0002382 secs] 6601K->6090K(8116K), 0.0002860 secs]
49.027: [GC 49.027: [DefNew: 523K->11K(576K), 0.0002510 secs] 6602K->6091K(8116K), 0.0003082 secs]
49.034: [GC 49.034: [DefNew: 523K->10K(576K), 0.0002387 secs] 6603K->6091K(8116K), 0.0002867 secs]
49.041: [GC 49.041: [DefNew: 522K->11K(576K), 0.0002401 secs] 6603K->6092K(8116K), 0.0002896 secs]
49.048: [GC 49.048: [DefNew: 523K->11K(576K), 0.0002397 secs] 6604K->6093K(8116K), 0.0002874 secs]
49.055: [GC 49.055: [DefNew: 523K->11K(576K), 0.0002601 secs] 6605K->6094K(8116K), 0.0003097 secs]
49.062: [GC 49.062: [DefNew: 523K->11K(576K), 0.0002286 secs] 6606K->6094K(8116K), 0.0002759 secs]
49.069: [GC 49.069: [DefNew: 523K->10K(576K), 0.0002474 secs] 6606K->6095K(8116K), 0.0002966 secs]
49.077: [GC 49.077: [DefNew: 522K->11K(576K), 0.0002534 secs] 6607K->6096K(8116K), 0.0003046 secs]
49.084: [GC 49.084: [DefNew: 523K->11K(576K), 0.0002298 secs] 6608K->6096K(8116K), 0.0002785 secs]
49.092: [GC 49.092: [DefNew: 523K->10K(576K), 0.0002413 secs] 6608K->6097K(8116K), 0.0002911 secs]
49.099: [GC 49.099: [DefNew: 522K->11K(576K), 0.0002352 secs] 6609K->6098K(8116K), 0.0002837 secs]
49.107: [GC 49.107: [DefNew: 523K->11K(576K), 0.0002387 secs] 6610K->6098K(8116K), 0.0002865 secs]
49.114: [GC 49.114: [DefNew: 523K->11K(576K), 0.0002415 secs] 6610K->6100K(8116K), 0.0002883 secs]
49.121: [GC 49.121: [DefNew: 523K->11K(576K), 0.0002410 secs] 6612K->6100K(8116K), 0.0002913 secs]
49.128: [GC 49.128: [DefNew: 523K->10K(576K), 0.0002337 secs] 6612K->6101K(8116K), 0.0002813 secs]
49.135: [GC 49.136: [DefNew: 522K->11K(576K), 0.0002259 secs] 6613K->6102K(8116K), 0.0002744 secs]
49.142: [GC 49.143: [DefNew: 523K->11K(576K), 0.0002130 secs] 6614K->6102K(8116K), 0.0002580 secs]
49.150: [GC 49.150: [DefNew: 523K->11K(576K), 0.0002530 secs] 6614K->6103K(8116K), 0.0003029 secs]
49.157: [GC 49.157: [DefNew: 523K->11K(576K), 0.0002371 secs] 6615K->6104K(8116K), 0.0002840 secs]
49.163: [GC 49.163: [DefNew: 523K->10K(576K), 0.0001914 secs] 6616K->6104K(8116K), 0.0002322 secs]
49.171: [GC 49.171: [DefNew: 522K->11K(576K), 0.0002364 secs] 6616K->6105K(8116K), 0.0002839 secs]
49.178: [GC 49.178: [DefNew: 523K->11K(576K), 0.0002359 secs] 6617K->6106K(8116K), 0.0002839 secs]
49.185: [GC 49.185: [DefNew: 523K->11K(576K), 0.0002483 secs] 6618K->6107K(8116K), 0.0002980 secs]
49.192: [GC 49.192: [DefNew: 523K->11K(576K), 0.0002280 secs] 6619K->6107K(8116K), 0.0002740 secs]
49.200: [GC 49.200: [DefNew: 523K->10K(576K), 0.0002504 secs] 6619K->6108K(8116K), 0.0002997 secs]
49.207: [GC 49.207: [DefNew: 522K->11K(576K), 0.0002250 secs] 6620K->6109K(8116K), 0.0002700 secs]
49.215: [GC 49.215: [DefNew: 523K->11K(576K), 0.0002343 secs] 6621K->6109K(8116K), 0.0002816 secs]
49.222: [GC 49.222: [DefNew: 523K->10K(576K), 0.0002205 secs] 6621K->6110K(8116K), 0.0002656 secs]
49.229: [GC 49.229: [DefNew: 522K->11K(576K), 0.0002391 secs] 6622K->6111K(8116K), 0.0002892 secs]
49.236: [GC 49.236: [DefNew: 523K->10K(576K), 0.0002334 secs] 6623K->6111K(8116K), 0.0002816 secs]
49.243: [GC 49.243: [DefNew: 522K->11K(576K), 0.0002375 secs] 6623K->6113K(8116K), 0.0002873 secs]
49.251: [GC 49.251: [DefNew: 523K->11K(576K), 0.0002379 secs] 6625K->6113K(8116K), 0.0002858 secs]
49.258: [GC 49.258: [DefNew: 523K->10K(576K), 0.0002428 secs] 6625K->6113K(8116K), 0.0002920 secs]
49.265: [GC 49.265: [DefNew: 522K->11K(576K), 0.0002686 secs] 6625K->6115K(8116K), 0.0003189 secs]
49.272: [GC 49.272: [DefNew: 523K->11K(576K), 0.0002353 secs] 6627K->6115K(8116K), 0.0002830 secs]
49.280: [GC 49.280: [DefNew: 523K->11K(576K), 0.0002529 secs] 6627K->6116K(8116K), 0.0003023 secs]
49.287: [GC 49.287: [DefNew: 523K->11K(576K), 0.0002445 secs] 6628K->6117K(8116K), 0.0002936 secs]
49.296: [GC 49.296: [DefNew: 523K->10K(576K), 0.0002499 secs] 6629K->6117K(8116K), 0.0003003 secs]
49.303: [GC 49.303: [DefNew: 522K->11K(576K), 0.0002515 secs] 6629K->6118K(8116K), 0.0003006 secs]
49.310: [GC 49.310: [DefNew: 523K->11K(576K), 0.0002578 secs] 6630K->6119K(8116K), 0.0003102 secs]
49.318: [GC 49.318: [DefNew: 523K->11K(576K), 0.0002881 secs] 6631K->6120K(8116K), 0.0003423 secs]
49.325: [GC 49.325: [DefNew: 523K->11K(576K), 0.0003250 secs] 6632K->6120K(8116K), 0.0003874 secs]
49.333: [GC 49.333: [DefNew: 523K->10K(576K), 0.0002496 secs] 6632K->6121K(8116K), 0.0002988 secs]
49.340: [GC 49.340: [DefNew: 522K->11K(576K), 0.0002488 secs] 6633K->6122K(8116K), 0.0003008 secs]
49.347: [GC 49.347: [DefNew: 523K->11K(576K), 0.0002424 secs] 6634K->6122K(8116K), 0.0002921 secs]
49.355: [GC 49.355: [DefNew: 523K->11K(576K), 0.0002593 secs] 6634K->6123K(8116K), 0.0003088 secs]
49.362: [GC 49.362: [DefNew: 523K->11K(576K), 0.0002535 secs] 6635K->6124K(8116K), 0.0003034 secs]
49.368: [GC 49.368: [DefNew: 523K->11K(576K), 0.0002511 secs] 6636K->6124K(8116K), 0.0003006 secs]
49.376: [GC 49.376: [DefNew: 523K->11K(576K), 0.0002522 secs] 6636K->6126K(8116K), 0.0003013 secs]
49.382: [GC 49.382: [DefNew: 523K->11K(576K), 0.0002382 secs] 6638K->6126K(8116K), 0.0002861 secs]
49.389: [GC 49.389: [DefNew: 523K->10K(576K), 0.0002463 secs] 6638K->6127K(8116K), 0.0002937 secs]
49.396: [GC 49.396: [DefNew: 522K->11K(576K), 0.0002186 secs] 6639K->6128K(8116K), 0.0002636 secs]
49.405: [GC 49.405: [DefNew: 523K->11K(576K), 0.0002446 secs] 6640K->6128K(8116K), 0.0002952 secs]
49.412: [GC 49.412: [DefNew: 523K->11K(576K), 0.0002333 secs] 6640K->6129K(8116K), 0.0002806 secs]
49.421: [GC 49.421: [DefNew: 523K->11K(576K), 0.0002449 secs] 6641K->6130K(8116K), 0.0002934 secs]
49.428: [GC 49.428: [DefNew: 523K->10K(576K), 0.0002311 secs] 6642K->6130K(8116K), 0.0002780 secs]
49.436: [GC 49.436: [DefNew: 522K->11K(576K), 0.0002357 secs] 6642K->6131K(8116K), 0.0002838 secs]
49.443: [GC 49.443: [DefNew: 523K->11K(576K), 0.0002521 secs] 6643K->6132K(8116K), 0.0003007 secs]
49.450: [GC 49.451: [DefNew: 523K->11K(576K), 0.0002620 secs] 6644K->6133K(8116K), 0.0003112 secs]
49.457: [GC 49.457: [DefNew: 523K->11K(576K), 0.0002515 secs] 6645K->6133K(8116K), 0.0003014 secs]
49.465: [GC 49.465: [DefNew: 523K->10K(576K), 0.0002304 secs] 6645K->6134K(8116K), 0.0002769 secs]
49.472: [GC 49.472: [DefNew: 522K->11K(576K), 0.0002227 secs] 6646K->6135K(8116K), 0.0002677 secs]
49.480: [GC 49.480: [DefNew: 523K->11K(576K), 0.0002500 secs] 6647K->6135K(8116K), 0.0003007 secs]
49.487: [GC 49.487: [DefNew: 523K->11K(576K), 0.0002499 secs] 6647K->6137K(8116K), 0.0002990 secs]
49.493: [GC 49.493: [DefNew: 523K->11K(576K), 0.0001951 secs] 6649K->6137K(8116K), 0.0002376 secs]
49.501: [GC 49.501: [DefNew: 523K->10K(576K), 0.0003633 secs] 6649K->6138K(8116K), 0.0004267 secs]
49.510: [GC 49.510: [DefNew: 522K->11K(576K), 0.0003857 secs] 6650K->6139K(8116K), 0.0004544 secs]
49.518: [GC 49.518: [DefNew: 523K->11K(576K), 0.0002442 secs] 6651K->6139K(8116K), 0.0002915 secs]
49.525: [GC 49.525: [DefNew: 523K->11K(576K), 0.0002409 secs] 6651K->6140K(8116K), 0.0002892 secs]
49.532: [GC 49.532: [DefNew: 523K->11K(576K), 0.0002306 secs] 6652K->6141K(8116K), 0.0002775 secs]
49.538: [GC 49.538: [DefNew: 523K->11K(576K), 0.0001870 secs] 6653K->6141K(8116K), 0.0002273 secs]
49.546: [GC 49.546: [DefNew: 523K->11K(576K), 0.0002338 secs] 6653K->6142K(8116K), 0.0002812 secs]
49.552: [GC 49.552: [DefNew: 523K->11K(576K), 0.0001936 secs] 6654K->6143K(8116K), 0.0002339 secs]
49.559: [GC 49.559: [DefNew: 523K->11K(576K), 0.0002362 secs] 6655K->6144K(8116K), 0.0002823 secs]
49.566: [GC 49.566: [DefNew: 523K->11K(576K), 0.0001855 secs] 6656K->6144K(8116K), 0.0002333 secs]
49.572: [GC 49.572: [DefNew: 523K->11K(576K), 0.0002101 secs] 6656K->6145K(8116K), 0.0002541 secs]
49.579: [GC 49.579: [DefNew: 523K->11K(576K), 0.0001940 secs] 6657K->6146K(8116K), 0.0002349 secs]
49.585: [GC 49.585: [DefNew: 523K->11K(576K), 0.0001804 secs] 6658K->6146K(8116K), 0.0002192 secs]
49.592: [GC 49.592: [DefNew: 523K->11K(576K), 0.0002264 secs] 6658K->6148K(8116K), 0.0002706 secs]
49.598: [GC 49.598: [DefNew: 523K->11K(576K), 0.0001880 secs] 6660K->6148K(8116K), 0.0002280 secs]
49.605: [GC 49.605: [DefNew: 523K->11K(576K), 0.0002302 secs] 6660K->6149K(8116K), 0.0002772 secs]
49.612: [GC 49.612: [DefNew: 523K->11K(576K), 0.0001925 secs] 6661K->6150K(8116K), 0.0002338 secs]
49.618: [GC 49.618: [DefNew: 523K->11K(576K), 0.0001888 secs] 6662K->6150K(8116K), 0.0002294 secs]
49.625: [GC 49.625: [DefNew: 523K->11K(576K), 0.0002242 secs] 6662K->6151K(8116K), 0.0003540 secs]
49.631: [GC 49.631: [DefNew: 523K->11K(576K), 0.0001955 secs] 6663K->6152K(8116K), 0.0002354 secs]
49.638: [GC 49.638: [DefNew: 523K->11K(576K), 0.0002217 secs] 6664K->6153K(8116K), 0.0002678 secs]
49.644: [GC 49.644: [DefNew: 523K->11K(576K), 0.0001891 secs] 6665K->6153K(8116K), 0.0002292 secs]
49.651: [GC 49.651: [DefNew: 523K->11K(576K), 0.0001952 secs] 6665K->6154K(8116K), 0.0002359 secs]
49.658: [GC 49.658: [DefNew: 523K->11K(576K), 0.0002312 secs] 6666K->6155K(8116K), 0.0002778 secs]
49.664: [GC 49.664: [DefNew: 523K->11K(576K), 0.0001831 secs] 6667K->6155K(8116K), 0.0002234 secs]
49.671: [GC 49.671: [DefNew: 523K->11K(576K), 0.0002364 secs] 6667K->6157K(8116K), 0.0002824 secs]
49.678: [GC 49.678: [DefNew: 523K->11K(576K), 0.0001877 secs] 6669K->6157K(8116K), 0.0002276 secs]
49.684: [GC 49.684: [DefNew: 523K->11K(576K), 0.0002036 secs] 6669K->6158K(8116K), 0.0002464 secs]
49.691: [GC 49.691: [DefNew: 523K->11K(576K), 0.0001946 secs] 6670K->6159K(8116K), 0.0002350 secs]
49.697: [GC 49.697: [DefNew: 523K->11K(576K), 0.0002181 secs] 6671K->6159K(8116K), 0.0002624 secs]
49.704: [GC 49.704: [DefNew: 523K->11K(576K), 0.0002176 secs] 6671K->6160K(8116K), 0.0002630 secs]
49.710: [GC 49.710: [DefNew: 523K->11K(576K), 0.0001864 secs] 6672K->6161K(8116K), 0.0002257 secs]
49.717: [GC 49.717: [DefNew: 523K->11K(576K), 0.0002159 secs] 6673K->6161K(8116K), 0.0002607 secs]
49.723: [GC 49.723: [DefNew: 523K->11K(576K), 0.0001924 secs] 6673K->6163K(8116K), 0.0002332 secs]
49.730: [GC 49.730: [DefNew: 523K->11K(576K), 0.0001959 secs] 6675K->6163K(8116K), 0.0002382 secs]
49.737: [GC 49.737: [DefNew: 523K->11K(576K), 0.0002379 secs] 6675K->6164K(8116K), 0.0002844 secs]
49.743: [GC 49.743: [DefNew: 523K->11K(576K), 0.0001949 secs] 6676K->6165K(8116K), 0.0002375 secs]
49.749: [GC 49.749: [DefNew: 523K->11K(576K), 0.0002004 secs] 6677K->6165K(8116K), 0.0002430 secs]
49.756: [GC 49.756: [DefNew: 523K->11K(576K), 0.0001924 secs] 6677K->6166K(8116K), 0.0002332 secs]
49.762: [GC 49.762: [DefNew: 523K->11K(576K), 0.0002103 secs] 6678K->6167K(8116K), 0.0002568 secs]
49.769: [GC 49.769: [DefNew: 523K->11K(576K), 0.0002176 secs] 6679K->6168K(8116K), 0.0002608 secs]
49.776: [GC 49.776: [DefNew: 523K->11K(576K), 0.0002095 secs] 6680K->6168K(8116K), 0.0002609 secs]
49.782: [GC 49.782: [DefNew: 523K->11K(576K), 0.0001872 secs] 6680K->6169K(8116K), 0.0002273 secs]
49.789: [GC 49.789: [DefNew: 523K->11K(576K), 0.0001963 secs] 6681K->6170K(8116K), 0.0002374 secs]
49.796: [GC 49.796: [DefNew: 523K->11K(576K), 0.0002378 secs] 6682K->6170K(8116K), 0.0002855 secs]
49.803: [GC 49.803: [DefNew: 523K->11K(576K), 0.0002454 secs] 6682K->6172K(8116K), 0.0002914 secs]
49.809: [GC 49.809: [DefNew: 523K->11K(576K), 0.0002142 secs] 6684K->6172K(8116K), 0.0002575 secs]
49.816: [GC 49.816: [DefNew: 523K->12K(576K), 0.0001911 secs] 6684K->6173K(8116K), 0.0002320 secs]
49.822: [GC 49.822: [DefNew: 524K->11K(576K), 0.0001982 secs] 6685K->6174K(8116K), 0.0002403 secs]
49.828: [GC 49.828: [DefNew: 523K->11K(576K), 0.0001852 secs] 6686K->6174K(8116K), 0.0002245 secs]
49.835: [GC 49.835: [DefNew: 523K->11K(576K), 0.0002110 secs] 6686K->6175K(8116K), 0.0002553 secs]
49.842: [GC 49.842: [DefNew: 523K->11K(576K), 0.0002083 secs] 6687K->6176K(8116K), 0.0002520 secs]
49.848: [GC 49.848: [DefNew: 523K->12K(576K), 0.0001972 secs] 6688K->6177K(8116K), 0.0002384 secs]
49.855: [GC 49.855: [DefNew: 524K->11K(576K), 0.0002289 secs] 6689K->6177K(8116K), 0.0002768 secs]
49.861: [GC 49.861: [DefNew: 523K->11K(576K), 0.0001873 secs] 6689K->6178K(8116K), 0.0002268 secs]
49.868: [GC 49.868: [DefNew: 523K->11K(576K), 0.0002106 secs] 6690K->6179K(8116K), 0.0002533 secs]
49.875: [GC 49.875: [DefNew: 523K->11K(576K), 0.0002588 secs] 6691K->6180K(8116K), 0.0003040 secs]
49.882: [GC 49.882: [DefNew: 523K->12K(576K), 0.0001953 secs] 6692K->6181K(8116K), 0.0002359 secs]
49.888: [GC 49.888: [DefNew: 524K->11K(576K), 0.0001975 secs] 6693K->6181K(8116K), 0.0002387 secs]
49.895: [GC 49.895: [DefNew: 523K->12K(576K), 0.0001990 secs] 6693K->6183K(8116K), 0.0002406 secs]
49.901: [GC 49.901: [DefNew: 524K->11K(576K), 0.0005235 secs] 6695K->6183K(8116K), 0.0008374 secs]
49.908: [GC 49.908: [DefNew: 523K->11K(576K), 0.0002307 secs] 6695K->6183K(8116K), 0.0002766 secs]
49.915: [GC 49.915: [DefNew: 523K->11K(576K), 0.0002080 secs] 6695K->6185K(8116K), 0.0002518 secs]
49.921: [GC 49.921: [DefNew: 523K->11K(576K), 0.0002230 secs] 6697K->6185K(8116K), 0.0002694 secs]
49.928: [GC 49.928: [DefNew: 523K->12K(576K), 0.0001948 secs] 6697K->6186K(8116K), 0.0002354 secs]
49.934: [GC 49.934: [DefNew: 524K->11K(576K), 0.0002019 secs] 6698K->6187K(8116K), 0.0002440 secs]
49.941: [GC 49.941: [DefNew: 523K->12K(576K), 0.0002035 secs] 6699K->6188K(8116K), 0.0002449 secs]
49.947: [GC 49.947: [DefNew: 524K->11K(576K), 0.0002276 secs] 6700K->6189K(8116K), 0.0002742 secs]
49.954: [GC 49.954: [DefNew: 523K->11K(576K), 0.0002060 secs] 6701K->6189K(8116K), 0.0002490 secs]
49.960: [GC 49.960: [DefNew: 523K->12K(576K), 0.0002025 secs] 6701K->6190K(8116K), 0.0002439 secs]
49.967: [GC 49.967: [DefNew: 524K->11K(576K), 0.0002568 secs] 6702K->6191K(8116K), 0.0003013 secs]
49.974: [GC 49.974: [DefNew: 523K->12K(576K), 0.0001967 secs] 6703K->6192K(8116K), 0.0002380 secs]
49.982: [GC 49.982: [DefNew: 524K->11K(576K), 0.0002710 secs] 6704K->6192K(8116K), 0.0003206 secs]
49.989: [GC 49.989: [DefNew: 523K->12K(576K), 0.0002543 secs] 6704K->6194K(8116K), 0.0003032 secs]
49.996: [GC 49.996: [DefNew: 524K->11K(576K), 0.0002559 secs] 6706K->6194K(8116K), 0.0003049 secs]
50.005: [GC 50.005: [DefNew: 523K->12K(576K), 0.0002481 secs] 6706K->6195K(8116K), 0.0002972 secs]
50.012: [GC 50.012: [DefNew: 524K->12K(576K), 0.0002563 secs] 6707K->6196K(8116K), 0.0003053 secs]
50.019: [GC 50.019: [DefNew: 524K->11K(576K), 0.0002608 secs] 6708K->6196K(8116K), 0.0003095 secs]
50.026: [GC 50.026: [DefNew: 523K->12K(576K), 0.0002585 secs] 6708K->6198K(8116K), 0.0003083 secs]
50.034: [GC 50.034: [DefNew: 524K->11K(576K), 0.0002578 secs] 6710K->6198K(8116K), 0.0003074 secs]
50.041: [GC 50.041: [DefNew: 523K->12K(576K), 0.0002565 secs] 6710K->6199K(8116K), 0.0003072 secs]
50.048: [GC 50.048: [DefNew: 524K->11K(576K), 0.0002633 secs] 6711K->6200K(8116K), 0.0003112 secs]
50.055: [GC 50.055: [DefNew: 523K->12K(576K), 0.0002538 secs] 6712K->6201K(8116K), 0.0003028 secs]
50.062: [GC 50.062: [DefNew: 524K->12K(576K), 0.0002476 secs] 6713K->6201K(8116K), 0.0002979 secs]
50.069: [GC 50.069: [DefNew: 524K->11K(576K), 0.0002555 secs] 6713K->6202K(8116K), 0.0003051 secs]
50.076: [GC 50.076: [DefNew: 523K->12K(576K), 0.0002538 secs] 6714K->6203K(8116K), 0.0003035 secs]
50.082: [GC 50.082: [DefNew: 524K->11K(576K), 0.0002621 secs] 6715K->6203K(8116K), 0.0003109 secs]
50.090: [GC 50.090: [DefNew: 523K->12K(576K), 0.0002569 secs] 6715K->6205K(8116K), 0.0003057 secs]
50.096: [GC 50.096: [DefNew: 524K->11K(576K), 0.0002582 secs] 6717K->6205K(8116K), 0.0003087 secs]
50.104: [GC 50.104: [DefNew: 523K->12K(576K), 0.0002594 secs] 6717K->6207K(8116K), 0.0003099 secs]
50.111: [GC 50.111: [DefNew: 524K->12K(576K), 0.0002549 secs] 6719K->6207K(8116K), 0.0003037 secs]
50.119: [GC 50.119: [DefNew: 524K->12K(576K), 0.0002623 secs] 6719K->6208K(8116K), 0.0003108 secs]
50.126: [GC 50.126: [DefNew: 524K->12K(576K), 0.0002574 secs] 6720K->6209K(8116K), 0.0003059 secs]
50.133: [GC 50.133: [DefNew: 524K->11K(576K), 0.0002582 secs] 6721K->6209K(8116K), 0.0003069 secs]
50.140: [GC 50.141: [DefNew: 523K->12K(576K), 0.0002529 secs] 6721K->6210K(8116K), 0.0003028 secs]
50.147: [GC 50.147: [DefNew: 524K->11K(576K), 0.0002510 secs] 6722K->6211K(8116K), 0.0002988 secs]
50.155: [GC 50.155: [DefNew: 523K->12K(576K), 0.0002633 secs] 6723K->6212K(8116K), 0.0003140 secs]
50.162: [GC 50.162: [DefNew: 524K->11K(576K), 0.0002579 secs] 6724K->6213K(8116K), 0.0003063 secs]
50.170: [GC 50.170: [DefNew: 523K->12K(576K), 0.0002581 secs] 6725K->6214K(8116K), 0.0003077 secs]
50.177: [GC 50.177: [DefNew: 524K->12K(576K), 0.0002508 secs] 6726K->6214K(8116K), 0.0002990 secs]
50.184: [GC 50.184: [DefNew: 524K->12K(576K), 0.0002560 secs] 6726K->6216K(8116K), 0.0003065 secs]
50.192: [GC 50.192: [DefNew: 524K->12K(576K), 0.0002759 secs] 6728K->6216K(8116K), 0.0003403 secs]
50.199: [GC 50.199: [DefNew: 524K->12K(576K), 0.0002707 secs] 6728K->6217K(8116K), 0.0003227 secs]
50.206: [GC 50.206: [DefNew: 524K->12K(576K), 0.0002722 secs] 6729K->6218K(8116K), 0.0003231 secs]
50.213: [GC 50.214: [DefNew: 524K->11K(576K), 0.0002601 secs] 6730K->6218K(8116K), 0.0003096 secs]
50.221: [GC 50.221: [DefNew: 523K->12K(576K), 0.0002775 secs] 6730K->6220K(8116K), 0.0003304 secs]
50.228: [GC 50.228: [DefNew: 524K->12K(576K), 0.0002539 secs] 6732K->6220K(8116K), 0.0003029 secs]
50.236: [GC 50.236: [DefNew: 524K->12K(576K), 0.0002303 secs] 6732K->6221K(8116K), 0.0002767 secs]
50.242: [GC 50.242: [DefNew: 524K->12K(576K), 0.0002196 secs] 6733K->6222K(8116K), 0.0002645 secs]
50.250: [GC 50.250: [DefNew: 524K->12K(576K), 0.0002386 secs] 6734K->6223K(8116K), 0.0002861 secs]
50.256: [GC 50.256: [DefNew: 524K->12K(576K), 0.0002067 secs] 6735K->6224K(8116K), 0.0002500 secs]
50.263: [GC 50.263: [DefNew: 524K->12K(576K), 0.0002405 secs] 6736K->6225K(8116K), 0.0002885 secs]
50.270: [GC 50.270: [DefNew: 524K->13K(576K), 0.0002299 secs] 6737K->6225K(8116K), 0.0002758 secs]
50.277: [GC 50.277: [DefNew: 525K->12K(576K), 0.0002099 secs] 6737K->6226K(8116K), 0.0002527 secs]
50.284: [GC 50.284: [DefNew: 524K->12K(576K), 0.0002363 secs] 6738K->6227K(8116K), 0.0002828 secs]
50.291: [GC 50.291: [DefNew: 524K->12K(576K), 0.0002229 secs] 6739K->6227K(8116K), 0.0002701 secs]
50.298: [GC 50.298: [DefNew: 524K->13K(576K), 0.0002424 secs] 6739K->6229K(8116K), 0.0002894 secs]
50.305: [GC 50.305: [DefNew: 525K->12K(576K), 0.0002377 secs] 6741K->6229K(8116K), 0.0002844 secs]
50.313: [GC 50.313: [DefNew: 524K->12K(576K), 0.0002457 secs] 6741K->6231K(8116K), 0.0002951 secs]
50.320: [GC 50.320: [DefNew: 524K->13K(576K), 0.0002138 secs] 6743K->6231K(8116K), 0.0002580 secs]
50.327: [GC 50.328: [DefNew: 525K->12K(576K), 0.0002367 secs] 6743K->6232K(8116K), 0.0002833 secs]
50.334: [GC 50.334: [DefNew: 524K->12K(576K), 0.0002167 secs] 6744K->6233K(8116K), 0.0002595 secs]
50.342: [GC 50.342: [DefNew: 524K->12K(576K), 0.0002384 secs] 6745K->6234K(8116K), 0.0002862 secs]
50.349: [GC 50.349: [DefNew: 524K->13K(576K), 0.0002157 secs] 6746K->6235K(8116K), 0.0002608 secs]
50.355: [GC 50.356: [DefNew: 525K->12K(576K), 0.0002408 secs] 6747K->6235K(8116K), 0.0002876 secs]
50.362: [GC 50.362: [DefNew: 524K->12K(576K), 0.0002249 secs] 6747K->6236K(8116K), 0.0002700 secs]
50.369: [GC 50.369: [DefNew: 524K->12K(576K), 0.0002622 secs] 6748K->6237K(8116K), 0.0003127 secs]
50.377: [GC 50.377: [DefNew: 524K->13K(576K), 0.0002454 secs] 6749K->6238K(8116K), 0.0002936 secs]
50.383: [GC 50.383: [DefNew: 525K->12K(576K), 0.0001926 secs] 6750K->6238K(8116K), 0.0002342 secs]
50.390: [GC 50.390: [DefNew: 524K->12K(576K), 0.0002140 secs] 6750K->6240K(8116K), 0.0002579 secs]
50.396: [GC 50.396: [DefNew: 524K->13K(576K), 0.0001889 secs] 6752K->6240K(8116K), 0.0002286 secs]
50.404: [GC 50.404: [DefNew: 525K->13K(576K), 0.0003417 secs] 6752K->6242K(8116K), 0.0003895 secs]
50.410: [GC 50.410: [DefNew: 525K->12K(576K), 0.0002211 secs] 6754K->6242K(8116K), 0.0002655 secs]
50.417: [GC 50.417: [DefNew: 524K->13K(576K), 0.0002399 secs] 6754K->6243K(8116K), 0.0002865 secs]
50.424: [GC 50.424: [DefNew: 525K->13K(576K), 0.0001919 secs] 6755K->6244K(8116K), 0.0002325 secs]
50.430: [GC 50.430: [DefNew: 525K->12K(576K), 0.0002095 secs] 6756K->6245K(8116K), 0.0002507 secs]
50.437: [GC 50.437: [DefNew: 524K->13K(576K), 0.0002128 secs] 6757K->6246K(8116K), 0.0002553 secs]
50.443: [GC 50.443: [DefNew: 525K->12K(576K), 0.0001919 secs] 6758K->6246K(8116K), 0.0002326 secs]
50.450: [GC 50.450: [DefNew: 524K->13K(576K), 0.0002107 secs] 6758K->6247K(8116K), 0.0002535 secs]
50.456: [GC 50.457: [DefNew: 525K->13K(576K), 0.0002020 secs] 6759K->6248K(8116K), 0.0002451 secs]
50.463: [GC 50.464: [DefNew: 525K->13K(576K), 0.0002244 secs] 6760K->6249K(8116K), 0.0002680 secs]
50.470: [GC 50.470: [DefNew: 525K->13K(576K), 0.0001912 secs] 6761K->6250K(8116K), 0.0002308 secs]
50.477: [GC 50.477: [DefNew: 525K->13K(576K), 0.0001973 secs] 6762K->6251K(8116K), 0.0002475 secs]
50.483: [GC 50.484: [DefNew: 525K->13K(576K), 0.0002514 secs] 6763K->6251K(8116K), 0.0003003 secs]
50.491: [GC 50.491: [DefNew: 525K->13K(576K), 0.0002570 secs] 6763K->6253K(8116K), 0.0003068 secs]
50.498: [GC 50.498: [DefNew: 525K->13K(576K), 0.0002403 secs] 6765K->6253K(8116K), 0.0002867 secs]
50.505: [GC 50.505: [DefNew: 525K->13K(576K), 0.0002521 secs] 6765K->6255K(8116K), 0.0003021 secs]
50.511: [GC 50.511: [DefNew: 525K->13K(576K), 0.0002318 secs] 6767K->6255K(8116K), 0.0002744 secs]
50.518: [GC 50.518: [DefNew: 525K->13K(576K), 0.0002194 secs] 6767K->6256K(8116K), 0.0002627 secs]
50.524: [GC 50.524: [DefNew: 525K->13K(576K), 0.0001924 secs] 6768K->6257K(8116K), 0.0002320 secs]
50.531: [GC 50.531: [DefNew: 525K->13K(576K), 0.0002251 secs] 6769K->6258K(8116K), 0.0002695 secs]
50.538: [GC 50.538: [DefNew: 525K->13K(576K), 0.0001949 secs] 6770K->6259K(8116K), 0.0002366 secs]
50.544: [GC 50.544: [DefNew: 525K->13K(576K), 0.0002334 secs] 6771K->6259K(8116K), 0.0002871 secs]
50.551: [GC 50.551: [DefNew: 525K->13K(576K), 0.0002381 secs] 6771K->6260K(8116K), 0.0002848 secs]
50.558: [GC 50.558: [DefNew: 525K->13K(576K), 0.0002378 secs] 6772K->6261K(8116K), 0.0002840 secs]
50.565: [GC 50.565: [DefNew: 525K->13K(576K), 0.0002394 secs] 6773K->6262K(8116K), 0.0002858 secs]
50.572: [GC 50.572: [DefNew: 525K->13K(576K), 0.0002273 secs] 6774K->6262K(8116K), 0.0002733 secs]
50.579: [GC 50.579: [DefNew: 525K->13K(576K), 0.0002064 secs] 6774K->6264K(8116K), 0.0002476 secs]
50.585: [GC 50.585: [DefNew: 525K->13K(576K), 0.0001898 secs] 6776K->6264K(8116K), 0.0002297 secs]
50.592: [GC 50.592: [DefNew: 525K->13K(576K), 0.0002272 secs] 6776K->6266K(8116K), 0.0002716 secs]
50.598: [GC 50.598: [DefNew: 525K->13K(576K), 0.0001928 secs] 6778K->6266K(8116K), 0.0002323 secs]
50.606: [GC 50.606: [DefNew: 525K->13K(576K), 0.0002439 secs] 6778K->6268K(8116K), 0.0002909 secs]
50.612: [GC 50.612: [DefNew: 525K->13K(576K), 0.0002221 secs] 6780K->6268K(8116K), 0.0002665 secs]
50.619: [GC 50.619: [DefNew: 525K->13K(576K), 0.0002520 secs] 6780K->6269K(8116K), 0.0002999 secs]
50.626: [GC 50.626: [DefNew: 525K->13K(576K), 0.0002257 secs] 6781K->6270K(8116K), 0.0002718 secs]
50.633: [GC 50.633: [DefNew: 525K->13K(576K), 0.0002001 secs] 6782K->6271K(8116K), 0.0002408 secs]
50.640: [GC 50.640: [DefNew: 525K->13K(576K), 0.0002154 secs] 6783K->6272K(8116K), 0.0002595 secs]
50.646: [GC 50.646: [DefNew: 525K->14K(576K), 0.0001925 secs] 6784K->6273K(8116K), 0.0002323 secs]
50.653: [GC 50.653: [DefNew: 526K->13K(576K), 0.0002347 secs] 6785K->6273K(8116K), 0.0002804 secs]
50.660: [GC 50.660: [DefNew: 525K->14K(576K), 0.0002017 secs] 6785K->6275K(8116K), 0.0002428 secs]
50.666: [GC 50.666: [DefNew: 526K->13K(576K), 0.0001973 secs] 6787K->6275K(8116K), 0.0002384 secs]
50.673: [GC 50.673: [DefNew: 525K->14K(576K), 0.0002405 secs] 6787K->6277K(8116K), 0.0002906 secs]
50.680: [GC 50.680: [DefNew: 526K->13K(576K), 0.0002244 secs] 6789K->6277K(8116K), 0.0002678 secs]
50.686: [GC 50.686: [DefNew: 525K->14K(576K), 0.0002126 secs] 6789K->6278K(8116K), 0.0002564 secs]
50.693: [GC 50.693: [DefNew: 526K->13K(576K), 0.0002049 secs] 6790K->6279K(8116K), 0.0002449 secs]
50.699: [GC 50.699: [DefNew: 525K->14K(576K), 0.0002016 secs] 6791K->6280K(8116K), 0.0002433 secs]
50.706: [GC 50.706: [DefNew: 526K->13K(576K), 0.0002326 secs] 6792K->6281K(8116K), 0.0002790 secs]
50.713: [GC 50.713: [DefNew: 525K->14K(576K), 0.0002370 secs] 6793K->6282K(8116K), 0.0002823 secs]
50.719: [GC 50.720: [DefNew: 526K->13K(576K), 0.0001993 secs] 6794K->6283K(8116K), 0.0002400 secs]
50.726: [GC 50.726: [DefNew: 525K->13K(576K), 0.0002143 secs] 6795K->6283K(8116K), 0.0002578 secs]
50.733: [GC 50.733: [DefNew: 525K->13K(576K), 0.0002405 secs] 6795K->6284K(8116K), 0.0002869 secs]
50.739: [GC 50.740: [DefNew: 525K->13K(576K), 0.0002049 secs] 6796K->6285K(8116K), 0.0002471 secs]
50.747: [GC 50.747: [DefNew: 525K->13K(576K), 0.0002816 secs] 6797K->6286K(8116K), 0.0003273 secs]
50.753: [GC 50.753: [DefNew: 525K->13K(576K), 0.0001955 secs] 6798K->6287K(8116K), 0.0002356 secs]
50.760: [GC 50.760: [DefNew: 525K->13K(576K), 0.0002098 secs] 6799K->6288K(8116K), 0.0002586 secs]
50.766: [GC 50.766: [DefNew: 525K->13K(576K), 0.0001860 secs] 6800K->6289K(8116K), 0.0002251 secs]
50.773: [GC 50.773: [DefNew: 525K->13K(576K), 0.0002144 secs] 6801K->6290K(8116K), 0.0002560 secs]
50.780: [GC 50.780: [DefNew: 525K->13K(576K), 0.0002274 secs] 6802K->6290K(8116K), 0.0002728 secs]
50.787: [GC 50.787: [DefNew: 525K->13K(576K), 0.0002384 secs] 6802K->6292K(8116K), 0.0002806 secs]
50.795: [GC 50.795: [DefNew: 525K->13K(576K), 0.0002494 secs] 6804K->6292K(8116K), 0.0002975 secs]
50.801: [GC 50.801: [DefNew: 525K->13K(576K), 0.0002408 secs] 6804K->6294K(8116K), 0.0002867 secs]
50.808: [GC 50.808: [DefNew: 525K->13K(576K), 0.0002207 secs] 6806K->6294K(8116K), 0.0002657 secs]
50.815: [GC 50.815: [DefNew: 525K->13K(576K), 0.0002313 secs] 6806K->6295K(8116K), 0.0002772 secs]
50.822: [GC 50.822: [DefNew: 525K->13K(576K), 0.0001889 secs] 6807K->6296K(8116K), 0.0002278 secs]
50.828: [GC 50.828: [DefNew: 525K->13K(576K), 0.0002347 secs] 6808K->6297K(8116K), 0.0002806 secs]
50.835: [GC 50.835: [DefNew: 525K->13K(576K), 0.0002108 secs] 6809K->6298K(8116K), 0.0002505 secs]
50.842: [GC 50.842: [DefNew: 525K->14K(576K), 0.0002240 secs] 6810K->6299K(8116K), 0.0002679 secs]
50.848: [GC 50.848: [DefNew: 526K->13K(576K), 0.0002041 secs] 6811K->6300K(8116K), 0.0002446 secs]
50.856: [GC 50.856: [DefNew: 525K->14K(576K), 0.0002634 secs] 6812K->6301K(8116K), 0.0003108 secs]
50.862: [GC 50.862: [DefNew: 526K->14K(576K), 0.0002047 secs] 6813K->6302K(8116K), 0.0002452 secs]
50.869: [GC 50.869: [DefNew: 526K->14K(576K), 0.0002229 secs] 6814K->6303K(8116K), 0.0002684 secs]
50.875: [GC 50.875: [DefNew: 526K->14K(576K), 0.0002081 secs] 6815K->6304K(8116K), 0.0002491 secs]
50.882: [GC 50.882: [DefNew: 526K->14K(576K), 0.0001972 secs] 6816K->6305K(8116K), 0.0002375 secs]
50.889: [GC 50.889: [DefNew: 526K->14K(576K), 0.0002312 secs] 6817K->6306K(8116K), 0.0002763 secs]
50.895: [GC 50.895: [DefNew: 526K->14K(576K), 0.0001989 secs] 6818K->6307K(8116K), 0.0002388 secs]
50.903: [GC 50.903: [DefNew: 526K->14K(576K), 0.0002460 secs] 6819K->6308K(8116K), 0.0002933 secs]
50.910: [GC 50.910: [DefNew: 526K->14K(576K), 0.0002369 secs] 6820K->6308K(8116K), 0.0002826 secs]
50.916: [GC 50.916: [DefNew: 526K->14K(576K), 0.0002376 secs] 6820K->6310K(8116K), 0.0002821 secs]
50.923: [GC 50.923: [DefNew: 526K->14K(576K), 0.0002466 secs] 6822K->6310K(8116K), 0.0002910 secs]
50.930: [GC 50.930: [DefNew: 526K->14K(576K), 0.0002034 secs] 6822K->6312K(8116K), 0.0002445 secs]
50.936: [GC 50.936: [DefNew: 526K->14K(576K), 0.0002264 secs] 6824K->6312K(8116K), 0.0002701 secs]
50.943: [GC 50.943: [DefNew: 526K->14K(576K), 0.0002086 secs] 6824K->6314K(8116K), 0.0002502 secs]
50.950: [GC 50.950: [DefNew: 526K->14K(576K), 0.0002305 secs] 6826K->6314K(8116K), 0.0002762 secs]
50.957: [GC 50.957: [DefNew: 526K->14K(576K), 0.0001998 secs] 6826K->6316K(8116K), 0.0002410 secs]
50.964: [GC 50.964: [DefNew: 526K->14K(576K), 0.0002286 secs] 6828K->6316K(8116K), 0.0002743 secs]
50.970: [GC 50.971: [DefNew: 526K->14K(576K), 0.0002122 secs] 6828K->6317K(8116K), 0.0002544 secs]
50.977: [GC 50.977: [DefNew: 526K->14K(576K), 0.0002017 secs] 6829K->6318K(8116K), 0.0002416 secs]
50.985: [GC 50.985: [DefNew: 526K->14K(576K), 0.0002511 secs] 6830K->6319K(8116K), 0.0002997 secs]
50.993: [GC 50.993: [DefNew: 526K->14K(576K), 0.0002416 secs] 6831K->6320K(8116K), 0.0002900 secs]
51.000: [GC 51.000: [DefNew: 526K->14K(576K), 0.0002414 secs] 6832K->6321K(8116K), 0.0002872 secs]
51.007: [GC 51.007: [DefNew: 526K->14K(576K), 0.0002854 secs] 6833K->6322K(8116K), 0.0003322 secs]
51.014: [GC 51.014: [DefNew: 526K->14K(576K), 0.0002270 secs] 6834K->6323K(8116K), 0.0002726 secs]
51.021: [GC 51.021: [DefNew: 526K->14K(576K), 0.0002056 secs] 6835K->6325K(8116K), 0.0002469 secs]
51.028: [GC 51.028: [DefNew: 526K->14K(576K), 0.0002192 secs] 6837K->6325K(8116K), 0.0002632 secs]
51.034: [GC 51.034: [DefNew: 526K->15K(576K), 0.0002001 secs] 6837K->6327K(8116K), 0.0002401 secs]
51.041: [GC 51.041: [DefNew: 527K->15K(576K), 0.0002492 secs] 6839K->6327K(8116K), 0.0002960 secs]
51.048: [GC 51.048: [DefNew: 527K->15K(576K), 0.0002129 secs] 6839K->6328K(8116K), 0.0002548 secs]
51.054: [GC 51.054: [DefNew: 527K->14K(576K), 0.0001903 secs] 6840K->6329K(8116K), 0.0002296 secs]
51.061: [GC 51.061: [DefNew: 526K->15K(576K), 0.0002447 secs] 6841K->6330K(8116K), 0.0002920 secs]
51.068: [GC 51.068: [DefNew: 527K->15K(576K), 0.0002298 secs] 6842K->6331K(8116K), 0.0002751 secs]
51.075: [GC 51.075: [DefNew: 527K->15K(576K), 0.0002116 secs] 6843K->6332K(8116K), 0.0002533 secs]
51.082: [GC 51.082: [DefNew: 527K->15K(576K), 0.0002216 secs] 6844K->6333K(8116K), 0.0002662 secs]
51.089: [GC 51.089: [DefNew: 527K->15K(576K), 0.0002100 secs] 6845K->6334K(8116K), 0.0002512 secs]
51.096: [GC 51.096: [DefNew: 527K->15K(576K), 0.0002230 secs] 6846K->6336K(8116K), 0.0002669 secs]
51.102: [GC 51.102: [DefNew: 527K->15K(576K), 0.0002304 secs] 6848K->6336K(8116K), 0.0002776 secs]
51.109: [GC 51.109: [DefNew: 527K->15K(576K), 0.0002478 secs] 6848K->6338K(8116K), 0.0002949 secs]
51.115: [GC 51.115: [DefNew: 527K->15K(576K), 0.0001974 secs] 6850K->6338K(8116K), 0.0002383 secs]
51.122: [GC 51.122: [DefNew: 527K->15K(576K), 0.0002388 secs] 6850K->6340K(8116K), 0.0002835 secs]
51.129: [GC 51.129: [DefNew: 527K->15K(576K), 0.0001994 secs] 6852K->6340K(8116K), 0.0002400 secs]
51.135: [GC 51.135: [DefNew: 527K->15K(576K), 0.0002034 secs] 6852K->6341K(8116K), 0.0002447 secs]
51.142: [GC 51.142: [DefNew: 527K->15K(576K), 0.0002192 secs] 6853K->6343K(8116K), 0.0002633 secs]
51.149: [GC 51.149: [DefNew: 527K->15K(576K), 0.0002177 secs] 6855K->6343K(8116K), 0.0002587 secs]
51.156: [GC 51.156: [DefNew: 527K->16K(576K), 0.0002183 secs] 6855K->6345K(8116K), 0.0002615 secs]
51.162: [GC 51.162: [DefNew: 528K->15K(576K), 0.0001990 secs] 6857K->6345K(8116K), 0.0002389 secs]
51.169: [GC 51.169: [DefNew: 527K->16K(576K), 0.0002472 secs] 6857K->6347K(8116K), 0.0002934 secs]
51.176: [GC 51.176: [DefNew: 528K->15K(576K), 0.0002015 secs] 6859K->6347K(8116K), 0.0002412 secs]
51.182: [GC 51.182: [DefNew: 527K->15K(576K), 0.0002132 secs] 6859K->6349K(8116K), 0.0002551 secs]
51.189: [GC 51.189: [DefNew: 527K->16K(576K), 0.0002219 secs] 6861K->6350K(8116K), 0.0002661 secs]
51.196: [GC 51.196: [DefNew: 528K->15K(576K), 0.0001983 secs] 6862K->6351K(8116K), 0.0002389 secs]
51.203: [GC 51.203: [DefNew: 527K->16K(576K), 0.0002440 secs] 6863K->6352K(8116K), 0.0002904 secs]
51.210: [GC 51.210: [DefNew: 528K->15K(576K), 0.0002342 secs] 6864K->6353K(8116K), 0.0002788 secs]
51.217: [GC 51.217: [DefNew: 527K->16K(576K), 0.0002463 secs] 6865K->6354K(8116K), 0.0002928 secs]
51.223: [GC 51.223: [DefNew: 528K->15K(576K), 0.0001986 secs] 6866K->6355K(8116K), 0.0002387 secs]
51.230: [GC 51.230: [DefNew: 527K->16K(576K), 0.0002509 secs] 6867K->6356K(8116K), 0.0002984 secs]
51.237: [GC 51.237: [DefNew: 528K->16K(576K), 0.0002074 secs] 6868K->6358K(8116K), 0.0002479 secs]
51.243: [GC 51.244: [DefNew: 528K->15K(576K), 0.0002259 secs] 6870K->6358K(8116K), 0.0002690 secs]
51.250: [GC 51.250: [DefNew: 527K->16K(576K), 0.0002264 secs] 6870K->6360K(8116K), 0.0002691 secs]
51.257: [GC 51.257: [DefNew: 528K->15K(576K), 0.0002020 secs] 6872K->6360K(8116K), 0.0002421 secs]
51.264: [GC 51.264: [DefNew: 527K->16K(576K), 0.0002228 secs] 6872K->6362K(8116K), 0.0002664 secs]
51.271: [GC 51.271: [DefNew: 528K->16K(576K), 0.0002107 secs] 6874K->6363K(8116K), 0.0002520 secs]
51.277: [GC 51.277: [DefNew: 528K->16K(576K), 0.0002301 secs] 6875K->6364K(8116K), 0.0002750 secs]
51.284: [GC 51.284: [DefNew: 528K->16K(576K), 0.0002092 secs] 6876K->6365K(8116K), 0.0002504 secs]
51.290: [GC 51.290: [DefNew: 528K->15K(576K), 0.0002921 secs] 6877K->6366K(8116K), 0.0005203 secs]
51.298: [GC 51.298: [DefNew: 527K->16K(576K), 0.0002413 secs] 6878K->6367K(8116K), 0.0002870 secs]
51.305: [GC 51.305: [DefNew: 528K->16K(576K), 0.0002087 secs] 6879K->6369K(8116K), 0.0002495 secs]
51.312: [GC 51.312: [DefNew: 528K->16K(576K), 0.0002442 secs] 6881K->6369K(8116K), 0.0002915 secs]
51.319: [GC 51.319: [DefNew: 528K->16K(576K), 0.0002071 secs] 6881K->6371K(8116K), 0.0002562 secs]
51.325: [GC 51.325: [DefNew: 528K->16K(576K), 0.0002161 secs] 6883K->6372K(8116K), 0.0002590 secs]
51.332: [GC 51.332: [DefNew: 528K->16K(576K), 0.0002131 secs] 6884K->6373K(8116K), 0.0002540 secs]
51.339: [GC 51.339: [DefNew: 528K->16K(576K), 0.0002138 secs] 6885K->6375K(8116K), 0.0002557 secs]
51.346: [GC 51.346: [DefNew: 528K->17K(576K), 0.0002106 secs] 6887K->6375K(8116K), 0.0002529 secs]
51.353: [GC 51.353: [DefNew: 529K->16K(576K), 0.0002640 secs] 6887K->6377K(8116K), 0.0003124 secs]
51.360: [GC 51.360: [DefNew: 528K->18K(576K), 0.0002215 secs] 6889K->6378K(8116K), 0.0002637 secs]
51.366: [GC 51.366: [DefNew: 530K->17K(576K), 0.0002023 secs] 6890K->6379K(8116K), 0.0002432 secs]
51.373: [GC 51.373: [DefNew: 529K->17K(576K), 0.0002410 secs] 6891K->6380K(8116K), 0.0002860 secs]
51.380: [GC 51.380: [DefNew: 529K->18K(576K), 0.0002252 secs] 6892K->6382K(8116K), 0.0002674 secs]
51.387: [GC 51.387: [DefNew: 530K->17K(576K), 0.0002123 secs] 6894K->6383K(8116K), 0.0002525 secs]
51.394: [GC 51.394: [DefNew: 529K->18K(576K), 0.0002228 secs] 6895K->6384K(8116K), 0.0002652 secs]
51.402: [GC 51.402: [DefNew: 530K->18K(576K), 0.0002589 secs] 6896K->6386K(8116K), 0.0003057 secs]
51.408: [GC 51.408: [DefNew: 530K->17K(576K), 0.0002213 secs] 6898K->6386K(8116K), 0.0002623 secs]
51.415: [GC 51.415: [DefNew: 529K->18K(576K), 0.0002427 secs] 6898K->6388K(8116K), 0.0002895 secs]
51.422: [GC 51.422: [DefNew: 530K->18K(576K), 0.0002453 secs] 6900K->6389K(8116K), 0.0002993 secs]
51.429: [GC 51.429: [DefNew: 530K->18K(576K), 0.0002136 secs] 6901K->6390K(8116K), 0.0002544 secs]
51.436: [GC 51.436: [DefNew: 530K->18K(576K), 0.0002407 secs] 6902K->6391K(8116K), 0.0002854 secs]
51.443: [GC 51.443: [DefNew: 530K->18K(576K), 0.0002508 secs] 6903K->6393K(8116K), 0.0002919 secs]
51.450: [GC 51.450: [DefNew: 530K->19K(576K), 0.0002314 secs] 6905K->6395K(8116K), 0.0002762 secs]
51.456: [GC 51.456: [DefNew: 531K->18K(576K), 0.0002145 secs] 6907K->6395K(8116K), 0.0002545 secs]
51.463: [GC 51.463: [DefNew: 530K->18K(576K), 0.0002244 secs] 6907K->6397K(8116K), 0.0002666 secs]
51.470: [GC 51.470: [DefNew: 530K->19K(576K), 0.0002290 secs] 6909K->6398K(8116K), 0.0002723 secs]
51.477: [GC 51.477: [DefNew: 531K->19K(576K), 0.0002312 secs] 6910K->6399K(8116K), 0.0002733 secs]
51.484: [GC 51.484: [DefNew: 531K->18K(576K), 0.0002519 secs] 6911K->6401K(8116K), 0.0002978 secs]
51.491: [GC 51.491: [DefNew: 530K->20K(576K), 0.0002449 secs] 6913K->6402K(8116K), 0.0002871 secs]
51.498: [GC 51.498: [DefNew: 532K->20K(576K), 0.0002281 secs] 6914K->6404K(8116K), 0.0002700 secs]
51.505: [GC 51.505: [DefNew: 532K->19K(576K), 0.0002242 secs] 6916K->6405K(8116K), 0.0002670 secs]
51.512: [GC 51.512: [DefNew: 531K->20K(576K), 0.0002620 secs] 6917K->6406K(8116K), 0.0003088 secs]
51.519: [GC 51.519: [DefNew: 532K->20K(576K), 0.0002188 secs] 6918K->6408K(8116K), 0.0002600 secs]
51.526: [GC 51.526: [DefNew: 532K->20K(576K), 0.0002425 secs] 6920K->6409K(8116K), 0.0002864 secs]
51.533: [GC 51.533: [DefNew: 532K->20K(576K), 0.0002138 secs] 6921K->6410K(8116K), 0.0002541 secs]
51.540: [GC 51.540: [DefNew: 532K->20K(576K), 0.0002216 secs] 6922K->6412K(8116K), 0.0002650 secs]
51.547: [GC 51.547: [DefNew: 532K->20K(576K), 0.0002875 secs] 6924K->6413K(8116K), 0.0003331 secs]
51.554: [GC 51.554: [DefNew: 532K->20K(576K), 0.0002168 secs] 6925K->6415K(8116K), 0.0002583 secs]
51.560: [GC 51.560: [DefNew: 532K->20K(576K), 0.0002221 secs] 6927K->6416K(8116K), 0.0002646 secs]
51.567: [GC 51.568: [DefNew: 532K->20K(576K), 0.0002431 secs] 6928K->6417K(8116K), 0.0002870 secs]
51.575: [GC 51.575: [DefNew: 532K->20K(576K), 0.0002335 secs] 6929K->6419K(8116K), 0.0002760 secs]
51.581: [GC 51.582: [DefNew: 532K->21K(576K), 0.0002254 secs] 6931K->6421K(8116K), 0.0002671 secs]
51.588: [GC 51.588: [DefNew: 533K->21K(576K), 0.0002454 secs] 6933K->6422K(8116K), 0.0002891 secs]
51.595: [GC 51.595: [DefNew: 533K->20K(576K), 0.0002378 secs] 6934K->6423K(8116K), 0.0002810 secs]
51.602: [GC 51.602: [DefNew: 532K->20K(576K), 0.0002452 secs] 6935K->6425K(8116K), 0.0002899 secs]
51.609: [GC 51.609: [DefNew: 532K->21K(576K), 0.0002542 secs] 6937K->6426K(8116K), 0.0003009 secs]
51.616: [GC 51.617: [DefNew: 533K->21K(576K), 0.0002418 secs] 6938K->6428K(8116K), 0.0002854 secs]
51.624: [GC 51.624: [DefNew: 533K->21K(576K), 0.0002515 secs] 6940K->6429K(8116K), 0.0002971 secs]
51.631: [GC 51.631: [DefNew: 533K->21K(576K), 0.0002175 secs] 6941K->6430K(8116K), 0.0002578 secs]
51.637: [GC 51.637: [DefNew: 533K->21K(576K), 0.0002215 secs] 6942K->6432K(8116K), 0.0002630 secs]
51.644: [GC 51.645: [DefNew: 533K->22K(576K), 0.0002318 secs] 6944K->6434K(8116K), 0.0002742 secs]
51.652: [GC 51.652: [DefNew: 534K->22K(576K), 0.0002566 secs] 6946K->6435K(8116K), 0.0003022 secs]
51.658: [GC 51.659: [DefNew: 534K->21K(576K), 0.0002375 secs] 6947K->6437K(8116K), 0.0002798 secs]
51.665: [GC 51.665: [DefNew: 533K->21K(576K), 0.0002295 secs] 6949K->6438K(8116K), 0.0002715 secs]
51.673: [GC 51.673: [DefNew: 533K->22K(576K), 0.0002531 secs] 6950K->6439K(8116K), 0.0002984 secs]
51.680: [GC 51.680: [DefNew: 534K->22K(576K), 0.0002424 secs] 6951K->6441K(8116K), 0.0002853 secs]
51.687: [GC 51.687: [DefNew: 534K->22K(576K), 0.0002474 secs] 6953K->6443K(8116K), 0.0002927 secs]
51.694: [GC 51.694: [DefNew: 534K->22K(576K), 0.0002195 secs] 6955K->6444K(8116K), 0.0002611 secs]
51.701: [GC 51.701: [DefNew: 534K->22K(576K), 0.0002444 secs] 6956K->6445K(8116K), 0.0002900 secs]
51.708: [GC 51.708: [DefNew: 534K->22K(576K), 0.0002277 secs] 6957K->6447K(8116K), 0.0002693 secs]
51.715: [GC 51.715: [DefNew: 534K->22K(576K), 0.0002580 secs] 6959K->6448K(8116K), 0.0003046 secs]
51.722: [GC 51.722: [DefNew: 534K->22K(576K), 0.0002299 secs] 6960K->6450K(8116K), 0.0002716 secs]
51.729: [GC 51.729: [DefNew: 534K->22K(576K), 0.0002287 secs] 6962K->6451K(8116K), 0.0002715 secs]
51.736: [GC 51.736: [DefNew: 534K->22K(576K), 0.0002473 secs] 6963K->6453K(8116K), 0.0002928 secs]
51.743: [GC 51.743: [DefNew: 534K->22K(576K), 0.0002338 secs] 6965K->6454K(8116K), 0.0002769 secs]
51.750: [GC 51.750: [DefNew: 534K->22K(576K), 0.0002546 secs] 6966K->6456K(8116K), 0.0002997 secs]
51.758: [GC 51.758: [DefNew: 534K->22K(576K), 0.0002252 secs] 6968K->6458K(8116K), 0.0002673 secs]
51.764: [GC 51.765: [DefNew: 534K->22K(576K), 0.0002331 secs] 6970K->6459K(8116K), 0.0002762 secs]
51.771: [GC 51.771: [DefNew: 534K->22K(576K), 0.0002213 secs] 6971K->6460K(8116K), 0.0002620 secs]
51.778: [GC 51.778: [DefNew: 534K->22K(576K), 0.0002367 secs] 6972K->6462K(8116K), 0.0002803 secs]
51.785: [GC 51.785: [DefNew: 534K->22K(576K), 0.0002222 secs] 6974K->6463K(8116K), 0.0002628 secs]
51.794: [GC 51.794: [DefNew: 534K->22K(576K), 0.0003013 secs] 6975K->6465K(8116K), 0.0003576 secs]
51.801: [GC 51.801: [DefNew: 534K->22K(576K), 0.0002636 secs] 6977K->6467K(8116K), 0.0003109 secs]
51.808: [GC 51.808: [DefNew: 534K->23K(576K), 0.0002342 secs] 6979K->6468K(8116K), 0.0002779 secs]
51.815: [GC 51.815: [DefNew: 535K->23K(576K), 0.0002548 secs] 6980K->6470K(8116K), 0.0003027 secs]
51.822: [GC 51.822: [DefNew: 535K->22K(576K), 0.0002402 secs] 6982K->6471K(8116K), 0.0002832 secs]
51.829: [GC 51.829: [DefNew: 534K->22K(576K), 0.0002598 secs] 6983K->6472K(8116K), 0.0003063 secs]
51.836: [GC 51.836: [DefNew: 534K->22K(576K), 0.0002347 secs] 6984K->6474K(8116K), 0.0003219 secs]
51.844: [GC 51.844: [DefNew: 534K->23K(576K), 0.0002552 secs] 6986K->6476K(8116K), 0.0002996 secs]
51.851: [GC 51.851: [DefNew: 535K->23K(576K), 0.0002227 secs] 6988K->6478K(8116K), 0.0002633 secs]
51.858: [GC 51.858: [DefNew: 535K->23K(576K), 0.0002698 secs] 6990K->6479K(8116K), 0.0003160 secs]
51.865: [GC 51.865: [DefNew: 535K->22K(576K), 0.0002249 secs] 6991K->6480K(8116K), 0.0002649 secs]
51.872: [GC 51.872: [DefNew: 534K->22K(576K), 0.0002313 secs] 6992K->6482K(8116K), 0.0002744 secs]
51.879: [GC 51.879: [DefNew: 534K->23K(576K), 0.0002490 secs] 6994K->6483K(8116K), 0.0002910 secs]
51.886: [GC 51.886: [DefNew: 535K->23K(576K), 0.0002385 secs] 6995K->6485K(8116K), 0.0002818 secs]
51.893: [GC 51.893: [DefNew: 535K->23K(576K), 0.0002215 secs] 6997K->6487K(8116K), 0.0002627 secs]
51.899: [GC 51.899: [DefNew: 535K->23K(576K), 0.0002323 secs] 6999K->6488K(8116K), 0.0002815 secs]
51.907: [GC 51.907: [DefNew: 535K->22K(576K), 0.0002642 secs] 7000K->6489K(8116K), 0.0003108 secs]
51.914: [GC 51.914: [DefNew: 534K->22K(576K), 0.0002484 secs] 7001K->6491K(8116K), 0.0002941 secs]
51.922: [GC 51.922: [DefNew: 534K->23K(576K), 0.0002601 secs] 7003K->6493K(8116K), 0.0003066 secs]
51.929: [GC 51.929: [DefNew: 535K->23K(576K), 0.0002254 secs] 7005K->6495K(8116K), 0.0002667 secs]
51.936: [GC 51.936: [DefNew: 535K->23K(576K), 0.0002571 secs] 7007K->6496K(8116K), 0.0003023 secs]
51.943: [GC 51.943: [DefNew: 535K->23K(576K), 0.0002178 secs] 7008K->6498K(8116K), 0.0002576 secs]
51.951: [GC 51.951: [DefNew: 535K->23K(576K), 0.0002619 secs] 7010K->6499K(8116K), 0.0003081 secs]
51.958: [GC 51.958: [DefNew: 535K->23K(576K), 0.0002231 secs] 7011K->6500K(8116K), 0.0002650 secs]
51.965: [GC 51.965: [DefNew: 535K->23K(576K), 0.0002287 secs] 7012K->6502K(8116K), 0.0002708 secs]
51.972: [GC 51.972: [DefNew: 535K->23K(576K), 0.0002639 secs] 7014K->6504K(8116K), 0.0003098 secs]
51.980: [GC 51.980: [DefNew: 535K->24K(576K), 0.0002659 secs] 7016K->6506K(8116K), 0.0003128 secs]
51.987: [GC 51.987: [DefNew: 536K->24K(576K), 0.0002286 secs] 7018K->6507K(8116K), 0.0002705 secs]
51.994: [GC 51.994: [DefNew: 536K->23K(576K), 0.0002570 secs] 7019K->6509K(8116K), 0.0003004 secs]
52.000: [GC 52.000: [DefNew: 535K->23K(576K), 0.0002518 secs] 7021K->6510K(8116K), 0.0002966 secs]
52.007: [GC 52.007: [DefNew: 535K->23K(576K), 0.0002297 secs] 7022K->6511K(8116K), 0.0002787 secs]
52.014: [GC 52.015: [DefNew: 535K->23K(576K), 0.0002593 secs] 7023K->6513K(8116K), 0.0003070 secs]
52.022: [GC 52.022: [DefNew: 535K->24K(576K), 0.0002358 secs] 7025K->6515K(8116K), 0.0002784 secs]
52.029: [GC 52.029: [DefNew: 536K->24K(576K), 0.0002585 secs] 7027K->6517K(8116K), 0.0003047 secs]
52.036: [GC 52.036: [DefNew: 536K->24K(576K), 0.0002198 secs] 7029K->6518K(8116K), 0.0002607 secs]
52.043: [GC 52.043: [DefNew: 536K->23K(576K), 0.0002731 secs] 7030K->6520K(8116K), 0.0003208 secs]
52.050: [GC 52.050: [DefNew: 535K->23K(576K), 0.0002354 secs] 7032K->6521K(8116K), 0.0002769 secs]
52.057: [GC 52.057: [DefNew: 535K->23K(576K), 0.0002543 secs] 7033K->6522K(8116K), 0.0002997 secs]
52.064: [GC 52.064: [DefNew: 535K->24K(576K), 0.0002540 secs] 7034K->6524K(8116K), 0.0002990 secs]
52.071: [GC 52.071: [DefNew: 536K->24K(576K), 0.0002257 secs] 7036K->6526K(8116K), 0.0002666 secs]
52.078: [GC 52.079: [DefNew: 536K->24K(576K), 0.0002441 secs] 7038K->6528K(8116K), 0.0002872 secs]
52.085: [GC 52.086: [DefNew: 536K->24K(576K), 0.0002247 secs] 7040K->6529K(8116K), 0.0002652 secs]
52.093: [GC 52.093: [DefNew: 536K->23K(576K), 0.0002468 secs] 7041K->6531K(8116K), 0.0002916 secs]
52.099: [GC 52.099: [DefNew: 535K->23K(576K), 0.0002257 secs] 7043K->6532K(8116K), 0.0002664 secs]
52.106: [GC 52.107: [DefNew: 535K->23K(576K), 0.0002497 secs] 7044K->6534K(8116K), 0.0002952 secs]
52.114: [GC 52.114: [DefNew: 535K->24K(576K), 0.0002248 secs] 7046K->6535K(8116K), 0.0002660 secs]
52.121: [GC 52.121: [DefNew: 536K->24K(576K), 0.0002680 secs] 7047K->6537K(8116K), 0.0003160 secs]
52.128: [GC 52.128: [DefNew: 536K->24K(576K), 0.0002280 secs] 7049K->6539K(8116K), 0.0002705 secs]
52.135: [GC 52.135: [DefNew: 536K->24K(576K), 0.0002739 secs] 7051K->6540K(8116K), 0.0003159 secs]
52.142: [GC 52.142: [DefNew: 536K->23K(576K), 0.0002510 secs] 7052K->6542K(8116K), 0.0002959 secs]
52.149: [GC 52.149: [DefNew: 535K->23K(576K), 0.0002312 secs] 7054K->6543K(8116K), 0.0002723 secs]
52.156: [GC 52.156: [DefNew: 535K->23K(576K), 0.0002470 secs] 7055K->6544K(8116K), 0.0002912 secs]
52.163: [GC 52.163: [DefNew: 535K->24K(576K), 0.0002421 secs] 7056K->6546K(8116K), 0.0002844 secs]
52.170: [GC 52.170: [DefNew: 536K->24K(576K), 0.0002720 secs] 7058K->6548K(8116K), 0.0003187 secs]
52.177: [GC 52.177: [DefNew: 536K->24K(576K), 0.0002202 secs] 7060K->6550K(8116K), 0.0002611 secs]
52.184: [GC 52.184: [DefNew: 536K->23K(576K), 0.0002414 secs] 7062K->6551K(8116K), 0.0002862 secs]
52.191: [GC 52.191: [DefNew: 535K->23K(576K), 0.0002299 secs] 7063K->6553K(8116K), 0.0002710 secs]
52.198: [GC 52.198: [DefNew: 535K->23K(576K), 0.0002821 secs] 7065K->6554K(8116K), 0.0003327 secs]
52.206: [GC 52.206: [DefNew: 535K->23K(576K), 0.0002667 secs] 7066K->6555K(8116K), 0.0003146 secs]
52.213: [GC 52.213: [DefNew: 535K->24K(576K), 0.0002695 secs] 7067K->6557K(8116K), 0.0003171 secs]
52.220: [GC 52.220: [DefNew: 536K->24K(576K), 0.0002487 secs] 7069K->6559K(8116K), 0.0002934 secs]
52.227: [GC 52.227: [DefNew: 536K->24K(576K), 0.0002461 secs] 7071K->6561K(8116K), 0.0002887 secs]
52.235: [GC 52.235: [DefNew: 536K->23K(576K), 0.0002999 secs] 7073K->6562K(8116K), 0.0003481 secs]
52.241: [GC 52.242: [DefNew: 535K->23K(576K), 0.0002451 secs] 7074K->6564K(8116K), 0.0002875 secs]
52.248: [GC 52.248: [DefNew: 535K->23K(576K), 0.0002434 secs] 7076K->6565K(8116K), 0.0002869 secs]
52.256: [GC 52.256: [DefNew: 535K->23K(576K), 0.0002411 secs] 7077K->6567K(8116K), 0.0002842 secs]
52.263: [GC 52.263: [DefNew: 535K->24K(576K), 0.0002696 secs] 7079K->6568K(8116K), 0.0003136 secs]
52.270: [GC 52.270: [DefNew: 536K->24K(576K), 0.0002265 secs] 7080K->6570K(8116K), 0.0002733 secs]
52.277: [GC 52.277: [DefNew: 536K->24K(576K), 0.0002543 secs] 7082K->6572K(8116K), 0.0002992 secs]
52.284: [GC 52.284: [DefNew: 536K->24K(576K), 0.0002275 secs] 7084K->6574K(8116K), 0.0002690 secs]
52.292: [GC 52.292: [DefNew: 536K->24K(576K), 0.0002636 secs] 7086K->6575K(8116K), 0.0003179 secs]
52.298: [GC 52.298: [DefNew: 536K->24K(576K), 0.0002375 secs] 7087K->6576K(8116K), 0.0002790 secs]
52.305: [GC 52.306: [DefNew: 536K->24K(576K), 0.0002740 secs] 7088K->6578K(8116K), 0.0003266 secs]
52.313: [GC 52.313: [DefNew: 536K->24K(576K), 0.0002533 secs] 7090K->6579K(8116K), 0.0003050 secs]
52.320: [GC 52.320: [DefNew: 536K->24K(576K), 0.0002541 secs] 7091K->6581K(8116K), 0.0002985 secs]
52.327: [GC 52.327: [DefNew: 536K->24K(576K), 0.0002322 secs] 7093K->6583K(8116K), 0.0002739 secs]
52.334: [GC 52.334: [DefNew: 536K->24K(576K), 0.0002367 secs] 7095K->6585K(8116K), 0.0002777 secs]
52.342: [GC 52.342: [DefNew: 536K->24K(576K), 0.0002451 secs] 7097K->6587K(8116K), 0.0002897 secs]
52.349: [GC 52.349: [DefNew: 536K->24K(576K), 0.0002793 secs] 7099K->6588K(8116K), 0.0003275 secs]
52.357: [GC 52.357: [DefNew: 536K->24K(576K), 0.0002738 secs] 7100K->6589K(8116K), 0.0003214 secs]
52.364: [GC 52.364: [DefNew: 536K->24K(576K), 0.0002367 secs] 7101K->6591K(8116K), 0.0002782 secs]
52.371: [GC 52.371: [DefNew: 536K->24K(576K), 0.0002658 secs] 7103K->6592K(8116K), 0.0003128 secs]
52.378: [GC 52.378: [DefNew: 536K->24K(576K), 0.0002372 secs] 7104K->6594K(8116K), 0.0002795 secs]
52.386: [GC 52.386: [DefNew: 536K->24K(576K), 0.0002321 secs] 7106K->6596K(8116K), 0.0002733 secs]
52.393: [GC 52.393: [DefNew: 536K->24K(576K), 0.0002573 secs] 7108K->6598K(8116K), 0.0003092 secs]
52.401: [GC 52.401: [DefNew: 536K->24K(576K), 0.0002634 secs] 7110K->6599K(8116K), 0.0003103 secs]
52.408: [GC 52.408: [DefNew: 536K->24K(576K), 0.0002396 secs] 7111K->6601K(8116K), 0.0002820 secs]
52.415: [GC 52.415: [DefNew: 536K->24K(576K), 0.0002320 secs] 7113K->6602K(8116K), 0.0002785 secs]
52.422: [GC 52.422: [DefNew: 536K->24K(576K), 0.0002687 secs] 7114K->6603K(8116K), 0.0003154 secs]
52.429: [GC 52.430: [DefNew: 536K->24K(576K), 0.0002386 secs] 7115K->6605K(8116K), 0.0002815 secs]
52.437: [GC 52.437: [DefNew: 536K->24K(576K), 0.0002368 secs] 7117K->6607K(8116K), 0.0002803 secs]
52.444: [GC 52.444: [DefNew: 536K->24K(576K), 0.0002353 secs] 7119K->6609K(8116K), 0.0002770 secs]
52.451: [GC 52.451: [DefNew: 536K->24K(576K), 0.0002895 secs] 7121K->6611K(8116K), 0.0003356 secs]
52.458: [GC 52.458: [DefNew: 536K->24K(576K), 0.0002310 secs] 7123K->6612K(8116K), 0.0002787 secs]
52.464: [GC 52.464: [DefNew: 536K->24K(576K), 0.0002331 secs] 7124K->6614K(8116K), 0.0002751 secs]
52.472: [GC 52.472: [DefNew: 536K->24K(576K), 0.0002532 secs] 7126K->6615K(8116K), 0.0002982 secs]
52.479: [GC 52.479: [DefNew: 536K->24K(576K), 0.0002943 secs] 7127K->6616K(8116K), 0.0003575 secs]
52.486: [GC 52.486: [DefNew: 536K->24K(576K), 0.0002384 secs] 7128K->6618K(8116K), 0.0002821 secs]
52.493: [GC 52.493: [DefNew: 536K->24K(576K), 0.0002421 secs] 7130K->6620K(8116K), 0.0002926 secs]
52.500: [GC 52.500: [DefNew: 536K->24K(576K), 0.0002507 secs] 7132K->6622K(8116K), 0.0002940 secs]
52.507: [GC 52.507: [DefNew: 536K->23K(576K), 0.0002295 secs] 7134K->6623K(8116K), 0.0002703 secs]
52.514: [GC 52.514: [DefNew: 535K->23K(576K), 0.0002292 secs] 7135K->6624K(8116K), 0.0002698 secs]
52.521: [GC 52.521: [DefNew: 535K->23K(576K), 0.0002572 secs] 7136K->6626K(8116K), 0.0003039 secs]
52.529: [GC 52.529: [DefNew: 535K->24K(576K), 0.0002650 secs] 7138K->6627K(8116K), 0.0003111 secs]
52.536: [GC 52.536: [DefNew: 536K->24K(576K), 0.0002259 secs] 7139K->6629K(8116K), 0.0002671 secs]
52.543: [GC 52.543: [DefNew: 536K->24K(576K), 0.0002612 secs] 7141K->6631K(8116K), 0.0003074 secs]
52.550: [GC 52.550: [DefNew: 536K->23K(576K), 0.0002286 secs] 7143K->6632K(8116K), 0.0002701 secs]
52.557: [GC 52.557: [DefNew: 535K->23K(576K), 0.0002354 secs] 7144K->6634K(8116K), 0.0002787 secs]
52.564: [GC 52.564: [DefNew: 535K->23K(576K), 0.0002361 secs] 7146K->6635K(8116K), 0.0002797 secs]
52.571: [GC 52.571: [DefNew: 535K->23K(576K), 0.0002267 secs] 7147K->6637K(8116K), 0.0002686 secs]
52.578: [GC 52.578: [DefNew: 535K->24K(576K), 0.0002666 secs] 7149K->6638K(8116K), 0.0003138 secs]
52.585: [GC 52.585: [DefNew: 536K->24K(576K), 0.0002657 secs] 7150K->6640K(8116K), 0.0003119 secs]
52.593: [GC 52.593: [DefNew: 536K->24K(576K), 0.0002845 secs] 7152K->6642K(8116K), 0.0003315 secs]
52.600: [GC 52.600: [DefNew: 536K->23K(576K), 0.0002642 secs] 7154K->6643K(8116K), 0.0003099 secs]
52.607: [GC 52.607: [DefNew: 535K->23K(576K), 0.0003330 secs] 7155K->6645K(8116K), 0.0003810 secs]
52.614: [GC 52.614: [DefNew: 535K->23K(576K), 0.0002470 secs] 7157K->6646K(8116K), 0.0003492 secs]
52.621: [GC 52.621: [DefNew: 535K->23K(576K), 0.0002756 secs] 7158K->6648K(8116K), 0.0003222 secs]
52.628: [GC 52.628: [DefNew: 535K->24K(576K), 0.0002659 secs] 7160K->6649K(8116K), 0.0003129 secs]
52.636: [GC 52.636: [DefNew: 536K->24K(576K), 0.0002686 secs] 7161K->6651K(8116K), 0.0003157 secs]
52.643: [GC 52.643: [DefNew: 536K->24K(576K), 0.0002348 secs] 7163K->6653K(8116K), 0.0002765 secs]
52.650: [GC 52.650: [DefNew: 536K->23K(576K), 0.0002660 secs] 7165K->6654K(8116K), 0.0003125 secs]
52.657: [GC 52.657: [DefNew: 535K->23K(576K), 0.0002588 secs] 7166K->6656K(8116K), 0.0003046 secs]
52.664: [GC 52.664: [DefNew: 535K->23K(576K), 0.0002303 secs] 7168K->6657K(8116K), 0.0002725 secs]
52.672: [GC 52.672: [DefNew: 535K->23K(576K), 0.0002604 secs] 7169K->6659K(8116K), 0.0003067 secs]
52.679: [GC 52.679: [DefNew: 535K->24K(576K), 0.0002751 secs] 7171K->6660K(8116K), 0.0003214 secs]
52.686: [GC 52.686: [DefNew: 536K->24K(576K), 0.0002517 secs] 7172K->6662K(8116K), 0.0003045 secs]
52.693: [GC 52.693: [DefNew: 536K->24K(576K), 0.0002325 secs] 7174K->6664K(8116K), 0.0002735 secs]
52.700: [GC 52.700: [DefNew: 536K->23K(576K), 0.0002597 secs] 7176K->6665K(8116K), 0.0003063 secs]
52.707: [GC 52.707: [DefNew: 535K->23K(576K), 0.0002214 secs] 7177K->6666K(8116K), 0.0002623 secs]
52.714: [GC 52.714: [DefNew: 535K->23K(576K), 0.0002677 secs] 7178K->6668K(8116K), 0.0003145 secs]
52.722: [GC 52.722: [DefNew: 535K->24K(576K), 0.0002700 secs] 7180K->6670K(8116K), 0.0003168 secs]
52.729: [GC 52.729: [DefNew: 536K->24K(576K), 0.0002779 secs] 7182K->6672K(8116K), 0.0003263 secs]
52.737: [GC 52.737: [DefNew: 536K->24K(576K), 0.0002383 secs] 7184K->6673K(8116K), 0.0002862 secs]
52.744: [GC 52.744: [DefNew: 536K->24K(576K), 0.0002616 secs] 7185K->6675K(8116K), 0.0003086 secs]
52.751: [GC 52.751: [DefNew: 536K->23K(576K), 0.0002682 secs] 7187K->6677K(8116K), 0.0003148 secs]
52.758: [GC 52.758: [DefNew: 535K->23K(576K), 0.0002319 secs] 7189K->6678K(8116K), 0.0002745 secs]
52.765: [GC 52.765: [DefNew: 535K->23K(576K), 0.0002650 secs] 7190K->6679K(8116K), 0.0003118 secs]
52.772: [GC 52.772: [DefNew: 535K->24K(576K), 0.0002693 secs] 7191K->6681K(8116K), 0.0003161 secs]
52.780: [GC 52.780: [DefNew: 536K->24K(576K), 0.0002547 secs] 7193K->6683K(8116K), 0.0002994 secs]
52.787: [GC 52.787: [DefNew: 536K->24K(576K), 0.0002677 secs] 7195K->6684K(8116K), 0.0003352 secs]
52.797: [GC 52.797: [DefNew: 536K->24K(576K), 0.0002750 secs] 7196K->6686K(8116K), 0.0003226 secs]
52.804: [GC 52.804: [DefNew: 536K->24K(576K), 0.0002659 secs] 7198K->6688K(8116K), 0.0003117 secs]
52.811: [GC 52.811: [DefNew: 536K->24K(576K), 0.0002719 secs] 7200K->6690K(8116K), 0.0003208 secs]
52.818: [GC 52.818: [DefNew: 536K->24K(576K), 0.0002735 secs] 7202K->6691K(8116K), 0.0003215 secs]
52.826: [GC 52.826: [DefNew: 536K->24K(576K), 0.0002704 secs] 7203K->6693K(8116K), 0.0003166 secs]
52.833: [GC 52.833: [DefNew: 536K->24K(576K), 0.0002304 secs] 7205K->6694K(8116K), 0.0002726 secs]
52.840: [GC 52.840: [DefNew: 536K->24K(576K), 0.0002791 secs] 7206K->6696K(8116K), 0.0003264 secs]
52.848: [GC 52.848: [DefNew: 536K->24K(576K), 0.0002710 secs] 7208K->6697K(8116K), 0.0003176 secs]
52.855: [GC 52.855: [DefNew: 536K->24K(576K), 0.0002798 secs] 7209K->6699K(8116K), 0.0003288 secs]
52.862: [GC 52.862: [DefNew: 536K->24K(576K), 0.0002356 secs] 7211K->6701K(8116K), 0.0002774 secs]
52.871: [GC 52.871: [DefNew: 536K->25K(576K), 0.0002867 secs] 7213K->6703K(8116K), 0.0003353 secs]
52.878: [GC 52.878: [DefNew: 537K->25K(576K), 0.0002728 secs] 7215K->6705K(8116K), 0.0003199 secs]
52.885: [GC 52.885: [DefNew: 537K->25K(576K), 0.0002519 secs] 7217K->6706K(8116K), 0.0002961 secs]
52.892: [GC 52.892: [DefNew: 537K->25K(576K), 0.0002738 secs] 7218K->6708K(8116K), 0.0003196 secs]
52.900: [GC 52.900: [DefNew: 537K->25K(576K), 0.0002741 secs] 7220K->6709K(8116K), 0.0003212 secs]
52.907: [GC 52.907: [DefNew: 537K->24K(576K), 0.0002736 secs] 7221K->6711K(8116K), 0.0004470 secs]
52.914: [GC 52.914: [DefNew: 536K->24K(576K), 0.0002569 secs] 7223K->6712K(8116K), 0.0003013 secs]
52.923: [GC 52.923: [DefNew: 536K->24K(576K), 0.0002796 secs] 7224K->6714K(8116K), 0.0003280 secs]
52.930: [GC 52.930: [DefNew: 536K->24K(576K), 0.0002726 secs] 7226K->6716K(8116K), 0.0003194 secs]
52.938: [GC 52.938: [DefNew: 536K->25K(576K), 0.0002614 secs] 7228K->6718K(8116K), 0.0003073 secs]
52.945: [GC 52.945: [DefNew: 537K->25K(576K), 0.0002593 secs] 7230K->6719K(8116K), 0.0003051 secs]
52.953: [GC 52.953: [DefNew: 537K->25K(576K), 0.0002682 secs] 7231K->6721K(8116K), 0.0003153 secs]
52.960: [GC 52.960: [DefNew: 537K->25K(576K), 0.0002894 secs] 7233K->6723K(8116K), 0.0003373 secs]
52.967: [GC 52.967: [DefNew: 537K->25K(576K), 0.0002585 secs] 7235K->6724K(8116K), 0.0003040 secs]
52.974: [GC 52.974: [DefNew: 537K->25K(576K), 0.0002716 secs] 7236K->6726K(8116K), 0.0003182 secs]
52.982: [GC 52.982: [DefNew: 537K->24K(576K), 0.0002741 secs] 7238K->6727K(8116K), 0.0003217 secs]
52.989: [GC 52.989: [DefNew: 536K->24K(576K), 0.0002499 secs] 7239K->6729K(8116K), 0.0002938 secs]
52.996: [GC 52.997: [DefNew: 536K->24K(576K), 0.0002789 secs] 7241K->6731K(8116K), 0.0003259 secs]
53.004: [GC 53.004: [DefNew: 536K->24K(576K), 0.0002668 secs] 7243K->6732K(8116K), 0.0003128 secs]
53.011: [GC 53.011: [DefNew: 536K->25K(576K), 0.0002395 secs] 7244K->6734K(8116K), 0.0002820 secs]
53.019: [GC 53.019: [DefNew: 537K->25K(576K), 0.0002646 secs] 7246K->6736K(8116K), 0.0003109 secs]
53.026: [GC 53.026: [DefNew: 537K->25K(576K), 0.0002801 secs] 7248K->6738K(8116K), 0.0003271 secs]
53.034: [GC 53.034: [DefNew: 537K->25K(576K), 0.0003002 secs] 7250K->6740K(8116K), 0.0003516 secs]
53.041: [GC 53.042: [DefNew: 537K->25K(576K), 0.0002839 secs] 7252K->6741K(8116K), 0.0003309 secs]
53.049: [GC 53.049: [DefNew: 537K->25K(576K), 0.0002642 secs] 7253K->6743K(8116K), 0.0003099 secs]
53.056: [GC 53.056: [DefNew: 537K->25K(576K), 0.0002752 secs] 7255K->6744K(8116K), 0.0003234 secs]
53.063: [GC 53.063: [DefNew: 537K->24K(576K), 0.0002286 secs] 7256K->6746K(8116K), 0.0002692 secs]
53.070: [GC 53.070: [DefNew: 536K->24K(576K), 0.0002781 secs] 7258K->6747K(8116K), 0.0003254 secs]
53.078: [GC 53.078: [DefNew: 536K->24K(576K), 0.0002775 secs] 7259K->6749K(8116K), 0.0003239 secs]
53.085: [GC 53.085: [DefNew: 536K->25K(576K), 0.0002504 secs] 7261K->6751K(8116K), 0.0003014 secs]
53.092: [GC 53.092: [DefNew: 537K->25K(576K), 0.0002714 secs] 7263K->6753K(8116K), 0.0003183 secs]
53.100: [GC 53.100: [DefNew: 537K->25K(576K), 0.0002689 secs] 7265K->6755K(8116K), 0.0003142 secs]
53.107: [GC 53.107: [DefNew: 537K->25K(576K), 0.0002804 secs] 7267K->6756K(8116K), 0.0003277 secs]
53.114: [GC 53.114: [DefNew: 537K->25K(576K), 0.0002312 secs] 7268K->6758K(8116K), 0.0002718 secs]
53.121: [GC 53.121: [DefNew: 537K->25K(576K), 0.0002708 secs] 7270K->6760K(8116K), 0.0003173 secs]
53.128: [GC 53.128: [DefNew: 537K->25K(576K), 0.0002731 secs] 7272K->6761K(8116K), 0.0003199 secs]
53.136: [GC 53.136: [DefNew: 537K->24K(576K), 0.0002381 secs] 7273K->6763K(8116K), 0.0002820 secs]
53.143: [GC 53.143: [DefNew: 536K->24K(576K), 0.0002653 secs] 7275K->6764K(8116K), 0.0003120 secs]
53.151: [GC 53.151: [DefNew: 536K->24K(576K), 0.0002657 secs] 7276K->6766K(8116K), 0.0003120 secs]
53.158: [GC 53.158: [DefNew: 536K->24K(576K), 0.0002279 secs] 7278K->6767K(8116K), 0.0002694 secs]
53.165: [GC 53.165: [DefNew: 536K->25K(576K), 0.0002735 secs] 7279K->6769K(8116K), 0.0003197 secs]
53.172: [GC 53.172: [DefNew: 537K->25K(576K), 0.0002722 secs] 7281K->6771K(8116K), 0.0003186 secs]
53.179: [GC 53.180: [DefNew: 537K->25K(576K), 0.0002758 secs] 7283K->6773K(8116K), 0.0003219 secs]
53.187: [GC 53.187: [DefNew: 537K->25K(576K), 0.0002698 secs] 7285K->6775K(8116K), 0.0003158 secs]
53.194: [GC 53.194: [DefNew: 537K->25K(576K), 0.0002685 secs] 7287K->6776K(8116K), 0.0003155 secs]
53.201: [GC 53.201: [DefNew: 537K->24K(576K), 0.0002719 secs] 7288K->6777K(8116K), 0.0003188 secs]
53.208: [GC 53.208: [DefNew: 536K->24K(576K), 0.0002378 secs] 7289K->6779K(8116K), 0.0002797 secs]
53.216: [GC 53.216: [DefNew: 536K->24K(576K), 0.0002750 secs] 7291K->6780K(8116K), 0.0003224 secs]
53.224: [GC 53.224: [DefNew: 536K->24K(576K), 0.0002858 secs] 7292K->6782K(8116K), 0.0003399 secs]
53.231: [GC 53.231: [DefNew: 536K->24K(576K), 0.0002722 secs] 7294K->6784K(8116K), 0.0003197 secs]
53.240: [GC 53.240: [DefNew: 536K->25K(576K), 0.0004585 secs] 7296K->6786K(8116K), 0.0005258 secs]
53.249: [GC 53.249: [DefNew: 537K->25K(576K), 0.0003068 secs] 7298K->6788K(8116K), 0.0003660 secs]
53.257: [GC 53.257: [DefNew: 537K->25K(576K), 0.0002747 secs] 7300K->6789K(8116K), 0.0003219 secs]
53.264: [GC 53.264: [DefNew: 537K->25K(576K), 0.0002692 secs] 7301K->6791K(8116K), 0.0003156 secs]
53.270: [GC 53.270: [DefNew: 442K->25K(576K), 0.0002153 secs]53.270: [Tenured: 6767K->6792K(7540K), 0.0386766 secs] 7207K->6792K(8116K), 0.0390152 secs]
53.322: [GC 53.322: [DefNew: 832K->3K(896K), 0.0002401 secs] 9592K->8763K(12220K), 0.0002882 secs]
53.333: [GC 53.333: [DefNew: 835K->5K(896K), 0.0002403 secs] 9595K->8766K(12220K), 0.0002871 secs]
53.345: [GC 53.345: [DefNew: 837K->8K(896K), 0.0002537 secs] 9598K->8769K(12220K), 0.0002995 secs]
53.357: [GC 53.357: [DefNew: 840K->10K(896K), 0.0002530 secs] 9601K->8771K(12220K), 0.0003010 secs]
53.368: [GC 53.368: [DefNew: 842K->14K(896K), 0.0002818 secs] 9603K->8774K(12220K), 0.0003351 secs]
53.380: [GC 53.380: [DefNew: 846K->16K(896K), 0.0002823 secs] 9606K->8777K(12220K), 0.0003332 secs]
53.392: [GC 53.392: [DefNew: 848K->19K(896K), 0.0002729 secs] 9609K->8780K(12220K), 0.0003200 secs]
53.404: [GC 53.404: [DefNew: 851K->21K(896K), 0.0002741 secs] 9612K->8782K(12220K), 0.0003212 secs]
53.415: [GC 53.415: [DefNew: 853K->25K(896K), 0.0004402 secs] 9614K->8785K(12220K), 0.0004893 secs]
53.426: [GC 53.427: [DefNew: 857K->27K(896K), 0.0002903 secs] 9617K->8788K(12220K), 0.0003387 secs]
53.438: [GC 53.438: [DefNew: 859K->30K(896K), 0.0002849 secs] 9620K->8791K(12220K), 0.0003384 secs]
53.449: [GC 53.449: [DefNew: 862K->32K(896K), 0.0002929 secs] 9623K->8793K(12220K), 0.0003387 secs]
53.461: [GC 53.461: [DefNew: 864K->33K(896K), 0.0003025 secs] 9625K->8797K(12220K), 0.0003492 secs]
53.472: [GC 53.472: [DefNew: 865K->33K(896K), 0.0003123 secs] 9629K->8799K(12220K), 0.0003595 secs]
53.484: [GC 53.485: [DefNew: 865K->33K(896K), 0.0003036 secs] 9631K->8802K(12220K), 0.0003503 secs]
53.496: [GC 53.496: [DefNew: 865K->33K(896K), 0.0003013 secs] 9634K->8805K(12220K), 0.0003490 secs]
53.507: [GC 53.507: [DefNew: 865K->33K(896K), 0.0003025 secs] 9637K->8808K(12220K), 0.0003567 secs]
53.519: [GC 53.519: [DefNew: 865K->34K(896K), 0.0002937 secs] 9640K->8810K(12220K), 0.0003423 secs]
53.530: [GC 53.530: [DefNew: 866K->33K(896K), 0.0003076 secs] 9642K->8813K(12220K), 0.0003545 secs]
53.542: [GC 53.542: [DefNew: 865K->34K(896K), 0.0002830 secs] 9645K->8817K(12220K), 0.0003290 secs]
53.553: [GC 53.553: [DefNew: 866K->33K(896K), 0.0003049 secs] 9649K->8819K(12220K), 0.0003519 secs]
53.565: [GC 53.565: [DefNew: 865K->35K(896K), 0.0002919 secs] 9651K->8822K(12220K), 0.0003386 secs]
53.577: [GC 53.577: [DefNew: 867K->34K(896K), 0.0002996 secs] 9654K->8825K(12220K), 0.0003458 secs]
53.588: [GC 53.588: [DefNew: 866K->31K(896K), 0.0003030 secs] 9657K->8828K(12220K), 0.0003484 secs]
53.600: [GC 53.600: [DefNew: 863K->35K(896K), 0.0002871 secs] 9660K->8832K(12220K), 0.0003342 secs]
53.611: [GC 53.611: [DefNew: 867K->32K(896K), 0.0003008 secs] 9664K->8834K(12220K), 0.0003489 secs]
53.624: [GC 53.624: [DefNew: 864K->33K(896K), 0.0003084 secs] 9666K->8837K(12220K), 0.0003564 secs]
53.635: [GC 53.635: [DefNew: 865K->33K(896K), 0.0002993 secs] 9669K->8841K(12220K), 0.0003464 secs]
53.647: [GC 53.647: [DefNew: 865K->33K(896K), 0.0003378 secs] 9673K->8843K(12220K), 0.0003847 secs]
53.658: [GC 53.659: [DefNew: 865K->33K(896K), 0.0003068 secs] 9675K->8847K(12220K), 0.0003532 secs]
53.671: [GC 53.671: [DefNew: 865K->33K(896K), 0.0003102 secs] 9679K->8850K(12220K), 0.0003575 secs]
53.683: [GC 53.683: [DefNew: 865K->34K(896K), 0.0003610 secs] 9682K->8853K(12220K), 0.0004122 secs]
53.694: [GC 53.694: [DefNew: 866K->33K(896K), 0.0003126 secs] 9685K->8856K(12220K), 0.0003614 secs]
53.707: [GC 53.707: [DefNew: 865K->34K(896K), 0.0003157 secs] 9688K->8859K(12220K), 0.0003639 secs]
53.719: [GC 53.719: [DefNew: 866K->35K(896K), 0.0003224 secs] 9691K->8863K(12220K), 0.0003706 secs]
53.730: [GC 53.730: [DefNew: 867K->34K(896K), 0.0003038 secs] 9695K->8866K(12220K), 0.0003519 secs]
53.742: [GC 53.742: [DefNew: 866K->34K(896K), 0.0002891 secs] 9698K->8869K(12220K), 0.0003334 secs]
53.753: [GC 53.753: [DefNew: 866K->35K(896K), 0.0003106 secs] 9701K->8872K(12220K), 0.0003568 secs]
53.765: [GC 53.765: [DefNew: 867K->35K(896K), 0.0003105 secs] 9704K->8876K(12220K), 0.0003573 secs]
53.777: [GC 53.778: [DefNew: 867K->33K(896K), 0.0003169 secs] 9708K->8879K(12220K), 0.0003647 secs]
53.789: [GC 53.789: [DefNew: 865K->32K(896K), 0.0003039 secs] 9711K->8883K(12220K), 0.0003510 secs]
53.803: [GC 53.803: [DefNew: 864K->32K(896K), 0.0003097 secs] 9715K->8886K(12220K), 0.0003581 secs]
53.815: [GC 53.815: [DefNew: 864K->33K(896K), 0.0003049 secs] 9718K->8889K(12220K), 0.0003526 secs]
53.827: [GC 53.827: [DefNew: 865K->33K(896K), 0.0003064 secs] 9721K->8893K(12220K), 0.0003539 secs]
53.839: [GC 53.839: [DefNew: 865K->33K(896K), 0.0003095 secs] 9725K->8896K(12220K), 0.0003569 secs]
53.851: [GC 53.852: [DefNew: 865K->34K(896K), 0.0003127 secs] 9728K->8900K(12220K), 0.0003598 secs]
53.863: [GC 53.863: [DefNew: 866K->34K(896K), 0.0003100 secs] 9732K->8903K(12220K), 0.0003660 secs]
53.875: [GC 53.875: [DefNew: 866K->34K(896K), 0.0003209 secs] 9735K->8907K(12220K), 0.0003682 secs]
53.887: [GC 53.887: [DefNew: 866K->34K(896K), 0.0003191 secs] 9739K->8911K(12220K), 0.0003666 secs]
53.899: [GC 53.899: [DefNew: 866K->34K(896K), 0.0004181 secs] 9743K->8914K(12220K), 0.0004697 secs]
53.911: [GC 53.911: [DefNew: 866K->35K(896K), 0.0003195 secs] 9746K->8918K(12220K), 0.0003676 secs]
53.924: [GC 53.924: [DefNew: 867K->32K(896K), 0.0003334 secs] 9750K->8921K(12220K), 0.0003858 secs]
53.936: [GC 53.936: [DefNew: 864K->32K(896K), 0.0003074 secs] 9753K->8925K(12220K), 0.0003541 secs]
53.949: [GC 53.949: [DefNew: 864K->32K(896K), 0.0003087 secs] 9757K->8929K(12220K), 0.0003561 secs]
53.960: [GC 53.960: [DefNew: 864K->32K(896K), 0.0003052 secs] 9761K->8932K(12220K), 0.0003525 secs]
53.973: [GC 53.973: [DefNew: 864K->32K(896K), 0.0002978 secs] 9764K->8936K(12220K), 0.0003456 secs]
53.985: [GC 53.985: [DefNew: 864K->32K(896K), 0.0003111 secs] 9768K->8940K(12220K), 0.0003585 secs]
53.997: [GC 53.997: [DefNew: 864K->33K(896K), 0.0002940 secs] 9772K->8943K(12220K), 0.0003480 secs]
54.009: [GC 54.009: [DefNew: 865K->33K(896K), 0.0002976 secs] 9775K->8947K(12220K), 0.0003435 secs]
54.021: [GC 54.022: [DefNew: 865K->33K(896K), 0.0003132 secs] 9779K->8951K(12220K), 0.0003631 secs]
54.035: [GC 54.035: [DefNew: 865K->33K(896K), 0.0003210 secs] 9783K->8955K(12220K), 0.0003727 secs]
54.047: [GC 54.047: [DefNew: 865K->33K(896K), 0.0003178 secs] 9787K->8959K(12220K), 0.0003658 secs]
54.059: [GC 54.059: [DefNew: 865K->34K(896K), 0.0003166 secs] 9791K->8962K(12220K), 0.0003636 secs]
54.071: [GC 54.072: [DefNew: 866K->34K(896K), 0.0003091 secs] 9794K->8966K(12220K), 0.0003567 secs]
54.083: [GC 54.083: [DefNew: 866K->34K(896K), 0.0003073 secs] 9798K->8970K(12220K), 0.0003534 secs]
54.096: [GC 54.096: [DefNew: 866K->34K(896K), 0.0003024 secs] 9802K->8974K(12220K), 0.0003498 secs]
54.108: [GC 54.108: [DefNew: 866K->34K(896K), 0.0003226 secs] 9806K->8977K(12220K), 0.0003697 secs]
54.120: [GC 54.120: [DefNew: 866K->34K(896K), 0.0003105 secs] 9809K->8981K(12220K), 0.0003579 secs]
54.132: [GC 54.132: [DefNew: 866K->34K(896K), 0.0003186 secs] 9813K->8985K(12220K), 0.0003668 secs]
54.145: [GC 54.145: [DefNew: 866K->34K(896K), 0.0003135 secs] 9817K->8989K(12220K), 0.0003613 secs]
54.157: [GC 54.157: [DefNew: 866K->35K(896K), 0.0003090 secs] 9821K->8993K(12220K), 0.0003566 secs]
54.170: [GC 54.170: [DefNew: 867K->35K(896K), 0.0003117 secs] 9825K->8998K(12220K), 0.0003591 secs]
54.182: [GC 54.182: [DefNew: 867K->35K(896K), 0.0003146 secs] 9830K->9001K(12220K), 0.0003627 secs]
54.195: [GC 54.195: [DefNew: 867K->35K(896K), 0.0003671 secs] 9833K->9005K(12220K), 0.0004204 secs]
54.207: [GC 54.207: [DefNew: 867K->36K(896K), 0.0003787 secs] 9837K->9010K(12220K), 0.0004274 secs]
54.219: [GC 54.220: [DefNew: 868K->32K(896K), 0.0003175 secs] 9842K->9014K(12220K), 0.0003650 secs]
54.232: [GC 54.232: [DefNew: 864K->33K(896K), 0.0003109 secs] 9846K->9018K(12220K), 0.0003636 secs]
54.244: [GC 54.244: [DefNew: 865K->32K(896K), 0.0002978 secs] 9850K->9022K(12220K), 0.0003447 secs]
54.257: [GC 54.257: [DefNew: 864K->33K(896K), 0.0003071 secs] 9854K->9026K(12220K), 0.0003547 secs]
54.269: [GC 54.269: [DefNew: 865K->33K(896K), 0.0003061 secs] 9858K->9031K(12220K), 0.0003523 secs]
54.281: [GC 54.281: [DefNew: 865K->33K(896K), 0.0003152 secs] 9863K->9035K(12220K), 0.0003636 secs]
54.294: [GC 54.294: [DefNew: 865K->34K(896K), 0.0003133 secs] 9867K->9040K(12220K), 0.0003604 secs]
54.306: [GC 54.306: [DefNew: 866K->34K(896K), 0.0003133 secs] 9872K->9044K(12220K), 0.0003595 secs]
54.319: [GC 54.319: [DefNew: 866K->35K(896K), 0.0003011 secs] 9876K->9049K(12220K), 0.0003965 secs]
54.332: [GC 54.332: [DefNew: 867K->35K(896K), 0.0003146 secs] 9881K->9053K(12220K), 0.0003623 secs]
54.345: [GC 54.345: [DefNew: 867K->36K(896K), 0.0003139 secs] 9885K->9058K(12220K), 0.0003604 secs]
54.357: [GC 54.357: [DefNew: 868K->36K(896K), 0.0003186 secs] 9890K->9062K(12220K), 0.0003652 secs]
54.369: [GC 54.369: [DefNew: 868K->36K(896K), 0.0003107 secs] 9894K->9067K(12220K), 0.0003556 secs]
54.382: [GC 54.382: [DefNew: 868K->32K(896K), 0.0003156 secs] 9899K->9072K(12220K), 0.0003689 secs]
54.394: [GC 54.395: [DefNew: 864K->32K(896K), 0.0002931 secs] 9904K->9076K(12220K), 0.0003379 secs]
54.407: [GC 54.408: [DefNew: 864K->32K(896K), 0.0003190 secs] 9908K->9081K(12220K), 0.0003668 secs]
54.421: [GC 54.421: [DefNew: 864K->32K(896K), 0.0003261 secs] 9913K->9086K(12220K), 0.0003758 secs]
54.436: [GC 54.436: [DefNew: 864K->32K(896K), 0.0003191 secs] 9918K->9090K(12220K), 0.0003668 secs]
54.452: [GC 54.453: [DefNew: 864K->32K(896K), 0.0005100 secs] 9922K->9095K(12220K), 0.0005806 secs]
54.466: [GC 54.466: [DefNew: 864K->32K(896K), 0.0004984 secs] 9927K->9099K(12220K), 0.0005680 secs]
54.482: [GC 54.482: [DefNew: 864K->32K(896K), 0.0003546 secs] 9931K->9104K(12220K), 0.0004075 secs]
54.494: [GC 54.494: [DefNew: 864K->32K(896K), 0.0003109 secs] 9936K->9108K(12220K), 0.0003581 secs]
54.507: [GC 54.507: [DefNew: 864K->32K(896K), 0.0003476 secs] 9940K->9113K(12220K), 0.0003938 secs]
54.519: [GC 54.519: [DefNew: 864K->32K(896K), 0.0003034 secs] 9945K->9118K(12220K), 0.0003595 secs]
54.533: [GC 54.533: [DefNew: 864K->33K(896K), 0.0003346 secs] 9950K->9123K(12220K), 0.0003849 secs]
54.545: [GC 54.545: [DefNew: 865K->33K(896K), 0.0003179 secs] 9955K->9128K(12220K), 0.0003656 secs]
54.558: [GC 54.558: [DefNew: 865K->33K(896K), 0.0003135 secs] 9960K->9132K(12220K), 0.0003622 secs]
54.570: [GC 54.570: [DefNew: 865K->33K(896K), 0.0002978 secs] 9964K->9137K(12220K), 0.0003423 secs]
54.584: [GC 54.584: [DefNew: 865K->33K(896K), 0.0003128 secs] 9969K->9142K(12220K), 0.0003603 secs]
54.596: [GC 54.596: [DefNew: 865K->33K(896K), 0.0003062 secs] 9974K->9147K(12220K), 0.0003533 secs]
54.611: [GC 54.611: [DefNew: 865K->34K(896K), 0.0005747 secs] 9979K->9152K(12220K), 0.0006445 secs]
54.625: [GC 54.625: [DefNew: 866K->33K(896K), 0.0003262 secs] 9984K->9156K(12220K), 0.0003743 secs]
54.640: [GC 54.640: [DefNew: 865K->33K(896K), 0.0003277 secs] 9988K->9161K(12220K), 0.0003767 secs]
54.657: [GC 54.657: [DefNew: 865K->34K(896K), 0.0004955 secs] 9993K->9166K(12220K), 0.0005637 secs]
54.671: [GC 54.671: [DefNew: 866K->33K(896K), 0.0003451 secs] 9998K->9171K(12220K), 0.0003955 secs]
54.685: [GC 54.685: [DefNew: 865K->34K(896K), 0.0004062 secs] 10003K->9176K(12220K), 0.0004657 secs]
54.699: [GC 54.699: [DefNew: 866K->33K(896K), 0.0003419 secs] 10008K->9181K(12220K), 0.0003939 secs]
54.712: [GC 54.712: [DefNew: 865K->34K(896K), 0.0003102 secs] 10013K->9186K(12220K), 0.0003578 secs]
54.725: [GC 54.726: [DefNew: 866K->34K(896K), 0.0003250 secs] 10018K->9190K(12220K), 0.0003764 secs]
54.739: [GC 54.739: [DefNew: 866K->33K(896K), 0.0003275 secs] 10022K->9195K(12220K), 0.0003797 secs]
54.753: [GC 54.753: [DefNew: 865K->33K(896K), 0.0003132 secs] 10027K->9200K(12220K), 0.0003620 secs]
54.766: [GC 54.766: [DefNew: 865K->33K(896K), 0.0003391 secs] 10032K->9204K(12220K), 0.0003891 secs]
54.780: [GC 54.780: [DefNew: 865K->33K(896K), 0.0003386 secs] 10036K->9209K(12220K), 0.0003912 secs]
54.795: [GC 54.795: [DefNew: 865K->33K(896K), 0.0003381 secs] 10041K->9214K(12220K), 0.0003893 secs]
54.808: [GC 54.809: [DefNew: 865K->33K(896K), 0.0003238 secs] 10046K->9219K(12220K), 0.0003732 secs]
54.822: [GC 54.822: [DefNew: 865K->33K(896K), 0.0003456 secs] 10051K->9224K(12220K), 0.0003976 secs]
54.841: [GC 54.841: [DefNew: 865K->33K(896K), 0.0004361 secs] 10056K->9228K(12220K), 0.0005016 secs]
54.856: [GC 54.856: [DefNew: 865K->33K(896K), 0.0003238 secs] 10060K->9233K(12220K), 0.0003733 secs]
54.868: [GC 54.869: [DefNew: 865K->33K(896K), 0.0003576 secs] 10065K->9237K(12220K), 0.0004081 secs]
54.883: [GC 54.883: [DefNew: 865K->33K(896K), 0.0003752 secs] 10069K->9242K(12220K), 0.0004252 secs]
54.896: [GC 54.896: [DefNew: 865K->33K(896K), 0.0003071 secs] 10074K->9247K(12220K), 0.0003545 secs]
54.910: [GC 54.910: [DefNew: 865K->33K(896K), 0.0003193 secs] 10079K->9252K(12220K), 0.0003687 secs]
54.924: [GC 54.924: [DefNew: 865K->33K(896K), 0.0003386 secs] 10084K->9256K(12220K), 0.0003892 secs]
54.939: [GC 54.939: [DefNew: 865K->33K(896K), 0.0003328 secs] 10088K->9261K(12220K), 0.0003842 secs]
54.954: [GC 54.954: [DefNew: 865K->32K(896K), 0.0003272 secs] 10093K->9266K(12220K), 0.0003759 secs]
54.967: [GC 54.967: [DefNew: 864K->33K(896K), 0.0003311 secs] 10098K->9270K(12220K), 0.0003829 secs]
54.982: [GC 54.982: [DefNew: 865K->32K(896K), 0.0003289 secs] 10102K->9275K(12220K), 0.0003786 secs]
54.995: [GC 54.995: [DefNew: 864K->33K(896K), 0.0003253 secs] 10107K->9280K(12220K), 0.0003749 secs]
55.009: [GC 55.009: [DefNew: 865K->33K(896K), 0.0003267 secs] 10112K->9285K(12220K), 0.0003785 secs]
55.023: [GC 55.023: [DefNew: 865K->33K(896K), 0.0003149 secs] 10117K->9290K(12220K), 0.0003638 secs]
55.037: [GC 55.038: [DefNew: 865K->33K(896K), 0.0003231 secs] 10122K->9295K(12220K), 0.0003709 secs]
