"c:\projects\tools\home\projects\aaageneralprojects\jvmnotebook\clojure\perf_memory\src\build\classes;c:\projects\tools\home\projects\aaageneralprojects\jvmnotebook\clojure\perf_memory\src\clj;c:\projects\tools\home\projects\aaageneralprojects\jvmnotebook\clojure\perf_memory\lib\clojure-1.0.0.jar"
Running Test 07/29/2009
[1] START APP -- (used:0M/1M [1M,31M ])
Elapsed time: 6.84842 msecs
Test 1: dotimes:1000000
0.227: [GC 0.227: [DefNew: 512K->64K(576K), 0.0034091 secs] 512K->197K(1984K), 0.0035152 secs]
0.231: [GC 0.231: [DefNew: 576K->0K(576K), 0.0006487 secs] 709K->197K(1984K), 0.0007442 secs]
0.233: [GC 0.233: [DefNew: 512K->0K(576K), 0.0003490 secs] 709K->197K(1984K), 0.0004491 secs]
0.234: [GC 0.234: [DefNew: 512K->0K(576K), 0.0000719 secs] 709K->197K(1984K), 0.0001849 secs]
0.235: [GC 0.235: [DefNew: 512K->0K(576K), 0.0000665 secs] 709K->197K(1984K), 0.0001049 secs]
0.236: [GC 0.236: [DefNew: 512K->0K(576K), 0.0000655 secs] 709K->197K(1984K), 0.0001044 secs]
0.237: [GC 0.237: [DefNew: 512K->0K(576K), 0.0000664 secs] 709K->197K(1984K), 0.0001053 secs]
0.238: [GC 0.238: [DefNew: 512K->0K(576K), 0.0000652 secs] 709K->197K(1984K), 0.0001032 secs]
0.239: [GC 0.239: [DefNew: 512K->0K(576K), 0.0000703 secs] 709K->197K(1984K), 0.0001106 secs]
0.240: [GC 0.240: [DefNew: 512K->0K(576K), 0.0000667 secs] 709K->197K(1984K), 0.0001056 secs]
0.242: [GC 0.242: [DefNew: 512K->0K(576K), 0.0000677 secs] 709K->197K(1984K), 0.0001070 secs]
0.243: [GC 0.243: [DefNew: 512K->0K(576K), 0.0000650 secs] 709K->197K(1984K), 0.0001033 secs]
0.244: [GC 0.244: [DefNew: 512K->0K(576K), 0.0000704 secs] 709K->197K(1984K), 0.0001107 secs]
0.245: [GC 0.245: [DefNew: 512K->0K(576K), 0.0001004 secs] 709K->197K(1984K), 0.0001414 secs]
0.246: [GC 0.246: [DefNew: 512K->0K(576K), 0.0000661 secs] 709K->197K(1984K), 0.0001045 secs]
0.247: [GC 0.247: [DefNew: 512K->0K(576K), 0.0000654 secs] 709K->197K(1984K), 0.0001043 secs]
0.248: [GC 0.248: [DefNew: 512K->0K(576K), 0.0000646 secs] 709K->197K(1984K), 0.0001029 secs]
0.249: [GC 0.249: [DefNew: 512K->0K(576K), 0.0000707 secs] 709K->197K(1984K), 0.0001106 secs]
0.250: [GC 0.250: [DefNew: 512K->0K(576K), 0.0000694 secs] 709K->197K(1984K), 0.0001095 secs]
0.251: [GC 0.251: [DefNew: 512K->0K(576K), 0.0000649 secs] 709K->197K(1984K), 0.0001029 secs]
0.252: [GC 0.252: [DefNew: 512K->0K(576K), 0.0000649 secs] 709K->197K(1984K), 0.0001030 secs]
0.253: [GC 0.253: [DefNew: 512K->0K(576K), 0.0000657 secs] 709K->197K(1984K), 0.0001039 secs]
0.254: [GC 0.254: [DefNew: 512K->0K(576K), 0.0000651 secs] 709K->197K(1984K), 0.0001031 secs]
0.255: [GC 0.255: [DefNew: 512K->0K(576K), 0.0000647 secs] 709K->197K(1984K), 0.0001030 secs]
0.256: [GC 0.256: [DefNew: 512K->0K(576K), 0.0000648 secs] 709K->197K(1984K), 0.0001027 secs]
0.257: [GC 0.257: [DefNew: 512K->0K(576K), 0.0000670 secs] 709K->197K(1984K), 0.0001065 secs]
0.258: [GC 0.258: [DefNew: 512K->0K(576K), 0.0000855 secs] 709K->197K(1984K), 0.0001300 secs]
0.260: [GC 0.260: [DefNew: 512K->0K(576K), 0.0000667 secs] 709K->197K(1984K), 0.0001053 secs]
0.261: [GC 0.261: [DefNew: 512K->0K(576K), 0.0000659 secs] 709K->197K(1984K), 0.0001041 secs]
0.262: [GC 0.262: [DefNew: 512K->0K(576K), 0.0000679 secs] 709K->197K(1984K), 0.0001066 secs]
0.263: [GC 0.263: [DefNew: 512K->0K(576K), 0.0000649 secs] 709K->197K(1984K), 0.0001032 secs]
Elapsed time: 42.977239999999995 msecs
0.264: [GC 0.264: [DefNew: 512K->0K(576K), 0.0001178 secs] 709K->197K(1984K), 0.0001564 secs]
0.265: [GC 0.265: [DefNew: 512K->0K(576K), 0.0000671 secs] 709K->197K(1984K), 0.0001052 secs]
0.266: [GC 0.266: [DefNew: 512K->0K(576K), 0.0000667 secs] 709K->197K(1984K), 0.0001055 secs]
0.267: [GC 0.267: [DefNew: 512K->0K(576K), 0.0000652 secs] 709K->197K(1984K), 0.0001029 secs]
0.268: [GC 0.268: [DefNew: 512K->0K(576K), 0.0000648 secs] 709K->197K(1984K), 0.0001029 secs]
0.269: [GC 0.269: [DefNew: 512K->0K(576K), 0.0000652 secs] 709K->197K(1984K), 0.0001029 secs]
0.270: [GC 0.270: [DefNew: 512K->0K(576K), 0.0000650 secs] 709K->197K(1984K), 0.0001028 secs]
0.271: [GC 0.271: [DefNew: 512K->0K(576K), 0.0000646 secs] 709K->197K(1984K), 0.0001740 secs]
0.272: [GC 0.272: [DefNew: 512K->0K(576K), 0.0000677 secs] 709K->197K(1984K), 0.0001065 secs]
0.273: [GC 0.273: [DefNew: 512K->0K(576K), 0.0000673 secs] 709K->197K(1984K), 0.0001065 secs]
0.274: [GC 0.274: [DefNew: 512K->0K(576K), 0.0000710 secs] 709K->197K(1984K), 0.0001108 secs]
0.275: [GC 0.275: [DefNew: 512K->0K(576K), 0.0000661 secs] 709K->197K(1984K), 0.0001046 secs]
0.276: [GC 0.276: [DefNew: 512K->0K(576K), 0.0000655 secs] 709K->197K(1984K), 0.0001039 secs]
0.277: [GC 0.277: [DefNew: 512K->0K(576K), 0.0000660 secs] 709K->197K(1984K), 0.0001038 secs]
0.278: [GC 0.278: [DefNew: 512K->0K(576K), 0.0000657 secs] 709K->197K(1984K), 0.0001035 secs]
0.279: [GC 0.279: [DefNew: 512K->0K(576K), 0.0000661 secs] 709K->197K(1984K), 0.0001046 secs]
0.280: [GC 0.280: [DefNew: 512K->0K(576K), 0.0000648 secs] 709K->197K(1984K), 0.0001030 secs]
0.281: [GC 0.281: [DefNew: 512K->0K(576K), 0.0000646 secs] 709K->197K(1984K), 0.0001031 secs]
0.282: [GC 0.282: [DefNew: 512K->0K(576K), 0.0000668 secs] 709K->197K(1984K), 0.0001058 secs]
0.283: [GC 0.283: [DefNew: 512K->0K(576K), 0.0000651 secs] 709K->197K(1984K), 0.0001035 secs]
0.283: [GC 0.283: [DefNew: 512K->0K(576K), 0.0000643 secs] 709K->197K(1984K), 0.0001028 secs]
0.284: [GC 0.284: [DefNew: 512K->0K(576K), 0.0000643 secs] 709K->197K(1984K), 0.0001023 secs]
0.285: [GC 0.285: [DefNew: 512K->0K(576K), 0.0000643 secs] 709K->197K(1984K), 0.0001023 secs]
0.286: [GC 0.286: [DefNew: 512K->0K(576K), 0.0000644 secs] 709K->197K(1984K), 0.0001030 secs]
0.287: [GC 0.287: [DefNew: 512K->0K(576K), 0.0000643 secs] 709K->197K(1984K), 0.0001029 secs]
0.288: [GC 0.288: [DefNew: 512K->0K(576K), 0.0000647 secs] 709K->197K(1984K), 0.0001033 secs]
0.289: [GC 0.289: [DefNew: 512K->0K(576K), 0.0000718 secs] 709K->197K(1984K), 0.0001126 secs]
0.290: [GC 0.290: [DefNew: 512K->0K(576K), 0.0000647 secs] 709K->197K(1984K), 0.0001032 secs]
0.291: [GC 0.291: [DefNew: 512K->0K(576K), 0.0000647 secs] 709K->197K(1984K), 0.0001030 secs]
0.292: [GC 0.292: [DefNew: 512K->0K(576K), 0.0000641 secs] 709K->197K(1984K), 0.0001025 secs]
0.293: [GC 0.293: [DefNew: 512K->0K(576K), 0.0000648 secs] 709K->197K(1984K), 0.0001031 secs]
Elapsed time: 30.230555 msecs
(used:0M/1M [1M,31M ])
Done
