"c:\projects\tools\home\projects\aaageneralprojects\jvmnotebook\clojure\perf_memory\src\build\classes;c:\projects\tools\home\projects\aaageneralprojects\jvmnotebook\clojure\perf_memory\src\clj;c:\projects\tools\home\projects\aaageneralprojects\jvmnotebook\clojure\perf_memory\lib\clojure-1.0.0.jar"
0.127: [GC 0.127: [DefNew: 512K->64K(576K), 0.0029440 secs] 512K->139K(1984K), 0.0030505 secs]
0.157: [GC 0.157: [DefNew: 576K->28K(576K), 0.0017264 secs] 651K->163K(1984K), 0.0018267 secs]
0.184: [GC 0.184: [DefNew: 540K->22K(576K), 0.0014681 secs] 675K->157K(1984K), 0.0015707 secs]
0.217: [GC 0.217: [DefNew: 344K->64K(576K), 0.0014601 secs] 479K->216K(1984K), 0.0015712 secs]
0.288: [GC 0.288: [DefNew: 576K->64K(576K), 0.0093874 secs] 728K->346K(1984K), 0.0094658 secs]
0.331: [GC 0.331: [DefNew: 576K->64K(576K), 0.0092419 secs] 858K->419K(1984K), 0.0092920 secs]
0.362: [GC 0.362: [DefNew: 576K->15K(576K), 0.0138062 secs] 931K->432K(1984K), 0.0138536 secs]
0.398: [GC 0.398: [DefNew: 527K->29K(576K), 0.0058782 secs] 944K->445K(1984K), 0.0059252 secs]
0.425: [GC 0.425: [DefNew: 540K->31K(576K), 0.0059719 secs] 957K->448K(1984K), 0.0060202 secs]
0.454: [GC 0.454: [DefNew: 543K->36K(576K), 0.0058192 secs] 960K->452K(1984K), 0.0058650 secs]
0.480: [GC 0.480: [DefNew: 548K->25K(576K), 0.0064216 secs] 964K->456K(1984K), 0.0064871 secs]
0.510: [GC 0.510: [DefNew: 537K->32K(576K), 0.0058696 secs] 968K->462K(1984K), 0.0059162 secs]
0.537: [GC 0.537: [DefNew: 544K->24K(576K), 0.0059918 secs] 974K->467K(1984K), 0.0060384 secs]
0.565: [GC 0.565: [DefNew: 536K->27K(576K), 0.0059841 secs] 979K->470K(1984K), 0.0060330 secs]
0.602: [GC 0.602: [DefNew: 539K->30K(576K), 0.0059214 secs] 982K->473K(1984K), 0.0059691 secs]
0.630: [GC 0.630: [DefNew: 542K->37K(576K), 0.0061516 secs] 985K->479K(1984K), 0.0062004 secs]
0.656: [GC 0.656: [DefNew: 549K->31K(576K), 0.0059403 secs] 991K->481K(1984K), 0.0059896 secs]
0.686: [GC 0.686: [DefNew: 543K->38K(576K), 0.0060261 secs] 993K->487K(1984K), 0.0060781 secs]
0.715: [GC 0.715: [DefNew: 550K->37K(576K), 0.0061012 secs] 999K->494K(1984K), 0.0061488 secs]
0.743: [GC 0.743: [DefNew: 549K->37K(576K), 0.0060689 secs] 1006K->501K(1984K), 0.0061161 secs]
0.771: [GC 0.771: [DefNew: 549K->32K(576K), 0.0060165 secs] 1013K->503K(1984K), 0.0060641 secs]
0.799: [GC 0.799: [DefNew: 544K->32K(576K), 0.0059763 secs] 1015K->508K(1984K), 0.0060239 secs]
0.830: [GC 0.830: [DefNew: 544K->42K(576K), 0.0068757 secs] 1020K->521K(1984K), 0.0069259 secs]
0.858: [GC 0.858: [DefNew: 554K->36K(576K), 0.0068820 secs] 1033K->532K(1984K), 0.0069326 secs]
0.890: [GC 0.890: [DefNew: 548K->31K(576K), 0.0011521 secs] 1044K->535K(1984K), 0.0011997 secs]
0.916: [GC 0.916: [DefNew: 543K->44K(576K), 0.0061093 secs] 1047K->548K(1984K), 0.0061568 secs]
0.940: [GC 0.940: [DefNew: 556K->64K(576K), 0.0019419 secs] 1060K->600K(1984K), 0.0019899 secs]
0.968: [GC 0.968: [DefNew: 576K->13K(576K), 0.0011153 secs] 1112K->584K(1984K), 0.0011646 secs]
0.990: [GC 0.990: [DefNew: 525K->39K(576K), 0.0008858 secs] 1096K->610K(1984K), 0.0009345 secs]
1.008: [GC 1.008: [DefNew: 551K->58K(576K), 0.0012926 secs] 1122K->638K(1984K), 0.0013392 secs]
1.023: [GC 1.023: [DefNew: 570K->43K(576K), 0.0007307 secs] 1150K->649K(1984K), 0.0007779 secs]
1.037: [GC 1.037: [DefNew: 555K->27K(576K), 0.0019002 secs] 1161K->663K(1984K), 0.0019512 secs]
1.053: [GC 1.054: [DefNew: 539K->60K(576K), 0.0011861 secs] 1175K->696K(1984K), 0.0012383 secs]
1.075: [GC 1.075: [DefNew: 565K->39K(576K), 0.0008342 secs] 1201K->727K(1984K), 0.0008828 secs]
1.104: [GC 1.104: [DefNew: 551K->46K(576K), 0.0021321 secs] 1239K->738K(1984K), 0.0021858 secs]
1.134: [GC 1.134: [DefNew: 558K->24K(576K), 0.0013162 secs] 1250K->759K(1984K), 0.0013681 secs]
1.166: [GC 1.166: [DefNew: 536K->64K(576K), 0.0010455 secs] 1271K->807K(1984K), 0.0010931 secs]
1.180: [GC 1.180: [DefNew: 576K->29K(576K), 0.0005646 secs] 1319K->837K(1984K), 0.0006128 secs]
1.198: [GC 1.198: [DefNew: 541K->47K(576K), 0.0012858 secs] 1349K->854K(1984K), 0.0013370 secs]
1.228: [GC 1.228: [DefNew: 559K->58K(576K), 0.0012453 secs] 1366K->904K(1984K), 0.0013669 secs]
1.253: [GC 1.253: [DefNew: 570K->63K(576K), 0.0010722 secs] 1416K->975K(1984K), 0.0011233 secs]
1.274: [GC 1.274: [DefNew: 575K->23K(576K), 0.0006943 secs] 1487K->986K(1984K), 0.0007419 secs]
1.308: [GC 1.308: [DefNew: 535K->63K(576K), 0.0017875 secs] 1498K->1083K(1984K), 0.0018373 secs]
1.338: [GC 1.338: [DefNew: 575K->63K(576K), 0.0012539 secs] 1595K->1135K(1984K), 0.0013061 secs]
1.364: [GC 1.364: [DefNew: 575K->20K(576K), 0.0008709 secs] 1647K->1115K(1984K), 0.0009201 secs]
1.381: [GC 1.381: [DefNew: 532K->62K(576K), 0.0009709 secs] 1627K->1157K(1984K), 0.0010183 secs]
1.394: [GC 1.394: [DefNew: 574K->45K(576K), 0.0011543 secs] 1669K->1170K(1984K), 0.0012027 secs]
1.406: [GC 1.406: [DefNew: 557K->45K(576K), 0.0006040 secs] 1682K->1180K(1984K), 0.0006502 secs]
1.417: [GC 1.417: [DefNew: 557K->35K(576K), 0.0004747 secs] 1692K->1173K(1984K), 0.0005241 secs]
1.437: [GC 1.437: [DefNew: 547K->21K(576K), 0.0009057 secs] 1685K->1161K(1984K), 0.0009531 secs]
1.447: [GC 1.447: [DefNew: 533K->43K(576K), 0.0006710 secs] 1673K->1183K(1984K), 0.0007183 secs]
Running Test 07/29/2009
[1] START APP --  (used:1M/0M [1M,31M ])
1.470: [GC 1.470: [DefNew: 555K->8K(576K), 0.0005727 secs] 1695K->1150K(1984K), 0.0006194 secs]
1.477: [GC 1.477: [DefNew: 520K->8K(576K), 0.0002828 secs] 1662K->1150K(1984K), 0.0003259 secs]
1.482: [GC 1.482: [DefNew: 520K->8K(576K), 0.0002406 secs] 1662K->1150K(1984K), 0.0002819 secs]
1.486: [GC 1.486: [DefNew: 520K->8K(576K), 0.0002662 secs] 1662K->1150K(1984K), 0.0003092 secs]
1.490: [GC 1.490: [DefNew: 520K->8K(576K), 0.0002591 secs] 1662K->1150K(1984K), 0.0003021 secs]
1.493: [GC 1.493: [DefNew: 520K->8K(576K), 0.0002450 secs] 1662K->1150K(1984K), 0.0002843 secs]
1.496: [GC 1.496: [DefNew: 520K->8K(576K), 0.0002098 secs] 1662K->1150K(1984K), 0.0002482 secs]
1.499: [GC 1.499: [DefNew: 520K->8K(576K), 0.0002216 secs] 1662K->1150K(1984K), 0.0002606 secs]
1.503: [GC 1.503: [DefNew: 520K->8K(576K), 0.0002621 secs] 1662K->1150K(1984K), 0.0003063 secs]
1.506: [GC 1.506: [DefNew: 520K->8K(576K), 0.0002699 secs] 1662K->1150K(1984K), 0.0003126 secs]
1.510: [GC 1.510: [DefNew: 520K->8K(576K), 0.0002150 secs] 1662K->1150K(1984K), 0.0002538 secs]
1.513: [GC 1.513: [DefNew: 520K->8K(576K), 0.0002137 secs] 1662K->1150K(1984K), 0.0002528 secs]
1.516: [GC 1.516: [DefNew: 520K->8K(576K), 0.0002455 secs] 1662K->1150K(1984K), 0.0002872 secs]
1.519: [GC 1.519: [DefNew: 520K->8K(576K), 0.0002341 secs] 1662K->1150K(1984K), 0.0002738 secs]
1.523: [GC 1.523: [DefNew: 520K->8K(576K), 0.0002223 secs] 1662K->1150K(1984K), 0.0002667 secs]
1.526: [GC 1.526: [DefNew: 520K->0K(576K), 0.0002242 secs] 1662K->1150K(1984K), 0.0002640 secs]
1.529: [GC 1.529: [DefNew: 512K->0K(576K), 0.0001607 secs] 1662K->1150K(1984K), 0.0001994 secs]
1.532: [GC 1.532: [DefNew: 512K->0K(576K), 0.0001559 secs] 1662K->1150K(1984K), 0.0001954 secs]
1.536: [GC 1.536: [DefNew: 512K->0K(576K), 0.0001523 secs] 1662K->1150K(1984K), 0.0001912 secs]
1.539: [GC 1.539: [DefNew: 512K->0K(576K), 0.0001454 secs] 1662K->1150K(1984K), 0.0001837 secs]
1.542: [GC 1.542: [DefNew: 512K->0K(576K), 0.0001724 secs] 1662K->1150K(1984K), 0.0002147 secs]
1.545: [GC 1.545: [DefNew: 512K->0K(576K), 0.0001480 secs] 1662K->1150K(1984K), 0.0001866 secs]
1.548: [GC 1.548: [DefNew: 512K->0K(576K), 0.0001431 secs] 1662K->1150K(1984K), 0.0001809 secs]
1.551: [GC 1.552: [DefNew: 512K->0K(576K), 0.0001438 secs] 1662K->1150K(1984K), 0.0001815 secs]
1.555: [GC 1.555: [DefNew: 512K->0K(576K), 0.0001433 secs] 1662K->1150K(1984K), 0.0001819 secs]
1.558: [GC 1.558: [DefNew: 512K->0K(576K), 0.0001540 secs] 1662K->1150K(1984K), 0.0001937 secs]
1.561: [GC 1.561: [DefNew: 512K->0K(576K), 0.0001411 secs] 1662K->1150K(1984K), 0.0001792 secs]
1.564: [GC 1.564: [DefNew: 512K->0K(576K), 0.0001502 secs] 1662K->1150K(1984K), 0.0001890 secs]
1.567: [GC 1.567: [DefNew: 512K->0K(576K), 0.0001622 secs] 1662K->1150K(1984K), 0.0002031 secs]
1.571: [GC 1.571: [DefNew: 512K->0K(576K), 0.0001599 secs] 1662K->1150K(1984K), 0.0001986 secs]
1.574: [GC 1.574: [DefNew: 512K->0K(576K), 0.0001395 secs] 1662K->1150K(1984K), 0.0002483 secs]
1.577: [GC 1.577: [DefNew: 512K->0K(576K), 0.0001538 secs] 1662K->1150K(1984K), 0.0001929 secs]
1.580: [GC 1.580: [DefNew: 512K->0K(576K), 0.0001386 secs] 1662K->1150K(1984K), 0.0001764 secs]
1.583: [GC 1.584: [DefNew: 512K->0K(576K), 0.0001653 secs] 1662K->1150K(1984K), 0.0002053 secs]
1.587: [GC 1.587: [DefNew: 512K->0K(576K), 0.0001403 secs] 1662K->1150K(1984K), 0.0001787 secs]
1.590: [GC 1.590: [DefNew: 512K->0K(576K), 0.0001514 secs] 1662K->1150K(1984K), 0.0001904 secs]
1.593: [GC 1.593: [DefNew: 512K->0K(576K), 0.0001579 secs] 1662K->1150K(1984K), 0.0001964 secs]
1.596: [GC 1.596: [DefNew: 512K->0K(576K), 0.0001483 secs] 1662K->1150K(1984K), 0.0001859 secs]
1.599: [GC 1.599: [DefNew: 512K->0K(576K), 0.0001386 secs] 1662K->1150K(1984K), 0.0001768 secs]
1.602: [GC 1.602: [DefNew: 512K->0K(576K), 0.0001470 secs] 1662K->1150K(1984K), 0.0001859 secs]
1.606: [GC 1.606: [DefNew: 512K->0K(576K), 0.0001393 secs] 1662K->1150K(1984K), 0.0001777 secs]
1.609: [GC 1.609: [DefNew: 512K->0K(576K), 0.0001550 secs] 1662K->1150K(1984K), 0.0001933 secs]
1.612: [GC 1.612: [DefNew: 512K->0K(576K), 0.0001427 secs] 1662K->1150K(1984K), 0.0001813 secs]
1.615: [GC 1.615: [DefNew: 512K->0K(576K), 0.0001450 secs] 1662K->1150K(1984K), 0.0001827 secs]
1.618: [GC 1.618: [DefNew: 512K->0K(576K), 0.0001396 secs] 1662K->1150K(1984K), 0.0001779 secs]
1.621: [GC 1.621: [DefNew: 512K->0K(576K), 0.0001472 secs] 1662K->1150K(1984K), 0.0001852 secs]
1.625: [GC 1.625: [DefNew: 512K->0K(576K), 0.0001485 secs] 1662K->1150K(1984K), 0.0001873 secs]
1.628: [GC 1.628: [DefNew: 512K->0K(576K), 0.0002023 secs] 1662K->1150K(1984K), 0.0002489 secs]
1.631: [GC 1.631: [DefNew: 512K->0K(576K), 0.0001475 secs] 1662K->1150K(1984K), 0.0001869 secs]
1.634: [GC 1.634: [DefNew: 512K->0K(576K), 0.0001456 secs] 1662K->1150K(1984K), 0.0001831 secs]
1.638: [GC 1.638: [DefNew: 512K->0K(576K), 0.0001388 secs] 1662K->1150K(1984K), 0.0001761 secs]
1.641: [GC 1.641: [DefNew: 512K->0K(576K), 0.0001483 secs] 1662K->1150K(1984K), 0.0001876 secs]
1.644: [GC 1.644: [DefNew: 512K->0K(576K), 0.0001753 secs] 1662K->1150K(1984K), 0.0002183 secs]
1.647: [GC 1.647: [DefNew: 512K->0K(576K), 0.0001483 secs] 1662K->1150K(1984K), 0.0001861 secs]
1.651: [GC 1.651: [DefNew: 512K->0K(576K), 0.0001556 secs] 1662K->1150K(1984K), 0.0001964 secs]
1.654: [GC 1.654: [DefNew: 512K->0K(576K), 0.0001505 secs] 1662K->1150K(1984K), 0.0001887 secs]
1.657: [GC 1.657: [DefNew: 512K->0K(576K), 0.0001397 secs] 1662K->1150K(1984K), 0.0001779 secs]
1.660: [GC 1.660: [DefNew: 512K->0K(576K), 0.0001424 secs] 1662K->1150K(1984K), 0.0001800 secs]
1.664: [GC 1.664: [DefNew: 512K->0K(576K), 0.0001605 secs] 1662K->1150K(1984K), 0.0002020 secs]
1.667: [GC 1.667: [DefNew: 512K->0K(576K), 0.0001556 secs] 1662K->1150K(1984K), 0.0001950 secs]
1.670: [GC 1.670: [DefNew: 512K->0K(576K), 0.0001405 secs] 1662K->1150K(1984K), 0.0001787 secs]
1.673: [GC 1.673: [DefNew: 512K->0K(576K), 0.0001478 secs] 1662K->1150K(1984K), 0.0002266 secs]
1.676: [GC 1.676: [DefNew: 512K->0K(576K), 0.0001580 secs] 1662K->1150K(1984K), 0.0001972 secs]
1.680: [GC 1.680: [DefNew: 512K->0K(576K), 0.0002492 secs] 1662K->1150K(1984K), 0.0003001 secs]
1.683: [GC 1.683: [DefNew: 512K->0K(576K), 0.0001992 secs] 1662K->1150K(1984K), 0.0002454 secs]
1.687: [GC 1.687: [DefNew: 512K->0K(576K), 0.0001490 secs] 1662K->1150K(1984K), 0.0001873 secs]
1.690: [GC 1.690: [DefNew: 512K->0K(576K), 0.0001737 secs] 1662K->1150K(1984K), 0.0002162 secs]
1.693: [GC 1.693: [DefNew: 512K->0K(576K), 0.0001479 secs] 1662K->1150K(1984K), 0.0001865 secs]
1.696: [GC 1.696: [DefNew: 512K->0K(576K), 0.0001454 secs] 1662K->1150K(1984K), 0.0001857 secs]
1.699: [GC 1.699: [DefNew: 512K->0K(576K), 0.0001477 secs] 1662K->1150K(1984K), 0.0001866 secs]
1.703: [GC 1.703: [DefNew: 512K->0K(576K), 0.0001504 secs] 1662K->1150K(1984K), 0.0001892 secs]
1.706: [GC 1.706: [DefNew: 512K->0K(576K), 0.0001589 secs] 1662K->1150K(1984K), 0.0001984 secs]
1.709: [GC 1.709: [DefNew: 512K->0K(576K), 0.0001571 secs] 1662K->1150K(1984K), 0.0001952 secs]
1.712: [GC 1.712: [DefNew: 512K->0K(576K), 0.0001547 secs] 1662K->1150K(1984K), 0.0001932 secs]
1.715: [GC 1.715: [DefNew: 512K->0K(576K), 0.0001496 secs] 1662K->1150K(1984K), 0.0001883 secs]
1.718: [GC 1.718: [DefNew: 512K->0K(576K), 0.0001465 secs] 1662K->1150K(1984K), 0.0001849 secs]
1.722: [GC 1.722: [DefNew: 512K->0K(576K), 0.0001423 secs] 1662K->1150K(1984K), 0.0001811 secs]
1.725: [GC 1.725: [DefNew: 512K->0K(576K), 0.0001426 secs] 1662K->1150K(1984K), 0.0001807 secs]
1.728: [GC 1.728: [DefNew: 512K->0K(576K), 0.0001440 secs] 1662K->1150K(1984K), 0.0001825 secs]
1.731: [GC 1.731: [DefNew: 512K->0K(576K), 0.0001527 secs] 1662K->1150K(1984K), 0.0001919 secs]
1.734: [GC 1.734: [DefNew: 512K->0K(576K), 0.0001395 secs] 1662K->1150K(1984K), 0.0001774 secs]
1.738: [GC 1.738: [DefNew: 512K->0K(576K), 0.0001441 secs] 1662K->1150K(1984K), 0.0001818 secs]
1.741: [GC 1.741: [DefNew: 512K->0K(576K), 0.0001543 secs] 1662K->1150K(1984K), 0.0001937 secs]
1.744: [GC 1.744: [DefNew: 512K->0K(576K), 0.0001734 secs] 1662K->1150K(1984K), 0.0002147 secs]
1.747: [GC 1.747: [DefNew: 512K->0K(576K), 0.0001423 secs] 1662K->1150K(1984K), 0.0001804 secs]
1.750: [GC 1.750: [DefNew: 512K->0K(576K), 0.0001578 secs] 1662K->1150K(1984K), 0.0001971 secs]
1.754: [GC 1.754: [DefNew: 512K->0K(576K), 0.0001922 secs] 1662K->1150K(1984K), 0.0002377 secs]
1.757: [GC 1.757: [DefNew: 512K->0K(576K), 0.0001489 secs] 1662K->1150K(1984K), 0.0001875 secs]
1.760: [GC 1.760: [DefNew: 512K->0K(576K), 0.0001380 secs] 1662K->1150K(1984K), 0.0001759 secs]
1.764: [GC 1.764: [DefNew: 512K->0K(576K), 0.0001499 secs] 1662K->1150K(1984K), 0.0001883 secs]
1.767: [GC 1.767: [DefNew: 512K->0K(576K), 0.0001391 secs] 1662K->1150K(1984K), 0.0001764 secs]
1.770: [GC 1.770: [DefNew: 512K->0K(576K), 0.0001541 secs] 1662K->1150K(1984K), 0.0001933 secs]
1.773: [GC 1.773: [DefNew: 512K->0K(576K), 0.0001392 secs] 1662K->1150K(1984K), 0.0001769 secs]
1.776: [GC 1.776: [DefNew: 512K->0K(576K), 0.0001424 secs] 1662K->1150K(1984K), 0.0001798 secs]
1.780: [GC 1.780: [DefNew: 512K->0K(576K), 0.0001376 secs] 1662K->1150K(1984K), 0.0001751 secs]
1.783: [GC 1.783: [DefNew: 512K->0K(576K), 0.0001540 secs] 1662K->1150K(1984K), 0.0001934 secs]
1.786: [GC 1.786: [DefNew: 512K->0K(576K), 0.0001387 secs] 1662K->1150K(1984K), 0.0001766 secs]
1.789: [GC 1.789: [DefNew: 512K->0K(576K), 0.0001491 secs] 1662K->1150K(1984K), 0.0001877 secs]
1.792: [GC 1.792: [DefNew: 512K->0K(576K), 0.0001442 secs] 1662K->1150K(1984K), 0.0001827 secs]
1.796: [GC 1.796: [DefNew: 512K->0K(576K), 0.0001459 secs] 1662K->1150K(1984K), 0.0001845 secs]
1.799: [GC 1.799: [DefNew: 512K->0K(576K), 0.0001393 secs] 1662K->1150K(1984K), 0.0001773 secs]
1.802: [GC 1.802: [DefNew: 512K->0K(576K), 0.0001472 secs] 1662K->1150K(1984K), 0.0001859 secs]
1.805: [GC 1.805: [DefNew: 512K->0K(576K), 0.0001524 secs] 1662K->1150K(1984K), 0.0001924 secs]
1.808: [GC 1.808: [DefNew: 512K->0K(576K), 0.0001453 secs] 1662K->1150K(1984K), 0.0001831 secs]
1.811: [GC 1.811: [DefNew: 512K->0K(576K), 0.0001390 secs] 1662K->1150K(1984K), 0.0001769 secs]
1.815: [GC 1.815: [DefNew: 512K->0K(576K), 0.0002053 secs] 1662K->1150K(1984K), 0.0002511 secs]
1.818: [GC 1.818: [DefNew: 512K->0K(576K), 0.0001458 secs] 1662K->1150K(1984K), 0.0001847 secs]
1.821: [GC 1.822: [DefNew: 512K->0K(576K), 0.0001509 secs] 1662K->1150K(1984K), 0.0001894 secs]
1.825: [GC 1.825: [DefNew: 512K->0K(576K), 0.0001437 secs] 1662K->1150K(1984K), 0.0001819 secs]
1.828: [GC 1.828: [DefNew: 512K->0K(576K), 0.0001457 secs] 1662K->1150K(1984K), 0.0001839 secs]
1.831: [GC 1.831: [DefNew: 512K->0K(576K), 0.0001531 secs] 1662K->1150K(1984K), 0.0001937 secs]
1.834: [GC 1.834: [DefNew: 512K->0K(576K), 0.0001503 secs] 1662K->1150K(1984K), 0.0001892 secs]
1.837: [GC 1.837: [DefNew: 512K->0K(576K), 0.0001403 secs] 1662K->1150K(1984K), 0.0001784 secs]
1.841: [GC 1.841: [DefNew: 512K->0K(576K), 0.0001426 secs] 1662K->1150K(1984K), 0.0001802 secs]
1.844: [GC 1.844: [DefNew: 512K->0K(576K), 0.0001847 secs] 1662K->1150K(1984K), 0.0002289 secs]
1.847: [GC 1.847: [DefNew: 512K->0K(576K), 0.0001477 secs] 1662K->1150K(1984K), 0.0001860 secs]
1.851: [GC 1.851: [DefNew: 512K->0K(576K), 0.0001465 secs] 1662K->1150K(1984K), 0.0001857 secs]
1.854: [GC 1.854: [DefNew: 512K->0K(576K), 0.0001556 secs] 1662K->1150K(1984K), 0.0001949 secs]
1.857: [GC 1.857: [DefNew: 512K->0K(576K), 0.0001412 secs] 1662K->1150K(1984K), 0.0001786 secs]
1.860: [GC 1.860: [DefNew: 512K->0K(576K), 0.0001448 secs] 1662K->1150K(1984K), 0.0001827 secs]
1.864: [GC 1.864: [DefNew: 512K->0K(576K), 0.0001419 secs] 1662K->1150K(1984K), 0.0001802 secs]
1.867: [GC 1.867: [DefNew: 512K->0K(576K), 0.0001684 secs] 1662K->1150K(1984K), 0.0002090 secs]
1.870: [GC 1.870: [DefNew: 512K->0K(576K), 0.0001403 secs] 1662K->1150K(1984K), 0.0001784 secs]
1.873: [GC 1.873: [DefNew: 512K->0K(576K), 0.0001492 secs] 1662K->1150K(1984K), 0.0001880 secs]
1.876: [GC 1.876: [DefNew: 512K->0K(576K), 0.0001479 secs] 1662K->1150K(1984K), 0.0001865 secs]
1.880: [GC 1.880: [DefNew: 512K->0K(576K), 0.0001937 secs] 1662K->1150K(1984K), 0.0002375 secs]
1.883: [GC 1.883: [DefNew: 512K->0K(576K), 0.0001449 secs] 1662K->1150K(1984K), 0.0001830 secs]
1.886: [GC 1.886: [DefNew: 512K->0K(576K), 0.0001496 secs] 1662K->1150K(1984K), 0.0001875 secs]
1.889: [GC 1.889: [DefNew: 512K->0K(576K), 0.0001441 secs] 1662K->1150K(1984K), 0.0001827 secs]
1.893: [GC 1.893: [DefNew: 512K->0K(576K), 0.0001582 secs] 1662K->1150K(1984K), 0.0001978 secs]
1.896: [GC 1.896: [DefNew: 512K->0K(576K), 0.0001443 secs] 1662K->1150K(1984K), 0.0001832 secs]
1.899: [GC 1.899: [DefNew: 512K->0K(576K), 0.0001460 secs] 1662K->1150K(1984K), 0.0001839 secs]
1.902: [GC 1.902: [DefNew: 512K->0K(576K), 0.0001434 secs] 1662K->1150K(1984K), 0.0001821 secs]
1.905: [GC 1.905: [DefNew: 512K->0K(576K), 0.0001456 secs] 1662K->1150K(1984K), 0.0001844 secs]
1.908: [GC 1.909: [DefNew: 512K->0K(576K), 0.0001440 secs] 1662K->1150K(1984K), 0.0001827 secs]
1.912: [GC 1.912: [DefNew: 512K->0K(576K), 0.0001478 secs] 1662K->1150K(1984K), 0.0001937 secs]
1.915: [GC 1.915: [DefNew: 512K->0K(576K), 0.0001530 secs] 1662K->1150K(1984K), 0.0001932 secs]
1.918: [GC 1.918: [DefNew: 512K->0K(576K), 0.0001459 secs] 1662K->1150K(1984K), 0.0001837 secs]
1.921: [GC 1.921: [DefNew: 512K->0K(576K), 0.0001516 secs] 1662K->1150K(1984K), 0.0001902 secs]
1.924: [GC 1.924: [DefNew: 512K->0K(576K), 0.0001457 secs] 1662K->1150K(1984K), 0.0001838 secs]
1.928: [GC 1.928: [DefNew: 512K->0K(576K), 0.0001460 secs] 1662K->1150K(1984K), 0.0001845 secs]
1.931: [GC 1.931: [DefNew: 512K->0K(576K), 0.0001483 secs] 1662K->1150K(1984K), 0.0001867 secs]
1.934: [GC 1.934: [DefNew: 512K->0K(576K), 0.0001406 secs] 1662K->1150K(1984K), 0.0001790 secs]
1.937: [GC 1.937: [DefNew: 512K->0K(576K), 0.0002031 secs] 1662K->1150K(1984K), 0.0002492 secs]
1.941: [GC 1.941: [DefNew: 512K->0K(576K), 0.0001783 secs] 1662K->1150K(1984K), 0.0002196 secs]
1.944: [GC 1.944: [DefNew: 512K->0K(576K), 0.0001766 secs] 1662K->1150K(1984K), 0.0002180 secs]
1.947: [GC 1.947: [DefNew: 512K->0K(576K), 0.0001446 secs] 1662K->1150K(1984K), 0.0001828 secs]
1.950: [GC 1.951: [DefNew: 512K->0K(576K), 0.0001473 secs] 1662K->1150K(1984K), 0.0001852 secs]
1.954: [GC 1.954: [DefNew: 512K->0K(576K), 0.0001571 secs] 1662K->1150K(1984K), 0.0001975 secs]
1.957: [GC 1.957: [DefNew: 512K->0K(576K), 0.0001922 secs] 1662K->1150K(1984K), 0.0002325 secs]
1.960: [GC 1.960: [DefNew: 512K->0K(576K), 0.0001403 secs] 1662K->1150K(1984K), 0.0001790 secs]
1.963: [GC 1.963: [DefNew: 512K->0K(576K), 0.0001539 secs] 1662K->1150K(1984K), 0.0001928 secs]
1.966: [GC 1.966: [DefNew: 512K->0K(576K), 0.0001414 secs] 1662K->1150K(1984K), 0.0001803 secs]
"Elapsed time: 506.379988 msecs"
[2] ^^^^ AFTER FIRST SLOW CASE --  (used:1M/0M [1M,31M ])
1.972: [GC 1.972: [DefNew: 512K->0K(576K), 0.0003235 secs] 1662K->1151K(1984K), 0.0003667 secs]
1.976: [GC 1.976: [DefNew: 512K->0K(576K), 0.0001530 secs] 1663K->1150K(1984K), 0.0001913 secs]
1.979: [GC 1.979: [DefNew: 512K->0K(576K), 0.0001602 secs] 1662K->1151K(1984K), 0.0002000 secs]
1.983: [GC 1.983: [DefNew: 512K->0K(576K), 0.0001715 secs] 1663K->1151K(1984K), 0.0002125 secs]
1.986: [GC 1.986: [DefNew: 512K->0K(576K), 0.0001478 secs] 1663K->1150K(1984K), 0.0002019 secs]
1.989: [GC 1.989: [DefNew: 512K->0K(576K), 0.0001591 secs] 1662K->1151K(1984K), 0.0001990 secs]
1.992: [GC 1.992: [DefNew: 512K->0K(576K), 0.0001552 secs] 1663K->1151K(1984K), 0.0001943 secs]
1.994: [GC 1.994: [DefNew: 512K->0K(576K), 0.0001441 secs] 1663K->1150K(1984K), 0.0001818 secs]
1.997: [GC 1.997: [DefNew: 512K->0K(576K), 0.0001483 secs] 1662K->1151K(1984K), 0.0001859 secs]
2.000: [GC 2.000: [DefNew: 512K->0K(576K), 0.0001492 secs] 1663K->1151K(1984K), 0.0001870 secs]
2.003: [GC 2.003: [DefNew: 512K->0K(576K), 0.0001746 secs] 1663K->1150K(1984K), 0.0002165 secs]
2.006: [GC 2.006: [DefNew: 512K->0K(576K), 0.0001596 secs] 1662K->1151K(1984K), 0.0002002 secs]
2.009: [GC 2.009: [DefNew: 512K->0K(576K), 0.0001515 secs] 1663K->1151K(1984K), 0.0001899 secs]
2.011: [GC 2.011: [DefNew: 512K->0K(576K), 0.0001459 secs] 1663K->1150K(1984K), 0.0001838 secs]
2.014: [GC 2.014: [DefNew: 512K->0K(576K), 0.0001586 secs] 1662K->1151K(1984K), 0.0001966 secs]
2.017: [GC 2.017: [DefNew: 512K->0K(576K), 0.0001748 secs] 1663K->1151K(1984K), 0.0002144 secs]
2.020: [GC 2.020: [DefNew: 512K->0K(576K), 0.0001998 secs] 1663K->1150K(1984K), 0.0002436 secs]
2.023: [GC 2.023: [DefNew: 512K->0K(576K), 0.0001479 secs] 1662K->1151K(1984K), 0.0001867 secs]
2.026: [GC 2.026: [DefNew: 512K->0K(576K), 0.0001434 secs] 1663K->1151K(1984K), 0.0001811 secs]
2.028: [GC 2.028: [DefNew: 512K->0K(576K), 0.0001373 secs] 1663K->1150K(1984K), 0.0001754 secs]
2.031: [GC 2.031: [DefNew: 512K->0K(576K), 0.0001422 secs] 1662K->1151K(1984K), 0.0001804 secs]
2.034: [GC 2.034: [DefNew: 512K->0K(576K), 0.0001405 secs] 1663K->1151K(1984K), 0.0001781 secs]
2.037: [GC 2.037: [DefNew: 512K->0K(576K), 0.0001353 secs] 1663K->1150K(1984K), 0.0001731 secs]
2.039: [GC 2.039: [DefNew: 512K->0K(576K), 0.0001385 secs] 1662K->1151K(1984K), 0.0001760 secs]
2.042: [GC 2.042: [DefNew: 512K->0K(576K), 0.0001447 secs] 1663K->1151K(1984K), 0.0001828 secs]
2.045: [GC 2.045: [DefNew: 512K->0K(576K), 0.0001754 secs] 1663K->1150K(1984K), 0.0002189 secs]
2.048: [GC 2.048: [DefNew: 512K->0K(576K), 0.0001428 secs] 1662K->1151K(1984K), 0.0001815 secs]
2.051: [GC 2.051: [DefNew: 512K->0K(576K), 0.0001464 secs] 1663K->1151K(1984K), 0.0001848 secs]
2.053: [GC 2.053: [DefNew: 512K->0K(576K), 0.0001374 secs] 1663K->1150K(1984K), 0.0001755 secs]
2.056: [GC 2.056: [DefNew: 512K->0K(576K), 0.0001385 secs] 1662K->1151K(1984K), 0.0001819 secs]
2.059: [GC 2.059: [DefNew: 512K->0K(576K), 0.0001426 secs] 1663K->1151K(1984K), 0.0001810 secs]
2.062: [GC 2.062: [DefNew: 512K->0K(576K), 0.0001467 secs] 1663K->1150K(1984K), 0.0001860 secs]
2.065: [GC 2.065: [DefNew: 512K->0K(576K), 0.0001400 secs] 1662K->1151K(1984K), 0.0001781 secs]
2.067: [GC 2.067: [DefNew: 512K->0K(576K), 0.0001785 secs] 1663K->1151K(1984K), 0.0002218 secs]
2.070: [GC 2.070: [DefNew: 512K->0K(576K), 0.0001425 secs] 1663K->1150K(1984K), 0.0001817 secs]
2.073: [GC 2.073: [DefNew: 512K->0K(576K), 0.0001401 secs] 1662K->1151K(1984K), 0.0001783 secs]
2.076: [GC 2.076: [DefNew: 512K->0K(576K), 0.0001409 secs] 1663K->1151K(1984K), 0.0001788 secs]
2.079: [GC 2.079: [DefNew: 512K->0K(576K), 0.0001374 secs] 1663K->1150K(1984K), 0.0001750 secs]
2.081: [GC 2.081: [DefNew: 512K->0K(576K), 0.0001503 secs] 1662K->1151K(1984K), 0.0001895 secs]
2.084: [GC 2.084: [DefNew: 512K->0K(576K), 0.0001415 secs] 1663K->1151K(1984K), 0.0001795 secs]
2.087: [GC 2.087: [DefNew: 512K->0K(576K), 0.0001379 secs] 1663K->1150K(1984K), 0.0001752 secs]
2.090: [GC 2.090: [DefNew: 512K->0K(576K), 0.0001407 secs] 1662K->1151K(1984K), 0.0001787 secs]
2.093: [GC 2.093: [DefNew: 512K->0K(576K), 0.0001406 secs] 1663K->1151K(1984K), 0.0001784 secs]
2.095: [GC 2.095: [DefNew: 512K->0K(576K), 0.0001362 secs] 1663K->1150K(1984K), 0.0001737 secs]
2.098: [GC 2.098: [DefNew: 512K->0K(576K), 0.0001451 secs] 1662K->1151K(1984K), 0.0001835 secs]
2.101: [GC 2.101: [DefNew: 512K->0K(576K), 0.0001415 secs] 1663K->1151K(1984K), 0.0001793 secs]
2.104: [GC 2.104: [DefNew: 512K->0K(576K), 0.0001411 secs] 1663K->1150K(1984K), 0.0001800 secs]
2.106: [GC 2.106: [DefNew: 512K->0K(576K), 0.0001544 secs] 1662K->1151K(1984K), 0.0001935 secs]
2.109: [GC 2.109: [DefNew: 512K->0K(576K), 0.0001537 secs] 1663K->1151K(1984K), 0.0001942 secs]
2.112: [GC 2.112: [DefNew: 512K->0K(576K), 0.0001376 secs] 1663K->1150K(1984K), 0.0001759 secs]
2.115: [GC 2.115: [DefNew: 512K->0K(576K), 0.0001412 secs] 1662K->1151K(1984K), 0.0001796 secs]
2.118: [GC 2.118: [DefNew: 512K->0K(576K), 0.0001484 secs] 1663K->1151K(1984K), 0.0001867 secs]
2.120: [GC 2.120: [DefNew: 512K->0K(576K), 0.0001357 secs] 1663K->1150K(1984K), 0.0001736 secs]
2.123: [GC 2.123: [DefNew: 512K->0K(576K), 0.0001431 secs] 1662K->1151K(1984K), 0.0001820 secs]
2.126: [GC 2.126: [DefNew: 512K->0K(576K), 0.0001954 secs] 1663K->1151K(1984K), 0.0002397 secs]
2.129: [GC 2.129: [DefNew: 512K->0K(576K), 0.0001396 secs] 1663K->1150K(1984K), 0.0001780 secs]
2.132: [GC 2.132: [DefNew: 512K->0K(576K), 0.0001438 secs] 1662K->1151K(1984K), 0.0001825 secs]
2.134: [GC 2.134: [DefNew: 512K->0K(576K), 0.0001411 secs] 1663K->1151K(1984K), 0.0001789 secs]
2.137: [GC 2.137: [DefNew: 512K->0K(576K), 0.0001374 secs] 1663K->1150K(1984K), 0.0001751 secs]
2.140: [GC 2.140: [DefNew: 512K->0K(576K), 0.0001389 secs] 1662K->1151K(1984K), 0.0001778 secs]
2.143: [GC 2.143: [DefNew: 512K->0K(576K), 0.0001571 secs] 1663K->1151K(1984K), 0.0001971 secs]
2.146: [GC 2.146: [DefNew: 512K->0K(576K), 0.0001608 secs] 1663K->1150K(1984K), 0.0002018 secs]
2.148: [GC 2.149: [DefNew: 512K->0K(576K), 0.0001422 secs] 1662K->1151K(1984K), 0.0001800 secs]
2.151: [GC 2.151: [DefNew: 512K->0K(576K), 0.0001458 secs] 1663K->1151K(1984K), 0.0001845 secs]
2.154: [GC 2.154: [DefNew: 512K->0K(576K), 0.0001366 secs] 1663K->1150K(1984K), 0.0001743 secs]
2.157: [GC 2.157: [DefNew: 512K->0K(576K), 0.0001446 secs] 1662K->1151K(1984K), 0.0001879 secs]
2.160: [GC 2.160: [DefNew: 512K->0K(576K), 0.0001435 secs] 1663K->1151K(1984K), 0.0001865 secs]
2.162: [GC 2.162: [DefNew: 512K->0K(576K), 0.0001402 secs] 1663K->1150K(1984K), 0.0001791 secs]
2.165: [GC 2.165: [DefNew: 512K->0K(576K), 0.0001440 secs] 1662K->1151K(1984K), 0.0002124 secs]
2.168: [GC 2.168: [DefNew: 512K->0K(576K), 0.0001441 secs] 1663K->1151K(1984K), 0.0001821 secs]
2.171: [GC 2.171: [DefNew: 512K->0K(576K), 0.0001363 secs] 1663K->1150K(1984K), 0.0001744 secs]
2.173: [GC 2.173: [DefNew: 512K->0K(576K), 0.0001695 secs] 1662K->1151K(1984K), 0.0002097 secs]
2.176: [GC 2.176: [DefNew: 512K->0K(576K), 0.0001635 secs] 1663K->1151K(1984K), 0.0002038 secs]
2.179: [GC 2.179: [DefNew: 512K->0K(576K), 0.0001406 secs] 1663K->1150K(1984K), 0.0001794 secs]
2.182: [GC 2.182: [DefNew: 512K->0K(576K), 0.0001455 secs] 1662K->1151K(1984K), 0.0001842 secs]
2.185: [GC 2.185: [DefNew: 512K->0K(576K), 0.0001401 secs] 1663K->1151K(1984K), 0.0001780 secs]
2.187: [GC 2.187: [DefNew: 512K->0K(576K), 0.0001376 secs] 1663K->1150K(1984K), 0.0001756 secs]
2.190: [GC 2.190: [DefNew: 512K->0K(576K), 0.0001948 secs] 1662K->1151K(1984K), 0.0002377 secs]
2.193: [GC 2.193: [DefNew: 512K->0K(576K), 0.0001485 secs] 1663K->1151K(1984K), 0.0001867 secs]
2.196: [GC 2.196: [DefNew: 512K->0K(576K), 0.0001358 secs] 1663K->1150K(1984K), 0.0001736 secs]
2.199: [GC 2.199: [DefNew: 512K->0K(576K), 0.0001401 secs] 1662K->1151K(1984K), 0.0001776 secs]
2.202: [GC 2.202: [DefNew: 512K->0K(576K), 0.0001462 secs] 1663K->1151K(1984K), 0.0001845 secs]
2.204: [GC 2.204: [DefNew: 512K->0K(576K), 0.0001384 secs] 1663K->1150K(1984K), 0.0001769 secs]
2.207: [GC 2.207: [DefNew: 512K->0K(576K), 0.0001464 secs] 1662K->1151K(1984K), 0.0001854 secs]
2.210: [GC 2.210: [DefNew: 512K->0K(576K), 0.0001418 secs] 1663K->1151K(1984K), 0.0001797 secs]
2.213: [GC 2.213: [DefNew: 512K->0K(576K), 0.0001358 secs] 1663K->1150K(1984K), 0.0001736 secs]
2.216: [GC 2.216: [DefNew: 512K->0K(576K), 0.0001424 secs] 1662K->1151K(1984K), 0.0001805 secs]
2.218: [GC 2.218: [DefNew: 512K->0K(576K), 0.0001470 secs] 1663K->1151K(1984K), 0.0001852 secs]
2.221: [GC 2.221: [DefNew: 512K->0K(576K), 0.0001473 secs] 1663K->1150K(1984K), 0.0001876 secs]
2.224: [GC 2.224: [DefNew: 512K->0K(576K), 0.0001427 secs] 1662K->1151K(1984K), 0.0001812 secs]
2.227: [GC 2.227: [DefNew: 512K->0K(576K), 0.0001459 secs] 1663K->1151K(1984K), 0.0001841 secs]
2.229: [GC 2.229: [DefNew: 512K->0K(576K), 0.0001543 secs] 1663K->1150K(1984K), 0.0001945 secs]
2.232: [GC 2.232: [DefNew: 512K->0K(576K), 0.0001401 secs] 1662K->1151K(1984K), 0.0001779 secs]
2.235: [GC 2.235: [DefNew: 512K->0K(576K), 0.0001427 secs] 1663K->1151K(1984K), 0.0001809 secs]
2.238: [GC 2.238: [DefNew: 512K->0K(576K), 0.0001422 secs] 1663K->1150K(1984K), 0.0001808 secs]
2.241: [GC 2.241: [DefNew: 512K->0K(576K), 0.0001450 secs] 1662K->1151K(1984K), 0.0001835 secs]
2.243: [GC 2.243: [DefNew: 512K->0K(576K), 0.0001464 secs] 1663K->1151K(1984K), 0.0001849 secs]
2.246: [GC 2.246: [DefNew: 512K->0K(576K), 0.0001632 secs] 1663K->1150K(1984K), 0.0002042 secs]
2.249: [GC 2.249: [DefNew: 512K->0K(576K), 0.0001410 secs] 1662K->1151K(1984K), 0.0001797 secs]
2.252: [GC 2.252: [DefNew: 512K->0K(576K), 0.0001683 secs] 1663K->1151K(1984K), 0.0002100 secs]
2.255: [GC 2.255: [DefNew: 512K->0K(576K), 0.0001371 secs] 1663K->1150K(1984K), 0.0001754 secs]
2.257: [GC 2.257: [DefNew: 512K->0K(576K), 0.0001405 secs] 1662K->1151K(1984K), 0.0001783 secs]
2.260: [GC 2.260: [DefNew: 512K->0K(576K), 0.0001395 secs] 1663K->1151K(1984K), 0.0001771 secs]
2.263: [GC 2.263: [DefNew: 512K->0K(576K), 0.0001394 secs] 1663K->1150K(1984K), 0.0001774 secs]
2.266: [GC 2.266: [DefNew: 512K->0K(576K), 0.0001387 secs] 1662K->1151K(1984K), 0.0001764 secs]
2.268: [GC 2.269: [DefNew: 512K->0K(576K), 0.0001475 secs] 1663K->1151K(1984K), 0.0001867 secs]
2.271: [GC 2.271: [DefNew: 512K->0K(576K), 0.0001398 secs] 1663K->1150K(1984K), 0.0001783 secs]
2.274: [GC 2.274: [DefNew: 512K->0K(576K), 0.0001418 secs] 1662K->1151K(1984K), 0.0001806 secs]
2.277: [GC 2.277: [DefNew: 512K->0K(576K), 0.0001404 secs] 1663K->1151K(1984K), 0.0001784 secs]
2.280: [GC 2.280: [DefNew: 512K->0K(576K), 0.0001366 secs] 1663K->1150K(1984K), 0.0001742 secs]
2.282: [GC 2.282: [DefNew: 512K->0K(576K), 0.0001428 secs] 1662K->1151K(1984K), 0.0001811 secs]
2.285: [GC 2.285: [DefNew: 512K->0K(576K), 0.0001416 secs] 1663K->1151K(1984K), 0.0001792 secs]
2.288: [GC 2.288: [DefNew: 512K->0K(576K), 0.0001573 secs] 1663K->1150K(1984K), 0.0001979 secs]
2.291: [GC 2.291: [DefNew: 512K->0K(576K), 0.0001461 secs] 1662K->1151K(1984K), 0.0001845 secs]
2.294: [GC 2.294: [DefNew: 512K->0K(576K), 0.0001416 secs] 1663K->1151K(1984K), 0.0001795 secs]
2.296: [GC 2.296: [DefNew: 512K->0K(576K), 0.0001352 secs] 1663K->1150K(1984K), 0.0001729 secs]
2.299: [GC 2.299: [DefNew: 512K->0K(576K), 0.0001463 secs] 1662K->1151K(1984K), 0.0001846 secs]
2.302: [GC 2.302: [DefNew: 512K->0K(576K), 0.0001493 secs] 1663K->1151K(1984K), 0.0001887 secs]
2.305: [GC 2.305: [DefNew: 512K->0K(576K), 0.0001367 secs] 1663K->1150K(1984K), 0.0001756 secs]
2.308: [GC 2.308: [DefNew: 512K->0K(576K), 0.0001417 secs] 1662K->1151K(1984K), 0.0001806 secs]
2.310: [GC 2.310: [DefNew: 512K->0K(576K), 0.0001434 secs] 1663K->1151K(1984K), 0.0001813 secs]
2.314: [GC 2.314: [DefNew: 512K->0K(576K), 0.0001956 secs] 1663K->1150K(1984K), 0.0002424 secs]
2.317: [GC 2.317: [DefNew: 512K->0K(576K), 0.0001623 secs] 1662K->1151K(1984K), 0.0002030 secs]
2.319: [GC 2.319: [DefNew: 512K->0K(576K), 0.0001457 secs] 1663K->1151K(1984K), 0.0001842 secs]
2.322: [GC 2.322: [DefNew: 512K->0K(576K), 0.0001519 secs] 1663K->1150K(1984K), 0.0001919 secs]
2.325: [GC 2.325: [DefNew: 512K->0K(576K), 0.0001731 secs] 1662K->1151K(1984K), 0.0002118 secs]
2.328: [GC 2.328: [DefNew: 512K->0K(576K), 0.0001423 secs] 1663K->1151K(1984K), 0.0001801 secs]
2.331: [GC 2.331: [DefNew: 512K->0K(576K), 0.0001404 secs] 1663K->1150K(1984K), 0.0001788 secs]
2.333: [GC 2.333: [DefNew: 512K->0K(576K), 0.0001456 secs] 1662K->1151K(1984K), 0.0001846 secs]
2.336: [GC 2.336: [DefNew: 512K->0K(576K), 0.0001557 secs] 1663K->1151K(1984K), 0.0001954 secs]
2.339: [GC 2.339: [DefNew: 512K->0K(576K), 0.0001377 secs] 1663K->1150K(1984K), 0.0001755 secs]
2.342: [GC 2.342: [DefNew: 512K->0K(576K), 0.0001448 secs] 1662K->1151K(1984K), 0.0001834 secs]
2.345: [GC 2.345: [DefNew: 512K->0K(576K), 0.0001481 secs] 1663K->1151K(1984K), 0.0002653 secs]
2.347: [GC 2.347: [DefNew: 512K->0K(576K), 0.0001725 secs] 1663K->1150K(1984K), 0.0002144 secs]
2.350: [GC 2.350: [DefNew: 512K->0K(576K), 0.0001496 secs] 1662K->1151K(1984K), 0.0001885 secs]
2.353: [GC 2.353: [DefNew: 512K->0K(576K), 0.0001515 secs] 1663K->1151K(1984K), 0.0001903 secs]
2.356: [GC 2.356: [DefNew: 512K->0K(576K), 0.0001389 secs] 1663K->1150K(1984K), 0.0001769 secs]
2.359: [GC 2.359: [DefNew: 512K->0K(576K), 0.0001423 secs] 1662K->1151K(1984K), 0.0001796 secs]
2.361: [GC 2.361: [DefNew: 512K->0K(576K), 0.0001464 secs] 1663K->1151K(1984K), 0.0001848 secs]
2.364: [GC 2.364: [DefNew: 512K->0K(576K), 0.0001872 secs] 1663K->1150K(1984K), 0.0002318 secs]
2.367: [GC 2.367: [DefNew: 512K->0K(576K), 0.0001450 secs] 1662K->1151K(1984K), 0.0001833 secs]
2.370: [GC 2.370: [DefNew: 512K->0K(576K), 0.0001442 secs] 1663K->1151K(1984K), 0.0001822 secs]
2.373: [GC 2.373: [DefNew: 512K->0K(576K), 0.0001360 secs] 1663K->1150K(1984K), 0.0001735 secs]
2.376: [GC 2.376: [DefNew: 512K->0K(576K), 0.0001452 secs] 1662K->1151K(1984K), 0.0001839 secs]
2.378: [GC 2.379: [DefNew: 512K->0K(576K), 0.0001955 secs] 1663K->1151K(1984K), 0.0002390 secs]
2.381: [GC 2.381: [DefNew: 512K->0K(576K), 0.0001537 secs] 1663K->1150K(1984K), 0.0001940 secs]
2.384: [GC 2.384: [DefNew: 512K->0K(576K), 0.0001454 secs] 1662K->1151K(1984K), 0.0001838 secs]
2.387: [GC 2.387: [DefNew: 512K->0K(576K), 0.0001519 secs] 1663K->1151K(1984K), 0.0001913 secs]
2.390: [GC 2.390: [DefNew: 512K->0K(576K), 0.0001423 secs] 1663K->1150K(1984K), 0.0001813 secs]
2.393: [GC 2.393: [DefNew: 512K->0K(576K), 0.0001709 secs] 1662K->1151K(1984K), 0.0002140 secs]
2.395: [GC 2.395: [DefNew: 512K->0K(576K), 0.0001765 secs] 1663K->1151K(1984K), 0.0002191 secs]
2.398: [GC 2.398: [DefNew: 512K->0K(576K), 0.0001412 secs] 1663K->1150K(1984K), 0.0001795 secs]
2.401: [GC 2.401: [DefNew: 512K->0K(576K), 0.0001430 secs] 1662K->1151K(1984K), 0.0001814 secs]
2.404: [GC 2.404: [DefNew: 512K->0K(576K), 0.0001487 secs] 1663K->1151K(1984K), 0.0001932 secs]
2.407: [GC 2.407: [DefNew: 512K->0K(576K), 0.0001391 secs] 1663K->1150K(1984K), 0.0001857 secs]
2.409: [GC 2.409: [DefNew: 512K->0K(576K), 0.0001511 secs] 1662K->1151K(1984K), 0.0001905 secs]
2.412: [GC 2.412: [DefNew: 512K->0K(576K), 0.0001414 secs] 1663K->1151K(1984K), 0.0001795 secs]
2.415: [GC 2.415: [DefNew: 512K->0K(576K), 0.0001371 secs] 1663K->1150K(1984K), 0.0001754 secs]
2.418: [GC 2.418: [DefNew: 512K->0K(576K), 0.0001411 secs] 1662K->1151K(1984K), 0.0001794 secs]
2.420: [GC 2.420: [DefNew: 512K->0K(576K), 0.0001468 secs] 1663K->1151K(1984K), 0.0001845 secs]
2.423: [GC 2.423: [DefNew: 512K->0K(576K), 0.0001401 secs] 1663K->1150K(1984K), 0.0001786 secs]
2.426: [GC 2.426: [DefNew: 512K->0K(576K), 0.0001473 secs] 1662K->1151K(1984K), 0.0001867 secs]
2.429: [GC 2.429: [DefNew: 512K->0K(576K), 0.0001473 secs] 1663K->1151K(1984K), 0.0001859 secs]
2.432: [GC 2.432: [DefNew: 512K->0K(576K), 0.0001374 secs] 1663K->1150K(1984K), 0.0001753 secs]
2.434: [GC 2.434: [DefNew: 512K->0K(576K), 0.0001442 secs] 1662K->1151K(1984K), 0.0001827 secs]
2.437: [GC 2.437: [DefNew: 512K->0K(576K), 0.0001421 secs] 1663K->1151K(1984K), 0.0002071 secs]
2.440: [GC 2.440: [DefNew: 512K->0K(576K), 0.0001424 secs] 1663K->1150K(1984K), 0.0001811 secs]
2.443: [GC 2.443: [DefNew: 512K->0K(576K), 0.0001737 secs] 1662K->1151K(1984K), 0.0002155 secs]
2.446: [GC 2.446: [DefNew: 512K->0K(576K), 0.0001439 secs] 1663K->1151K(1984K), 0.0001822 secs]
2.448: [GC 2.448: [DefNew: 512K->0K(576K), 0.0001653 secs] 1663K->1150K(1984K), 0.0002070 secs]
2.451: [GC 2.451: [DefNew: 512K->0K(576K), 0.0001473 secs] 1662K->1151K(1984K), 0.0001863 secs]
2.454: [GC 2.454: [DefNew: 512K->0K(576K), 0.0001444 secs] 1663K->1151K(1984K), 0.0001827 secs]
2.457: [GC 2.457: [DefNew: 512K->0K(576K), 0.0001433 secs] 1663K->1150K(1984K), 0.0001817 secs]
2.460: [GC 2.460: [DefNew: 512K->0K(576K), 0.0001396 secs] 1662K->1151K(1984K), 0.0001772 secs]
2.462: [GC 2.462: [DefNew: 512K->0K(576K), 0.0001464 secs] 1663K->1151K(1984K), 0.0001850 secs]
2.465: [GC 2.465: [DefNew: 512K->0K(576K), 0.0001496 secs] 1663K->1150K(1984K), 0.0001884 secs]
2.468: [GC 2.468: [DefNew: 512K->0K(576K), 0.0001386 secs] 1662K->1151K(1984K), 0.0001762 secs]
2.471: [GC 2.471: [DefNew: 512K->0K(576K), 0.0001441 secs] 1663K->1151K(1984K), 0.0001823 secs]
2.474: [GC 2.474: [DefNew: 512K->0K(576K), 0.0001469 secs] 1663K->1150K(1984K), 0.0001871 secs]
2.476: [GC 2.476: [DefNew: 512K->0K(576K), 0.0001406 secs] 1662K->1151K(1984K), 0.0001789 secs]
2.479: [GC 2.479: [DefNew: 512K->0K(576K), 0.0001424 secs] 1663K->1151K(1984K), 0.0001805 secs]
2.482: [GC 2.482: [DefNew: 512K->0K(576K), 0.0001473 secs] 1663K->1150K(1984K), 0.0001858 secs]
2.485: [GC 2.485: [DefNew: 512K->0K(576K), 0.0002182 secs] 1662K->1151K(1984K), 0.0002776 secs]
2.488: [GC 2.488: [DefNew: 512K->0K(576K), 0.0001688 secs] 1663K->1151K(1984K), 0.0002093 secs]
"Elapsed time: 518.917729 msecs"
[3] ^^^^ AFTER SLOW CASE WITH ANON :  (used:1M/0M [1M,31M ])
2.495: [GC 2.495: [DefNew: 512K->0K(576K), 0.0002876 secs] 1663K->1151K(1984K), 0.0003322 secs]
2.497: [GC 2.497: [DefNew: 512K->0K(576K), 0.0001518 secs] 1663K->1151K(1984K), 0.0001980 secs]
2.500: [GC 2.500: [DefNew: 512K->0K(576K), 0.0001466 secs] 1663K->1151K(1984K), 0.0001849 secs]
2.502: [GC 2.502: [DefNew: 512K->0K(576K), 0.0001502 secs] 1663K->1151K(1984K), 0.0001889 secs]
2.505: [GC 2.505: [DefNew: 512K->0K(576K), 0.0002142 secs] 1663K->1151K(1984K), 0.0002606 secs]
2.507: [GC 2.507: [DefNew: 512K->0K(576K), 0.0001881 secs] 1663K->1151K(1984K), 0.0002328 secs]
2.510: [GC 2.510: [DefNew: 512K->0K(576K), 0.0002028 secs] 1663K->1151K(1984K), 0.0002489 secs]
2.512: [GC 2.513: [DefNew: 512K->0K(576K), 0.0001875 secs] 1663K->1151K(1984K), 0.0002312 secs]
2.515: [GC 2.515: [DefNew: 512K->0K(576K), 0.0001985 secs] 1663K->1151K(1984K), 0.0002425 secs]
2.518: [GC 2.518: [DefNew: 512K->0K(576K), 0.0001862 secs] 1663K->1151K(1984K), 0.0002295 secs]
2.520: [GC 2.520: [DefNew: 512K->0K(576K), 0.0001558 secs] 1663K->1151K(1984K), 0.0001959 secs]
2.523: [GC 2.523: [DefNew: 512K->0K(576K), 0.0001523 secs] 1663K->1151K(1984K), 0.0001908 secs]
2.525: [GC 2.525: [DefNew: 512K->0K(576K), 0.0001468 secs] 1663K->1151K(1984K), 0.0001843 secs]
2.527: [GC 2.527: [DefNew: 512K->0K(576K), 0.0001450 secs] 1663K->1151K(1984K), 0.0001825 secs]
2.530: [GC 2.530: [DefNew: 512K->0K(576K), 0.0001492 secs] 1663K->1151K(1984K), 0.0001876 secs]
2.532: [GC 2.532: [DefNew: 512K->0K(576K), 0.0001453 secs] 1663K->1151K(1984K), 0.0001831 secs]
2.535: [GC 2.535: [DefNew: 512K->0K(576K), 0.0001506 secs] 1663K->1151K(1984K), 0.0001895 secs]
2.537: [GC 2.537: [DefNew: 512K->0K(576K), 0.0001821 secs] 1663K->1151K(1984K), 0.0002218 secs]
2.539: [GC 2.539: [DefNew: 512K->0K(576K), 0.0001393 secs] 1663K->1151K(1984K), 0.0001863 secs]
2.542: [GC 2.542: [DefNew: 512K->0K(576K), 0.0001429 secs] 1663K->1151K(1984K), 0.0001821 secs]
2.544: [GC 2.544: [DefNew: 512K->0K(576K), 0.0001364 secs] 1663K->1151K(1984K), 0.0001741 secs]
2.547: [GC 2.547: [DefNew: 512K->0K(576K), 0.0001552 secs] 1663K->1151K(1984K), 0.0001941 secs]
2.549: [GC 2.549: [DefNew: 512K->0K(576K), 0.0001648 secs] 1663K->1151K(1984K), 0.0002066 secs]
2.552: [GC 2.552: [DefNew: 512K->0K(576K), 0.0001385 secs] 1663K->1151K(1984K), 0.0001766 secs]
2.554: [GC 2.554: [DefNew: 512K->0K(576K), 0.0001394 secs] 1663K->1151K(1984K), 0.0001770 secs]
2.556: [GC 2.557: [DefNew: 512K->0K(576K), 0.0001370 secs] 1663K->1151K(1984K), 0.0001747 secs]
2.559: [GC 2.559: [DefNew: 512K->0K(576K), 0.0001381 secs] 1663K->1151K(1984K), 0.0001757 secs]
2.561: [GC 2.561: [DefNew: 512K->0K(576K), 0.0001461 secs] 1663K->1151K(1984K), 0.0001859 secs]
2.564: [GC 2.564: [DefNew: 512K->0K(576K), 0.0001387 secs] 1663K->1151K(1984K), 0.0001767 secs]
2.567: [GC 2.567: [DefNew: 512K->0K(576K), 0.0001897 secs] 1663K->1151K(1984K), 0.0002339 secs]
2.569: [GC 2.569: [DefNew: 512K->0K(576K), 0.0001667 secs] 1663K->1151K(1984K), 0.0002096 secs]
2.572: [GC 2.572: [DefNew: 512K->0K(576K), 0.0001826 secs] 1663K->1151K(1984K), 0.0002272 secs]
2.575: [GC 2.575: [DefNew: 512K->0K(576K), 0.0001867 secs] 1663K->1151K(1984K), 0.0002309 secs]
2.577: [GC 2.577: [DefNew: 512K->0K(576K), 0.0001666 secs] 1663K->1151K(1984K), 0.0002082 secs]
2.580: [GC 2.580: [DefNew: 512K->0K(576K), 0.0001465 secs] 1663K->1151K(1984K), 0.0001861 secs]
2.582: [GC 2.582: [DefNew: 512K->0K(576K), 0.0001464 secs] 1663K->1151K(1984K), 0.0001846 secs]
2.584: [GC 2.585: [DefNew: 512K->0K(576K), 0.0001375 secs] 1663K->1151K(1984K), 0.0001751 secs]
2.587: [GC 2.587: [DefNew: 512K->0K(576K), 0.0001377 secs] 1663K->1151K(1984K), 0.0001750 secs]
2.589: [GC 2.589: [DefNew: 512K->0K(576K), 0.0001560 secs] 1663K->1151K(1984K), 0.0001967 secs]
2.592: [GC 2.592: [DefNew: 512K->0K(576K), 0.0001409 secs] 1663K->1151K(1984K), 0.0001796 secs]
2.594: [GC 2.594: [DefNew: 512K->0K(576K), 0.0001392 secs] 1663K->1151K(1984K), 0.0001772 secs]
2.596: [GC 2.596: [DefNew: 512K->0K(576K), 0.0001429 secs] 1663K->1151K(1984K), 0.0001819 secs]
2.599: [GC 2.599: [DefNew: 512K->0K(576K), 0.0001391 secs] 1663K->1151K(1984K), 0.0001780 secs]
2.601: [GC 2.601: [DefNew: 512K->0K(576K), 0.0001397 secs] 1663K->1151K(1984K), 0.0001782 secs]
2.604: [GC 2.604: [DefNew: 512K->0K(576K), 0.0001389 secs] 1663K->1151K(1984K), 0.0001769 secs]
2.606: [GC 2.606: [DefNew: 512K->0K(576K), 0.0001381 secs] 1663K->1151K(1984K), 0.0001757 secs]
2.608: [GC 2.608: [DefNew: 512K->0K(576K), 0.0001364 secs] 1663K->1151K(1984K), 0.0001740 secs]
2.611: [GC 2.611: [DefNew: 512K->0K(576K), 0.0001614 secs] 1663K->1151K(1984K), 0.0002019 secs]
2.613: [GC 2.613: [DefNew: 512K->0K(576K), 0.0001404 secs] 1663K->1151K(1984K), 0.0001791 secs]
2.616: [GC 2.616: [DefNew: 512K->0K(576K), 0.0001447 secs] 1663K->1151K(1984K), 0.0001830 secs]
2.618: [GC 2.618: [DefNew: 512K->0K(576K), 0.0001399 secs] 1663K->1151K(1984K), 0.0001783 secs]
2.620: [GC 2.620: [DefNew: 512K->0K(576K), 0.0001369 secs] 1663K->1151K(1984K), 0.0001747 secs]
2.623: [GC 2.623: [DefNew: 512K->0K(576K), 0.0001447 secs] 1663K->1151K(1984K), 0.0001835 secs]
2.625: [GC 2.625: [DefNew: 512K->0K(576K), 0.0001638 secs] 1663K->1151K(1984K), 0.0002062 secs]
2.628: [GC 2.628: [DefNew: 512K->0K(576K), 0.0001748 secs] 1663K->1151K(1984K), 0.0002197 secs]
2.631: [GC 2.631: [DefNew: 512K->0K(576K), 0.0001664 secs] 1663K->1151K(1984K), 0.0002093 secs]
2.633: [GC 2.633: [DefNew: 512K->0K(576K), 0.0001401 secs] 1663K->1151K(1984K), 0.0001783 secs]
2.636: [GC 2.636: [DefNew: 512K->0K(576K), 0.0001371 secs] 1663K->1151K(1984K), 0.0001745 secs]
2.638: [GC 2.638: [DefNew: 512K->0K(576K), 0.0001380 secs] 1663K->1151K(1984K), 0.0001754 secs]
2.641: [GC 2.641: [DefNew: 512K->0K(576K), 0.0001496 secs] 1663K->1151K(1984K), 0.0001896 secs]
2.643: [GC 2.643: [DefNew: 512K->0K(576K), 0.0001472 secs] 1663K->1151K(1984K), 0.0001860 secs]
"Elapsed time: 155.113324 msecs"
[4] ^^^^ AFTER FAST CASE :  (used:1M/0M [1M,31M ])
[INFO Var Test]
2.651: [GC 2.651: [DefNew: 512K->0K(576K), 0.0003391 secs] 1663K->1151K(1984K), 0.0003842 secs]
2.654: [GC 2.654: [DefNew: 512K->0K(576K), 0.0001549 secs] 1663K->1151K(1984K), 0.0001944 secs]
2.658: [GC 2.658: [DefNew: 512K->0K(576K), 0.0001494 secs] 1663K->1151K(1984K), 0.0001889 secs]
2.662: [GC 2.662: [DefNew: 512K->0K(576K), 0.0001494 secs] 1663K->1151K(1984K), 0.0001883 secs]
2.665: [GC 2.665: [DefNew: 512K->0K(576K), 0.0001767 secs] 1663K->1151K(1984K), 0.0002192 secs]
2.669: [GC 2.669: [DefNew: 512K->0K(576K), 0.0001510 secs] 1663K->1151K(1984K), 0.0001893 secs]
2.673: [GC 2.673: [DefNew: 512K->0K(576K), 0.0001445 secs] 1663K->1151K(1984K), 0.0001825 secs]
2.676: [GC 2.676: [DefNew: 512K->0K(576K), 0.0001491 secs] 1663K->1151K(1984K), 0.0001880 secs]
2.680: [GC 2.680: [DefNew: 512K->0K(576K), 0.0002328 secs] 1663K->1151K(1984K), 0.0002865 secs]
2.684: [GC 2.684: [DefNew: 512K->0K(576K), 0.0002176 secs] 1663K->1151K(1984K), 0.0002656 secs]
2.688: [GC 2.688: [DefNew: 512K->0K(576K), 0.0001890 secs] 1663K->1151K(1984K), 0.0002318 secs]
2.692: [GC 2.692: [DefNew: 512K->0K(576K), 0.0002169 secs] 1663K->1151K(1984K), 0.0002621 secs]
2.696: [GC 2.696: [DefNew: 512K->0K(576K), 0.0001512 secs] 1663K->1151K(1984K), 0.0001897 secs]
2.699: [GC 2.699: [DefNew: 512K->0K(576K), 0.0001483 secs] 1663K->1151K(1984K), 0.0001990 secs]
2.703: [GC 2.703: [DefNew: 512K->0K(576K), 0.0001530 secs] 1663K->1151K(1984K), 0.0001921 secs]
2.707: [GC 2.707: [DefNew: 512K->0K(576K), 0.0001575 secs] 1663K->1151K(1984K), 0.0002043 secs]
2.710: [GC 2.710: [DefNew: 512K->0K(576K), 0.0002044 secs] 1663K->1151K(1984K), 0.0002497 secs]
2.714: [GC 2.714: [DefNew: 512K->0K(576K), 0.0001434 secs] 1663K->1151K(1984K), 0.0001820 secs]
2.718: [GC 2.718: [DefNew: 512K->0K(576K), 0.0001404 secs] 1663K->1151K(1984K), 0.0001785 secs]
2.721: [GC 2.721: [DefNew: 512K->0K(576K), 0.0001669 secs] 1663K->1151K(1984K), 0.0002089 secs]
2.725: [GC 2.725: [DefNew: 512K->0K(576K), 0.0001762 secs] 1663K->1151K(1984K), 0.0002151 secs]
2.729: [GC 2.729: [DefNew: 512K->0K(576K), 0.0001402 secs] 1663K->1151K(1984K), 0.0001783 secs]
2.732: [GC 2.732: [DefNew: 512K->0K(576K), 0.0001438 secs] 1663K->1151K(1984K), 0.0001824 secs]
2.736: [GC 2.736: [DefNew: 512K->0K(576K), 0.0001388 secs] 1663K->1151K(1984K), 0.0001766 secs]
2.739: [GC 2.739: [DefNew: 512K->0K(576K), 0.0001874 secs] 1663K->1151K(1984K), 0.0002337 secs]
2.743: [GC 2.743: [DefNew: 512K->0K(576K), 0.0001824 secs] 1663K->1151K(1984K), 0.0002255 secs]
2.747: [GC 2.747: [DefNew: 512K->0K(576K), 0.0001426 secs] 1663K->1151K(1984K), 0.0001813 secs]
2.750: [GC 2.751: [DefNew: 512K->0K(576K), 0.0001673 secs] 1663K->1151K(1984K), 0.0002166 secs]
2.754: [GC 2.754: [DefNew: 512K->0K(576K), 0.0001630 secs] 1663K->1151K(1984K), 0.0002045 secs]
2.758: [GC 2.758: [DefNew: 512K->0K(576K), 0.0001449 secs] 1663K->1151K(1984K), 0.0001837 secs]
2.761: [GC 2.761: [DefNew: 512K->0K(576K), 0.0001451 secs] 1663K->1151K(1984K), 0.0001841 secs]
2.765: [GC 2.765: [DefNew: 512K->0K(576K), 0.0001674 secs] 1663K->1151K(1984K), 0.0002060 secs]
2.769: [GC 2.769: [DefNew: 512K->0K(576K), 0.0001497 secs] 1663K->1151K(1984K), 0.0001898 secs]
2.772: [GC 2.772: [DefNew: 512K->0K(576K), 0.0001431 secs] 1663K->1151K(1984K), 0.0001822 secs]
2.776: [GC 2.776: [DefNew: 512K->0K(576K), 0.0001388 secs] 1663K->1151K(1984K), 0.0001765 secs]
2.779: [GC 2.779: [DefNew: 512K->0K(576K), 0.0001416 secs] 1663K->1151K(1984K), 0.0001795 secs]
2.783: [GC 2.783: [DefNew: 512K->0K(576K), 0.0001522 secs] 1663K->1151K(1984K), 0.0001920 secs]
2.787: [GC 2.787: [DefNew: 512K->0K(576K), 0.0001410 secs] 1663K->1151K(1984K), 0.0001795 secs]
2.790: [GC 2.790: [DefNew: 512K->0K(576K), 0.0001391 secs] 1663K->1151K(1984K), 0.0001776 secs]
2.794: [GC 2.794: [DefNew: 512K->0K(576K), 0.0001652 secs] 1663K->1151K(1984K), 0.0002075 secs]
2.797: [GC 2.797: [DefNew: 512K->0K(576K), 0.0001408 secs] 1663K->1151K(1984K), 0.0001792 secs]
2.801: [GC 2.801: [DefNew: 512K->0K(576K), 0.0001805 secs] 1663K->1151K(1984K), 0.0002190 secs]
2.805: [GC 2.805: [DefNew: 512K->0K(576K), 0.0001528 secs] 1663K->1151K(1984K), 0.0001929 secs]
2.808: [GC 2.808: [DefNew: 512K->0K(576K), 0.0001405 secs] 1663K->1151K(1984K), 0.0001784 secs]
2.812: [GC 2.812: [DefNew: 512K->0K(576K), 0.0001374 secs] 1663K->1151K(1984K), 0.0001749 secs]
2.816: [GC 2.816: [DefNew: 512K->0K(576K), 0.0001978 secs] 1663K->1151K(1984K), 0.0002436 secs]
2.820: [GC 2.820: [DefNew: 512K->0K(576K), 0.0001437 secs] 1663K->1151K(1984K), 0.0001830 secs]
2.823: [GC 2.823: [DefNew: 512K->0K(576K), 0.0001448 secs] 1663K->1151K(1984K), 0.0001828 secs]
2.827: [GC 2.827: [DefNew: 512K->0K(576K), 0.0001406 secs] 1663K->1151K(1984K), 0.0001784 secs]
2.830: [GC 2.830: [DefNew: 512K->0K(576K), 0.0001624 secs] 1663K->1151K(1984K), 0.0002031 secs]
2.834: [GC 2.834: [DefNew: 512K->0K(576K), 0.0001415 secs] 1663K->1151K(1984K), 0.0001796 secs]
2.838: [GC 2.838: [DefNew: 512K->0K(576K), 0.0001403 secs] 1663K->1151K(1984K), 0.0001781 secs]
2.841: [GC 2.841: [DefNew: 512K->0K(576K), 0.0001405 secs] 1663K->1151K(1984K), 0.0001788 secs]
2.846: [GC 2.846: [DefNew: 512K->0K(576K), 0.0001854 secs] 1663K->1151K(1984K), 0.0002292 secs]
2.849: [GC 2.849: [DefNew: 512K->0K(576K), 0.0001742 secs] 1663K->1151K(1984K), 0.0002166 secs]
2.853: [GC 2.853: [DefNew: 512K->0K(576K), 0.0001556 secs] 1663K->1151K(1984K), 0.0001954 secs]
2.856: [GC 2.857: [DefNew: 512K->0K(576K), 0.0001652 secs] 1663K->1151K(1984K), 0.0002062 secs]
2.860: [GC 2.860: [DefNew: 512K->0K(576K), 0.0001428 secs] 1663K->1151K(1984K), 0.0001816 secs]
2.864: [GC 2.864: [DefNew: 512K->0K(576K), 0.0001427 secs] 1663K->1151K(1984K), 0.0001814 secs]
2.867: [GC 2.867: [DefNew: 512K->0K(576K), 0.0001649 secs] 1663K->1151K(1984K), 0.0002059 secs]
2.871: [GC 2.871: [DefNew: 512K->0K(576K), 0.0001442 secs] 1663K->1151K(1984K), 0.0001830 secs]
2.875: [GC 2.875: [DefNew: 512K->0K(576K), 0.0001399 secs] 1663K->1151K(1984K), 0.0001777 secs]
2.878: [GC 2.878: [DefNew: 512K->0K(576K), 0.0001875 secs] 1663K->1151K(1984K), 0.0002322 secs]
2.882: [GC 2.882: [DefNew: 512K->0K(576K), 0.0001630 secs] 1663K->1151K(1984K), 0.0002036 secs]
2.886: [GC 2.886: [DefNew: 512K->0K(576K), 0.0001397 secs] 1663K->1151K(1984K), 0.0001786 secs]
2.889: [GC 2.889: [DefNew: 512K->0K(576K), 0.0001515 secs] 1663K->1151K(1984K), 0.0001919 secs]
2.893: [GC 2.893: [DefNew: 512K->0K(576K), 0.0001680 secs] 1663K->1151K(1984K), 0.0002072 secs]
2.897: [GC 2.897: [DefNew: 512K->0K(576K), 0.0001497 secs] 1663K->1151K(1984K), 0.0001902 secs]
2.900: [GC 2.900: [DefNew: 512K->0K(576K), 0.0001402 secs] 1663K->1151K(1984K), 0.0001785 secs]
2.904: [GC 2.904: [DefNew: 512K->0K(576K), 0.0001412 secs] 1663K->1151K(1984K), 0.0001795 secs]
2.908: [GC 2.908: [DefNew: 512K->0K(576K), 0.0001535 secs] 1663K->1151K(1984K), 0.0001936 secs]
2.911: [GC 2.911: [DefNew: 512K->0K(576K), 0.0001413 secs] 1663K->1151K(1984K), 0.0001799 secs]
2.915: [GC 2.915: [DefNew: 512K->0K(576K), 0.0001384 secs] 1663K->1151K(1984K), 0.0001760 secs]
2.918: [GC 2.918: [DefNew: 512K->0K(576K), 0.0001390 secs] 1663K->1151K(1984K), 0.0001767 secs]
2.922: [GC 2.922: [DefNew: 512K->0K(576K), 0.0001428 secs] 1663K->1151K(1984K), 0.0001813 secs]
2.926: [GC 2.926: [DefNew: 512K->0K(576K), 0.0001381 secs] 1663K->1151K(1984K), 0.0001754 secs]
2.929: [GC 2.929: [DefNew: 512K->0K(576K), 0.0001556 secs] 1663K->1151K(1984K), 0.0001962 secs]
2.933: [GC 2.933: [DefNew: 512K->0K(576K), 0.0001582 secs] 1663K->1151K(1984K), 0.0001964 secs]
2.937: [GC 2.937: [DefNew: 512K->0K(576K), 0.0001793 secs] 1663K->1151K(1984K), 0.0002231 secs]
2.940: [GC 2.940: [DefNew: 512K->0K(576K), 0.0001737 secs] 1663K->1151K(1984K), 0.0002157 secs]
2.944: [GC 2.944: [DefNew: 512K->0K(576K), 0.0001457 secs] 1663K->1151K(1984K), 0.0001844 secs]
2.948: [GC 2.948: [DefNew: 512K->0K(576K), 0.0001400 secs] 1663K->1151K(1984K), 0.0001779 secs]
2.951: [GC 2.951: [DefNew: 512K->0K(576K), 0.0001676 secs] 1663K->1151K(1984K), 0.0002093 secs]
2.955: [GC 2.955: [DefNew: 512K->0K(576K), 0.0001484 secs] 1663K->1151K(1984K), 0.0001879 secs]
2.959: [GC 2.959: [DefNew: 512K->0K(576K), 0.0001447 secs] 1663K->1151K(1984K), 0.0001840 secs]
2.962: [GC 2.962: [DefNew: 512K->0K(576K), 0.0001431 secs] 1663K->1151K(1984K), 0.0001817 secs]
2.966: [GC 2.966: [DefNew: 512K->0K(576K), 0.0001405 secs] 1663K->1151K(1984K), 0.0001787 secs]
2.969: [GC 2.969: [DefNew: 512K->0K(576K), 0.0001438 secs] 1663K->1151K(1984K), 0.0001826 secs]
2.973: [GC 2.973: [DefNew: 512K->0K(576K), 0.0001384 secs] 1663K->1151K(1984K), 0.0001765 secs]
2.977: [GC 2.977: [DefNew: 512K->0K(576K), 0.0001375 secs] 1663K->1151K(1984K), 0.0001753 secs]
2.980: [GC 2.980: [DefNew: 512K->0K(576K), 0.0001509 secs] 1663K->1151K(1984K), 0.0001904 secs]
2.984: [GC 2.984: [DefNew: 512K->0K(576K), 0.0001427 secs] 1663K->1151K(1984K), 0.0001819 secs]
2.987: [GC 2.987: [DefNew: 512K->0K(576K), 0.0001390 secs] 1663K->1151K(1984K), 0.0001765 secs]
2.991: [GC 2.991: [DefNew: 512K->0K(576K), 0.0001473 secs] 1663K->1151K(1984K), 0.0001864 secs]
2.995: [GC 2.995: [DefNew: 512K->0K(576K), 0.0001385 secs] 1663K->1151K(1984K), 0.0001763 secs]
2.998: [GC 2.998: [DefNew: 512K->0K(576K), 0.0001404 secs] 1663K->1151K(1984K), 0.0001784 secs]
3.002: [GC 3.002: [DefNew: 512K->0K(576K), 0.0001914 secs] 1663K->1151K(1984K), 0.0002360 secs]
3.006: [GC 3.006: [DefNew: 512K->0K(576K), 0.0001411 secs] 1663K->1151K(1984K), 0.0001793 secs]
3.009: [GC 3.009: [DefNew: 512K->0K(576K), 0.0001388 secs] 1663K->1151K(1984K), 0.0001766 secs]
3.013: [GC 3.013: [DefNew: 512K->0K(576K), 0.0001394 secs] 1663K->1151K(1984K), 0.0001777 secs]
3.016: [GC 3.016: [DefNew: 512K->0K(576K), 0.0001523 secs] 1663K->1151K(1984K), 0.0001922 secs]
3.020: [GC 3.020: [DefNew: 512K->0K(576K), 0.0001451 secs] 1663K->1151K(1984K), 0.0001833 secs]
3.024: [GC 3.024: [DefNew: 512K->0K(576K), 0.0001425 secs] 1663K->1151K(1984K), 0.0001812 secs]
3.027: [GC 3.027: [DefNew: 512K->0K(576K), 0.0001410 secs] 1663K->1151K(1984K), 0.0001798 secs]
3.031: [GC 3.031: [DefNew: 512K->0K(576K), 0.0001471 secs] 1663K->1151K(1984K), 0.0001854 secs]
3.034: [GC 3.034: [DefNew: 512K->0K(576K), 0.0001385 secs] 1663K->1151K(1984K), 0.0001763 secs]
3.038: [GC 3.038: [DefNew: 512K->0K(576K), 0.0001523 secs] 1663K->1151K(1984K), 0.0001921 secs]
3.041: [GC 3.041: [DefNew: 512K->0K(576K), 0.0001431 secs] 1663K->1151K(1984K), 0.0001865 secs]
3.045: [GC 3.045: [DefNew: 512K->0K(576K), 0.0001686 secs] 1663K->1151K(1984K), 0.0002067 secs]
3.049: [GC 3.049: [DefNew: 512K->0K(576K), 0.0001395 secs] 1663K->1151K(1984K), 0.0001779 secs]
3.052: [GC 3.052: [DefNew: 512K->0K(576K), 0.0001880 secs] 1663K->1151K(1984K), 0.0002330 secs]
3.056: [GC 3.056: [DefNew: 512K->0K(576K), 0.0001433 secs] 1663K->1151K(1984K), 0.0001815 secs]
3.060: [GC 3.060: [DefNew: 512K->0K(576K), 0.0001406 secs] 1663K->1151K(1984K), 0.0001785 secs]
3.063: [GC 3.063: [DefNew: 512K->0K(576K), 0.0001431 secs] 1663K->1151K(1984K), 0.0001815 secs]
3.067: [GC 3.067: [DefNew: 512K->0K(576K), 0.0001629 secs] 1663K->1151K(1984K), 0.0002040 secs]
3.070: [GC 3.070: [DefNew: 512K->0K(576K), 0.0001451 secs] 1663K->1151K(1984K), 0.0001840 secs]
3.074: [GC 3.074: [DefNew: 512K->0K(576K), 0.0001396 secs] 1663K->1151K(1984K), 0.0001774 secs]
3.078: [GC 3.078: [DefNew: 512K->0K(576K), 0.0001514 secs] 1663K->1151K(1984K), 0.0001909 secs]
3.081: [GC 3.081: [DefNew: 512K->0K(576K), 0.0001449 secs] 1663K->1151K(1984K), 0.0001837 secs]
3.085: [GC 3.085: [DefNew: 512K->0K(576K), 0.0001390 secs] 1663K->1151K(1984K), 0.0001766 secs]
3.089: [GC 3.089: [DefNew: 512K->0K(576K), 0.0001393 secs] 1663K->1151K(1984K), 0.0001770 secs]
3.092: [GC 3.092: [DefNew: 512K->0K(576K), 0.0001402 secs] 1663K->1151K(1984K), 0.0001789 secs]
3.096: [GC 3.096: [DefNew: 512K->0K(576K), 0.0001380 secs] 1663K->1151K(1984K), 0.0001758 secs]
3.100: [GC 3.100: [DefNew: 512K->0K(576K), 0.0001377 secs] 1663K->1151K(1984K), 0.0001757 secs]
3.103: [GC 3.103: [DefNew: 512K->0K(576K), 0.0001408 secs] 1663K->1151K(1984K), 0.0001793 secs]
3.107: [GC 3.107: [DefNew: 512K->0K(576K), 0.0001446 secs] 1663K->1151K(1984K), 0.0001835 secs]
3.110: [GC 3.110: [DefNew: 512K->0K(576K), 0.0001414 secs] 1663K->1151K(1984K), 0.0001802 secs]
3.114: [GC 3.114: [DefNew: 512K->0K(576K), 0.0001376 secs] 1663K->1151K(1984K), 0.0001753 secs]
3.118: [GC 3.118: [DefNew: 512K->0K(576K), 0.0001448 secs] 1663K->1151K(1984K), 0.0001829 secs]
3.121: [GC 3.121: [DefNew: 512K->0K(576K), 0.0001500 secs] 1663K->1151K(1984K), 0.0001893 secs]
3.125: [GC 3.125: [DefNew: 512K->0K(576K), 0.0001400 secs] 1663K->1151K(1984K), 0.0001779 secs]
3.129: [GC 3.129: [DefNew: 512K->0K(576K), 0.0001895 secs] 1663K->1151K(1984K), 0.0002337 secs]
3.132: [GC 3.132: [DefNew: 512K->0K(576K), 0.0001471 secs] 1663K->1151K(1984K), 0.0001864 secs]
3.136: [GC 3.136: [DefNew: 512K->0K(576K), 0.0001397 secs] 1663K->1151K(1984K), 0.0001778 secs]
3.139: [GC 3.140: [DefNew: 512K->0K(576K), 0.0001385 secs] 1663K->1151K(1984K), 0.0001760 secs]
3.143: [GC 3.143: [DefNew: 512K->0K(576K), 0.0001542 secs] 1663K->1151K(1984K), 0.0001944 secs]
3.147: [GC 3.147: [DefNew: 512K->0K(576K), 0.0001397 secs] 1663K->1151K(1984K), 0.0001777 secs]
3.150: [GC 3.151: [DefNew: 512K->0K(576K), 0.0001640 secs] 1663K->1151K(1984K), 0.0002047 secs]
3.154: [GC 3.154: [DefNew: 512K->0K(576K), 0.0001424 secs] 1663K->1151K(1984K), 0.0001803 secs]
3.158: [GC 3.158: [DefNew: 512K->0K(576K), 0.0001403 secs] 1663K->1151K(1984K), 0.0001784 secs]
3.161: [GC 3.161: [DefNew: 512K->0K(576K), 0.0001421 secs] 1663K->1151K(1984K), 0.0001808 secs]
3.165: [GC 3.165: [DefNew: 512K->0K(576K), 0.0001574 secs] 1663K->1151K(1984K), 0.0002104 secs]
3.169: [GC 3.169: [DefNew: 512K->0K(576K), 0.0001477 secs] 1663K->1151K(1984K), 0.0001879 secs]
3.172: [GC 3.172: [DefNew: 512K->0K(576K), 0.0001460 secs] 1663K->1151K(1984K), 0.0001849 secs]
3.176: [GC 3.176: [DefNew: 512K->0K(576K), 0.0001393 secs] 1663K->1151K(1984K), 0.0001775 secs]
3.179: [GC 3.179: [DefNew: 512K->0K(576K), 0.0001547 secs] 1663K->1151K(1984K), 0.0001945 secs]
3.183: [GC 3.183: [DefNew: 512K->0K(576K), 0.0001444 secs] 1663K->1151K(1984K), 0.0001835 secs]
3.186: [GC 3.186: [DefNew: 512K->0K(576K), 0.0001411 secs] 1663K->1151K(1984K), 0.0001792 secs]
3.190: [GC 3.190: [DefNew: 512K->0K(576K), 0.0001915 secs] 1663K->1151K(1984K), 0.0002351 secs]
3.194: [GC 3.194: [DefNew: 512K->0K(576K), 0.0001464 secs] 1663K->1151K(1984K), 0.0001852 secs]
3.198: [GC 3.198: [DefNew: 512K->0K(576K), 0.0001401 secs] 1663K->1151K(1984K), 0.0001779 secs]
3.201: [GC 3.201: [DefNew: 512K->0K(576K), 0.0001445 secs] 1663K->1151K(1984K), 0.0001846 secs]
3.205: [GC 3.205: [DefNew: 512K->0K(576K), 0.0001461 secs] 1663K->1151K(1984K), 0.0001850 secs]
3.208: [GC 3.208: [DefNew: 512K->0K(576K), 0.0001400 secs] 1663K->1151K(1984K), 0.0001776 secs]
3.212: [GC 3.212: [DefNew: 512K->0K(576K), 0.0001382 secs] 1663K->1151K(1984K), 0.0001762 secs]
3.216: [GC 3.216: [DefNew: 512K->0K(576K), 0.0001413 secs] 1663K->1151K(1984K), 0.0001797 secs]
3.219: [GC 3.219: [DefNew: 512K->0K(576K), 0.0001390 secs] 1663K->1151K(1984K), 0.0001772 secs]
3.223: [GC 3.223: [DefNew: 512K->0K(576K), 0.0001507 secs] 1663K->1151K(1984K), 0.0001899 secs]
3.227: [GC 3.227: [DefNew: 512K->0K(576K), 0.0001385 secs] 1663K->1151K(1984K), 0.0001762 secs]
3.230: [GC 3.230: [DefNew: 512K->0K(576K), 0.0001410 secs] 1663K->1151K(1984K), 0.0001790 secs]
3.234: [GC 3.234: [DefNew: 512K->0K(576K), 0.0001385 secs] 1663K->1151K(1984K), 0.0001774 secs]
3.237: [GC 3.237: [DefNew: 512K->0K(576K), 0.0001415 secs] 1663K->1151K(1984K), 0.0001794 secs]
3.241: [GC 3.241: [DefNew: 512K->0K(576K), 0.0001436 secs] 1663K->1151K(1984K), 0.0001819 secs]
3.244: [GC 3.245: [DefNew: 512K->0K(576K), 0.0001557 secs] 1663K->1151K(1984K), 0.0002025 secs]
3.248: [GC 3.248: [DefNew: 512K->0K(576K), 0.0001421 secs] 1663K->1151K(1984K), 0.0001811 secs]
3.252: [GC 3.252: [DefNew: 512K->0K(576K), 0.0002016 secs] 1663K->1151K(1984K), 0.0002460 secs]
3.256: [GC 3.256: [DefNew: 512K->0K(576K), 0.0001732 secs] 1663K->1151K(1984K), 0.0002147 secs]
3.259: [GC 3.259: [DefNew: 512K->0K(576K), 0.0001419 secs] 1663K->1151K(1984K), 0.0001802 secs]
3.263: [GC 3.263: [DefNew: 512K->0K(576K), 0.0001418 secs] 1663K->1151K(1984K), 0.0001805 secs]
3.266: [GC 3.266: [DefNew: 512K->0K(576K), 0.0001404 secs] 1663K->1151K(1984K), 0.0001782 secs]
3.270: [GC 3.270: [DefNew: 512K->0K(576K), 0.0001424 secs] 1663K->1151K(1984K), 0.0001806 secs]
3.274: [GC 3.274: [DefNew: 512K->0K(576K), 0.0001785 secs] 1663K->1151K(1984K), 0.0002330 secs]
3.277: [GC 3.277: [DefNew: 512K->0K(576K), 0.0001444 secs] 1663K->1151K(1984K), 0.0001832 secs]
3.281: [GC 3.281: [DefNew: 512K->0K(576K), 0.0001390 secs] 1663K->1151K(1984K), 0.0002129 secs]
3.284: [GC 3.284: [DefNew: 512K->0K(576K), 0.0001540 secs] 1663K->1151K(1984K), 0.0001948 secs]
3.288: [GC 3.288: [DefNew: 512K->0K(576K), 0.0001444 secs] 1663K->1151K(1984K), 0.0001833 secs]
3.292: [GC 3.292: [DefNew: 512K->0K(576K), 0.0001395 secs] 1663K->1151K(1984K), 0.0001778 secs]
3.295: [GC 3.295: [DefNew: 512K->0K(576K), 0.0001425 secs] 1663K->1151K(1984K), 0.0001810 secs]
3.299: [GC 3.299: [DefNew: 512K->0K(576K), 0.0001491 secs] 1663K->1151K(1984K), 0.0001889 secs]
3.302: [GC 3.302: [DefNew: 512K->0K(576K), 0.0001502 secs] 1663K->1151K(1984K), 0.0001887 secs]
3.306: [GC 3.306: [DefNew: 512K->0K(576K), 0.0001407 secs] 1663K->1151K(1984K), 0.0001791 secs]
3.309: [GC 3.309: [DefNew: 512K->0K(576K), 0.0001440 secs] 1663K->1151K(1984K), 0.0001830 secs]
3.313: [GC 3.313: [DefNew: 512K->0K(576K), 0.0001684 secs] 1663K->1151K(1984K), 0.0002115 secs]
3.317: [GC 3.317: [DefNew: 512K->0K(576K), 0.0001412 secs] 1663K->1151K(1984K), 0.0001794 secs]
3.320: [GC 3.320: [DefNew: 512K->0K(576K), 0.0001596 secs] 1663K->1151K(1984K), 0.0001999 secs]
3.324: [GC 3.324: [DefNew: 512K->0K(576K), 0.0001504 secs] 1663K->1151K(1984K), 0.0001891 secs]
3.328: [GC 3.328: [DefNew: 512K->0K(576K), 0.0001499 secs] 1663K->1151K(1984K), 0.0001907 secs]
3.331: [GC 3.331: [DefNew: 512K->0K(576K), 0.0001470 secs] 1663K->1151K(1984K), 0.0001865 secs]
3.335: [GC 3.335: [DefNew: 512K->0K(576K), 0.0001439 secs] 1663K->1151K(1984K), 0.0001822 secs]
3.339: [GC 3.339: [DefNew: 512K->0K(576K), 0.0001385 secs] 1663K->1151K(1984K), 0.0001760 secs]
3.342: [GC 3.342: [DefNew: 512K->0K(576K), 0.0001643 secs] 1663K->1151K(1984K), 0.0002039 secs]
3.346: [GC 3.346: [DefNew: 512K->0K(576K), 0.0001511 secs] 1663K->1151K(1984K), 0.0001904 secs]
3.349: [GC 3.349: [DefNew: 512K->0K(576K), 0.0001397 secs] 1663K->1151K(1984K), 0.0001782 secs]
3.353: [GC 3.353: [DefNew: 512K->0K(576K), 0.0001918 secs] 1663K->1151K(1984K), 0.0002358 secs]
3.357: [GC 3.357: [DefNew: 512K->0K(576K), 0.0001413 secs] 1663K->1151K(1984K), 0.0001795 secs]
3.361: [GC 3.361: [DefNew: 512K->0K(576K), 0.0001416 secs] 1663K->1151K(1984K), 0.0001797 secs]
3.364: [GC 3.364: [DefNew: 512K->0K(576K), 0.0001486 secs] 1663K->1151K(1984K), 0.0001874 secs]
3.368: [GC 3.368: [DefNew: 512K->0K(576K), 0.0001613 secs] 1663K->1151K(1984K), 0.0002029 secs]
3.372: [GC 3.372: [DefNew: 512K->0K(576K), 0.0001517 secs] 1663K->1151K(1984K), 0.0001902 secs]
3.375: [GC 3.375: [DefNew: 512K->0K(576K), 0.0001457 secs] 1663K->1151K(1984K), 0.0001849 secs]
3.379: [GC 3.379: [DefNew: 512K->0K(576K), 0.0001929 secs] 1663K->1151K(1984K), 0.0002377 secs]
3.383: [GC 3.383: [DefNew: 512K->0K(576K), 0.0001453 secs] 1663K->1151K(1984K), 0.0001842 secs]
3.386: [GC 3.386: [DefNew: 512K->0K(576K), 0.0001516 secs] 1663K->1151K(1984K), 0.0001907 secs]
3.390: [GC 3.390: [DefNew: 512K->0K(576K), 0.0001463 secs] 1663K->1151K(1984K), 0.0001847 secs]
3.394: [GC 3.394: [DefNew: 512K->0K(576K), 0.0001387 secs] 1663K->1151K(1984K), 0.0001764 secs]
3.397: [GC 3.397: [DefNew: 512K->0K(576K), 0.0001948 secs] 1663K->1151K(1984K), 0.0002414 secs]
3.401: [GC 3.401: [DefNew: 512K->0K(576K), 0.0001456 secs] 1663K->1151K(1984K), 0.0002262 secs]
3.404: [GC 3.405: [DefNew: 512K->0K(576K), 0.0001474 secs] 1663K->1151K(1984K), 0.0001881 secs]
3.408: [GC 3.408: [DefNew: 512K->0K(576K), 0.0001735 secs] 1663K->1151K(1984K), 0.0002163 secs]
3.412: [GC 3.412: [DefNew: 512K->0K(576K), 0.0001460 secs] 1663K->1151K(1984K), 0.0001851 secs]
3.415: [GC 3.415: [DefNew: 512K->0K(576K), 0.0001389 secs] 1663K->1151K(1984K), 0.0001769 secs]
3.419: [GC 3.419: [DefNew: 512K->0K(576K), 0.0002156 secs] 1663K->1151K(1984K), 0.0002652 secs]
3.423: [GC 3.423: [DefNew: 512K->0K(576K), 0.0001860 secs] 1663K->1151K(1984K), 0.0002283 secs]
3.427: [GC 3.427: [DefNew: 512K->0K(576K), 0.0001618 secs] 1663K->1151K(1984K), 0.0002025 secs]
3.431: [GC 3.431: [DefNew: 512K->0K(576K), 0.0001459 secs] 1663K->1151K(1984K), 0.0001847 secs]
3.434: [GC 3.434: [DefNew: 512K->0K(576K), 0.0001396 secs] 1663K->1151K(1984K), 0.0001774 secs]
3.438: [GC 3.438: [DefNew: 512K->0K(576K), 0.0001510 secs] 1663K->1151K(1984K), 0.0001914 secs]
3.441: [GC 3.442: [DefNew: 512K->0K(576K), 0.0001648 secs] 1663K->1151K(1984K), 0.0002065 secs]
3.445: [GC 3.445: [DefNew: 512K->0K(576K), 0.0001403 secs] 1663K->1151K(1984K), 0.0001784 secs]
3.449: [GC 3.449: [DefNew: 512K->0K(576K), 0.0001528 secs] 1663K->1151K(1984K), 0.0001937 secs]
3.452: [GC 3.452: [DefNew: 512K->0K(576K), 0.0001654 secs] 1663K->1151K(1984K), 0.0002064 secs]
3.456: [GC 3.456: [DefNew: 512K->0K(576K), 0.0001822 secs] 1663K->1151K(1984K), 0.0002258 secs]
3.460: [GC 3.460: [DefNew: 512K->0K(576K), 0.0001583 secs] 1663K->1151K(1984K), 0.0001999 secs]
3.463: [GC 3.463: [DefNew: 512K->0K(576K), 0.0001448 secs] 1663K->1151K(1984K), 0.0001838 secs]
3.467: [GC 3.467: [DefNew: 512K->0K(576K), 0.0001416 secs] 1663K->1151K(1984K), 0.0001800 secs]
3.470: [GC 3.470: [DefNew: 512K->0K(576K), 0.0001623 secs] 1663K->1151K(1984K), 0.0002045 secs]
3.474: [GC 3.474: [DefNew: 512K->0K(576K), 0.0002343 secs] 1663K->1151K(1984K), 0.0002860 secs]
3.478: [GC 3.478: [DefNew: 512K->0K(576K), 0.0001662 secs] 1663K->1151K(1984K), 0.0002081 secs]
3.482: [GC 3.482: [DefNew: 512K->0K(576K), 0.0001647 secs] 1663K->1151K(1984K), 0.0002069 secs]
3.486: [GC 3.486: [DefNew: 512K->0K(576K), 0.0002078 secs] 1663K->1151K(1984K), 0.0002598 secs]
3.490: [GC 3.490: [DefNew: 512K->0K(576K), 0.0001787 secs] 1663K->1151K(1984K), 0.0002217 secs]
3.494: [GC 3.494: [DefNew: 512K->0K(576K), 0.0001507 secs] 1663K->1151K(1984K), 0.0001897 secs]
3.497: [GC 3.497: [DefNew: 512K->0K(576K), 0.0001405 secs] 1663K->1151K(1984K), 0.0001786 secs]
3.501: [GC 3.501: [DefNew: 512K->0K(576K), 0.0002079 secs] 1663K->1151K(1984K), 0.0002552 secs]
3.505: [GC 3.505: [DefNew: 512K->0K(576K), 0.0001673 secs] 1663K->1151K(1984K), 0.0002091 secs]
3.508: [GC 3.509: [DefNew: 512K->0K(576K), 0.0001436 secs] 1663K->1151K(1984K), 0.0001822 secs]
3.512: [GC 3.512: [DefNew: 512K->0K(576K), 0.0001725 secs] 1663K->1151K(1984K), 0.0002141 secs]
3.516: [GC 3.516: [DefNew: 512K->0K(576K), 0.0001544 secs] 1663K->1151K(1984K), 0.0001946 secs]
3.519: [GC 3.519: [DefNew: 512K->0K(576K), 0.0001498 secs] 1663K->1151K(1984K), 0.0001894 secs]
3.523: [GC 3.523: [DefNew: 512K->0K(576K), 0.0001743 secs] 1663K->1151K(1984K), 0.0002162 secs]
3.527: [GC 3.527: [DefNew: 512K->0K(576K), 0.0001419 secs] 1663K->1151K(1984K), 0.0001806 secs]
3.530: [GC 3.530: [DefNew: 512K->0K(576K), 0.0001400 secs] 1663K->1151K(1984K), 0.0001783 secs]
3.534: [GC 3.534: [DefNew: 512K->0K(576K), 0.0001833 secs] 1663K->1151K(1984K), 0.0002267 secs]
3.537: [GC 3.537: [DefNew: 512K->0K(576K), 0.0001480 secs] 1663K->1151K(1984K), 0.0001866 secs]
3.541: [GC 3.541: [DefNew: 512K->0K(576K), 0.0001405 secs] 1663K->1151K(1984K), 0.0001789 secs]
3.544: [GC 3.544: [DefNew: 512K->0K(576K), 0.0001757 secs] 1663K->1151K(1984K), 0.0002171 secs]
3.548: [GC 3.548: [DefNew: 512K->0K(576K), 0.0001418 secs] 1663K->1151K(1984K), 0.0001807 secs]
3.552: [GC 3.552: [DefNew: 512K->0K(576K), 0.0001392 secs] 1663K->1151K(1984K), 0.0001772 secs]
3.555: [GC 3.555: [DefNew: 512K->0K(576K), 0.0001966 secs] 1663K->1151K(1984K), 0.0002424 secs]
3.559: [GC 3.559: [DefNew: 512K->0K(576K), 0.0001414 secs] 1663K->1151K(1984K), 0.0001799 secs]
3.562: [GC 3.563: [DefNew: 512K->0K(576K), 0.0001704 secs] 1663K->1151K(1984K), 0.0002136 secs]
3.566: [GC 3.566: [DefNew: 512K->0K(576K), 0.0001975 secs] 1663K->1151K(1984K), 0.0002434 secs]
3.570: [GC 3.570: [DefNew: 512K->0K(576K), 0.0001466 secs] 1663K->1151K(1984K), 0.0001854 secs]
3.573: [GC 3.573: [DefNew: 512K->0K(576K), 0.0001774 secs] 1663K->1151K(1984K), 0.0002201 secs]
3.577: [GC 3.577: [DefNew: 512K->0K(576K), 0.0001530 secs] 1663K->1151K(1984K), 0.0001931 secs]
3.581: [GC 3.581: [DefNew: 512K->0K(576K), 0.0001385 secs] 1663K->1151K(1984K), 0.0001767 secs]
3.584: [GC 3.584: [DefNew: 512K->0K(576K), 0.0001818 secs] 1663K->1151K(1984K), 0.0002253 secs]
3.588: [GC 3.588: [DefNew: 512K->0K(576K), 0.0001415 secs] 1663K->1151K(1984K), 0.0001808 secs]
3.591: [GC 3.592: [DefNew: 512K->0K(576K), 0.0001414 secs] 1663K->1151K(1984K), 0.0001801 secs]
3.595: [GC 3.595: [DefNew: 512K->0K(576K), 0.0001818 secs] 1663K->1151K(1984K), 0.0002240 secs]
3.599: [GC 3.599: [DefNew: 512K->0K(576K), 0.0001414 secs] 1663K->1151K(1984K), 0.0001795 secs]
3.602: [GC 3.602: [DefNew: 512K->0K(576K), 0.0001422 secs] 1663K->1151K(1984K), 0.0001807 secs]
3.606: [GC 3.606: [DefNew: 512K->0K(576K), 0.0001698 secs] 1663K->1151K(1984K), 0.0002109 secs]
3.609: [GC 3.609: [DefNew: 512K->0K(576K), 0.0001397 secs] 1663K->1151K(1984K), 0.0001784 secs]
3.613: [GC 3.613: [DefNew: 512K->0K(576K), 0.0001803 secs] 1663K->1151K(1984K), 0.0002185 secs]
3.617: [GC 3.617: [DefNew: 512K->0K(576K), 0.0002206 secs] 1663K->1151K(1984K), 0.0002707 secs]
3.621: [GC 3.621: [DefNew: 512K->0K(576K), 0.0002103 secs] 1663K->1151K(1984K), 0.0002598 secs]
3.625: [GC 3.625: [DefNew: 512K->0K(576K), 0.0002112 secs] 1663K->1151K(1984K), 0.0002587 secs]
3.629: [GC 3.629: [DefNew: 512K->0K(576K), 0.0002012 secs] 1663K->1151K(1984K), 0.0002476 secs]
3.632: [GC 3.632: [DefNew: 512K->0K(576K), 0.0001466 secs] 1663K->1151K(1984K), 0.0001979 secs]
3.636: [GC 3.636: [DefNew: 512K->0K(576K), 0.0001442 secs] 1663K->1151K(1984K), 0.0001831 secs]
3.639: [GC 3.639: [DefNew: 512K->0K(576K), 0.0001485 secs] 1663K->1151K(1984K), 0.0001878 secs]
3.643: [GC 3.643: [DefNew: 512K->0K(576K), 0.0001484 secs] 1663K->1151K(1984K), 0.0001870 secs]
3.647: [GC 3.647: [DefNew: 512K->0K(576K), 0.0001663 secs] 1663K->1151K(1984K), 0.0002076 secs]
3.650: [GC 3.650: [DefNew: 512K->0K(576K), 0.0001767 secs] 1663K->1151K(1984K), 0.0002194 secs]
3.654: [GC 3.654: [DefNew: 512K->0K(576K), 0.0001599 secs] 1663K->1151K(1984K), 0.0001998 secs]
3.658: [GC 3.658: [DefNew: 512K->0K(576K), 0.0001422 secs] 1663K->1151K(1984K), 0.0001797 secs]
3.661: [GC 3.661: [DefNew: 512K->0K(576K), 0.0001462 secs] 1663K->1151K(1984K), 0.0001855 secs]
3.665: [GC 3.665: [DefNew: 512K->0K(576K), 0.0001634 secs] 1663K->1151K(1984K), 0.0002046 secs]
3.669: [GC 3.669: [DefNew: 512K->0K(576K), 0.0001458 secs] 1663K->1151K(1984K), 0.0001850 secs]
3.672: [GC 3.672: [DefNew: 512K->0K(576K), 0.0001418 secs] 1663K->1151K(1984K), 0.0001801 secs]
3.676: [GC 3.676: [DefNew: 512K->0K(576K), 0.0001430 secs] 1663K->1151K(1984K), 0.0001818 secs]
3.679: [GC 3.679: [DefNew: 512K->0K(576K), 0.0002029 secs] 1663K->1151K(1984K), 0.0002510 secs]
3.683: [GC 3.683: [DefNew: 512K->0K(576K), 0.0002119 secs] 1663K->1151K(1984K), 0.0002613 secs]
3.687: [GC 3.687: [DefNew: 512K->0K(576K), 0.0002216 secs] 1663K->1151K(1984K), 0.0002713 secs]
3.691: [GC 3.691: [DefNew: 512K->0K(576K), 0.0002109 secs] 1663K->1151K(1984K), 0.0002609 secs]
3.695: [GC 3.695: [DefNew: 512K->0K(576K), 0.0001921 secs] 1663K->1151K(1984K), 0.0002382 secs]
3.699: [GC 3.699: [DefNew: 512K->0K(576K), 0.0002067 secs] 1663K->1151K(1984K), 0.0002540 secs]
3.703: [GC 3.703: [DefNew: 512K->0K(576K), 0.0001973 secs] 1663K->1151K(1984K), 0.0002433 secs]
3.707: [GC 3.707: [DefNew: 512K->0K(576K), 0.0002089 secs] 1663K->1151K(1984K), 0.0002569 secs]
3.711: [GC 3.711: [DefNew: 512K->0K(576K), 0.0002044 secs] 1663K->1151K(1984K), 0.0002528 secs]
3.715: [GC 3.715: [DefNew: 512K->0K(576K), 0.0001824 secs] 1663K->1151K(1984K), 0.0002267 secs]
3.719: [GC 3.719: [DefNew: 512K->0K(576K), 0.0001887 secs] 1663K->1151K(1984K), 0.0002342 secs]
3.723: [GC 3.723: [DefNew: 512K->0K(576K), 0.0002114 secs] 1663K->1151K(1984K), 0.0002586 secs]
3.727: [GC 3.727: [DefNew: 512K->0K(576K), 0.0002214 secs] 1663K->1151K(1984K), 0.0002704 secs]
3.731: [GC 3.731: [DefNew: 512K->0K(576K), 0.0002123 secs] 1663K->1151K(1984K), 0.0002616 secs]
3.735: [GC 3.735: [DefNew: 512K->0K(576K), 0.0002236 secs] 1663K->1151K(1984K), 0.0002725 secs]
3.739: [GC 3.739: [DefNew: 512K->0K(576K), 0.0002309 secs] 1663K->1151K(1984K), 0.0002932 secs]
3.743: [GC 3.743: [DefNew: 512K->0K(576K), 0.0002066 secs] 1663K->1151K(1984K), 0.0002538 secs]
3.746: [GC 3.746: [DefNew: 512K->0K(576K), 0.0001878 secs] 1663K->1151K(1984K), 0.0002326 secs]
3.751: [GC 3.751: [DefNew: 512K->0K(576K), 0.0002371 secs] 1663K->1151K(1984K), 0.0002864 secs]
3.755: [GC 3.755: [DefNew: 512K->0K(576K), 0.0002040 secs] 1663K->1151K(1984K), 0.0002503 secs]
3.758: [GC 3.758: [DefNew: 512K->0K(576K), 0.0001968 secs] 1663K->1151K(1984K), 0.0002438 secs]
3.763: [GC 3.763: [DefNew: 512K->0K(576K), 0.0002009 secs] 1663K->1151K(1984K), 0.0002487 secs]
3.766: [GC 3.766: [DefNew: 512K->0K(576K), 0.0001876 secs] 1663K->1151K(1984K), 0.0002329 secs]
"Elapsed time: 1125.306441 msecs"
(used:1M/0M [1M,31M ])
[INFO Var Test]
3.772: [GC 3.772: [DefNew: 512K->0K(576K), 0.0003965 secs] 1663K->1151K(1984K), 0.0004442 secs]
3.777: [GC 3.777: [DefNew: 512K->0K(576K), 0.0002147 secs] 1663K->1151K(1984K), 0.0002618 secs]
3.780: [GC 3.780: [DefNew: 512K->0K(576K), 0.0001891 secs] 1663K->1151K(1984K), 0.0002334 secs]
3.784: [GC 3.784: [DefNew: 512K->0K(576K), 0.0002220 secs] 1663K->1151K(1984K), 0.0002696 secs]
3.787: [GC 3.787: [DefNew: 512K->0K(576K), 0.0002109 secs] 1663K->1151K(1984K), 0.0002584 secs]
3.790: [GC 3.790: [DefNew: 512K->0K(576K), 0.0002074 secs] 1663K->1151K(1984K), 0.0002528 secs]
3.794: [GC 3.794: [DefNew: 512K->0K(576K), 0.0002084 secs] 1663K->1151K(1984K), 0.0002661 secs]
3.797: [GC 3.797: [DefNew: 512K->0K(576K), 0.0001900 secs] 1663K->1151K(1984K), 0.0002347 secs]
3.800: [GC 3.800: [DefNew: 512K->0K(576K), 0.0002193 secs] 1663K->1151K(1984K), 0.0002689 secs]
3.804: [GC 3.804: [DefNew: 512K->0K(576K), 0.0002171 secs] 1663K->1151K(1984K), 0.0002664 secs]
3.807: [GC 3.807: [DefNew: 512K->0K(576K), 0.0002373 secs] 1663K->1151K(1984K), 0.0002878 secs]
3.810: [GC 3.810: [DefNew: 512K->0K(576K), 0.0002079 secs] 1663K->1151K(1984K), 0.0002541 secs]
3.815: [GC 3.815: [DefNew: 512K->0K(576K), 0.0002237 secs] 1663K->1151K(1984K), 0.0002726 secs]
3.818: [GC 3.818: [DefNew: 512K->0K(576K), 0.0002178 secs] 1663K->1151K(1984K), 0.0002664 secs]
3.822: [GC 3.822: [DefNew: 512K->0K(576K), 0.0002002 secs] 1663K->1151K(1984K), 0.0002469 secs]
3.825: [GC 3.825: [DefNew: 512K->0K(576K), 0.0002124 secs] 1663K->1151K(1984K), 0.0002593 secs]
3.828: [GC 3.828: [DefNew: 512K->0K(576K), 0.0002101 secs] 1663K->1151K(1984K), 0.0002577 secs]
3.832: [GC 3.832: [DefNew: 512K->0K(576K), 0.0002020 secs] 1663K->1151K(1984K), 0.0002491 secs]
3.835: [GC 3.835: [DefNew: 512K->0K(576K), 0.0002078 secs] 1663K->1151K(1984K), 0.0002549 secs]
3.839: [GC 3.839: [DefNew: 512K->0K(576K), 0.0002242 secs] 1663K->1151K(1984K), 0.0002744 secs]
3.842: [GC 3.842: [DefNew: 512K->0K(576K), 0.0002196 secs] 1663K->1151K(1984K), 0.0002674 secs]
3.846: [GC 3.846: [DefNew: 512K->0K(576K), 0.0001924 secs] 1663K->1151K(1984K), 0.0002382 secs]
3.849: [GC 3.849: [DefNew: 512K->0K(576K), 0.0001481 secs] 1663K->1151K(1984K), 0.0001878 secs]
3.852: [GC 3.852: [DefNew: 512K->0K(576K), 0.0001414 secs] 1663K->1151K(1984K), 0.0001794 secs]
3.855: [GC 3.855: [DefNew: 512K->0K(576K), 0.0001701 secs] 1663K->1151K(1984K), 0.0002125 secs]
3.858: [GC 3.858: [DefNew: 512K->0K(576K), 0.0001646 secs] 1663K->1151K(1984K), 0.0002060 secs]
3.861: [GC 3.861: [DefNew: 512K->0K(576K), 0.0001476 secs] 1663K->1151K(1984K), 0.0001875 secs]
3.864: [GC 3.864: [DefNew: 512K->0K(576K), 0.0001405 secs] 1663K->1151K(1984K), 0.0001785 secs]
3.867: [GC 3.868: [DefNew: 512K->0K(576K), 0.0001837 secs] 1663K->1151K(1984K), 0.0002307 secs]
3.871: [GC 3.871: [DefNew: 512K->0K(576K), 0.0001501 secs] 1663K->1151K(1984K), 0.0001895 secs]
3.874: [GC 3.874: [DefNew: 512K->0K(576K), 0.0001412 secs] 1663K->1151K(1984K), 0.0001879 secs]
3.877: [GC 3.877: [DefNew: 512K->0K(576K), 0.0001514 secs] 1663K->1151K(1984K), 0.0001901 secs]
3.880: [GC 3.880: [DefNew: 512K->0K(576K), 0.0001976 secs] 1663K->1151K(1984K), 0.0002435 secs]
3.883: [GC 3.883: [DefNew: 512K->0K(576K), 0.0001459 secs] 1663K->1151K(1984K), 0.0001850 secs]
3.886: [GC 3.886: [DefNew: 512K->0K(576K), 0.0001403 secs] 1663K->1151K(1984K), 0.0001782 secs]
3.889: [GC 3.889: [DefNew: 512K->0K(576K), 0.0001749 secs] 1663K->1151K(1984K), 0.0002163 secs]
3.892: [GC 3.892: [DefNew: 512K->0K(576K), 0.0001405 secs] 1663K->1151K(1984K), 0.0001786 secs]
3.895: [GC 3.895: [DefNew: 512K->0K(576K), 0.0001397 secs] 1663K->1151K(1984K), 0.0001775 secs]
3.898: [GC 3.898: [DefNew: 512K->0K(576K), 0.0001743 secs] 1663K->1151K(1984K), 0.0002179 secs]
3.901: [GC 3.901: [DefNew: 512K->0K(576K), 0.0001538 secs] 1663K->1151K(1984K), 0.0001924 secs]
3.904: [GC 3.904: [DefNew: 512K->0K(576K), 0.0001382 secs] 1663K->1151K(1984K), 0.0001759 secs]
3.907: [GC 3.908: [DefNew: 512K->0K(576K), 0.0001593 secs] 1663K->1151K(1984K), 0.0001992 secs]
3.911: [GC 3.911: [DefNew: 512K->0K(576K), 0.0001457 secs] 1663K->1151K(1984K), 0.0001849 secs]
3.914: [GC 3.914: [DefNew: 512K->0K(576K), 0.0001399 secs] 1663K->1151K(1984K), 0.0001779 secs]
3.917: [GC 3.917: [DefNew: 512K->0K(576K), 0.0001381 secs] 1663K->1151K(1984K), 0.0001762 secs]
3.920: [GC 3.920: [DefNew: 512K->0K(576K), 0.0001415 secs] 1663K->1151K(1984K), 0.0001802 secs]
3.923: [GC 3.923: [DefNew: 512K->0K(576K), 0.0001423 secs] 1663K->1151K(1984K), 0.0001807 secs]
3.926: [GC 3.926: [DefNew: 512K->0K(576K), 0.0001384 secs] 1663K->1151K(1984K), 0.0001762 secs]
3.929: [GC 3.929: [DefNew: 512K->0K(576K), 0.0001614 secs] 1663K->1151K(1984K), 0.0002024 secs]
3.932: [GC 3.932: [DefNew: 512K->0K(576K), 0.0001485 secs] 1663K->1151K(1984K), 0.0002008 secs]
3.935: [GC 3.935: [DefNew: 512K->0K(576K), 0.0001420 secs] 1663K->1151K(1984K), 0.0001802 secs]
3.938: [GC 3.938: [DefNew: 512K->0K(576K), 0.0001809 secs] 1663K->1151K(1984K), 0.0002230 secs]
3.941: [GC 3.941: [DefNew: 512K->0K(576K), 0.0002234 secs] 1663K->1151K(1984K), 0.0002721 secs]
3.945: [GC 3.945: [DefNew: 512K->0K(576K), 0.0002050 secs] 1663K->1151K(1984K), 0.0002512 secs]
3.948: [GC 3.948: [DefNew: 512K->0K(576K), 0.0001428 secs] 1663K->1151K(1984K), 0.0001814 secs]
3.951: [GC 3.951: [DefNew: 512K->0K(576K), 0.0001665 secs] 1663K->1151K(1984K), 0.0002086 secs]
3.954: [GC 3.954: [DefNew: 512K->0K(576K), 0.0001458 secs] 1663K->1151K(1984K), 0.0001851 secs]
3.957: [GC 3.957: [DefNew: 512K->0K(576K), 0.0001875 secs] 1663K->1151K(1984K), 0.0002294 secs]
3.960: [GC 3.960: [DefNew: 512K->0K(576K), 0.0001504 secs] 1663K->1151K(1984K), 0.0001906 secs]
3.963: [GC 3.963: [DefNew: 512K->0K(576K), 0.0001437 secs] 1663K->1151K(1984K), 0.0001826 secs]
3.966: [GC 3.966: [DefNew: 512K->0K(576K), 0.0001481 secs] 1663K->1151K(1984K), 0.0001875 secs]
3.969: [GC 3.969: [DefNew: 512K->0K(576K), 0.0001474 secs] 1663K->1151K(1984K), 0.0001925 secs]
3.972: [GC 3.972: [DefNew: 512K->0K(576K), 0.0001701 secs] 1663K->1151K(1984K), 0.0002125 secs]
3.975: [GC 3.975: [DefNew: 512K->0K(576K), 0.0001408 secs] 1663K->1151K(1984K), 0.0001790 secs]
3.978: [GC 3.978: [DefNew: 512K->0K(576K), 0.0001437 secs] 1663K->1151K(1984K), 0.0001828 secs]
3.981: [GC 3.981: [DefNew: 512K->0K(576K), 0.0001434 secs] 1663K->1151K(1984K), 0.0001821 secs]
3.984: [GC 3.984: [DefNew: 512K->0K(576K), 0.0001601 secs] 1663K->1151K(1984K), 0.0002003 secs]
3.988: [GC 3.988: [DefNew: 512K->0K(576K), 0.0001685 secs] 1663K->1151K(1984K), 0.0002105 secs]
3.991: [GC 3.991: [DefNew: 512K->0K(576K), 0.0001457 secs] 1663K->1151K(1984K), 0.0001839 secs]
3.994: [GC 3.994: [DefNew: 512K->0K(576K), 0.0001446 secs] 1663K->1151K(1984K), 0.0001835 secs]
3.997: [GC 3.997: [DefNew: 512K->0K(576K), 0.0001447 secs] 1663K->1151K(1984K), 0.0001836 secs]
4.000: [GC 4.000: [DefNew: 512K->0K(576K), 0.0001404 secs] 1663K->1151K(1984K), 0.0001774 secs]
4.003: [GC 4.003: [DefNew: 512K->0K(576K), 0.0002027 secs] 1663K->1151K(1984K), 0.0002482 secs]
4.006: [GC 4.006: [DefNew: 512K->0K(576K), 0.0001467 secs] 1663K->1151K(1984K), 0.0001852 secs]
4.009: [GC 4.009: [DefNew: 512K->0K(576K), 0.0001387 secs] 1663K->1151K(1984K), 0.0001770 secs]
4.012: [GC 4.012: [DefNew: 512K->0K(576K), 0.0001408 secs] 1663K->1151K(1984K), 0.0001788 secs]
4.015: [GC 4.015: [DefNew: 512K->0K(576K), 0.0001669 secs] 1663K->1151K(1984K), 0.0002089 secs]
4.018: [GC 4.018: [DefNew: 512K->0K(576K), 0.0001429 secs] 1663K->1151K(1984K), 0.0001818 secs]
4.021: [GC 4.021: [DefNew: 512K->0K(576K), 0.0001430 secs] 1663K->1151K(1984K), 0.0001816 secs]
4.025: [GC 4.025: [DefNew: 512K->0K(576K), 0.0001769 secs] 1663K->1151K(1984K), 0.0002203 secs]
4.028: [GC 4.028: [DefNew: 512K->0K(576K), 0.0001416 secs] 1663K->1151K(1984K), 0.0001806 secs]
4.031: [GC 4.031: [DefNew: 512K->0K(576K), 0.0001394 secs] 1663K->1151K(1984K), 0.0001775 secs]
4.034: [GC 4.034: [DefNew: 512K->0K(576K), 0.0001482 secs] 1663K->1151K(1984K), 0.0001872 secs]
4.037: [GC 4.037: [DefNew: 512K->0K(576K), 0.0001726 secs] 1663K->1151K(1984K), 0.0002158 secs]
4.040: [GC 4.040: [DefNew: 512K->0K(576K), 0.0001424 secs] 1663K->1151K(1984K), 0.0001809 secs]
4.043: [GC 4.043: [DefNew: 512K->0K(576K), 0.0001888 secs] 1663K->1151K(1984K), 0.0002329 secs]
4.046: [GC 4.046: [DefNew: 512K->0K(576K), 0.0002302 secs] 1663K->1151K(1984K), 0.0003051 secs]
4.050: [GC 4.050: [DefNew: 512K->0K(576K), 0.0001711 secs] 1663K->1151K(1984K), 0.0002128 secs]
4.053: [GC 4.053: [DefNew: 512K->0K(576K), 0.0001401 secs] 1663K->1151K(1984K), 0.0001785 secs]
4.056: [GC 4.056: [DefNew: 512K->0K(576K), 0.0001887 secs] 1663K->1151K(1984K), 0.0002354 secs]
4.059: [GC 4.059: [DefNew: 512K->0K(576K), 0.0001588 secs] 1663K->1151K(1984K), 0.0001988 secs]
4.062: [GC 4.062: [DefNew: 512K->0K(576K), 0.0001455 secs] 1663K->1151K(1984K), 0.0001841 secs]
4.065: [GC 4.065: [DefNew: 512K->0K(576K), 0.0002041 secs] 1663K->1151K(1984K), 0.0002505 secs]
4.068: [GC 4.068: [DefNew: 512K->0K(576K), 0.0001640 secs] 1663K->1151K(1984K), 0.0002051 secs]
4.071: [GC 4.071: [DefNew: 512K->0K(576K), 0.0001445 secs] 1663K->1151K(1984K), 0.0001834 secs]
4.074: [GC 4.074: [DefNew: 512K->0K(576K), 0.0001458 secs] 1663K->1151K(1984K), 0.0001836 secs]
4.077: [GC 4.078: [DefNew: 512K->0K(576K), 0.0001623 secs] 1663K->1151K(1984K), 0.0002089 secs]
4.081: [GC 4.081: [DefNew: 512K->0K(576K), 0.0001441 secs] 1663K->1151K(1984K), 0.0001818 secs]
4.084: [GC 4.084: [DefNew: 512K->0K(576K), 0.0001926 secs] 1663K->1151K(1984K), 0.0002365 secs]
4.087: [GC 4.087: [DefNew: 512K->0K(576K), 0.0001431 secs] 1663K->1151K(1984K), 0.0001815 secs]
4.090: [GC 4.090: [DefNew: 512K->0K(576K), 0.0001408 secs] 1663K->1151K(1984K), 0.0001792 secs]
4.093: [GC 4.093: [DefNew: 512K->0K(576K), 0.0001390 secs] 1663K->1151K(1984K), 0.0001769 secs]
4.096: [GC 4.096: [DefNew: 512K->0K(576K), 0.0001423 secs] 1663K->1151K(1984K), 0.0001809 secs]
4.099: [GC 4.099: [DefNew: 512K->0K(576K), 0.0001383 secs] 1663K->1151K(1984K), 0.0001760 secs]
4.102: [GC 4.102: [DefNew: 512K->0K(576K), 0.0001419 secs] 1663K->1151K(1984K), 0.0001805 secs]
4.105: [GC 4.105: [DefNew: 512K->0K(576K), 0.0001376 secs] 1663K->1151K(1984K), 0.0001754 secs]
4.108: [GC 4.108: [DefNew: 512K->0K(576K), 0.0001390 secs] 1663K->1151K(1984K), 0.0001776 secs]
4.111: [GC 4.111: [DefNew: 512K->0K(576K), 0.0001459 secs] 1663K->1151K(1984K), 0.0001852 secs]
4.114: [GC 4.114: [DefNew: 512K->0K(576K), 0.0002108 secs] 1663K->1151K(1984K), 0.0002610 secs]
4.117: [GC 4.117: [DefNew: 512K->0K(576K), 0.0001992 secs] 1663K->1151K(1984K), 0.0002459 secs]
4.120: [GC 4.120: [DefNew: 512K->0K(576K), 0.0001788 secs] 1663K->1151K(1984K), 0.0002223 secs]
4.123: [GC 4.123: [DefNew: 512K->0K(576K), 0.0001483 secs] 1663K->1151K(1984K), 0.0001878 secs]
4.126: [GC 4.126: [DefNew: 512K->0K(576K), 0.0001679 secs] 1663K->1151K(1984K), 0.0002154 secs]
4.129: [GC 4.129: [DefNew: 512K->0K(576K), 0.0001704 secs] 1663K->1151K(1984K), 0.0002174 secs]
4.132: [GC 4.132: [DefNew: 512K->0K(576K), 0.0001553 secs] 1663K->1151K(1984K), 0.0001956 secs]
4.136: [GC 4.136: [DefNew: 512K->0K(576K), 0.0001876 secs] 1663K->1151K(1984K), 0.0002332 secs]
4.139: [GC 4.139: [DefNew: 512K->0K(576K), 0.0001963 secs] 1663K->1151K(1984K), 0.0002446 secs]
4.143: [GC 4.143: [DefNew: 512K->0K(576K), 0.0001915 secs] 1663K->1151K(1984K), 0.0002366 secs]
4.146: [GC 4.146: [DefNew: 512K->0K(576K), 0.0001813 secs] 1663K->1151K(1984K), 0.0002261 secs]
4.149: [GC 4.149: [DefNew: 512K->0K(576K), 0.0001913 secs] 1663K->1151K(1984K), 0.0002382 secs]
4.152: [GC 4.152: [DefNew: 512K->0K(576K), 0.0001959 secs] 1663K->1151K(1984K), 0.0002418 secs]
4.156: [GC 4.156: [DefNew: 512K->0K(576K), 0.0001977 secs] 1663K->1151K(1984K), 0.0002459 secs]
4.159: [GC 4.159: [DefNew: 512K->0K(576K), 0.0001965 secs] 1663K->1151K(1984K), 0.0002431 secs]
4.163: [GC 4.163: [DefNew: 512K->0K(576K), 0.0002139 secs] 1663K->1151K(1984K), 0.0002642 secs]
4.167: [GC 4.167: [DefNew: 512K->0K(576K), 0.0002066 secs] 1663K->1151K(1984K), 0.0002550 secs]
4.170: [GC 4.170: [DefNew: 512K->0K(576K), 0.0001456 secs] 1663K->1151K(1984K), 0.0001842 secs]
4.173: [GC 4.173: [DefNew: 512K->0K(576K), 0.0001682 secs] 1663K->1151K(1984K), 0.0002097 secs]
4.176: [GC 4.176: [DefNew: 512K->0K(576K), 0.0001397 secs] 1663K->1151K(1984K), 0.0001779 secs]
4.179: [GC 4.179: [DefNew: 512K->0K(576K), 0.0001413 secs] 1663K->1151K(1984K), 0.0001795 secs]
4.182: [GC 4.182: [DefNew: 512K->0K(576K), 0.0001729 secs] 1663K->1151K(1984K), 0.0002150 secs]
4.185: [GC 4.185: [DefNew: 512K->0K(576K), 0.0001524 secs] 1663K->1151K(1984K), 0.0001931 secs]
4.188: [GC 4.188: [DefNew: 512K->0K(576K), 0.0001581 secs] 1663K->1151K(1984K), 0.0001994 secs]
4.192: [GC 4.192: [DefNew: 512K->0K(576K), 0.0002042 secs] 1663K->1151K(1984K), 0.0002513 secs]
4.195: [GC 4.195: [DefNew: 512K->0K(576K), 0.0001416 secs] 1663K->1151K(1984K), 0.0001801 secs]
4.198: [GC 4.198: [DefNew: 512K->0K(576K), 0.0001396 secs] 1663K->1151K(1984K), 0.0001910 secs]
4.201: [GC 4.201: [DefNew: 512K->0K(576K), 0.0001473 secs] 1663K->1151K(1984K), 0.0001872 secs]
4.204: [GC 4.204: [DefNew: 512K->0K(576K), 0.0001650 secs] 1663K->1151K(1984K), 0.0002055 secs]
4.207: [GC 4.207: [DefNew: 512K->0K(576K), 0.0001422 secs] 1663K->1151K(1984K), 0.0001809 secs]
4.210: [GC 4.210: [DefNew: 512K->0K(576K), 0.0001387 secs] 1663K->1151K(1984K), 0.0001773 secs]
4.213: [GC 4.213: [DefNew: 512K->0K(576K), 0.0001676 secs] 1663K->1151K(1984K), 0.0002090 secs]
4.216: [GC 4.216: [DefNew: 512K->0K(576K), 0.0001391 secs] 1663K->1151K(1984K), 0.0001771 secs]
4.219: [GC 4.219: [DefNew: 512K->0K(576K), 0.0001390 secs] 1663K->1151K(1984K), 0.0001766 secs]
4.223: [GC 4.223: [DefNew: 512K->0K(576K), 0.0001521 secs] 1663K->1151K(1984K), 0.0001922 secs]
4.226: [GC 4.226: [DefNew: 512K->0K(576K), 0.0001627 secs] 1663K->1151K(1984K), 0.0002042 secs]
4.229: [GC 4.229: [DefNew: 512K->0K(576K), 0.0001393 secs] 1663K->1151K(1984K), 0.0001773 secs]
4.232: [GC 4.232: [DefNew: 512K->0K(576K), 0.0001452 secs] 1663K->1151K(1984K), 0.0001830 secs]
4.235: [GC 4.235: [DefNew: 512K->0K(576K), 0.0001709 secs] 1663K->1151K(1984K), 0.0002123 secs]
4.238: [GC 4.238: [DefNew: 512K->0K(576K), 0.0001399 secs] 1663K->1151K(1984K), 0.0001825 secs]
4.241: [GC 4.241: [DefNew: 512K->0K(576K), 0.0001374 secs] 1663K->1151K(1984K), 0.0001747 secs]
4.244: [GC 4.244: [DefNew: 512K->0K(576K), 0.0001595 secs] 1663K->1151K(1984K), 0.0002001 secs]
4.247: [GC 4.247: [DefNew: 512K->0K(576K), 0.0001407 secs] 1663K->1151K(1984K), 0.0001786 secs]
4.250: [GC 4.250: [DefNew: 512K->0K(576K), 0.0001390 secs] 1663K->1151K(1984K), 0.0001766 secs]
4.253: [GC 4.253: [DefNew: 512K->0K(576K), 0.0001718 secs] 1663K->1151K(1984K), 0.0002134 secs]
4.256: [GC 4.256: [DefNew: 512K->0K(576K), 0.0001784 secs] 1663K->1151K(1984K), 0.0002200 secs]
4.259: [GC 4.259: [DefNew: 512K->0K(576K), 0.0001735 secs] 1663K->1151K(1984K), 0.0002152 secs]
4.263: [GC 4.263: [DefNew: 512K->0K(576K), 0.0001411 secs] 1663K->1151K(1984K), 0.0001795 secs]
4.266: [GC 4.266: [DefNew: 512K->0K(576K), 0.0002256 secs] 1663K->1151K(1984K), 0.0002753 secs]
4.269: [GC 4.269: [DefNew: 512K->0K(576K), 0.0001481 secs] 1663K->1151K(1984K), 0.0001875 secs]
4.272: [GC 4.272: [DefNew: 512K->0K(576K), 0.0001446 secs] 1663K->1151K(1984K), 0.0001833 secs]
4.275: [GC 4.275: [DefNew: 512K->0K(576K), 0.0001738 secs] 1663K->1151K(1984K), 0.0002131 secs]
4.278: [GC 4.278: [DefNew: 512K->0K(576K), 0.0001613 secs] 1663K->1151K(1984K), 0.0002022 secs]
4.281: [GC 4.281: [DefNew: 512K->0K(576K), 0.0001547 secs] 1663K->1151K(1984K), 0.0001950 secs]
4.284: [GC 4.284: [DefNew: 512K->0K(576K), 0.0001391 secs] 1663K->1151K(1984K), 0.0001774 secs]
4.287: [GC 4.287: [DefNew: 512K->0K(576K), 0.0001675 secs] 1663K->1151K(1984K), 0.0002098 secs]
4.290: [GC 4.290: [DefNew: 512K->0K(576K), 0.0001516 secs] 1663K->1151K(1984K), 0.0001908 secs]
4.293: [GC 4.293: [DefNew: 512K->0K(576K), 0.0001440 secs] 1663K->1151K(1984K), 0.0001820 secs]
4.296: [GC 4.297: [DefNew: 512K->0K(576K), 0.0001597 secs] 1663K->1151K(1984K), 0.0002004 secs]
4.300: [GC 4.300: [DefNew: 512K->0K(576K), 0.0001426 secs] 1663K->1151K(1984K), 0.0001814 secs]
4.303: [GC 4.303: [DefNew: 512K->0K(576K), 0.0001425 secs] 1663K->1151K(1984K), 0.0001807 secs]
4.306: [GC 4.306: [DefNew: 512K->0K(576K), 0.0001407 secs] 1663K->1151K(1984K), 0.0001791 secs]
4.309: [GC 4.309: [DefNew: 512K->0K(576K), 0.0001808 secs] 1663K->1151K(1984K), 0.0002238 secs]
4.312: [GC 4.312: [DefNew: 512K->0K(576K), 0.0001448 secs] 1663K->1151K(1984K), 0.0001847 secs]
4.315: [GC 4.315: [DefNew: 512K->0K(576K), 0.0001794 secs] 1663K->1151K(1984K), 0.0002233 secs]
4.318: [GC 4.318: [DefNew: 512K->0K(576K), 0.0002039 secs] 1663K->1151K(1984K), 0.0002495 secs]
4.321: [GC 4.321: [DefNew: 512K->0K(576K), 0.0002054 secs] 1663K->1151K(1984K), 0.0002448 secs]
4.324: [GC 4.324: [DefNew: 512K->0K(576K), 0.0001465 secs] 1663K->1151K(1984K), 0.0001861 secs]
4.327: [GC 4.327: [DefNew: 512K->0K(576K), 0.0001393 secs] 1663K->1151K(1984K), 0.0001778 secs]
4.330: [GC 4.330: [DefNew: 512K->0K(576K), 0.0001764 secs] 1663K->1151K(1984K), 0.0002309 secs]
4.333: [GC 4.333: [DefNew: 512K->0K(576K), 0.0001408 secs] 1663K->1151K(1984K), 0.0001791 secs]
4.336: [GC 4.336: [DefNew: 512K->0K(576K), 0.0001377 secs] 1663K->1151K(1984K), 0.0001753 secs]
4.339: [GC 4.340: [DefNew: 512K->0K(576K), 0.0001623 secs] 1663K->1151K(1984K), 0.0002025 secs]
4.343: [GC 4.343: [DefNew: 512K->0K(576K), 0.0001419 secs] 1663K->1151K(1984K), 0.0001805 secs]
4.346: [GC 4.346: [DefNew: 512K->0K(576K), 0.0001389 secs] 1663K->1151K(1984K), 0.0001766 secs]
4.349: [GC 4.349: [DefNew: 512K->0K(576K), 0.0001571 secs] 1663K->1151K(1984K), 0.0001969 secs]
4.352: [GC 4.352: [DefNew: 512K->0K(576K), 0.0001674 secs] 1663K->1151K(1984K), 0.0002091 secs]
4.355: [GC 4.355: [DefNew: 512K->0K(576K), 0.0001483 secs] 1663K->1151K(1984K), 0.0001882 secs]
4.358: [GC 4.358: [DefNew: 512K->0K(576K), 0.0001593 secs] 1663K->1151K(1984K), 0.0001992 secs]
4.361: [GC 4.361: [DefNew: 512K->0K(576K), 0.0001905 secs] 1663K->1151K(1984K), 0.0002349 secs]
4.364: [GC 4.364: [DefNew: 512K->0K(576K), 0.0001416 secs] 1663K->1151K(1984K), 0.0001801 secs]
4.367: [GC 4.367: [DefNew: 512K->0K(576K), 0.0001408 secs] 1663K->1151K(1984K), 0.0001786 secs]
4.370: [GC 4.370: [DefNew: 512K->0K(576K), 0.0001617 secs] 1663K->1151K(1984K), 0.0002033 secs]
4.373: [GC 4.373: [DefNew: 512K->0K(576K), 0.0001458 secs] 1663K->1151K(1984K), 0.0001843 secs]
4.376: [GC 4.376: [DefNew: 512K->0K(576K), 0.0001400 secs] 1663K->1151K(1984K), 0.0001792 secs]
4.380: [GC 4.380: [DefNew: 512K->0K(576K), 0.0001884 secs] 1663K->1151K(1984K), 0.0002325 secs]
4.383: [GC 4.383: [DefNew: 512K->0K(576K), 0.0001710 secs] 1663K->1151K(1984K), 0.0002126 secs]
4.386: [GC 4.386: [DefNew: 512K->0K(576K), 0.0001440 secs] 1663K->1151K(1984K), 0.0001821 secs]
4.389: [GC 4.389: [DefNew: 512K->0K(576K), 0.0001429 secs] 1663K->1151K(1984K), 0.0001875 secs]
4.392: [GC 4.392: [DefNew: 512K->0K(576K), 0.0001952 secs] 1663K->1151K(1984K), 0.0002385 secs]
4.395: [GC 4.395: [DefNew: 512K->0K(576K), 0.0001771 secs] 1663K->1151K(1984K), 0.0002203 secs]
4.398: [GC 4.398: [DefNew: 512K->0K(576K), 0.0001808 secs] 1663K->1151K(1984K), 0.0002233 secs]
4.401: [GC 4.401: [DefNew: 512K->0K(576K), 0.0001781 secs] 1663K->1151K(1984K), 0.0002201 secs]
4.404: [GC 4.404: [DefNew: 512K->0K(576K), 0.0001472 secs] 1663K->1151K(1984K), 0.0001863 secs]
4.408: [GC 4.408: [DefNew: 512K->0K(576K), 0.0001402 secs] 1663K->1151K(1984K), 0.0001779 secs]
4.411: [GC 4.411: [DefNew: 512K->0K(576K), 0.0001379 secs] 1663K->1151K(1984K), 0.0001751 secs]
4.414: [GC 4.414: [DefNew: 512K->0K(576K), 0.0001788 secs] 1663K->1151K(1984K), 0.0002229 secs]
4.417: [GC 4.417: [DefNew: 512K->0K(576K), 0.0001424 secs] 1663K->1151K(1984K), 0.0001810 secs]
4.420: [GC 4.420: [DefNew: 512K->0K(576K), 0.0001397 secs] 1663K->1151K(1984K), 0.0001780 secs]
4.423: [GC 4.423: [DefNew: 512K->0K(576K), 0.0001752 secs] 1663K->1151K(1984K), 0.0002180 secs]
4.426: [GC 4.426: [DefNew: 512K->0K(576K), 0.0001428 secs] 1663K->1151K(1984K), 0.0001815 secs]
4.429: [GC 4.429: [DefNew: 512K->0K(576K), 0.0001389 secs] 1663K->1151K(1984K), 0.0001766 secs]
4.432: [GC 4.432: [DefNew: 512K->0K(576K), 0.0001392 secs] 1663K->1151K(1984K), 0.0001772 secs]
4.435: [GC 4.435: [DefNew: 512K->0K(576K), 0.0001641 secs] 1663K->1151K(1984K), 0.0002065 secs]
4.438: [GC 4.438: [DefNew: 512K->0K(576K), 0.0001538 secs] 1663K->1151K(1984K), 0.0001924 secs]
4.441: [GC 4.441: [DefNew: 512K->0K(576K), 0.0001982 secs] 1663K->1151K(1984K), 0.0002438 secs]
4.444: [GC 4.445: [DefNew: 512K->0K(576K), 0.0001940 secs] 1663K->1151K(1984K), 0.0002382 secs]
4.448: [GC 4.448: [DefNew: 512K->0K(576K), 0.0001413 secs] 1663K->1151K(1984K), 0.0001799 secs]
4.451: [GC 4.451: [DefNew: 512K->0K(576K), 0.0001386 secs] 1663K->1151K(1984K), 0.0001763 secs]
4.454: [GC 4.454: [DefNew: 512K->0K(576K), 0.0001529 secs] 1663K->1151K(1984K), 0.0001934 secs]
4.457: [GC 4.457: [DefNew: 512K->0K(576K), 0.0001474 secs] 1663K->1151K(1984K), 0.0001883 secs]
4.460: [GC 4.460: [DefNew: 512K->0K(576K), 0.0001668 secs] 1663K->1151K(1984K), 0.0002086 secs]
4.463: [GC 4.463: [DefNew: 512K->0K(576K), 0.0001421 secs] 1663K->1151K(1984K), 0.0001811 secs]
4.466: [GC 4.466: [DefNew: 512K->0K(576K), 0.0001402 secs] 1663K->1151K(1984K), 0.0001790 secs]
4.469: [GC 4.469: [DefNew: 512K->0K(576K), 0.0001673 secs] 1663K->1151K(1984K), 0.0002091 secs]
4.472: [GC 4.472: [DefNew: 512K->0K(576K), 0.0001511 secs] 1663K->1151K(1984K), 0.0001910 secs]
4.475: [GC 4.475: [DefNew: 512K->0K(576K), 0.0002130 secs] 1663K->1151K(1984K), 0.0002603 secs]
4.478: [GC 4.478: [DefNew: 512K->0K(576K), 0.0002013 secs] 1663K->1151K(1984K), 0.0002493 secs]
4.482: [GC 4.482: [DefNew: 512K->0K(576K), 0.0002211 secs] 1663K->1151K(1984K), 0.0002697 secs]
4.486: [GC 4.486: [DefNew: 512K->0K(576K), 0.0002223 secs] 1663K->1151K(1984K), 0.0003423 secs]
4.489: [GC 4.489: [DefNew: 512K->0K(576K), 0.0004579 secs] 1663K->1151K(1984K), 0.0004995 secs]
4.493: [GC 4.493: [DefNew: 512K->0K(576K), 0.0002161 secs] 1663K->1151K(1984K), 0.0002630 secs]
4.496: [GC 4.496: [DefNew: 512K->0K(576K), 0.0001968 secs] 1663K->1151K(1984K), 0.0002428 secs]
4.499: [GC 4.499: [DefNew: 512K->0K(576K), 0.0002092 secs] 1663K->1151K(1984K), 0.0002578 secs]
4.503: [GC 4.503: [DefNew: 512K->0K(576K), 0.0002044 secs] 1663K->1151K(1984K), 0.0002527 secs]
4.506: [GC 4.506: [DefNew: 512K->0K(576K), 0.0002087 secs] 1663K->1151K(1984K), 0.0002565 secs]
4.510: [GC 4.510: [DefNew: 512K->0K(576K), 0.0002105 secs] 1663K->1151K(1984K), 0.0002579 secs]
4.513: [GC 4.513: [DefNew: 512K->0K(576K), 0.0002096 secs] 1663K->1151K(1984K), 0.0002565 secs]
4.516: [GC 4.516: [DefNew: 512K->0K(576K), 0.0002142 secs] 1663K->1151K(1984K), 0.0002607 secs]
4.520: [GC 4.520: [DefNew: 512K->0K(576K), 0.0002176 secs] 1663K->1151K(1984K), 0.0002687 secs]
4.523: [GC 4.523: [DefNew: 512K->0K(576K), 0.0002046 secs] 1663K->1151K(1984K), 0.0002527 secs]
4.526: [GC 4.527: [DefNew: 512K->0K(576K), 0.0001836 secs] 1663K->1151K(1984K), 0.0002274 secs]
4.530: [GC 4.530: [DefNew: 512K->0K(576K), 0.0002140 secs] 1663K->1151K(1984K), 0.0002615 secs]
4.533: [GC 4.533: [DefNew: 512K->0K(576K), 0.0001796 secs] 1663K->1151K(1984K), 0.0002223 secs]
4.536: [GC 4.536: [DefNew: 512K->0K(576K), 0.0001664 secs] 1663K->1151K(1984K), 0.0002082 secs]
4.540: [GC 4.540: [DefNew: 512K->0K(576K), 0.0001966 secs] 1663K->1151K(1984K), 0.0002434 secs]
4.543: [GC 4.543: [DefNew: 512K->0K(576K), 0.0001874 secs] 1663K->1151K(1984K), 0.0002326 secs]
4.546: [GC 4.546: [DefNew: 512K->0K(576K), 0.0001763 secs] 1663K->1151K(1984K), 0.0002185 secs]
4.550: [GC 4.550: [DefNew: 512K->0K(576K), 0.0001878 secs] 1663K->1151K(1984K), 0.0002330 secs]
4.553: [GC 4.553: [DefNew: 512K->0K(576K), 0.0001742 secs] 1663K->1151K(1984K), 0.0002165 secs]
4.556: [GC 4.556: [DefNew: 512K->0K(576K), 0.0001740 secs] 1663K->1151K(1984K), 0.0002177 secs]
4.562: [GC 4.562: [DefNew: 512K->0K(576K), 0.0002502 secs] 1663K->1151K(1984K), 0.0003040 secs]
4.568: [GC 4.568: [DefNew: 512K->0K(576K), 0.0002320 secs] 1663K->1151K(1984K), 0.0002828 secs]
4.571: [GC 4.571: [DefNew: 512K->0K(576K), 0.0002247 secs] 1663K->1151K(1984K), 0.0002727 secs]
4.574: [GC 4.575: [DefNew: 512K->0K(576K), 0.0001981 secs] 1663K->1151K(1984K), 0.0002428 secs]
4.578: [GC 4.578: [DefNew: 512K->0K(576K), 0.0001966 secs] 1663K->1151K(1984K), 0.0002420 secs]
4.581: [GC 4.581: [DefNew: 512K->0K(576K), 0.0002184 secs] 1663K->1151K(1984K), 0.0002648 secs]
4.584: [GC 4.584: [DefNew: 512K->0K(576K), 0.0001871 secs] 1663K->1151K(1984K), 0.0002315 secs]
4.587: [GC 4.587: [DefNew: 512K->0K(576K), 0.0001809 secs] 1663K->1151K(1984K), 0.0002267 secs]
4.591: [GC 4.591: [DefNew: 512K->0K(576K), 0.0002088 secs] 1663K->1151K(1984K), 0.0002576 secs]
4.594: [GC 4.594: [DefNew: 512K->0K(576K), 0.0002235 secs] 1663K->1151K(1984K), 0.0002715 secs]
4.598: [GC 4.598: [DefNew: 512K->0K(576K), 0.0002050 secs] 1663K->1151K(1984K), 0.0002529 secs]
4.601: [GC 4.601: [DefNew: 512K->0K(576K), 0.0002214 secs] 1663K->1151K(1984K), 0.0002701 secs]
4.604: [GC 4.604: [DefNew: 512K->0K(576K), 0.0002053 secs] 1663K->1151K(1984K), 0.0002530 secs]
4.608: [GC 4.608: [DefNew: 512K->0K(576K), 0.0002039 secs] 1663K->1151K(1984K), 0.0002582 secs]
4.611: [GC 4.611: [DefNew: 512K->0K(576K), 0.0001592 secs] 1663K->1151K(1984K), 0.0002003 secs]
4.614: [GC 4.614: [DefNew: 512K->0K(576K), 0.0001511 secs] 1663K->1151K(1984K), 0.0001909 secs]
4.617: [GC 4.617: [DefNew: 512K->0K(576K), 0.0001407 secs] 1663K->1151K(1984K), 0.0001787 secs]
4.620: [GC 4.620: [DefNew: 512K->0K(576K), 0.0001395 secs] 1663K->1151K(1984K), 0.0001773 secs]
4.623: [GC 4.623: [DefNew: 512K->0K(576K), 0.0001677 secs] 1663K->1151K(1984K), 0.0002102 secs]
4.627: [GC 4.627: [DefNew: 512K->0K(576K), 0.0001958 secs] 1663K->1151K(1984K), 0.0002412 secs]
4.630: [GC 4.630: [DefNew: 512K->0K(576K), 0.0001473 secs] 1663K->1151K(1984K), 0.0001861 secs]
4.633: [GC 4.633: [DefNew: 512K->0K(576K), 0.0001427 secs] 1663K->1151K(1984K), 0.0001810 secs]
4.636: [GC 4.636: [DefNew: 512K->0K(576K), 0.0001374 secs] 1663K->1151K(1984K), 0.0001752 secs]
4.639: [GC 4.639: [DefNew: 512K->0K(576K), 0.0001412 secs] 1663K->1151K(1984K), 0.0001788 secs]
4.642: [GC 4.642: [DefNew: 512K->0K(576K), 0.0001891 secs] 1663K->1151K(1984K), 0.0002323 secs]
4.646: [GC 4.646: [DefNew: 512K->0K(576K), 0.0001596 secs] 1663K->1151K(1984K), 0.0002009 secs]
4.649: [GC 4.649: [DefNew: 512K->0K(576K), 0.0001395 secs] 1663K->1151K(1984K), 0.0001774 secs]
4.652: [GC 4.652: [DefNew: 512K->0K(576K), 0.0001388 secs] 1663K->1151K(1984K), 0.0001767 secs]
4.655: [GC 4.655: [DefNew: 512K->0K(576K), 0.0001687 secs] 1663K->1151K(1984K), 0.0002099 secs]
4.658: [GC 4.658: [DefNew: 512K->0K(576K), 0.0001408 secs] 1663K->1151K(1984K), 0.0001793 secs]
4.661: [GC 4.661: [DefNew: 512K->0K(576K), 0.0001872 secs] 1663K->1151K(1984K), 0.0002303 secs]
4.665: [GC 4.665: [DefNew: 512K->0K(576K), 0.0001848 secs] 1663K->1151K(1984K), 0.0002284 secs]
4.668: [GC 4.668: [DefNew: 512K->0K(576K), 0.0001429 secs] 1663K->1151K(1984K), 0.0001815 secs]
4.671: [GC 4.671: [DefNew: 512K->0K(576K), 0.0001445 secs] 1663K->1151K(1984K), 0.0001841 secs]
4.675: [GC 4.675: [DefNew: 512K->0K(576K), 0.0002321 secs] 1663K->1151K(1984K), 0.0002796 secs]
4.678: [GC 4.678: [DefNew: 512K->0K(576K), 0.0001983 secs] 1663K->1151K(1984K), 0.0002457 secs]
4.681: [GC 4.681: [DefNew: 512K->0K(576K), 0.0001501 secs] 1663K->1151K(1984K), 0.0001897 secs]
4.684: [GC 4.684: [DefNew: 512K->0K(576K), 0.0001444 secs] 1663K->1151K(1984K), 0.0001831 secs]
4.688: [GC 4.688: [DefNew: 512K->0K(576K), 0.0002122 secs] 1663K->1151K(1984K), 0.0002578 secs]
4.691: [GC 4.691: [DefNew: 512K->0K(576K), 0.0001613 secs] 1663K->1151K(1984K), 0.0002007 secs]
4.694: [GC 4.694: [DefNew: 512K->0K(576K), 0.0001782 secs] 1663K->1151K(1984K), 0.0002226 secs]
4.698: [GC 4.698: [DefNew: 512K->0K(576K), 0.0001603 secs] 1663K->1151K(1984K), 0.0002017 secs]
4.701: [GC 4.701: [DefNew: 512K->0K(576K), 0.0001396 secs] 1663K->1151K(1984K), 0.0001774 secs]
4.704: [GC 4.704: [DefNew: 512K->0K(576K), 0.0001506 secs] 1663K->1151K(1984K), 0.0001900 secs]
4.707: [GC 4.707: [DefNew: 512K->0K(576K), 0.0001666 secs] 1663K->1151K(1984K), 0.0002078 secs]
4.710: [GC 4.710: [DefNew: 512K->0K(576K), 0.0001403 secs] 1663K->1151K(1984K), 0.0001785 secs]
4.713: [GC 4.713: [DefNew: 512K->0K(576K), 0.0001382 secs] 1663K->1151K(1984K), 0.0001766 secs]
4.716: [GC 4.716: [DefNew: 512K->0K(576K), 0.0001462 secs] 1663K->1151K(1984K), 0.0001855 secs]
4.719: [GC 4.719: [DefNew: 512K->0K(576K), 0.0001435 secs] 1663K->1151K(1984K), 0.0001822 secs]
4.722: [GC 4.722: [DefNew: 512K->0K(576K), 0.0001492 secs] 1663K->1151K(1984K), 0.0001886 secs]
4.725: [GC 4.725: [DefNew: 512K->0K(576K), 0.0001402 secs] 1663K->1151K(1984K), 0.0001791 secs]
4.728: [GC 4.728: [DefNew: 512K->0K(576K), 0.0001831 secs] 1663K->1151K(1984K), 0.0002251 secs]
4.732: [GC 4.732: [DefNew: 512K->0K(576K), 0.0001539 secs] 1663K->1151K(1984K), 0.0001934 secs]
4.735: [GC 4.735: [DefNew: 512K->0K(576K), 0.0001440 secs] 1663K->1151K(1984K), 0.0001824 secs]
4.738: [GC 4.738: [DefNew: 512K->0K(576K), 0.0001580 secs] 1663K->1151K(1984K), 0.0001975 secs]
4.741: [GC 4.741: [DefNew: 512K->0K(576K), 0.0001536 secs] 1663K->1151K(1984K), 0.0001935 secs]
4.744: [GC 4.744: [DefNew: 512K->0K(576K), 0.0001524 secs] 1663K->1151K(1984K), 0.0002037 secs]
"Elapsed time: 975.45507 msecs"
(used:1M/0M [1M,31M ])
[INFO Var Test]
4.752: [GC 4.752: [DefNew: 512K->0K(576K), 0.0003651 secs] 1663K->1151K(1984K), 0.0004136 secs]
4.755: [GC 4.755: [DefNew: 512K->0K(576K), 0.0001655 secs] 1663K->1151K(1984K), 0.0002071 secs]
4.758: [GC 4.758: [DefNew: 512K->0K(576K), 0.0001683 secs] 1663K->1151K(1984K), 0.0002149 secs]
4.763: [GC 4.763: [DefNew: 512K->0K(576K), 0.0001921 secs] 1663K->1151K(1984K), 0.0002358 secs]
4.766: [GC 4.766: [DefNew: 512K->0K(576K), 0.0001841 secs] 1663K->1151K(1984K), 0.0002288 secs]
4.769: [GC 4.769: [DefNew: 512K->0K(576K), 0.0001622 secs] 1663K->1151K(1984K), 0.0002013 secs]
4.772: [GC 4.773: [DefNew: 512K->0K(576K), 0.0001892 secs] 1663K->1151K(1984K), 0.0002325 secs]
4.776: [GC 4.776: [DefNew: 512K->0K(576K), 0.0001789 secs] 1663K->1151K(1984K), 0.0002212 secs]
4.779: [GC 4.779: [DefNew: 512K->0K(576K), 0.0001918 secs] 1663K->1151K(1984K), 0.0002373 secs]
4.783: [GC 4.783: [DefNew: 512K->0K(576K), 0.0002063 secs] 1663K->1151K(1984K), 0.0002506 secs]
4.786: [GC 4.786: [DefNew: 512K->0K(576K), 0.0001724 secs] 1663K->1151K(1984K), 0.0002141 secs]
4.790: [GC 4.790: [DefNew: 512K->0K(576K), 0.0001805 secs] 1663K->1151K(1984K), 0.0002243 secs]
4.793: [GC 4.793: [DefNew: 512K->0K(576K), 0.0001738 secs] 1663K->1151K(1984K), 0.0002456 secs]
4.796: [GC 4.796: [DefNew: 512K->0K(576K), 0.0001758 secs] 1663K->1151K(1984K), 0.0002178 secs]
4.800: [GC 4.800: [DefNew: 512K->0K(576K), 0.0001900 secs] 1663K->1151K(1984K), 0.0002370 secs]
4.803: [GC 4.803: [DefNew: 512K->0K(576K), 0.0001989 secs] 1663K->1151K(1984K), 0.0002432 secs]
4.806: [GC 4.806: [DefNew: 512K->0K(576K), 0.0001463 secs] 1663K->1151K(1984K), 0.0001852 secs]
4.809: [GC 4.809: [DefNew: 512K->0K(576K), 0.0001419 secs] 1663K->1151K(1984K), 0.0001810 secs]
4.812: [GC 4.812: [DefNew: 512K->0K(576K), 0.0001396 secs] 1663K->1151K(1984K), 0.0001777 secs]
4.815: [GC 4.815: [DefNew: 512K->0K(576K), 0.0001898 secs] 1663K->1151K(1984K), 0.0002343 secs]
4.819: [GC 4.819: [DefNew: 512K->0K(576K), 0.0001444 secs] 1663K->1151K(1984K), 0.0001828 secs]
4.822: [GC 4.822: [DefNew: 512K->0K(576K), 0.0001453 secs] 1663K->1151K(1984K), 0.0001840 secs]
4.825: [GC 4.825: [DefNew: 512K->0K(576K), 0.0001390 secs] 1663K->1151K(1984K), 0.0001768 secs]
4.828: [GC 4.828: [DefNew: 512K->0K(576K), 0.0001464 secs] 1663K->1151K(1984K), 0.0001849 secs]
4.831: [GC 4.831: [DefNew: 512K->0K(576K), 0.0001797 secs] 1663K->1151K(1984K), 0.0002230 secs]
4.834: [GC 4.834: [DefNew: 512K->0K(576K), 0.0001521 secs] 1663K->1151K(1984K), 0.0001920 secs]
4.837: [GC 4.837: [DefNew: 512K->0K(576K), 0.0001791 secs] 1663K->1151K(1984K), 0.0002226 secs]
4.840: [GC 4.840: [DefNew: 512K->0K(576K), 0.0001496 secs] 1663K->1151K(1984K), 0.0001885 secs]
4.844: [GC 4.844: [DefNew: 512K->0K(576K), 0.0001688 secs] 1663K->1151K(1984K), 0.0002102 secs]
4.847: [GC 4.847: [DefNew: 512K->0K(576K), 0.0001401 secs] 1663K->1151K(1984K), 0.0001785 secs]
4.850: [GC 4.850: [DefNew: 512K->0K(576K), 0.0001403 secs] 1663K->1151K(1984K), 0.0001783 secs]
4.853: [GC 4.853: [DefNew: 512K->0K(576K), 0.0001965 secs] 1663K->1151K(1984K), 0.0002429 secs]
4.857: [GC 4.857: [DefNew: 512K->0K(576K), 0.0001430 secs] 1663K->1151K(1984K), 0.0001810 secs]
4.860: [GC 4.860: [DefNew: 512K->0K(576K), 0.0001526 secs] 1663K->1151K(1984K), 0.0001926 secs]
4.863: [GC 4.863: [DefNew: 512K->0K(576K), 0.0001901 secs] 1663K->1151K(1984K), 0.0002337 secs]
4.866: [GC 4.866: [DefNew: 512K->0K(576K), 0.0001445 secs] 1663K->1151K(1984K), 0.0001825 secs]
4.869: [GC 4.869: [DefNew: 512K->0K(576K), 0.0001389 secs] 1663K->1151K(1984K), 0.0001768 secs]
4.872: [GC 4.872: [DefNew: 512K->0K(576K), 0.0001392 secs] 1663K->1151K(1984K), 0.0001773 secs]
4.875: [GC 4.875: [DefNew: 512K->0K(576K), 0.0001487 secs] 1663K->1151K(1984K), 0.0001893 secs]
4.878: [GC 4.878: [DefNew: 512K->0K(576K), 0.0001827 secs] 1663K->1151K(1984K), 0.0002257 secs]
4.882: [GC 4.882: [DefNew: 512K->0K(576K), 0.0001448 secs] 1663K->1151K(1984K), 0.0001837 secs]
4.885: [GC 4.885: [DefNew: 512K->0K(576K), 0.0001647 secs] 1663K->1151K(1984K), 0.0002153 secs]
4.888: [GC 4.888: [DefNew: 512K->0K(576K), 0.0001481 secs] 1663K->1151K(1984K), 0.0001878 secs]
4.891: [GC 4.891: [DefNew: 512K->0K(576K), 0.0001468 secs] 1663K->1151K(1984K), 0.0001863 secs]
4.894: [GC 4.894: [DefNew: 512K->0K(576K), 0.0001469 secs] 1663K->1151K(1984K), 0.0001858 secs]
4.897: [GC 4.897: [DefNew: 512K->0K(576K), 0.0001721 secs] 1663K->1151K(1984K), 0.0002110 secs]
4.900: [GC 4.900: [DefNew: 512K->0K(576K), 0.0001527 secs] 1663K->1151K(1984K), 0.0001922 secs]
4.903: [GC 4.903: [DefNew: 512K->0K(576K), 0.0001445 secs] 1663K->1151K(1984K), 0.0001832 secs]
4.906: [GC 4.906: [DefNew: 512K->0K(576K), 0.0001472 secs] 1663K->1151K(1984K), 0.0001870 secs]
4.909: [GC 4.909: [DefNew: 512K->0K(576K), 0.0001463 secs] 1663K->1151K(1984K), 0.0001850 secs]
4.912: [GC 4.912: [DefNew: 512K->0K(576K), 0.0001549 secs] 1663K->1151K(1984K), 0.0001955 secs]
4.916: [GC 4.916: [DefNew: 512K->0K(576K), 0.0001652 secs] 1663K->1151K(1984K), 0.0002073 secs]
4.919: [GC 4.919: [DefNew: 512K->0K(576K), 0.0001425 secs] 1663K->1151K(1984K), 0.0001808 secs]
4.922: [GC 4.922: [DefNew: 512K->0K(576K), 0.0001545 secs] 1663K->1151K(1984K), 0.0001948 secs]
4.925: [GC 4.925: [DefNew: 512K->0K(576K), 0.0002146 secs] 1663K->1151K(1984K), 0.0002562 secs]
4.928: [GC 4.928: [DefNew: 512K->0K(576K), 0.0001531 secs] 1663K->1151K(1984K), 0.0001929 secs]
4.931: [GC 4.931: [DefNew: 512K->0K(576K), 0.0001454 secs] 1663K->1151K(1984K), 0.0001844 secs]
4.934: [GC 4.934: [DefNew: 512K->0K(576K), 0.0001398 secs] 1663K->1151K(1984K), 0.0001779 secs]
4.937: [GC 4.937: [DefNew: 512K->0K(576K), 0.0001606 secs] 1663K->1151K(1984K), 0.0002027 secs]
4.941: [GC 4.941: [DefNew: 512K->0K(576K), 0.0001969 secs] 1663K->1151K(1984K), 0.0002407 secs]
4.944: [GC 4.944: [DefNew: 512K->0K(576K), 0.0001589 secs] 1663K->1151K(1984K), 0.0001981 secs]
4.947: [GC 4.947: [DefNew: 512K->0K(576K), 0.0001689 secs] 1663K->1151K(1984K), 0.0002114 secs]
4.950: [GC 4.950: [DefNew: 512K->0K(576K), 0.0001442 secs] 1663K->1151K(1984K), 0.0001830 secs]
4.953: [GC 4.953: [DefNew: 512K->0K(576K), 0.0001401 secs] 1663K->1151K(1984K), 0.0001779 secs]
4.956: [GC 4.956: [DefNew: 512K->0K(576K), 0.0001595 secs] 1663K->1151K(1984K), 0.0002088 secs]
4.959: [GC 4.959: [DefNew: 512K->0K(576K), 0.0001725 secs] 1663K->1151K(1984K), 0.0002149 secs]
4.962: [GC 4.962: [DefNew: 512K->0K(576K), 0.0001748 secs] 1663K->1151K(1984K), 0.0002163 secs]
4.966: [GC 4.966: [DefNew: 512K->0K(576K), 0.0001422 secs] 1663K->1151K(1984K), 0.0001811 secs]
4.969: [GC 4.969: [DefNew: 512K->0K(576K), 0.0001634 secs] 1663K->1151K(1984K), 0.0002045 secs]
4.972: [GC 4.972: [DefNew: 512K->0K(576K), 0.0001437 secs] 1663K->1151K(1984K), 0.0001823 secs]
4.975: [GC 4.975: [DefNew: 512K->0K(576K), 0.0001391 secs] 1663K->1151K(1984K), 0.0001770 secs]
4.978: [GC 4.978: [DefNew: 512K->0K(576K), 0.0001763 secs] 1663K->1151K(1984K), 0.0002182 secs]
4.981: [GC 4.981: [DefNew: 512K->0K(576K), 0.0001468 secs] 1663K->1151K(1984K), 0.0002343 secs]
4.984: [GC 4.984: [DefNew: 512K->0K(576K), 0.0001446 secs] 1663K->1151K(1984K), 0.0001840 secs]
4.987: [GC 4.987: [DefNew: 512K->0K(576K), 0.0001498 secs] 1663K->1151K(1984K), 0.0001891 secs]
4.990: [GC 4.990: [DefNew: 512K->0K(576K), 0.0001663 secs] 1663K->1151K(1984K), 0.0002080 secs]
4.993: [GC 4.993: [DefNew: 512K->0K(576K), 0.0001446 secs] 1663K->1151K(1984K), 0.0001829 secs]
4.996: [GC 4.997: [DefNew: 512K->0K(576K), 0.0001443 secs] 1663K->1151K(1984K), 0.0001827 secs]
5.000: [GC 5.000: [DefNew: 512K->0K(576K), 0.0001638 secs] 1663K->1151K(1984K), 0.0002053 secs]
5.003: [GC 5.003: [DefNew: 512K->0K(576K), 0.0001874 secs] 1663K->1151K(1984K), 0.0002306 secs]
5.006: [GC 5.006: [DefNew: 512K->0K(576K), 0.0001434 secs] 1663K->1151K(1984K), 0.0001815 secs]
5.010: [GC 5.010: [DefNew: 512K->0K(576K), 0.0001697 secs] 1663K->1151K(1984K), 0.0002115 secs]
5.013: [GC 5.013: [DefNew: 512K->0K(576K), 0.0001399 secs] 1663K->1151K(1984K), 0.0001782 secs]
5.016: [GC 5.016: [DefNew: 512K->0K(576K), 0.0001548 secs] 1663K->1151K(1984K), 0.0001948 secs]
5.019: [GC 5.019: [DefNew: 512K->0K(576K), 0.0001400 secs] 1663K->1151K(1984K), 0.0001783 secs]
5.022: [GC 5.022: [DefNew: 512K->0K(576K), 0.0001435 secs] 1663K->1151K(1984K), 0.0001819 secs]
5.025: [GC 5.025: [DefNew: 512K->0K(576K), 0.0001472 secs] 1663K->1151K(1984K), 0.0001866 secs]
5.028: [GC 5.028: [DefNew: 512K->0K(576K), 0.0001390 secs] 1663K->1151K(1984K), 0.0001767 secs]
5.031: [GC 5.031: [DefNew: 512K->0K(576K), 0.0001455 secs] 1663K->1151K(1984K), 0.0001848 secs]
5.034: [GC 5.034: [DefNew: 512K->0K(576K), 0.0001438 secs] 1663K->1151K(1984K), 0.0001817 secs]
5.037: [GC 5.037: [DefNew: 512K->0K(576K), 0.0001398 secs] 1663K->1151K(1984K), 0.0001778 secs]
5.040: [GC 5.040: [DefNew: 512K->0K(576K), 0.0001383 secs] 1663K->1151K(1984K), 0.0001762 secs]
5.043: [GC 5.043: [DefNew: 512K->0K(576K), 0.0001414 secs] 1663K->1151K(1984K), 0.0001802 secs]
5.046: [GC 5.046: [DefNew: 512K->0K(576K), 0.0001469 secs] 1663K->1151K(1984K), 0.0001985 secs]
5.050: [GC 5.050: [DefNew: 512K->0K(576K), 0.0001599 secs] 1663K->1151K(1984K), 0.0002008 secs]
5.053: [GC 5.053: [DefNew: 512K->0K(576K), 0.0001673 secs] 1663K->1151K(1984K), 0.0002088 secs]
5.056: [GC 5.056: [DefNew: 512K->0K(576K), 0.0001423 secs] 1663K->1151K(1984K), 0.0001807 secs]
5.059: [GC 5.059: [DefNew: 512K->0K(576K), 0.0001402 secs] 1663K->1151K(1984K), 0.0001784 secs]
5.062: [GC 5.062: [DefNew: 512K->0K(576K), 0.0001979 secs] 1663K->1151K(1984K), 0.0002396 secs]
5.066: [GC 5.066: [DefNew: 512K->0K(576K), 0.0001814 secs] 1663K->1151K(1984K), 0.0002246 secs]
5.069: [GC 5.069: [DefNew: 512K->0K(576K), 0.0001395 secs] 1663K->1151K(1984K), 0.0001775 secs]
5.072: [GC 5.072: [DefNew: 512K->0K(576K), 0.0001653 secs] 1663K->1151K(1984K), 0.0002069 secs]
5.075: [GC 5.075: [DefNew: 512K->0K(576K), 0.0001589 secs] 1663K->1151K(1984K), 0.0002001 secs]
5.078: [GC 5.078: [DefNew: 512K->0K(576K), 0.0001443 secs] 1663K->1151K(1984K), 0.0001829 secs]
5.081: [GC 5.081: [DefNew: 512K->0K(576K), 0.0001744 secs] 1663K->1151K(1984K), 0.0002132 secs]
5.084: [GC 5.084: [DefNew: 512K->0K(576K), 0.0001697 secs] 1663K->1151K(1984K), 0.0002116 secs]
5.087: [GC 5.087: [DefNew: 512K->0K(576K), 0.0001415 secs] 1663K->1151K(1984K), 0.0001797 secs]
5.090: [GC 5.090: [DefNew: 512K->0K(576K), 0.0001387 secs] 1663K->1151K(1984K), 0.0001762 secs]
5.093: [GC 5.093: [DefNew: 512K->0K(576K), 0.0001662 secs] 1663K->1151K(1984K), 0.0002072 secs]
5.097: [GC 5.097: [DefNew: 512K->0K(576K), 0.0001490 secs] 1663K->1151K(1984K), 0.0001886 secs]
5.100: [GC 5.100: [DefNew: 512K->0K(576K), 0.0001418 secs] 1663K->1151K(1984K), 0.0001802 secs]
5.103: [GC 5.103: [DefNew: 512K->0K(576K), 0.0001438 secs] 1663K->1151K(1984K), 0.0001824 secs]
5.106: [GC 5.106: [DefNew: 512K->0K(576K), 0.0001638 secs] 1663K->1151K(1984K), 0.0002046 secs]
5.109: [GC 5.109: [DefNew: 512K->0K(576K), 0.0001427 secs] 1663K->1151K(1984K), 0.0001811 secs]
5.112: [GC 5.112: [DefNew: 512K->0K(576K), 0.0001825 secs] 1663K->1151K(1984K), 0.0002255 secs]
5.115: [GC 5.115: [DefNew: 512K->0K(576K), 0.0001701 secs] 1663K->1151K(1984K), 0.0002118 secs]
5.118: [GC 5.118: [DefNew: 512K->0K(576K), 0.0001420 secs] 1663K->1151K(1984K), 0.0001804 secs]
5.122: [GC 5.122: [DefNew: 512K->0K(576K), 0.0001437 secs] 1663K->1151K(1984K), 0.0001826 secs]
5.125: [GC 5.125: [DefNew: 512K->0K(576K), 0.0001600 secs] 1663K->1151K(1984K), 0.0002005 secs]
5.128: [GC 5.128: [DefNew: 512K->0K(576K), 0.0001712 secs] 1663K->1151K(1984K), 0.0002139 secs]
5.131: [GC 5.131: [DefNew: 512K->0K(576K), 0.0001447 secs] 1663K->1151K(1984K), 0.0001836 secs]
5.134: [GC 5.134: [DefNew: 512K->0K(576K), 0.0001651 secs] 1663K->1151K(1984K), 0.0002048 secs]
5.138: [GC 5.138: [DefNew: 512K->0K(576K), 0.0001629 secs] 1663K->1151K(1984K), 0.0002033 secs]
5.141: [GC 5.141: [DefNew: 512K->0K(576K), 0.0001506 secs] 1663K->1151K(1984K), 0.0001888 secs]
5.144: [GC 5.144: [DefNew: 512K->0K(576K), 0.0001432 secs] 1663K->1151K(1984K), 0.0001823 secs]
5.147: [GC 5.147: [DefNew: 512K->0K(576K), 0.0001707 secs] 1663K->1151K(1984K), 0.0002134 secs]
5.150: [GC 5.150: [DefNew: 512K->0K(576K), 0.0001437 secs] 1663K->1151K(1984K), 0.0001926 secs]
5.153: [GC 5.153: [DefNew: 512K->0K(576K), 0.0001403 secs] 1663K->1151K(1984K), 0.0001779 secs]
5.156: [GC 5.156: [DefNew: 512K->0K(576K), 0.0001402 secs] 1663K->1151K(1984K), 0.0001783 secs]
5.159: [GC 5.159: [DefNew: 512K->0K(576K), 0.0001493 secs] 1663K->1151K(1984K), 0.0001885 secs]
5.162: [GC 5.162: [DefNew: 512K->0K(576K), 0.0001671 secs] 1663K->1151K(1984K), 0.0002068 secs]
5.165: [GC 5.166: [DefNew: 512K->0K(576K), 0.0001664 secs] 1663K->1151K(1984K), 0.0002076 secs]
5.169: [GC 5.169: [DefNew: 512K->0K(576K), 0.0001634 secs] 1663K->1151K(1984K), 0.0002039 secs]
5.172: [GC 5.172: [DefNew: 512K->0K(576K), 0.0001456 secs] 1663K->1151K(1984K), 0.0001846 secs]
5.175: [GC 5.175: [DefNew: 512K->0K(576K), 0.0001554 secs] 1663K->1151K(1984K), 0.0001958 secs]
5.178: [GC 5.178: [DefNew: 512K->0K(576K), 0.0001711 secs] 1663K->1151K(1984K), 0.0002144 secs]
5.181: [GC 5.181: [DefNew: 512K->0K(576K), 0.0001501 secs] 1663K->1151K(1984K), 0.0001893 secs]
5.184: [GC 5.184: [DefNew: 512K->0K(576K), 0.0001421 secs] 1663K->1151K(1984K), 0.0001806 secs]
5.188: [GC 5.188: [DefNew: 512K->0K(576K), 0.0002022 secs] 1663K->1151K(1984K), 0.0002474 secs]
5.191: [GC 5.191: [DefNew: 512K->0K(576K), 0.0001853 secs] 1663K->1151K(1984K), 0.0002293 secs]
5.194: [GC 5.194: [DefNew: 512K->0K(576K), 0.0001411 secs] 1663K->1151K(1984K), 0.0001794 secs]
5.197: [GC 5.197: [DefNew: 512K->0K(576K), 0.0001443 secs] 1663K->1151K(1984K), 0.0001854 secs]
5.200: [GC 5.200: [DefNew: 512K->0K(576K), 0.0001616 secs] 1663K->1151K(1984K), 0.0002028 secs]
5.203: [GC 5.203: [DefNew: 512K->0K(576K), 0.0001463 secs] 1663K->1151K(1984K), 0.0001850 secs]
5.206: [GC 5.206: [DefNew: 512K->0K(576K), 0.0001495 secs] 1663K->1151K(1984K), 0.0001892 secs]
5.210: [GC 5.210: [DefNew: 512K->0K(576K), 0.0001684 secs] 1663K->1151K(1984K), 0.0002101 secs]
5.213: [GC 5.213: [DefNew: 512K->0K(576K), 0.0001387 secs] 1663K->1151K(1984K), 0.0001768 secs]
5.216: [GC 5.216: [DefNew: 512K->0K(576K), 0.0001376 secs] 1663K->1151K(1984K), 0.0001758 secs]
5.219: [GC 5.219: [DefNew: 512K->0K(576K), 0.0001538 secs] 1663K->1151K(1984K), 0.0001942 secs]
5.222: [GC 5.222: [DefNew: 512K->0K(576K), 0.0001489 secs] 1663K->1151K(1984K), 0.0001882 secs]
5.225: [GC 5.225: [DefNew: 512K->0K(576K), 0.0001705 secs] 1663K->1151K(1984K), 0.0002092 secs]
5.228: [GC 5.228: [DefNew: 512K->0K(576K), 0.0001458 secs] 1663K->1151K(1984K), 0.0001839 secs]
5.231: [GC 5.231: [DefNew: 512K->0K(576K), 0.0001653 secs] 1663K->1151K(1984K), 0.0002072 secs]
5.234: [GC 5.234: [DefNew: 512K->0K(576K), 0.0001413 secs] 1663K->1151K(1984K), 0.0001789 secs]
5.238: [GC 5.238: [DefNew: 512K->0K(576K), 0.0001621 secs] 1663K->1151K(1984K), 0.0002031 secs]
5.241: [GC 5.241: [DefNew: 512K->0K(576K), 0.0001422 secs] 1663K->1151K(1984K), 0.0001811 secs]
5.244: [GC 5.244: [DefNew: 512K->0K(576K), 0.0001420 secs] 1663K->1151K(1984K), 0.0001806 secs]
5.247: [GC 5.247: [DefNew: 512K->0K(576K), 0.0001402 secs] 1663K->1151K(1984K), 0.0001783 secs]
5.251: [GC 5.251: [DefNew: 512K->0K(576K), 0.0002000 secs] 1663K->1151K(1984K), 0.0002521 secs]
5.254: [GC 5.254: [DefNew: 512K->0K(576K), 0.0001637 secs] 1663K->1151K(1984K), 0.0002047 secs]
5.257: [GC 5.257: [DefNew: 512K->0K(576K), 0.0001397 secs] 1663K->1151K(1984K), 0.0001778 secs]
5.260: [GC 5.260: [DefNew: 512K->0K(576K), 0.0001400 secs] 1663K->1151K(1984K), 0.0001775 secs]
5.263: [GC 5.263: [DefNew: 512K->0K(576K), 0.0001657 secs] 1663K->1151K(1984K), 0.0002065 secs]
5.267: [GC 5.267: [DefNew: 512K->0K(576K), 0.0001663 secs] 1663K->1151K(1984K), 0.0002081 secs]
5.270: [GC 5.270: [DefNew: 512K->0K(576K), 0.0001443 secs] 1663K->1151K(1984K), 0.0001825 secs]
5.273: [GC 5.273: [DefNew: 512K->0K(576K), 0.0001402 secs] 1663K->1151K(1984K), 0.0001779 secs]
5.276: [GC 5.276: [DefNew: 512K->0K(576K), 0.0001394 secs] 1663K->1151K(1984K), 0.0001771 secs]
5.279: [GC 5.279: [DefNew: 512K->0K(576K), 0.0001389 secs] 1663K->1151K(1984K), 0.0001766 secs]
5.282: [GC 5.282: [DefNew: 512K->0K(576K), 0.0001760 secs] 1663K->1151K(1984K), 0.0002189 secs]
5.285: [GC 5.285: [DefNew: 512K->0K(576K), 0.0001446 secs] 1663K->1151K(1984K), 0.0001924 secs]
5.288: [GC 5.288: [DefNew: 512K->0K(576K), 0.0001383 secs] 1663K->1151K(1984K), 0.0001761 secs]
5.291: [GC 5.291: [DefNew: 512K->0K(576K), 0.0001388 secs] 1663K->1151K(1984K), 0.0001767 secs]
5.295: [GC 5.295: [DefNew: 512K->0K(576K), 0.0001438 secs] 1663K->1151K(1984K), 0.0001823 secs]
5.298: [GC 5.298: [DefNew: 512K->0K(576K), 0.0001507 secs] 1663K->1151K(1984K), 0.0001904 secs]
5.301: [GC 5.301: [DefNew: 512K->0K(576K), 0.0001401 secs] 1663K->1151K(1984K), 0.0001783 secs]
5.304: [GC 5.304: [DefNew: 512K->0K(576K), 0.0001415 secs] 1663K->1151K(1984K), 0.0001795 secs]
5.307: [GC 5.307: [DefNew: 512K->0K(576K), 0.0001402 secs] 1663K->1151K(1984K), 0.0001781 secs]
5.310: [GC 5.310: [DefNew: 512K->0K(576K), 0.0001426 secs] 1663K->1151K(1984K), 0.0001806 secs]
5.313: [GC 5.313: [DefNew: 512K->0K(576K), 0.0001709 secs] 1663K->1151K(1984K), 0.0002110 secs]
5.316: [GC 5.317: [DefNew: 512K->0K(576K), 0.0001894 secs] 1663K->1151K(1984K), 0.0002334 secs]
5.320: [GC 5.320: [DefNew: 512K->0K(576K), 0.0001427 secs] 1663K->1151K(1984K), 0.0001813 secs]
5.323: [GC 5.323: [DefNew: 512K->0K(576K), 0.0001534 secs] 1663K->1151K(1984K), 0.0001934 secs]
5.326: [GC 5.326: [DefNew: 512K->0K(576K), 0.0001427 secs] 1663K->1151K(1984K), 0.0001811 secs]
5.329: [GC 5.329: [DefNew: 512K->0K(576K), 0.0001378 secs] 1663K->1151K(1984K), 0.0001754 secs]
5.332: [GC 5.332: [DefNew: 512K->0K(576K), 0.0001420 secs] 1663K->1151K(1984K), 0.0001802 secs]
5.335: [GC 5.335: [DefNew: 512K->0K(576K), 0.0001806 secs] 1663K->1151K(1984K), 0.0002234 secs]
5.338: [GC 5.338: [DefNew: 512K->0K(576K), 0.0001414 secs] 1663K->1151K(1984K), 0.0001798 secs]
5.341: [GC 5.341: [DefNew: 512K->0K(576K), 0.0001520 secs] 1663K->1151K(1984K), 0.0001918 secs]
5.344: [GC 5.344: [DefNew: 512K->0K(576K), 0.0001397 secs] 1663K->1151K(1984K), 0.0001776 secs]
5.347: [GC 5.348: [DefNew: 512K->0K(576K), 0.0001573 secs] 1663K->1151K(1984K), 0.0001974 secs]
5.351: [GC 5.351: [DefNew: 512K->0K(576K), 0.0001474 secs] 1663K->1151K(1984K), 0.0001865 secs]
5.354: [GC 5.354: [DefNew: 512K->0K(576K), 0.0001482 secs] 1663K->1151K(1984K), 0.0001876 secs]
5.357: [GC 5.357: [DefNew: 512K->0K(576K), 0.0001621 secs] 1663K->1151K(1984K), 0.0002040 secs]
5.360: [GC 5.360: [DefNew: 512K->0K(576K), 0.0001581 secs] 1663K->1151K(1984K), 0.0001982 secs]
5.363: [GC 5.363: [DefNew: 512K->0K(576K), 0.0001714 secs] 1663K->1151K(1984K), 0.0002132 secs]
5.366: [GC 5.366: [DefNew: 512K->0K(576K), 0.0001781 secs] 1663K->1151K(1984K), 0.0002208 secs]
5.369: [GC 5.369: [DefNew: 512K->0K(576K), 0.0001468 secs] 1663K->1151K(1984K), 0.0001856 secs]
5.372: [GC 5.372: [DefNew: 512K->0K(576K), 0.0001388 secs] 1663K->1151K(1984K), 0.0001766 secs]
5.376: [GC 5.376: [DefNew: 512K->0K(576K), 0.0001597 secs] 1663K->1151K(1984K), 0.0001989 secs]
5.379: [GC 5.379: [DefNew: 512K->0K(576K), 0.0001916 secs] 1663K->1151K(1984K), 0.0002353 secs]
5.382: [GC 5.382: [DefNew: 512K->0K(576K), 0.0001521 secs] 1663K->1151K(1984K), 0.0001910 secs]
5.385: [GC 5.385: [DefNew: 512K->0K(576K), 0.0001452 secs] 1663K->1151K(1984K), 0.0001837 secs]
5.388: [GC 5.388: [DefNew: 512K->0K(576K), 0.0001681 secs] 1663K->1151K(1984K), 0.0002103 secs]
5.392: [GC 5.392: [DefNew: 512K->0K(576K), 0.0001452 secs] 1663K->1151K(1984K), 0.0001845 secs]
5.395: [GC 5.395: [DefNew: 512K->0K(576K), 0.0001401 secs] 1663K->1151K(1984K), 0.0001783 secs]
5.398: [GC 5.398: [DefNew: 512K->0K(576K), 0.0001806 secs] 1663K->1151K(1984K), 0.0002250 secs]
5.401: [GC 5.401: [DefNew: 512K->0K(576K), 0.0002000 secs] 1663K->1151K(1984K), 0.0002409 secs]
5.404: [GC 5.404: [DefNew: 512K->0K(576K), 0.0001452 secs] 1663K->1151K(1984K), 0.0001838 secs]
5.407: [GC 5.407: [DefNew: 512K->0K(576K), 0.0001774 secs] 1663K->1151K(1984K), 0.0002286 secs]
5.410: [GC 5.410: [DefNew: 512K->0K(576K), 0.0001675 secs] 1663K->1151K(1984K), 0.0002083 secs]
5.413: [GC 5.413: [DefNew: 512K->0K(576K), 0.0001410 secs] 1663K->1151K(1984K), 0.0001792 secs]
5.416: [GC 5.416: [DefNew: 512K->0K(576K), 0.0001391 secs] 1663K->1151K(1984K), 0.0001772 secs]
5.419: [GC 5.419: [DefNew: 512K->0K(576K), 0.0001447 secs] 1663K->1151K(1984K), 0.0001844 secs]
5.422: [GC 5.423: [DefNew: 512K->0K(576K), 0.0001580 secs] 1663K->1151K(1984K), 0.0001991 secs]
5.426: [GC 5.426: [DefNew: 512K->0K(576K), 0.0001422 secs] 1663K->1151K(1984K), 0.0001801 secs]
5.429: [GC 5.429: [DefNew: 512K->0K(576K), 0.0001609 secs] 1663K->1151K(1984K), 0.0002024 secs]
5.432: [GC 5.432: [DefNew: 512K->0K(576K), 0.0001449 secs] 1663K->1151K(1984K), 0.0001835 secs]
5.435: [GC 5.435: [DefNew: 512K->0K(576K), 0.0001384 secs] 1663K->1151K(1984K), 0.0001762 secs]
5.438: [GC 5.438: [DefNew: 512K->0K(576K), 0.0001404 secs] 1663K->1151K(1984K), 0.0001783 secs]
5.441: [GC 5.441: [DefNew: 512K->0K(576K), 0.0001849 secs] 1663K->1151K(1984K), 0.0002271 secs]
5.444: [GC 5.444: [DefNew: 512K->0K(576K), 0.0001405 secs] 1663K->1151K(1984K), 0.0001788 secs]
5.447: [GC 5.447: [DefNew: 512K->0K(576K), 0.0001419 secs] 1663K->1151K(1984K), 0.0001811 secs]
5.450: [GC 5.450: [DefNew: 512K->0K(576K), 0.0001387 secs] 1663K->1151K(1984K), 0.0001770 secs]
5.453: [GC 5.453: [DefNew: 512K->0K(576K), 0.0001434 secs] 1663K->1151K(1984K), 0.0001820 secs]
5.456: [GC 5.456: [DefNew: 512K->0K(576K), 0.0001438 secs] 1663K->1151K(1984K), 0.0001817 secs]
5.460: [GC 5.460: [DefNew: 512K->0K(576K), 0.0001764 secs] 1663K->1151K(1984K), 0.0002199 secs]
5.463: [GC 5.463: [DefNew: 512K->0K(576K), 0.0001647 secs] 1663K->1151K(1984K), 0.0002061 secs]
5.466: [GC 5.466: [DefNew: 512K->0K(576K), 0.0001629 secs] 1663K->1151K(1984K), 0.0002032 secs]
5.469: [GC 5.469: [DefNew: 512K->0K(576K), 0.0001508 secs] 1663K->1151K(1984K), 0.0001899 secs]
5.472: [GC 5.472: [DefNew: 512K->0K(576K), 0.0001439 secs] 1663K->1151K(1984K), 0.0001826 secs]
5.475: [GC 5.475: [DefNew: 512K->0K(576K), 0.0001395 secs] 1663K->1151K(1984K), 0.0001845 secs]
5.478: [GC 5.478: [DefNew: 512K->0K(576K), 0.0001477 secs] 1663K->1151K(1984K), 0.0001864 secs]
5.481: [GC 5.481: [DefNew: 512K->0K(576K), 0.0001411 secs] 1663K->1151K(1984K), 0.0001794 secs]
5.485: [GC 5.485: [DefNew: 512K->0K(576K), 0.0001886 secs] 1663K->1151K(1984K), 0.0002360 secs]
5.489: [GC 5.489: [DefNew: 512K->0K(576K), 0.0001491 secs] 1663K->1151K(1984K), 0.0001878 secs]
5.492: [GC 5.492: [DefNew: 512K->0K(576K), 0.0001445 secs] 1663K->1151K(1984K), 0.0001830 secs]
5.495: [GC 5.495: [DefNew: 512K->0K(576K), 0.0001399 secs] 1663K->1151K(1984K), 0.0001773 secs]
5.498: [GC 5.498: [DefNew: 512K->0K(576K), 0.0001404 secs] 1663K->1151K(1984K), 0.0001781 secs]
5.501: [GC 5.501: [DefNew: 512K->0K(576K), 0.0001775 secs] 1663K->1151K(1984K), 0.0002206 secs]
5.504: [GC 5.504: [DefNew: 512K->0K(576K), 0.0001604 secs] 1663K->1151K(1984K), 0.0002005 secs]
5.507: [GC 5.507: [DefNew: 512K->0K(576K), 0.0001406 secs] 1663K->1151K(1984K), 0.0001786 secs]
5.510: [GC 5.510: [DefNew: 512K->0K(576K), 0.0001405 secs] 1663K->1151K(1984K), 0.0001785 secs]
5.513: [GC 5.513: [DefNew: 512K->0K(576K), 0.0001439 secs] 1663K->1151K(1984K), 0.0001823 secs]
5.516: [GC 5.516: [DefNew: 512K->0K(576K), 0.0001551 secs] 1663K->1151K(1984K), 0.0001949 secs]
5.520: [GC 5.520: [DefNew: 512K->0K(576K), 0.0001416 secs] 1663K->1151K(1984K), 0.0001795 secs]
5.523: [GC 5.523: [DefNew: 512K->0K(576K), 0.0001451 secs] 1663K->1151K(1984K), 0.0001840 secs]
5.526: [GC 5.526: [DefNew: 512K->0K(576K), 0.0001403 secs] 1663K->1151K(1984K), 0.0001785 secs]
5.529: [GC 5.529: [DefNew: 512K->0K(576K), 0.0001380 secs] 1663K->1151K(1984K), 0.0001758 secs]
5.532: [GC 5.532: [DefNew: 512K->0K(576K), 0.0001422 secs] 1663K->1151K(1984K), 0.0001807 secs]
5.535: [GC 5.535: [DefNew: 512K->0K(576K), 0.0001676 secs] 1663K->1151K(1984K), 0.0002099 secs]
5.538: [GC 5.538: [DefNew: 512K->0K(576K), 0.0001419 secs] 1663K->1151K(1984K), 0.0001803 secs]
5.541: [GC 5.541: [DefNew: 512K->0K(576K), 0.0001526 secs] 1663K->1151K(1984K), 0.0001926 secs]
5.544: [GC 5.544: [DefNew: 512K->0K(576K), 0.0001632 secs] 1663K->1151K(1984K), 0.0002045 secs]
5.547: [GC 5.547: [DefNew: 512K->0K(576K), 0.0001523 secs] 1663K->1151K(1984K), 0.0001924 secs]
5.551: [GC 5.551: [DefNew: 512K->0K(576K), 0.0001414 secs] 1663K->1151K(1984K), 0.0001884 secs]
5.554: [GC 5.554: [DefNew: 512K->0K(576K), 0.0002073 secs] 1663K->1151K(1984K), 0.0002492 secs]
5.557: [GC 5.557: [DefNew: 512K->0K(576K), 0.0001584 secs] 1663K->1151K(1984K), 0.0001987 secs]
5.560: [GC 5.560: [DefNew: 512K->0K(576K), 0.0001503 secs] 1663K->1151K(1984K), 0.0001891 secs]
5.563: [GC 5.563: [DefNew: 512K->0K(576K), 0.0001568 secs] 1663K->1151K(1984K), 0.0002121 secs]
5.567: [GC 5.567: [DefNew: 512K->0K(576K), 0.0002026 secs] 1663K->1151K(1984K), 0.0002488 secs]
5.570: [GC 5.570: [DefNew: 512K->0K(576K), 0.0001454 secs] 1663K->1151K(1984K), 0.0001846 secs]
5.573: [GC 5.573: [DefNew: 512K->0K(576K), 0.0001397 secs] 1663K->1151K(1984K), 0.0001783 secs]
5.576: [GC 5.576: [DefNew: 512K->0K(576K), 0.0001624 secs] 1663K->1151K(1984K), 0.0002041 secs]
5.579: [GC 5.579: [DefNew: 512K->0K(576K), 0.0001419 secs] 1663K->1151K(1984K), 0.0001801 secs]
5.582: [GC 5.583: [DefNew: 512K->0K(576K), 0.0001429 secs] 1663K->1151K(1984K), 0.0001812 secs]
5.586: [GC 5.586: [DefNew: 512K->0K(576K), 0.0001658 secs] 1663K->1151K(1984K), 0.0002073 secs]
5.589: [GC 5.589: [DefNew: 512K->0K(576K), 0.0001399 secs] 1663K->1151K(1984K), 0.0001781 secs]
5.592: [GC 5.592: [DefNew: 512K->0K(576K), 0.0001438 secs] 1663K->1151K(1984K), 0.0001823 secs]
5.595: [GC 5.595: [DefNew: 512K->0K(576K), 0.0001470 secs] 1663K->1151K(1984K), 0.0001863 secs]
5.598: [GC 5.598: [DefNew: 512K->0K(576K), 0.0001626 secs] 1663K->1151K(1984K), 0.0002039 secs]
5.601: [GC 5.601: [DefNew: 512K->0K(576K), 0.0001473 secs] 1663K->1151K(1984K), 0.0001865 secs]
5.604: [GC 5.604: [DefNew: 512K->0K(576K), 0.0001409 secs] 1663K->1151K(1984K), 0.0001790 secs]
5.607: [GC 5.607: [DefNew: 512K->0K(576K), 0.0001647 secs] 1663K->1151K(1984K), 0.0002055 secs]
5.610: [GC 5.610: [DefNew: 512K->0K(576K), 0.0001454 secs] 1663K->1151K(1984K), 0.0001841 secs]
5.614: [GC 5.614: [DefNew: 512K->0K(576K), 0.0001677 secs] 1663K->1151K(1984K), 0.0002096 secs]
5.617: [GC 5.617: [DefNew: 512K->0K(576K), 0.0001693 secs] 1663K->1151K(1984K), 0.0002164 secs]
5.620: [GC 5.620: [DefNew: 512K->0K(576K), 0.0001495 secs] 1663K->1151K(1984K), 0.0001879 secs]
5.623: [GC 5.623: [DefNew: 512K->0K(576K), 0.0001476 secs] 1663K->1151K(1984K), 0.0001871 secs]
5.626: [GC 5.626: [DefNew: 512K->0K(576K), 0.0001465 secs] 1663K->1151K(1984K), 0.0001863 secs]
5.629: [GC 5.629: [DefNew: 512K->0K(576K), 0.0002017 secs] 1663K->1151K(1984K), 0.0002469 secs]
5.632: [GC 5.632: [DefNew: 512K->0K(576K), 0.0001403 secs] 1663K->1151K(1984K), 0.0001783 secs]
5.635: [GC 5.635: [DefNew: 512K->0K(576K), 0.0001386 secs] 1663K->1151K(1984K), 0.0001765 secs]
5.639: [GC 5.639: [DefNew: 512K->0K(576K), 0.0001660 secs] 1663K->1151K(1984K), 0.0002076 secs]
5.642: [GC 5.642: [DefNew: 512K->0K(576K), 0.0001455 secs] 1663K->1151K(1984K), 0.0001841 secs]
5.645: [GC 5.645: [DefNew: 512K->0K(576K), 0.0001382 secs] 1663K->1151K(1984K), 0.0001762 secs]
5.648: [GC 5.648: [DefNew: 512K->0K(576K), 0.0001928 secs] 1663K->1151K(1984K), 0.0002324 secs]
5.651: [GC 5.651: [DefNew: 512K->0K(576K), 0.0001757 secs] 1663K->1151K(1984K), 0.0002178 secs]
5.654: [GC 5.654: [DefNew: 512K->0K(576K), 0.0001395 secs] 1663K->1151K(1984K), 0.0001778 secs]
5.657: [GC 5.657: [DefNew: 512K->0K(576K), 0.0001515 secs] 1663K->1151K(1984K), 0.0001905 secs]
5.660: [GC 5.660: [DefNew: 512K->0K(576K), 0.0001594 secs] 1663K->1151K(1984K), 0.0002000 secs]
5.664: [GC 5.664: [DefNew: 512K->0K(576K), 0.0001621 secs] 1663K->1151K(1984K), 0.0002028 secs]
5.667: [GC 5.667: [DefNew: 512K->0K(576K), 0.0001675 secs] 1663K->1151K(1984K), 0.0002096 secs]
5.670: [GC 5.670: [DefNew: 512K->0K(576K), 0.0001688 secs] 1663K->1151K(1984K), 0.0002108 secs]
5.674: [GC 5.674: [DefNew: 512K->0K(576K), 0.0002120 secs] 1663K->1151K(1984K), 0.0002601 secs]
5.678: [GC 5.678: [DefNew: 512K->0K(576K), 0.0001898 secs] 1663K->1151K(1984K), 0.0002351 secs]
5.681: [GC 5.681: [DefNew: 512K->0K(576K), 0.0001415 secs] 1663K->1151K(1984K), 0.0001798 secs]
5.684: [GC 5.684: [DefNew: 512K->0K(576K), 0.0001435 secs] 1663K->1151K(1984K), 0.0001822 secs]
5.687: [GC 5.687: [DefNew: 512K->0K(576K), 0.0001505 secs] 1663K->1151K(1984K), 0.0003259 secs]
5.690: [GC 5.690: [DefNew: 512K->0K(576K), 0.0001873 secs] 1663K->1151K(1984K), 0.0002321 secs]
5.694: [GC 5.694: [DefNew: 512K->0K(576K), 0.0001412 secs] 1663K->1151K(1984K), 0.0001791 secs]
5.697: [GC 5.697: [DefNew: 512K->0K(576K), 0.0001379 secs] 1663K->1151K(1984K), 0.0001761 secs]
5.700: [GC 5.700: [DefNew: 512K->0K(576K), 0.0001386 secs] 1663K->1151K(1984K), 0.0001766 secs]
5.703: [GC 5.703: [DefNew: 512K->0K(576K), 0.0001446 secs] 1663K->1151K(1984K), 0.0001847 secs]
5.706: [GC 5.706: [DefNew: 512K->0K(576K), 0.0001517 secs] 1663K->1151K(1984K), 0.0001916 secs]
5.709: [GC 5.709: [DefNew: 512K->0K(576K), 0.0001390 secs] 1663K->1151K(1984K), 0.0002133 secs]
5.712: [GC 5.712: [DefNew: 512K->0K(576K), 0.0001442 secs] 1663K->1151K(1984K), 0.0001836 secs]
"Elapsed time: 965.897426 msecs"
(used:1M/0M [1M,31M ])
Done
